/Users/bytedance/Desktop/抖音同步/.venv/lib/python3.9/site-packages/urllib3/__init__.py:35: NotOpenSSLWarning: urllib3 v2 only supports OpenSSL 1.1.1+, currently the 'ssl' module is compiled with 'LibreSSL 2.8.3'. See: https://github.com/urllib3/urllib3/issues/3020
  warnings.warn(
开始测试抖音API分页修复...
开始抓取用户视频，sec_user_id: MS4wLjABAAAAnAFnkWlOm9jteymsi42fanYLMzfbqdGIwCILEUqDNmFyjfK9N8fSJdS_D2UWk_we
目标获取视频数量: 50
使用简化逻辑，一次性请求 50 个视频...
[DEBUG] API请求参数 (尝试 1): {'sec_user_id': 'MS4wLjABAAAAnAFnkWlOm9jteymsi42fanYLMzfbqdGIwCILEUqDNmFyjfK9N8fSJdS_D2UWk_we', 'max_cursor': 0, 'count': 50}
[DEBUG] 请求URL: https://tiktok-api-miaomiaocompany-c35bd5a6.koyeb.app/api/douyin/web/fetch_user_post_videos
[DEBUG] 请求Headers: {'User-Agent': 'Mozilla/5.0 (Windows NT 10.0; Win64; x64) AppleWebKit/537.36 (KHTML, like Gecko) Chrome/119.0.0.0 Safari/537.36', 'Accept-Encoding': 'gzip, deflate', 'accept': 'application/json, text/plain, */*', 'Connection': 'keep-alive', 'accept-language': 'zh-CN,zh;q=0.9,en;q=0.8', 'cache-control': 'no-cache', 'pragma': 'no-cache', 'referer': 'https://www.douyin.com/', 'sec-ch-ua': '"Google Chrome";v="119", "Chromium";v="119", "Not?A_Brand";v="24"', 'sec-ch-ua-mobile': '?0', 'sec-ch-ua-platform': '"Windows"', 'sec-fetch-dest': 'empty', 'sec-fetch-mode': 'cors', 'sec-fetch-site': 'same-origin'}
[DEBUG] HTTP状态码: 200
[DEBUG] 响应Headers: {'Date': 'Mon, 20 Oct 2025 14:13:31 GMT', 'Content-Type': 'application/json', 'Transfer-Encoding': 'chunked', 'Connection': 'keep-alive', 'Server': 'cloudflare', 'x-envoy-upstream-service-time': '3901', 'x-koyeb-backend': 'was', 'x-koyeb-glb': 'sin', 'cf-cache-status': 'DYNAMIC', 'Content-Encoding': 'gzip', 'CF-RAY': '99191dafdc63d0a1-HKG', 'alt-svc': 'h3=":443"; ma=86400'}
[DEBUG] API响应状态码: 200
[DEBUG] API响应消息: N/A
[DEBUG] 完整响应: {'code': 200, 'router': '/api/douyin/web/fetch_user_post_videos', 'data': {'status_code': 0, 'min_cursor': 0, 'max_cursor': 1723712400000, 'has_more': 1, 'aweme_list': [{'aweme_id': '7560658985326562560', 'desc': '当孩子学会喜欢一个人，也在学习爱自己 原来孩子们早就懂了：爱情不是单方面付出，双向奔赴的爱才有意义。 \n#幼儿教育#父母课堂#育儿#亲子关系#家庭教育#孙瑞雪', 'create_time': 1760360400, 'author': {'uid': '1965574329213736', 'card_entries_not_display': None, 'nickname': '孙瑞雪聊教育', 'personal_tag_list': None, 'homepage_bottom_toast': None, 'avatar_thumb': {'uri': '100x100/aweme-avatar/tos-cn-avt-0015_afee5b125df955a19af4c41159ad1295', 'url_list': ['https://p3-pc.douyinpic.com/aweme/100x100/aweme-avatar/tos-cn-avt-0015_afee5b125df955a19af4c41159ad1295.jpeg?from=327834062'], 'width': 720, 'height': 720}, 'batch_unfollow_contain_tabs': None, 'not_seen_item_id_list': None, 'follow_status': 0, 'contrail_list': None, 'story_interactive': 0, 'data_label_list': None, 'custom_verify': '', 'follower_list_secondary_information_struct': None, 'display_info': None, 'interest_tags': None, 'account_cert_info': '{}', 'user_tags': None, 'share_info': {'share_url': '', 'share_weibo_desc': '', 'share_desc': '', 'share_title': '', 'share_qrcode_url': {'uri': '31b0500316c4e154852bc', 'url_list': ['https://p3-pc-sign.douyinpic.com/obj/31b0500316c4e154852bc?lk3s=138a59ce&x-expires=1760990400&x-signature=VnOegD8kfOkclbkCT%2BIUAVSkQl4%3D&from=327834062'], 'width': 720, 'height': 720}, 'share_title_myself': '', 'share_title_other': '', 'share_desc_info': ''}, 'can_set_geofencing': None, 'sec_uid': 'MS4wLjABAAAAnAFnkWlOm9jteymsi42fanYLMzfbqdGIwCILEUqDNmFyjfK9N8fSJdS_D2UWk_we', 'need_points': None, 'enterprise_verify_reason': '', 'is_ad_fake': False, 'story_ttl': 0, 'user_permissions': None, 'card_entries': None, 'creator_tag_list': None, 'offline_info_list': None, 'text_extra': None, 'card_sort_priority': None, 'prevent_download': False, 'special_people_labels': None, 'white_cover_url': None, 'endorsement_info_list': None, 'follower_status': 0, 'profile_mob_params': None, 'familiar_visitor_user': None, 'avatar_schema_list': None, 'cover_url': [{'uri': 'c8510002be9a3a61aad2', 'url_list': ['https://p3-pc-sign.douyinpic.com/obj/c8510002be9a3a61aad2?lk3s=138a59ce&x-expires=1762178400&x-signature=bEz6E0nbTH1458RtDsUU87G74Mk%3D&from=327834062'], 'width': 720, 'height': 720}], 'cf_list': None, 'im_role_ids': None, 'not_seen_item_id_list_v2': None, 'signature_extra': None, 'risk_notice_text': '', 'ban_user_functions': None, 'profile_component_disabled': None, 'verification_permission_ids': None, 'identity_labels': None, 'private_relation_list': None, 'link_item_list': None, 'batch_unfollow_relation_desc': None}, 'music': {'id': 7378210410560063525, 'id_str': '7378210410560063525', 'title': '温馨回忆旧时光  Peaceful Piano Relaxation Meditation Calm Soothing', 'author': 'Space Flower', 'album': '温馨回忆旧时光  Peaceful Piano Relaxation Meditation Calm Soothing', 'cover_hd': {'uri': 'tos-cn-v-2774c002/oAmwsAAkkDApkj7xBBfhgFziteCZhTAEE8NSNO', 'url_list': ['https://p3.douyinpic.com/aweme/1080x1080/tos-cn-v-2774c002/oAmwsAAkkDApkj7xBBfhgFziteCZhTAEE8NSNO.jpeg', 'https://p6.douyinpic.com/aweme/1080x1080/tos-cn-v-2774c002/oAmwsAAkkDApkj7xBBfhgFziteCZhTAEE8NSNO.jpeg'], 'width': 720, 'height': 720}, 'cover_large': {'uri': 'tos-cn-v-2774c002/oAmwsAAkkDApkj7xBBfhgFziteCZhTAEE8NSNO', 'url_list': ['https://p3.douyinpic.com/aweme/720x720/tos-cn-v-2774c002/oAmwsAAkkDApkj7xBBfhgFziteCZhTAEE8NSNO.jpeg', 'https://p6.douyinpic.com/aweme/720x720/tos-cn-v-2774c002/oAmwsAAkkDApkj7xBBfhgFziteCZhTAEE8NSNO.jpeg'], 'width': 720, 'height': 720}, 'cover_medium': {'uri': 'tos-cn-v-2774c002/oAmwsAAkkDApkj7xBBfhgFziteCZhTAEE8NSNO', 'url_list': ['https://p3.douyinpic.com/aweme/200x200/tos-cn-v-2774c002/oAmwsAAkkDApkj7xBBfhgFziteCZhTAEE8NSNO.jpeg', 'https://p6.douyinpic.com/aweme/200x200/tos-cn-v-2774c002/oAmwsAAkkDApkj7xBBfhgFziteCZhTAEE8NSNO.jpeg'], 'width': 720, 'height': 720}, 'cover_thumb': {'uri': 'tos-cn-v-2774c002/oAmwsAAkkDApkj7xBBfhgFziteCZhTAEE8NSNO', 'url_list': ['https://p3.douyinpic.com/aweme/100x100/tos-cn-v-2774c002/oAmwsAAkkDApkj7xBBfhgFziteCZhTAEE8NSNO.jpeg', 'https://p6.douyinpic.com/aweme/100x100/tos-cn-v-2774c002/oAmwsAAkkDApkj7xBBfhgFziteCZhTAEE8NSNO.jpeg'], 'width': 720, 'height': 720}, 'play_url': {'uri': 'https://sf5-hl-cdn-tos.douyinstatic.com/obj/tos-cn-ve-2774/ogEgQfBZBg1ziJRWIiiKRXIpMAmMw8QQ9is3VB', 'url_list': ['https://sf5-hl-cdn-tos.douyinstatic.com/obj/tos-cn-ve-2774/ogEgQfBZBg1ziJRWIiiKRXIpMAmMw8QQ9is3VB', 'https://sf6-cdn-tos.douyinstatic.com/obj/tos-cn-ve-2774/ogEgQfBZBg1ziJRWIiiKRXIpMAmMw8QQ9is3VB'], 'width': 720, 'height': 720, 'url_key': '7378210410560063525'}, 'schema_url': '', 'source_platform': 10036, 'start_time': 0, 'end_time': 0, 'duration': 269, 'extra': '{"image_beats_url":"https://sf5-hl-cdn-tos.douyinstatic.com/obj/tos-cn-v-2774c002/oUsIFigHNEAkZAumCUAQIFIZfotDfBADbD3ZbF","is_red":0,"aggregate_exempt_conf":[],"with_aed_model":0,"music_label_id":4424,"reviewed":1,"beats":{"audio_effect_onset":"https://sf5-hl-cdn-tos.douyinstatic.com/obj/tos-cn-v-2774c002/o4itUfIs5gxZDlAEAvgECsBNiAbFE2BjmfohAB","beats_tracker":"https://sf5-hl-cdn-tos.douyinstatic.com/obj/tos-cn-v-2774c002/oUsIFigHNEAkZAumCUAQIFIZfotDfBADbD3ZbF","energy_trace":"https://sf5-hl-cdn-tos.douyinstatic.com/obj/tos-cn-v-2774c002/oYImBsbAEsiFTBiCagPEbYoAZoesDAA7tfzE4C","merged_beats":"https://sf5-hl-cdn-tos.douyinstatic.com/obj/tos-cn-v-2774c002/osA2Ei0kpmIPriBwKQyZsoWAAmayBLwtAEiPi"},"hotsoon_review_time":-1,"loudness":"-18.576492","peak":"0.6440488","hit_high_follow_extend":false,"is_high_follow_user":false,"cover_colors":{"rgb":[135,88,53]},"music_tagging":{"Languages":["non_vocal"],"Moods":["Healing","Calm"],"Genres":["Easy Listening"],"Themes":null,"AEDs":["non_vocal"],"SingingVersions":null,"Instruments":null},"is_subsidy_exp":false,"dsp_switch":0,"has_edited":0,"review_unshelve_reason":0,"douyin_beats_info":{},"schedule_search_time":0,"is_aed_music":0,"hit_high_follow_original":false,"hit_high_follow_auto":false}', 'user_count': 0, 'position': None, 'collect_stat': 0, 'status': 1, 'offline_desc': '', 'owner_nickname': '', 'is_original': False, 'mid': '7378210410560063525', 'binded_challenge_id': 0, 'redirect': False, 'is_restricted': False, 'author_deleted': False, 'is_del_video': False, 'is_video_self_see': False, 'owner_handle': '', 'author_position': None, 'prevent_download': False, 'strong_beat_url': {'uri': 'https://sf5-hl-cdn-tos.douyinstatic.com/obj/tos-cn-v-2774c002/oYsXYEDEAdZIAIGIKBFnCQGDgCCeAAFbf6ytqv', 'url_list': ['https://sf5-hl-cdn-tos.douyinstatic.com/obj/tos-cn-v-2774c002/oYsXYEDEAdZIAIGIKBFnCQGDgCCeAAFbf6ytqv', 'https://sf3-cdn-tos.douyinstatic.com/obj/tos-cn-v-2774c002/oYsXYEDEAdZIAIGIKBFnCQGDgCCeAAFbf6ytqv'], 'width': 720, 'height': 720}, 'unshelve_countries': None, 'prevent_item_download_status': 0, 'external_song_info': [], 'preview_start_time': 0, 'preview_end_time': 0, 'is_commerce_music': True, 'is_original_sound': False, 'audition_duration': 269, 'shoot_duration': 269, 'reason_type': 0, 'artists': [], 'lyric_short_position': None, 'mute_share': False, 'tag_list': None, 'dmv_auto_show': False, 'is_pgc': True, 'is_matched_metadata': False, 'is_audio_url_with_cookie': False, 'music_chart_ranks': None, 'can_background_play': True, 'music_status': 1, 'video_duration': 6000, 'pgc_music_type': 1, 'cover_color_hsv': {'h': 26, 's': 35, 'v': 53}, 'search_impr': {'entity_id': '7378210410560063525'}, 'song': {'id': 7378208936320583717, 'id_str': '7378208936320583717', 'title': '温馨回忆旧时光  Peaceful Piano Relaxation Meditation Calm Soothing', 'artists': None, 'chorus': {'start_ms': 120384, 'duration_ms': 24000}, 'chorus_v3_infos': None}, 'artist_user_infos': None, 'dsp_status': 10, 'musician_user_infos': None, 'music_image_beats': {'music_image_beats_url': {'uri': 'tos-cn-v-2774c002/oUsIFigHNEAkZAumCUAQIFIZfotDfBADbD3ZbF', 'url_list': ['https://sf5-hl-cdn-tos.douyinstatic.com/obj/tos-cn-v-2774c002/oUsIFigHNEAkZAumCUAQIFIZfotDfBADbD3ZbF'], 'width': 720, 'height': 720}}, 'music_collect_count': 0, 'music_cover_atmosphere_color_value': '', 'show_origin_clip': False}, 'effect_inflow_effects': None, 'video': {'play_addr': {'uri': 'v0300fg10000d3mdlbnog65hsgd8hpf0', 'url_list': ['https://v5-dy-o-abtest.zjcdn.com/08b212df912e8f2db8e5101b73358e39/68f66e11/video/tos/cn/tos-cn-ve-15/oY8q0gDDoB2jyORFEORNEAQyAAUsf7ZgD9I5fu/?a=6383&ch=10010&cr=3&dr=0&lr=all&cd=0%7C0%7C0%7C3&cv=1&br=661&bt=661&cs=0&ds=3&ft=c2YTctGHQPRUZxfusdr~kwPqYldQIKDEE-TerrNqq_45a&mime_type=video_mp4&qs=0&rc=PDVpaDc5Mzk7aDs4NDs7aUBpM3M7ams5cmVnNjMzNGkzM0AvXzA1Ml4xNTMxYy8uLmBeYSNjZWFwMmRraWphLS1kLTBzcw%3D%3D&btag=80000e00028000&cquery=101r_100B_100H_100K_100o&dy_q=1760969609&feature_id=fea919893f650a8c49286568590446ef&l=20251020221329FF810B6B17C3D024C6A3', 'https://v5-dy-o-abtest.zjcdn.com/08b212df912e8f2db8e5101b73358e39/68f66e11/video/tos/cn/tos-cn-ve-15/oY8q0gDDoB2jyORFEORNEAQyAAUsf7ZgD9I5fu/?a=6383&ch=10010&cr=3&dr=0&lr=all&cd=0%7C0%7C0%7C3&cv=1&br=661&bt=661&cs=0&ds=3&ft=c2YTctGHQPRUZxfusdr~kwPqYldQIKDEE-TerrNqq_45a&mime_type=video_mp4&qs=0&rc=PDVpaDc5Mzk7aDs4NDs7aUBpM3M7ams5cmVnNjMzNGkzM0AvXzA1Ml4xNTMxYy8uLmBeYSNjZWFwMmRraWphLS1kLTBzcw%3D%3D&btag=80000e00028000&cquery=101r_100B_100H_100K_100o&dy_q=1760969609&feature_id=fea919893f650a8c49286568590446ef&l=20251020221329FF810B6B17C3D024C6A3', 'https://www.douyin.com/aweme/v1/play/?video_id=v0300fg10000d3mdlbnog65hsgd8hpf0&line=0&file_id=afc8181125f84e688640a6548e3fb229&sign=492fedba9d66a3598bcb431eb0973a1b&is_play_url=1&source=PackSourceEnum_PUBLISH'], 'width': 720, 'height': 1280, 'url_key': 'v0300fg10000d3mdlbnog65hsgd8hpf0_h264_720p_677213', 'data_size': 7487020, 'file_hash': '492fedba9d66a3598bcb431eb0973a1b', 'file_cs': 'c:0-97417-40f4|a:v0300fg10000d3mdlbnog65hsgd8hpf0'}, 'cover': {'uri': 'tos-cn-p-0015/o0tQYYxetHEejAO3emACaVIA1dOAneeiZHxiX9', 'url_list': ['https://p3-pc-sign.douyinpic.com/tos-cn-p-0015/o0tQYYxetHEejAO3emACaVIA1dOAneeiZHxiX9~tplv-dy-cropcenter:323:430.jpeg?lk3s=138a59ce&x-expires=2076328800&x-signature=66c2yWEC%2BZlt0W0oy74TzBo8kLc%3D&from=327834062&s=PackSourceEnum_PUBLISH&se=true&sh=323_430&sc=cover&biz_tag=pcweb_cover&l=20251020221329FF810B6B17C3D024C6A3', 'https://p3-pc-sign.douyinpic.com/obj/tos-cn-p-0015/o0tQYYxetHEejAO3emACaVIA1dOAneeiZHxiX9?lk3s=138a59ce&x-expires=2076328800&x-signature=oqpfGSjVn7yGT7LlIqw0jNXcW3k%3D&from=327834062&s=PackSourceEnum_PUBLISH&se=false&sc=cover&biz_tag=pcweb_cover&l=20251020221329FF810B6B17C3D024C6A3'], 'width': 720, 'height': 720}, 'height': 1920, 'width': 1080, 'dynamic_cover': {'uri': 'tos-cn-p-0015/o0DsQDDuIBR7UIEV2f92AHjAMq7eNgyDByARFo', 'url_list': ['https://p3-pc-sign.douyinpic.com/obj/tos-cn-p-0015/o0DsQDDuIBR7UIEV2f92AHjAMq7eNgyDByARFo?lk3s=138a59ce&x-expires=1762178400&x-signature=AnPG4znoXZPHnjkE2gQOwyU%2F6zM%3D&from=327834062_large&s=PackSourceEnum_PUBLISH&se=false&sc=dynamic_cover&biz_tag=pcweb_cover&l=20251020221329FF810B6B17C3D024C6A3', 'https://p9-pc-sign.douyinpic.com/obj/tos-cn-p-0015/o0DsQDDuIBR7UIEV2f92AHjAMq7eNgyDByARFo?lk3s=138a59ce&x-expires=1762178400&x-signature=StmsHM2ySgReQ5zSMOuceUD9H%2FA%3D&from=327834062_large&s=PackSourceEnum_PUBLISH&se=false&sc=dynamic_cover&biz_tag=pcweb_cover&l=20251020221329FF810B6B17C3D024C6A3'], 'width': 720, 'height': 720}, 'origin_cover': {'uri': 'tos-cn-p-0015/oMjUJsqENuIy7w2oAyAI92DFpf3TCEADADeBgR', 'url_list': ['https://p3-pc-sign.douyinpic.com/tos-cn-p-0015/oMjUJsqENuIy7w2oAyAI92DFpf3TCEADADeBgR~tplv-dy-360p.jpeg?lk3s=138a59ce&x-expires=1762178400&x-signature=jnLwoJNygNdaXPanvuBKWr2%2FtCA%3D&from=327834062&s=PackSourceEnum_PUBLISH&se=false&sc=origin_cover&biz_tag=pcweb_cover&l=20251020221329FF810B6B17C3D024C6A3', 'https://p9-pc-sign.douyinpic.com/tos-cn-p-0015/oMjUJsqENuIy7w2oAyAI92DFpf3TCEADADeBgR~tplv-dy-360p.jpeg?lk3s=138a59ce&x-expires=1762178400&x-signature=AXDy1WwUc7q2Bojiie7WiAWlkLU%3D&from=327834062&s=PackSourceEnum_PUBLISH&se=false&sc=origin_cover&biz_tag=pcweb_cover&l=20251020221329FF810B6B17C3D024C6A3'], 'width': 360, 'height': 640}, 'ratio': '720p', 'format': 'mp4', 'audio': {'original_sound_infos': None}, 'bit_rate': [{'gear_name': 'normal_720_0', 'quality_type': 10, 'bit_rate': 677213, 'play_addr': {'uri': 'v0300fg10000d3mdlbnog65hsgd8hpf0', 'url_list': ['https://v5-dy-o-abtest.zjcdn.com/08b212df912e8f2db8e5101b73358e39/68f66e11/video/tos/cn/tos-cn-ve-15/oY8q0gDDoB2jyORFEORNEAQyAAUsf7ZgD9I5fu/?a=6383&ch=10010&cr=3&dr=0&lr=all&cd=0%7C0%7C0%7C3&cv=1&br=661&bt=661&cs=0&ds=3&ft=c2YTctGHQPRUZxfusdr~kwPqYldQIKDEE-TerrNqq_45a&mime_type=video_mp4&qs=0&rc=PDVpaDc5Mzk7aDs4NDs7aUBpM3M7ams5cmVnNjMzNGkzM0AvXzA1Ml4xNTMxYy8uLmBeYSNjZWFwMmRraWphLS1kLTBzcw%3D%3D&btag=80000e00028000&cquery=101r_100B_100H_100K_100o&dy_q=1760969609&feature_id=fea919893f650a8c49286568590446ef&l=20251020221329FF810B6B17C3D024C6A3', 'https://v5-dy-o-abtest.zjcdn.com/08b212df912e8f2db8e5101b73358e39/68f66e11/video/tos/cn/tos-cn-ve-15/oY8q0gDDoB2jyORFEORNEAQyAAUsf7ZgD9I5fu/?a=6383&ch=10010&cr=3&dr=0&lr=all&cd=0%7C0%7C0%7C3&cv=1&br=661&bt=661&cs=0&ds=3&ft=c2YTctGHQPRUZxfusdr~kwPqYldQIKDEE-TerrNqq_45a&mime_type=video_mp4&qs=0&rc=PDVpaDc5Mzk7aDs4NDs7aUBpM3M7ams5cmVnNjMzNGkzM0AvXzA1Ml4xNTMxYy8uLmBeYSNjZWFwMmRraWphLS1kLTBzcw%3D%3D&btag=80000e00028000&cquery=101r_100B_100H_100K_100o&dy_q=1760969609&feature_id=fea919893f650a8c49286568590446ef&l=20251020221329FF810B6B17C3D024C6A3', 'https://www.douyin.com/aweme/v1/play/?video_id=v0300fg10000d3mdlbnog65hsgd8hpf0&line=0&file_id=afc8181125f84e688640a6548e3fb229&sign=492fedba9d66a3598bcb431eb0973a1b&is_play_url=1&source=PackSourceEnum_PUBLISH'], 'width': 720, 'height': 1280, 'url_key': 'v0300fg10000d3mdlbnog65hsgd8hpf0_h264_720p_677213', 'data_size': 7487020, 'file_hash': '492fedba9d66a3598bcb431eb0973a1b', 'file_cs': 'c:0-97417-40f4|a:v0300fg10000d3mdlbnog65hsgd8hpf0'}, 'is_h265': 0, 'is_bytevc1': 0, 'HDR_type': '', 'HDR_bit': '', 'FPS': 30, 'video_extra': '{"PktOffsetMap":"[{\\"time\\": 1, \\"offset\\": 221158}, {\\"time\\": 2, \\"offset\\": 287982}, {\\"time\\": 3, \\"offset\\": 361358}, {\\"time\\": 4, \\"offset\\": 430391}, {\\"time\\": 5, \\"offset\\": 557336}, {\\"time\\": 10, \\"offset\\": 1110309}]","format":"mp4","definition":"720p","quality":"normal","file_id":"afc8181125f84e688640a6548e3fb229","applog_map":{"feature_id":"fea919893f650a8c49286568590446ef"},"audio_channels":"2.0","audio_sample_rate":"44100","audio_metrics":null,"audio_score":null}', 'format': 'mp4'}, {'gear_name': 'low_720_0', 'quality_type': 211, 'bit_rate': 592074, 'play_addr': {'uri': 'v0300fg10000d3mdlbnog65hsgd8hpf0', 'url_list': ['https://v5-dy-o-abtest.zjcdn.com/6c1ab625fb900b374f29efc4d65f95ed/68f66e11/video/tos/cn/tos-cn-ve-15/oAHIoejQgkHBGn2ClZWGeB47VdALAfbAYviRRG/?a=6383&ch=10010&cr=3&dr=0&lr=all&cd=0%7C0%7C0%7C3&cv=1&br=578&bt=578&cs=0&ds=3&ft=c2YTctGHQPRUZxfusdr~kwPqYldQIKDEE-TerrNqq_45a&mime_type=video_mp4&qs=1&rc=aTw6NmVmOWg7OTMzPDRmNkBpM3M7ams5cmVnNjMzNGkzM0A2YGEtXzEwXzUxMC00YC01YSNjZWFwMmRraWphLS1kLTBzcw%3D%3D&btag=80000e00028000&cquery=100o_101r_100B_100H_100K&dy_q=1760969609&feature_id=0ea98fd3bdc3c6c14a3d0804cc272721&l=20251020221329FF810B6B17C3D024C6A3', 'https://v5-dy-o-abtest.zjcdn.com/6c1ab625fb900b374f29efc4d65f95ed/68f66e11/video/tos/cn/tos-cn-ve-15/oAHIoejQgkHBGn2ClZWGeB47VdALAfbAYviRRG/?a=6383&ch=10010&cr=3&dr=0&lr=all&cd=0%7C0%7C0%7C3&cv=1&br=578&bt=578&cs=0&ds=3&ft=c2YTctGHQPRUZxfusdr~kwPqYldQIKDEE-TerrNqq_45a&mime_type=video_mp4&qs=1&rc=aTw6NmVmOWg7OTMzPDRmNkBpM3M7ams5cmVnNjMzNGkzM0A2YGEtXzEwXzUxMC00YC01YSNjZWFwMmRraWphLS1kLTBzcw%3D%3D&btag=80000e00028000&cquery=100o_101r_100B_100H_100K&dy_q=1760969609&feature_id=0ea98fd3bdc3c6c14a3d0804cc272721&l=20251020221329FF810B6B17C3D024C6A3', 'https://www.douyin.com/aweme/v1/play/?video_id=v0300fg10000d3mdlbnog65hsgd8hpf0&line=0&file_id=830cc17900304688be364cbb03d7c99f&sign=83bede96ca063b2f9cfb7b374e42a45f&is_play_url=1&source=PackSourceEnum_PUBLISH'], 'width': 720, 'height': 1280, 'url_key': 'v0300fg10000d3mdlbnog65hsgd8hpf0_h264_720p_592074', 'data_size': 6545756, 'file_hash': '83bede96ca063b2f9cfb7b374e42a45f', 'file_cs': 'c:0-74096-2477|a:v0300fg10000d3mdlbnog65hsgd8hpf0'}, 'is_h265': 0, 'is_bytevc1': 0, 'HDR_type': '', 'HDR_bit': '', 'FPS': 30, 'video_extra': '{"PktOffsetMap":"[{\\"time\\": 1, \\"offset\\": 188790}, {\\"time\\": 2, \\"offset\\": 243289}, {\\"time\\": 3, \\"offset\\": 305372}, {\\"time\\": 4, \\"offset\\": 362769}, {\\"time\\": 5, \\"offset\\": 480575}, {\\"time\\": 10, \\"offset\\": 979164}]","format":"mp4","definition":"720p","quality":"low","file_id":"830cc17900304688be364cbb03d7c99f","applog_map":{"feature_id":"0ea98fd3bdc3c6c14a3d0804cc272721"},"audio_channels":"2.0","audio_sample_rate":"44100","audio_metrics":null,"audio_score":null}', 'format': 'mp4'}, {'gear_name': 'low_540_0', 'quality_type': 292, 'bit_rate': 546407, 'play_addr': {'uri': 'v0300fg10000d3mdlbnog65hsgd8hpf0', 'url_list': ['https://v5-dy-o-abtest.zjcdn.com/9d448e3b02013e78dd8c1021caa1ec99/68f66e11/video/tos/cn/tos-cn-ve-15/o8fgBCw4ILAkW2AAR74GGdojbleXVHRZoBGeCO/?a=6383&ch=10010&cr=3&dr=0&lr=all&cd=0%7C0%7C0%7C3&cv=1&br=533&bt=533&cs=0&ds=6&ft=c2YTctGHQPRUZxfusdr~kwPqYldQIKDEE-TerrNqq_45a&mime_type=video_mp4&qs=1&rc=NDw4OzdnaWUzNWk2NWZnZ0BpM3M7ams5cmVnNjMzNGkzM0AuNF40LWMzNmMxYi9eLjUuYSNjZWFwMmRraWphLS1kLTBzcw%3D%3D&btag=80000e00028000&cquery=100B_100H_100K_100o_101r&dy_q=1760969609&feature_id=0ea98fd3bdc3c6c14a3d0804cc272721&l=20251020221329FF810B6B17C3D024C6A3', 'https://v5-dy-o-abtest.zjcdn.com/9d448e3b02013e78dd8c1021caa1ec99/68f66e11/video/tos/cn/tos-cn-ve-15/o8fgBCw4ILAkW2AAR74GGdojbleXVHRZoBGeCO/?a=6383&ch=10010&cr=3&dr=0&lr=all&cd=0%7C0%7C0%7C3&cv=1&br=533&bt=533&cs=0&ds=6&ft=c2YTctGHQPRUZxfusdr~kwPqYldQIKDEE-TerrNqq_45a&mime_type=video_mp4&qs=1&rc=NDw4OzdnaWUzNWk2NWZnZ0BpM3M7ams5cmVnNjMzNGkzM0AuNF40LWMzNmMxYi9eLjUuYSNjZWFwMmRraWphLS1kLTBzcw%3D%3D&btag=80000e00028000&cquery=100H_100K_100o_101r_100B&dy_q=1760969609&feature_id=0ea98fd3bdc3c6c14a3d0804cc272721&l=20251020221329FF810B6B17C3D024C6A3', 'https://www.douyin.com/aweme/v1/play/?video_id=v0300fg10000d3mdlbnog65hsgd8hpf0&line=0&file_id=1d8d1ca223ef42f09b6ffd0478a57911&sign=18cd88dc0228caae8b3f9421153393bd&is_play_url=1&source=PackSourceEnum_PUBLISH'], 'width': 576, 'height': 1024, 'url_key': 'v0300fg10000d3mdlbnog65hsgd8hpf0_h264_540p_546407', 'data_size': 6040877, 'file_hash': '18cd88dc0228caae8b3f9421153393bd', 'file_cs': 'c:0-74096-afb6|a:v0300fg10000d3mdlbnog65hsgd8hpf0'}, 'is_h265': 0, 'is_bytevc1': 0, 'HDR_type': '', 'HDR_bit': '', 'FPS': 30, 'video_extra': '{"PktOffsetMap":"[{\\"time\\": 1, \\"offset\\": 177970}, {\\"time\\": 2, \\"offset\\": 229645}, {\\"time\\": 3, \\"offset\\": 288789}, {\\"time\\": 4, \\"offset\\": 342337}, {\\"time\\": 5, \\"offset\\": 450787}, {\\"time\\": 10, \\"offset\\": 909926}]","format":"mp4","definition":"540p","quality":"low","file_id":"1d8d1ca223ef42f09b6ffd0478a57911","applog_map":{"feature_id":"0ea98fd3bdc3c6c14a3d0804cc272721"},"audio_channels":"2.0","audio_sample_rate":"44100","audio_metrics":null,"audio_score":null}', 'format': 'mp4'}, {'gear_name': 'adapt_low_540_0', 'quality_type': 291, 'bit_rate': 386363, 'play_addr': {'uri': 'v0300fg10000d3mdlbnog65hsgd8hpf0', 'url_list': ['https://v5-dy-o-abtest.zjcdn.com/ef380f5a45939b6b6e812e2a71a0072b/68f66e11/video/tos/cn/tos-cn-ve-15/oECGBoeGGgH77jRBkeh4f2lbZCOABIVSLAQdRA/?a=6383&ch=10010&cr=3&dr=0&lr=all&cd=0%7C0%7C0%7C3&cv=1&br=377&bt=377&cs=0&ds=6&ft=c2YTctGHQPRUZxfusdr~kwPqYldQIKDEE-TerrNqq_45a&mime_type=video_mp4&qs=12&rc=NzVnZzo1ZzY5OTVkOjo8OUBpM3M7ams5cmVnNjMzNGkzM0BiXjI0MzNfNl8xLjY0MmI0YSNjZWFwMmRraWphLS1kLTBzcw%3D%3D&btag=80000e00028000&cquery=100H_100K_100o_101r_100B&dy_q=1760969609&feature_id=0ea98fd3bdc3c6c14a3d0804cc272721&l=20251020221329FF810B6B17C3D024C6A3', 'https://v5-dy-o-abtest.zjcdn.com/ef380f5a45939b6b6e812e2a71a0072b/68f66e11/video/tos/cn/tos-cn-ve-15/oECGBoeGGgH77jRBkeh4f2lbZCOABIVSLAQdRA/?a=6383&ch=10010&cr=3&dr=0&lr=all&cd=0%7C0%7C0%7C3&cv=1&br=377&bt=377&cs=0&ds=6&ft=c2YTctGHQPRUZxfusdr~kwPqYldQIKDEE-TerrNqq_45a&mime_type=video_mp4&qs=12&rc=NzVnZzo1ZzY5OTVkOjo8OUBpM3M7ams5cmVnNjMzNGkzM0BiXjI0MzNfNl8xLjY0MmI0YSNjZWFwMmRraWphLS1kLTBzcw%3D%3D&btag=80000e00028000&cquery=101r_100B_100H_100K_100o&dy_q=1760969609&feature_id=0ea98fd3bdc3c6c14a3d0804cc272721&l=20251020221329FF810B6B17C3D024C6A3', 'https://www.douyin.com/aweme/v1/play/?video_id=v0300fg10000d3mdlbnog65hsgd8hpf0&line=0&file_id=76e957779a1246b693bd62677d5da2e4&sign=9b2a69dae198f95c8821a6e8756bc29a&is_play_url=1&source=PackSourceEnum_PUBLISH'], 'width': 576, 'height': 1024, 'url_key': 'v0300fg10000d3mdlbnog65hsgd8hpf0_h264_540p_386363', 'data_size': 4271485, 'file_hash': '9b2a69dae198f95c8821a6e8756bc29a', 'file_cs': 'c:0-74127-cb97|a:v0300fg10000d3mdlbnog65hsgd8hpf0'}, 'is_h265': 0, 'is_bytevc1': 0, 'HDR_type': '', 'HDR_bit': '', 'FPS': 30, 'video_extra': '{"PktOffsetMap":"[{\\"time\\": 1, \\"offset\\": 148600}, {\\"time\\": 2, \\"offset\\": 184115}, {\\"time\\": 3, \\"offset\\": 225622}, {\\"time\\": 4, \\"offset\\": 262073}, {\\"time\\": 5, \\"offset\\": 338513}, {\\"time\\": 10, \\"offset\\": 665353}]","format":"mp4","definition":"540p","quality":"adapt_low","file_id":"76e957779a1246b693bd62677d5da2e4","applog_map":{"feature_id":"0ea98fd3bdc3c6c14a3d0804cc272721"},"audio_channels":"2.0","audio_sample_rate":"44100","audio_metrics":null,"audio_score":null}', 'format': 'mp4'}, {'gear_name': 'adapt_lowest_1080_1', 'quality_type': 2, 'bit_rate': 357708, 'play_addr': {'uri': 'v0300fg10000d3mdlbnog65hsgd8hpf0', 'url_list': ['https://v5-dy-o-abtest.zjcdn.com/1d743703d9c46d7606c62d3ac7a9612c/68f66e11/video/tos/cn/tos-cn-ve-15/ogECUH9AQAAf2IvagoigD8yRDBFqyO7DNcwufj/?a=6383&ch=10010&cr=3&dr=0&lr=all&cd=0%7C0%7C0%7C3&cv=1&br=349&bt=349&cs=2&ds=4&ft=c2YTctGHQPRUZxfusdr~kwPqYldQIKDEE-TerrNqq_45a&mime_type=video_mp4&qs=15&rc=aTM3aWZmOjk2ZTw2ZDY2M0BpM3M7ams5cmVnNjMzNGkzM0A2LTRiLS1gNjUxMTZiNC0yYSNjZWFwMmRraWphLS1kLTBzcw%3D%3D&btag=80000e00028000&cquery=100B_100H_100K_100o_101r&dy_q=1760969609&feature_id=b38008770b4e09863331b14b26bcdc23&l=20251020221329FF810B6B17C3D024C6A3', 'https://v5-dy-o-abtest.zjcdn.com/1d743703d9c46d7606c62d3ac7a9612c/68f66e11/video/tos/cn/tos-cn-ve-15/ogECUH9AQAAf2IvagoigD8yRDBFqyO7DNcwufj/?a=6383&ch=10010&cr=3&dr=0&lr=all&cd=0%7C0%7C0%7C3&cv=1&br=349&bt=349&cs=2&ds=4&ft=c2YTctGHQPRUZxfusdr~kwPqYldQIKDEE-TerrNqq_45a&mime_type=video_mp4&qs=15&rc=aTM3aWZmOjk2ZTw2ZDY2M0BpM3M7ams5cmVnNjMzNGkzM0A2LTRiLS1gNjUxMTZiNC0yYSNjZWFwMmRraWphLS1kLTBzcw%3D%3D&btag=80000e00028000&cquery=100o_101r_100B_100H_100K&dy_q=1760969609&feature_id=b38008770b4e09863331b14b26bcdc23&l=20251020221329FF810B6B17C3D024C6A3', 'https://www.douyin.com/aweme/v1/play/?video_id=v0300fg10000d3mdlbnog65hsgd8hpf0&line=0&file_id=500373ea93494b8396c70c0cef74009f&sign=ac326769953977b8e2ed5284314d2197&is_play_url=1&source=PackSourceEnum_PUBLISH'], 'width': 1080, 'height': 1920, 'url_key': 'v0300fg10000d3mdlbnog65hsgd8hpf0_bytevc1_1080p_357708', 'data_size': 3954686, 'file_hash': 'ac326769953977b8e2ed5284314d2197', 'file_cs': 'c:0-74405-c7a3|a:v0300fg10000d3mdlbnog65hsgd8hpf0'}, 'is_h265': 1, 'is_bytevc1': 1, 'HDR_type': '', 'HDR_bit': '', 'FPS': 30, 'video_extra': '{"PktOffsetMap":"[{\\"time\\": 1, \\"offset\\": 167341}, {\\"time\\": 2, \\"offset\\": 203698}, {\\"time\\": 3, \\"offset\\": 255272}, {\\"time\\": 4, \\"offset\\": 301943}, {\\"time\\": 5, \\"offset\\": 385451}, {\\"time\\": 10, \\"offset\\": 708384}]","format":"mp4","definition":"1080p","quality":"adapt_lowest","file_id":"500373ea93494b8396c70c0cef74009f","applog_map":{"feature_id":"b38008770b4e09863331b14b26bcdc23"},"mvmaf":"{\\"mvmaf_sr_v1080\\":98.833,\\"mvmaf_sr_v960\\":98.94,\\"mvmaf_sr_v864\\":99.186,\\"mvmaf_sr_v720\\":99.224,\\"mvmaf_ori_v1080\\":93.109,\\"mvmaf_ori_v960\\":93.736,\\"mvmaf_ori_v864\\":94.179,\\"mvmaf_ori_v720\\":94.937}","ufq":"{\\"enh\\":92.17,\\"playback\\":{\\"ori\\":89.279,\\"srv1\\":91.852},\\"src\\":92.17,\\"trans\\":89.279,\\"version\\":\\"v1.0\\"}","audio_channels":"2.0","audio_sample_rate":"44100","audio_metrics":null,"audio_score":null}', 'format': 'mp4'}, {'gear_name': 'adapt_lowest_720_1', 'quality_type': 15, 'bit_rate': 315606, 'play_addr': {'uri': 'v0300fg10000d3mdlbnog65hsgd8hpf0', 'url_list': ['https://v5-dy-o-abtest.zjcdn.com/71ae14094f49d27458b96b4d5df0f47a/68f66e11/video/tos/cn/tos-cn-ve-15/o0ysuyqEpD9UgIXQzBFoA3fDg8D0GAbbfN7ARj/?a=6383&ch=10010&cr=3&dr=0&lr=all&cd=0%7C0%7C0%7C3&cv=1&br=308&bt=308&cs=2&ds=3&ft=c2YTctGHQPRUZxfusdr~kwPqYldQIKDEE-TerrNqq_45a&mime_type=video_mp4&qs=15&rc=M2Q1OGk0OGZmaDQ5OTw1ZkBpM3M7ams5cmVnNjMzNGkzM0AvYGJiY2BhXzExMGIxYmNeYSNjZWFwMmRraWphLS1kLTBzcw%3D%3D&btag=80000e00028000&cquery=101r_100B_100H_100K_100o&dy_q=1760969609&feature_id=b38008770b4e09863331b14b26bcdc23&l=20251020221329FF810B6B17C3D024C6A3', 'https://v5-dy-o-abtest.zjcdn.com/71ae14094f49d27458b96b4d5df0f47a/68f66e11/video/tos/cn/tos-cn-ve-15/o0ysuyqEpD9UgIXQzBFoA3fDg8D0GAbbfN7ARj/?a=6383&ch=10010&cr=3&dr=0&lr=all&cd=0%7C0%7C0%7C3&cv=1&br=308&bt=308&cs=2&ds=3&ft=c2YTctGHQPRUZxfusdr~kwPqYldQIKDEE-TerrNqq_45a&mime_type=video_mp4&qs=15&rc=M2Q1OGk0OGZmaDQ5OTw1ZkBpM3M7ams5cmVnNjMzNGkzM0AvYGJiY2BhXzExMGIxYmNeYSNjZWFwMmRraWphLS1kLTBzcw%3D%3D&btag=80000e00028000&cquery=100o_101r_100B_100H_100K&dy_q=1760969609&feature_id=b38008770b4e09863331b14b26bcdc23&l=20251020221329FF810B6B17C3D024C6A3', 'https://www.douyin.com/aweme/v1/play/?video_id=v0300fg10000d3mdlbnog65hsgd8hpf0&line=0&file_id=acf2e946e6314e4cbcd5c1ffe5e2ca20&sign=69369beaeb8d54a4a6fb23874f304edd&is_play_url=1&source=PackSourceEnum_PUBLISH'], 'width': 720, 'height': 1280, 'url_key': 'v0300fg10000d3mdlbnog65hsgd8hpf0_bytevc1_720p_315606', 'data_size': 3489229, 'file_hash': '69369beaeb8d54a4a6fb23874f304edd', 'file_cs': 'c:0-74406-ed74|a:v0300fg10000d3mdlbnog65hsgd8hpf0'}, 'is_h265': 1, 'is_bytevc1': 1, 'HDR_type': '', 'HDR_bit': '', 'FPS': 30, 'video_extra': '{"PktOffsetMap":"[{\\"time\\": 1, \\"offset\\": 149853}, {\\"time\\": 2, \\"offset\\": 180906}, {\\"time\\": 3, \\"offset\\": 227806}, {\\"time\\": 4, \\"offset\\": 266516}, {\\"time\\": 5, \\"offset\\": 333430}, {\\"time\\": 10, \\"offset\\": 616103}]","format":"mp4","definition":"720p","quality":"adapt_lowest","file_id":"acf2e946e6314e4cbcd5c1ffe5e2ca20","applog_map":{"feature_id":"b38008770b4e09863331b14b26bcdc23"},"mvmaf":"{\\"mvmaf_sr_v1080\\":97.498,\\"mvmaf_sr_v960\\":98.75,\\"mvmaf_sr_v864\\":99.145,\\"mvmaf_sr_v720\\":99.512,\\"mvmaf_ori_v1080\\":87.091,\\"mvmaf_ori_v960\\":90.016,\\"mvmaf_ori_v864\\":91.508,\\"mvmaf_ori_v720\\":94.569}","ufq":"{\\"enh\\":92.17,\\"playback\\":{\\"ori\\":83.261,\\"srv1\\":91.585},\\"src\\":92.17,\\"trans\\":83.261,\\"version\\":\\"v1.0\\"}","audio_channels":"2.0","audio_sample_rate":"44100","audio_metrics":null,"audio_score":null}', 'format': 'mp4'}, {'gear_name': 'adapt_540_1', 'quality_type': 28, 'bit_rate': 293916, 'play_addr': {'uri': 'v0300fg10000d3mdlbnog65hsgd8hpf0', 'url_list': ['https://v5-dy-o-abtest.zjcdn.com/a2ed8d65efe2db3c68a55939483a3290/68f66e11/video/tos/cn/tos-cn-ve-15/owQ7R3imP9eNycMHCA8xWIAGAVALhYedBb2ReB/?a=6383&ch=10010&cr=3&dr=0&lr=all&cd=0%7C0%7C0%7C3&cv=1&br=287&bt=287&cs=2&ds=6&ft=c2YTctGHQPRUZxfusdr~kwPqYldQIKDEE-TerrNqq_45a&mime_type=video_mp4&qs=11&rc=Omk0PDtnOzU1ZjdmMzhoOkBpM3M7ams5cmVnNjMzNGkzM0BfMF40MGIwX2IxNS80LmEzYSNjZWFwMmRraWphLS1kLTBzcw%3D%3D&btag=80000e00028000&cquery=100H_100K_100o_101r_100B&dy_q=1760969609&feature_id=b38008770b4e09863331b14b26bcdc23&l=20251020221329FF810B6B17C3D024C6A3', 'https://v5-dy-o-abtest.zjcdn.com/a2ed8d65efe2db3c68a55939483a3290/68f66e11/video/tos/cn/tos-cn-ve-15/owQ7R3imP9eNycMHCA8xWIAGAVALhYedBb2ReB/?a=6383&ch=10010&cr=3&dr=0&lr=all&cd=0%7C0%7C0%7C3&cv=1&br=287&bt=287&cs=2&ds=6&ft=c2YTctGHQPRUZxfusdr~kwPqYldQIKDEE-TerrNqq_45a&mime_type=video_mp4&qs=11&rc=Omk0PDtnOzU1ZjdmMzhoOkBpM3M7ams5cmVnNjMzNGkzM0BfMF40MGIwX2IxNS80LmEzYSNjZWFwMmRraWphLS1kLTBzcw%3D%3D&btag=80000e00028000&cquery=101r_100B_100H_100K_100o&dy_q=1760969609&feature_id=b38008770b4e09863331b14b26bcdc23&l=20251020221329FF810B6B17C3D024C6A3', 'https://www.douyin.com/aweme/v1/play/?video_id=v0300fg10000d3mdlbnog65hsgd8hpf0&line=0&file_id=67de15702c844ce2b238ed3879a13fb7&sign=56febce25307a9c5c5dca30b4cc64201&is_play_url=1&source=PackSourceEnum_PUBLISH'], 'width': 576, 'height': 1024, 'url_key': 'v0300fg10000d3mdlbnog65hsgd8hpf0_bytevc1_540p_293916', 'data_size': 3249431, 'file_hash': '56febce25307a9c5c5dca30b4cc64201', 'file_cs': 'c:0-74406-68b9|a:v0300fg10000d3mdlbnog65hsgd8hpf0'}, 'is_h265': 1, 'is_bytevc1': 1, 'HDR_type': '', 'HDR_bit': '', 'FPS': 30, 'video_extra': '{"PktOffsetMap":"[{\\"time\\": 1, \\"offset\\": 141147}, {\\"time\\": 2, \\"offset\\": 169851}, {\\"time\\": 3, \\"offset\\": 213380}, {\\"time\\": 4, \\"offset\\": 248004}, {\\"time\\": 5, \\"offset\\": 306158}, {\\"time\\": 10, \\"offset\\": 562304}]","format":"mp4","definition":"540p","quality":"adapt","file_id":"67de15702c844ce2b238ed3879a13fb7","applog_map":{"feature_id":"b38008770b4e09863331b14b26bcdc23"},"mvmaf":"{\\"mvmaf_sr_v1080\\":94.962,\\"mvmaf_sr_v960\\":97.126,\\"mvmaf_sr_v864\\":97.814,\\"mvmaf_sr_v720\\":98.778,\\"mvmaf_ori_v1080\\":82.391,\\"mvmaf_ori_v960\\":85.913,\\"mvmaf_ori_v864\\":87.613,\\"mvmaf_ori_v720\\":90.813}","ufq":"{\\"enh\\":92.17,\\"playback\\":{\\"ori\\":79.213,\\"srv1\\":91.047},\\"src\\":92.17,\\"trans\\":79.213,\\"version\\":\\"v1.0\\"}","audio_channels":"2.0","audio_sample_rate":"44100","audio_metrics":null,"audio_score":null}', 'format': 'mp4'}, {'gear_name': 'low_720_0', 'quality_type': 211, 'bit_rate': 534461, 'play_addr': {'uri': 'v0300fg10000d3mdlbnog65hsgd8hpf0', 'url_list': ['https://v5-dy-o-abtest.zjcdn.com/4a50dbaecdd0930dbcc0fdf504a7ef0a/68f79561/video/tos/cn/tos-cn-vd-0026/ocRRX9BoO7ZeqFRZj8HDQgAADyAfAuyAUAADEN/media-video-avc1/?a=6383&ch=0&cr=8&dr=0&er=1&lr=default&cd=0%7C0%7C0%7C3&cv=1&br=521&bt=521&cs=0&ds=3&mime_type=video_mp4&qs=1&rc=aTtpZjRmOTk6ZzppNGg2aEBpM3M7ams5cmVnNjMzNGkzM0AuMDBjLzEyNTQxYzNeYzFiYSNjZWFwMmRraWphLS1kLTBzcw%3D%3D&btag=80000e00028000&cquery=100o_101r&dy_q=1760969609&l=20251020221329FF810B6B17C3D024C6A3', 'https://v5-dy-o-abtest.zjcdn.com/4a50dbaecdd0930dbcc0fdf504a7ef0a/68f79561/video/tos/cn/tos-cn-vd-0026/ocRRX9BoO7ZeqFRZj8HDQgAADyAfAuyAUAADEN/media-video-avc1/?a=6383&ch=0&cr=8&dr=0&er=1&lr=default&cd=0%7C0%7C0%7C3&cv=1&br=521&bt=521&cs=0&ds=3&mime_type=video_mp4&qs=1&rc=aTtpZjRmOTk6ZzppNGg2aEBpM3M7ams5cmVnNjMzNGkzM0AuMDBjLzEyNTQxYzNeYzFiYSNjZWFwMmRraWphLS1kLTBzcw%3D%3D&btag=80000e00028000&cquery=101r_100o&dy_q=1760969609&l=20251020221329FF810B6B17C3D024C6A3', 'https://www.douyin.com/aweme/v1/play/dash/?video_id=v0300fg10000d3mdlbnog65hsgd8hpf0&line=0&file_id=ee43fea16ff74d7786564c21fc3f381f&sign=3622d5763ffd8baf63b989dc0a461a8c&is_play_url=1&source=PackSourceEnum_PUBLISH'], 'width': 720, 'height': 1280, 'url_key': 'v0300fg10000d3mdlbnog65hsgd8hpf0_h264_720p_534461', 'data_size': 5908003, 'file_hash': '3622d5763ffd8baf63b989dc0a461a8c'}, 'is_h265': 0, 'is_bytevc1': 0, 'HDR_type': '', 'HDR_bit': '', 'FPS': 30, 'video_extra': '{"PktOffsetMap":"","format":"dash","sub_info":"{\\"audio_channels\\":\\"2.0\\",\\"audio_layout\\":\\"C\\",\\"audio_sample_rate\\":\\"44100\\",\\"base_range_info\\":{\\"first_moof_range\\":\\"1159-3258\\",\\"index_range\\":\\"995-1158\\",\\"init_range\\":\\"0-994\\"},\\"check_info\\":{\\"check_info\\":\\"a:v0300fg10000d3mdlbnog65hsgd8hpf0|b:0-1158-3a77ac6d12137625814f7100811e8f87|c:0-1158-21cc\\"},\\"first_segment_range\\":\\"1159-694341\\",\\"gear_des_key\\":\\"0:DASH|1:normal|2:h264|4:720p|5:low|10000:105\\",\\"quality_type\\":11}","definition":"720p","quality":"low","quality_desc":"","file_id":"ee43fea16ff74d7786564c21fc3f381f","real_bitrate":592074,"audio_file_id":"d4178a1b38c467648cafb1c9ef026498","applog_map":{"feature_id":"0ea98fd3bdc3c6c14a3d0804cc272721"},"audio_metrics":null,"audio_score":null}', 'format': 'dash'}, {'gear_name': 'low_540_0', 'quality_type': 292, 'bit_rate': 488788, 'play_addr': {'uri': 'v0300fg10000d3mdlbnog65hsgd8hpf0', 'url_list': ['https://v5-dy-o-abtest.zjcdn.com/123f0c1403b7587e7f0056e3c5a6e588/68f79561/video/tos/cn/tos-cn-vd-0026/ogyyADqR8AFNA7ufAgjZDDoOeH9R7AdREAUBAW/media-video-avc1/?a=6383&ch=0&cr=8&dr=0&er=1&lr=default&cd=0%7C0%7C0%7C3&cv=1&br=477&bt=477&cs=0&ds=6&mime_type=video_mp4&qs=1&rc=PDo3OzlnNWU4OzQ0NjdoM0BpM3M7ams5cmVnNjMzNGkzM0BhNmBgMy1gNV8xYy4zNjIwYSNjZWFwMmRraWphLS1kLTBzcw%3D%3D&btag=80000e00028000&cquery=101r_100o&dy_q=1760969609&l=20251020221329FF810B6B17C3D024C6A3', 'https://v5-dy-o-abtest.zjcdn.com/123f0c1403b7587e7f0056e3c5a6e588/68f79561/video/tos/cn/tos-cn-vd-0026/ogyyADqR8AFNA7ufAgjZDDoOeH9R7AdREAUBAW/media-video-avc1/?a=6383&ch=0&cr=8&dr=0&er=1&lr=default&cd=0%7C0%7C0%7C3&cv=1&br=477&bt=477&cs=0&ds=6&mime_type=video_mp4&qs=1&rc=PDo3OzlnNWU4OzQ0NjdoM0BpM3M7ams5cmVnNjMzNGkzM0BhNmBgMy1gNV8xYy4zNjIwYSNjZWFwMmRraWphLS1kLTBzcw%3D%3D&btag=80000e00028000&cquery=101r_100o&dy_q=1760969609&l=20251020221329FF810B6B17C3D024C6A3', 'https://www.douyin.com/aweme/v1/play/dash/?video_id=v0300fg10000d3mdlbnog65hsgd8hpf0&line=0&file_id=305e946311f148b58bc20d66c8c497d9&sign=a49332ac01a92b6444f8bed1073f05f6&is_play_url=1&source=PackSourceEnum_PUBLISH'], 'width': 576, 'height': 1024, 'url_key': 'v0300fg10000d3mdlbnog65hsgd8hpf0_h264_540p_488788', 'data_size': 5403124, 'file_hash': 'a49332ac01a92b6444f8bed1073f05f6'}, 'is_h265': 0, 'is_bytevc1': 0, 'HDR_type': '', 'HDR_bit': '', 'FPS': 30, 'video_extra': '{"PktOffsetMap":"","format":"dash","sub_info":"{\\"audio_channels\\":\\"2.0\\",\\"audio_layout\\":\\"C\\",\\"audio_sample_rate\\":\\"44100\\",\\"base_range_info\\":{\\"first_moof_range\\":\\"1159-3258\\",\\"index_range\\":\\"995-1158\\",\\"init_range\\":\\"0-994\\"},\\"check_info\\":{\\"check_info\\":\\"a:v0300fg10000d3mdlbnog65hsgd8hpf0|b:0-1158-06fc9f6d2145634a81fe4cc4e711a8ed|c:0-1158-62d8\\"},\\"first_segment_range\\":\\"1159-636062\\",\\"gear_des_key\\":\\"0:DASH|1:normal|2:h264|4:540p|5:low|10000:105\\"}","definition":"540p","quality":"low","quality_desc":"","file_id":"305e946311f148b58bc20d66c8c497d9","real_bitrate":546407,"audio_file_id":"d4178a1b38c467648cafb1c9ef026498","applog_map":{"feature_id":"0ea98fd3bdc3c6c14a3d0804cc272721"},"audio_metrics":null,"audio_score":null}', 'format': 'dash'}, {'gear_name': 'adapt_low_540_0', 'quality_type': 291, 'bit_rate': 328719, 'play_addr': {'uri': 'v0300fg10000d3mdlbnog65hsgd8hpf0', 'url_list': ['https://v5-dy-o-abtest.zjcdn.com/4e272a766a48bd8fa9cbe04fa3a2b414/68f79561/video/tos/cn/tos-cn-vd-0026/oguNORgnUEADyADoA8AuAeRZfqAHMBADyDj97F/media-video-avc1/?a=6383&ch=0&cr=8&dr=0&er=1&lr=default&cd=0%7C0%7C0%7C3&cv=1&br=321&bt=321&cs=0&ds=6&mime_type=video_mp4&qs=12&rc=OWhlaTQ6O2llNzk7ZTlkM0BpM3M7ams5cmVnNjMzNGkzM0BiMGIyXmBhNjIxLTQxNi4uYSNjZWFwMmRraWphLS1kLTBzcw%3D%3D&btag=80000e00028000&cquery=101r_100o&dy_q=1760969609&l=20251020221329FF810B6B17C3D024C6A3', 'https://v5-dy-o-abtest.zjcdn.com/4e272a766a48bd8fa9cbe04fa3a2b414/68f79561/video/tos/cn/tos-cn-vd-0026/oguNORgnUEADyADoA8AuAeRZfqAHMBADyDj97F/media-video-avc1/?a=6383&ch=0&cr=8&dr=0&er=1&lr=default&cd=0%7C0%7C0%7C3&cv=1&br=321&bt=321&cs=0&ds=6&mime_type=video_mp4&qs=12&rc=OWhlaTQ6O2llNzk7ZTlkM0BpM3M7ams5cmVnNjMzNGkzM0BiMGIyXmBhNjIxLTQxNi4uYSNjZWFwMmRraWphLS1kLTBzcw%3D%3D&btag=80000e00028000&cquery=101r_100o&dy_q=1760969609&l=20251020221329FF810B6B17C3D024C6A3', 'https://www.douyin.com/aweme/v1/play/dash/?video_id=v0300fg10000d3mdlbnog65hsgd8hpf0&line=0&file_id=101a964b7806445b9fd8c7a15feb3ee6&sign=7d3fd657a7bf8ece2bb83b7250a89e73&is_play_url=1&source=PackSourceEnum_PUBLISH'], 'width': 576, 'height': 1024, 'url_key': 'v0300fg10000d3mdlbnog65hsgd8hpf0_h264_540p_328719', 'data_size': 3633700, 'file_hash': '7d3fd657a7bf8ece2bb83b7250a89e73'}, 'is_h265': 0, 'is_bytevc1': 0, 'HDR_type': '', 'HDR_bit': '', 'FPS': 30, 'video_extra': '{"PktOffsetMap":"","format":"dash","sub_info":"{\\"audio_channels\\":\\"2.0\\",\\"audio_layout\\":\\"C\\",\\"audio_sample_rate\\":\\"44100\\",\\"base_range_info\\":{\\"first_moof_range\\":\\"1158-3257\\",\\"index_range\\":\\"994-1157\\",\\"init_range\\":\\"0-993\\"},\\"check_info\\":{\\"check_info\\":\\"a:v0300fg10000d3mdlbnog65hsgd8hpf0|b:0-1157-81c3c347b6f595156e4295fe0e3bc0a2|c:0-1157-2fac\\"},\\"first_segment_range\\":\\"1158-435799\\",\\"gear_des_key\\":\\"0:DASH|1:normal|2:h264|4:540p|5:adapt_low|10000:105\\",\\"quality_type\\":291}","definition":"540p","quality":"adapt_low","quality_desc":"","file_id":"101a964b7806445b9fd8c7a15feb3ee6","real_bitrate":386363,"audio_file_id":"d4178a1b38c467648cafb1c9ef026498","applog_map":{"feature_id":"0ea98fd3bdc3c6c14a3d0804cc272721"},"audio_metrics":null,"audio_score":null}', 'format': 'dash'}, {'gear_name': 'adapt_lowest_1080_1', 'quality_type': 2, 'bit_rate': 300079, 'play_addr': {'uri': 'v0300fg10000d3mdlbnog65hsgd8hpf0', 'url_list': ['https://v5-dy-o-abtest.zjcdn.com/e2b98f0620549df273073737f2638def/68f79561/video/tos/cn/tos-cn-vd-0026/ooytuyqEAD9UAgEIMBFoAHDDgeDgAAdbfN7ARj/media-video-hvc1/?a=6383&ch=0&cr=8&dr=0&er=1&lr=default&cd=0%7C0%7C0%7C3&cv=1&br=293&bt=293&cs=4&ds=4&mime_type=video_mp4&qs=15&rc=NDRkOjxmOWVkNjpkMztoNEBpM3M7ams5cmVnNjMzNGkzM0AuMzVgMDJgNS4xLV42LV80YSNjZWFwMmRraWphLS1kLTBzcw%3D%3D&btag=80000e00028000&cquery=101r_100o&dy_q=1760969609&l=20251020221329FF810B6B17C3D024C6A3', 'https://v5-dy-o-abtest.zjcdn.com/e2b98f0620549df273073737f2638def/68f79561/video/tos/cn/tos-cn-vd-0026/ooytuyqEAD9UAgEIMBFoAHDDgeDgAAdbfN7ARj/media-video-hvc1/?a=6383&ch=0&cr=8&dr=0&er=1&lr=default&cd=0%7C0%7C0%7C3&cv=1&br=293&bt=293&cs=4&ds=4&mime_type=video_mp4&qs=15&rc=NDRkOjxmOWVkNjpkMztoNEBpM3M7ams5cmVnNjMzNGkzM0AuMzVgMDJgNS4xLV42LV80YSNjZWFwMmRraWphLS1kLTBzcw%3D%3D&btag=80000e00028000&cquery=101r_100o&dy_q=1760969609&l=20251020221329FF810B6B17C3D024C6A3', 'https://www.douyin.com/aweme/v1/play/dash/?video_id=v0300fg10000d3mdlbnog65hsgd8hpf0&line=0&file_id=71be0890aa07431a8bc65c39c78a6111&sign=a3ef412988024cbf7550abaa7219a4b8&is_play_url=1&source=PackSourceEnum_PUBLISH'], 'width': 1080, 'height': 1920, 'url_key': 'v0300fg10000d3mdlbnog65hsgd8hpf0_bytevc1_1080p_300079', 'data_size': 3317106, 'file_hash': 'a3ef412988024cbf7550abaa7219a4b8'}, 'is_h265': 1, 'is_bytevc1': 1, 'HDR_type': '', 'HDR_bit': '', 'FPS': 30, 'video_extra': '{"PktOffsetMap":"","format":"dash","sub_info":"{\\"audio_channels\\":\\"2.0\\",\\"audio_layout\\":\\"C\\",\\"audio_sample_rate\\":\\"44100\\",\\"base_range_info\\":{\\"first_moof_range\\":\\"1316-3095\\",\\"index_range\\":\\"1128-1315\\",\\"init_range\\":\\"0-1127\\"},\\"check_info\\":{\\"check_info\\":\\"a:v0300fg10000d3mdlbnog65hsgd8hpf0|b:0-1315-03b21a42606a596d62e6056e4fd3b100|c:0-1315-950c\\"},\\"first_segment_range\\":\\"1316-382127\\",\\"gear_des_key\\":\\"0:DASH|1:normal|2:h265_hvc1|4:1080p|5:adapt_lowest|10000:105\\",\\"quality_type\\":2}","definition":"1080p","quality":"adapt_lowest","quality_desc":"","file_id":"71be0890aa07431a8bc65c39c78a6111","real_bitrate":354600,"audio_file_id":"d4178a1b38c467648cafb1c9ef026498","applog_map":{"feature_id":"b38008770b4e09863331b14b26bcdc23"},"mvmaf":"{\\"mvmaf_sr_v1080\\":98.833,\\"mvmaf_sr_v960\\":98.94,\\"mvmaf_sr_v864\\":99.186,\\"mvmaf_sr_v720\\":99.224,\\"mvmaf_ori_v1080\\":93.109,\\"mvmaf_ori_v960\\":93.736,\\"mvmaf_ori_v864\\":94.179,\\"mvmaf_ori_v720\\":94.937}","audio_metrics":null,"audio_score":null}', 'format': 'dash'}, {'gear_name': 'adapt_lowest_720_1', 'quality_type': 15, 'bit_rate': 257971, 'play_addr': {'uri': 'v0300fg10000d3mdlbnog65hsgd8hpf0', 'url_list': ['https://v5-dy-o-abtest.zjcdn.com/6aa41df51aa6f13769380bda7f264d11/68f79561/video/tos/cn/tos-cn-vd-0026/oYyj3oADfABpADDuAbpsqyggUF9bN7cARDEIAe/media-video-hvc1/?a=6383&ch=0&cr=8&dr=0&er=1&lr=default&cd=0%7C0%7C0%7C3&cv=1&br=251&bt=251&cs=4&ds=3&mime_type=video_mp4&qs=15&rc=OGU6NWRkZDdnOmVmNjY7PEBpM3M7ams5cmVnNjMzNGkzM0BeYzUxLTEyX2AxNDAzYWM0YSNjZWFwMmRraWphLS1kLTBzcw%3D%3D&btag=80000e00028000&cquery=101r_100o&dy_q=1760969609&l=20251020221329FF810B6B17C3D024C6A3', 'https://v5-dy-o-abtest.zjcdn.com/6aa41df51aa6f13769380bda7f264d11/68f79561/video/tos/cn/tos-cn-vd-0026/oYyj3oADfABpADDuAbpsqyggUF9bN7cARDEIAe/media-video-hvc1/?a=6383&ch=0&cr=8&dr=0&er=1&lr=default&cd=0%7C0%7C0%7C3&cv=1&br=251&bt=251&cs=4&ds=3&mime_type=video_mp4&qs=15&rc=OGU6NWRkZDdnOmVmNjY7PEBpM3M7ams5cmVnNjMzNGkzM0BeYzUxLTEyX2AxNDAzYWM0YSNjZWFwMmRraWphLS1kLTBzcw%3D%3D&btag=80000e00028000&cquery=101r_100o&dy_q=1760969609&l=20251020221329FF810B6B17C3D024C6A3', 'https://www.douyin.com/aweme/v1/play/dash/?video_id=v0300fg10000d3mdlbnog65hsgd8hpf0&line=0&file_id=79f8d3633c7b47cdb45a4a0a4287fba5&sign=dc06925c983285324e0bcdc7d95fc416&is_play_url=1&source=PackSourceEnum_PUBLISH'], 'width': 720, 'height': 1280, 'url_key': 'v0300fg10000d3mdlbnog65hsgd8hpf0_bytevc1_720p_257971', 'data_size': 2851649, 'file_hash': 'dc06925c983285324e0bcdc7d95fc416'}, 'is_h265': 1, 'is_bytevc1': 1, 'HDR_type': '', 'HDR_bit': '', 'FPS': 30, 'video_extra': '{"PktOffsetMap":"","format":"dash","sub_info":"{\\"audio_channels\\":\\"2.0\\",\\"audio_layout\\":\\"C\\",\\"audio_sample_rate\\":\\"44100\\",\\"base_range_info\\":{\\"first_moof_range\\":\\"1317-3096\\",\\"index_range\\":\\"1129-1316\\",\\"init_range\\":\\"0-1128\\"},\\"check_info\\":{\\"check_info\\":\\"a:v0300fg10000d3mdlbnog65hsgd8hpf0|b:0-1316-f777f2ac188ed1449677a0724198eff1|c:0-1316-5f6c\\"},\\"first_segment_range\\":\\"1317-311036\\",\\"gear_des_key\\":\\"0:DASH|1:normal|2:h265_hvc1|4:720p|5:adapt_lowest|10000:105\\",\\"quality_type\\":15}","definition":"720p","quality":"adapt_lowest","quality_desc":"","file_id":"79f8d3633c7b47cdb45a4a0a4287fba5","real_bitrate":312492,"audio_file_id":"d4178a1b38c467648cafb1c9ef026498","applog_map":{"feature_id":"b38008770b4e09863331b14b26bcdc23"},"mvmaf":"{\\"mvmaf_sr_v1080\\":97.498,\\"mvmaf_sr_v960\\":98.75,\\"mvmaf_sr_v864\\":99.145,\\"mvmaf_sr_v720\\":99.512,\\"mvmaf_ori_v1080\\":87.091,\\"mvmaf_ori_v960\\":90.016,\\"mvmaf_ori_v864\\":91.508,\\"mvmaf_ori_v720\\":94.569}","audio_metrics":null,"audio_score":null}', 'format': 'dash'}, {'gear_name': 'adapt_540_1', 'quality_type': 28, 'bit_rate': 236278, 'play_addr': {'uri': 'v0300fg10000d3mdlbnog65hsgd8hpf0', 'url_list': ['https://v5-dy-o-abtest.zjcdn.com/08fb11cf75e93b09b347a975b571daa0/68f79561/video/tos/cn/tos-cn-vd-0026/o8IAsoRAcBNAWg9DjUgADFEAq3Dty7AvyfeuoD/media-video-hvc1/?a=6383&ch=0&cr=8&dr=0&er=1&lr=default&cd=0%7C0%7C0%7C3&cv=1&br=230&bt=230&cs=4&ds=6&mime_type=video_mp4&qs=11&rc=NzQ1ZTYzZWQ5ODYzOTVpM0BpM3M7ams5cmVnNjMzNGkzM0BgXjAuY2MxX2AxMzRfNGFiYSNjZWFwMmRraWphLS1kLTBzcw%3D%3D&btag=80000e00028000&cquery=100o_101r&dy_q=1760969609&l=20251020221329FF810B6B17C3D024C6A3', 'https://v5-dy-o-abtest.zjcdn.com/08fb11cf75e93b09b347a975b571daa0/68f79561/video/tos/cn/tos-cn-vd-0026/o8IAsoRAcBNAWg9DjUgADFEAq3Dty7AvyfeuoD/media-video-hvc1/?a=6383&ch=0&cr=8&dr=0&er=1&lr=default&cd=0%7C0%7C0%7C3&cv=1&br=230&bt=230&cs=4&ds=6&mime_type=video_mp4&qs=11&rc=NzQ1ZTYzZWQ5ODYzOTVpM0BpM3M7ams5cmVnNjMzNGkzM0BgXjAuY2MxX2AxMzRfNGFiYSNjZWFwMmRraWphLS1kLTBzcw%3D%3D&btag=80000e00028000&cquery=101r_100o&dy_q=1760969609&l=20251020221329FF810B6B17C3D024C6A3', 'https://www.douyin.com/aweme/v1/play/dash/?video_id=v0300fg10000d3mdlbnog65hsgd8hpf0&line=0&file_id=e0df72b6706345c6ba4bf0f31b32a1c4&sign=4ea2a63e6ba4562dd0efb7c987336b7b&is_play_url=1&source=PackSourceEnum_PUBLISH'], 'width': 576, 'height': 1024, 'url_key': 'v0300fg10000d3mdlbnog65hsgd8hpf0_bytevc1_540p_236278', 'data_size': 2611851, 'file_hash': '4ea2a63e6ba4562dd0efb7c987336b7b'}, 'is_h265': 1, 'is_bytevc1': 1, 'HDR_type': '', 'HDR_bit': '', 'FPS': 30, 'video_extra': '{"PktOffsetMap":"","format":"dash","sub_info":"{\\"audio_channels\\":\\"2.0\\",\\"audio_layout\\":\\"C\\",\\"audio_sample_rate\\":\\"44100\\",\\"base_range_info\\":{\\"first_moof_range\\":\\"1317-3096\\",\\"index_range\\":\\"1129-1316\\",\\"init_range\\":\\"0-1128\\"},\\"check_info\\":{\\"check_info\\":\\"a:v0300fg10000d3mdlbnog65hsgd8hpf0|b:0-1316-333884797b4c67105be0e1e73d345a6c|c:0-1316-af6e\\"},\\"first_segment_range\\":\\"1317-273898\\",\\"gear_des_key\\":\\"0:DASH|1:normal|2:h265_hvc1|4:540p|5:adapt|10000:105\\",\\"quality_type\\":28}","definition":"540p","quality":"adapt","quality_desc":"","file_id":"e0df72b6706345c6ba4bf0f31b32a1c4","real_bitrate":293916,"audio_file_id":"d4178a1b38c467648cafb1c9ef026498","applog_map":{"feature_id":"b38008770b4e09863331b14b26bcdc23"},"mvmaf":"{\\"mvmaf_sr_v1080\\":94.962,\\"mvmaf_sr_v960\\":97.126,\\"mvmaf_sr_v864\\":97.814,\\"mvmaf_sr_v720\\":98.778,\\"mvmaf_ori_v1080\\":82.391,\\"mvmaf_ori_v960\\":85.913,\\"mvmaf_ori_v864\\":87.613,\\"mvmaf_ori_v720\\":90.813}","audio_metrics":null,"audio_score":null}', 'format': 'dash'}], 'duration': 88445, 'play_addr_265': {'uri': 'v0300fg10000d3mdlbnog65hsgd8hpf0', 'url_list': ['https://v5-dy-o-abtest.zjcdn.com/a2ed8d65efe2db3c68a55939483a3290/68f66e11/video/tos/cn/tos-cn-ve-15/owQ7R3imP9eNycMHCA8xWIAGAVALhYedBb2ReB/?a=6383&ch=10010&cr=3&dr=0&lr=all&cd=0%7C0%7C0%7C3&cv=1&br=287&bt=287&cs=2&ds=6&ft=c2YTctGHQPRUZxfusdr~kwPqYldQIKDEE-TerrNqq_45a&mime_type=video_mp4&qs=11&rc=Omk0PDtnOzU1ZjdmMzhoOkBpM3M7ams5cmVnNjMzNGkzM0BfMF40MGIwX2IxNS80LmEzYSNjZWFwMmRraWphLS1kLTBzcw%3D%3D&btag=80000e00028000&cquery=100H_100K_100o_101r_100B&dy_q=1760969609&feature_id=b38008770b4e09863331b14b26bcdc23&l=20251020221329FF810B6B17C3D024C6A3', 'https://v5-dy-o-abtest.zjcdn.com/a2ed8d65efe2db3c68a55939483a3290/68f66e11/video/tos/cn/tos-cn-ve-15/owQ7R3imP9eNycMHCA8xWIAGAVALhYedBb2ReB/?a=6383&ch=10010&cr=3&dr=0&lr=all&cd=0%7C0%7C0%7C3&cv=1&br=287&bt=287&cs=2&ds=6&ft=c2YTctGHQPRUZxfusdr~kwPqYldQIKDEE-TerrNqq_45a&mime_type=video_mp4&qs=11&rc=Omk0PDtnOzU1ZjdmMzhoOkBpM3M7ams5cmVnNjMzNGkzM0BfMF40MGIwX2IxNS80LmEzYSNjZWFwMmRraWphLS1kLTBzcw%3D%3D&btag=80000e00028000&cquery=101r_100B_100H_100K_100o&dy_q=1760969609&feature_id=b38008770b4e09863331b14b26bcdc23&l=20251020221329FF810B6B17C3D024C6A3', 'https://www.douyin.com/aweme/v1/play/?video_id=v0300fg10000d3mdlbnog65hsgd8hpf0&line=0&file_id=67de15702c844ce2b238ed3879a13fb7&sign=56febce25307a9c5c5dca30b4cc64201&is_play_url=1&source=PackSourceEnum_PUBLISH'], 'width': 576, 'height': 1024, 'url_key': 'v0300fg10000d3mdlbnog65hsgd8hpf0_bytevc1_540p_293916', 'data_size': 3249431, 'file_hash': '56febce25307a9c5c5dca30b4cc64201', 'file_cs': 'c:0-74406-68b9|a:v0300fg10000d3mdlbnog65hsgd8hpf0'}, 'bit_rate_audio': [{'audio_meta': {'url_list': {'main_url': 'https://v5-dy-o-abtest.zjcdn.com/ac32655b003a8234000c22924f14d873/68f79561/video/tos/cn/tos-cn-vd-0026/oguNORgnUEADyADoA8AuAeRZfqAHMBADyDj97F/media-audio-und-mp4a/?a=6383&ch=0&cr=8&dr=0&er=1&lr=default&cd=0%7C0%7C0%7C3&cv=1&br=53&bt=53&cs=0&mime_type=video_mp4&qs=12&rc=Ozc1aTw0aWY3Ojc7ZWQ6N0BpM3M7ams5cmVnNjMzNGkzM0A2My1iYF9eNTMzYDAuNS5hYSNjZWFwMmRraWphLS1kLTBzcw%3D%3D&btag=80000e00028000&cquery=100o_101r&dy_q=1760969609&l=20251020221329FF810B6B17C3D024C6A3', 'backup_url': 'https://v5-dy-o-abtest.zjcdn.com/ac32655b003a8234000c22924f14d873/68f79561/video/tos/cn/tos-cn-vd-0026/oguNORgnUEADyADoA8AuAeRZfqAHMBADyDj97F/media-audio-und-mp4a/?a=6383&ch=0&cr=8&dr=0&er=1&lr=default&cd=0%7C0%7C0%7C3&cv=1&br=53&bt=53&cs=0&mime_type=video_mp4&qs=12&rc=Ozc1aTw0aWY3Ojc7ZWQ6N0BpM3M7ams5cmVnNjMzNGkzM0A2My1iYF9eNTMzYDAuNS5hYSNjZWFwMmRraWphLS1kLTBzcw%3D%3D&btag=80000e00028000&cquery=101r_100o&dy_q=1760969609&l=20251020221329FF810B6B17C3D024C6A3', 'fallback_url': 'https://www.douyin.com/aweme/v1/play/dash/?video_id=v0300fg10000d3mdlbnog65hsgd8hpf0&line=0&file_id=d4178a1b38c467648cafb1c9ef026498&sign=d4178a1b38c467648cafb1c9ef026498&is_play_url=1&source=PackSourceEnum_PUBLISH'}, 'encoded_type': 'normal', 'media_type': 'audio', 'logo_type': '', 'quality': 'adapt_low', 'quality_desc': '', 'format': 'dash', 'bitrate': 54521, 'codec_type': 'h264', 'size': 602763, 'fps': 0, 'file_id': 'd4178a1b38c467648cafb1c9ef026498', 'file_hash': 'd4178a1b38c467648cafb1c9ef026498', 'sub_info': '{"audio_channels":"2.0","audio_layout":"C","audio_sample_rate":"44100","base_range_info":{"index_range":"870-1033","init_range":"0-869"},"check_info":{"check_info":"a:v0300fg10000d3mdlbnog65hsgd8hpf0|b:0-1033-e91e9ec1826ad4eaf5e10d492f9b1430|c:0-1033-d176"},"first_segment_range":"1034-54908","gear_des_key":"0:dash|1:normal|2:h264|5:adapt_low|10000:105"}'}, 'audio_quality': 6, 'audio_extra': '{"real_bitrate":386363}'}], 'play_addr_h264': {'uri': 'v0300fg10000d3mdlbnog65hsgd8hpf0', 'url_list': ['https://v5-dy-o-abtest.zjcdn.com/08b212df912e8f2db8e5101b73358e39/68f66e11/video/tos/cn/tos-cn-ve-15/oY8q0gDDoB2jyORFEORNEAQyAAUsf7ZgD9I5fu/?a=6383&ch=10010&cr=3&dr=0&lr=all&cd=0%7C0%7C0%7C3&cv=1&br=661&bt=661&cs=0&ds=3&ft=c2YTctGHQPRUZxfusdr~kwPqYldQIKDEE-TerrNqq_45a&mime_type=video_mp4&qs=0&rc=PDVpaDc5Mzk7aDs4NDs7aUBpM3M7ams5cmVnNjMzNGkzM0AvXzA1Ml4xNTMxYy8uLmBeYSNjZWFwMmRraWphLS1kLTBzcw%3D%3D&btag=80000e00028000&cquery=101r_100B_100H_100K_100o&dy_q=1760969609&feature_id=fea919893f650a8c49286568590446ef&l=20251020221329FF810B6B17C3D024C6A3', 'https://v5-dy-o-abtest.zjcdn.com/08b212df912e8f2db8e5101b73358e39/68f66e11/video/tos/cn/tos-cn-ve-15/oY8q0gDDoB2jyORFEORNEAQyAAUsf7ZgD9I5fu/?a=6383&ch=10010&cr=3&dr=0&lr=all&cd=0%7C0%7C0%7C3&cv=1&br=661&bt=661&cs=0&ds=3&ft=c2YTctGHQPRUZxfusdr~kwPqYldQIKDEE-TerrNqq_45a&mime_type=video_mp4&qs=0&rc=PDVpaDc5Mzk7aDs4NDs7aUBpM3M7ams5cmVnNjMzNGkzM0AvXzA1Ml4xNTMxYy8uLmBeYSNjZWFwMmRraWphLS1kLTBzcw%3D%3D&btag=80000e00028000&cquery=101r_100B_100H_100K_100o&dy_q=1760969609&feature_id=fea919893f650a8c49286568590446ef&l=20251020221329FF810B6B17C3D024C6A3', 'https://www.douyin.com/aweme/v1/play/?video_id=v0300fg10000d3mdlbnog65hsgd8hpf0&line=0&file_id=afc8181125f84e688640a6548e3fb229&sign=492fedba9d66a3598bcb431eb0973a1b&is_play_url=1&source=PackSourceEnum_PUBLISH'], 'width': 720, 'height': 1280, 'url_key': 'v0300fg10000d3mdlbnog65hsgd8hpf0_h264_720p_677213', 'data_size': 7487020, 'file_hash': '492fedba9d66a3598bcb431eb0973a1b', 'file_cs': 'c:0-97417-40f4|a:v0300fg10000d3mdlbnog65hsgd8hpf0'}, 'raw_cover': {'uri': 'tos-cn-p-0015/o0tQYYxetHEejAO3emACaVIA1dOAneeiZHxiX9', 'url_list': ['https://p3-pc-sign.douyinpic.com/tos-cn-p-0015/o0tQYYxetHEejAO3emACaVIA1dOAneeiZHxiX9~tplv-dy-cropcenter:323:430.jpeg?lk3s=138a59ce&x-expires=2076328800&x-signature=66c2yWEC%2BZlt0W0oy74TzBo8kLc%3D&from=327834062&s=PackSourceEnum_PUBLISH&se=true&sh=323_430&sc=cover&biz_tag=pcweb_cover&l=20251020221329FF810B6B17C3D024C6A3', 'https://p3-pc-sign.douyinpic.com/obj/tos-cn-p-0015/o0tQYYxetHEejAO3emACaVIA1dOAneeiZHxiX9?lk3s=138a59ce&x-expires=2076328800&x-signature=oqpfGSjVn7yGT7LlIqw0jNXcW3k%3D&from=327834062&s=PackSourceEnum_PUBLISH&se=false&sc=cover&biz_tag=pcweb_cover&l=20251020221329FF810B6B17C3D024C6A3'], 'width': 720, 'height': 720}, 'is_long_video': 1, 'animated_cover': {'uri': 'tos-cn-p-0015/ocDsHDjuIBR7UIE92f92AHjArqceNgyDAyA1Fo', 'url_list': ['https://p3-pc-sign.douyinpic.com/obj/tos-cn-p-0015/ocDsHDjuIBR7UIE92f92AHjArqceNgyDAyA1Fo?lk3s=138a59ce&x-expires=1762178400&x-signature=OuDSki11mceT3D2iQEmOoZEa%2FH0%3D&from=327834062_large&s=PackSourceEnum_PUBLISH&se=false&sc=dynamic_cover&biz_tag=pcweb_cover&l=20251020221329FF810B6B17C3D024C6A3', 'https://p9-pc-sign.douyinpic.com/obj/tos-cn-p-0015/ocDsHDjuIBR7UIE92f92AHjArqceNgyDAyA1Fo?lk3s=138a59ce&x-expires=1762178400&x-signature=4RSaQMdkcZerh5kGAIAE3EO5sXk%3D&from=327834062_large&s=PackSourceEnum_PUBLISH&se=false&sc=dynamic_cover&biz_tag=pcweb_cover&l=20251020221329FF810B6B17C3D024C6A3']}, 'gaussian_cover': {'uri': 'tos-cn-p-0015/oMjUJsqENuIy7w2oAyAI92DFpf3TCEADADeBgR', 'url_list': ['https://p3-pc-sign.douyinpic.com/tos-cn-p-0015/oMjUJsqENuIy7w2oAyAI92DFpf3TCEADADeBgR~tplv-tsj2vxp0zn-gaosi:40.jpeg?lk3s=138a59ce&x-expires=1792504800&x-signature=xL8yzqEDAltd8YMXOZwD2Wq5glM%3D&from=327834062', 'https://p9-pc-sign.douyinpic.com/tos-cn-p-0015/oMjUJsqENuIy7w2oAyAI92DFpf3TCEADADeBgR~tplv-tsj2vxp0zn-gaosi:40.jpeg?lk3s=138a59ce&x-expires=1792504800&x-signature=aUvvuxKQjIBSI%2F%2BctzOqJe7OzNA%3D&from=327834062'], 'width': 720, 'height': 720}, 'meta': '{"enable_manual_ladder":"1","format":"mp4","gear_vqm":"{\\"1080p_720p\\":2,\\"720p_540p\\":1}","hrids":"500000002","is_spatial_video":"0","isad":"0","loudness":"-12.1","peak":"1","qprf":"1.000","sdgs":"[\\"normal_720_0\\",\\"low_720_0\\",\\"low_540_0\\",\\"adapt_low_540_0\\",\\"adapt_lowest_1080_1\\",\\"adapt_lowest_720_1\\",\\"adapt_540_1\\"]","sr_potential":"{\\"v1.0\\":{\\"score\\":47.884}}","sr_score":"1.000","strategy_tokens":"[\\"online\\",\\"sexp_0701_0819\\",\\"sexp_0702_0819\\",\\"sexp_reward02_0721\\",\\"sexp_reward01_0721\\"]","title_info":"{\\"avg_br_pc\\":221,\\"bottom_res_add\\":[4.86,3.04,0.18,29.4,37,0,0,0,0,0,0,0,0,0,0],\\"bullet_zone\\":13.03,\\"mean_br_l\\":[242.08,233.6,222.35,211.59,198.79,184.51],\\"pc60_br_l\\":[244.8,235.71,223.42,211.47,197.43,182.2],\\"progress_bar\\":[244,244,244],\\"ratio_br_l\\":[244.8,235.66,223.18,210.99,196.37,179.57],\\"ratio_br_l_thre220\\":[0.99,0.8,0.61,0.48,0.4,0.35],\\"ratio_edge_l\\":[0,0,0,0.14,0.11,0.1],\\"std_br_l\\":[25.66,20.33,14.52,11.88,12.01,14.74],\\"top_res_add\\":[0,0,0,3.64,27.22,12,20.91],\\"version\\":\\"v1.0\\"}","volume_info":"{\\"Loudness\\":-12.1,\\"LoudnessRangeStart\\":-13.8,\\"MaximumShortTermLoudness\\":-9.7,\\"Version\\":2,\\"LoudnessRange\\":3.4,\\"LoudnessRangeEnd\\":-10.4,\\"MaximumMomentaryLoudness\\":-6.1,\\"Metrics\\":{\\"Loudness\\":{\\"Integrated\\":-12.139},\\"Phase\\":{\\"RMSDownmixDiff\\":-0.069},\\"RMSStats\\":{\\"LRDiff\\":-0.085,\\"LTotal\\":-15.293,\\"Peak\\":0.593,\\"RTotal\\":-15.209},\\"Version\\":\\"1.4.2\\"},\\"Peak\\":1}","vqs_origin":"74.23"}', 'video_model': '', 'is_source_HDR': 0, 'big_thumbs': [{'img_num': 88, 'uri': 'tos-cn-p-0015/oETAq2DmFiyu72sUQ9qeABRAyjUIIDCfgoND1E', 'img_url': 'https://p3-sign.douyinpic.com/tos-cn-p-0015/oETAq2DmFiyu72sUQ9qeABRAyjUIIDCfgoND1E~tplv-noop.image?cquery=100K_100o_101r_100B_100H&dy_q=1760969609&l=20251020221329FF810B6B17C3D024C6A3&x-expires=1760980497&x-signature=PVIiG2PKkg1FTEWOkLX%2BIyBrI%2F8%3D', 'img_x_size': 136, 'img_y_size': 240, 'img_x_len': 5, 'img_y_len': 5, 'duration': 88.433334, 'interval': 1, 'fext': 'jpg', 'uris': ['tos-cn-p-0015/oETAq2DmFiyu72sUQ9qeABRAyjUIIDCfgoND1E', 'tos-cn-p-0015/ooCyDuef9oEOnDAHBUDsRqFNt2a7gAjIyk2nIA', 'tos-cn-p-0015/oUQ9qDoANh3ymu8sDAQRy7FDkfEBUgfjE2AwD2', 'tos-cn-p-0015/oIi1CfyDDAfoFuUAusE2N4Q27BDQy8Rgjk9FqA'], 'img_urls': ['https://p3-sign.douyinpic.com/tos-cn-p-0015/oETAq2DmFiyu72sUQ9qeABRAyjUIIDCfgoND1E~tplv-noop.image?cquery=100K_100o_101r_100B_100H&dy_q=1760969609&l=20251020221329FF810B6B17C3D024C6A3&x-expires=1760980497&x-signature=PVIiG2PKkg1FTEWOkLX%2BIyBrI%2F8%3D', 'https://p3-sign.douyinpic.com/tos-cn-p-0015/ooCyDuef9oEOnDAHBUDsRqFNt2a7gAjIyk2nIA~tplv-noop.image?cquery=100H_100K_100o_101r_100B&dy_q=1760969609&l=20251020221329FF810B6B17C3D024C6A3&x-expires=1760980497&x-signature=6T60Cd8AT8slhvYSHv7NaRPaz9o%3D', 'https://p3-sign.douyinpic.com/tos-cn-p-0015/oUQ9qDoANh3ymu8sDAQRy7FDkfEBUgfjE2AwD2~tplv-noop.image?cquery=100B_100H_100K_100o_101r&dy_q=1760969609&l=20251020221329FF810B6B17C3D024C6A3&x-expires=1760980497&x-signature=HKjIfJjFxpX8rdBatJ9OTxbDGPM%3D', 'https://p3-sign.douyinpic.com/tos-cn-p-0015/oIi1CfyDDAfoFuUAusE2N4Q27BDQy8Rgjk9FqA~tplv-noop.image?cquery=101r_100B_100H_100K_100o&dy_q=1760969609&l=20251020221329FF810B6B17C3D024C6A3&x-expires=1760980497&x-signature=yibOieG9D%2Ba4537EuDf%2FPnJJcUI%3D']}]}, 'item_aigc_follow_shot': 1, 'user_digged': 0, 'statistics': {'recommend_count': 0, 'comment_count': 1, 'digg_count': 37, 'admire_count': 0, 'play_count': 0, 'share_count': 5, 'collect_count': 15}, 'status': {'not_allow_soft_del_reason': 'ab', 'is_delete': False, 'allow_share': True, 'review_result': {'review_status': 0}, 'allow_friend_recommend_guide': True, 'part_see': 0, 'private_status': 0, 'listen_video_status': 2, 'in_reviewing': False, 'allow_self_recommend_to_friend': True, 'allow_friend_recommend': True, 'is_prohibited': False, 'enable_soft_delete': 0}, 'ent_log_extra': {'log_extra': '{"global_log_extra":null,"page_log_extra":null,"aweme_log_extra":{"ce_current_group_id":"7560658985326562560","author_id":"1965574329213736"},"extra_log_extra":null}'}, 'text_extra': [], 'is_top': 0, 'publish_plus_alienation': {'alienation_type': 0}, 'share_info': {'share_url': 'https://www.iesdouyin.com/share/video/7560658985326562560/?region=US&mid=7378210410560063525&u_code=0&did=MS4wLjABAAAAvCMmrvAxedjvycgJ9K0iX5KdtDHpyq-etIWoeicy6xniB0XMxRYv3S-CyP_GdsPs&iid=MS4wLjABAAAANwkJuWIRFOzg5uCpDRpMj4OX-QryoDgn-yYlXQnRwQQ&with_sec_did=1&video_share_track_ver=&titleType=title&share_sign=O4IZsFT7knY6hLbPJSmH4rEz74PrWF5qiWdZEA5e7QA-&share_version=290100&ts=1760969609&from_aid=6383&from_ssr=1&share_track_info=%7B%22link_description_type%22%3A%22%22%7D', 'share_link_desc': '7.99 J@i.cn gOx:/ 08/06 当孩子学会喜欢一个人，也在学习爱自己 原来孩子们早就懂了：爱情不是单方面付出，双向奔赴的爱才有意义。 # 幼儿教育# 父母课堂# 育儿# 亲子关系# 家庭教育# 孙瑞雪  %s 复制此链接，打开Dou音搜索，直接观看视频！'}, 'nearby_hot_comment': None, 'video_labels': None, 'entertainment_video_type': 3, 'is_ads': False, 'duration': 88445, 'aweme_type': 0, 'select_anchor_expanded_content': 0, 'ai_follow_images': None, 'image_infos': None, 'risk_infos': {'vote': False, 'warn': False, 'risk_sink': False, 'type': 0, 'content': ''}, 'entertainment_video_paid_way': {'paid_ways': [], 'paid_type': 0, 'enable_use_new_ent_data': False}, 'flash_mob_trends': 0, 'position': None, 'uniqid_position': None, 'comment_list': None, 'author_user_id': 1965574329213736, 'product_genre_info': {'product_genre_type': 2, 'material_genre_sub_type_set': [4], 'special_info': {'recommend_group_name': 0}}, 'geofencing': [], 'series_basic_info': {}, 'is_moment_history': 0, 'region': '', 'video_text': None, 'recommend_chapter_info': {'recommend_chapter_list': [{'desc': '孩子的恋爱经历', 'timestamp': 3000, 'detail': '孩子喜欢小女孩，给她食物，但女孩不让他拉手，孩子最终放弃。', 'points': None}, {'desc': '对婚姻的思考', 'timestamp': 56000, 'detail': '孩子思考了爱情和婚姻，认为单方面的爱不能结婚。', 'points': None}, {'desc': '结语', 'timestamp': 75000, 'detail': '', 'points': None}], 'chapter_recommend_type': 1, 'chapter_abstract': '孩子在5岁时喜欢上一个小女孩，尽管女孩拒绝他的示好，但他仍然持续付出。半年后，孩子放弃了这段感情。他还思考了爱情和婚姻，认为单方面的爱不能结婚。这表明孩子们在早期就开始理解爱情的复杂性。', 'chapter_recommend_source': 2, 'push_scene': [], 'chapter_bar_color': None}, 'collect_stat': 0, 'label_top_text': None, 'promotions': [], 'group_id': '7560658985326562560', 'prevent_download': False, 'nickname_position': None, 'challenge_position': None, 'shoot_way': '', 'is_24_story': 0, 'enable_comment_sticker_rec': False, 'long_video': None, 'trends_event_track': '{}', 'aweme_listen_struct': {'trace_info': '{"copyright_not_speech":"false","copyright_reason":"not_intercept","copyright_tag_hit":"0","copyright_use_aed_default":"true","copyright_use_tag_default":"false","cp_ab":"true","desc":"","duration_over":"false","hit_high_risk":"false","media_type":"4","reason":"hit_ab_0","show":"false"}'}, 'video_share_edit_status': 0, 'follow_shoot_clip_info': {'clip_video_all': 7560658967324592896, 'clip_from_platform': 7378210410560063525, 'origin_clip_id': 7378210410560063525}, 'interaction_stickers': None, 'mv_info': None, 'origin_comment_ids': None, 'commerce_config_data': None, 'caption_template_id': 0, 'video_control': {'allow_download': False, 'share_type': 0, 'show_progress_bar': 1, 'draft_progress_bar': 1, 'allow_duet': True, 'allow_react': False, 'prevent_download_type': 2, 'allow_dynamic_wallpaper': False, 'timer_status': 1, 'allow_music': True, 'allow_stitch': False, 'allow_douplus': True, 'allow_share': True, 'share_grayed': False, 'download_ignore_visibility': False, 'duet_ignore_visibility': False, 'share_ignore_visibility': False, 'download_info': {'level': 1, 'fail_info': {'code': 290002, 'reason': 'isolation_content', 'msg': '视频暂时无法保存，链接已复制'}}, 'duet_info': {'level': 0}, 'allow_record': True, 'disable_record_reason': '', 'timer_info': {'public_time': 1760360400, 'timer_status': 0}}, 'aweme_control': {'can_forward': True, 'can_share': True, 'can_comment': True, 'can_show_comment': True}, 'douplus_user_type': 0, 'is_25_story': 0, 'origin_duet_resource_uri': '', 'is_moment_story': 0, 'anchors': None, 'hybrid_label': None, 'geofencing_regions': None, 'interest_points': None, 'aweme_acl': {'download_mask_panel': {'code': 1, 'show_type': 0}}, 'personal_page_botton_diagnose_style': 0, 'is_story': 0, 'game_tag_info': {'is_game': False}, 'chapter_bar_color': None, 'follow_shot_assets': None, 'cover_labels': None, 'is_new_text_mode': 0, 'can_cache_to_local': True, 'guide_btn_type': 0, 'is_from_ad_auth': False, 'aweme_type_tags': '', 'images': None, 'relation_labels': None, 'cf_assets_type': 0, 'impression_data': {'group_id_list_a': [], 'group_id_list_b': [], 'similar_id_list_a': None, 'similar_id_list_b': None, 'group_id_list_c': [], 'group_id_list_d': []}, 'component_control': {'data_source_url': '/aweme/v1/web/aweme/post/'}, 'trends_infos': None, 'libfinsert_task_id': '', 'social_tag_list': None, 'suggest_words': {'suggest_words': [{'words': [{'word': '捕捉儿童敏感期孙瑞雪书', 'word_id': '6939132636829848839', 'info': '{"End":0,"Start":0,"ecpm_boost_tag":false,"log_pb":"","qrec_for_search":"{\\"query_ecom\\":\\"1\\"}"}'}], 'scene': 'comment_top_rec', 'icon_url': '', 'hint_text': '大家都在搜：', 'extra_info': '{"resp_from":"hit_cache"}'}, {'words': [{'word': '捕捉儿童敏感期孙瑞雪书', 'word_id': '6939132636829848839', 'info': '{"End":0,"Start":0,"ecpm_boost_tag":false,"log_pb":"","qrec_for_search":"{\\"query_ecom\\":\\"1\\"}"}'}], 'scene': 'detail_inbox_rex', 'icon_url': '', 'hint_text': '', 'extra_info': '{"resp_from":"hit_cache"}'}]}, 'show_follow_button': {}, 'duet_aggregate_in_music_tab': False, 'is_duet_sing': False, 'comment_permission_info': {'comment_permission_status': 0, 'can_comment': True, 'item_detail_entry': False, 'press_entry': False, 'toast_guide': False}, 'original_images': None, 'series_paid_info': {'series_paid_status': 0, 'item_price': 0}, 'img_bitrate': None, 'comment_gid': 7560658985326562560, 'image_album_music_info': {'begin_time': -1, 'end_time': -1, 'volume': -1}, 'video_tag': [{'tag_id': 2024, 'tag_name': '亲子', 'level': 1}, {'tag_id': 2024006, 'tag_name': '母婴', 'level': 2}, {'tag_id': 2024006003, 'tag_name': '育儿知识', 'level': 3}], 'is_collects_selected': 0, 'chapter_list': None, 'feed_comment_config': {'input_config_text': '善语结善缘，恶言伤人心', 'author_audit_status': 0, 'common_flags': '{"item_author_nickname":"孙瑞雪聊教育","video_labels_v2_tag1":"母婴","video_labels_v2_tag2":"育儿理念"}'}, 'is_image_beat': False, 'dislike_dimension_list': None, 'standard_bar_info_list': None, 'photo_search_entrance': {'ecom_type': 0}, 'is_life_item': False, 'image_list': None, 'component_info_v2': '{"desc_lines_limit":0,"hide_marquee":false}', 'item_warn_notification': {'type': 0, 'show': False, 'content': ''}, 'origin_text_extra': None, 'disable_relation_bar': 0, 'packed_clips': None, 'author_mask_tag': 0, 'user_recommend_status': 1, 'collection_corner_mark': 0, 'is_share_post': False, 'image_comment': {}, 'visual_search_info': {'is_show_img_entrance': False, 'is_ecom_img': False, 'is_high_accuracy_ecom': False, 'is_high_recall_ecom': False}, 'tts_id_list': None, 'ref_tts_id_list': None, 'voice_modify_id_list': None, 'ref_voice_modify_id_list': None, 'authentication_token': 'MS4wLjAAAAAA_3dNMaxukDOXcbjPLH0mrYGxhlHA_Csa7q91Pp8V15RvObg5x5XtfPSkBh4o-0A8FP0s6qEWJMgAu7Sev2KWG4hxwEkx4Kq4lhWbq7k4YaQ2pcEnfqAlg-3Dm2Y2w3S3po2f0W2LrfRxKmwrnrbaYu_Rs0FSoXHRb_HcVSHE2hw91sMFVbCpiG6xHq7mPps7M8Myk-0nAqiryQRTaBAhj6UaBrTfxn4hCfmPPPRHIZVFoUq5v6k5gQHXP6M4UHGV', 'video_game_data_channel_config': {}, 'dislike_dimension_list_v2': None, 'distribute_circle': {'distribute_type': 0, 'campus_block_interaction': False, 'is_campus': False}, 'image_crop_ctrl': 0, 'yumme_recreason': None, 'slides_music_beats': None, 'jump_tab_info_list': None, 'media_type': 4, 'reply_smart_emojis': None, 'activity_video_type': -1, 'boost_status': 0, 'create_scale_type': None, 'entertainment_product_info': {'sub_title': None, 'market_info': {'limit_free': {'in_free': False}, 'marketing_tag': None}}, 'caption': '原来孩子们早就懂了：爱情不是单方面付出，双向奔赴的爱才有意义。\n\n#幼儿教育#父母课堂#育儿#亲子关系#家庭教育#孙瑞雪', 'item_title': '当孩子学会喜欢一个人，也在学习爱自己', 'is_use_music': True, 'original': 0, 'xigua_base_info': {'status': 0, 'star_altar_order_id': 0, 'star_altar_type': 0, 'item_id': 0}, 'mark_largely_following': False, 'friend_recommend_info': {'friend_recommend_source': 10, 'label_user_list': None, 'disable_friend_recommend_guide_label': False}}, {'aweme_id': '7559895170733460788', 'desc': '别忽视父亲的爱 真正的完整养育，是父爱如山的力量+母爱如水的温柔。 \n#幼儿教育#父母课堂#育儿#亲子关系#家庭教育#孙瑞雪', 'create_time': 1760265000, 'author': {'uid': '1965574329213736', 'card_entries_not_display': None, 'nickname': '孙瑞雪聊教育', 'personal_tag_list': None, 'homepage_bottom_toast': None, 'avatar_thumb': {'uri': '100x100/aweme-avatar/tos-cn-avt-0015_afee5b125df955a19af4c41159ad1295', 'url_list': ['https://p3-pc.douyinpic.com/aweme/100x100/aweme-avatar/tos-cn-avt-0015_afee5b125df955a19af4c41159ad1295.jpeg?from=327834062'], 'width': 720, 'height': 720}, 'batch_unfollow_contain_tabs': None, 'not_seen_item_id_list': None, 'follow_status': 0, 'contrail_list': None, 'story_interactive': 0, 'data_label_list': None, 'custom_verify': '', 'follower_list_secondary_information_struct': None, 'display_info': None, 'interest_tags': None, 'account_cert_info': '{}', 'user_tags': None, 'share_info': {'share_url': '', 'share_weibo_desc': '', 'share_desc': '', 'share_title': '', 'share_qrcode_url': {'uri': '31b0500316c4e154852bc', 'url_list': ['https://p3-pc-sign.douyinpic.com/obj/31b0500316c4e154852bc?lk3s=138a59ce&x-expires=1760990400&x-signature=VnOegD8kfOkclbkCT%2BIUAVSkQl4%3D&from=327834062'], 'width': 720, 'height': 720}, 'share_title_myself': '', 'share_title_other': '', 'share_desc_info': ''}, 'can_set_geofencing': None, 'sec_uid': 'MS4wLjABAAAAnAFnkWlOm9jteymsi42fanYLMzfbqdGIwCILEUqDNmFyjfK9N8fSJdS_D2UWk_we', 'need_points': None, 'enterprise_verify_reason': '', 'is_ad_fake': False, 'story_ttl': 0, 'user_permissions': None, 'card_entries': None, 'creator_tag_list': None, 'offline_info_list': None, 'text_extra': None, 'card_sort_priority': None, 'prevent_download': False, 'special_people_labels': None, 'white_cover_url': None, 'endorsement_info_list': None, 'follower_status': 0, 'profile_mob_params': None, 'familiar_visitor_user': None, 'avatar_schema_list': None, 'cover_url': [{'uri': 'c8510002be9a3a61aad2', 'url_list': ['https://p3-pc-sign.douyinpic.com/obj/c8510002be9a3a61aad2?lk3s=138a59ce&x-expires=1762178400&x-signature=bEz6E0nbTH1458RtDsUU87G74Mk%3D&from=327834062'], 'width': 720, 'height': 720}], 'cf_list': None, 'im_role_ids': None, 'not_seen_item_id_list_v2': None, 'signature_extra': None, 'risk_notice_text': '', 'ban_user_functions': None, 'profile_component_disabled': None, 'verification_permission_ids': None, 'identity_labels': None, 'private_relation_list': None, 'link_item_list': None, 'batch_unfollow_relation_desc': None}, 'music': {'id': 7559895159635495714, 'id_str': '7559895159635495714', 'title': '@孙瑞雪聊教育创作的原声', 'author': '孙瑞雪聊教育', 'album': '', 'cover_hd': {'uri': '1080x1080/aweme-avatar/tos-cn-avt-0015_afee5b125df955a19af4c41159ad1295', 'url_list': ['https://p3-pc.douyinpic.com/aweme/1080x1080/aweme-avatar/tos-cn-avt-0015_afee5b125df955a19af4c41159ad1295.jpeg?from=327834062'], 'width': 720, 'height': 720}, 'cover_large': {'uri': '1080x1080/aweme-avatar/tos-cn-avt-0015_afee5b125df955a19af4c41159ad1295', 'url_list': ['https://p3-pc.douyinpic.com/aweme/1080x1080/aweme-avatar/tos-cn-avt-0015_afee5b125df955a19af4c41159ad1295.jpeg?from=327834062'], 'width': 720, 'height': 720}, 'cover_medium': {'uri': '720x720/aweme-avatar/tos-cn-avt-0015_afee5b125df955a19af4c41159ad1295', 'url_list': ['https://p3-pc.douyinpic.com/aweme/720x720/aweme-avatar/tos-cn-avt-0015_afee5b125df955a19af4c41159ad1295.jpeg?from=327834062'], 'width': 720, 'height': 720}, 'cover_thumb': {'uri': '100x100/aweme-avatar/tos-cn-avt-0015_afee5b125df955a19af4c41159ad1295', 'url_list': ['https://p3-pc.douyinpic.com/aweme/100x100/aweme-avatar/tos-cn-avt-0015_afee5b125df955a19af4c41159ad1295.jpeg?from=327834062'], 'width': 720, 'height': 720}, 'play_url': {'uri': 'https://lf9-music-east.douyinstatic.com/obj/ies-music-hj/7559895227138444089.mp3', 'url_list': ['https://lf9-music-east.douyinstatic.com/obj/ies-music-hj/7559895227138444089.mp3', 'https://lf3-music-east.douyinstatic.com/obj/ies-music-hj/7559895227138444089.mp3'], 'width': 720, 'height': 720, 'url_key': '7559895159635495714'}, 'schema_url': '', 'source_platform': 23, 'start_time': 0, 'end_time': 0, 'duration': 22, 'extra': '{"aed_singing_score":0.03,"aggregate_exempt_conf":[],"beats":{},"cover_colors":null,"douyin_beats_info":{},"dsp_switch":0,"extract_item_id":7559895170733460788,"has_edited":0,"hit_high_follow_auto":false,"hit_high_follow_extend":false,"hit_high_follow_original":false,"hotsoon_review_time":-1,"is_aed_music":0,"is_high_follow_user":false,"is_red":0,"is_subsidy_exp":false,"music_label_id":null,"music_tagging":{"AEDs":null,"Genres":null,"Instruments":null,"Languages":null,"Moods":null,"SingingVersions":null,"Themes":null},"review_unshelve_reason":0,"reviewed":0,"schedule_search_time":0,"uniqa_speech_score":0.99,"with_aed_model":0}', 'user_count': 0, 'position': None, 'collect_stat': 0, 'status': 1, 'offline_desc': '', 'owner_id': '1965574329213736', 'owner_nickname': '孙瑞雪聊教育', 'is_original': False, 'mid': '7559895159635495714', 'binded_challenge_id': 0, 'redirect': False, 'is_restricted': False, 'author_deleted': False, 'is_del_video': False, 'is_video_self_see': False, 'owner_handle': '63566855132', 'author_position': None, 'prevent_download': False, 'strong_beat_url': {'uri': 'https://sf5-hl-cdn-tos.douyinstatic.com/obj/ies-music/pattern/60e7fd8ef1b27bf4fd32c7560d347ef3.json', 'url_list': ['https://sf5-hl-cdn-tos.douyinstatic.com/obj/ies-music/pattern/60e7fd8ef1b27bf4fd32c7560d347ef3.json', 'https://sf5-hl-ali-cdn-tos.douyinstatic.com/obj/ies-music/pattern/60e7fd8ef1b27bf4fd32c7560d347ef3.json'], 'width': 720, 'height': 720}, 'unshelve_countries': None, 'prevent_item_download_status': 0, 'external_song_info': [], 'sec_uid': 'MS4wLjABAAAAnAFnkWlOm9jteymsi42fanYLMzfbqdGIwCILEUqDNmFyjfK9N8fSJdS_D2UWk_we', 'avatar_thumb': {'uri': '100x100/aweme-avatar/tos-cn-avt-0015_afee5b125df955a19af4c41159ad1295', 'url_list': ['https://p3-pc.douyinpic.com/aweme/100x100/aweme-avatar/tos-cn-avt-0015_afee5b125df955a19af4c41159ad1295.jpeg?from=327834062'], 'width': 720, 'height': 720}, 'avatar_medium': {'uri': '720x720/aweme-avatar/tos-cn-avt-0015_afee5b125df955a19af4c41159ad1295', 'url_list': ['https://p3-pc.douyinpic.com/aweme/720x720/aweme-avatar/tos-cn-avt-0015_afee5b125df955a19af4c41159ad1295.jpeg?from=327834062'], 'width': 720, 'height': 720}, 'avatar_large': {'uri': '1080x1080/aweme-avatar/tos-cn-avt-0015_afee5b125df955a19af4c41159ad1295', 'url_list': ['https://p3-pc.douyinpic.com/aweme/1080x1080/aweme-avatar/tos-cn-avt-0015_afee5b125df955a19af4c41159ad1295.jpeg?from=327834062'], 'width': 720, 'height': 720}, 'preview_start_time': 0, 'preview_end_time': 0, 'is_commerce_music': False, 'is_original_sound': True, 'audition_duration': 22, 'shoot_duration': 22, 'reason_type': 0, 'artists': [], 'lyric_short_position': None, 'mute_share': False, 'tag_list': None, 'dmv_auto_show': False, 'is_pgc': False, 'is_matched_metadata': False, 'is_audio_url_with_cookie': False, 'music_chart_ranks': None, 'can_background_play': True, 'music_status': 1, 'video_duration': 22, 'pgc_music_type': 2, 'author_status': 1, 'search_impr': {'entity_id': '7559895159635495714'}, 'artist_user_infos': None, 'dsp_status': 10, 'musician_user_infos': None, 'music_collect_count': 0, 'music_cover_atmosphere_color_value': '', 'show_origin_clip': False}, 'effect_inflow_effects': None, 'video': {'play_addr': {'uri': 'v0200fg10000d3l27gfog65jsrlap1qg', 'url_list': ['https://v5-dy-o-abtest.zjcdn.com/9251481848ff2ae23bca0ee81db88a0b/68f66dcf/video/tos/cn/tos-cn-ve-15/oUf0rse7AUBdqrPiPviHgI7GA1CuEgBzRhQC5A/?a=6383&ch=10010&cr=3&dr=0&lr=all&cd=0%7C0%7C0%7C3&cv=1&br=1073&bt=1073&cs=0&ds=4&ft=c2YTctGHQPRUZxfusdr~kwPqYldQIKDEE-TerrNqq_45a&mime_type=video_mp4&qs=0&rc=ZTs2OmQ6OmZpOmVoZDs6ZkBpajRkdW05cmo1NjMzNGkzM0BhYC1fM2AzNi0xLjAtXjQzYSNubWlwMmRjNGlhLS1kLS9zcw%3D%3D&btag=80000e00010000&cquery=100K_100o_101r_100B_100H&dy_q=1760969609&feature_id=0ea98fd3bdc3c6c14a3d0804cc272721&l=20251020221329FF810B6B17C3D024C6A3', 'https://v5-dy-o-abtest.zjcdn.com/9251481848ff2ae23bca0ee81db88a0b/68f66dcf/video/tos/cn/tos-cn-ve-15/oUf0rse7AUBdqrPiPviHgI7GA1CuEgBzRhQC5A/?a=6383&ch=10010&cr=3&dr=0&lr=all&cd=0%7C0%7C0%7C3&cv=1&br=1073&bt=1073&cs=0&ds=4&ft=c2YTctGHQPRUZxfusdr~kwPqYldQIKDEE-TerrNqq_45a&mime_type=video_mp4&qs=0&rc=ZTs2OmQ6OmZpOmVoZDs6ZkBpajRkdW05cmo1NjMzNGkzM0BhYC1fM2AzNi0xLjAtXjQzYSNubWlwMmRjNGlhLS1kLS9zcw%3D%3D&btag=80000e00010000&cquery=101r_100B_100H_100K_100o&dy_q=1760969609&feature_id=0ea98fd3bdc3c6c14a3d0804cc272721&l=20251020221329FF810B6B17C3D024C6A3', 'https://www.douyin.com/aweme/v1/play/?video_id=v0200fg10000d3l27gfog65jsrlap1qg&line=0&file_id=6c77a80a3e1b470f9c67c76ab703c8db&sign=ec60a5f37b7b19d20071df9f3b55ed6d&is_play_url=1&source=PackSourceEnum_PUBLISH'], 'width': 1080, 'height': 1920, 'url_key': 'v0200fg10000d3l27gfog65jsrlap1qg_h264_1080p_1098950', 'data_size': 3078160, 'file_hash': 'ec60a5f37b7b19d20071df9f3b55ed6d', 'file_cs': 'c:0-19942-fef9|d:0-1539079-470c,1539080-3078159-7a56|a:v0200fg10000d3l27gfog65jsrlap1qg'}, 'cover': {'uri': 'tos-cn-i-dy/377eca66fd2d418ba823af3c012315fd', 'url_list': ['https://p3-pc-sign.douyinpic.com/tos-cn-i-dy/377eca66fd2d418ba823af3c012315fd~tplv-dy-cropcenter:323:430.jpeg?lk3s=138a59ce&x-expires=2076328800&x-signature=QajvvJpfQvRn6g1W2wFcjbiVy6c%3D&from=327834062&s=PackSourceEnum_PUBLISH&se=true&sh=323_430&sc=cover&biz_tag=pcweb_cover&l=20251020221329FF810B6B17C3D024C6A3', 'https://p3-pc-sign.douyinpic.com/obj/tos-cn-i-dy/377eca66fd2d418ba823af3c012315fd?lk3s=138a59ce&x-expires=2076328800&x-signature=bSSaFLPyVe%2FbVlmBIn%2BQ%2F2ZGAbQ%3D&from=327834062&s=PackSourceEnum_PUBLISH&se=false&sc=cover&biz_tag=pcweb_cover&l=20251020221329FF810B6B17C3D024C6A3'], 'width': 720, 'height': 720}, 'height': 1920, 'width': 1080, 'dynamic_cover': {'uri': 'tos-cn-i-dy/377eca66fd2d418ba823af3c012315fd', 'url_list': ['https://p9-pc-sign.douyinpic.com/obj/tos-cn-i-dy/377eca66fd2d418ba823af3c012315fd?lk3s=138a59ce&x-expires=1762178400&x-signature=%2B%2BohpUxHQU%2FQ8xX18Ks4BRy614M%3D&from=327834062_large&s=PackSourceEnum_PUBLISH&se=false&sc=dynamic_cover&biz_tag=pcweb_cover&l=20251020221329FF810B6B17C3D024C6A3', 'https://p3-pc-sign.douyinpic.com/obj/tos-cn-i-dy/377eca66fd2d418ba823af3c012315fd?lk3s=138a59ce&x-expires=1762178400&x-signature=LugVs6dTMBnRi11VNQRJkIwTRBE%3D&from=327834062_large&s=PackSourceEnum_PUBLISH&se=false&sc=dynamic_cover&biz_tag=pcweb_cover&l=20251020221329FF810B6B17C3D024C6A3'], 'width': 720, 'height': 720}, 'origin_cover': {'uri': 'tos-cn-p-0015/oAf0MsejAqBdqqjiQJiHgIHKA1zuIgBzRhAC5A', 'url_list': ['https://p3-pc-sign.douyinpic.com/tos-cn-p-0015/oAf0MsejAqBdqqjiQJiHgIHKA1zuIgBzRhAC5A~tplv-dy-360p.jpeg?lk3s=138a59ce&x-expires=1762178400&x-signature=6Dmreh6497o0m5f8CSboV4fuFYY%3D&from=327834062&s=PackSourceEnum_PUBLISH&se=false&sc=origin_cover&biz_tag=pcweb_cover&l=20251020221329FF810B6B17C3D024C6A3', 'https://p9-pc-sign.douyinpic.com/tos-cn-p-0015/oAf0MsejAqBdqqjiQJiHgIHKA1zuIgBzRhAC5A~tplv-dy-360p.jpeg?lk3s=138a59ce&x-expires=1762178400&x-signature=pqv8ibvMuI7CjSiCTadxIGyZmzA%3D&from=327834062&s=PackSourceEnum_PUBLISH&se=false&sc=origin_cover&biz_tag=pcweb_cover&l=20251020221329FF810B6B17C3D024C6A3'], 'width': 360, 'height': 640}, 'ratio': '1080p', 'format': 'mp4', 'audio': {'original_sound_infos': None}, 'bit_rate': [{'gear_name': 'normal_1080_0', 'quality_type': 1, 'bit_rate': 1098950, 'play_addr': {'uri': 'v0200fg10000d3l27gfog65jsrlap1qg', 'url_list': ['https://v5-dy-o-abtest.zjcdn.com/9251481848ff2ae23bca0ee81db88a0b/68f66dcf/video/tos/cn/tos-cn-ve-15/oUf0rse7AUBdqrPiPviHgI7GA1CuEgBzRhQC5A/?a=6383&ch=10010&cr=3&dr=0&lr=all&cd=0%7C0%7C0%7C3&cv=1&br=1073&bt=1073&cs=0&ds=4&ft=c2YTctGHQPRUZxfusdr~kwPqYldQIKDEE-TerrNqq_45a&mime_type=video_mp4&qs=0&rc=ZTs2OmQ6OmZpOmVoZDs6ZkBpajRkdW05cmo1NjMzNGkzM0BhYC1fM2AzNi0xLjAtXjQzYSNubWlwMmRjNGlhLS1kLS9zcw%3D%3D&btag=80000e00010000&cquery=100K_100o_101r_100B_100H&dy_q=1760969609&feature_id=0ea98fd3bdc3c6c14a3d0804cc272721&l=20251020221329FF810B6B17C3D024C6A3', 'https://v5-dy-o-abtest.zjcdn.com/9251481848ff2ae23bca0ee81db88a0b/68f66dcf/video/tos/cn/tos-cn-ve-15/oUf0rse7AUBdqrPiPviHgI7GA1CuEgBzRhQC5A/?a=6383&ch=10010&cr=3&dr=0&lr=all&cd=0%7C0%7C0%7C3&cv=1&br=1073&bt=1073&cs=0&ds=4&ft=c2YTctGHQPRUZxfusdr~kwPqYldQIKDEE-TerrNqq_45a&mime_type=video_mp4&qs=0&rc=ZTs2OmQ6OmZpOmVoZDs6ZkBpajRkdW05cmo1NjMzNGkzM0BhYC1fM2AzNi0xLjAtXjQzYSNubWlwMmRjNGlhLS1kLS9zcw%3D%3D&btag=80000e00010000&cquery=101r_100B_100H_100K_100o&dy_q=1760969609&feature_id=0ea98fd3bdc3c6c14a3d0804cc272721&l=20251020221329FF810B6B17C3D024C6A3', 'https://www.douyin.com/aweme/v1/play/?video_id=v0200fg10000d3l27gfog65jsrlap1qg&line=0&file_id=6c77a80a3e1b470f9c67c76ab703c8db&sign=ec60a5f37b7b19d20071df9f3b55ed6d&is_play_url=1&source=PackSourceEnum_PUBLISH'], 'width': 1080, 'height': 1920, 'url_key': 'v0200fg10000d3l27gfog65jsrlap1qg_h264_1080p_1098950', 'data_size': 3078160, 'file_hash': 'ec60a5f37b7b19d20071df9f3b55ed6d', 'file_cs': 'c:0-19942-fef9|d:0-1539079-470c,1539080-3078159-7a56|a:v0200fg10000d3l27gfog65jsrlap1qg'}, 'is_h265': 0, 'is_bytevc1': 0, 'HDR_type': '', 'HDR_bit': '', 'FPS': 30, 'video_extra': '{"PktOffsetMap":"[{\\"time\\": 1, \\"offset\\": 215699}, {\\"time\\": 2, \\"offset\\": 293360}, {\\"time\\": 3, \\"offset\\": 403785}, {\\"time\\": 4, \\"offset\\": 506982}, {\\"time\\": 5, \\"offset\\": 609234}, {\\"time\\": 10, \\"offset\\": 1311610}]","format":"mp4","definition":"1080p","quality":"normal","file_id":"6c77a80a3e1b470f9c67c76ab703c8db","applog_map":{"feature_id":"0ea98fd3bdc3c6c14a3d0804cc272721"},"audio_channels":"2.0","audio_sample_rate":"44100","audio_metrics":null,"audio_score":null}', 'format': 'mp4'}, {'gear_name': 'normal_540_0', 'quality_type': 20, 'bit_rate': 893186, 'play_addr': {'uri': 'v0200fg10000d3l27gfog65jsrlap1qg', 'url_list': ['https://v5-dy-o-abtest.zjcdn.com/e2bc15de5034af9bda9214c1a1746969/68f66dcf/video/tos/cn/tos-cn-ve-15/ocemPAe6IqRAUp2fDDAqgyLI4xJHijXUGkCIEf/?a=6383&ch=10010&cr=3&dr=0&lr=all&cd=0%7C0%7C0%7C3&cv=1&br=872&bt=872&cs=0&ds=6&ft=c2YTctGHQPRUZxfusdr~kwPqYldQIKDEE-TerrNqq_45a&mime_type=video_mp4&qs=0&rc=OGk5OjM4M2dpZGk5ZDhmaUBpajRkdW05cmo1NjMzNGkzM0AzY2A0M2M2NTYxLmBfXzNgYSNubWlwMmRjNGlhLS1kLS9zcw%3D%3D&btag=80000e00010000&cquery=100B_100H_100K_100o_101r&dy_q=1760969609&feature_id=f0150a16a324336cda5d6dd0b69ed299&l=20251020221329FF810B6B17C3D024C6A3', 'https://v5-dy-o-abtest.zjcdn.com/e2bc15de5034af9bda9214c1a1746969/68f66dcf/video/tos/cn/tos-cn-ve-15/ocemPAe6IqRAUp2fDDAqgyLI4xJHijXUGkCIEf/?a=6383&ch=10010&cr=3&dr=0&lr=all&cd=0%7C0%7C0%7C3&cv=1&br=872&bt=872&cs=0&ds=6&ft=c2YTctGHQPRUZxfusdr~kwPqYldQIKDEE-TerrNqq_45a&mime_type=video_mp4&qs=0&rc=OGk5OjM4M2dpZGk5ZDhmaUBpajRkdW05cmo1NjMzNGkzM0AzY2A0M2M2NTYxLmBfXzNgYSNubWlwMmRjNGlhLS1kLS9zcw%3D%3D&btag=80000e00010000&cquery=100B_100H_100K_100o_101r&dy_q=1760969609&feature_id=f0150a16a324336cda5d6dd0b69ed299&l=20251020221329FF810B6B17C3D024C6A3', 'https://www.douyin.com/aweme/v1/play/?video_id=v0200fg10000d3l27gfog65jsrlap1qg&line=0&file_id=cf6cb5bac61f4a9f8d90f56077c6ff65&sign=88532030715daf2718daaeffd8790cbb&is_play_url=1&source=PackSourceEnum_PUBLISH'], 'width': 576, 'height': 1024, 'url_key': 'v0200fg10000d3l27gfog65jsrlap1qg_h264_540p_893186', 'data_size': 2501814, 'file_hash': '88532030715daf2718daaeffd8790cbb', 'file_cs': 'c:0-25790-ca2e|d:0-1250906-1c98,1250907-2501813-818c|a:v0200fg10000d3l27gfog65jsrlap1qg'}, 'is_h265': 0, 'is_bytevc1': 0, 'HDR_type': '', 'HDR_bit': '', 'FPS': 30, 'video_extra': '{"PktOffsetMap":"[{\\"time\\": 1, \\"offset\\": 169786}, {\\"time\\": 2, \\"offset\\": 242518}, {\\"time\\": 3, \\"offset\\": 340396}, {\\"time\\": 4, \\"offset\\": 433685}, {\\"time\\": 5, \\"offset\\": 526636}, {\\"time\\": 10, \\"offset\\": 1086214}]","format":"mp4","definition":"540p","quality":"normal","file_id":"cf6cb5bac61f4a9f8d90f56077c6ff65","applog_map":{"feature_id":"f0150a16a324336cda5d6dd0b69ed299"},"audio_channels":"2.0","audio_sample_rate":"44100","audio_metrics":null,"audio_score":null}', 'format': 'mp4'}, {'gear_name': 'normal_720_0', 'quality_type': 10, 'bit_rate': 836997, 'play_addr': {'uri': 'v0200fg10000d3l27gfog65jsrlap1qg', 'url_list': ['https://v5-dy-o-abtest.zjcdn.com/d6a3b27c6fc4b326383a13fa0c8f6f21/68f66dcf/video/tos/cn/tos-cn-ve-15/owKAAdgCFEARhCtusmJHqfQ51giz5BBH0IqePi/?a=6383&ch=10010&cr=3&dr=0&lr=all&cd=0%7C0%7C0%7C3&cv=1&br=817&bt=817&cs=0&ds=3&ft=c2YTctGHQPRUZxfusdr~kwPqYldQIKDEE-TerrNqq_45a&mime_type=video_mp4&qs=0&rc=aDM1aTY6NzUzNWdpNzQ3ZUBpajRkdW05cmo1NjMzNGkzM0BfMmAtYS0tXzAxYjMuNV8zYSNubWlwMmRjNGlhLS1kLS9zcw%3D%3D&btag=80000e00010000&cquery=101r_100B_100H_100K_100o&dy_q=1760969609&feature_id=fea919893f650a8c49286568590446ef&l=20251020221329FF810B6B17C3D024C6A3', 'https://v5-dy-o-abtest.zjcdn.com/d6a3b27c6fc4b326383a13fa0c8f6f21/68f66dcf/video/tos/cn/tos-cn-ve-15/owKAAdgCFEARhCtusmJHqfQ51giz5BBH0IqePi/?a=6383&ch=10010&cr=3&dr=0&lr=all&cd=0%7C0%7C0%7C3&cv=1&br=817&bt=817&cs=0&ds=3&ft=c2YTctGHQPRUZxfusdr~kwPqYldQIKDEE-TerrNqq_45a&mime_type=video_mp4&qs=0&rc=aDM1aTY6NzUzNWdpNzQ3ZUBpajRkdW05cmo1NjMzNGkzM0BfMmAtYS0tXzAxYjMuNV8zYSNubWlwMmRjNGlhLS1kLS9zcw%3D%3D&btag=80000e00010000&cquery=100H_100K_100o_101r_100B&dy_q=1760969609&feature_id=fea919893f650a8c49286568590446ef&l=20251020221329FF810B6B17C3D024C6A3', 'https://www.douyin.com/aweme/v1/play/?video_id=v0200fg10000d3l27gfog65jsrlap1qg&line=0&file_id=6bb481146fed4230b20407d30fc250be&sign=49ec4be6b13d0569a8c316ab08c59cfe&is_play_url=1&source=PackSourceEnum_PUBLISH'], 'width': 720, 'height': 1280, 'url_key': 'v0200fg10000d3l27gfog65jsrlap1qg_h264_720p_836997', 'data_size': 2344430, 'file_hash': '49ec4be6b13d0569a8c316ab08c59cfe', 'file_cs': 'c:0-25821-4879|d:0-1172214-c2a9,1172215-2344429-65f8|a:v0200fg10000d3l27gfog65jsrlap1qg'}, 'is_h265': 0, 'is_bytevc1': 0, 'HDR_type': '', 'HDR_bit': '', 'FPS': 30, 'video_extra': '{"PktOffsetMap":"[{\\"time\\": 1, \\"offset\\": 170189}, {\\"time\\": 2, \\"offset\\": 235373}, {\\"time\\": 3, \\"offset\\": 323708}, {\\"time\\": 4, \\"offset\\": 406688}, {\\"time\\": 5, \\"offset\\": 488293}, {\\"time\\": 10, \\"offset\\": 1012599}]","format":"mp4","definition":"720p","quality":"normal","file_id":"6bb481146fed4230b20407d30fc250be","applog_map":{"feature_id":"fea919893f650a8c49286568590446ef"},"audio_channels":"2.0","audio_sample_rate":"44100","audio_metrics":null,"audio_score":null}', 'format': 'mp4'}, {'gear_name': 'low_720_0', 'quality_type': 211, 'bit_rate': 751189, 'play_addr': {'uri': 'v0200fg10000d3l27gfog65jsrlap1qg', 'url_list': ['https://v5-dy-o-abtest.zjcdn.com/a11a93f0ee92579e75ca4750c821d4ae/68f66dcf/video/tos/cn/tos-cn-ve-15/o8bHICiBA5fAszCQ00RrAh1EiCiYueAdqgBrEg/?a=6383&ch=10010&cr=3&dr=0&lr=all&cd=0%7C0%7C0%7C3&cv=1&br=733&bt=733&cs=0&ds=3&ft=c2YTctGHQPRUZxfusdr~kwPqYldQIKDEE-TerrNqq_45a&mime_type=video_mp4&qs=1&rc=Z2U6ZDlnNjo6NWQ3OjZnZkBpajRkdW05cmo1NjMzNGkzM0AuXjJeLTQ1Xy0xLmAzYF81YSNubWlwMmRjNGlhLS1kLS9zcw%3D%3D&btag=80000e00010000&cquery=100o_101r_100B_100H_100K&dy_q=1760969609&feature_id=0ea98fd3bdc3c6c14a3d0804cc272721&l=20251020221329FF810B6B17C3D024C6A3', 'https://v5-dy-o-abtest.zjcdn.com/a11a93f0ee92579e75ca4750c821d4ae/68f66dcf/video/tos/cn/tos-cn-ve-15/o8bHICiBA5fAszCQ00RrAh1EiCiYueAdqgBrEg/?a=6383&ch=10010&cr=3&dr=0&lr=all&cd=0%7C0%7C0%7C3&cv=1&br=733&bt=733&cs=0&ds=3&ft=c2YTctGHQPRUZxfusdr~kwPqYldQIKDEE-TerrNqq_45a&mime_type=video_mp4&qs=1&rc=Z2U6ZDlnNjo6NWQ3OjZnZkBpajRkdW05cmo1NjMzNGkzM0AuXjJeLTQ1Xy0xLmAzYF81YSNubWlwMmRjNGlhLS1kLS9zcw%3D%3D&btag=80000e00010000&cquery=100B_100H_100K_100o_101r&dy_q=1760969609&feature_id=0ea98fd3bdc3c6c14a3d0804cc272721&l=20251020221329FF810B6B17C3D024C6A3', 'https://www.douyin.com/aweme/v1/play/?video_id=v0200fg10000d3l27gfog65jsrlap1qg&line=0&file_id=8cbdc367c41a4207b7837d06aa57ab1d&sign=ef18599269dc00e6358bba7d5b3c45ea&is_play_url=1&source=PackSourceEnum_PUBLISH'], 'width': 720, 'height': 1280, 'url_key': 'v0200fg10000d3l27gfog65jsrlap1qg_h264_720p_751189', 'data_size': 2104083, 'file_hash': 'ef18599269dc00e6358bba7d5b3c45ea', 'file_cs': 'c:0-19956-3696|d:0-1052040-9d81,1052041-2104082-636a|a:v0200fg10000d3l27gfog65jsrlap1qg'}, 'is_h265': 0, 'is_bytevc1': 0, 'HDR_type': '', 'HDR_bit': '', 'FPS': 30, 'video_extra': '{"PktOffsetMap":"[{\\"time\\": 1, \\"offset\\": 155860}, {\\"time\\": 2, \\"offset\\": 209815}, {\\"time\\": 3, \\"offset\\": 287878}, {\\"time\\": 4, \\"offset\\": 358722}, {\\"time\\": 5, \\"offset\\": 430120}, {\\"time\\": 10, \\"offset\\": 899076}]","format":"mp4","definition":"720p","quality":"low","file_id":"8cbdc367c41a4207b7837d06aa57ab1d","applog_map":{"feature_id":"0ea98fd3bdc3c6c14a3d0804cc272721"},"audio_channels":"2.0","audio_sample_rate":"44100","audio_metrics":null,"audio_score":null}', 'format': 'mp4'}, {'gear_name': 'low_540_0', 'quality_type': 292, 'bit_rate': 688800, 'play_addr': {'uri': 'v0200fg10000d3l27gfog65jsrlap1qg', 'url_list': ['https://v5-dy-o-abtest.zjcdn.com/a26841324b0cc4766b1d87f25259ed2c/68f66dcf/video/tos/cn/tos-cn-ve-15/osihqBeAIAAfiEzrQ01gu15sCBiHh0dBRUtg2z/?a=6383&ch=10010&cr=3&dr=0&lr=all&cd=0%7C0%7C0%7C3&cv=1&br=672&bt=672&cs=0&ds=6&ft=c2YTctGHQPRUZxfusdr~kwPqYldQIKDEE-TerrNqq_45a&mime_type=video_mp4&qs=1&rc=Z2k2OTtnaTozaDc2ODM0Z0BpajRkdW05cmo1NjMzNGkzM0A2MTI2LWIxX2ExMjAxMDRhYSNubWlwMmRjNGlhLS1kLS9zcw%3D%3D&btag=80000e00010000&cquery=100o_101r_100B_100H_100K&dy_q=1760969609&feature_id=0ea98fd3bdc3c6c14a3d0804cc272721&l=20251020221329FF810B6B17C3D024C6A3', 'https://v5-dy-o-abtest.zjcdn.com/a26841324b0cc4766b1d87f25259ed2c/68f66dcf/video/tos/cn/tos-cn-ve-15/osihqBeAIAAfiEzrQ01gu15sCBiHh0dBRUtg2z/?a=6383&ch=10010&cr=3&dr=0&lr=all&cd=0%7C0%7C0%7C3&cv=1&br=672&bt=672&cs=0&ds=6&ft=c2YTctGHQPRUZxfusdr~kwPqYldQIKDEE-TerrNqq_45a&mime_type=video_mp4&qs=1&rc=Z2k2OTtnaTozaDc2ODM0Z0BpajRkdW05cmo1NjMzNGkzM0A2MTI2LWIxX2ExMjAxMDRhYSNubWlwMmRjNGlhLS1kLS9zcw%3D%3D&btag=80000e00010000&cquery=100K_100o_101r_100B_100H&dy_q=1760969609&feature_id=0ea98fd3bdc3c6c14a3d0804cc272721&l=20251020221329FF810B6B17C3D024C6A3', 'https://www.douyin.com/aweme/v1/play/?video_id=v0200fg10000d3l27gfog65jsrlap1qg&line=0&file_id=dd71304533544ed0b74fed0896534f9d&sign=59fdf1d54cc94a4643824740c863b452&is_play_url=1&source=PackSourceEnum_PUBLISH'], 'width': 576, 'height': 1024, 'url_key': 'v0200fg10000d3l27gfog65jsrlap1qg_h264_540p_688800', 'data_size': 1929331, 'file_hash': '59fdf1d54cc94a4643824740c863b452', 'file_cs': 'c:0-19956-1a31|d:0-964664-9bc2,964665-1929330-972d|a:v0200fg10000d3l27gfog65jsrlap1qg'}, 'is_h265': 0, 'is_bytevc1': 0, 'HDR_type': '', 'HDR_bit': '', 'FPS': 30, 'video_extra': '{"PktOffsetMap":"[{\\"time\\": 1, \\"offset\\": 144551}, {\\"time\\": 2, \\"offset\\": 196291}, {\\"time\\": 3, \\"offset\\": 269173}, {\\"time\\": 4, \\"offset\\": 335858}, {\\"time\\": 5, \\"offset\\": 401755}, {\\"time\\": 10, \\"offset\\": 835782}]","format":"mp4","definition":"540p","quality":"low","file_id":"dd71304533544ed0b74fed0896534f9d","applog_map":{"feature_id":"0ea98fd3bdc3c6c14a3d0804cc272721"},"audio_channels":"2.0","audio_sample_rate":"44100","audio_metrics":null,"audio_score":null}', 'format': 'mp4'}, {'gear_name': 'lower_540_0', 'quality_type': 224, 'bit_rate': 596064, 'play_addr': {'uri': 'v0200fg10000d3l27gfog65jsrlap1qg', 'url_list': ['https://v5-dy-o-abtest.zjcdn.com/1c2e9e0bf2a5e0a01288c4dcc32db509/68f66dcf/video/tos/cn/tos-cn-ve-15/o81ezdi7qB5jvrCHAuHgxOgIBfAZiAQhsBl0RE/?a=6383&ch=10010&cr=3&dr=0&lr=all&cd=0%7C0%7C0%7C3&cv=1&br=582&bt=582&cs=0&ds=6&ft=c2YTctGHQPRUZxfusdr~kwPqYldQIKDEE-TerrNqq_45a&mime_type=video_mp4&qs=4&rc=ZWY5ZTo6OjM3Njs1aWZmaEBpajRkdW05cmo1NjMzNGkzM0A2Xi41YzJfXy4xM2M1MGAyYSNubWlwMmRjNGlhLS1kLS9zcw%3D%3D&btag=80000e00010000&cquery=100o_101r_100B_100H_100K&dy_q=1760969609&feature_id=eb29b1b3aca69db49524c333df8caaf7&l=20251020221329FF810B6B17C3D024C6A3', 'https://v5-dy-o-abtest.zjcdn.com/1c2e9e0bf2a5e0a01288c4dcc32db509/68f66dcf/video/tos/cn/tos-cn-ve-15/o81ezdi7qB5jvrCHAuHgxOgIBfAZiAQhsBl0RE/?a=6383&ch=10010&cr=3&dr=0&lr=all&cd=0%7C0%7C0%7C3&cv=1&br=582&bt=582&cs=0&ds=6&ft=c2YTctGHQPRUZxfusdr~kwPqYldQIKDEE-TerrNqq_45a&mime_type=video_mp4&qs=4&rc=ZWY5ZTo6OjM3Njs1aWZmaEBpajRkdW05cmo1NjMzNGkzM0A2Xi41YzJfXy4xM2M1MGAyYSNubWlwMmRjNGlhLS1kLS9zcw%3D%3D&btag=80000e00010000&cquery=100B_100H_100K_100o_101r&dy_q=1760969609&feature_id=eb29b1b3aca69db49524c333df8caaf7&l=20251020221329FF810B6B17C3D024C6A3', 'https://www.douyin.com/aweme/v1/play/?video_id=v0200fg10000d3l27gfog65jsrlap1qg&line=0&file_id=5ecc3c8ff2684314b0b757f78b16ac9b&sign=c144d954c35db19338992df930402e9b&is_play_url=1&source=PackSourceEnum_PUBLISH'], 'width': 576, 'height': 1024, 'url_key': 'v0200fg10000d3l27gfog65jsrlap1qg_h264_540p_596064', 'data_size': 1669578, 'file_hash': 'c144d954c35db19338992df930402e9b', 'file_cs': 'c:0-19908-8f0c|d:0-834788-d22b,834789-1669577-2d3c|a:v0200fg10000d3l27gfog65jsrlap1qg'}, 'is_h265': 0, 'is_bytevc1': 0, 'HDR_type': '', 'HDR_bit': '', 'FPS': 30, 'video_extra': '{"PktOffsetMap":"","format":"mp4","definition":"540p","quality":"lower","file_id":"5ecc3c8ff2684314b0b757f78b16ac9b","applog_map":{"feature_id":"eb29b1b3aca69db49524c333df8caaf7"},"audio_channels":"2.0","audio_sample_rate":"44100","audio_metrics":null,"audio_score":null}', 'format': 'mp4'}, {'gear_name': 'adapt_lowest_1080_1', 'quality_type': 2, 'bit_rate': 503635, 'play_addr': {'uri': 'v0200fg10000d3l27gfog65jsrlap1qg', 'url_list': ['https://v5-dy-o-abtest.zjcdn.com/63d949ae0a305ee298883074b287c04e/68f66dcf/video/tos/cn/tos-cn-ve-15/ogBgAmhdCiHB5ARQI0iBzQf1EWXvgHquACrgse/?a=6383&ch=10010&cr=3&dr=0&lr=all&cd=0%7C0%7C0%7C3&cv=1&br=491&bt=491&cs=2&ds=4&ft=c2YTctGHQPRUZxfusdr~kwPqYldQIKDEE-TerrNqq_45a&mime_type=video_mp4&qs=15&rc=Zjs7ZWlmODc4M2ZnaDw0PEBpajRkdW05cmo1NjMzNGkzM0A2YjEwYTRgNjYxLjU1M2FiYSNubWlwMmRjNGlhLS1kLS9zcw%3D%3D&btag=80000e00010000&cquery=101r_100B_100H_100K_100o&dy_q=1760969609&feature_id=b38008770b4e09863331b14b26bcdc23&l=20251020221329FF810B6B17C3D024C6A3', 'https://v5-dy-o-abtest.zjcdn.com/63d949ae0a305ee298883074b287c04e/68f66dcf/video/tos/cn/tos-cn-ve-15/ogBgAmhdCiHB5ARQI0iBzQf1EWXvgHquACrgse/?a=6383&ch=10010&cr=3&dr=0&lr=all&cd=0%7C0%7C0%7C3&cv=1&br=491&bt=491&cs=2&ds=4&ft=c2YTctGHQPRUZxfusdr~kwPqYldQIKDEE-TerrNqq_45a&mime_type=video_mp4&qs=15&rc=Zjs7ZWlmODc4M2ZnaDw0PEBpajRkdW05cmo1NjMzNGkzM0A2YjEwYTRgNjYxLjU1M2FiYSNubWlwMmRjNGlhLS1kLS9zcw%3D%3D&btag=80000e00010000&cquery=101r_100B_100H_100K_100o&dy_q=1760969609&feature_id=b38008770b4e09863331b14b26bcdc23&l=20251020221329FF810B6B17C3D024C6A3', 'https://www.douyin.com/aweme/v1/play/?video_id=v0200fg10000d3l27gfog65jsrlap1qg&line=0&file_id=e9d1698e8d1c409594c57cdf3b48e89c&sign=5c72c2ab424a9ff2fb826c98930b00f8&is_play_url=1&source=PackSourceEnum_PUBLISH'], 'width': 1080, 'height': 1920, 'url_key': 'v0200fg10000d3l27gfog65jsrlap1qg_bytevc1_1080p_503635', 'data_size': 1410684, 'file_hash': '5c72c2ab424a9ff2fb826c98930b00f8', 'file_cs': 'c:0-20113-d0e9|d:0-705341-5d23,705342-1410683-c21f|a:v0200fg10000d3l27gfog65jsrlap1qg'}, 'is_h265': 1, 'is_bytevc1': 1, 'HDR_type': '', 'HDR_bit': '', 'FPS': 30, 'video_extra': '{"PktOffsetMap":"[{\\"time\\": 1, \\"offset\\": 119921}, {\\"time\\": 2, \\"offset\\": 148405}, {\\"time\\": 3, \\"offset\\": 203375}, {\\"time\\": 4, \\"offset\\": 249562}, {\\"time\\": 5, \\"offset\\": 299813}, {\\"time\\": 10, \\"offset\\": 609899}]","format":"mp4","definition":"1080p","quality":"adapt_lowest","file_id":"e9d1698e8d1c409594c57cdf3b48e89c","applog_map":{"feature_id":"b38008770b4e09863331b14b26bcdc23"},"mvmaf":"{\\"mvmaf_sr_v1080\\":98.522,\\"mvmaf_sr_v960\\":98.887,\\"mvmaf_sr_v864\\":99.134,\\"mvmaf_sr_v720\\":99.197,\\"mvmaf_ori_v1080\\":92.973,\\"mvmaf_ori_v960\\":93.633,\\"mvmaf_ori_v864\\":93.937,\\"mvmaf_ori_v720\\":94.851}","ufq":"{\\"enh\\":90.367,\\"playback\\":{\\"ori\\":87.34,\\"srv1\\":89.47},\\"src\\":90.367,\\"trans\\":87.34,\\"version\\":\\"v1.0\\"}","audio_channels":"2.0","audio_sample_rate":"44100","audio_metrics":null,"audio_score":null}', 'format': 'mp4'}, {'gear_name': 'adapt_low_540_0', 'quality_type': 291, 'bit_rate': 486730, 'play_addr': {'uri': 'v0200fg10000d3l27gfog65jsrlap1qg', 'url_list': ['https://v5-dy-o-abtest.zjcdn.com/5d7fcf7e0368b40826ada3935aca974b/68f66dcf/video/tos/cn/tos-cn-ve-15/o00zhi5AiEPIgidsRrfH1BgAeTuF0BCqAQsiBT/?a=6383&ch=10010&cr=3&dr=0&lr=all&cd=0%7C0%7C0%7C3&cv=1&br=475&bt=475&cs=0&ds=6&ft=c2YTctGHQPRUZxfusdr~kwPqYldQIKDEE-TerrNqq_45a&mime_type=video_mp4&qs=12&rc=OTc0N2Q3M2hmZjk2NTk3Z0BpajRkdW05cmo1NjMzNGkzM0BfMjBeL2BeNmAxXzFeMC9gYSNubWlwMmRjNGlhLS1kLS9zcw%3D%3D&btag=80000e00010000&cquery=101r_100B_100H_100K_100o&dy_q=1760969609&feature_id=0ea98fd3bdc3c6c14a3d0804cc272721&l=20251020221329FF810B6B17C3D024C6A3', 'https://v5-dy-o-abtest.zjcdn.com/5d7fcf7e0368b40826ada3935aca974b/68f66dcf/video/tos/cn/tos-cn-ve-15/o00zhi5AiEPIgidsRrfH1BgAeTuF0BCqAQsiBT/?a=6383&ch=10010&cr=3&dr=0&lr=all&cd=0%7C0%7C0%7C3&cv=1&br=475&bt=475&cs=0&ds=6&ft=c2YTctGHQPRUZxfusdr~kwPqYldQIKDEE-TerrNqq_45a&mime_type=video_mp4&qs=12&rc=OTc0N2Q3M2hmZjk2NTk3Z0BpajRkdW05cmo1NjMzNGkzM0BfMjBeL2BeNmAxXzFeMC9gYSNubWlwMmRjNGlhLS1kLS9zcw%3D%3D&btag=80000e00010000&cquery=100H_100K_100o_101r_100B&dy_q=1760969609&feature_id=0ea98fd3bdc3c6c14a3d0804cc272721&l=20251020221329FF810B6B17C3D024C6A3', 'https://www.douyin.com/aweme/v1/play/?video_id=v0200fg10000d3l27gfog65jsrlap1qg&line=0&file_id=cd2436a243b64ccc9ea0c42aa43154b6&sign=8ad2e2cd4625700e91419faba5856250&is_play_url=1&source=PackSourceEnum_PUBLISH'], 'width': 576, 'height': 1024, 'url_key': 'v0200fg10000d3l27gfog65jsrlap1qg_h264_540p_486730', 'data_size': 1363333, 'file_hash': '8ad2e2cd4625700e91419faba5856250', 'file_cs': 'c:0-19955-7ee2|d:0-681665-fca1,681666-1363332-4c58|a:v0200fg10000d3l27gfog65jsrlap1qg'}, 'is_h265': 0, 'is_bytevc1': 0, 'HDR_type': '', 'HDR_bit': '', 'FPS': 30, 'video_extra': '{"PktOffsetMap":"[{\\"time\\": 1, \\"offset\\": 110375}, {\\"time\\": 2, \\"offset\\": 145265}, {\\"time\\": 3, \\"offset\\": 196428}, {\\"time\\": 4, \\"offset\\": 242655}, {\\"time\\": 5, \\"offset\\": 289394}, {\\"time\\": 10, \\"offset\\": 594950}]","format":"mp4","definition":"540p","quality":"adapt_low","file_id":"cd2436a243b64ccc9ea0c42aa43154b6","applog_map":{"feature_id":"0ea98fd3bdc3c6c14a3d0804cc272721"},"audio_channels":"2.0","audio_sample_rate":"44100","audio_metrics":null,"audio_score":null}', 'format': 'mp4'}, {'gear_name': 'adapt_lowest_720_1', 'quality_type': 15, 'bit_rate': 431462, 'play_addr': {'uri': 'v0200fg10000d3l27gfog65jsrlap1qg', 'url_list': ['https://v5-dy-o-abtest.zjcdn.com/e435e8f5cc2a9cf90f0bece82df7995d/68f66dcf/video/tos/cn/tos-cn-ve-15/okAQrisgHd5UBhIBefuBR4AzgCiyAzJEh0oqI1/?a=6383&ch=10010&cr=3&dr=0&lr=all&cd=0%7C0%7C0%7C3&cv=1&br=421&bt=421&cs=2&ds=3&ft=c2YTctGHQPRUZxfusdr~kwPqYldQIKDEE-TerrNqq_45a&mime_type=video_mp4&qs=15&rc=OzZkNDg8OzU7aWQ5ZmVmZEBpajRkdW05cmo1NjMzNGkzM0A0MDVfYmE0XzMxX15eYzBiYSNubWlwMmRjNGlhLS1kLS9zcw%3D%3D&btag=80000e00010000&cquery=100o_101r_100B_100H_100K&dy_q=1760969609&feature_id=b38008770b4e09863331b14b26bcdc23&l=20251020221329FF810B6B17C3D024C6A3', 'https://v5-dy-o-abtest.zjcdn.com/e435e8f5cc2a9cf90f0bece82df7995d/68f66dcf/video/tos/cn/tos-cn-ve-15/okAQrisgHd5UBhIBefuBR4AzgCiyAzJEh0oqI1/?a=6383&ch=10010&cr=3&dr=0&lr=all&cd=0%7C0%7C0%7C3&cv=1&br=421&bt=421&cs=2&ds=3&ft=c2YTctGHQPRUZxfusdr~kwPqYldQIKDEE-TerrNqq_45a&mime_type=video_mp4&qs=15&rc=OzZkNDg8OzU7aWQ5ZmVmZEBpajRkdW05cmo1NjMzNGkzM0A0MDVfYmE0XzMxX15eYzBiYSNubWlwMmRjNGlhLS1kLS9zcw%3D%3D&btag=80000e00010000&cquery=100H_100K_100o_101r_100B&dy_q=1760969609&feature_id=b38008770b4e09863331b14b26bcdc23&l=20251020221329FF810B6B17C3D024C6A3', 'https://www.douyin.com/aweme/v1/play/?video_id=v0200fg10000d3l27gfog65jsrlap1qg&line=0&file_id=ea3cfbaca6ba4f68b278d9e5b18a3378&sign=258cce827e54f97669b2cc018adc1e43&is_play_url=1&source=PackSourceEnum_PUBLISH'], 'width': 720, 'height': 1280, 'url_key': 'v0200fg10000d3l27gfog65jsrlap1qg_bytevc1_720p_431462', 'data_size': 1208526, 'file_hash': '258cce827e54f97669b2cc018adc1e43', 'file_cs': 'c:0-20114-22f0|d:0-604262-4d5f,604263-1208525-ac4d|a:v0200fg10000d3l27gfog65jsrlap1qg'}, 'is_h265': 1, 'is_bytevc1': 1, 'HDR_type': '', 'HDR_bit': '', 'FPS': 30, 'video_extra': '{"PktOffsetMap":"[{\\"time\\": 1, \\"offset\\": 104864}, {\\"time\\": 2, \\"offset\\": 133608}, {\\"time\\": 3, \\"offset\\": 188275}, {\\"time\\": 4, \\"offset\\": 233717}, {\\"time\\": 5, \\"offset\\": 284555}, {\\"time\\": 10, \\"offset\\": 562762}]","format":"mp4","definition":"720p","quality":"adapt_lowest","file_id":"ea3cfbaca6ba4f68b278d9e5b18a3378","applog_map":{"feature_id":"b38008770b4e09863331b14b26bcdc23"},"sr_sharpness_strength":1,"mvmaf":"{\\"mvmaf_sr_v1080\\":96.472,\\"mvmaf_sr_v960\\":97.797,\\"mvmaf_sr_v864\\":98.317,\\"mvmaf_sr_v720\\":98.832,\\"mvmaf_ori_v1080\\":86.029,\\"mvmaf_ori_v960\\":88.953,\\"mvmaf_ori_v864\\":90.267,\\"mvmaf_ori_v720\\":94.022}","ufq":"{\\"enh\\":90.367,\\"playback\\":{\\"ori\\":80.396,\\"srv1\\":89.06},\\"src\\":90.367,\\"trans\\":80.396,\\"version\\":\\"v1.0\\"}","audio_channels":"2.0","audio_sample_rate":"44100","audio_metrics":null,"audio_score":null}', 'format': 'mp4'}, {'gear_name': 'adapt_540_1', 'quality_type': 28, 'bit_rate': 413802, 'play_addr': {'uri': 'v0200fg10000d3l27gfog65jsrlap1qg', 'url_list': ['https://v5-dy-o-abtest.zjcdn.com/d63b59e62c495a7824282c4f8139eb6f/68f66dcf/video/tos/cn/tos-cn-ve-15/oMXsI1iEGuCgth2rAQBAEHdze50ghBvABRiqfy/?a=6383&ch=10010&cr=3&dr=0&lr=all&cd=0%7C0%7C0%7C3&cv=1&br=404&bt=404&cs=2&ds=6&ft=c2YTctGHQPRUZxfusdr~kwPqYldQIKDEE-TerrNqq_45a&mime_type=video_mp4&qs=11&rc=NWg7OTg1aDY4OmhoO2RnZEBpajRkdW05cmo1NjMzNGkzM0AvYF80X2NfNTYxNC4zXzBjYSNubWlwMmRjNGlhLS1kLS9zcw%3D%3D&btag=80000e00010000&cquery=101r_100B_100H_100K_100o&dy_q=1760969609&feature_id=b38008770b4e09863331b14b26bcdc23&l=20251020221329FF810B6B17C3D024C6A3', 'https://v5-dy-o-abtest.zjcdn.com/d63b59e62c495a7824282c4f8139eb6f/68f66dcf/video/tos/cn/tos-cn-ve-15/oMXsI1iEGuCgth2rAQBAEHdze50ghBvABRiqfy/?a=6383&ch=10010&cr=3&dr=0&lr=all&cd=0%7C0%7C0%7C3&cv=1&br=404&bt=404&cs=2&ds=6&ft=c2YTctGHQPRUZxfusdr~kwPqYldQIKDEE-TerrNqq_45a&mime_type=video_mp4&qs=11&rc=NWg7OTg1aDY4OmhoO2RnZEBpajRkdW05cmo1NjMzNGkzM0AvYF80X2NfNTYxNC4zXzBjYSNubWlwMmRjNGlhLS1kLS9zcw%3D%3D&btag=80000e00010000&cquery=101r_100B_100H_100K_100o&dy_q=1760969609&feature_id=b38008770b4e09863331b14b26bcdc23&l=20251020221329FF810B6B17C3D024C6A3', 'https://www.douyin.com/aweme/v1/play/?video_id=v0200fg10000d3l27gfog65jsrlap1qg&line=0&file_id=fa3dba681e7e479583bef2b576b8ce22&sign=ff6dc48d028c4b50bdee78006829187c&is_play_url=1&source=PackSourceEnum_PUBLISH'], 'width': 576, 'height': 1024, 'url_key': 'v0200fg10000d3l27gfog65jsrlap1qg_bytevc1_540p_413802', 'data_size': 1159061, 'file_hash': 'ff6dc48d028c4b50bdee78006829187c', 'file_cs': 'c:0-20114-a16d|d:0-579529-9dbf,579530-1159060-5397|a:v0200fg10000d3l27gfog65jsrlap1qg'}, 'is_h265': 1, 'is_bytevc1': 1, 'HDR_type': '', 'HDR_bit': '', 'FPS': 30, 'video_extra': '{"PktOffsetMap":"[{\\"time\\": 1, \\"offset\\": 98489}, {\\"time\\": 2, \\"offset\\": 125814}, {\\"time\\": 3, \\"offset\\": 177622}, {\\"time\\": 4, \\"offset\\": 220516}, {\\"time\\": 5, \\"offset\\": 268928}, {\\"time\\": 10, \\"offset\\": 532211}]","format":"mp4","definition":"540p","quality":"adapt","file_id":"fa3dba681e7e479583bef2b576b8ce22","applog_map":{"feature_id":"b38008770b4e09863331b14b26bcdc23"},"sr_sharpness_strength":1,"mvmaf":"{\\"mvmaf_sr_v1080\\":94.042,\\"mvmaf_sr_v960\\":95.912,\\"mvmaf_sr_v864\\":96.373,\\"mvmaf_sr_v720\\":98.31,\\"mvmaf_ori_v1080\\":81.647,\\"mvmaf_ori_v960\\":85.544,\\"mvmaf_ori_v864\\":87.353,\\"mvmaf_ori_v720\\":90.475}","ufq":"{\\"enh\\":90.367,\\"playback\\":{\\"ori\\":76.852,\\"srv1\\":87.808},\\"src\\":90.367,\\"trans\\":76.852,\\"version\\":\\"v1.0\\"}","audio_channels":"2.0","audio_sample_rate":"44100","audio_metrics":null,"audio_score":null}', 'format': 'mp4'}, {'gear_name': 'adapt_lower_540_1', 'quality_type': 21, 'bit_rate': 360513, 'play_addr': {'uri': 'v0200fg10000d3l27gfog65jsrlap1qg', 'url_list': ['https://v5-dy-o-abtest.zjcdn.com/4cf2c1143582f3e3e72c730b4c3b39e4/68f66dcf/video/tos/cn/tos-cn-ve-15/ogh5IBHI1aiRA0gfAgzruC0XmXesdACuiEqBPD/?a=6383&ch=10010&cr=3&dr=0&lr=all&cd=0%7C0%7C0%7C3&cv=1&br=352&bt=352&cs=2&ds=6&ft=c2YTctGHQPRUZxfusdr~kwPqYldQIKDEE-TerrNqq_45a&mime_type=video_mp4&qs=14&rc=ZWdpaDg0ZGk4ZWU0PGhmZEBpajRkdW05cmo1NjMzNGkzM0BjNC8yY19hNjYxMzQtLy1gYSNubWlwMmRjNGlhLS1kLS9zcw%3D%3D&btag=80000e00010000&cquery=100H_100K_100o_101r_100B&dy_q=1760969609&feature_id=2ec60419b2ec858b9b1eae59874b17b0&l=20251020221329FF810B6B17C3D024C6A3', 'https://v5-dy-o-abtest.zjcdn.com/4cf2c1143582f3e3e72c730b4c3b39e4/68f66dcf/video/tos/cn/tos-cn-ve-15/ogh5IBHI1aiRA0gfAgzruC0XmXesdACuiEqBPD/?a=6383&ch=10010&cr=3&dr=0&lr=all&cd=0%7C0%7C0%7C3&cv=1&br=352&bt=352&cs=2&ds=6&ft=c2YTctGHQPRUZxfusdr~kwPqYldQIKDEE-TerrNqq_45a&mime_type=video_mp4&qs=14&rc=ZWdpaDg0ZGk4ZWU0PGhmZEBpajRkdW05cmo1NjMzNGkzM0BjNC8yY19hNjYxMzQtLy1gYSNubWlwMmRjNGlhLS1kLS9zcw%3D%3D&btag=80000e00010000&cquery=100K_100o_101r_100B_100H&dy_q=1760969609&feature_id=2ec60419b2ec858b9b1eae59874b17b0&l=20251020221329FF810B6B17C3D024C6A3', 'https://www.douyin.com/aweme/v1/play/?video_id=v0200fg10000d3l27gfog65jsrlap1qg&line=0&file_id=ca0c2e09716b4b959fdab1f55e2f7dfb&sign=2b795c0903d5862c46d9e25ea09f0f87&is_play_url=1&source=PackSourceEnum_PUBLISH'], 'width': 576, 'height': 1024, 'url_key': 'v0200fg10000d3l27gfog65jsrlap1qg_bytevc1_540p_360513', 'data_size': 1009797, 'file_hash': '2b795c0903d5862c46d9e25ea09f0f87', 'file_cs': 'c:0-20114-e309|d:0-504897-77ae,504898-1009796-01a6|a:v0200fg10000d3l27gfog65jsrlap1qg'}, 'is_h265': 1, 'is_bytevc1': 1, 'HDR_type': '', 'HDR_bit': '', 'FPS': 30, 'video_extra': '{"PktOffsetMap":"[{\\"time\\": 1, \\"offset\\": 90370}, {\\"time\\": 2, \\"offset\\": 113799}, {\\"time\\": 3, \\"offset\\": 158223}, {\\"time\\": 4, \\"offset\\": 195637}, {\\"time\\": 5, \\"offset\\": 237388}, {\\"time\\": 10, \\"offset\\": 466410}]","format":"mp4","definition":"540p","quality":"adapt_lower","file_id":"ca0c2e09716b4b959fdab1f55e2f7dfb","applog_map":{"feature_id":"2ec60419b2ec858b9b1eae59874b17b0"},"sr_sharpness_strength":1,"mvmaf":"{\\"mvmaf_sr_v1080\\":92.802,\\"mvmaf_sr_v960\\":94.724,\\"mvmaf_sr_v864\\":95.361,\\"mvmaf_sr_v720\\":97.326,\\"mvmaf_ori_v1080\\":80.679,\\"mvmaf_ori_v960\\":84.482,\\"mvmaf_ori_v864\\":86.132,\\"mvmaf_ori_v720\\":89.444}","ufq":"{\\"enh\\":90.367,\\"playback\\":{\\"ori\\":76.126,\\"srv1\\":86.568},\\"src\\":90.367,\\"trans\\":76.126,\\"version\\":\\"v1.0\\"}","audio_channels":"2.0","audio_sample_rate":"44100","audio_metrics":null,"audio_score":null}', 'format': 'mp4'}], 'duration': 22408, 'play_addr_265': {'uri': 'v0200fg10000d3l27gfog65jsrlap1qg', 'url_list': ['https://v5-dy-o-abtest.zjcdn.com/d63b59e62c495a7824282c4f8139eb6f/68f66dcf/video/tos/cn/tos-cn-ve-15/oMXsI1iEGuCgth2rAQBAEHdze50ghBvABRiqfy/?a=6383&ch=10010&cr=3&dr=0&lr=all&cd=0%7C0%7C0%7C3&cv=1&br=404&bt=404&cs=2&ds=6&ft=c2YTctGHQPRUZxfusdr~kwPqYldQIKDEE-TerrNqq_45a&mime_type=video_mp4&qs=11&rc=NWg7OTg1aDY4OmhoO2RnZEBpajRkdW05cmo1NjMzNGkzM0AvYF80X2NfNTYxNC4zXzBjYSNubWlwMmRjNGlhLS1kLS9zcw%3D%3D&btag=80000e00010000&cquery=101r_100B_100H_100K_100o&dy_q=1760969609&feature_id=b38008770b4e09863331b14b26bcdc23&l=20251020221329FF810B6B17C3D024C6A3', 'https://v5-dy-o-abtest.zjcdn.com/d63b59e62c495a7824282c4f8139eb6f/68f66dcf/video/tos/cn/tos-cn-ve-15/oMXsI1iEGuCgth2rAQBAEHdze50ghBvABRiqfy/?a=6383&ch=10010&cr=3&dr=0&lr=all&cd=0%7C0%7C0%7C3&cv=1&br=404&bt=404&cs=2&ds=6&ft=c2YTctGHQPRUZxfusdr~kwPqYldQIKDEE-TerrNqq_45a&mime_type=video_mp4&qs=11&rc=NWg7OTg1aDY4OmhoO2RnZEBpajRkdW05cmo1NjMzNGkzM0AvYF80X2NfNTYxNC4zXzBjYSNubWlwMmRjNGlhLS1kLS9zcw%3D%3D&btag=80000e00010000&cquery=101r_100B_100H_100K_100o&dy_q=1760969609&feature_id=b38008770b4e09863331b14b26bcdc23&l=20251020221329FF810B6B17C3D024C6A3', 'https://www.douyin.com/aweme/v1/play/?video_id=v0200fg10000d3l27gfog65jsrlap1qg&line=0&file_id=fa3dba681e7e479583bef2b576b8ce22&sign=ff6dc48d028c4b50bdee78006829187c&is_play_url=1&source=PackSourceEnum_PUBLISH'], 'width': 576, 'height': 1024, 'url_key': 'v0200fg10000d3l27gfog65jsrlap1qg_bytevc1_540p_413802', 'data_size': 1159061, 'file_hash': 'ff6dc48d028c4b50bdee78006829187c', 'file_cs': 'c:0-20114-a16d|d:0-579529-9dbf,579530-1159060-5397|a:v0200fg10000d3l27gfog65jsrlap1qg'}, 'bit_rate_audio': None, 'play_addr_h264': {'uri': 'v0200fg10000d3l27gfog65jsrlap1qg', 'url_list': ['https://v5-dy-o-abtest.zjcdn.com/9251481848ff2ae23bca0ee81db88a0b/68f66dcf/video/tos/cn/tos-cn-ve-15/oUf0rse7AUBdqrPiPviHgI7GA1CuEgBzRhQC5A/?a=6383&ch=10010&cr=3&dr=0&lr=all&cd=0%7C0%7C0%7C3&cv=1&br=1073&bt=1073&cs=0&ds=4&ft=c2YTctGHQPRUZxfusdr~kwPqYldQIKDEE-TerrNqq_45a&mime_type=video_mp4&qs=0&rc=ZTs2OmQ6OmZpOmVoZDs6ZkBpajRkdW05cmo1NjMzNGkzM0BhYC1fM2AzNi0xLjAtXjQzYSNubWlwMmRjNGlhLS1kLS9zcw%3D%3D&btag=80000e00010000&cquery=100K_100o_101r_100B_100H&dy_q=1760969609&feature_id=0ea98fd3bdc3c6c14a3d0804cc272721&l=20251020221329FF810B6B17C3D024C6A3', 'https://v5-dy-o-abtest.zjcdn.com/9251481848ff2ae23bca0ee81db88a0b/68f66dcf/video/tos/cn/tos-cn-ve-15/oUf0rse7AUBdqrPiPviHgI7GA1CuEgBzRhQC5A/?a=6383&ch=10010&cr=3&dr=0&lr=all&cd=0%7C0%7C0%7C3&cv=1&br=1073&bt=1073&cs=0&ds=4&ft=c2YTctGHQPRUZxfusdr~kwPqYldQIKDEE-TerrNqq_45a&mime_type=video_mp4&qs=0&rc=ZTs2OmQ6OmZpOmVoZDs6ZkBpajRkdW05cmo1NjMzNGkzM0BhYC1fM2AzNi0xLjAtXjQzYSNubWlwMmRjNGlhLS1kLS9zcw%3D%3D&btag=80000e00010000&cquery=101r_100B_100H_100K_100o&dy_q=1760969609&feature_id=0ea98fd3bdc3c6c14a3d0804cc272721&l=20251020221329FF810B6B17C3D024C6A3', 'https://www.douyin.com/aweme/v1/play/?video_id=v0200fg10000d3l27gfog65jsrlap1qg&line=0&file_id=6c77a80a3e1b470f9c67c76ab703c8db&sign=ec60a5f37b7b19d20071df9f3b55ed6d&is_play_url=1&source=PackSourceEnum_PUBLISH'], 'width': 1080, 'height': 1920, 'url_key': 'v0200fg10000d3l27gfog65jsrlap1qg_h264_1080p_1098950', 'data_size': 3078160, 'file_hash': 'ec60a5f37b7b19d20071df9f3b55ed6d', 'file_cs': 'c:0-19942-fef9|d:0-1539079-470c,1539080-3078159-7a56|a:v0200fg10000d3l27gfog65jsrlap1qg'}, 'raw_cover': {'uri': 'tos-cn-i-dy/377eca66fd2d418ba823af3c012315fd', 'url_list': ['https://p3-pc-sign.douyinpic.com/tos-cn-i-dy/377eca66fd2d418ba823af3c012315fd~tplv-dy-cropcenter:323:430.jpeg?lk3s=138a59ce&x-expires=2076328800&x-signature=QajvvJpfQvRn6g1W2wFcjbiVy6c%3D&from=327834062&s=PackSourceEnum_PUBLISH&se=true&sh=323_430&sc=cover&biz_tag=pcweb_cover&l=20251020221329FF810B6B17C3D024C6A3', 'https://p3-pc-sign.douyinpic.com/obj/tos-cn-i-dy/377eca66fd2d418ba823af3c012315fd?lk3s=138a59ce&x-expires=2076328800&x-signature=bSSaFLPyVe%2FbVlmBIn%2BQ%2F2ZGAbQ%3D&from=327834062&s=PackSourceEnum_PUBLISH&se=false&sc=cover&biz_tag=pcweb_cover&l=20251020221329FF810B6B17C3D024C6A3'], 'width': 720, 'height': 720}, 'animated_cover': {'uri': 'tos-cn-i-dy/377eca66fd2d418ba823af3c012315fd', 'url_list': ['https://p9-pc-sign.douyinpic.com/obj/tos-cn-i-dy/377eca66fd2d418ba823af3c012315fd?lk3s=138a59ce&x-expires=1762178400&x-signature=%2B%2BohpUxHQU%2FQ8xX18Ks4BRy614M%3D&from=327834062_large&s=PackSourceEnum_PUBLISH&se=false&sc=dynamic_cover&biz_tag=pcweb_cover&l=20251020221329FF810B6B17C3D024C6A3', 'https://p3-pc-sign.douyinpic.com/obj/tos-cn-i-dy/377eca66fd2d418ba823af3c012315fd?lk3s=138a59ce&x-expires=1762178400&x-signature=LugVs6dTMBnRi11VNQRJkIwTRBE%3D&from=327834062_large&s=PackSourceEnum_PUBLISH&se=false&sc=dynamic_cover&biz_tag=pcweb_cover&l=20251020221329FF810B6B17C3D024C6A3']}, 'gaussian_cover': {'uri': 'tos-cn-p-0015/oAf0MsejAqBdqqjiQJiHgIHKA1zuIgBzRhAC5A', 'url_list': ['https://p3-pc-sign.douyinpic.com/tos-cn-p-0015/oAf0MsejAqBdqqjiQJiHgIHKA1zuIgBzRhAC5A~tplv-tsj2vxp0zn-gaosi:40.jpeg?lk3s=138a59ce&x-expires=1792504800&x-signature=mwiRK6A28wuUcBzW%2F%2Fa8ZUzBkRI%3D&from=327834062', 'https://p9-pc-sign.douyinpic.com/tos-cn-p-0015/oAf0MsejAqBdqqjiQJiHgIHKA1zuIgBzRhAC5A~tplv-tsj2vxp0zn-gaosi:40.jpeg?lk3s=138a59ce&x-expires=1792504800&x-signature=8rqvBYJU78Neh%2F7V%2FjGJ9F6rHIU%3D&from=327834062'], 'width': 720, 'height': 720}, 'misc_download_addrs': '{"suffix_scene":{"uri":"v0200fg10000d3l27gfog65jsrlap1qg","url_list":["https://v5-dy-o-abtest.zjcdn.com/7ad9eadfccf2e2b185ee97632a5a362e/68f66dcf/video/tos/cn/tos-cn-ve-15/o0AAQEhuP50EfBFDzrBRsIg3CdieiHigpFqA1u/?a=6383\\u0026ch=10010\\u0026cr=3\\u0026dr=0\\u0026lr=all\\u0026cd=0%7C0%7C0%7C3\\u0026cv=1\\u0026br=1176\\u0026bt=1176\\u0026cs=0\\u0026ds=3\\u0026ft=c2YTctGHQPRUZxfusdr~kwPqYldQIKDEE-TerrNqq_45a\\u0026mime_type=video_mp4\\u0026qs=0\\u0026rc=ODs6NWVmNjloOzc1ZDY2aEBpajRkdW05cmo1NjMzNGkzM0BgXmIxYGBgXzYxYDMtLTBhYSNubWlwMmRjNGlhLS1kLS9zcw%3D%3D\\u0026btag=80000e00010000\\u0026cquery=100B_100H_100K_100o_101r\\u0026dy_q=1760969609\\u0026feature_id=dc6e471fd69cf67451806384e04f2b47\\u0026l=20251020221329FF810B6B17C3D024C6A3","https://v5-dy-o-abtest.zjcdn.com/7ad9eadfccf2e2b185ee97632a5a362e/68f66dcf/video/tos/cn/tos-cn-ve-15/o0AAQEhuP50EfBFDzrBRsIg3CdieiHigpFqA1u/?a=6383\\u0026ch=10010\\u0026cr=3\\u0026dr=0\\u0026lr=all\\u0026cd=0%7C0%7C0%7C3\\u0026cv=1\\u0026br=1176\\u0026bt=1176\\u0026cs=0\\u0026ds=3\\u0026ft=c2YTctGHQPRUZxfusdr~kwPqYldQIKDEE-TerrNqq_45a\\u0026mime_type=video_mp4\\u0026qs=0\\u0026rc=ODs6NWVmNjloOzc1ZDY2aEBpajRkdW05cmo1NjMzNGkzM0BgXmIxYGBgXzYxYDMtLTBhYSNubWlwMmRjNGlhLS1kLS9zcw%3D%3D\\u0026btag=80000e00010000\\u0026cquery=100K_100o_101r_100B_100H\\u0026dy_q=1760969609\\u0026feature_id=dc6e471fd69cf67451806384e04f2b47\\u0026l=20251020221329FF810B6B17C3D024C6A3","https://www.douyin.com/aweme/v1/play/?video_id=v0200fg10000d3l27gfog65jsrlap1qg\\u0026line=0\\u0026ratio=540p\\u0026watermark=1\\u0026media_type=4\\u0026vr_type=0\\u0026improve_bitrate=0\\u0026biz_sign=NRPI1lC4AlkgB1YZ_o3Jx_AfESRKvePEcuaQqoxjc3uwTcZpA4pDnMsHo6XT9VaaOzLa7CA0Ou-V1V2BgVkSdNAa60_MDGbNHaUZIZuaRMUGyO7s5wbVW7et0I2xs1hA\\u0026logo_name=aweme_diversion_search\\u0026source=PackSourceEnum_PUBLISH"],"width":720,"height":720,"data_size":3827782,"file_cs":"c:0-25790-ca2e"}}', 'meta': '{"bright_ratio_mean":"0.4094","brightness_mean":"199.4857","diff_overexposure_ratio":"0.0021","enable_manual_ladder":"1","format":"mp4","gear_vqm":"{\\"1080p_720p\\":2,\\"720p_540p\\":1}","hrids":"500000002","is_spatial_video":"0","isad":"0","loudness":"-15","overexposure_ratio_mean":"0.3062","peak":"0.98855","qprf":"1.000","sdgs":"[\\"normal_1080_0\\",\\"normal_540_0\\",\\"normal_720_0\\",\\"low_720_0\\",\\"low_540_0\\",\\"lower_540_0\\",\\"adapt_lowest_1080_1\\",\\"adapt_low_540_0\\",\\"adapt_lowest_720_1\\",\\"adapt_540_1\\",\\"adapt_lower_540_1\\"]","sr_potential":"{\\"v1.0\\":{\\"score\\":65.022}}","sr_score":"1.000","std_brightness":"15.8842","strategy_tokens":"[\\"online\\",\\"sexp_0701_0819\\",\\"sexp_reward02_0721\\",\\"sexp_0702_0819\\",\\"sexp_reward01_0721\\"]","title_info":"{\\"avg_br_pc\\":218,\\"bottom_res_add\\":[1.82,0.45,0,33.64,45.9,0,0,0,0,0,0,0,0,0,0],\\"bullet_zone\\":14.91,\\"mean_br_l\\":[234.61,227.87,218.91,209.38,199.55,188.8],\\"pc60_br_l\\":[244.81,235.79,223.72,211.82,200.07,186.81],\\"progress_bar\\":[244,244,244],\\"ratio_br_l\\":[244.81,235.75,223.42,211.7,199.24,185.54],\\"ratio_br_l_thre220\\":[0.96,0.79,0.6,0.48,0.4,0.35],\\"ratio_edge_l\\":[0,0,0,0.14,0.12,0.1],\\"std_br_l\\":[48.92,38.8,27.45,21,16.93,15.9],\\"top_res_add\\":[0,0,0,1.64,48.64,44.82,10.82],\\"version\\":\\"v1.0\\"}","volume_info":"{\\"LoudnessRangeStart\\":-17.5,\\"Metrics\\":{\\"Loudness\\":{\\"Integrated\\":-15.036},\\"Phase\\":{\\"RMSDownmixDiff\\":-0.062},\\"RMSStats\\":{\\"LRDiff\\":-0.092,\\"LTotal\\":-18.463,\\"Peak\\":-0.07,\\"RTotal\\":-18.372},\\"Version\\":\\"1.4.2\\"},\\"Loudness\\":-15,\\"LoudnessRangeEnd\\":-13.6,\\"MaximumMomentaryLoudness\\":-11.1,\\"MaximumShortTermLoudness\\":-13.2,\\"Peak\\":0.98855,\\"Version\\":2,\\"LoudnessRange\\":3.9}","vqs_origin":"72.78"}', 'video_model': '', 'is_source_HDR': 0, 'use_static_cover': True, 'big_thumbs': []}, 'item_aigc_follow_shot': 1, 'user_digged': 0, 'statistics': {'recommend_count': 603, 'comment_count': 918, 'digg_count': 13745, 'admire_count': 0, 'play_count': 0, 'share_count': 11076, 'collect_count': 6080}, 'status': {'not_allow_soft_del_reason': 'ab', 'is_delete': False, 'allow_share': True, 'review_result': {'review_status': 0}, 'allow_friend_recommend_guide': True, 'part_see': 0, 'private_status': 0, 'listen_video_status': 2, 'in_reviewing': False, 'allow_self_recommend_to_friend': True, 'allow_friend_recommend': True, 'is_prohibited': False, 'enable_soft_delete': 0}, 'personal_page_botton_diagnose_style': 0, 'text_extra': [], 'is_top': 0, 'game_tag_info': {'is_game': False}, 'share_info': {'share_url': 'https://www.iesdouyin.com/share/video/7559895170733460788/?region=US&mid=7559895159635495714&u_code=0&did=MS4wLjABAAAAvCMmrvAxedjvycgJ9K0iX5KdtDHpyq-etIWoeicy6xniB0XMxRYv3S-CyP_GdsPs&iid=MS4wLjABAAAANwkJuWIRFOzg5uCpDRpMj4OX-QryoDgn-yYlXQnRwQQ&with_sec_did=1&video_share_track_ver=&titleType=title&share_sign=gFp9oxJQMOell_JB1eVxAoTqe3Dct4sdn3lkBv3EQ.g-&share_version=290100&ts=1760969609&from_aid=6383&from_ssr=1&share_track_info=%7B%22link_description_type%22%3A%22%22%7D', 'share_link_desc': '2.53 NJi:/ 12/12 c@n.qE 别忽视父亲的爱 真正的完整养育，是父爱如山的力量+母爱如水的温柔。 # 幼儿教育# 父母课堂# 育儿# 亲子关系# 家庭教育# 孙瑞雪  %s 复制此链接，打开Dou音搜索，直接观看视频！'}, 'nearby_hot_comment': None, 'video_labels': None, 'entertainment_video_paid_way': {'paid_ways': [], 'paid_type': 0, 'enable_use_new_ent_data': False}, 'is_ads': False, 'duration': 22408, 'aweme_type': 0, 'select_anchor_expanded_content': 0, 'ai_follow_images': None, 'image_infos': None, 'risk_infos': {'vote': False, 'warn': False, 'risk_sink': False, 'type': 0, 'content': ''}, 'galileo_pad_textcrop': {'ipad_d_h_cut_ratio': [4, 4], 'ipad_d_v_cut_ratio': [2, 2], 'android_d_h_cut_ratio': [4], 'android_d_v_cut_ratio': None, 'version': 1}, 'ent_log_extra': {'log_extra': '{"global_log_extra":null,"page_log_extra":null,"aweme_log_extra":{"ce_current_group_id":"7559895170733460788","author_id":"1965574329213736"},"extra_log_extra":null}'}, 'position': None, 'uniqid_position': None, 'comment_list': None, 'author_user_id': 1965574329213736, 'product_genre_info': {'product_genre_type': 2, 'material_genre_sub_type_set': [4], 'special_info': {'recommend_group_name': 0}}, 'geofencing': [], 'series_basic_info': {}, 'is_moment_history': 0, 'region': '', 'video_text': None, 'trends_infos': None, 'collect_stat': 0, 'label_top_text': None, 'promotions': [], 'group_id': '7376662693433888054', 'prevent_download': False, 'nickname_position': None, 'challenge_position': None, 'entertainment_video_type': 3, 'is_24_story': 0, 'enable_comment_sticker_rec': False, 'long_video': None, 'shoot_way': '', 'trends_event_track': '{}', 'video_share_edit_status': 0, 'follow_shoot_clip_info': {'clip_video_all': 7559895159635495714, 'clip_from_user': 7559895159635495714}, 'interaction_stickers': None, 'publish_plus_alienation': {'alienation_type': 0}, 'origin_comment_ids': None, 'commerce_config_data': None, 'caption_template_id': 0, 'video_control': {'allow_download': False, 'share_type': 0, 'show_progress_bar': 0, 'draft_progress_bar': 0, 'allow_duet': True, 'allow_react': True, 'prevent_download_type': 3, 'allow_dynamic_wallpaper': False, 'timer_status': 1, 'allow_music': True, 'allow_stitch': True, 'allow_douplus': True, 'allow_share': True, 'share_grayed': False, 'download_ignore_visibility': False, 'duet_ignore_visibility': False, 'share_ignore_visibility': False, 'download_info': {'level': 1, 'fail_info': {'code': 200021, 'reason': 'only_self', 'msg': '作者已关闭下载功能'}}, 'duet_info': {'level': 0}, 'allow_record': True, 'disable_record_reason': '', 'timer_info': {'public_time': 1760265000, 'timer_status': 0}}, 'aweme_control': {'can_forward': True, 'can_share': True, 'can_comment': True, 'can_show_comment': True}, 'douplus_user_type': 0, 'is_25_story': 0, 'can_cache_to_local': True, 'is_moment_story': 0, 'anchors': None, 'hybrid_label': None, 'geofencing_regions': None, 'interest_points': None, 'aweme_type_tags': '', 'is_story': 0, 'component_control': {'data_source_url': '/aweme/v1/web/aweme/post/'}, 'flash_mob_trends': 0, 'follow_shot_assets': None, 'cover_labels': None, 'is_new_text_mode': 0, 'mv_info': None, 'guide_btn_type': 0, 'is_from_ad_auth': False, 'origin_duet_resource_uri': '', 'images': None, 'relation_labels': None, 'cf_assets_type': 0, 'impression_data': {'group_id_list_a': [], 'group_id_list_b': [], 'similar_id_list_a': None, 'similar_id_list_b': None, 'group_id_list_c': [], 'group_id_list_d': []}, 'aweme_listen_struct': {'trace_info': '{"copyright_not_speech":"false","copyright_reason":"has_listen_cp_new","copyright_tag_hit":"","copyright_use_aed_default":"false","copyright_use_tag_default":"false","cp_ab":"true","desc":"","duration_over":"false","hit_high_risk":"false","media_type":"4","reason":"hit_ab_0","show":"false"}'}, 'chapter_bar_color': None, 'libfinsert_task_id': '', 'social_tag_list': None, 'suggest_words': {'suggest_words': [{'words': [{'word': '爸爸爱孩子的典型特征', 'word_id': '7517342978827539722', 'info': '{"End":0,"Start":0,"ecpm_boost_tag":false,"log_pb":"","qrec_for_search":"{}","query_type":"ai"}'}], 'scene': 'feed_bottom_rec', 'icon_url': '', 'hint_text': '相关搜索', 'extra_info': '{"resp_from":"hit_cache"}'}, {'words': [], 'scene': 'detail_inbox_rex', 'icon_url': '', 'hint_text': '', 'extra_info': '{}'}, {'words': [{'word': '爸爸爱孩子的典型特征', 'word_id': '7517342978827539722', 'info': '{"End":0,"Start":0,"ecpm_boost_tag":false,"log_pb":"","qrec_for_search":"{}"}'}, {'word': '孙瑞雪', 'word_id': '6574011292313507076', 'info': '{"End":0,"Start":0,"ecpm_boost_tag":false,"log_pb":"","qrec_for_search":"{}"}'}, {'word': '被父母爱的孩子体型', 'word_id': '7559944220867335433', 'info': '{"End":0,"Start":0,"ecpm_boost_tag":false,"log_pb":"","qrec_for_search":"{}"}'}, {'word': '父亲对孩子的影响到底有多大', 'word_id': '6789995228603356430', 'info': '{"End":0,"Start":0,"ecpm_boost_tag":false,"log_pb":"","qrec_for_search":"{}"}'}, {'word': '父亲爱的教育意义', 'word_id': '6846780155134743816', 'info': '{"End":0,"Start":0,"ecpm_boost_tag":false,"log_pb":"","qrec_for_search":"{}"}'}, {'word': '父亲的爱', 'word_id': '6585100767521166599', 'info': '{"End":0,"Start":0,"ecpm_boost_tag":false,"log_pb":"","qrec_for_search":"{}"}'}, {'word': '父爱的表现有哪些', 'word_id': '6718363558037427460', 'info': '{"End":0,"Start":0,"ecpm_boost_tag":false,"log_pb":"","qrec_for_search":"{}"}'}, {'word': '爸爸给予孩子的力量', 'word_id': '6925260739141833997', 'info': '{"End":0,"Start":0,"ecpm_boost_tag":false,"log_pb":"","qrec_for_search":"{}"}'}, {'word': '父亲关爱子女的方式', 'word_id': '7109663591498224927', 'info': '{"End":0,"Start":0,"ecpm_boost_tag":false,"log_pb":"","qrec_for_search":"{}"}'}], 'scene': 'comment_top_rec', 'icon_url': '', 'hint_text': '大家都在搜：', 'extra_info': '{"resp_from":"hit_cache"}'}]}, 'show_follow_button': {}, 'duet_aggregate_in_music_tab': False, 'is_duet_sing': False, 'comment_permission_info': {'comment_permission_status': 0, 'can_comment': True, 'item_detail_entry': False, 'press_entry': False, 'toast_guide': False}, 'original_images': None, 'series_paid_info': {'series_paid_status': 0, 'item_price': 0}, 'img_bitrate': None, 'comment_gid': 7559895170733460788, 'image_album_music_info': {'begin_time': -1, 'end_time': -1, 'volume': -1}, 'video_tag': [{'tag_id': 2024, 'tag_name': '亲子', 'level': 1}, {'tag_id': 2024006, 'tag_name': '母婴', 'level': 2}, {'tag_id': 2024006003, 'tag_name': '育儿知识', 'level': 3}], 'is_collects_selected': 0, 'chapter_list': None, 'feed_comment_config': {'input_config_text': '善语结善缘，恶言伤人心', 'author_audit_status': 0, 'common_flags': '{"item_author_nickname":"孙瑞雪聊教育","video_labels_v2_tag1":"母婴","video_labels_v2_tag2":"育儿理念"}'}, 'is_image_beat': False, 'dislike_dimension_list': None, 'standard_bar_info_list': None, 'photo_search_entrance': {'ecom_type': 0}, 'is_life_item': False, 'image_list': None, 'component_info_v2': '{"desc_lines_limit":0,"hide_marquee":false}', 'item_warn_notification': {'type': 0, 'show': False, 'content': ''}, 'origin_text_extra': None, 'disable_relation_bar': 0, 'packed_clips': None, 'author_mask_tag': 0, 'user_recommend_status': 1, 'collection_corner_mark': 0, 'is_share_post': False, 'image_comment': {}, 'visual_search_info': {'is_show_img_entrance': False, 'is_ecom_img': False, 'is_high_accuracy_ecom': False, 'is_high_recall_ecom': False}, 'tts_id_list': None, 'ref_tts_id_list': None, 'voice_modify_id_list': None, 'ref_voice_modify_id_list': None, 'authentication_token': 'MS4wLjAAAAAALQDoMhiS2oWGSeq9-lbQb_oSZBfq5mpQYeFWvBSmcjY_6Fei3dGBwqSLifM223io41qzGZs4OpVFVsyKpHKhbT7k_0PefD791U4p13ikOZSpGdtO0H8yvvYa2ZV8xhDGw1CQ6b-xEUSXCAMWVv6GqJREdCTGSgBIcSk_nQ4igqRpQJ31ANEdRFbuUMH_qY409wg6s5TWmwmlv9iDr3a-tuz8P2pfwYJmhyKIgMcAgwSiDOmaZziKuOaFmzn6higm', 'video_game_data_channel_config': {}, 'dislike_dimension_list_v2': None, 'distribute_circle': {'distribute_type': 0, 'campus_block_interaction': False, 'is_campus': False}, 'image_crop_ctrl': 0, 'yumme_recreason': None, 'slides_music_beats': None, 'jump_tab_info_list': None, 'media_type': 4, 'reply_smart_emojis': None, 'activity_video_type': -1, 'boost_status': 0, 'create_scale_type': None, 'entertainment_product_info': {'sub_title': None, 'market_info': {'limit_free': {'in_free': False}, 'marketing_tag': None}}, 'caption': '真正的完整养育，是父爱如山的力量+母爱如水的温柔。\n\n#幼儿教育#父母课堂#育儿#亲子关系#家庭教育#孙瑞雪', 'item_title': '别忽视父亲的爱', 'is_use_music': False, 'original': 0, 'xigua_base_info': {'status': 0, 'star_altar_order_id': 0, 'star_altar_type': 0, 'item_id': 0}, 'mark_largely_following': False, 'friend_recommend_info': {'friend_recommend_source': 10, 'label_user_list': None, 'disable_friend_recommend_guide_label': False}}, {'aweme_id': '7559893446475910440', 'desc': '被爱的孩子眼里有光！ 如果你对你的宝宝表达爱宠，你会发现他的神态十分有光，十分安宁。  \n#幼儿教育#父母课堂#育儿#亲子关系#家庭教育#孙瑞雪', 'create_time': 1760182200, 'author': {'uid': '1965574329213736', 'card_entries_not_display': None, 'nickname': '孙瑞雪聊教育', 'personal_tag_list': None, 'homepage_bottom_toast': None, 'avatar_thumb': {'uri': '100x100/aweme-avatar/tos-cn-avt-0015_afee5b125df955a19af4c41159ad1295', 'url_list': ['https://p3-pc.douyinpic.com/aweme/100x100/aweme-avatar/tos-cn-avt-0015_afee5b125df955a19af4c41159ad1295.jpeg?from=327834062'], 'width': 720, 'height': 720}, 'batch_unfollow_contain_tabs': None, 'not_seen_item_id_list': None, 'follow_status': 0, 'contrail_list': None, 'story_interactive': 0, 'data_label_list': None, 'custom_verify': '', 'follower_list_secondary_information_struct': None, 'display_info': None, 'interest_tags': None, 'account_cert_info': '{}', 'user_tags': None, 'share_info': {'share_url': '', 'share_weibo_desc': '', 'share_desc': '', 'share_title': '', 'share_qrcode_url': {'uri': '31b0500316c4e154852bc', 'url_list': ['https://p3-pc-sign.douyinpic.com/obj/31b0500316c4e154852bc?lk3s=138a59ce&x-expires=1760990400&x-signature=VnOegD8kfOkclbkCT%2BIUAVSkQl4%3D&from=327834062'], 'width': 720, 'height': 720}, 'share_title_myself': '', 'share_title_other': '', 'share_desc_info': ''}, 'can_set_geofencing': None, 'sec_uid': 'MS4wLjABAAAAnAFnkWlOm9jteymsi42fanYLMzfbqdGIwCILEUqDNmFyjfK9N8fSJdS_D2UWk_we', 'need_points': None, 'enterprise_verify_reason': '', 'is_ad_fake': False, 'story_ttl': 0, 'user_permissions': None, 'card_entries': None, 'creator_tag_list': None, 'offline_info_list': None, 'text_extra': None, 'card_sort_priority': None, 'prevent_download': False, 'special_people_labels': None, 'white_cover_url': None, 'endorsement_info_list': None, 'follower_status': 0, 'profile_mob_params': None, 'familiar_visitor_user': None, 'avatar_schema_list': None, 'cover_url': [{'uri': 'c8510002be9a3a61aad2', 'url_list': ['https://p3-pc-sign.douyinpic.com/obj/c8510002be9a3a61aad2?lk3s=138a59ce&x-expires=1762178400&x-signature=bEz6E0nbTH1458RtDsUU87G74Mk%3D&from=327834062'], 'width': 720, 'height': 720}], 'cf_list': None, 'im_role_ids': None, 'not_seen_item_id_list_v2': None, 'signature_extra': None, 'risk_notice_text': '', 'ban_user_functions': None, 'profile_component_disabled': None, 'verification_permission_ids': None, 'identity_labels': None, 'private_relation_list': None, 'link_item_list': None, 'batch_unfollow_relation_desc': None}, 'music': {'id': 7559893486318160649, 'id_str': '7559893486318160649', 'title': '@孙瑞雪聊教育创作的原声', 'author': '孙瑞雪聊教育', 'album': '', 'cover_hd': {'uri': '1080x1080/aweme-avatar/tos-cn-avt-0015_afee5b125df955a19af4c41159ad1295', 'url_list': ['https://p3-pc.douyinpic.com/aweme/1080x1080/aweme-avatar/tos-cn-avt-0015_afee5b125df955a19af4c41159ad1295.jpeg?from=327834062'], 'width': 720, 'height': 720}, 'cover_large': {'uri': '1080x1080/aweme-avatar/tos-cn-avt-0015_afee5b125df955a19af4c41159ad1295', 'url_list': ['https://p3-pc.douyinpic.com/aweme/1080x1080/aweme-avatar/tos-cn-avt-0015_afee5b125df955a19af4c41159ad1295.jpeg?from=327834062'], 'width': 720, 'height': 720}, 'cover_medium': {'uri': '720x720/aweme-avatar/tos-cn-avt-0015_afee5b125df955a19af4c41159ad1295', 'url_list': ['https://p3-pc.douyinpic.com/aweme/720x720/aweme-avatar/tos-cn-avt-0015_afee5b125df955a19af4c41159ad1295.jpeg?from=327834062'], 'width': 720, 'height': 720}, 'cover_thumb': {'uri': '100x100/aweme-avatar/tos-cn-avt-0015_afee5b125df955a19af4c41159ad1295', 'url_list': ['https://p3-pc.douyinpic.com/aweme/100x100/aweme-avatar/tos-cn-avt-0015_afee5b125df955a19af4c41159ad1295.jpeg?from=327834062'], 'width': 720, 'height': 720}, 'play_url': {'uri': 'https://lf9-music-east.douyinstatic.com/obj/ies-music-hj/7559893500687387451.mp3', 'url_list': ['https://lf9-music-east.douyinstatic.com/obj/ies-music-hj/7559893500687387451.mp3', 'https://lf26-music-east.douyinstatic.com/obj/ies-music-hj/7559893500687387451.mp3'], 'width': 720, 'height': 720, 'url_key': '7559893486318160649'}, 'schema_url': '', 'source_platform': 23, 'start_time': 0, 'end_time': 0, 'duration': 80, 'extra': '{"aed_singing_score":0.01,"aggregate_exempt_conf":[],"beats":{},"cover_colors":null,"douyin_beats_info":{},"dsp_switch":0,"extract_item_id":7559893446475910440,"has_edited":0,"hit_high_follow_auto":false,"hit_high_follow_extend":false,"hit_high_follow_original":false,"hotsoon_review_time":-1,"is_aed_music":0,"is_high_follow_user":false,"is_red":0,"is_subsidy_exp":false,"music_label_id":null,"music_tagging":{"AEDs":null,"Genres":null,"Instruments":null,"Languages":null,"Moods":null,"SingingVersions":null,"Themes":null},"review_unshelve_reason":0,"reviewed":0,"schedule_search_time":0,"uniqa_speech_score":0.95,"with_aed_model":0}', 'user_count': 0, 'position': None, 'collect_stat': 0, 'status': 1, 'offline_desc': '', 'owner_id': '1965574329213736', 'owner_nickname': '孙瑞雪聊教育', 'is_original': False, 'mid': '7559893486318160649', 'binded_challenge_id': 0, 'redirect': False, 'is_restricted': False, 'author_deleted': False, 'is_del_video': False, 'is_video_self_see': False, 'owner_handle': '63566855132', 'author_position': None, 'prevent_download': False, 'unshelve_countries': None, 'prevent_item_download_status': 0, 'external_song_info': [], 'sec_uid': 'MS4wLjABAAAAnAFnkWlOm9jteymsi42fanYLMzfbqdGIwCILEUqDNmFyjfK9N8fSJdS_D2UWk_we', 'avatar_thumb': {'uri': '100x100/aweme-avatar/tos-cn-avt-0015_afee5b125df955a19af4c41159ad1295', 'url_list': ['https://p3-pc.douyinpic.com/aweme/100x100/aweme-avatar/tos-cn-avt-0015_afee5b125df955a19af4c41159ad1295.jpeg?from=327834062'], 'width': 720, 'height': 720}, 'avatar_medium': {'uri': '720x720/aweme-avatar/tos-cn-avt-0015_afee5b125df955a19af4c41159ad1295', 'url_list': ['https://p3-pc.douyinpic.com/aweme/720x720/aweme-avatar/tos-cn-avt-0015_afee5b125df955a19af4c41159ad1295.jpeg?from=327834062'], 'width': 720, 'height': 720}, 'avatar_large': {'uri': '1080x1080/aweme-avatar/tos-cn-avt-0015_afee5b125df955a19af4c41159ad1295', 'url_list': ['https://p3-pc.douyinpic.com/aweme/1080x1080/aweme-avatar/tos-cn-avt-0015_afee5b125df955a19af4c41159ad1295.jpeg?from=327834062'], 'width': 720, 'height': 720}, 'preview_start_time': 0, 'preview_end_time': 0, 'is_commerce_music': False, 'is_original_sound': True, 'audition_duration': 80, 'shoot_duration': 80, 'reason_type': 0, 'artists': [], 'lyric_short_position': None, 'mute_share': False, 'tag_list': None, 'dmv_auto_show': False, 'is_pgc': False, 'is_matched_metadata': False, 'is_audio_url_with_cookie': False, 'music_chart_ranks': None, 'can_background_play': True, 'music_status': 1, 'video_duration': 80, 'pgc_music_type': 2, 'author_status': 1, 'search_impr': {'entity_id': '7559893486318160649'}, 'artist_user_infos': None, 'dsp_status': 10, 'musician_user_infos': None, 'music_collect_count': 0, 'music_cover_atmosphere_color_value': '', 'show_origin_clip': False}, 'effect_inflow_effects': None, 'video': {'play_addr': {'uri': 'v0300fg10000d3l24ofog65i7muqur4g', 'url_list': ['https://v5-dy-o-abtest.zjcdn.com/e8a16b7b95a31172352f0c093fd3e576/68f66e09/video/tos/cn/tos-cn-ve-15/oERBfIkGAsZCaT9Le7R7BAAIg9Uvm1RQEDMfaG/?a=6383&ch=10010&cr=3&dr=0&lr=all&cd=0%7C0%7C0%7C3&cv=1&br=658&bt=658&cs=0&ds=3&ft=c2YTctGHQPRUZxfusdr~kwPqYldQIKDEE-TerrNqq_45a&mime_type=video_mp4&qs=0&rc=NWdpNTs1NzxpNWQ2Mzk0Z0BpanV0cGw5cnI1NjMzNGkzM0A1XzAuMS41NV8xMjE0YTMyYSMxcnI0MmRjMWlhLS1kLTBzcw%3D%3D&btag=80000e00028000&cquery=100B_100H_100K_100o_101r&dy_q=1760969609&feature_id=fea919893f650a8c49286568590446ef&l=20251020221329FF810B6B17C3D024C6A3', 'https://v5-dy-o-abtest.zjcdn.com/e8a16b7b95a31172352f0c093fd3e576/68f66e09/video/tos/cn/tos-cn-ve-15/oERBfIkGAsZCaT9Le7R7BAAIg9Uvm1RQEDMfaG/?a=6383&ch=10010&cr=3&dr=0&lr=all&cd=0%7C0%7C0%7C3&cv=1&br=658&bt=658&cs=0&ds=3&ft=c2YTctGHQPRUZxfusdr~kwPqYldQIKDEE-TerrNqq_45a&mime_type=video_mp4&qs=0&rc=NWdpNTs1NzxpNWQ2Mzk0Z0BpanV0cGw5cnI1NjMzNGkzM0A1XzAuMS41NV8xMjE0YTMyYSMxcnI0MmRjMWlhLS1kLTBzcw%3D%3D&btag=80000e00028000&cquery=100B_100H_100K_100o_101r&dy_q=1760969609&feature_id=fea919893f650a8c49286568590446ef&l=20251020221329FF810B6B17C3D024C6A3', 'https://www.douyin.com/aweme/v1/play/?video_id=v0300fg10000d3l24ofog65i7muqur4g&line=0&file_id=5d61d670435a42bf89841248123fbd82&sign=2b74cec5a8c9b99f1fa6ab6b16e11652&is_play_url=1&source=PackSourceEnum_PUBLISH'], 'width': 720, 'height': 1280, 'url_key': 'v0300fg10000d3l24ofog65i7muqur4g_h264_720p_674652', 'data_size': 6798810, 'file_hash': '2b74cec5a8c9b99f1fa6ab6b16e11652', 'file_cs': 'c:0-89073-a859|a:v0300fg10000d3l24ofog65i7muqur4g'}, 'cover': {'uri': 'tos-cn-i-dy/ff2c1b5a65b2462f905136c4d222a9f2', 'url_list': ['https://p3-pc-sign.douyinpic.com/tos-cn-i-dy/ff2c1b5a65b2462f905136c4d222a9f2~tplv-dy-cropcenter:323:430.jpeg?lk3s=138a59ce&x-expires=2076328800&x-signature=5BuWOHvKdczU%2FSTnECOzPhusy78%3D&from=327834062&s=PackSourceEnum_PUBLISH&se=true&sh=323_430&sc=cover&biz_tag=pcweb_cover&l=20251020221329FF810B6B17C3D024C6A3', 'https://p3-pc-sign.douyinpic.com/obj/tos-cn-i-dy/ff2c1b5a65b2462f905136c4d222a9f2?lk3s=138a59ce&x-expires=2076328800&x-signature=k0FM2iNQ9EgsqlGUjh0z0mbbqGg%3D&from=327834062&s=PackSourceEnum_PUBLISH&se=false&sc=cover&biz_tag=pcweb_cover&l=20251020221329FF810B6B17C3D024C6A3'], 'width': 720, 'height': 720}, 'height': 1920, 'width': 1080, 'dynamic_cover': {'uri': 'tos-cn-i-dy/ff2c1b5a65b2462f905136c4d222a9f2', 'url_list': ['https://p3-pc-sign.douyinpic.com/obj/tos-cn-i-dy/ff2c1b5a65b2462f905136c4d222a9f2?lk3s=138a59ce&x-expires=1762178400&x-signature=XMEGu1QBSNueno16GppL1HtmUWQ%3D&from=327834062_large&s=PackSourceEnum_PUBLISH&se=false&sc=dynamic_cover&biz_tag=pcweb_cover&l=20251020221329FF810B6B17C3D024C6A3', 'https://p9-pc-sign.douyinpic.com/obj/tos-cn-i-dy/ff2c1b5a65b2462f905136c4d222a9f2?lk3s=138a59ce&x-expires=1762178400&x-signature=lYpjNPQyKoAG2PfLUgOCVoqnR8I%3D&from=327834062_large&s=PackSourceEnum_PUBLISH&se=false&sc=dynamic_cover&biz_tag=pcweb_cover&l=20251020221329FF810B6B17C3D024C6A3'], 'width': 720, 'height': 720}, 'origin_cover': {'uri': 'tos-cn-p-0015/ogfeIAEPJywOL0bqbWBJIs2IgAixA0ARdvBDpi', 'url_list': ['https://p3-pc-sign.douyinpic.com/tos-cn-p-0015/ogfeIAEPJywOL0bqbWBJIs2IgAixA0ARdvBDpi~tplv-dy-360p.jpeg?lk3s=138a59ce&x-expires=1762178400&x-signature=Fz%2BHE%2FcZ2Dk5a3CX8JSgHLv%2Fi%2Fs%3D&from=327834062&s=PackSourceEnum_PUBLISH&se=false&sc=origin_cover&biz_tag=pcweb_cover&l=20251020221329FF810B6B17C3D024C6A3', 'https://p9-pc-sign.douyinpic.com/tos-cn-p-0015/ogfeIAEPJywOL0bqbWBJIs2IgAixA0ARdvBDpi~tplv-dy-360p.jpeg?lk3s=138a59ce&x-expires=1762178400&x-signature=Ua4j0lUcYSTUxFPRNGXkM5lkQ7Y%3D&from=327834062&s=PackSourceEnum_PUBLISH&se=false&sc=origin_cover&biz_tag=pcweb_cover&l=20251020221329FF810B6B17C3D024C6A3'], 'width': 360, 'height': 640}, 'ratio': '720p', 'format': 'mp4', 'audio': {'original_sound_infos': None}, 'bit_rate': [{'gear_name': 'normal_720_0', 'quality_type': 10, 'bit_rate': 674652, 'play_addr': {'uri': 'v0300fg10000d3l24ofog65i7muqur4g', 'url_list': ['https://v5-dy-o-abtest.zjcdn.com/e8a16b7b95a31172352f0c093fd3e576/68f66e09/video/tos/cn/tos-cn-ve-15/oERBfIkGAsZCaT9Le7R7BAAIg9Uvm1RQEDMfaG/?a=6383&ch=10010&cr=3&dr=0&lr=all&cd=0%7C0%7C0%7C3&cv=1&br=658&bt=658&cs=0&ds=3&ft=c2YTctGHQPRUZxfusdr~kwPqYldQIKDEE-TerrNqq_45a&mime_type=video_mp4&qs=0&rc=NWdpNTs1NzxpNWQ2Mzk0Z0BpanV0cGw5cnI1NjMzNGkzM0A1XzAuMS41NV8xMjE0YTMyYSMxcnI0MmRjMWlhLS1kLTBzcw%3D%3D&btag=80000e00028000&cquery=100B_100H_100K_100o_101r&dy_q=1760969609&feature_id=fea919893f650a8c49286568590446ef&l=20251020221329FF810B6B17C3D024C6A3', 'https://v5-dy-o-abtest.zjcdn.com/e8a16b7b95a31172352f0c093fd3e576/68f66e09/video/tos/cn/tos-cn-ve-15/oERBfIkGAsZCaT9Le7R7BAAIg9Uvm1RQEDMfaG/?a=6383&ch=10010&cr=3&dr=0&lr=all&cd=0%7C0%7C0%7C3&cv=1&br=658&bt=658&cs=0&ds=3&ft=c2YTctGHQPRUZxfusdr~kwPqYldQIKDEE-TerrNqq_45a&mime_type=video_mp4&qs=0&rc=NWdpNTs1NzxpNWQ2Mzk0Z0BpanV0cGw5cnI1NjMzNGkzM0A1XzAuMS41NV8xMjE0YTMyYSMxcnI0MmRjMWlhLS1kLTBzcw%3D%3D&btag=80000e00028000&cquery=100B_100H_100K_100o_101r&dy_q=1760969609&feature_id=fea919893f650a8c49286568590446ef&l=20251020221329FF810B6B17C3D024C6A3', 'https://www.douyin.com/aweme/v1/play/?video_id=v0300fg10000d3l24ofog65i7muqur4g&line=0&file_id=5d61d670435a42bf89841248123fbd82&sign=2b74cec5a8c9b99f1fa6ab6b16e11652&is_play_url=1&source=PackSourceEnum_PUBLISH'], 'width': 720, 'height': 1280, 'url_key': 'v0300fg10000d3l24ofog65i7muqur4g_h264_720p_674652', 'data_size': 6798810, 'file_hash': '2b74cec5a8c9b99f1fa6ab6b16e11652', 'file_cs': 'c:0-89073-a859|a:v0300fg10000d3l24ofog65i7muqur4g'}, 'is_h265': 0, 'is_bytevc1': 0, 'HDR_type': '', 'HDR_bit': '', 'FPS': 30, 'video_extra': '{"PktOffsetMap":"[{\\"time\\": 1, \\"offset\\": 213017}, {\\"time\\": 2, \\"offset\\": 269628}, {\\"time\\": 3, \\"offset\\": 320331}, {\\"time\\": 4, \\"offset\\": 408449}, {\\"time\\": 5, \\"offset\\": 488921}, {\\"time\\": 10, \\"offset\\": 1006306}]","format":"mp4","definition":"720p","quality":"normal","file_id":"5d61d670435a42bf89841248123fbd82","applog_map":{"feature_id":"fea919893f650a8c49286568590446ef"},"audio_channels":"2.0","audio_sample_rate":"44100","audio_metrics":null,"audio_score":null}', 'format': 'mp4'}, {'gear_name': 'low_720_0', 'quality_type': 211, 'bit_rate': 587278, 'play_addr': {'uri': 'v0300fg10000d3l24ofog65i7muqur4g', 'url_list': ['https://v5-dy-o-abtest.zjcdn.com/0130f60871609e7e23e8f83211702535/68f66e09/video/tos/cn/tos-cn-ve-15/owvuYA9zEGA9aIRRf1LeBCAUsufkTkg97WGIBD/?a=6383&ch=10010&cr=3&dr=0&lr=all&cd=0%7C0%7C0%7C3&cv=1&br=573&bt=573&cs=0&ds=3&ft=c2YTctGHQPRUZxfusdr~kwPqYldQIKDEE-TerrNqq_45a&mime_type=video_mp4&qs=1&rc=ZTZnaTM1OGVpaDhoaGhpaEBpanV0cGw5cnI1NjMzNGkzM0BfMDNgNjAxXy4xYy42YGAvYSMxcnI0MmRjMWlhLS1kLTBzcw%3D%3D&btag=80000e00028000&cquery=100K_100o_101r_100B_100H&dy_q=1760969609&feature_id=0ea98fd3bdc3c6c14a3d0804cc272721&l=20251020221329FF810B6B17C3D024C6A3', 'https://v5-dy-o-abtest.zjcdn.com/0130f60871609e7e23e8f83211702535/68f66e09/video/tos/cn/tos-cn-ve-15/owvuYA9zEGA9aIRRf1LeBCAUsufkTkg97WGIBD/?a=6383&ch=10010&cr=3&dr=0&lr=all&cd=0%7C0%7C0%7C3&cv=1&br=573&bt=573&cs=0&ds=3&ft=c2YTctGHQPRUZxfusdr~kwPqYldQIKDEE-TerrNqq_45a&mime_type=video_mp4&qs=1&rc=ZTZnaTM1OGVpaDhoaGhpaEBpanV0cGw5cnI1NjMzNGkzM0BfMDNgNjAxXy4xYy42YGAvYSMxcnI0MmRjMWlhLS1kLTBzcw%3D%3D&btag=80000e00028000&cquery=100o_101r_100B_100H_100K&dy_q=1760969609&feature_id=0ea98fd3bdc3c6c14a3d0804cc272721&l=20251020221329FF810B6B17C3D024C6A3', 'https://www.douyin.com/aweme/v1/play/?video_id=v0300fg10000d3l24ofog65i7muqur4g&line=0&file_id=2ecfce9e1ef54e1fbb453290cf6d33bb&sign=e1e08ae2bdf3a25899fcbbba9c77f730&is_play_url=1&source=PackSourceEnum_PUBLISH'], 'width': 720, 'height': 1280, 'url_key': 'v0300fg10000d3l24ofog65i7muqur4g_h264_720p_587278', 'data_size': 5918299, 'file_hash': 'e1e08ae2bdf3a25899fcbbba9c77f730', 'file_cs': 'c:0-67820-3c22|a:v0300fg10000d3l24ofog65i7muqur4g'}, 'is_h265': 0, 'is_bytevc1': 0, 'HDR_type': '', 'HDR_bit': '', 'FPS': 30, 'video_extra': '{"PktOffsetMap":"[{\\"time\\": 1, \\"offset\\": 182455}, {\\"time\\": 2, \\"offset\\": 228607}, {\\"time\\": 3, \\"offset\\": 268873}, {\\"time\\": 4, \\"offset\\": 345541}, {\\"time\\": 5, \\"offset\\": 415686}, {\\"time\\": 10, \\"offset\\": 874210}]","format":"mp4","definition":"720p","quality":"low","file_id":"2ecfce9e1ef54e1fbb453290cf6d33bb","applog_map":{"feature_id":"0ea98fd3bdc3c6c14a3d0804cc272721"},"audio_channels":"2.0","audio_sample_rate":"44100","audio_metrics":null,"audio_score":null}', 'format': 'mp4'}, {'gear_name': 'low_540_0', 'quality_type': 292, 'bit_rate': 546269, 'play_addr': {'uri': 'v0300fg10000d3l24ofog65i7muqur4g', 'url_list': ['https://v5-dy-o-abtest.zjcdn.com/d6c2f7dc60c0e7797c544fccba8fff89/68f66e09/video/tos/cn/tos-cn-ve-15/oUFyQfbbBAD0iQ2AwsiXRCIYdBDEPJvgyaetEA/?a=6383&ch=10010&cr=3&dr=0&lr=all&cd=0%7C0%7C0%7C3&cv=1&br=533&bt=533&cs=0&ds=6&ft=c2YTctGHQPRUZxfusdr~kwPqYldQIKDEE-TerrNqq_45a&mime_type=video_mp4&qs=1&rc=OTRlNTk0Mzs2OWU8OWgzZkBpanV0cGw5cnI1NjMzNGkzM0BeXjUyMTBgX2IxM2NeYzAyYSMxcnI0MmRjMWlhLS1kLTBzcw%3D%3D&btag=80000e00028000&cquery=101r_100B_100H_100K_100o&dy_q=1760969609&feature_id=0ea98fd3bdc3c6c14a3d0804cc272721&l=20251020221329FF810B6B17C3D024C6A3', 'https://v5-dy-o-abtest.zjcdn.com/d6c2f7dc60c0e7797c544fccba8fff89/68f66e09/video/tos/cn/tos-cn-ve-15/oUFyQfbbBAD0iQ2AwsiXRCIYdBDEPJvgyaetEA/?a=6383&ch=10010&cr=3&dr=0&lr=all&cd=0%7C0%7C0%7C3&cv=1&br=533&bt=533&cs=0&ds=6&ft=c2YTctGHQPRUZxfusdr~kwPqYldQIKDEE-TerrNqq_45a&mime_type=video_mp4&qs=1&rc=OTRlNTk0Mzs2OWU8OWgzZkBpanV0cGw5cnI1NjMzNGkzM0BeXjUyMTBgX2IxM2NeYzAyYSMxcnI0MmRjMWlhLS1kLTBzcw%3D%3D&btag=80000e00028000&cquery=100B_100H_100K_100o_101r&dy_q=1760969609&feature_id=0ea98fd3bdc3c6c14a3d0804cc272721&l=20251020221329FF810B6B17C3D024C6A3', 'https://www.douyin.com/aweme/v1/play/?video_id=v0300fg10000d3l24ofog65i7muqur4g&line=0&file_id=5c30fea6f96b46e3b8c03146528ba1a6&sign=d8aa01ee546a0638f50399382a0de3f4&is_play_url=1&source=PackSourceEnum_PUBLISH'], 'width': 576, 'height': 1024, 'url_key': 'v0300fg10000d3l24ofog65i7muqur4g_h264_540p_546269', 'data_size': 5505026, 'file_hash': 'd8aa01ee546a0638f50399382a0de3f4', 'file_cs': 'c:0-67804-c515|a:v0300fg10000d3l24ofog65i7muqur4g'}, 'is_h265': 0, 'is_bytevc1': 0, 'HDR_type': '', 'HDR_bit': '', 'FPS': 30, 'video_extra': '{"PktOffsetMap":"[{\\"time\\": 1, \\"offset\\": 173549}, {\\"time\\": 2, \\"offset\\": 217521}, {\\"time\\": 3, \\"offset\\": 256179}, {\\"time\\": 4, \\"offset\\": 327486}, {\\"time\\": 5, \\"offset\\": 391866}, {\\"time\\": 10, \\"offset\\": 806291}]","format":"mp4","definition":"540p","quality":"low","file_id":"5c30fea6f96b46e3b8c03146528ba1a6","applog_map":{"feature_id":"0ea98fd3bdc3c6c14a3d0804cc272721"},"audio_channels":"2.0","audio_sample_rate":"44100","audio_metrics":null,"audio_score":null}', 'format': 'mp4'}, {'gear_name': 'adapt_low_540_0', 'quality_type': 291, 'bit_rate': 381076, 'play_addr': {'uri': 'v0300fg10000d3l24ofog65i7muqur4g', 'url_list': ['https://v5-dy-o-abtest.zjcdn.com/36401b1d5cb5e4594381eaeba20318dd/68f66e09/video/tos/cn/tos-cn-ve-15/owq2XR7PBEbWJsyEAviQDFewbBfY0DAIiQgbAd/?a=6383&ch=10010&cr=3&dr=0&lr=all&cd=0%7C0%7C0%7C3&cv=1&br=372&bt=372&cs=0&ds=6&ft=c2YTctGHQPRUZxfusdr~kwPqYldQIKDEE-TerrNqq_45a&mime_type=video_mp4&qs=12&rc=aDVmaTxmOjg1OzplODg1ZkBpanV0cGw5cnI1NjMzNGkzM0AxLl9hNTItXzAxYS0wXl8yYSMxcnI0MmRjMWlhLS1kLTBzcw%3D%3D&btag=80000e00028000&cquery=100H_100K_100o_101r_100B&dy_q=1760969609&feature_id=0ea98fd3bdc3c6c14a3d0804cc272721&l=20251020221329FF810B6B17C3D024C6A3', 'https://v5-dy-o-abtest.zjcdn.com/36401b1d5cb5e4594381eaeba20318dd/68f66e09/video/tos/cn/tos-cn-ve-15/owq2XR7PBEbWJsyEAviQDFewbBfY0DAIiQgbAd/?a=6383&ch=10010&cr=3&dr=0&lr=all&cd=0%7C0%7C0%7C3&cv=1&br=372&bt=372&cs=0&ds=6&ft=c2YTctGHQPRUZxfusdr~kwPqYldQIKDEE-TerrNqq_45a&mime_type=video_mp4&qs=12&rc=aDVmaTxmOjg1OzplODg1ZkBpanV0cGw5cnI1NjMzNGkzM0AxLl9hNTItXzAxYS0wXl8yYSMxcnI0MmRjMWlhLS1kLTBzcw%3D%3D&btag=80000e00028000&cquery=100K_100o_101r_100B_100H&dy_q=1760969609&feature_id=0ea98fd3bdc3c6c14a3d0804cc272721&l=20251020221329FF810B6B17C3D024C6A3', 'https://www.douyin.com/aweme/v1/play/?video_id=v0300fg10000d3l24ofog65i7muqur4g&line=0&file_id=5cb2a5350bd74832b5075c89dfbc124e&sign=4cdb94c4f84be30e52745c05cc218d4c&is_play_url=1&source=PackSourceEnum_PUBLISH'], 'width': 576, 'height': 1024, 'url_key': 'v0300fg10000d3l24ofog65i7muqur4g_h264_540p_381076', 'data_size': 3840297, 'file_hash': '4cdb94c4f84be30e52745c05cc218d4c', 'file_cs': 'c:0-67803-48cb|a:v0300fg10000d3l24ofog65i7muqur4g'}, 'is_h265': 0, 'is_bytevc1': 0, 'HDR_type': '', 'HDR_bit': '', 'FPS': 30, 'video_extra': '{"PktOffsetMap":"[{\\"time\\": 1, \\"offset\\": 143321}, {\\"time\\": 2, \\"offset\\": 172449}, {\\"time\\": 3, \\"offset\\": 198003}, {\\"time\\": 4, \\"offset\\": 247472}, {\\"time\\": 5, \\"offset\\": 293464}, {\\"time\\": 10, \\"offset\\": 587187}]","format":"mp4","definition":"540p","quality":"adapt_low","file_id":"5cb2a5350bd74832b5075c89dfbc124e","applog_map":{"feature_id":"0ea98fd3bdc3c6c14a3d0804cc272721"},"audio_channels":"2.0","audio_sample_rate":"44100","audio_metrics":null,"audio_score":null}', 'format': 'mp4'}, {'gear_name': 'adapt_lowest_1080_1', 'quality_type': 2, 'bit_rate': 338687, 'play_addr': {'uri': 'v0300fg10000d3l24ofog65i7muqur4g', 'url_list': ['https://v5-dy-o-abtest.zjcdn.com/5b2f9fc824a8eaf4241d035446d4be9d/68f66e09/video/tos/cn/tos-cn-ve-15/oYP0b6E2DAQyQeTYgIiJdQDBwfbbvZRiAABXqE/?a=6383&ch=10010&cr=3&dr=0&lr=all&cd=0%7C0%7C0%7C3&cv=1&br=330&bt=330&cs=2&ds=4&ft=c2YTctGHQPRUZxfusdr~kwPqYldQIKDEE-TerrNqq_45a&mime_type=video_mp4&qs=15&rc=ZDpnZzU0PDM5NWZmPDQ5M0BpanV0cGw5cnI1NjMzNGkzM0BhMjQ2LTYzXjUxNTQzNV9fYSMxcnI0MmRjMWlhLS1kLTBzcw%3D%3D&btag=80000e00028000&cquery=100o_101r_100B_100H_100K&dy_q=1760969609&feature_id=b38008770b4e09863331b14b26bcdc23&l=20251020221329FF810B6B17C3D024C6A3', 'https://v5-dy-o-abtest.zjcdn.com/5b2f9fc824a8eaf4241d035446d4be9d/68f66e09/video/tos/cn/tos-cn-ve-15/oYP0b6E2DAQyQeTYgIiJdQDBwfbbvZRiAABXqE/?a=6383&ch=10010&cr=3&dr=0&lr=all&cd=0%7C0%7C0%7C3&cv=1&br=330&bt=330&cs=2&ds=4&ft=c2YTctGHQPRUZxfusdr~kwPqYldQIKDEE-TerrNqq_45a&mime_type=video_mp4&qs=15&rc=ZDpnZzU0PDM5NWZmPDQ5M0BpanV0cGw5cnI1NjMzNGkzM0BhMjQ2LTYzXjUxNTQzNV9fYSMxcnI0MmRjMWlhLS1kLTBzcw%3D%3D&btag=80000e00028000&cquery=100K_100o_101r_100B_100H&dy_q=1760969609&feature_id=b38008770b4e09863331b14b26bcdc23&l=20251020221329FF810B6B17C3D024C6A3', 'https://www.douyin.com/aweme/v1/play/?video_id=v0300fg10000d3l24ofog65i7muqur4g&line=0&file_id=b0b681697c8c4286a06991029d7d57da&sign=7da52aaf52f352da5533003958dd3d77&is_play_url=1&source=PackSourceEnum_PUBLISH'], 'width': 1080, 'height': 1920, 'url_key': 'v0300fg10000d3l24ofog65i7muqur4g_bytevc1_1080p_338687', 'data_size': 3413126, 'file_hash': '7da52aaf52f352da5533003958dd3d77', 'file_cs': 'c:0-67977-ee69|a:v0300fg10000d3l24ofog65i7muqur4g'}, 'is_h265': 1, 'is_bytevc1': 1, 'HDR_type': '', 'HDR_bit': '', 'FPS': 30, 'video_extra': '{"PktOffsetMap":"[{\\"time\\": 1, \\"offset\\": 149317}, {\\"time\\": 2, \\"offset\\": 174312}, {\\"time\\": 3, \\"offset\\": 202611}, {\\"time\\": 4, \\"offset\\": 251378}, {\\"time\\": 5, \\"offset\\": 303905}, {\\"time\\": 10, \\"offset\\": 550478}]","format":"mp4","definition":"1080p","quality":"adapt_lowest","file_id":"b0b681697c8c4286a06991029d7d57da","applog_map":{"feature_id":"b38008770b4e09863331b14b26bcdc23"},"mvmaf":"{\\"mvmaf_sr_v1080\\":99.034,\\"mvmaf_sr_v960\\":99.061,\\"mvmaf_sr_v864\\":99.342,\\"mvmaf_sr_v720\\":99.356,\\"mvmaf_ori_v1080\\":93.2,\\"mvmaf_ori_v960\\":93.811,\\"mvmaf_ori_v864\\":94.258,\\"mvmaf_ori_v720\\":95.022}","ufq":"{\\"enh\\":93.385,\\"playback\\":{\\"ori\\":90.585,\\"srv1\\":92.341},\\"src\\":93.385,\\"trans\\":90.585,\\"version\\":\\"v1.0\\"}","audio_channels":"2.0","audio_sample_rate":"44100","audio_metrics":null,"audio_score":null}', 'format': 'mp4'}, {'gear_name': 'adapt_lowest_720_1', 'quality_type': 15, 'bit_rate': 312411, 'play_addr': {'uri': 'v0300fg10000d3l24ofog65i7muqur4g', 'url_list': ['https://v5-dy-o-abtest.zjcdn.com/8f62209be89f110e2675ee8689ee74f2/68f66e09/video/tos/cn/tos-cn-ve-15/oYIGIGCeEV2QafB7DS1R9gLTSAmGvXABAeIcUC/?a=6383&ch=10010&cr=3&dr=0&lr=all&cd=0%7C0%7C0%7C3&cv=1&br=305&bt=305&cs=2&ds=3&ft=c2YTctGHQPRUZxfusdr~kwPqYldQIKDEE-TerrNqq_45a&mime_type=video_mp4&qs=15&rc=NzRpZDw1OTM6ZTk6M2c4PEBpanV0cGw5cnI1NjMzNGkzM0A1MjE2YDBjNmExYGM2XzBeYSMxcnI0MmRjMWlhLS1kLTBzcw%3D%3D&btag=80000e00028000&cquery=100o_101r_100B_100H_100K&dy_q=1760969609&feature_id=b38008770b4e09863331b14b26bcdc23&l=20251020221329FF810B6B17C3D024C6A3', 'https://v5-dy-o-abtest.zjcdn.com/8f62209be89f110e2675ee8689ee74f2/68f66e09/video/tos/cn/tos-cn-ve-15/oYIGIGCeEV2QafB7DS1R9gLTSAmGvXABAeIcUC/?a=6383&ch=10010&cr=3&dr=0&lr=all&cd=0%7C0%7C0%7C3&cv=1&br=305&bt=305&cs=2&ds=3&ft=c2YTctGHQPRUZxfusdr~kwPqYldQIKDEE-TerrNqq_45a&mime_type=video_mp4&qs=15&rc=NzRpZDw1OTM6ZTk6M2c4PEBpanV0cGw5cnI1NjMzNGkzM0A1MjE2YDBjNmExYGM2XzBeYSMxcnI0MmRjMWlhLS1kLTBzcw%3D%3D&btag=80000e00028000&cquery=101r_100B_100H_100K_100o&dy_q=1760969609&feature_id=b38008770b4e09863331b14b26bcdc23&l=20251020221329FF810B6B17C3D024C6A3', 'https://www.douyin.com/aweme/v1/play/?video_id=v0300fg10000d3l24ofog65i7muqur4g&line=0&file_id=a935bd90f7c64bd790f632c99a4f5184&sign=ef45a78c72c412c2e8f74b792ddb40ec&is_play_url=1&source=PackSourceEnum_PUBLISH'], 'width': 720, 'height': 1280, 'url_key': 'v0300fg10000d3l24ofog65i7muqur4g_bytevc1_720p_312411', 'data_size': 3148327, 'file_hash': 'ef45a78c72c412c2e8f74b792ddb40ec', 'file_cs': 'c:0-67978-7a2a|a:v0300fg10000d3l24ofog65i7muqur4g'}, 'is_h265': 1, 'is_bytevc1': 1, 'HDR_type': '', 'HDR_bit': '', 'FPS': 30, 'video_extra': '{"PktOffsetMap":"[{\\"time\\": 1, \\"offset\\": 137014}, {\\"time\\": 2, \\"offset\\": 158420}, {\\"time\\": 3, \\"offset\\": 183985}, {\\"time\\": 4, \\"offset\\": 232002}, {\\"time\\": 5, \\"offset\\": 282645}, {\\"time\\": 10, \\"offset\\": 498288}]","format":"mp4","definition":"720p","quality":"adapt_lowest","file_id":"a935bd90f7c64bd790f632c99a4f5184","applog_map":{"feature_id":"b38008770b4e09863331b14b26bcdc23"},"mvmaf":"{\\"mvmaf_sr_v1080\\":97.789,\\"mvmaf_sr_v960\\":98.764,\\"mvmaf_sr_v864\\":99.242,\\"mvmaf_sr_v720\\":99.575,\\"mvmaf_ori_v1080\\":87.076,\\"mvmaf_ori_v960\\":90.148,\\"mvmaf_ori_v864\\":91.486,\\"mvmaf_ori_v720\\":94.794}","ufq":"{\\"enh\\":93.385,\\"playback\\":{\\"ori\\":84.461,\\"srv1\\":92.092},\\"src\\":93.385,\\"trans\\":84.461,\\"version\\":\\"v1.0\\"}","audio_channels":"2.0","audio_sample_rate":"44100","audio_metrics":null,"audio_score":null}', 'format': 'mp4'}, {'gear_name': 'adapt_540_1', 'quality_type': 28, 'bit_rate': 294373, 'play_addr': {'uri': 'v0300fg10000d3l24ofog65i7muqur4g', 'url_list': ['https://v5-dy-o-abtest.zjcdn.com/b229cd2f46f3b5537b88edf93911ee29/68f66e09/video/tos/cn/tos-cn-ve-15/osBazDQAG4ALSIESPf72I1evqTGSBCFIegWR9U/?a=6383&ch=10010&cr=3&dr=0&lr=all&cd=0%7C0%7C0%7C3&cv=1&br=287&bt=287&cs=2&ds=6&ft=c2YTctGHQPRUZxfusdr~kwPqYldQIKDEE-TerrNqq_45a&mime_type=video_mp4&qs=11&rc=NTxlOjhmN2Q5OTY5aTxmPEBpanV0cGw5cnI1NjMzNGkzM0BfYDZiYzFgNl4xY2JiLzUyYSMxcnI0MmRjMWlhLS1kLTBzcw%3D%3D&btag=80000e00028000&cquery=100H_100K_100o_101r_100B&dy_q=1760969609&feature_id=b38008770b4e09863331b14b26bcdc23&l=20251020221329FF810B6B17C3D024C6A3', 'https://v5-dy-o-abtest.zjcdn.com/b229cd2f46f3b5537b88edf93911ee29/68f66e09/video/tos/cn/tos-cn-ve-15/osBazDQAG4ALSIESPf72I1evqTGSBCFIegWR9U/?a=6383&ch=10010&cr=3&dr=0&lr=all&cd=0%7C0%7C0%7C3&cv=1&br=287&bt=287&cs=2&ds=6&ft=c2YTctGHQPRUZxfusdr~kwPqYldQIKDEE-TerrNqq_45a&mime_type=video_mp4&qs=11&rc=NTxlOjhmN2Q5OTY5aTxmPEBpanV0cGw5cnI1NjMzNGkzM0BfYDZiYzFgNl4xY2JiLzUyYSMxcnI0MmRjMWlhLS1kLTBzcw%3D%3D&btag=80000e00028000&cquery=100o_101r_100B_100H_100K&dy_q=1760969609&feature_id=b38008770b4e09863331b14b26bcdc23&l=20251020221329FF810B6B17C3D024C6A3', 'https://www.douyin.com/aweme/v1/play/?video_id=v0300fg10000d3l24ofog65i7muqur4g&line=0&file_id=598c29efe6f346a69ac44cf5e79bc9b2&sign=c26753f7f3f3402bdc091b1972ebf4e5&is_play_url=1&source=PackSourceEnum_PUBLISH'], 'width': 576, 'height': 1024, 'url_key': 'v0300fg10000d3l24ofog65i7muqur4g_bytevc1_540p_294373', 'data_size': 2966546, 'file_hash': 'c26753f7f3f3402bdc091b1972ebf4e5', 'file_cs': 'c:0-67978-e1b1|a:v0300fg10000d3l24ofog65i7muqur4g'}, 'is_h265': 1, 'is_bytevc1': 1, 'HDR_type': '', 'HDR_bit': '', 'FPS': 30, 'video_extra': '{"PktOffsetMap":"[{\\"time\\": 1, \\"offset\\": 130559}, {\\"time\\": 2, \\"offset\\": 151567}, {\\"time\\": 3, \\"offset\\": 176555}, {\\"time\\": 4, \\"offset\\": 223071}, {\\"time\\": 5, \\"offset\\": 268968}, {\\"time\\": 10, \\"offset\\": 464130}]","format":"mp4","definition":"540p","quality":"adapt","file_id":"598c29efe6f346a69ac44cf5e79bc9b2","applog_map":{"feature_id":"b38008770b4e09863331b14b26bcdc23"},"mvmaf":"{\\"mvmaf_sr_v1080\\":95.138,\\"mvmaf_sr_v960\\":97.232,\\"mvmaf_sr_v864\\":98.076,\\"mvmaf_sr_v720\\":98.862,\\"mvmaf_ori_v1080\\":82.559,\\"mvmaf_ori_v960\\":85.977,\\"mvmaf_ori_v864\\":87.87,\\"mvmaf_ori_v720\\":90.886}","ufq":"{\\"enh\\":93.385,\\"playback\\":{\\"ori\\":80.555,\\"srv1\\":91.561},\\"src\\":93.385,\\"trans\\":80.555,\\"version\\":\\"v1.0\\"}","audio_channels":"2.0","audio_sample_rate":"44100","audio_metrics":null,"audio_score":null}', 'format': 'mp4'}, {'gear_name': 'low_720_0', 'quality_type': 211, 'bit_rate': 530438, 'play_addr': {'uri': 'v0300fg10000d3l24ofog65i7muqur4g', 'url_list': ['https://v5-dy-o-abtest.zjcdn.com/20b2645275d06aa3791140facd181e33/68f79559/video/tos/cn/tos-cn-vd-0026/oElA2BeIIA1uRDSG9ACT7eANAvRfLaBAGIHEuY/media-video-avc1/?a=6383&ch=0&cr=8&dr=0&er=1&lr=default&cd=0%7C0%7C0%7C3&cv=1&br=518&bt=518&cs=0&ds=3&mime_type=video_mp4&qs=1&rc=aTNoOWU0ZmczODVkaWY5OEBpanV0cGw5cnI1NjMzNGkzM0A2L2M1YzFfNjIxM2E0YF4tYSMxcnI0MmRjMWlhLS1kLTBzcw%3D%3D&btag=80000e00028000&cquery=101r_100o&dy_q=1760969609&l=20251020221329FF810B6B17C3D024C6A3', 'https://v5-dy-o-abtest.zjcdn.com/20b2645275d06aa3791140facd181e33/68f79559/video/tos/cn/tos-cn-vd-0026/oElA2BeIIA1uRDSG9ACT7eANAvRfLaBAGIHEuY/media-video-avc1/?a=6383&ch=0&cr=8&dr=0&er=1&lr=default&cd=0%7C0%7C0%7C3&cv=1&br=518&bt=518&cs=0&ds=3&mime_type=video_mp4&qs=1&rc=aTNoOWU0ZmczODVkaWY5OEBpanV0cGw5cnI1NjMzNGkzM0A2L2M1YzFfNjIxM2E0YF4tYSMxcnI0MmRjMWlhLS1kLTBzcw%3D%3D&btag=80000e00028000&cquery=101r_100o&dy_q=1760969609&l=20251020221329FF810B6B17C3D024C6A3', 'https://www.douyin.com/aweme/v1/play/dash/?video_id=v0300fg10000d3l24ofog65i7muqur4g&line=0&file_id=05a6cc7fda6245509dbc41fb86fe209f&sign=7256ee41803af4dd9289c78b65adcdf3&is_play_url=1&source=PackSourceEnum_PUBLISH'], 'width': 720, 'height': 1280, 'url_key': 'v0300fg10000d3l24ofog65i7muqur4g_h264_720p_530438', 'data_size': 5344160, 'file_hash': '7256ee41803af4dd9289c78b65adcdf3'}, 'is_h265': 0, 'is_bytevc1': 0, 'HDR_type': '', 'HDR_bit': '', 'FPS': 30, 'video_extra': '{"PktOffsetMap":"","format":"dash","sub_info":"{\\"audio_channels\\":\\"2.0\\",\\"audio_layout\\":\\"C\\",\\"audio_sample_rate\\":\\"44100\\",\\"base_range_info\\":{\\"first_moof_range\\":\\"1147-3246\\",\\"index_range\\":\\"995-1146\\",\\"init_range\\":\\"0-994\\"},\\"check_info\\":{\\"check_info\\":\\"a:v0300fg10000d3l24ofog65i7muqur4g|b:0-1146-e071606ea81ea9ef1e24859933ae1483|c:0-1146-bb90\\"},\\"first_segment_range\\":\\"1147-558048\\",\\"gear_des_key\\":\\"0:DASH|1:normal|2:h264|4:720p|5:low|10000:105\\",\\"quality_type\\":11}","definition":"720p","quality":"low","quality_desc":"","file_id":"05a6cc7fda6245509dbc41fb86fe209f","real_bitrate":587278,"audio_file_id":"6f97330a456b97c04ea4c9e5ab0052ed","applog_map":{"feature_id":"0ea98fd3bdc3c6c14a3d0804cc272721"},"audio_metrics":null,"audio_score":null}', 'format': 'dash'}, {'gear_name': 'low_540_0', 'quality_type': 292, 'bit_rate': 489454, 'play_addr': {'uri': 'v0300fg10000d3l24ofog65i7muqur4g', 'url_list': ['https://v5-dy-o-abtest.zjcdn.com/625be49ad7090d8c1bd36bc26ae5c33c/68f79559/video/tos/cn/tos-cn-vd-0026/osweRSLeAvGD52jYBAGAAT1I79RAuCHBAEIaeX/media-video-avc1/?a=6383&ch=0&cr=8&dr=0&er=1&lr=default&cd=0%7C0%7C0%7C3&cv=1&br=477&bt=477&cs=0&ds=6&mime_type=video_mp4&qs=1&rc=OWkzNTUzMzhnaWY1NTxmaEBpanV0cGw5cnI1NjMzNGkzM0A2NS4yNmIvX2MxLjYwYTIyYSMxcnI0MmRjMWlhLS1kLTBzcw%3D%3D&btag=80000e00028000&cquery=101r_100o&dy_q=1760969609&l=20251020221329FF810B6B17C3D024C6A3', 'https://v5-dy-o-abtest.zjcdn.com/625be49ad7090d8c1bd36bc26ae5c33c/68f79559/video/tos/cn/tos-cn-vd-0026/osweRSLeAvGD52jYBAGAAT1I79RAuCHBAEIaeX/media-video-avc1/?a=6383&ch=0&cr=8&dr=0&er=1&lr=default&cd=0%7C0%7C0%7C3&cv=1&br=477&bt=477&cs=0&ds=6&mime_type=video_mp4&qs=1&rc=OWkzNTUzMzhnaWY1NTxmaEBpanV0cGw5cnI1NjMzNGkzM0A2NS4yNmIvX2MxLjYwYTIyYSMxcnI0MmRjMWlhLS1kLTBzcw%3D%3D&btag=80000e00028000&cquery=101r_100o&dy_q=1760969609&l=20251020221329FF810B6B17C3D024C6A3', 'https://www.douyin.com/aweme/v1/play/dash/?video_id=v0300fg10000d3l24ofog65i7muqur4g&line=0&file_id=5e5cd932921c4ffdb520e09252108f96&sign=ae6b05a71ec280351d7444f689c144f5&is_play_url=1&source=PackSourceEnum_PUBLISH'], 'width': 576, 'height': 1024, 'url_key': 'v0300fg10000d3l24ofog65i7muqur4g_h264_540p_489454', 'data_size': 4931245, 'file_hash': 'ae6b05a71ec280351d7444f689c144f5'}, 'is_h265': 0, 'is_bytevc1': 0, 'HDR_type': '', 'HDR_bit': '', 'FPS': 30, 'video_extra': '{"PktOffsetMap":"","format":"dash","sub_info":"{\\"audio_channels\\":\\"2.0\\",\\"audio_layout\\":\\"C\\",\\"audio_sample_rate\\":\\"44100\\",\\"base_range_info\\":{\\"first_moof_range\\":\\"1147-3246\\",\\"index_range\\":\\"995-1146\\",\\"init_range\\":\\"0-994\\"},\\"check_info\\":{\\"check_info\\":\\"a:v0300fg10000d3l24ofog65i7muqur4g|b:0-1146-a8bc639f4668965c64a7015350ba40a7|c:0-1146-0c69\\"},\\"first_segment_range\\":\\"1147-510438\\",\\"gear_des_key\\":\\"0:DASH|1:normal|2:h264|4:540p|5:low|10000:105\\"}","definition":"540p","quality":"low","quality_desc":"","file_id":"5e5cd932921c4ffdb520e09252108f96","real_bitrate":546269,"audio_file_id":"6f97330a456b97c04ea4c9e5ab0052ed","applog_map":{"feature_id":"0ea98fd3bdc3c6c14a3d0804cc272721"},"audio_metrics":null,"audio_score":null}', 'format': 'dash'}, {'gear_name': 'adapt_low_540_0', 'quality_type': 291, 'bit_rate': 324220, 'play_addr': {'uri': 'v0300fg10000d3l24ofog65i7muqur4g', 'url_list': ['https://v5-dy-o-abtest.zjcdn.com/c81928d3cd3974a727faf6408e5c2444/68f79559/video/tos/cn/tos-cn-vd-0026/oEvutAASRHBwm2aYCILIATGDB1A7GeAAR9eeGE/media-video-avc1/?a=6383&ch=0&cr=8&dr=0&er=1&lr=default&cd=0%7C0%7C0%7C3&cv=1&br=316&bt=316&cs=0&ds=6&mime_type=video_mp4&qs=12&rc=ODg8ZWRpNmU3NWQ6OmlpZ0BpanV0cGw5cnI1NjMzNGkzM0BfNDJeXzIvNWAxMC4yXi81YSMxcnI0MmRjMWlhLS1kLTBzcw%3D%3D&btag=80000e00028000&cquery=101r_100o&dy_q=1760969609&l=20251020221329FF810B6B17C3D024C6A3', 'https://v5-dy-o-abtest.zjcdn.com/c81928d3cd3974a727faf6408e5c2444/68f79559/video/tos/cn/tos-cn-vd-0026/oEvutAASRHBwm2aYCILIATGDB1A7GeAAR9eeGE/media-video-avc1/?a=6383&ch=0&cr=8&dr=0&er=1&lr=default&cd=0%7C0%7C0%7C3&cv=1&br=316&bt=316&cs=0&ds=6&mime_type=video_mp4&qs=12&rc=ODg8ZWRpNmU3NWQ6OmlpZ0BpanV0cGw5cnI1NjMzNGkzM0BfNDJeXzIvNWAxMC4yXi81YSMxcnI0MmRjMWlhLS1kLTBzcw%3D%3D&btag=80000e00028000&cquery=101r_100o&dy_q=1760969609&l=20251020221329FF810B6B17C3D024C6A3', 'https://www.douyin.com/aweme/v1/play/dash/?video_id=v0300fg10000d3l24ofog65i7muqur4g&line=0&file_id=8d2faf57173a42c48b235fbaab5975b5&sign=ad80475c49fa570c6790b6273e39824e&is_play_url=1&source=PackSourceEnum_PUBLISH'], 'width': 576, 'height': 1024, 'url_key': 'v0300fg10000d3l24ofog65i7muqur4g_h264_540p_324220', 'data_size': 3266516, 'file_hash': 'ad80475c49fa570c6790b6273e39824e'}, 'is_h265': 0, 'is_bytevc1': 0, 'HDR_type': '', 'HDR_bit': '', 'FPS': 30, 'video_extra': '{"PktOffsetMap":"","format":"dash","sub_info":"{\\"audio_channels\\":\\"2.0\\",\\"audio_layout\\":\\"C\\",\\"audio_sample_rate\\":\\"44100\\",\\"base_range_info\\":{\\"first_moof_range\\":\\"1146-3245\\",\\"index_range\\":\\"994-1145\\",\\"init_range\\":\\"0-993\\"},\\"check_info\\":{\\"check_info\\":\\"a:v0300fg10000d3l24ofog65i7muqur4g|b:0-1145-762402701b195c8f3d76a680f90f4fe2|c:0-1145-077c\\"},\\"first_segment_range\\":\\"1146-343603\\",\\"gear_des_key\\":\\"0:DASH|1:normal|2:h264|4:540p|5:adapt_low|10000:105\\",\\"quality_type\\":291}","definition":"540p","quality":"adapt_low","quality_desc":"","file_id":"8d2faf57173a42c48b235fbaab5975b5","real_bitrate":381076,"audio_file_id":"6f97330a456b97c04ea4c9e5ab0052ed","applog_map":{"feature_id":"0ea98fd3bdc3c6c14a3d0804cc272721"},"audio_metrics":null,"audio_score":null}', 'format': 'dash'}, {'gear_name': 'adapt_lowest_1080_1', 'quality_type': 2, 'bit_rate': 281809, 'play_addr': {'uri': 'v0300fg10000d3l24ofog65i7muqur4g', 'url_list': ['https://v5-dy-o-abtest.zjcdn.com/2d166a52f1eebb6790d4a6e626e83235/68f79559/video/tos/cn/tos-cn-vd-0026/ok0DIqbAABicvgAAJQ3BfiZyEADuwgbPeRd2EA/media-video-hvc1/?a=6383&ch=0&cr=8&dr=0&er=1&lr=default&cd=0%7C0%7C0%7C3&cv=1&br=275&bt=275&cs=4&ds=4&mime_type=video_mp4&qs=15&rc=NTM2NTMzNWdkZmQ5NmY6OUBpanV0cGw5cnI1NjMzNGkzM0A0MDAuMDQxNWMxNjQ0LWIzYSMxcnI0MmRjMWlhLS1kLTBzcw%3D%3D&btag=80000e00028000&cquery=101r_100o&dy_q=1760969609&l=20251020221329FF810B6B17C3D024C6A3', 'https://v5-dy-o-abtest.zjcdn.com/2d166a52f1eebb6790d4a6e626e83235/68f79559/video/tos/cn/tos-cn-vd-0026/ok0DIqbAABicvgAAJQ3BfiZyEADuwgbPeRd2EA/media-video-hvc1/?a=6383&ch=0&cr=8&dr=0&er=1&lr=default&cd=0%7C0%7C0%7C3&cv=1&br=275&bt=275&cs=4&ds=4&mime_type=video_mp4&qs=15&rc=NTM2NTMzNWdkZmQ5NmY6OUBpanV0cGw5cnI1NjMzNGkzM0A0MDAuMDQxNWMxNjQ0LWIzYSMxcnI0MmRjMWlhLS1kLTBzcw%3D%3D&btag=80000e00028000&cquery=101r_100o&dy_q=1760969609&l=20251020221329FF810B6B17C3D024C6A3', 'https://www.douyin.com/aweme/v1/play/dash/?video_id=v0300fg10000d3l24ofog65i7muqur4g&line=0&file_id=66e70c73769a4cfa8d42703012333072&sign=49f79410cf888a5844be360875ca4589&is_play_url=1&source=PackSourceEnum_PUBLISH'], 'width': 1080, 'height': 1920, 'url_key': 'v0300fg10000d3l24ofog65i7muqur4g_bytevc1_1080p_281809', 'data_size': 2839225, 'file_hash': '49f79410cf888a5844be360875ca4589'}, 'is_h265': 1, 'is_bytevc1': 1, 'HDR_type': '', 'HDR_bit': '', 'FPS': 30, 'video_extra': '{"PktOffsetMap":"","format":"dash","sub_info":"{\\"audio_channels\\":\\"2.0\\",\\"audio_layout\\":\\"C\\",\\"audio_sample_rate\\":\\"44100\\",\\"base_range_info\\":{\\"first_moof_range\\":\\"1304-3083\\",\\"index_range\\":\\"1128-1303\\",\\"init_range\\":\\"0-1127\\"},\\"check_info\\":{\\"check_info\\":\\"a:v0300fg10000d3l24ofog65i7muqur4g|b:0-1303-45f0a2aa3629c57bc63c825ee6439f07|c:0-1303-0100\\"},\\"first_segment_range\\":\\"1304-249271\\",\\"gear_des_key\\":\\"0:DASH|1:normal|2:h265_hvc1|4:1080p|5:adapt_lowest|10000:105\\",\\"quality_type\\":2}","definition":"1080p","quality":"adapt_lowest","quality_desc":"","file_id":"66e70c73769a4cfa8d42703012333072","real_bitrate":335560,"audio_file_id":"6f97330a456b97c04ea4c9e5ab0052ed","applog_map":{"feature_id":"b38008770b4e09863331b14b26bcdc23"},"mvmaf":"{\\"mvmaf_sr_v1080\\":99.034,\\"mvmaf_sr_v960\\":99.061,\\"mvmaf_sr_v864\\":99.342,\\"mvmaf_sr_v720\\":99.356,\\"mvmaf_ori_v1080\\":93.2,\\"mvmaf_ori_v960\\":93.811,\\"mvmaf_ori_v864\\":94.258,\\"mvmaf_ori_v720\\":95.022}","audio_metrics":null,"audio_score":null}', 'format': 'dash'}, {'gear_name': 'adapt_lowest_720_1', 'quality_type': 15, 'bit_rate': 255560, 'play_addr': {'uri': 'v0300fg10000d3l24ofog65i7muqur4g', 'url_list': ['https://v5-dy-o-abtest.zjcdn.com/37ec03561806618ce39535ee61e9e025/68f79559/video/tos/cn/tos-cn-vd-0026/ogG9UVeTAa2ERLABfMICADGSI1ABSRvA7eHArc/media-video-hvc1/?a=6383&ch=0&cr=8&dr=0&er=1&lr=default&cd=0%7C0%7C0%7C3&cv=1&br=249&bt=249&cs=4&ds=3&mime_type=video_mp4&qs=15&rc=OjQ0N2c1NzdmNmQ0OmY7N0BpanV0cGw5cnI1NjMzNGkzM0BfYDM2LzZeX14xXjViM15iYSMxcnI0MmRjMWlhLS1kLTBzcw%3D%3D&btag=80000e00028000&cquery=101r_100o&dy_q=1760969609&l=20251020221329FF810B6B17C3D024C6A3', 'https://v5-dy-o-abtest.zjcdn.com/37ec03561806618ce39535ee61e9e025/68f79559/video/tos/cn/tos-cn-vd-0026/ogG9UVeTAa2ERLABfMICADGSI1ABSRvA7eHArc/media-video-hvc1/?a=6383&ch=0&cr=8&dr=0&er=1&lr=default&cd=0%7C0%7C0%7C3&cv=1&br=249&bt=249&cs=4&ds=3&mime_type=video_mp4&qs=15&rc=OjQ0N2c1NzdmNmQ0OmY7N0BpanV0cGw5cnI1NjMzNGkzM0BfYDM2LzZeX14xXjViM15iYSMxcnI0MmRjMWlhLS1kLTBzcw%3D%3D&btag=80000e00028000&cquery=101r_100o&dy_q=1760969609&l=20251020221329FF810B6B17C3D024C6A3', 'https://www.douyin.com/aweme/v1/play/dash/?video_id=v0300fg10000d3l24ofog65i7muqur4g&line=0&file_id=e4a86ce781aa43acb4a4922d9461c1b7&sign=cf4194a0b6f30fb7542d2f121080823a&is_play_url=1&source=PackSourceEnum_PUBLISH'], 'width': 720, 'height': 1280, 'url_key': 'v0300fg10000d3l24ofog65i7muqur4g_bytevc1_720p_255560', 'data_size': 2574768, 'file_hash': 'cf4194a0b6f30fb7542d2f121080823a'}, 'is_h265': 1, 'is_bytevc1': 1, 'HDR_type': '', 'HDR_bit': '', 'FPS': 30, 'video_extra': '{"PktOffsetMap":"","format":"dash","sub_info":"{\\"audio_channels\\":\\"2.0\\",\\"audio_layout\\":\\"C\\",\\"audio_sample_rate\\":\\"44100\\",\\"base_range_info\\":{\\"first_moof_range\\":\\"1305-3084\\",\\"index_range\\":\\"1129-1304\\",\\"init_range\\":\\"0-1128\\"},\\"check_info\\":{\\"check_info\\":\\"a:v0300fg10000d3l24ofog65i7muqur4g|b:0-1304-f282e69f7e52abb0f6d7ba643d21eee1|c:0-1304-2f15\\"},\\"first_segment_range\\":\\"1305-224530\\",\\"gear_des_key\\":\\"0:DASH|1:normal|2:h265_hvc1|4:720p|5:adapt_lowest|10000:105\\",\\"quality_type\\":15}","definition":"720p","quality":"adapt_lowest","quality_desc":"","file_id":"e4a86ce781aa43acb4a4922d9461c1b7","real_bitrate":309311,"audio_file_id":"6f97330a456b97c04ea4c9e5ab0052ed","applog_map":{"feature_id":"b38008770b4e09863331b14b26bcdc23"},"mvmaf":"{\\"mvmaf_sr_v1080\\":97.789,\\"mvmaf_sr_v960\\":98.764,\\"mvmaf_sr_v864\\":99.242,\\"mvmaf_sr_v720\\":99.575,\\"mvmaf_ori_v1080\\":87.076,\\"mvmaf_ori_v960\\":90.148,\\"mvmaf_ori_v864\\":91.486,\\"mvmaf_ori_v720\\":94.794}","audio_metrics":null,"audio_score":null}', 'format': 'dash'}, {'gear_name': 'adapt_540_1', 'quality_type': 28, 'bit_rate': 237483, 'play_addr': {'uri': 'v0300fg10000d3l24ofog65i7muqur4g', 'url_list': ['https://v5-dy-o-abtest.zjcdn.com/76ab9f46fd3da3b120a10e6f65e46a4f/68f79559/video/tos/cn/tos-cn-vd-0026/oogAviR20AAgJbwyABBwD29diAEIDgfeLAbPqJ/media-video-hvc1/?a=6383&ch=0&cr=8&dr=0&er=1&lr=default&cd=0%7C0%7C0%7C3&cv=1&br=231&bt=231&cs=4&ds=6&mime_type=video_mp4&qs=11&rc=aTllNDw7aWhpNjQ6Njs8N0BpanV0cGw5cnI1NjMzNGkzM0A2MWNgLWEvXjAxNWFfNS1fYSMxcnI0MmRjMWlhLS1kLTBzcw%3D%3D&btag=80000e00028000&cquery=101r_100o&dy_q=1760969609&l=20251020221329FF810B6B17C3D024C6A3', 'https://v5-dy-o-abtest.zjcdn.com/76ab9f46fd3da3b120a10e6f65e46a4f/68f79559/video/tos/cn/tos-cn-vd-0026/oogAviR20AAgJbwyABBwD29diAEIDgfeLAbPqJ/media-video-hvc1/?a=6383&ch=0&cr=8&dr=0&er=1&lr=default&cd=0%7C0%7C0%7C3&cv=1&br=231&bt=231&cs=4&ds=6&mime_type=video_mp4&qs=11&rc=aTllNDw7aWhpNjQ6Njs8N0BpanV0cGw5cnI1NjMzNGkzM0A2MWNgLWEvXjAxNWFfNS1fYSMxcnI0MmRjMWlhLS1kLTBzcw%3D%3D&btag=80000e00028000&cquery=101r_100o&dy_q=1760969609&l=20251020221329FF810B6B17C3D024C6A3', 'https://www.douyin.com/aweme/v1/play/dash/?video_id=v0300fg10000d3l24ofog65i7muqur4g&line=0&file_id=b40988b3d781433fae2fd809c1fb469f&sign=956b72e5f1af7844f9729b8d045e4382&is_play_url=1&source=PackSourceEnum_PUBLISH'], 'width': 576, 'height': 1024, 'url_key': 'v0300fg10000d3l24ofog65i7muqur4g_bytevc1_540p_237483', 'data_size': 2392645, 'file_hash': '956b72e5f1af7844f9729b8d045e4382'}, 'is_h265': 1, 'is_bytevc1': 1, 'HDR_type': '', 'HDR_bit': '', 'FPS': 30, 'video_extra': '{"PktOffsetMap":"","format":"dash","sub_info":"{\\"audio_channels\\":\\"2.0\\",\\"audio_layout\\":\\"C\\",\\"audio_sample_rate\\":\\"44100\\",\\"base_range_info\\":{\\"first_moof_range\\":\\"1305-3084\\",\\"index_range\\":\\"1129-1304\\",\\"init_range\\":\\"0-1128\\"},\\"check_info\\":{\\"check_info\\":\\"a:v0300fg10000d3l24ofog65i7muqur4g|b:0-1304-ee02e89d2171f5bbf54899cf7e5f6bf9|c:0-1304-9189\\"},\\"first_segment_range\\":\\"1305-208436\\",\\"gear_des_key\\":\\"0:DASH|1:normal|2:h265_hvc1|4:540p|5:adapt|10000:105\\",\\"quality_type\\":28}","definition":"540p","quality":"adapt","quality_desc":"","file_id":"b40988b3d781433fae2fd809c1fb469f","real_bitrate":294373,"audio_file_id":"6f97330a456b97c04ea4c9e5ab0052ed","applog_map":{"feature_id":"b38008770b4e09863331b14b26bcdc23"},"mvmaf":"{\\"mvmaf_sr_v1080\\":95.138,\\"mvmaf_sr_v960\\":97.232,\\"mvmaf_sr_v864\\":98.076,\\"mvmaf_sr_v720\\":98.862,\\"mvmaf_ori_v1080\\":82.559,\\"mvmaf_ori_v960\\":85.977,\\"mvmaf_ori_v864\\":87.87,\\"mvmaf_ori_v720\\":90.886}","audio_metrics":null,"audio_score":null}', 'format': 'dash'}], 'duration': 80620, 'play_addr_265': {'uri': 'v0300fg10000d3l24ofog65i7muqur4g', 'url_list': ['https://v5-dy-o-abtest.zjcdn.com/b229cd2f46f3b5537b88edf93911ee29/68f66e09/video/tos/cn/tos-cn-ve-15/osBazDQAG4ALSIESPf72I1evqTGSBCFIegWR9U/?a=6383&ch=10010&cr=3&dr=0&lr=all&cd=0%7C0%7C0%7C3&cv=1&br=287&bt=287&cs=2&ds=6&ft=c2YTctGHQPRUZxfusdr~kwPqYldQIKDEE-TerrNqq_45a&mime_type=video_mp4&qs=11&rc=NTxlOjhmN2Q5OTY5aTxmPEBpanV0cGw5cnI1NjMzNGkzM0BfYDZiYzFgNl4xY2JiLzUyYSMxcnI0MmRjMWlhLS1kLTBzcw%3D%3D&btag=80000e00028000&cquery=100H_100K_100o_101r_100B&dy_q=1760969609&feature_id=b38008770b4e09863331b14b26bcdc23&l=20251020221329FF810B6B17C3D024C6A3', 'https://v5-dy-o-abtest.zjcdn.com/b229cd2f46f3b5537b88edf93911ee29/68f66e09/video/tos/cn/tos-cn-ve-15/osBazDQAG4ALSIESPf72I1evqTGSBCFIegWR9U/?a=6383&ch=10010&cr=3&dr=0&lr=all&cd=0%7C0%7C0%7C3&cv=1&br=287&bt=287&cs=2&ds=6&ft=c2YTctGHQPRUZxfusdr~kwPqYldQIKDEE-TerrNqq_45a&mime_type=video_mp4&qs=11&rc=NTxlOjhmN2Q5OTY5aTxmPEBpanV0cGw5cnI1NjMzNGkzM0BfYDZiYzFgNl4xY2JiLzUyYSMxcnI0MmRjMWlhLS1kLTBzcw%3D%3D&btag=80000e00028000&cquery=100o_101r_100B_100H_100K&dy_q=1760969609&feature_id=b38008770b4e09863331b14b26bcdc23&l=20251020221329FF810B6B17C3D024C6A3', 'https://www.douyin.com/aweme/v1/play/?video_id=v0300fg10000d3l24ofog65i7muqur4g&line=0&file_id=598c29efe6f346a69ac44cf5e79bc9b2&sign=c26753f7f3f3402bdc091b1972ebf4e5&is_play_url=1&source=PackSourceEnum_PUBLISH'], 'width': 576, 'height': 1024, 'url_key': 'v0300fg10000d3l24ofog65i7muqur4g_bytevc1_540p_294373', 'data_size': 2966546, 'file_hash': 'c26753f7f3f3402bdc091b1972ebf4e5', 'file_cs': 'c:0-67978-e1b1|a:v0300fg10000d3l24ofog65i7muqur4g'}, 'bit_rate_audio': [{'audio_meta': {'url_list': {'main_url': 'https://v5-dy-o-abtest.zjcdn.com/f82e5f9809137a9ca34d495aeca8f4b9/68f79559/video/tos/cn/tos-cn-vd-0026/oogAviR20AAgJbwyABBwD29diAEIDgfeLAbPqJ/media-audio-und-mp4a/?a=6383&ch=0&cr=8&dr=0&er=1&lr=default&cd=0%7C0%7C0%7C3&cv=1&br=52&bt=52&cs=4&mime_type=video_mp4&qs=11&rc=ZzUzZTg8N2gzOmU4ZDY6aUBpanV0cGw5cnI1NjMzNGkzM0BiMi1eYmBeMWA2MzEtMDYzYSMxcnI0MmRjMWlhLS1kLTBzcw%3D%3D&btag=80000e00028000&cquery=101r_100o&dy_q=1760969609&l=20251020221329FF810B6B17C3D024C6A3', 'backup_url': 'https://v5-dy-o-abtest.zjcdn.com/f82e5f9809137a9ca34d495aeca8f4b9/68f79559/video/tos/cn/tos-cn-vd-0026/oogAviR20AAgJbwyABBwD29diAEIDgfeLAbPqJ/media-audio-und-mp4a/?a=6383&ch=0&cr=8&dr=0&er=1&lr=default&cd=0%7C0%7C0%7C3&cv=1&br=52&bt=52&cs=4&mime_type=video_mp4&qs=11&rc=ZzUzZTg8N2gzOmU4ZDY6aUBpanV0cGw5cnI1NjMzNGkzM0BiMi1eYmBeMWA2MzEtMDYzYSMxcnI0MmRjMWlhLS1kLTBzcw%3D%3D&btag=80000e00028000&cquery=101r_100o&dy_q=1760969609&l=20251020221329FF810B6B17C3D024C6A3', 'fallback_url': 'https://www.douyin.com/aweme/v1/play/dash/?video_id=v0300fg10000d3l24ofog65i7muqur4g&line=0&file_id=6f97330a456b97c04ea4c9e5ab0052ed&sign=6f97330a456b97c04ea4c9e5ab0052ed&is_play_url=1&source=PackSourceEnum_PUBLISH'}, 'encoded_type': 'normal', 'media_type': 'audio', 'logo_type': '', 'quality': 'adapt', 'quality_desc': '', 'format': 'dash', 'bitrate': 53751, 'codec_type': 'bytevc1', 'size': 541664, 'fps': 0, 'file_id': '6f97330a456b97c04ea4c9e5ab0052ed', 'file_hash': '6f97330a456b97c04ea4c9e5ab0052ed', 'sub_info': '{"audio_channels":"2.0","audio_layout":"C","audio_sample_rate":"44100","base_range_info":{"index_range":"866-1053","init_range":"0-865"},"check_info":{"check_info":"a:v0300fg10000d3l24ofog65i7muqur4g|b:0-1053-6cd3994ee93be54922193dcd69697b4c|c:0-1053-ef42"},"first_segment_range":"1054-47020","gear_des_key":"0:dash|1:normal|2:bytevc1|5:adapt|10000:105"}'}, 'audio_quality': 6, 'audio_extra': '{"real_bitrate":294373}'}], 'play_addr_h264': {'uri': 'v0300fg10000d3l24ofog65i7muqur4g', 'url_list': ['https://v5-dy-o-abtest.zjcdn.com/e8a16b7b95a31172352f0c093fd3e576/68f66e09/video/tos/cn/tos-cn-ve-15/oERBfIkGAsZCaT9Le7R7BAAIg9Uvm1RQEDMfaG/?a=6383&ch=10010&cr=3&dr=0&lr=all&cd=0%7C0%7C0%7C3&cv=1&br=658&bt=658&cs=0&ds=3&ft=c2YTctGHQPRUZxfusdr~kwPqYldQIKDEE-TerrNqq_45a&mime_type=video_mp4&qs=0&rc=NWdpNTs1NzxpNWQ2Mzk0Z0BpanV0cGw5cnI1NjMzNGkzM0A1XzAuMS41NV8xMjE0YTMyYSMxcnI0MmRjMWlhLS1kLTBzcw%3D%3D&btag=80000e00028000&cquery=100B_100H_100K_100o_101r&dy_q=1760969609&feature_id=fea919893f650a8c49286568590446ef&l=20251020221329FF810B6B17C3D024C6A3', 'https://v5-dy-o-abtest.zjcdn.com/e8a16b7b95a31172352f0c093fd3e576/68f66e09/video/tos/cn/tos-cn-ve-15/oERBfIkGAsZCaT9Le7R7BAAIg9Uvm1RQEDMfaG/?a=6383&ch=10010&cr=3&dr=0&lr=all&cd=0%7C0%7C0%7C3&cv=1&br=658&bt=658&cs=0&ds=3&ft=c2YTctGHQPRUZxfusdr~kwPqYldQIKDEE-TerrNqq_45a&mime_type=video_mp4&qs=0&rc=NWdpNTs1NzxpNWQ2Mzk0Z0BpanV0cGw5cnI1NjMzNGkzM0A1XzAuMS41NV8xMjE0YTMyYSMxcnI0MmRjMWlhLS1kLTBzcw%3D%3D&btag=80000e00028000&cquery=100B_100H_100K_100o_101r&dy_q=1760969609&feature_id=fea919893f650a8c49286568590446ef&l=20251020221329FF810B6B17C3D024C6A3', 'https://www.douyin.com/aweme/v1/play/?video_id=v0300fg10000d3l24ofog65i7muqur4g&line=0&file_id=5d61d670435a42bf89841248123fbd82&sign=2b74cec5a8c9b99f1fa6ab6b16e11652&is_play_url=1&source=PackSourceEnum_PUBLISH'], 'width': 720, 'height': 1280, 'url_key': 'v0300fg10000d3l24ofog65i7muqur4g_h264_720p_674652', 'data_size': 6798810, 'file_hash': '2b74cec5a8c9b99f1fa6ab6b16e11652', 'file_cs': 'c:0-89073-a859|a:v0300fg10000d3l24ofog65i7muqur4g'}, 'raw_cover': {'uri': 'tos-cn-i-dy/ff2c1b5a65b2462f905136c4d222a9f2', 'url_list': ['https://p3-pc-sign.douyinpic.com/tos-cn-i-dy/ff2c1b5a65b2462f905136c4d222a9f2~tplv-dy-cropcenter:323:430.jpeg?lk3s=138a59ce&x-expires=2076328800&x-signature=5BuWOHvKdczU%2FSTnECOzPhusy78%3D&from=327834062&s=PackSourceEnum_PUBLISH&se=true&sh=323_430&sc=cover&biz_tag=pcweb_cover&l=20251020221329FF810B6B17C3D024C6A3', 'https://p3-pc-sign.douyinpic.com/obj/tos-cn-i-dy/ff2c1b5a65b2462f905136c4d222a9f2?lk3s=138a59ce&x-expires=2076328800&x-signature=k0FM2iNQ9EgsqlGUjh0z0mbbqGg%3D&from=327834062&s=PackSourceEnum_PUBLISH&se=false&sc=cover&biz_tag=pcweb_cover&l=20251020221329FF810B6B17C3D024C6A3'], 'width': 720, 'height': 720}, 'is_long_video': 1, 'animated_cover': {'uri': 'tos-cn-i-dy/ff2c1b5a65b2462f905136c4d222a9f2', 'url_list': ['https://p3-pc-sign.douyinpic.com/obj/tos-cn-i-dy/ff2c1b5a65b2462f905136c4d222a9f2?lk3s=138a59ce&x-expires=1762178400&x-signature=XMEGu1QBSNueno16GppL1HtmUWQ%3D&from=327834062_large&s=PackSourceEnum_PUBLISH&se=false&sc=dynamic_cover&biz_tag=pcweb_cover&l=20251020221329FF810B6B17C3D024C6A3', 'https://p9-pc-sign.douyinpic.com/obj/tos-cn-i-dy/ff2c1b5a65b2462f905136c4d222a9f2?lk3s=138a59ce&x-expires=1762178400&x-signature=lYpjNPQyKoAG2PfLUgOCVoqnR8I%3D&from=327834062_large&s=PackSourceEnum_PUBLISH&se=false&sc=dynamic_cover&biz_tag=pcweb_cover&l=20251020221329FF810B6B17C3D024C6A3']}, 'gaussian_cover': {'uri': 'tos-cn-p-0015/ogfeIAEPJywOL0bqbWBJIs2IgAixA0ARdvBDpi', 'url_list': ['https://p3-pc-sign.douyinpic.com/tos-cn-p-0015/ogfeIAEPJywOL0bqbWBJIs2IgAixA0ARdvBDpi~tplv-tsj2vxp0zn-gaosi:40.jpeg?lk3s=138a59ce&x-expires=1792504800&x-signature=wgC1%2F3FiwBCqG57oILgnVvgCUlo%3D&from=327834062', 'https://p9-pc-sign.douyinpic.com/tos-cn-p-0015/ogfeIAEPJywOL0bqbWBJIs2IgAixA0ARdvBDpi~tplv-tsj2vxp0zn-gaosi:40.jpeg?lk3s=138a59ce&x-expires=1792504800&x-signature=LU2dmIos3Aa%2BZ3B53e0wXzf2Guo%3D&from=327834062'], 'width': 720, 'height': 720}, 'meta': '{"enable_manual_ladder":"1","format":"mp4","gear_vqm":"{\\"1080p_720p\\":2,\\"720p_540p\\":1}","hrids":"500000002","is_spatial_video":"0","isad":"0","loudness":"-12.9","peak":"1","qprf":"1.000","sdgs":"[\\"normal_720_0\\",\\"low_720_0\\",\\"low_540_0\\",\\"adapt_low_540_0\\",\\"adapt_lowest_1080_1\\",\\"adapt_lowest_720_1\\",\\"adapt_540_1\\"]","sr_potential":"{\\"v1.0\\":{\\"score\\":71.288}}","sr_score":"1.000","strategy_tokens":"[\\"online\\",\\"sexp_0701_0819\\",\\"sexp_reward01_0721\\",\\"sexp_reward02_0721\\",\\"sexp_0702_0819\\"]","title_info":"{\\"avg_br_pc\\":220,\\"bottom_res_add\\":[5.04,2.73,0.22,34.91,47.14,0,0,0,0,0,0,0,0,0,0],\\"bullet_zone\\":17.35,\\"mean_br_l\\":[241.81,233.25,221.24,208.96,194.45,178.83],\\"pc60_br_l\\":[244.8,235.55,222.68,209.78,194.33,177.07],\\"progress_bar\\":[243.95,244,244],\\"ratio_br_l\\":[244.8,235.53,222.61,209.48,193.48,176.19],\\"ratio_br_l_thre220\\":[0.99,0.8,0.6,0.48,0.4,0.35],\\"ratio_edge_l\\":[0,0,0,0.14,0.12,0.1],\\"std_br_l\\":[26.87,21.27,15.02,11.35,9.57,10.57],\\"top_res_add\\":[0,0,0,2.64,51,18.91,45.55],\\"version\\":\\"v1.0\\"}","volume_info":"{\\"LoudnessRangeEnd\\":-11.8,\\"LoudnessRangeStart\\":-14.3,\\"MaximumMomentaryLoudness\\":-7.9,\\"Metrics\\":{\\"Phase\\":{\\"RMSDownmixDiff\\":-0.106},\\"RMSStats\\":{\\"LRDiff\\":-0.151,\\"LTotal\\":-16.037,\\"Peak\\":1.572,\\"RTotal\\":-15.885},\\"Version\\":\\"1.4.2\\",\\"Loudness\\":{\\"Integrated\\":-12.869}},\\"Peak\\":1,\\"Loudness\\":-12.9,\\"MaximumShortTermLoudness\\":-11.2,\\"Version\\":2,\\"LoudnessRange\\":2.5}","vqs_origin":"75.41"}', 'video_model': '', 'is_source_HDR': 0, 'use_static_cover': True, 'big_thumbs': [{'img_num': 81, 'uri': 'tos-cn-p-0015/ogP0mzE2gALyCe0RgIiJdIDBwfbbvxRiAABPqI', 'img_url': 'https://p26-sign.douyinpic.com/tos-cn-p-0015/ogP0mzE2gALyCe0RgIiJdIDBwfbbvxRiAABPqI~tplv-noop.image?cquery=100B_100H_100K_100o_101r&dy_q=1760969609&l=20251020221329FF810B6B17C3D024C6A3&x-expires=1760980489&x-signature=zXdh0QbfLDMccQzkFdHzxr8%2Fh4Y%3D', 'img_x_size': 136, 'img_y_size': 240, 'img_x_len': 5, 'img_y_len': 5, 'duration': 80.6, 'interval': 1, 'fext': 'jpg', 'uris': ['tos-cn-p-0015/ogP0mzE2gALyCe0RgIiJdIDBwfbbvxRiAABPqI', 'tos-cn-p-0015/oMp2IRnPBIjxJqyEAviCDuewbBfw0aAIiEgbAd', 'tos-cn-p-0015/o81AvTidbIBJwyCAEJUgfbiP0qImeJ2ADnxRIB', 'tos-cn-p-0015/oIAAAxbqnP0IfBntybBRvIwSDdIeiEigs32AJb'], 'img_urls': ['https://p26-sign.douyinpic.com/tos-cn-p-0015/ogP0mzE2gALyCe0RgIiJdIDBwfbbvxRiAABPqI~tplv-noop.image?cquery=100B_100H_100K_100o_101r&dy_q=1760969609&l=20251020221329FF810B6B17C3D024C6A3&x-expires=1760980489&x-signature=zXdh0QbfLDMccQzkFdHzxr8%2Fh4Y%3D', 'https://p26-sign.douyinpic.com/tos-cn-p-0015/oMp2IRnPBIjxJqyEAviCDuewbBfw0aAIiEgbAd~tplv-noop.image?cquery=100B_100H_100K_100o_101r&dy_q=1760969609&l=20251020221329FF810B6B17C3D024C6A3&x-expires=1760980489&x-signature=ciydqYaOuSbUjF8ULrPt09EmjAI%3D', 'https://p26-sign.douyinpic.com/tos-cn-p-0015/o81AvTidbIBJwyCAEJUgfbiP0qImeJ2ADnxRIB~tplv-noop.image?cquery=100B_100H_100K_100o_101r&dy_q=1760969609&l=20251020221329FF810B6B17C3D024C6A3&x-expires=1760980489&x-signature=EvvtlG%2F5xoDThGeoLOyHhHaKGUA%3D', 'https://p26-sign.douyinpic.com/tos-cn-p-0015/oIAAAxbqnP0IfBntybBRvIwSDdIeiEigs32AJb~tplv-noop.image?cquery=100o_101r_100B_100H_100K&dy_q=1760969609&l=20251020221329FF810B6B17C3D024C6A3&x-expires=1760980489&x-signature=Lq%2BcvW2mBN8xB62cWToz2cZPgtU%3D']}]}, 'item_aigc_follow_shot': 1, 'user_digged': 0, 'statistics': {'recommend_count': 0, 'comment_count': 2, 'digg_count': 63, 'admire_count': 0, 'play_count': 0, 'share_count': 24, 'collect_count': 31}, 'status': {'not_allow_soft_del_reason': 'ab', 'is_delete': False, 'allow_share': True, 'review_result': {'review_status': 0}, 'allow_friend_recommend_guide': True, 'part_see': 0, 'private_status': 0, 'listen_video_status': 2, 'in_reviewing': False, 'allow_self_recommend_to_friend': True, 'allow_friend_recommend': True, 'is_prohibited': False, 'enable_soft_delete': 0}, 'ent_log_extra': {'log_extra': '{"global_log_extra":null,"page_log_extra":null,"aweme_log_extra":{"ce_current_group_id":"7559893446475910440","author_id":"1965574329213736"},"extra_log_extra":null}'}, 'text_extra': [], 'is_top': 0, 'publish_plus_alienation': {'alienation_type': 0}, 'share_info': {'share_url': 'https://www.iesdouyin.com/share/video/7559893446475910440/?region=US&mid=7559893486318160649&u_code=0&did=MS4wLjABAAAAvCMmrvAxedjvycgJ9K0iX5KdtDHpyq-etIWoeicy6xniB0XMxRYv3S-CyP_GdsPs&iid=MS4wLjABAAAANwkJuWIRFOzg5uCpDRpMj4OX-QryoDgn-yYlXQnRwQQ&with_sec_did=1&video_share_track_ver=&titleType=title&share_sign=FuJRyZR6bNdSb2.mLb0ks3iQm.rVup4woGrctVwRS7A-&share_version=290100&ts=1760969609&from_aid=6383&from_ssr=1&share_track_info=%7B%22link_description_type%22%3A%22%22%7D', 'share_link_desc': '9.28 06/17 ZzT:/ N@j.pd 被爱的孩子眼里有光！ 如果你对你的宝宝表达爱宠，你会发现他的神态十分有光，十分安宁。 # 幼儿教育# 父母课堂# 育儿# 亲子关系# 家庭教育# 孙瑞雪  %s 复制此链接，打开Dou音搜索，直接观看视频！'}, 'nearby_hot_comment': None, 'video_labels': None, 'entertainment_video_type': 3, 'is_ads': False, 'duration': 80620, 'aweme_type': 0, 'select_anchor_expanded_content': 0, 'ai_follow_images': None, 'image_infos': None, 'risk_infos': {'vote': False, 'warn': False, 'risk_sink': False, 'type': 0, 'content': ''}, 'entertainment_video_paid_way': {'paid_ways': [], 'paid_type': 0, 'enable_use_new_ent_data': False}, 'flash_mob_trends': 0, 'position': None, 'uniqid_position': None, 'comment_list': None, 'author_user_id': 1965574329213736, 'product_genre_info': {'product_genre_type': 2, 'material_genre_sub_type_set': [4], 'special_info': {'recommend_group_name': 0}}, 'geofencing': [], 'series_basic_info': {}, 'is_moment_history': 0, 'region': '', 'video_text': None, 'is_24_story': 0, 'collect_stat': 0, 'label_top_text': None, 'promotions': [], 'group_id': '7559893446475910440', 'prevent_download': False, 'nickname_position': None, 'challenge_position': None, 'shoot_way': '', 'video_share_edit_status': 0, 'friend_recommend_info': {'friend_recommend_source': 10, 'label_user_list': None, 'disable_friend_recommend_guide_label': False}, 'long_video': None, 'trends_event_track': '{}', 'aweme_listen_struct': {'trace_info': '{"copyright_not_speech":"false","copyright_reason":"has_listen_cp_new","copyright_tag_hit":"","copyright_use_aed_default":"false","copyright_use_tag_default":"false","cp_ab":"true","desc":"","duration_over":"false","hit_high_risk":"false","media_type":"4","reason":"hit_ab_0","show":"false"}'}, 'enable_comment_sticker_rec': False, 'follow_shoot_clip_info': {'clip_video_all': 7559893486318160649, 'clip_from_user': 7559893486318160649}, 'interaction_stickers': None, 'mv_info': None, 'origin_comment_ids': None, 'commerce_config_data': None, 'caption_template_id': 0, 'video_control': {'allow_download': False, 'share_type': 0, 'show_progress_bar': 1, 'draft_progress_bar': 1, 'allow_duet': True, 'allow_react': False, 'prevent_download_type': 2, 'allow_dynamic_wallpaper': False, 'timer_status': 1, 'allow_music': True, 'allow_stitch': False, 'allow_douplus': True, 'allow_share': True, 'share_grayed': False, 'download_ignore_visibility': False, 'duet_ignore_visibility': False, 'share_ignore_visibility': False, 'download_info': {'level': 1, 'fail_info': {'code': 290002, 'reason': 'isolation_content', 'msg': '视频暂时无法保存，链接已复制'}}, 'duet_info': {'level': 0}, 'allow_record': True, 'disable_record_reason': '', 'timer_info': {'public_time': 1760182200, 'timer_status': 0}}, 'aweme_control': {'can_forward': True, 'can_share': True, 'can_comment': True, 'can_show_comment': True}, 'douplus_user_type': 0, 'is_25_story': 0, 'origin_duet_resource_uri': '', 'is_moment_story': 0, 'anchors': None, 'hybrid_label': None, 'geofencing_regions': None, 'interest_points': None, 'aweme_acl': {'download_mask_panel': {'code': 1, 'show_type': 0}}, 'personal_page_botton_diagnose_style': 0, 'is_story': 0, 'game_tag_info': {'is_game': False}, 'chapter_bar_color': None, 'follow_shot_assets': None, 'cover_labels': None, 'is_new_text_mode': 0, 'can_cache_to_local': True, 'guide_btn_type': 0, 'is_from_ad_auth': False, 'aweme_type_tags': '', 'images': None, 'relation_labels': None, 'cf_assets_type': 0, 'impression_data': {'group_id_list_a': [], 'group_id_list_b': [], 'similar_id_list_a': None, 'similar_id_list_b': None, 'group_id_list_c': [], 'group_id_list_d': []}, 'component_control': {'data_source_url': '/aweme/v1/web/aweme/post/'}, 'trends_infos': None, 'libfinsert_task_id': '', 'social_tag_list': None, 'suggest_words': {'suggest_words': [{'words': [{'word': '培养孩子爱的能力', 'word_id': '6581757151331685639', 'info': '{"End":0,"Start":0,"ecpm_boost_tag":false,"log_pb":"","qrec_for_search":"{}"}'}, {'word': '孩子表达爱的方式', 'word_id': '6662310077073986830', 'info': '{"End":0,"Start":0,"ecpm_boost_tag":false,"log_pb":"","qrec_for_search":"{}"}'}, {'word': '亲子间的爱的表达', 'word_id': '7452206293480166694', 'info': '{"End":0,"Start":0,"ecpm_boost_tag":false,"log_pb":"","qrec_for_search":"{}"}'}, {'word': '父母的爱对孩子影响', 'word_id': '6791056392817038600', 'info': '{"End":0,"Start":0,"ecpm_boost_tag":false,"log_pb":"","qrec_for_search":"{}"}'}, {'word': '父母爱孩子简短句子', 'word_id': '6785722237962982663', 'info': '{"End":0,"Start":0,"ecpm_boost_tag":false,"log_pb":"","qrec_for_search":"{}"}'}], 'scene': 'comment_top_rec', 'icon_url': '', 'hint_text': '大家都在搜：', 'extra_info': '{"resp_from":"hit_cache"}'}, {'words': [{'word': '培养孩子爱的能力', 'word_id': '6581757151331685639', 'info': '{"End":0,"Start":0,"ecpm_boost_tag":false,"log_pb":"","qrec_for_search":"{}"}'}], 'scene': 'detail_inbox_rex', 'icon_url': '', 'hint_text': '', 'extra_info': '{"resp_from":"hit_cache"}'}]}, 'show_follow_button': {}, 'duet_aggregate_in_music_tab': False, 'is_duet_sing': False, 'comment_permission_info': {'comment_permission_status': 0, 'can_comment': True, 'item_detail_entry': False, 'press_entry': False, 'toast_guide': False}, 'original_images': None, 'series_paid_info': {'series_paid_status': 0, 'item_price': 0}, 'img_bitrate': None, 'comment_gid': 7559893446475910440, 'image_album_music_info': {'begin_time': -1, 'end_time': -1, 'volume': -1}, 'video_tag': [{'tag_id': 2024, 'tag_name': '亲子', 'level': 1}, {'tag_id': 2024006, 'tag_name': '母婴', 'level': 2}, {'tag_id': 2024006003, 'tag_name': '育儿知识', 'level': 3}], 'is_collects_selected': 0, 'chapter_list': None, 'feed_comment_config': {'input_config_text': '善语结善缘，恶言伤人心', 'author_audit_status': 0, 'common_flags': '{"item_author_nickname":"孙瑞雪聊教育","video_labels_v2_tag1":"母婴","video_labels_v2_tag2":"育儿理念"}'}, 'is_image_beat': False, 'dislike_dimension_list': None, 'standard_bar_info_list': None, 'photo_search_entrance': {'ecom_type': 0}, 'is_life_item': False, 'image_list': None, 'component_info_v2': '{"desc_lines_limit":0,"hide_marquee":false}', 'item_warn_notification': {'type': 0, 'show': False, 'content': ''}, 'origin_text_extra': None, 'disable_relation_bar': 0, 'packed_clips': None, 'vtag_search': {'vtag_enable': True, 'vtag_delay_ts': 90620}, 'author_mask_tag': 0, 'user_recommend_status': 1, 'collection_corner_mark': 0, 'is_share_post': False, 'image_comment': {}, 'visual_search_info': {'visual_search_longpress': 1, 'is_show_img_entrance': False, 'is_ecom_img': False, 'is_high_accuracy_ecom': False, 'is_high_recall_ecom': False}, 'tts_id_list': None, 'ref_tts_id_list': None, 'voice_modify_id_list': None, 'ref_voice_modify_id_list': None, 'authentication_token': 'MS4wLjAAAAAAN0-0r-c0xPJ3OTaS1d-SxauIDC-FKPKUay76FLVp5iT6g2unL0OZBXVXe8hOjD1SsIVDYiweNbXQ3N23oAe2clebK9TBZJXkD5S0MNgSnco2bY-rb988-Sox07xw9u0NdJq_hmXeyEJR9vibVjd1KSlN1452arXlzptHVSzhSxexi1rx_aB_MsfPbSB_CkJrdQ1CJENCrutZ6wejW5UJsDcMf-EuHCTIsUyIYvVIeR9Qiv9lYy0kBMrccjUB8HAd', 'video_game_data_channel_config': {}, 'dislike_dimension_list_v2': None, 'distribute_circle': {'distribute_type': 0, 'campus_block_interaction': False, 'is_campus': False}, 'image_crop_ctrl': 0, 'yumme_recreason': None, 'slides_music_beats': None, 'jump_tab_info_list': None, 'media_type': 4, 'reply_smart_emojis': None, 'activity_video_type': -1, 'boost_status': 0, 'create_scale_type': None, 'entertainment_product_info': {'sub_title': None, 'market_info': {'limit_free': {'in_free': False}, 'marketing_tag': None}}, 'caption': '如果你对你的宝宝表达爱宠，你会发现他的神态十分有光，十分安宁。\n\n\n#幼儿教育#父母课堂#育儿#亲子关系#家庭教育#孙瑞雪', 'item_title': '被爱的孩子眼里有光！', 'is_use_music': False, 'original': 0, 'xigua_base_info': {'status': 0, 'star_altar_order_id': 0, 'star_altar_type': 0, 'item_id': 0}, 'mark_largely_following': False}, {'aweme_id': '7559550610278780194', 'desc': '小学孩子的家长必看 小学期间是孩子情感连接的关键期，先学会爱与被爱，未来才能更好地思考与表达。  \n#幼儿教育#父母课堂#育儿#亲子关系#家庭教育#孙瑞雪', 'create_time': 1760102400, 'author': {'uid': '1965574329213736', 'card_entries_not_display': None, 'nickname': '孙瑞雪聊教育', 'personal_tag_list': None, 'homepage_bottom_toast': None, 'avatar_thumb': {'uri': '100x100/aweme-avatar/tos-cn-avt-0015_afee5b125df955a19af4c41159ad1295', 'url_list': ['https://p3-pc.douyinpic.com/aweme/100x100/aweme-avatar/tos-cn-avt-0015_afee5b125df955a19af4c41159ad1295.jpeg?from=327834062'], 'width': 720, 'height': 720}, 'batch_unfollow_contain_tabs': None, 'not_seen_item_id_list': None, 'follow_status': 0, 'contrail_list': None, 'story_interactive': 0, 'data_label_list': None, 'custom_verify': '', 'follower_list_secondary_information_struct': None, 'display_info': None, 'interest_tags': None, 'account_cert_info': '{}', 'user_tags': None, 'share_info': {'share_url': '', 'share_weibo_desc': '', 'share_desc': '', 'share_title': '', 'share_qrcode_url': {'uri': '31b0500316c4e154852bc', 'url_list': ['https://p3-pc-sign.douyinpic.com/obj/31b0500316c4e154852bc?lk3s=138a59ce&x-expires=1760990400&x-signature=VnOegD8kfOkclbkCT%2BIUAVSkQl4%3D&from=327834062'], 'width': 720, 'height': 720}, 'share_title_myself': '', 'share_title_other': '', 'share_desc_info': ''}, 'can_set_geofencing': None, 'sec_uid': 'MS4wLjABAAAAnAFnkWlOm9jteymsi42fanYLMzfbqdGIwCILEUqDNmFyjfK9N8fSJdS_D2UWk_we', 'need_points': None, 'enterprise_verify_reason': '', 'is_ad_fake': False, 'story_ttl': 0, 'user_permissions': None, 'card_entries': None, 'creator_tag_list': None, 'offline_info_list': None, 'text_extra': None, 'card_sort_priority': None, 'prevent_download': False, 'special_people_labels': None, 'white_cover_url': None, 'endorsement_info_list': None, 'follower_status': 0, 'profile_mob_params': None, 'familiar_visitor_user': None, 'avatar_schema_list': None, 'cover_url': [{'uri': 'c8510002be9a3a61aad2', 'url_list': ['https://p3-pc-sign.douyinpic.com/obj/c8510002be9a3a61aad2?lk3s=138a59ce&x-expires=1762178400&x-signature=bEz6E0nbTH1458RtDsUU87G74Mk%3D&from=327834062'], 'width': 720, 'height': 720}], 'cf_list': None, 'im_role_ids': None, 'not_seen_item_id_list_v2': None, 'signature_extra': None, 'risk_notice_text': '', 'ban_user_functions': None, 'profile_component_disabled': None, 'verification_permission_ids': None, 'identity_labels': None, 'private_relation_list': None, 'link_item_list': None, 'batch_unfollow_relation_desc': None}, 'music': {'id': 7376189231318288393, 'id_str': '7376189231318288393', 'title': '温柔舒缓钢琴抒情  Intimate Piano', 'author': 'Vasco Lourenço', 'album': '温柔舒缓钢琴抒情  Intimate Piano', 'cover_hd': {'uri': 'tos-cn-v-2774c002/oUnxAGDeECm4kEDYPbzwa4MB8HiU4AthAeFAeJ', 'url_list': ['https://p3.douyinpic.com/aweme/1080x1080/tos-cn-v-2774c002/oUnxAGDeECm4kEDYPbzwa4MB8HiU4AthAeFAeJ.jpeg', 'https://p6.douyinpic.com/aweme/1080x1080/tos-cn-v-2774c002/oUnxAGDeECm4kEDYPbzwa4MB8HiU4AthAeFAeJ.jpeg'], 'width': 720, 'height': 720}, 'cover_large': {'uri': 'tos-cn-v-2774c002/oUnxAGDeECm4kEDYPbzwa4MB8HiU4AthAeFAeJ', 'url_list': ['https://p3.douyinpic.com/aweme/720x720/tos-cn-v-2774c002/oUnxAGDeECm4kEDYPbzwa4MB8HiU4AthAeFAeJ.jpeg', 'https://p6.douyinpic.com/aweme/720x720/tos-cn-v-2774c002/oUnxAGDeECm4kEDYPbzwa4MB8HiU4AthAeFAeJ.jpeg'], 'width': 720, 'height': 720}, 'cover_medium': {'uri': 'tos-cn-v-2774c002/oUnxAGDeECm4kEDYPbzwa4MB8HiU4AthAeFAeJ', 'url_list': ['https://p3.douyinpic.com/aweme/200x200/tos-cn-v-2774c002/oUnxAGDeECm4kEDYPbzwa4MB8HiU4AthAeFAeJ.jpeg', 'https://p6.douyinpic.com/aweme/200x200/tos-cn-v-2774c002/oUnxAGDeECm4kEDYPbzwa4MB8HiU4AthAeFAeJ.jpeg'], 'width': 720, 'height': 720}, 'cover_thumb': {'uri': 'tos-cn-v-2774c002/oUnxAGDeECm4kEDYPbzwa4MB8HiU4AthAeFAeJ', 'url_list': ['https://p3.douyinpic.com/aweme/100x100/tos-cn-v-2774c002/oUnxAGDeECm4kEDYPbzwa4MB8HiU4AthAeFAeJ.jpeg', 'https://p6.douyinpic.com/aweme/100x100/tos-cn-v-2774c002/oUnxAGDeECm4kEDYPbzwa4MB8HiU4AthAeFAeJ.jpeg'], 'width': 720, 'height': 720}, 'play_url': {'uri': 'https://sf5-hl-cdn-tos.douyinstatic.com/obj/tos-cn-ve-2774/okZy9AvWC6aYpgbmYXNFE2kXQB7fmGj6QgDfts', 'url_list': ['https://sf5-hl-cdn-tos.douyinstatic.com/obj/tos-cn-ve-2774/okZy9AvWC6aYpgbmYXNFE2kXQB7fmGj6QgDfts', 'https://sf5-hl-ali-cdn-tos.douyinstatic.com/obj/tos-cn-ve-2774/okZy9AvWC6aYpgbmYXNFE2kXQB7fmGj6QgDfts'], 'width': 720, 'height': 720, 'url_key': '7376189231318288393'}, 'schema_url': '', 'source_platform': 10036, 'start_time': 0, 'end_time': 0, 'duration': 208, 'extra': '{"aggregate_exempt_conf":[],"peak":"0.4023236","music_label_id":4424,"reviewed":0,"image_beats_url":"https://sf5-hl-ali-cdn-tos.douyinstatic.com/obj/tos-cn-v-2774c002/ogQEggbEKqAuANmgZFLHtlEAsDfkfcCUZABpBD","is_aed_music":0,"loudness":"-22.15184","hit_high_follow_original":false,"dsp_switch":0,"review_unshelve_reason":0,"beats":{"merged_beats":"https://sf5-hl-cdn-tos.douyinstatic.com/obj/tos-cn-v-2774c002/oAu3eL1aIEBEAh26XseSUAPFzAedMGG8BASkCV","audio_effect_onset":"https://sf5-hl-cdn-tos.douyinstatic.com/obj/tos-cn-v-2774c002/ooAAHciEEAQzjiNf5uihs3B2lk05BWBRBAlsA7","beats_tracker":"https://sf5-hl-ali-cdn-tos.douyinstatic.com/obj/tos-cn-v-2774c002/ogQEggbEKqAuANmgZFLHtlEAsDfkfcCUZABpBD","energy_trace":"https://sf3-cdn-tos.douyinstatic.com/obj/tos-cn-v-2774c002/owDpINEDA6fAQ0eAdmLZtu8IIAF2iZCbgHB4Bg"},"hotsoon_review_time":-1,"cover_colors":{"rgb":[203,216,222]},"is_subsidy_exp":false,"is_high_follow_user":false,"hit_high_follow_extend":false,"has_edited":0,"schedule_search_time":0,"music_tagging":{"Languages":["non_vocal"],"Moods":["Healing","Calm"],"Genres":["Easy Listening"],"Themes":["Meditation"],"AEDs":["non_vocal"],"SingingVersions":null,"Instruments":null},"is_red":0,"with_aed_model":0,"hit_high_follow_auto":false,"douyin_beats_info":{}}', 'user_count': 0, 'position': None, 'collect_stat': 0, 'status': 1, 'offline_desc': '', 'owner_nickname': '', 'is_original': False, 'mid': '7376189231318288393', 'binded_challenge_id': 0, 'redirect': False, 'is_restricted': False, 'author_deleted': False, 'is_del_video': False, 'is_video_self_see': False, 'owner_handle': '', 'author_position': None, 'prevent_download': False, 'unshelve_countries': None, 'prevent_item_download_status': 0, 'external_song_info': [], 'preview_start_time': 0, 'preview_end_time': 0, 'is_commerce_music': True, 'is_original_sound': False, 'audition_duration': 208, 'shoot_duration': 208, 'reason_type': 0, 'artists': [], 'lyric_short_position': None, 'mute_share': False, 'tag_list': None, 'dmv_auto_show': False, 'is_pgc': True, 'is_matched_metadata': False, 'is_audio_url_with_cookie': False, 'music_chart_ranks': None, 'can_background_play': True, 'music_status': 1, 'video_duration': 6000, 'pgc_music_type': 1, 'cover_color_hsv': {'h': 199, 's': 9, 'v': 87}, 'search_impr': {'entity_id': '7376189231318288393'}, 'song': {'id': 7376188663103850506, 'id_str': '7376188663103850506', 'title': '温柔舒缓钢琴抒情  Intimate Piano', 'artists': None, 'chorus': {'start_ms': 175680, 'duration_ms': 20352}, 'chorus_v3_infos': None}, 'artist_user_infos': None, 'dsp_status': 10, 'musician_user_infos': None, 'music_image_beats': {'music_image_beats_url': {'uri': 'tos-cn-v-2774c002/ogQEggbEKqAuANmgZFLHtlEAsDfkfcCUZABpBD', 'url_list': ['https://sf5-hl-ali-cdn-tos.douyinstatic.com/obj/tos-cn-v-2774c002/ogQEggbEKqAuANmgZFLHtlEAsDfkfcCUZABpBD'], 'width': 720, 'height': 720}}, 'music_collect_count': 0, 'music_cover_atmosphere_color_value': '', 'show_origin_clip': False}, 'effect_inflow_effects': None, 'video': {'play_addr': {'uri': 'v0200fg10000d3kekafog65u4ghskp40', 'url_list': ['https://v5-dy-o-abtest.zjcdn.com/f729f8ffe21f14ab6ea706b175e91431/68f66e21/video/tos/cn/tos-cn-ve-15/oc6OoAEeoQDKgPApIxHABpCoICF396ZEsJPJfs/?a=6383&ch=10010&cr=3&dr=0&lr=all&cd=0%7C0%7C0%7C3&cv=1&br=759&bt=759&cs=0&ds=3&ft=c2YTctGHQPRUZxfusdr~kwPqYldQIKDEE-TerrNqq_45a&mime_type=video_mp4&qs=0&rc=ZTZnZ2kzZTpmNzo0Ojc6aUBpM3N2ang5cmRoNjMzNGkzM0BjYS9jNTItNjMxX2MxXjNjYSMxaGUxMmRjaGhhLS1kLS9zcw%3D%3D&btag=80000e00028000&cquery=100H_100K_100o_101r_100B&dy_q=1760969609&feature_id=fea919893f650a8c49286568590446ef&l=20251020221329FF810B6B17C3D024C6A3', 'https://v5-dy-o-abtest.zjcdn.com/f729f8ffe21f14ab6ea706b175e91431/68f66e21/video/tos/cn/tos-cn-ve-15/oc6OoAEeoQDKgPApIxHABpCoICF396ZEsJPJfs/?a=6383&ch=10010&cr=3&dr=0&lr=all&cd=0%7C0%7C0%7C3&cv=1&br=759&bt=759&cs=0&ds=3&ft=c2YTctGHQPRUZxfusdr~kwPqYldQIKDEE-TerrNqq_45a&mime_type=video_mp4&qs=0&rc=ZTZnZ2kzZTpmNzo0Ojc6aUBpM3N2ang5cmRoNjMzNGkzM0BjYS9jNTItNjMxX2MxXjNjYSMxaGUxMmRjaGhhLS1kLS9zcw%3D%3D&btag=80000e00028000&cquery=101r_100B_100H_100K_100o&dy_q=1760969609&feature_id=fea919893f650a8c49286568590446ef&l=20251020221329FF810B6B17C3D024C6A3', 'https://www.douyin.com/aweme/v1/play/?video_id=v0200fg10000d3kekafog65u4ghskp40&line=0&file_id=ff67a447f1b7446c970b508ffd2dd3fb&sign=23dfc2b73b262b10f2f44d0056fb3bb4&is_play_url=1&source=PackSourceEnum_PUBLISH'], 'width': 720, 'height': 1280, 'url_key': 'v0200fg10000d3kekafog65u4ghskp40_h264_720p_777516', 'data_size': 10159899, 'file_hash': '23dfc2b73b262b10f2f44d0056fb3bb4', 'file_cs': 'c:0-115029-77b9|a:v0200fg10000d3kekafog65u4ghskp40'}, 'cover': {'uri': 'tos-cn-i-dy/7edb07d258a74524aa246d727778883c', 'url_list': ['https://p3-pc-sign.douyinpic.com/tos-cn-i-dy/7edb07d258a74524aa246d727778883c~tplv-dy-cropcenter:323:430.jpeg?lk3s=138a59ce&x-expires=2076328800&x-signature=dmC0qLMyBPsd3evc%2FmJ3gvTgfvA%3D&from=327834062&s=PackSourceEnum_PUBLISH&se=true&sh=323_430&sc=cover&biz_tag=pcweb_cover&l=20251020221329FF810B6B17C3D024C6A3', 'https://p3-pc-sign.douyinpic.com/obj/tos-cn-i-dy/7edb07d258a74524aa246d727778883c?lk3s=138a59ce&x-expires=2076328800&x-signature=n9DJAeSOmgw5QR7e4Dc3eXq%2B1b8%3D&from=327834062&s=PackSourceEnum_PUBLISH&se=false&sc=cover&biz_tag=pcweb_cover&l=20251020221329FF810B6B17C3D024C6A3'], 'width': 720, 'height': 720}, 'height': 1920, 'width': 1080, 'dynamic_cover': {'uri': 'tos-cn-i-dy/7edb07d258a74524aa246d727778883c', 'url_list': ['https://p3-pc-sign.douyinpic.com/obj/tos-cn-i-dy/7edb07d258a74524aa246d727778883c?lk3s=138a59ce&x-expires=1762178400&x-signature=Cu%2B3xP%2FQZWQXS1KQl%2FbReK%2FHgE0%3D&from=327834062_large&s=PackSourceEnum_PUBLISH&se=false&sc=dynamic_cover&biz_tag=pcweb_cover&l=20251020221329FF810B6B17C3D024C6A3', 'https://p9-pc-sign.douyinpic.com/obj/tos-cn-i-dy/7edb07d258a74524aa246d727778883c?lk3s=138a59ce&x-expires=1762178400&x-signature=AliOTbWrJBiF86CzvQ6ltzqdfmM%3D&from=327834062_large&s=PackSourceEnum_PUBLISH&se=false&sc=dynamic_cover&biz_tag=pcweb_cover&l=20251020221329FF810B6B17C3D024C6A3'], 'width': 720, 'height': 720}, 'origin_cover': {'uri': 'tos-cn-p-0015/o4o6DfepAETCI06ZJAogFBCoIs9OAKKInAs4Pr', 'url_list': ['https://p3-pc-sign.douyinpic.com/tos-cn-p-0015/o4o6DfepAETCI06ZJAogFBCoIs9OAKKInAs4Pr~tplv-dy-360p.jpeg?lk3s=138a59ce&x-expires=1762178400&x-signature=si5C9WyOesY68XJ5Y6PTnNAolKA%3D&from=327834062&s=PackSourceEnum_PUBLISH&se=false&sc=origin_cover&biz_tag=pcweb_cover&l=20251020221329FF810B6B17C3D024C6A3', 'https://p9-pc-sign.douyinpic.com/tos-cn-p-0015/o4o6DfepAETCI06ZJAogFBCoIs9OAKKInAs4Pr~tplv-dy-360p.jpeg?lk3s=138a59ce&x-expires=1762178400&x-signature=X46BIXqSJDrZN0WSaG6yL3TkmPk%3D&from=327834062&s=PackSourceEnum_PUBLISH&se=false&sc=origin_cover&biz_tag=pcweb_cover&l=20251020221329FF810B6B17C3D024C6A3'], 'width': 360, 'height': 640}, 'ratio': '720p', 'format': 'mp4', 'audio': {'original_sound_infos': None}, 'bit_rate': [{'gear_name': 'normal_720_0', 'quality_type': 10, 'bit_rate': 777516, 'play_addr': {'uri': 'v0200fg10000d3kekafog65u4ghskp40', 'url_list': ['https://v5-dy-o-abtest.zjcdn.com/f729f8ffe21f14ab6ea706b175e91431/68f66e21/video/tos/cn/tos-cn-ve-15/oc6OoAEeoQDKgPApIxHABpCoICF396ZEsJPJfs/?a=6383&ch=10010&cr=3&dr=0&lr=all&cd=0%7C0%7C0%7C3&cv=1&br=759&bt=759&cs=0&ds=3&ft=c2YTctGHQPRUZxfusdr~kwPqYldQIKDEE-TerrNqq_45a&mime_type=video_mp4&qs=0&rc=ZTZnZ2kzZTpmNzo0Ojc6aUBpM3N2ang5cmRoNjMzNGkzM0BjYS9jNTItNjMxX2MxXjNjYSMxaGUxMmRjaGhhLS1kLS9zcw%3D%3D&btag=80000e00028000&cquery=100H_100K_100o_101r_100B&dy_q=1760969609&feature_id=fea919893f650a8c49286568590446ef&l=20251020221329FF810B6B17C3D024C6A3', 'https://v5-dy-o-abtest.zjcdn.com/f729f8ffe21f14ab6ea706b175e91431/68f66e21/video/tos/cn/tos-cn-ve-15/oc6OoAEeoQDKgPApIxHABpCoICF396ZEsJPJfs/?a=6383&ch=10010&cr=3&dr=0&lr=all&cd=0%7C0%7C0%7C3&cv=1&br=759&bt=759&cs=0&ds=3&ft=c2YTctGHQPRUZxfusdr~kwPqYldQIKDEE-TerrNqq_45a&mime_type=video_mp4&qs=0&rc=ZTZnZ2kzZTpmNzo0Ojc6aUBpM3N2ang5cmRoNjMzNGkzM0BjYS9jNTItNjMxX2MxXjNjYSMxaGUxMmRjaGhhLS1kLS9zcw%3D%3D&btag=80000e00028000&cquery=101r_100B_100H_100K_100o&dy_q=1760969609&feature_id=fea919893f650a8c49286568590446ef&l=20251020221329FF810B6B17C3D024C6A3', 'https://www.douyin.com/aweme/v1/play/?video_id=v0200fg10000d3kekafog65u4ghskp40&line=0&file_id=ff67a447f1b7446c970b508ffd2dd3fb&sign=23dfc2b73b262b10f2f44d0056fb3bb4&is_play_url=1&source=PackSourceEnum_PUBLISH'], 'width': 720, 'height': 1280, 'url_key': 'v0200fg10000d3kekafog65u4ghskp40_h264_720p_777516', 'data_size': 10159899, 'file_hash': '23dfc2b73b262b10f2f44d0056fb3bb4', 'file_cs': 'c:0-115029-77b9|a:v0200fg10000d3kekafog65u4ghskp40'}, 'is_h265': 0, 'is_bytevc1': 0, 'HDR_type': '', 'HDR_bit': '', 'FPS': 30, 'video_extra': '{"PktOffsetMap":"[{\\"time\\": 1, \\"offset\\": 328771}, {\\"time\\": 2, \\"offset\\": 483088}, {\\"time\\": 3, \\"offset\\": 556709}, {\\"time\\": 4, \\"offset\\": 629031}, {\\"time\\": 5, \\"offset\\": 692549}, {\\"time\\": 10, \\"offset\\": 1112946}]","format":"mp4","definition":"720p","quality":"normal","file_id":"ff67a447f1b7446c970b508ffd2dd3fb","applog_map":{"feature_id":"fea919893f650a8c49286568590446ef"},"audio_channels":"2.0","audio_sample_rate":"44100","audio_metrics":null,"audio_score":null}', 'format': 'mp4'}, {'gear_name': 'low_720_0', 'quality_type': 211, 'bit_rate': 685685, 'play_addr': {'uri': 'v0200fg10000d3kekafog65u4ghskp40', 'url_list': ['https://v5-dy-o-abtest.zjcdn.com/79266e7e187ec41bdbd70675bbb3d54d/68f66e21/video/tos/cn/tos-cn-ve-15/oEJCI4BoAgiEH39IIETlfQZAspuD6FeoOCKVPA/?a=6383&ch=10010&cr=3&dr=0&lr=all&cd=0%7C0%7C0%7C3&cv=1&br=669&bt=669&cs=0&ds=3&ft=c2YTctGHQPRUZxfusdr~kwPqYldQIKDEE-TerrNqq_45a&mime_type=video_mp4&qs=1&rc=ZWgzMzg8PDc1PDw5NDQ6ZEBpM3N2ang5cmRoNjMzNGkzM0AyLzMzNi8zNTYxNDA2LmFeYSMxaGUxMmRjaGhhLS1kLS9zcw%3D%3D&btag=80000e00028000&cquery=101r_100B_100H_100K_100o&dy_q=1760969609&feature_id=0ea98fd3bdc3c6c14a3d0804cc272721&l=20251020221329FF810B6B17C3D024C6A3', 'https://v5-dy-o-abtest.zjcdn.com/79266e7e187ec41bdbd70675bbb3d54d/68f66e21/video/tos/cn/tos-cn-ve-15/oEJCI4BoAgiEH39IIETlfQZAspuD6FeoOCKVPA/?a=6383&ch=10010&cr=3&dr=0&lr=all&cd=0%7C0%7C0%7C3&cv=1&br=669&bt=669&cs=0&ds=3&ft=c2YTctGHQPRUZxfusdr~kwPqYldQIKDEE-TerrNqq_45a&mime_type=video_mp4&qs=1&rc=ZWgzMzg8PDc1PDw5NDQ6ZEBpM3N2ang5cmRoNjMzNGkzM0AyLzMzNi8zNTYxNDA2LmFeYSMxaGUxMmRjaGhhLS1kLS9zcw%3D%3D&btag=80000e00028000&cquery=100H_100K_100o_101r_100B&dy_q=1760969609&feature_id=0ea98fd3bdc3c6c14a3d0804cc272721&l=20251020221329FF810B6B17C3D024C6A3', 'https://www.douyin.com/aweme/v1/play/?video_id=v0200fg10000d3kekafog65u4ghskp40&line=0&file_id=aad71191367949928469299560602e5b&sign=aaf8c2164b22298687d7a8c1c4cf4a68&is_play_url=1&source=PackSourceEnum_PUBLISH'], 'width': 720, 'height': 1280, 'url_key': 'v0200fg10000d3kekafog65u4ghskp40_h264_720p_685685', 'data_size': 8959933, 'file_hash': 'aaf8c2164b22298687d7a8c1c4cf4a68', 'file_cs': 'c:0-87496-31ce|a:v0200fg10000d3kekafog65u4ghskp40'}, 'is_h265': 0, 'is_bytevc1': 0, 'HDR_type': '', 'HDR_bit': '', 'FPS': 30, 'video_extra': '{"PktOffsetMap":"[{\\"time\\": 1, \\"offset\\": 292229}, {\\"time\\": 2, \\"offset\\": 436075}, {\\"time\\": 3, \\"offset\\": 497697}, {\\"time\\": 4, \\"offset\\": 559121}, {\\"time\\": 5, \\"offset\\": 611870}, {\\"time\\": 10, \\"offset\\": 977293}]","format":"mp4","definition":"720p","quality":"low","file_id":"aad71191367949928469299560602e5b","applog_map":{"feature_id":"0ea98fd3bdc3c6c14a3d0804cc272721"},"audio_channels":"2.0","audio_sample_rate":"44100","audio_metrics":null,"audio_score":null}', 'format': 'mp4'}, {'gear_name': 'low_540_0', 'quality_type': 292, 'bit_rate': 632802, 'play_addr': {'uri': 'v0200fg10000d3kekafog65u4ghskp40', 'url_list': ['https://v5-dy-o-abtest.zjcdn.com/6dfda878f5361d8865d64809743ff0d8/68f66e21/video/tos/cn/tos-cn-ve-15/owJCI9BoAg4Elv9IHEukfQZAspQD6FeoOCKVPA/?a=6383&ch=10010&cr=3&dr=0&lr=all&cd=0%7C0%7C0%7C3&cv=1&br=617&bt=617&cs=0&ds=6&ft=c2YTctGHQPRUZxfusdr~kwPqYldQIKDEE-TerrNqq_45a&mime_type=video_mp4&qs=1&rc=ZWY3ZTw8NzZpOmk5aWQzOEBpM3N2ang5cmRoNjMzNGkzM0BhYjEtY2AzXzAxXmIwMV82YSMxaGUxMmRjaGhhLS1kLS9zcw%3D%3D&btag=80000e00028000&cquery=100K_100o_101r_100B_100H&dy_q=1760969609&feature_id=0ea98fd3bdc3c6c14a3d0804cc272721&l=20251020221329FF810B6B17C3D024C6A3', 'https://v5-dy-o-abtest.zjcdn.com/6dfda878f5361d8865d64809743ff0d8/68f66e21/video/tos/cn/tos-cn-ve-15/owJCI9BoAg4Elv9IHEukfQZAspQD6FeoOCKVPA/?a=6383&ch=10010&cr=3&dr=0&lr=all&cd=0%7C0%7C0%7C3&cv=1&br=617&bt=617&cs=0&ds=6&ft=c2YTctGHQPRUZxfusdr~kwPqYldQIKDEE-TerrNqq_45a&mime_type=video_mp4&qs=1&rc=ZWY3ZTw8NzZpOmk5aWQzOEBpM3N2ang5cmRoNjMzNGkzM0BhYjEtY2AzXzAxXmIwMV82YSMxaGUxMmRjaGhhLS1kLS9zcw%3D%3D&btag=80000e00028000&cquery=100o_101r_100B_100H_100K&dy_q=1760969609&feature_id=0ea98fd3bdc3c6c14a3d0804cc272721&l=20251020221329FF810B6B17C3D024C6A3', 'https://www.douyin.com/aweme/v1/play/?video_id=v0200fg10000d3kekafog65u4ghskp40&line=0&file_id=95b04a3fe6af473fb364c9f90b44ecdb&sign=f6ae3ee65abbd9530135903a91db7bf3&is_play_url=1&source=PackSourceEnum_PUBLISH'], 'width': 576, 'height': 1024, 'url_key': 'v0200fg10000d3kekafog65u4ghskp40_h264_540p_632802', 'data_size': 8268914, 'file_hash': 'f6ae3ee65abbd9530135903a91db7bf3', 'file_cs': 'c:0-87496-769b|a:v0200fg10000d3kekafog65u4ghskp40'}, 'is_h265': 0, 'is_bytevc1': 0, 'HDR_type': '', 'HDR_bit': '', 'FPS': 30, 'video_extra': '{"PktOffsetMap":"[{\\"time\\": 1, \\"offset\\": 274339}, {\\"time\\": 2, \\"offset\\": 407749}, {\\"time\\": 3, \\"offset\\": 466008}, {\\"time\\": 4, \\"offset\\": 523439}, {\\"time\\": 5, \\"offset\\": 573500}, {\\"time\\": 10, \\"offset\\": 917276}]","format":"mp4","definition":"540p","quality":"low","file_id":"95b04a3fe6af473fb364c9f90b44ecdb","applog_map":{"feature_id":"0ea98fd3bdc3c6c14a3d0804cc272721"},"audio_channels":"2.0","audio_sample_rate":"44100","audio_metrics":null,"audio_score":null}', 'format': 'mp4'}, {'gear_name': 'adapt_low_540_0', 'quality_type': 291, 'bit_rate': 447836, 'play_addr': {'uri': 'v0200fg10000d3kekafog65u4ghskp40', 'url_list': ['https://v5-dy-o-abtest.zjcdn.com/32086c682c7806ef5372c8943ee779fd/68f66e21/video/tos/cn/tos-cn-ve-15/oECksAKGOCQWPEEoL6FfABgYZVSloIIJ9FDeAp/?a=6383&ch=10010&cr=3&dr=0&lr=all&cd=0%7C0%7C0%7C3&cv=1&br=437&bt=437&cs=0&ds=6&ft=c2YTctGHQPRUZxfusdr~kwPqYldQIKDEE-TerrNqq_45a&mime_type=video_mp4&qs=12&rc=ODQ7NWk3OzhkaDs1OmU5ZkBpM3N2ang5cmRoNjMzNGkzM0BfMy81NDM0NTUxYy4uLS5jYSMxaGUxMmRjaGhhLS1kLS9zcw%3D%3D&btag=80000e00028000&cquery=100H_100K_100o_101r_100B&dy_q=1760969609&feature_id=0ea98fd3bdc3c6c14a3d0804cc272721&l=20251020221329FF810B6B17C3D024C6A3', 'https://v5-dy-o-abtest.zjcdn.com/32086c682c7806ef5372c8943ee779fd/68f66e21/video/tos/cn/tos-cn-ve-15/oECksAKGOCQWPEEoL6FfABgYZVSloIIJ9FDeAp/?a=6383&ch=10010&cr=3&dr=0&lr=all&cd=0%7C0%7C0%7C3&cv=1&br=437&bt=437&cs=0&ds=6&ft=c2YTctGHQPRUZxfusdr~kwPqYldQIKDEE-TerrNqq_45a&mime_type=video_mp4&qs=12&rc=ODQ7NWk3OzhkaDs1OmU5ZkBpM3N2ang5cmRoNjMzNGkzM0BfMy81NDM0NTUxYy4uLS5jYSMxaGUxMmRjaGhhLS1kLS9zcw%3D%3D&btag=80000e00028000&cquery=101r_100B_100H_100K_100o&dy_q=1760969609&feature_id=0ea98fd3bdc3c6c14a3d0804cc272721&l=20251020221329FF810B6B17C3D024C6A3', 'https://www.douyin.com/aweme/v1/play/?video_id=v0200fg10000d3kekafog65u4ghskp40&line=0&file_id=fc160b1712f84e8a8578647f822861b5&sign=1f58f36e6a483fad85057011bd127bf1&is_play_url=1&source=PackSourceEnum_PUBLISH'], 'width': 576, 'height': 1024, 'url_key': 'v0200fg10000d3kekafog65u4ghskp40_h264_540p_447836', 'data_size': 5851929, 'file_hash': '1f58f36e6a483fad85057011bd127bf1', 'file_cs': 'c:0-87495-64c9|a:v0200fg10000d3kekafog65u4ghskp40'}, 'is_h265': 0, 'is_bytevc1': 0, 'HDR_type': '', 'HDR_bit': '', 'FPS': 30, 'video_extra': '{"PktOffsetMap":"[{\\"time\\": 1, \\"offset\\": 220563}, {\\"time\\": 2, \\"offset\\": 314335}, {\\"time\\": 3, \\"offset\\": 354661}, {\\"time\\": 4, \\"offset\\": 393841}, {\\"time\\": 5, \\"offset\\": 427894}, {\\"time\\": 10, \\"offset\\": 665775}]","format":"mp4","definition":"540p","quality":"adapt_low","file_id":"fc160b1712f84e8a8578647f822861b5","applog_map":{"feature_id":"0ea98fd3bdc3c6c14a3d0804cc272721"},"audio_channels":"2.0","audio_sample_rate":"44100","audio_metrics":null,"audio_score":null}', 'format': 'mp4'}, {'gear_name': 'adapt_lowest_1080_1', 'quality_type': 2, 'bit_rate': 425710, 'play_addr': {'uri': 'v0200fg10000d3kekafog65u4ghskp40', 'url_list': ['https://v5-dy-o-abtest.zjcdn.com/73a5da000ead28e790c70a145870141f/68f66e21/video/tos/cn/tos-cn-ve-15/ooSIA0GgnIRKLHUR5EeC7kTfU4yrUdBeAIBQIQ/?a=6383&ch=10010&cr=3&dr=0&lr=all&cd=0%7C0%7C0%7C3&cv=1&br=415&bt=415&cs=2&ds=4&ft=c2YTctGHQPRUZxfusdr~kwPqYldQIKDEE-TerrNqq_45a&mime_type=video_mp4&qs=15&rc=ZGY0aDVlNmRnZ2dnN2Y2aUBpM3N2ang5cmRoNjMzNGkzM0AzMC42NWBhXjUxYzFfYjNiYSMxaGUxMmRjaGhhLS1kLS9zcw%3D%3D&btag=80000e00028000&cquery=100K_100o_101r_100B_100H&dy_q=1760969609&feature_id=b38008770b4e09863331b14b26bcdc23&l=20251020221329FF810B6B17C3D024C6A3', 'https://v5-dy-o-abtest.zjcdn.com/73a5da000ead28e790c70a145870141f/68f66e21/video/tos/cn/tos-cn-ve-15/ooSIA0GgnIRKLHUR5EeC7kTfU4yrUdBeAIBQIQ/?a=6383&ch=10010&cr=3&dr=0&lr=all&cd=0%7C0%7C0%7C3&cv=1&br=415&bt=415&cs=2&ds=4&ft=c2YTctGHQPRUZxfusdr~kwPqYldQIKDEE-TerrNqq_45a&mime_type=video_mp4&qs=15&rc=ZGY0aDVlNmRnZ2dnN2Y2aUBpM3N2ang5cmRoNjMzNGkzM0AzMC42NWBhXjUxYzFfYjNiYSMxaGUxMmRjaGhhLS1kLS9zcw%3D%3D&btag=80000e00028000&cquery=101r_100B_100H_100K_100o&dy_q=1760969609&feature_id=b38008770b4e09863331b14b26bcdc23&l=20251020221329FF810B6B17C3D024C6A3', 'https://www.douyin.com/aweme/v1/play/?video_id=v0200fg10000d3kekafog65u4ghskp40&line=0&file_id=ef63ecb44dfd4d8daad3cb829e113c6a&sign=359762fd4da3392daecf8a1188439889&is_play_url=1&source=PackSourceEnum_PUBLISH'], 'width': 1080, 'height': 1920, 'url_key': 'v0200fg10000d3kekafog65u4ghskp40_bytevc1_1080p_425710', 'data_size': 5562813, 'file_hash': '359762fd4da3392daecf8a1188439889', 'file_cs': 'c:0-87661-d679|a:v0200fg10000d3kekafog65u4ghskp40'}, 'is_h265': 1, 'is_bytevc1': 1, 'HDR_type': '', 'HDR_bit': '', 'FPS': 30, 'video_extra': '{"PktOffsetMap":"[{\\"time\\": 1, \\"offset\\": 244826}, {\\"time\\": 2, \\"offset\\": 328846}, {\\"time\\": 3, \\"offset\\": 379731}, {\\"time\\": 4, \\"offset\\": 422030}, {\\"time\\": 5, \\"offset\\": 462982}, {\\"time\\": 10, \\"offset\\": 705019}]","format":"mp4","definition":"1080p","quality":"adapt_lowest","file_id":"ef63ecb44dfd4d8daad3cb829e113c6a","applog_map":{"feature_id":"b38008770b4e09863331b14b26bcdc23"},"mvmaf":"{\\"mvmaf_sr_v1080\\":98.813,\\"mvmaf_sr_v960\\":98.875,\\"mvmaf_sr_v864\\":99.115,\\"mvmaf_sr_v720\\":99.249,\\"mvmaf_ori_v1080\\":93.044,\\"mvmaf_ori_v960\\":93.585,\\"mvmaf_ori_v864\\":94.126,\\"mvmaf_ori_v720\\":94.861}","ufq":"{\\"enh\\":92.27,\\"playback\\":{\\"ori\\":89.314,\\"srv1\\":91.595},\\"src\\":92.27,\\"trans\\":89.314,\\"version\\":\\"v1.0\\"}","audio_channels":"2.0","audio_sample_rate":"44100","audio_metrics":null,"audio_score":null}', 'format': 'mp4'}, {'gear_name': 'adapt_lowest_720_1', 'quality_type': 15, 'bit_rate': 381802, 'play_addr': {'uri': 'v0200fg10000d3kekafog65u4ghskp40', 'url_list': ['https://v5-dy-o-abtest.zjcdn.com/ff74983f44bdd6a3f0c7f4c32aea32c7/68f66e21/video/tos/cn/tos-cn-ve-15/oIPopZg6fAIB6ojyQD9oCbBI7EACFAwKJOEEFe/?a=6383&ch=10010&cr=3&dr=0&lr=all&cd=0%7C0%7C0%7C3&cv=1&br=372&bt=372&cs=2&ds=3&ft=c2YTctGHQPRUZxfusdr~kwPqYldQIKDEE-TerrNqq_45a&mime_type=video_mp4&qs=15&rc=NGQ5MzhmNjxkZWk1NDdpZEBpM3N2ang5cmRoNjMzNGkzM0BjMjEuMTJeX2IxYV8tYGFjYSMxaGUxMmRjaGhhLS1kLS9zcw%3D%3D&btag=80000e00028000&cquery=100H_100K_100o_101r_100B&dy_q=1760969609&feature_id=b38008770b4e09863331b14b26bcdc23&l=20251020221329FF810B6B17C3D024C6A3', 'https://v5-dy-o-abtest.zjcdn.com/ff74983f44bdd6a3f0c7f4c32aea32c7/68f66e21/video/tos/cn/tos-cn-ve-15/oIPopZg6fAIB6ojyQD9oCbBI7EACFAwKJOEEFe/?a=6383&ch=10010&cr=3&dr=0&lr=all&cd=0%7C0%7C0%7C3&cv=1&br=372&bt=372&cs=2&ds=3&ft=c2YTctGHQPRUZxfusdr~kwPqYldQIKDEE-TerrNqq_45a&mime_type=video_mp4&qs=15&rc=NGQ5MzhmNjxkZWk1NDdpZEBpM3N2ang5cmRoNjMzNGkzM0BjMjEuMTJeX2IxYV8tYGFjYSMxaGUxMmRjaGhhLS1kLS9zcw%3D%3D&btag=80000e00028000&cquery=100B_100H_100K_100o_101r&dy_q=1760969609&feature_id=b38008770b4e09863331b14b26bcdc23&l=20251020221329FF810B6B17C3D024C6A3', 'https://www.douyin.com/aweme/v1/play/?video_id=v0200fg10000d3kekafog65u4ghskp40&line=0&file_id=fadfc401b2df4beab9a35c4510465af1&sign=9b96e8392ccc94415e67a94f91f8ee1e&is_play_url=1&source=PackSourceEnum_PUBLISH'], 'width': 720, 'height': 1280, 'url_key': 'v0200fg10000d3kekafog65u4ghskp40_bytevc1_720p_381802', 'data_size': 4989058, 'file_hash': '9b96e8392ccc94415e67a94f91f8ee1e', 'file_cs': 'c:0-87662-929c|a:v0200fg10000d3kekafog65u4ghskp40'}, 'is_h265': 1, 'is_bytevc1': 1, 'HDR_type': '', 'HDR_bit': '', 'FPS': 30, 'video_extra': '{"PktOffsetMap":"[{\\"time\\": 1, \\"offset\\": 207109}, {\\"time\\": 2, \\"offset\\": 274587}, {\\"time\\": 3, \\"offset\\": 317468}, {\\"time\\": 4, \\"offset\\": 356040}, {\\"time\\": 5, \\"offset\\": 391528}, {\\"time\\": 10, \\"offset\\": 599574}]","format":"mp4","definition":"720p","quality":"adapt_lowest","file_id":"fadfc401b2df4beab9a35c4510465af1","applog_map":{"feature_id":"b38008770b4e09863331b14b26bcdc23"},"mvmaf":"{\\"mvmaf_sr_v1080\\":97.225,\\"mvmaf_sr_v960\\":98.458,\\"mvmaf_sr_v864\\":98.952,\\"mvmaf_sr_v720\\":99.273,\\"mvmaf_ori_v1080\\":86.674,\\"mvmaf_ori_v960\\":89.664,\\"mvmaf_ori_v864\\":91.259,\\"mvmaf_ori_v720\\":94.371}","ufq":"{\\"enh\\":92.27,\\"playback\\":{\\"ori\\":82.944,\\"srv1\\":91.278},\\"src\\":92.27,\\"trans\\":82.944,\\"version\\":\\"v1.0\\"}","audio_channels":"2.0","audio_sample_rate":"44100","audio_metrics":null,"audio_score":null}', 'format': 'mp4'}, {'gear_name': 'adapt_540_1', 'quality_type': 28, 'bit_rate': 352484, 'play_addr': {'uri': 'v0200fg10000d3kekafog65u4ghskp40', 'url_list': ['https://v5-dy-o-abtest.zjcdn.com/b8e6bfe8efed5b621c15b01db0a9dc77/68f66e21/video/tos/cn/tos-cn-ve-15/okGIkI4ARRu0TLeBkEOeu8rgfpRgC7AkjRgdAB/?a=6383&ch=10010&cr=3&dr=0&lr=all&cd=0%7C0%7C0%7C3&cv=1&br=344&bt=344&cs=2&ds=6&ft=c2YTctGHQPRUZxfusdr~kwPqYldQIKDEE-TerrNqq_45a&mime_type=video_mp4&qs=11&rc=ZzVoZmg1ODVnOTg0ZWQ5OEBpM3N2ang5cmRoNjMzNGkzM0AzM141YTZeNjQxLmMxNF9gYSMxaGUxMmRjaGhhLS1kLS9zcw%3D%3D&btag=80000e00028000&cquery=101r_100B_100H_100K_100o&dy_q=1760969609&feature_id=b38008770b4e09863331b14b26bcdc23&l=20251020221329FF810B6B17C3D024C6A3', 'https://v5-dy-o-abtest.zjcdn.com/b8e6bfe8efed5b621c15b01db0a9dc77/68f66e21/video/tos/cn/tos-cn-ve-15/okGIkI4ARRu0TLeBkEOeu8rgfpRgC7AkjRgdAB/?a=6383&ch=10010&cr=3&dr=0&lr=all&cd=0%7C0%7C0%7C3&cv=1&br=344&bt=344&cs=2&ds=6&ft=c2YTctGHQPRUZxfusdr~kwPqYldQIKDEE-TerrNqq_45a&mime_type=video_mp4&qs=11&rc=ZzVoZmg1ODVnOTg0ZWQ5OEBpM3N2ang5cmRoNjMzNGkzM0AzM141YTZeNjQxLmMxNF9gYSMxaGUxMmRjaGhhLS1kLS9zcw%3D%3D&btag=80000e00028000&cquery=100B_100H_100K_100o_101r&dy_q=1760969609&feature_id=b38008770b4e09863331b14b26bcdc23&l=20251020221329FF810B6B17C3D024C6A3', 'https://www.douyin.com/aweme/v1/play/?video_id=v0200fg10000d3kekafog65u4ghskp40&line=0&file_id=c5b67a4bf115467d92a592de8cae626d&sign=7bb2d3607d7dc6594aea1c8149f2b088&is_play_url=1&source=PackSourceEnum_PUBLISH'], 'width': 576, 'height': 1024, 'url_key': 'v0200fg10000d3kekafog65u4ghskp40_bytevc1_540p_352484', 'data_size': 4605956, 'file_hash': '7bb2d3607d7dc6594aea1c8149f2b088', 'file_cs': 'c:0-87662-0f52|a:v0200fg10000d3kekafog65u4ghskp40'}, 'is_h265': 1, 'is_bytevc1': 1, 'HDR_type': '', 'HDR_bit': '', 'FPS': 30, 'video_extra': '{"PktOffsetMap":"[{\\"time\\": 1, \\"offset\\": 194134}, {\\"time\\": 2, \\"offset\\": 257160}, {\\"time\\": 3, \\"offset\\": 294881}, {\\"time\\": 4, \\"offset\\": 327124}, {\\"time\\": 5, \\"offset\\": 361012}, {\\"time\\": 10, \\"offset\\": 556805}]","format":"mp4","definition":"540p","quality":"adapt","file_id":"c5b67a4bf115467d92a592de8cae626d","applog_map":{"feature_id":"b38008770b4e09863331b14b26bcdc23"},"mvmaf":"{\\"mvmaf_sr_v1080\\":94.13,\\"mvmaf_sr_v960\\":96.515,\\"mvmaf_sr_v864\\":97.26,\\"mvmaf_sr_v720\\":98.354,\\"mvmaf_ori_v1080\\":82.106,\\"mvmaf_ori_v960\\":85.484,\\"mvmaf_ori_v864\\":87.456,\\"mvmaf_ori_v720\\":90.58}","ufq":"{\\"enh\\":92.27,\\"playback\\":{\\"ori\\":79.1,\\"srv1\\":89.963},\\"src\\":92.27,\\"trans\\":79.1,\\"version\\":\\"v1.0\\"}","audio_channels":"2.0","audio_sample_rate":"44100","audio_metrics":null,"audio_score":null}', 'format': 'mp4'}, {'gear_name': 'low_720_0', 'quality_type': 211, 'bit_rate': 629342, 'play_addr': {'uri': 'v0200fg10000d3kekafog65u4ghskp40', 'url_list': ['https://v5-dy-o-abtest.zjcdn.com/673ddc1a658cfebfa4caf05fe7e48099/68f79571/video/tos/cn/tos-cn-vd-0026/oglOFD6ygACpJZAAeAVE1KoAFID9gAFPosBCIf/media-video-avc1/?a=6383&ch=0&cr=8&dr=0&er=1&lr=default&cd=0%7C0%7C0%7C3&cv=1&br=614&bt=614&cs=0&ds=3&mime_type=video_mp4&qs=1&rc=NmZpNjY0aTk1ZDRnO2Y2O0BpM3N2ang5cmRoNjMzNGkzM0AxYDNiYWEwNjAxYi5fMDU0YSMxaGUxMmRjaGhhLS1kLS9zcw%3D%3D&btag=80000e00028000&cquery=100o_101r&dy_q=1760969609&l=20251020221329FF810B6B17C3D024C6A3', 'https://v5-dy-o-abtest.zjcdn.com/673ddc1a658cfebfa4caf05fe7e48099/68f79571/video/tos/cn/tos-cn-vd-0026/oglOFD6ygACpJZAAeAVE1KoAFID9gAFPosBCIf/media-video-avc1/?a=6383&ch=0&cr=8&dr=0&er=1&lr=default&cd=0%7C0%7C0%7C3&cv=1&br=614&bt=614&cs=0&ds=3&mime_type=video_mp4&qs=1&rc=NmZpNjY0aTk1ZDRnO2Y2O0BpM3N2ang5cmRoNjMzNGkzM0AxYDNiYWEwNjAxYi5fMDU0YSMxaGUxMmRjaGhhLS1kLS9zcw%3D%3D&btag=80000e00028000&cquery=101r_100o&dy_q=1760969609&l=20251020221329FF810B6B17C3D024C6A3', 'https://www.douyin.com/aweme/v1/play/dash/?video_id=v0200fg10000d3kekafog65u4ghskp40&line=0&file_id=78833cb81de14a32963fd1d3e36fcc43&sign=cea7ec8d18046c35a10a720b0dd1d5c7&is_play_url=1&source=PackSourceEnum_PUBLISH'], 'width': 720, 'height': 1280, 'url_key': 'v0200fg10000d3kekafog65u4ghskp40_h264_720p_629342', 'data_size': 8223374, 'file_hash': 'cea7ec8d18046c35a10a720b0dd1d5c7'}, 'is_h265': 0, 'is_bytevc1': 0, 'HDR_type': '', 'HDR_bit': '', 'FPS': 30, 'video_extra': '{"PktOffsetMap":"","format":"dash","sub_info":"{\\"audio_channels\\":\\"2.0\\",\\"audio_layout\\":\\"C\\",\\"audio_sample_rate\\":\\"44100\\",\\"base_range_info\\":{\\"first_moof_range\\":\\"1183-3282\\",\\"index_range\\":\\"995-1182\\",\\"init_range\\":\\"0-994\\"},\\"check_info\\":{\\"check_info\\":\\"a:v0200fg10000d3kekafog65u4ghskp40|b:0-1182-ebe6e95843ea52509e09a858efe750ea|c:0-1182-e1a0\\"},\\"first_segment_range\\":\\"1183-654091\\",\\"gear_des_key\\":\\"0:DASH|1:normal|2:h264|4:720p|5:low|10000:105\\",\\"quality_type\\":11}","definition":"720p","quality":"low","quality_desc":"","file_id":"78833cb81de14a32963fd1d3e36fcc43","real_bitrate":685685,"audio_file_id":"21f770a6dff6e4664d9534849a095a79","applog_map":{"feature_id":"0ea98fd3bdc3c6c14a3d0804cc272721"},"audio_metrics":null,"audio_score":null}', 'format': 'dash'}, {'gear_name': 'low_540_0', 'quality_type': 292, 'bit_rate': 576458, 'play_addr': {'uri': 'v0200fg10000d3kekafog65u4ghskp40', 'url_list': ['https://v5-dy-o-abtest.zjcdn.com/59e3121a3fa16ce1eff44bbc89daa428/68f79571/video/tos/cn/tos-cn-vd-0026/owIAsoKAvBOAlg9CePgADFEAoVDYZ6AoJfIpkC/media-video-avc1/?a=6383&ch=0&cr=8&dr=0&er=1&lr=default&cd=0%7C0%7C0%7C3&cv=1&br=562&bt=562&cs=0&ds=6&mime_type=video_mp4&qs=1&rc=N2hoO2ZlOjhpOTs4Ojk2OEBpM3N2ang5cmRoNjMzNGkzM0BjNS0zYmNfNTExYi0tXzFfYSMxaGUxMmRjaGhhLS1kLS9zcw%3D%3D&btag=80000e00028000&cquery=100o_101r&dy_q=1760969609&l=20251020221329FF810B6B17C3D024C6A3', 'https://v5-dy-o-abtest.zjcdn.com/59e3121a3fa16ce1eff44bbc89daa428/68f79571/video/tos/cn/tos-cn-vd-0026/owIAsoKAvBOAlg9CePgADFEAoVDYZ6AoJfIpkC/media-video-avc1/?a=6383&ch=0&cr=8&dr=0&er=1&lr=default&cd=0%7C0%7C0%7C3&cv=1&br=562&bt=562&cs=0&ds=6&mime_type=video_mp4&qs=1&rc=N2hoO2ZlOjhpOTs4Ojk2OEBpM3N2ang5cmRoNjMzNGkzM0BjNS0zYmNfNTExYi0tXzFfYSMxaGUxMmRjaGhhLS1kLS9zcw%3D%3D&btag=80000e00028000&cquery=101r_100o&dy_q=1760969609&l=20251020221329FF810B6B17C3D024C6A3', 'https://www.douyin.com/aweme/v1/play/dash/?video_id=v0200fg10000d3kekafog65u4ghskp40&line=0&file_id=b543b60705e8464f85b7fbec680e8ef4&sign=429bc8bec1b7448786bb716a9cdd6965&is_play_url=1&source=PackSourceEnum_PUBLISH'], 'width': 576, 'height': 1024, 'url_key': 'v0200fg10000d3kekafog65u4ghskp40_h264_540p_576458', 'data_size': 7532355, 'file_hash': '429bc8bec1b7448786bb716a9cdd6965'}, 'is_h265': 0, 'is_bytevc1': 0, 'HDR_type': '', 'HDR_bit': '', 'FPS': 30, 'video_extra': '{"PktOffsetMap":"","format":"dash","sub_info":"{\\"audio_channels\\":\\"2.0\\",\\"audio_layout\\":\\"C\\",\\"audio_sample_rate\\":\\"44100\\",\\"base_range_info\\":{\\"first_moof_range\\":\\"1183-3282\\",\\"index_range\\":\\"995-1182\\",\\"init_range\\":\\"0-994\\"},\\"check_info\\":{\\"check_info\\":\\"a:v0200fg10000d3kekafog65u4ghskp40|b:0-1182-12b4f01e3efa791362dc4613b5b5b0db|c:0-1182-f3f4\\"},\\"first_segment_range\\":\\"1183-607743\\",\\"gear_des_key\\":\\"0:DASH|1:normal|2:h264|4:540p|5:low|10000:105\\"}","definition":"540p","quality":"low","quality_desc":"","file_id":"b543b60705e8464f85b7fbec680e8ef4","real_bitrate":632802,"audio_file_id":"21f770a6dff6e4664d9534849a095a79","applog_map":{"feature_id":"0ea98fd3bdc3c6c14a3d0804cc272721"},"audio_metrics":null,"audio_score":null}', 'format': 'dash'}, {'gear_name': 'adapt_low_540_0', 'quality_type': 291, 'bit_rate': 391484, 'play_addr': {'uri': 'v0200fg10000d3kekafog65u4ghskp40', 'url_list': ['https://v5-dy-o-abtest.zjcdn.com/e23f6cf571d1ec0d0ddf10cf54d5db47/68f79571/video/tos/cn/tos-cn-vd-0026/oAPAEAAFKIAeD9AgJYA6ZogOmIVpDfKBCkNoCs/media-video-avc1/?a=6383&ch=0&cr=8&dr=0&er=1&lr=default&cd=0%7C0%7C0%7C3&cv=1&br=382&bt=382&cs=0&ds=6&mime_type=video_mp4&qs=12&rc=NmQ3OjVnOjNpPDpmMzo5aUBpM3N2ang5cmRoNjMzNGkzM0AvNDJgMV8vNmAxMzQuL181YSMxaGUxMmRjaGhhLS1kLS9zcw%3D%3D&btag=80000e00028000&cquery=100o_101r&dy_q=1760969609&l=20251020221329FF810B6B17C3D024C6A3', 'https://v5-dy-o-abtest.zjcdn.com/e23f6cf571d1ec0d0ddf10cf54d5db47/68f79571/video/tos/cn/tos-cn-vd-0026/oAPAEAAFKIAeD9AgJYA6ZogOmIVpDfKBCkNoCs/media-video-avc1/?a=6383&ch=0&cr=8&dr=0&er=1&lr=default&cd=0%7C0%7C0%7C3&cv=1&br=382&bt=382&cs=0&ds=6&mime_type=video_mp4&qs=12&rc=NmQ3OjVnOjNpPDpmMzo5aUBpM3N2ang5cmRoNjMzNGkzM0AvNDJgMV8vNmAxMzQuL181YSMxaGUxMmRjaGhhLS1kLS9zcw%3D%3D&btag=80000e00028000&cquery=101r_100o&dy_q=1760969609&l=20251020221329FF810B6B17C3D024C6A3', 'https://www.douyin.com/aweme/v1/play/dash/?video_id=v0200fg10000d3kekafog65u4ghskp40&line=0&file_id=8fb627107c6749cf9027bd42c7547a23&sign=5278ad2587a1e5ca540cb8931f7eb6ae&is_play_url=1&source=PackSourceEnum_PUBLISH'], 'width': 576, 'height': 1024, 'url_key': 'v0200fg10000d3kekafog65u4ghskp40_h264_540p_391484', 'data_size': 5115370, 'file_hash': '5278ad2587a1e5ca540cb8931f7eb6ae'}, 'is_h265': 0, 'is_bytevc1': 0, 'HDR_type': '', 'HDR_bit': '', 'FPS': 30, 'video_extra': '{"PktOffsetMap":"","format":"dash","sub_info":"{\\"audio_channels\\":\\"2.0\\",\\"audio_layout\\":\\"C\\",\\"audio_sample_rate\\":\\"44100\\",\\"base_range_info\\":{\\"first_moof_range\\":\\"1182-3281\\",\\"index_range\\":\\"994-1181\\",\\"init_range\\":\\"0-993\\"},\\"check_info\\":{\\"check_info\\":\\"a:v0200fg10000d3kekafog65u4ghskp40|b:0-1181-1e988e1cf8c6c6121c20cc690ed40417|c:0-1181-0d5b\\"},\\"first_segment_range\\":\\"1182-405998\\",\\"gear_des_key\\":\\"0:DASH|1:normal|2:h264|4:540p|5:adapt_low|10000:105\\",\\"quality_type\\":291}","definition":"540p","quality":"adapt_low","quality_desc":"","file_id":"8fb627107c6749cf9027bd42c7547a23","real_bitrate":447836,"audio_file_id":"21f770a6dff6e4664d9534849a095a79","applog_map":{"feature_id":"0ea98fd3bdc3c6c14a3d0804cc272721"},"audio_metrics":null,"audio_score":null}', 'format': 'dash'}, {'gear_name': 'adapt_lowest_1080_1', 'quality_type': 2, 'bit_rate': 369393, 'play_addr': {'uri': 'v0200fg10000d3kekafog65u4ghskp40', 'url_list': ['https://v5-dy-o-abtest.zjcdn.com/a1945362c30d24fc23c5fa39aa35cf07/68f79571/video/tos/cn/tos-cn-vd-0026/oQvRREQkTGAUUIA0AdL4B7RAHBUAyCf0Aee2SI/media-video-hvc1/?a=6383&ch=0&cr=8&dr=0&er=1&lr=default&cd=0%7C0%7C0%7C3&cv=1&br=360&bt=360&cs=4&ds=4&mime_type=video_mp4&qs=15&rc=NDo6OWU0ZTc6NDNlPGVkZ0BpM3N2ang5cmRoNjMzNGkzM0AuMWM2NWJiXl8xLTFeL180YSMxaGUxMmRjaGhhLS1kLS9zcw%3D%3D&btag=80000e00028000&cquery=101r_100o&dy_q=1760969609&l=20251020221329FF810B6B17C3D024C6A3', 'https://v5-dy-o-abtest.zjcdn.com/a1945362c30d24fc23c5fa39aa35cf07/68f79571/video/tos/cn/tos-cn-vd-0026/oQvRREQkTGAUUIA0AdL4B7RAHBUAyCf0Aee2SI/media-video-hvc1/?a=6383&ch=0&cr=8&dr=0&er=1&lr=default&cd=0%7C0%7C0%7C3&cv=1&br=360&bt=360&cs=4&ds=4&mime_type=video_mp4&qs=15&rc=NDo6OWU0ZTc6NDNlPGVkZ0BpM3N2ang5cmRoNjMzNGkzM0AuMWM2NWJiXl8xLTFeL180YSMxaGUxMmRjaGhhLS1kLS9zcw%3D%3D&btag=80000e00028000&cquery=101r_100o&dy_q=1760969609&l=20251020221329FF810B6B17C3D024C6A3', 'https://www.douyin.com/aweme/v1/play/dash/?video_id=v0200fg10000d3kekafog65u4ghskp40&line=0&file_id=7dba2ba94b0041b7a4ebe18b96f74711&sign=c7f7444d8d5550a9d90526e2157286f1&is_play_url=1&source=PackSourceEnum_PUBLISH'], 'width': 1080, 'height': 1920, 'url_key': 'v0200fg10000d3kekafog65u4ghskp40_bytevc1_1080p_369393', 'data_size': 4826719, 'file_hash': 'c7f7444d8d5550a9d90526e2157286f1'}, 'is_h265': 1, 'is_bytevc1': 1, 'HDR_type': '', 'HDR_bit': '', 'FPS': 30, 'video_extra': '{"PktOffsetMap":"","format":"dash","sub_info":"{\\"audio_channels\\":\\"2.0\\",\\"audio_layout\\":\\"C\\",\\"audio_sample_rate\\":\\"44100\\",\\"base_range_info\\":{\\"first_moof_range\\":\\"1352-3131\\",\\"index_range\\":\\"1128-1351\\",\\"init_range\\":\\"0-1127\\"},\\"check_info\\":{\\"check_info\\":\\"a:v0200fg10000d3kekafog65u4ghskp40|b:0-1351-f18200bfdc3b4b263004bb2c939f5949|c:0-1351-769a\\"},\\"first_segment_range\\":\\"1352-402169\\",\\"gear_des_key\\":\\"0:DASH|1:normal|2:h265_hvc1|4:1080p|5:adapt_lowest|10000:105\\",\\"quality_type\\":2}","definition":"1080p","quality":"adapt_lowest","quality_desc":"","file_id":"7dba2ba94b0041b7a4ebe18b96f74711","real_bitrate":422604,"audio_file_id":"21f770a6dff6e4664d9534849a095a79","applog_map":{"feature_id":"b38008770b4e09863331b14b26bcdc23"},"mvmaf":"{\\"mvmaf_sr_v1080\\":98.813,\\"mvmaf_sr_v960\\":98.875,\\"mvmaf_sr_v864\\":99.115,\\"mvmaf_sr_v720\\":99.249,\\"mvmaf_ori_v1080\\":93.044,\\"mvmaf_ori_v960\\":93.585,\\"mvmaf_ori_v864\\":94.126,\\"mvmaf_ori_v720\\":94.861}","audio_metrics":null,"audio_score":null}', 'format': 'dash'}, {'gear_name': 'adapt_lowest_720_1', 'quality_type': 15, 'bit_rate': 325483, 'play_addr': {'uri': 'v0200fg10000d3kekafog65u4ghskp40', 'url_list': ['https://v5-dy-o-abtest.zjcdn.com/73509c390e076f587ecf45bedbab6951/68f79571/video/tos/cn/tos-cn-vd-0026/oIbo9oAJ6DCEA7cUAAgAZeofpPGg8FIDAKCBIO/media-video-hvc1/?a=6383&ch=0&cr=8&dr=0&er=1&lr=default&cd=0%7C0%7C0%7C3&cv=1&br=317&bt=317&cs=4&ds=3&mime_type=video_mp4&qs=15&rc=ZWg2Ozg7ODdnMzU3ZWQ1ZkBpM3N2ang5cmRoNjMzNGkzM0BhLTVgMTQ1XjMxNWIzMjI0YSMxaGUxMmRjaGhhLS1kLS9zcw%3D%3D&btag=80000e00028000&cquery=100o_101r&dy_q=1760969609&l=20251020221329FF810B6B17C3D024C6A3', 'https://v5-dy-o-abtest.zjcdn.com/73509c390e076f587ecf45bedbab6951/68f79571/video/tos/cn/tos-cn-vd-0026/oIbo9oAJ6DCEA7cUAAgAZeofpPGg8FIDAKCBIO/media-video-hvc1/?a=6383&ch=0&cr=8&dr=0&er=1&lr=default&cd=0%7C0%7C0%7C3&cv=1&br=317&bt=317&cs=4&ds=3&mime_type=video_mp4&qs=15&rc=ZWg2Ozg7ODdnMzU3ZWQ1ZkBpM3N2ang5cmRoNjMzNGkzM0BhLTVgMTQ1XjMxNWIzMjI0YSMxaGUxMmRjaGhhLS1kLS9zcw%3D%3D&btag=80000e00028000&cquery=100o_101r&dy_q=1760969609&l=20251020221329FF810B6B17C3D024C6A3', 'https://www.douyin.com/aweme/v1/play/dash/?video_id=v0200fg10000d3kekafog65u4ghskp40&line=0&file_id=7c525a6be482406da4857845c8830edb&sign=7fd4ace7f2de695541919ff2eb8b5289&is_play_url=1&source=PackSourceEnum_PUBLISH'], 'width': 720, 'height': 1280, 'url_key': 'v0200fg10000d3kekafog65u4ghskp40_bytevc1_720p_325483', 'data_size': 4252964, 'file_hash': '7fd4ace7f2de695541919ff2eb8b5289'}, 'is_h265': 1, 'is_bytevc1': 1, 'HDR_type': '', 'HDR_bit': '', 'FPS': 30, 'video_extra': '{"PktOffsetMap":"","format":"dash","sub_info":"{\\"audio_channels\\":\\"2.0\\",\\"audio_layout\\":\\"C\\",\\"audio_sample_rate\\":\\"44100\\",\\"base_range_info\\":{\\"first_moof_range\\":\\"1353-3132\\",\\"index_range\\":\\"1129-1352\\",\\"init_range\\":\\"0-1128\\"},\\"check_info\\":{\\"check_info\\":\\"a:v0200fg10000d3kekafog65u4ghskp40|b:0-1352-2adec7ab229799d87843e03d7aba93fd|c:0-1352-cbf5\\"},\\"first_segment_range\\":\\"1353-322038\\",\\"gear_des_key\\":\\"0:DASH|1:normal|2:h265_hvc1|4:720p|5:adapt_lowest|10000:105\\",\\"quality_type\\":15}","definition":"720p","quality":"adapt_lowest","quality_desc":"","file_id":"7c525a6be482406da4857845c8830edb","real_bitrate":378694,"audio_file_id":"21f770a6dff6e4664d9534849a095a79","applog_map":{"feature_id":"b38008770b4e09863331b14b26bcdc23"},"mvmaf":"{\\"mvmaf_sr_v1080\\":97.225,\\"mvmaf_sr_v960\\":98.458,\\"mvmaf_sr_v864\\":98.952,\\"mvmaf_sr_v720\\":99.273,\\"mvmaf_ori_v1080\\":86.674,\\"mvmaf_ori_v960\\":89.664,\\"mvmaf_ori_v864\\":91.259,\\"mvmaf_ori_v720\\":94.371}","ufq":"{\\"enh\\":92.27,\\"playback\\":{\\"ori\\":82.944,\\"srv1\\":91.278},\\"src\\":92.27,\\"trans\\":82.944,\\"version\\":\\"v1.0\\"}","audio_metrics":null,"audio_score":null}', 'format': 'dash'}, {'gear_name': 'adapt_540_1', 'quality_type': 28, 'bit_rate': 296164, 'play_addr': {'uri': 'v0200fg10000d3kekafog65u4ghskp40', 'url_list': ['https://v5-dy-o-abtest.zjcdn.com/34d5dc5928b2fdd1a10ca0f86bb39cb3/68f79571/video/tos/cn/tos-cn-vd-0026/oEAzAfZCDADoFAPApoE7ONIo6BCgJIKgeE9joA/media-video-hvc1/?a=6383&ch=0&cr=8&dr=0&er=1&lr=default&cd=0%7C0%7C0%7C3&cv=1&br=289&bt=289&cs=4&ds=6&mime_type=video_mp4&qs=11&rc=OzM3Zzw2aDRmNzxmN2Y8ZUBpM3N2ang5cmRoNjMzNGkzM0BeMjBgYF9jX18xLTI0YDVeYSMxaGUxMmRjaGhhLS1kLS9zcw%3D%3D&btag=80000e00028000&cquery=101r_100o&dy_q=1760969609&l=20251020221329FF810B6B17C3D024C6A3', 'https://v5-dy-o-abtest.zjcdn.com/34d5dc5928b2fdd1a10ca0f86bb39cb3/68f79571/video/tos/cn/tos-cn-vd-0026/oEAzAfZCDADoFAPApoE7ONIo6BCgJIKgeE9joA/media-video-hvc1/?a=6383&ch=0&cr=8&dr=0&er=1&lr=default&cd=0%7C0%7C0%7C3&cv=1&br=289&bt=289&cs=4&ds=6&mime_type=video_mp4&qs=11&rc=OzM3Zzw2aDRmNzxmN2Y8ZUBpM3N2ang5cmRoNjMzNGkzM0BeMjBgYF9jX18xLTI0YDVeYSMxaGUxMmRjaGhhLS1kLS9zcw%3D%3D&btag=80000e00028000&cquery=101r_100o&dy_q=1760969609&l=20251020221329FF810B6B17C3D024C6A3', 'https://www.douyin.com/aweme/v1/play/dash/?video_id=v0200fg10000d3kekafog65u4ghskp40&line=0&file_id=ab89cc745c0944bcb1feb3c9cd3450a8&sign=8bacb5868939b64b6484bef710dd2760&is_play_url=1&source=PackSourceEnum_PUBLISH'], 'width': 576, 'height': 1024, 'url_key': 'v0200fg10000d3kekafog65u4ghskp40_bytevc1_540p_296164', 'data_size': 3869862, 'file_hash': '8bacb5868939b64b6484bef710dd2760'}, 'is_h265': 1, 'is_bytevc1': 1, 'HDR_type': '', 'HDR_bit': '', 'FPS': 30, 'video_extra': '{"PktOffsetMap":"","format":"dash","sub_info":"{\\"audio_channels\\":\\"2.0\\",\\"audio_layout\\":\\"C\\",\\"audio_sample_rate\\":\\"44100\\",\\"base_range_info\\":{\\"first_moof_range\\":\\"1353-3132\\",\\"index_range\\":\\"1129-1352\\",\\"init_range\\":\\"0-1128\\"},\\"check_info\\":{\\"check_info\\":\\"a:v0200fg10000d3kekafog65u4ghskp40|b:0-1352-d540b459e1a213ef9050ed5388f98ed6|c:0-1352-c3e3\\"},\\"first_segment_range\\":\\"1353-290622\\",\\"gear_des_key\\":\\"0:DASH|1:normal|2:h265_hvc1|4:540p|5:adapt|10000:105\\",\\"quality_type\\":28}","definition":"540p","quality":"adapt","quality_desc":"","file_id":"ab89cc745c0944bcb1feb3c9cd3450a8","real_bitrate":352484,"audio_file_id":"21f770a6dff6e4664d9534849a095a79","applog_map":{"feature_id":"b38008770b4e09863331b14b26bcdc23"},"mvmaf":"{\\"mvmaf_sr_v1080\\":94.13,\\"mvmaf_sr_v960\\":96.515,\\"mvmaf_sr_v864\\":97.26,\\"mvmaf_sr_v720\\":98.354,\\"mvmaf_ori_v1080\\":82.106,\\"mvmaf_ori_v960\\":85.484,\\"mvmaf_ori_v864\\":87.456,\\"mvmaf_ori_v720\\":90.58}","ufq":"{\\"enh\\":92.27,\\"playback\\":{\\"ori\\":79.1,\\"srv1\\":89.963},\\"src\\":92.27,\\"trans\\":79.1,\\"version\\":\\"v1.0\\"}","audio_metrics":null,"audio_score":null}', 'format': 'dash'}], 'duration': 104537, 'play_addr_265': {'uri': 'v0200fg10000d3kekafog65u4ghskp40', 'url_list': ['https://v5-dy-o-abtest.zjcdn.com/b8e6bfe8efed5b621c15b01db0a9dc77/68f66e21/video/tos/cn/tos-cn-ve-15/okGIkI4ARRu0TLeBkEOeu8rgfpRgC7AkjRgdAB/?a=6383&ch=10010&cr=3&dr=0&lr=all&cd=0%7C0%7C0%7C3&cv=1&br=344&bt=344&cs=2&ds=6&ft=c2YTctGHQPRUZxfusdr~kwPqYldQIKDEE-TerrNqq_45a&mime_type=video_mp4&qs=11&rc=ZzVoZmg1ODVnOTg0ZWQ5OEBpM3N2ang5cmRoNjMzNGkzM0AzM141YTZeNjQxLmMxNF9gYSMxaGUxMmRjaGhhLS1kLS9zcw%3D%3D&btag=80000e00028000&cquery=101r_100B_100H_100K_100o&dy_q=1760969609&feature_id=b38008770b4e09863331b14b26bcdc23&l=20251020221329FF810B6B17C3D024C6A3', 'https://v5-dy-o-abtest.zjcdn.com/b8e6bfe8efed5b621c15b01db0a9dc77/68f66e21/video/tos/cn/tos-cn-ve-15/okGIkI4ARRu0TLeBkEOeu8rgfpRgC7AkjRgdAB/?a=6383&ch=10010&cr=3&dr=0&lr=all&cd=0%7C0%7C0%7C3&cv=1&br=344&bt=344&cs=2&ds=6&ft=c2YTctGHQPRUZxfusdr~kwPqYldQIKDEE-TerrNqq_45a&mime_type=video_mp4&qs=11&rc=ZzVoZmg1ODVnOTg0ZWQ5OEBpM3N2ang5cmRoNjMzNGkzM0AzM141YTZeNjQxLmMxNF9gYSMxaGUxMmRjaGhhLS1kLS9zcw%3D%3D&btag=80000e00028000&cquery=100B_100H_100K_100o_101r&dy_q=1760969609&feature_id=b38008770b4e09863331b14b26bcdc23&l=20251020221329FF810B6B17C3D024C6A3', 'https://www.douyin.com/aweme/v1/play/?video_id=v0200fg10000d3kekafog65u4ghskp40&line=0&file_id=c5b67a4bf115467d92a592de8cae626d&sign=7bb2d3607d7dc6594aea1c8149f2b088&is_play_url=1&source=PackSourceEnum_PUBLISH'], 'width': 576, 'height': 1024, 'url_key': 'v0200fg10000d3kekafog65u4ghskp40_bytevc1_540p_352484', 'data_size': 4605956, 'file_hash': '7bb2d3607d7dc6594aea1c8149f2b088', 'file_cs': 'c:0-87662-0f52|a:v0200fg10000d3kekafog65u4ghskp40'}, 'bit_rate_audio': [{'audio_meta': {'url_list': {'main_url': 'https://v5-dy-o-abtest.zjcdn.com/cb3bdce07f45a335168a2a315457bdb5/68f79571/video/tos/cn/tos-cn-vd-0026/oAPAEAAFKIAeD9AgJYA6ZogOmIVpDfKBCkNoCs/media-audio-und-mp4a/?a=6383&ch=0&cr=8&dr=0&er=1&lr=default&cd=0%7C0%7C0%7C3&cv=1&br=51&bt=51&cs=0&mime_type=video_mp4&qs=12&rc=PGQ8ZDc3OGc5NzlpOTM6NEBpM3N2ang5cmRoNjMzNGkzM0A0Mi02NTA2MTNiY2FeNGMvYSMxaGUxMmRjaGhhLS1kLS9zcw%3D%3D&btag=80000e00028000&cquery=101r_100o&dy_q=1760969609&l=20251020221329FF810B6B17C3D024C6A3', 'backup_url': 'https://v5-dy-o-abtest.zjcdn.com/cb3bdce07f45a335168a2a315457bdb5/68f79571/video/tos/cn/tos-cn-vd-0026/oAPAEAAFKIAeD9AgJYA6ZogOmIVpDfKBCkNoCs/media-audio-und-mp4a/?a=6383&ch=0&cr=8&dr=0&er=1&lr=default&cd=0%7C0%7C0%7C3&cv=1&br=51&bt=51&cs=0&mime_type=video_mp4&qs=12&rc=PGQ8ZDc3OGc5NzlpOTM6NEBpM3N2ang5cmRoNjMzNGkzM0A0Mi02NTA2MTNiY2FeNGMvYSMxaGUxMmRjaGhhLS1kLS9zcw%3D%3D&btag=80000e00028000&cquery=101r_100o&dy_q=1760969609&l=20251020221329FF810B6B17C3D024C6A3', 'fallback_url': 'https://www.douyin.com/aweme/v1/play/dash/?video_id=v0200fg10000d3kekafog65u4ghskp40&line=0&file_id=21f770a6dff6e4664d9534849a095a79&sign=21f770a6dff6e4664d9534849a095a79&is_play_url=1&source=PackSourceEnum_PUBLISH'}, 'encoded_type': 'normal', 'media_type': 'audio', 'logo_type': '', 'quality': 'adapt_low', 'quality_desc': '', 'format': 'dash', 'bitrate': 53211, 'codec_type': 'h264', 'size': 695309, 'fps': 0, 'file_id': '21f770a6dff6e4664d9534849a095a79', 'file_hash': '21f770a6dff6e4664d9534849a095a79', 'sub_info': '{"audio_channels":"2.0","audio_layout":"C","audio_sample_rate":"44100","base_range_info":{"index_range":"870-1057","init_range":"0-869"},"check_info":{"check_info":"a:v0200fg10000d3kekafog65u4ghskp40|b:0-1057-ede5a1c5ff5d9365f60e00b8bfe97a79|c:0-1057-822d"},"first_segment_range":"1058-54821","gear_des_key":"0:dash|1:normal|2:h264|5:adapt_low|10000:105"}'}, 'audio_quality': 6, 'audio_extra': '{"real_bitrate":447836}'}], 'play_addr_h264': {'uri': 'v0200fg10000d3kekafog65u4ghskp40', 'url_list': ['https://v5-dy-o-abtest.zjcdn.com/f729f8ffe21f14ab6ea706b175e91431/68f66e21/video/tos/cn/tos-cn-ve-15/oc6OoAEeoQDKgPApIxHABpCoICF396ZEsJPJfs/?a=6383&ch=10010&cr=3&dr=0&lr=all&cd=0%7C0%7C0%7C3&cv=1&br=759&bt=759&cs=0&ds=3&ft=c2YTctGHQPRUZxfusdr~kwPqYldQIKDEE-TerrNqq_45a&mime_type=video_mp4&qs=0&rc=ZTZnZ2kzZTpmNzo0Ojc6aUBpM3N2ang5cmRoNjMzNGkzM0BjYS9jNTItNjMxX2MxXjNjYSMxaGUxMmRjaGhhLS1kLS9zcw%3D%3D&btag=80000e00028000&cquery=100H_100K_100o_101r_100B&dy_q=1760969609&feature_id=fea919893f650a8c49286568590446ef&l=20251020221329FF810B6B17C3D024C6A3', 'https://v5-dy-o-abtest.zjcdn.com/f729f8ffe21f14ab6ea706b175e91431/68f66e21/video/tos/cn/tos-cn-ve-15/oc6OoAEeoQDKgPApIxHABpCoICF396ZEsJPJfs/?a=6383&ch=10010&cr=3&dr=0&lr=all&cd=0%7C0%7C0%7C3&cv=1&br=759&bt=759&cs=0&ds=3&ft=c2YTctGHQPRUZxfusdr~kwPqYldQIKDEE-TerrNqq_45a&mime_type=video_mp4&qs=0&rc=ZTZnZ2kzZTpmNzo0Ojc6aUBpM3N2ang5cmRoNjMzNGkzM0BjYS9jNTItNjMxX2MxXjNjYSMxaGUxMmRjaGhhLS1kLS9zcw%3D%3D&btag=80000e00028000&cquery=101r_100B_100H_100K_100o&dy_q=1760969609&feature_id=fea919893f650a8c49286568590446ef&l=20251020221329FF810B6B17C3D024C6A3', 'https://www.douyin.com/aweme/v1/play/?video_id=v0200fg10000d3kekafog65u4ghskp40&line=0&file_id=ff67a447f1b7446c970b508ffd2dd3fb&sign=23dfc2b73b262b10f2f44d0056fb3bb4&is_play_url=1&source=PackSourceEnum_PUBLISH'], 'width': 720, 'height': 1280, 'url_key': 'v0200fg10000d3kekafog65u4ghskp40_h264_720p_777516', 'data_size': 10159899, 'file_hash': '23dfc2b73b262b10f2f44d0056fb3bb4', 'file_cs': 'c:0-115029-77b9|a:v0200fg10000d3kekafog65u4ghskp40'}, 'raw_cover': {'uri': 'tos-cn-i-dy/7edb07d258a74524aa246d727778883c', 'url_list': ['https://p3-pc-sign.douyinpic.com/tos-cn-i-dy/7edb07d258a74524aa246d727778883c~tplv-dy-cropcenter:323:430.jpeg?lk3s=138a59ce&x-expires=2076328800&x-signature=dmC0qLMyBPsd3evc%2FmJ3gvTgfvA%3D&from=327834062&s=PackSourceEnum_PUBLISH&se=true&sh=323_430&sc=cover&biz_tag=pcweb_cover&l=20251020221329FF810B6B17C3D024C6A3', 'https://p3-pc-sign.douyinpic.com/obj/tos-cn-i-dy/7edb07d258a74524aa246d727778883c?lk3s=138a59ce&x-expires=2076328800&x-signature=n9DJAeSOmgw5QR7e4Dc3eXq%2B1b8%3D&from=327834062&s=PackSourceEnum_PUBLISH&se=false&sc=cover&biz_tag=pcweb_cover&l=20251020221329FF810B6B17C3D024C6A3'], 'width': 720, 'height': 720}, 'is_long_video': 1, 'animated_cover': {'uri': 'tos-cn-i-dy/7edb07d258a74524aa246d727778883c', 'url_list': ['https://p3-pc-sign.douyinpic.com/obj/tos-cn-i-dy/7edb07d258a74524aa246d727778883c?lk3s=138a59ce&x-expires=1762178400&x-signature=Cu%2B3xP%2FQZWQXS1KQl%2FbReK%2FHgE0%3D&from=327834062_large&s=PackSourceEnum_PUBLISH&se=false&sc=dynamic_cover&biz_tag=pcweb_cover&l=20251020221329FF810B6B17C3D024C6A3', 'https://p9-pc-sign.douyinpic.com/obj/tos-cn-i-dy/7edb07d258a74524aa246d727778883c?lk3s=138a59ce&x-expires=1762178400&x-signature=AliOTbWrJBiF86CzvQ6ltzqdfmM%3D&from=327834062_large&s=PackSourceEnum_PUBLISH&se=false&sc=dynamic_cover&biz_tag=pcweb_cover&l=20251020221329FF810B6B17C3D024C6A3']}, 'gaussian_cover': {'uri': 'tos-cn-p-0015/o4o6DfepAETCI06ZJAogFBCoIs9OAKKInAs4Pr', 'url_list': ['https://p3-pc-sign.douyinpic.com/tos-cn-p-0015/o4o6DfepAETCI06ZJAogFBCoIs9OAKKInAs4Pr~tplv-tsj2vxp0zn-gaosi:40.jpeg?lk3s=138a59ce&x-expires=1792504800&x-signature=wFvHrHkDU5LoznTFS0doqW6B0K0%3D&from=327834062', 'https://p9-pc-sign.douyinpic.com/tos-cn-p-0015/o4o6DfepAETCI06ZJAogFBCoIs9OAKKInAs4Pr~tplv-tsj2vxp0zn-gaosi:40.jpeg?lk3s=138a59ce&x-expires=1792504800&x-signature=GzxJ5HeWuQ3Dgl3l3tMEetqsIPY%3D&from=327834062'], 'width': 720, 'height': 720}, 'meta': '{"enable_manual_ladder":"1","format":"mp4","gear_vqm":"{\\"1080p_720p\\":2,\\"720p_540p\\":1}","hrids":"500000002","is_spatial_video":"0","isad":"0","loudness":"-12.2","peak":"1","qprf":"1.000","sdgs":"[\\"normal_720_0\\",\\"low_720_0\\",\\"low_540_0\\",\\"adapt_low_540_0\\",\\"adapt_lowest_1080_1\\",\\"adapt_lowest_720_1\\",\\"adapt_540_1\\"]","sr_potential":"{\\"v1.0\\":{\\"score\\":60.935}}","sr_score":"1.000","strategy_tokens":"[\\"online\\",\\"sexp_reward02_0721\\",\\"sexp_0702_0819\\",\\"sexp_0701_0819\\",\\"sexp_reward01_0721\\"]","title_info":"{\\"avg_br_pc\\":222,\\"bottom_res_add\\":[3.86,1,0,29.18,44.86,0,0,0,0,0,0,0,0,0,0],\\"bullet_zone\\":17.59,\\"mean_br_l\\":[242.08,233.84,223.17,212.45,200.24,186.13],\\"pc60_br_l\\":[244.8,235.81,223.79,211.89,198.53,183.55],\\"progress_bar\\":[244,244,244],\\"ratio_br_l\\":[244.8,235.74,223.44,211.48,197.12,181.39],\\"ratio_br_l_thre220\\":[0.99,0.81,0.61,0.49,0.42,0.36],\\"ratio_edge_l\\":[0,0,0,0.14,0.12,0.1],\\"std_br_l\\":[25.66,20.36,14.67,12.1,12.16,14.18],\\"top_res_add\\":[0,0,0,1.82,41,22.55,28.73],\\"version\\":\\"v1.0\\"}","volume_info":"{\\"Loudness\\":-12.2,\\"LoudnessRange\\":4,\\"LoudnessRangeStart\\":-14.8,\\"MaximumShortTermLoudness\\":-10.2,\\"Metrics\\":{\\"Loudness\\":{\\"Integrated\\":-12.177},\\"Phase\\":{\\"RMSDownmixDiff\\":-0.036},\\"RMSStats\\":{\\"LRDiff\\":-0.024,\\"LTotal\\":-15.659,\\"Peak\\":0.51,\\"RTotal\\":-15.635},\\"Version\\":\\"1.4.2\\"},\\"Version\\":2,\\"LoudnessRangeEnd\\":-10.8,\\"MaximumMomentaryLoudness\\":-6.2,\\"Peak\\":1}","vqs_origin":"74.32"}', 'video_model': '', 'is_source_HDR': 0, 'use_static_cover': True, 'big_thumbs': [{'img_num': 105, 'uri': 'tos-cn-p-0015/oAyLQBCUQy7EzRfThe4koQdeR1t6IGi10EIAAB', 'img_url': 'https://p3-sign.douyinpic.com/tos-cn-p-0015/oAyLQBCUQy7EzRfThe4koQdeR1t6IGi10EIAAB~tplv-noop.image?cquery=100K_100o_101r_100B_100H&dy_q=1760969609&l=20251020221329FF810B6B17C3D024C6A3&x-expires=1760980513&x-signature=fmdmmwloWfDhoTLclY5HtOikj%2Bk%3D', 'img_x_size': 136, 'img_y_size': 240, 'img_x_len': 5, 'img_y_len': 5, 'duration': 104.53333, 'interval': 1, 'fext': 'jpg', 'uris': ['tos-cn-p-0015/oAyLQBCUQy7EzRfThe4koQdeR1t6IGi10EIAAB', 'tos-cn-p-0015/osBAIy1TAkRBd4ER7fQCBUegrIQVQELRTn10eG', 'tos-cn-p-0015/oAZo9OIFoIChAUAe6B6F8XoEIPDCJhAKpgf81C', 'tos-cn-p-0015/oQeFdQRTo4RAQhg6IYIjCL0B7B1GkAREeQePUy', 'tos-cn-p-0015/oIEf8AM0BreBWX75RIJTREEBABfjCRHA86xdQT'], 'img_urls': ['https://p3-sign.douyinpic.com/tos-cn-p-0015/oAyLQBCUQy7EzRfThe4koQdeR1t6IGi10EIAAB~tplv-noop.image?cquery=100K_100o_101r_100B_100H&dy_q=1760969609&l=20251020221329FF810B6B17C3D024C6A3&x-expires=1760980513&x-signature=fmdmmwloWfDhoTLclY5HtOikj%2Bk%3D', 'https://p3-sign.douyinpic.com/tos-cn-p-0015/osBAIy1TAkRBd4ER7fQCBUegrIQVQELRTn10eG~tplv-noop.image?cquery=100K_100o_101r_100B_100H&dy_q=1760969609&l=20251020221329FF810B6B17C3D024C6A3&x-expires=1760980513&x-signature=A%2Fkf4IFjxh%2BRbodIp9JO4dRxrdk%3D', 'https://p3-sign.douyinpic.com/tos-cn-p-0015/oAZo9OIFoIChAUAe6B6F8XoEIPDCJhAKpgf81C~tplv-noop.image?cquery=100B_100H_100K_100o_101r&dy_q=1760969609&l=20251020221329FF810B6B17C3D024C6A3&x-expires=1760980513&x-signature=b7CU7wEtqzCgIJIq4sbf33XjFsM%3D', 'https://p3-sign.douyinpic.com/tos-cn-p-0015/oQeFdQRTo4RAQhg6IYIjCL0B7B1GkAREeQePUy~tplv-noop.image?cquery=100K_100o_101r_100B_100H&dy_q=1760969609&l=20251020221329FF810B6B17C3D024C6A3&x-expires=1760980513&x-signature=%2BFWDgX2K4KQkyM4J4OiR9qH0ZqA%3D', 'https://p3-sign.douyinpic.com/tos-cn-p-0015/oIEf8AM0BreBWX75RIJTREEBABfjCRHA86xdQT~tplv-noop.image?cquery=100o_101r_100B_100H_100K&dy_q=1760969609&l=20251020221329FF810B6B17C3D024C6A3&x-expires=1760980513&x-signature=e6KwWiKcMGMq%2BH0%2FA7q01%2BuHYgE%3D']}]}, 'item_aigc_follow_shot': 1, 'user_digged': 0, 'statistics': {'recommend_count': 0, 'comment_count': 0, 'digg_count': 26, 'admire_count': 0, 'play_count': 0, 'share_count': 3, 'collect_count': 9}, 'status': {'not_allow_soft_del_reason': 'ab', 'is_delete': False, 'allow_share': True, 'review_result': {'review_status': 0}, 'allow_friend_recommend_guide': True, 'part_see': 0, 'private_status': 0, 'listen_video_status': 2, 'in_reviewing': False, 'allow_self_recommend_to_friend': True, 'allow_friend_recommend': True, 'is_prohibited': False, 'enable_soft_delete': 0}, 'ent_log_extra': {'log_extra': '{"global_log_extra":null,"page_log_extra":null,"aweme_log_extra":{"ce_current_group_id":"7559550610278780194","author_id":"1965574329213736"},"extra_log_extra":null}'}, 'text_extra': [], 'is_top': 0, 'publish_plus_alienation': {'alienation_type': 0}, 'share_info': {'share_url': 'https://www.iesdouyin.com/share/video/7559550610278780194/?region=US&mid=7376189231318288393&u_code=0&did=MS4wLjABAAAAvCMmrvAxedjvycgJ9K0iX5KdtDHpyq-etIWoeicy6xniB0XMxRYv3S-CyP_GdsPs&iid=MS4wLjABAAAANwkJuWIRFOzg5uCpDRpMj4OX-QryoDgn-yYlXQnRwQQ&with_sec_did=1&video_share_track_ver=&titleType=title&share_sign=oZR5QCVdfSFvK81a_FJURbgaPDqGMCS0RCMcMKFyR0k-&share_version=290100&ts=1760969609&from_aid=6383&from_ssr=1&share_track_info=%7B%22link_description_type%22%3A%22%22%7D', 'share_link_desc': '9.25 j@c.nq wSl:/ 06/28 小学孩子的家长必看 小学期间是孩子情感连接的关键期，先学会爱与被爱，未来才能更好地思考与表达。 # 幼儿教育# 父母课堂# 育儿# 亲子关系# 家庭教育# 孙瑞雪  %s 复制此链接，打开Dou音搜索，直接观看视频！'}, 'nearby_hot_comment': None, 'video_labels': None, 'entertainment_video_type': 3, 'is_ads': False, 'duration': 104537, 'aweme_type': 0, 'select_anchor_expanded_content': 0, 'ai_follow_images': None, 'image_infos': None, 'risk_infos': {'vote': False, 'warn': False, 'risk_sink': False, 'type': 0, 'content': ''}, 'entertainment_video_paid_way': {'paid_ways': [], 'paid_type': 0, 'enable_use_new_ent_data': False}, 'flash_mob_trends': 0, 'position': None, 'uniqid_position': None, 'comment_list': None, 'author_user_id': 1965574329213736, 'product_genre_info': {'product_genre_type': 2, 'material_genre_sub_type_set': [4], 'special_info': {'recommend_group_name': 0}}, 'geofencing': [], 'series_basic_info': {}, 'is_moment_history': 0, 'region': '', 'video_text': None, 'recommend_chapter_info': {'recommend_chapter_list': [{'desc': '情感连接的重要性', 'timestamp': 1000, 'detail': '小学期间心中心发展，14岁后发展理性中心。', 'points': None}, {'desc': '观察孩子的情感变化', 'timestamp': 21000, 'detail': '观察孩子情感变化，6岁前与父母关系不紧密，6岁后开始产生关系。', 'points': None}, {'desc': '小学一年级的情感发展', 'timestamp': 76000, 'detail': '小学一年级孩子情感发展靠前，会主动回答问题，发展慢的孩子会在情感上靠近老师。', 'points': None}, {'desc': '1到3年级的情感需求', 'timestamp': 94000, 'detail': '1到3年级孩子需要被赞美、欣赏，与父母建立深厚关系。', 'points': None}], 'chapter_recommend_type': 1, 'chapter_abstract': '小学期间是孩子情感连接的关键期，心中心在这个阶段开始发展，14岁后才发展理性中心。家长和老师应关注孩子的情感需求，给予赞美和欣赏，帮助他们建立与父母的深厚关系。', 'chapter_recommend_source': 2, 'push_scene': [], 'chapter_bar_color': None}, 'collect_stat': 0, 'label_top_text': None, 'promotions': [], 'group_id': '7559550610278780194', 'prevent_download': False, 'nickname_position': None, 'challenge_position': None, 'shoot_way': '', 'is_24_story': 0, 'enable_comment_sticker_rec': False, 'long_video': None, 'trends_event_track': '{}', 'aweme_listen_struct': {'trace_info': '{"copyright_not_speech":"false","copyright_reason":"not_intercept","copyright_tag_hit":"0","copyright_use_aed_default":"true","copyright_use_tag_default":"false","cp_ab":"true","desc":"","duration_over":"false","hit_high_risk":"false","media_type":"4","reason":"hit_ab_0","show":"false"}'}, 'video_share_edit_status': 0, 'follow_shoot_clip_info': {'clip_video_all': 7559550679939779337, 'clip_from_platform': 7376189231318288393, 'origin_clip_id': 7376189231318288393}, 'interaction_stickers': None, 'mv_info': None, 'origin_comment_ids': None, 'commerce_config_data': None, 'caption_template_id': 0, 'video_control': {'allow_download': False, 'share_type': 0, 'show_progress_bar': 1, 'draft_progress_bar': 1, 'allow_duet': True, 'allow_react': False, 'prevent_download_type': 2, 'allow_dynamic_wallpaper': False, 'timer_status': 1, 'allow_music': True, 'allow_stitch': False, 'allow_douplus': True, 'allow_share': True, 'share_grayed': False, 'download_ignore_visibility': False, 'duet_ignore_visibility': False, 'share_ignore_visibility': False, 'download_info': {'level': 1, 'fail_info': {'code': 290002, 'reason': 'isolation_content', 'msg': '视频暂时无法保存，链接已复制'}}, 'duet_info': {'level': 0}, 'allow_record': True, 'disable_record_reason': '', 'timer_info': {'public_time': 1760102400, 'timer_status': 0}}, 'aweme_control': {'can_forward': True, 'can_share': True, 'can_comment': True, 'can_show_comment': True}, 'douplus_user_type': 0, 'is_25_story': 0, 'origin_duet_resource_uri': '', 'is_moment_story': 0, 'anchors': None, 'hybrid_label': None, 'geofencing_regions': None, 'interest_points': None, 'aweme_acl': {'download_mask_panel': {'code': 1, 'show_type': 0}}, 'personal_page_botton_diagnose_style': 0, 'is_story': 0, 'game_tag_info': {'is_game': False}, 'chapter_bar_color': None, 'follow_shot_assets': None, 'cover_labels': None, 'is_new_text_mode': 0, 'can_cache_to_local': True, 'guide_btn_type': 0, 'is_from_ad_auth': False, 'aweme_type_tags': '', 'images': None, 'relation_labels': None, 'cf_assets_type': 0, 'impression_data': {'group_id_list_a': [], 'group_id_list_b': [], 'similar_id_list_a': None, 'similar_id_list_b': None, 'group_id_list_c': [], 'group_id_list_d': []}, 'component_control': {'data_source_url': '/aweme/v1/web/aweme/post/'}, 'trends_infos': None, 'libfinsert_task_id': '', 'social_tag_list': None, 'show_follow_button': {}, 'duet_aggregate_in_music_tab': False, 'is_duet_sing': False, 'comment_permission_info': {'comment_permission_status': 0, 'can_comment': True, 'item_detail_entry': False, 'press_entry': False, 'toast_guide': False}, 'original_images': None, 'series_paid_info': {'series_paid_status': 0, 'item_price': 0}, 'img_bitrate': None, 'comment_gid': 7559550610278780194, 'image_album_music_info': {'begin_time': -1, 'end_time': -1, 'volume': -1}, 'video_tag': [{'tag_id': 2024, 'tag_name': '亲子', 'level': 1}, {'tag_id': 2024006, 'tag_name': '母婴', 'level': 2}, {'tag_id': 2024006003, 'tag_name': '育儿知识', 'level': 3}], 'is_collects_selected': 0, 'chapter_list': None, 'feed_comment_config': {'input_config_text': '善语结善缘，恶言伤人心', 'author_audit_status': 0, 'common_flags': '{"item_author_nickname":"孙瑞雪聊教育","video_labels_v2_tag1":"母婴","video_labels_v2_tag2":"育儿理念"}'}, 'is_image_beat': False, 'dislike_dimension_list': None, 'standard_bar_info_list': None, 'photo_search_entrance': {'ecom_type': 0}, 'is_life_item': False, 'image_list': None, 'component_info_v2': '{"desc_lines_limit":0,"hide_marquee":false}', 'item_warn_notification': {'type': 0, 'show': False, 'content': ''}, 'origin_text_extra': None, 'disable_relation_bar': 0, 'packed_clips': None, 'vtag_search': {'vtag_enable': True, 'vtag_delay_ts': 114537}, 'author_mask_tag': 0, 'user_recommend_status': 1, 'collection_corner_mark': 0, 'is_share_post': False, 'image_comment': {}, 'visual_search_info': {'visual_search_longpress': 1, 'is_show_img_entrance': False, 'is_ecom_img': False, 'is_high_accuracy_ecom': False, 'is_high_recall_ecom': False}, 'tts_id_list': None, 'ref_tts_id_list': None, 'voice_modify_id_list': None, 'ref_voice_modify_id_list': None, 'authentication_token': 'MS4wLjAAAAAApSJmc4klh051LZGST4b42p0iiGQLwOb2XuU4j-9VAN7N0eg6PQWvxMgTc1ypSm_JK4Sf0cEhL09cDIXJfDLdLfmrU66hJbaXm90lSEHBtgIHxVgMXEA_oJZxG5cFuKfbyN0L8l9uoc08UWvUOxaEkh_e4ivEqb509M0PCJ_AMa7njWQ-LoMaER7z8qHqeY55yz1ucygJtI32PgOYOjr9mC7R3FMMrj1F5mHPhIAiO_h3gayh0monF2mlSC7vKnnC', 'video_game_data_channel_config': {}, 'dislike_dimension_list_v2': None, 'distribute_circle': {'distribute_type': 0, 'campus_block_interaction': False, 'is_campus': False}, 'image_crop_ctrl': 0, 'yumme_recreason': None, 'slides_music_beats': None, 'jump_tab_info_list': None, 'media_type': 4, 'reply_smart_emojis': None, 'activity_video_type': -1, 'boost_status': 0, 'create_scale_type': None, 'entertainment_product_info': {'sub_title': None, 'market_info': {'limit_free': {'in_free': False}, 'marketing_tag': None}}, 'caption': '小学期间是孩子情感连接的关键期，先学会爱与被爱，未来才能更好地思考与表达。\n\n\n#幼儿教育#父母课堂#育儿#亲子关系#家庭教育#孙瑞雪', 'item_title': '小学孩子的家长必看', 'is_use_music': True, 'original': 0, 'xigua_base_info': {'status': 0, 'star_altar_order_id': 0, 'star_altar_type': 0, 'item_id': 0}, 'mark_largely_following': False, 'friend_recommend_info': {'friend_recommend_source': 10, 'label_user_list': None, 'disable_friend_recommend_guide_label': False}}, {'aweme_id': '7559096199865814272', 'desc': '0到6岁需培养孩子爱的能力 人一生只有0-6岁不可重复。0-3岁发展本能中心（情绪主导），3岁后语言逐渐替代情绪，但潜意识早已被情绪感受塑造。 \n#幼儿教育#父母课堂#育儿#亲子关系#家庭教育#孙瑞雪', 'create_time': 1760005800, 'author': {'uid': '1965574329213736', 'card_entries_not_display': None, 'nickname': '孙瑞雪聊教育', 'personal_tag_list': None, 'homepage_bottom_toast': None, 'avatar_thumb': {'uri': '100x100/aweme-avatar/tos-cn-avt-0015_afee5b125df955a19af4c41159ad1295', 'url_list': ['https://p3-pc.douyinpic.com/aweme/100x100/aweme-avatar/tos-cn-avt-0015_afee5b125df955a19af4c41159ad1295.jpeg?from=327834062'], 'width': 720, 'height': 720}, 'batch_unfollow_contain_tabs': None, 'not_seen_item_id_list': None, 'follow_status': 0, 'contrail_list': None, 'story_interactive': 0, 'data_label_list': None, 'custom_verify': '', 'follower_list_secondary_information_struct': None, 'display_info': None, 'interest_tags': None, 'account_cert_info': '{}', 'user_tags': None, 'share_info': {'share_url': '', 'share_weibo_desc': '', 'share_desc': '', 'share_title': '', 'share_qrcode_url': {'uri': '31b0500316c4e154852bc', 'url_list': ['https://p3-pc-sign.douyinpic.com/obj/31b0500316c4e154852bc?lk3s=138a59ce&x-expires=1760990400&x-signature=VnOegD8kfOkclbkCT%2BIUAVSkQl4%3D&from=327834062'], 'width': 720, 'height': 720}, 'share_title_myself': '', 'share_title_other': '', 'share_desc_info': ''}, 'can_set_geofencing': None, 'sec_uid': 'MS4wLjABAAAAnAFnkWlOm9jteymsi42fanYLMzfbqdGIwCILEUqDNmFyjfK9N8fSJdS_D2UWk_we', 'need_points': None, 'enterprise_verify_reason': '', 'is_ad_fake': False, 'story_ttl': 0, 'user_permissions': None, 'card_entries': None, 'creator_tag_list': None, 'offline_info_list': None, 'text_extra': None, 'card_sort_priority': None, 'prevent_download': False, 'special_people_labels': None, 'white_cover_url': None, 'endorsement_info_list': None, 'follower_status': 0, 'profile_mob_params': None, 'familiar_visitor_user': None, 'avatar_schema_list': None, 'cover_url': [{'uri': 'c8510002be9a3a61aad2', 'url_list': ['https://p3-pc-sign.douyinpic.com/obj/c8510002be9a3a61aad2?lk3s=138a59ce&x-expires=1762178400&x-signature=bEz6E0nbTH1458RtDsUU87G74Mk%3D&from=327834062'], 'width': 720, 'height': 720}], 'cf_list': None, 'im_role_ids': None, 'not_seen_item_id_list_v2': None, 'signature_extra': None, 'risk_notice_text': '', 'ban_user_functions': None, 'profile_component_disabled': None, 'verification_permission_ids': None, 'identity_labels': None, 'private_relation_list': None, 'link_item_list': None, 'batch_unfollow_relation_desc': None}, 'music': {'id': 7559096132828203816, 'id_str': '7559096132828203816', 'title': '@孙瑞雪聊教育创作的原声', 'author': '孙瑞雪聊教育', 'album': '', 'cover_hd': {'uri': '1080x1080/aweme-avatar/tos-cn-avt-0015_afee5b125df955a19af4c41159ad1295', 'url_list': ['https://p3-pc.douyinpic.com/aweme/1080x1080/aweme-avatar/tos-cn-avt-0015_afee5b125df955a19af4c41159ad1295.jpeg?from=327834062'], 'width': 720, 'height': 720}, 'cover_large': {'uri': '1080x1080/aweme-avatar/tos-cn-avt-0015_afee5b125df955a19af4c41159ad1295', 'url_list': ['https://p3-pc.douyinpic.com/aweme/1080x1080/aweme-avatar/tos-cn-avt-0015_afee5b125df955a19af4c41159ad1295.jpeg?from=327834062'], 'width': 720, 'height': 720}, 'cover_medium': {'uri': '720x720/aweme-avatar/tos-cn-avt-0015_afee5b125df955a19af4c41159ad1295', 'url_list': ['https://p3-pc.douyinpic.com/aweme/720x720/aweme-avatar/tos-cn-avt-0015_afee5b125df955a19af4c41159ad1295.jpeg?from=327834062'], 'width': 720, 'height': 720}, 'cover_thumb': {'uri': '100x100/aweme-avatar/tos-cn-avt-0015_afee5b125df955a19af4c41159ad1295', 'url_list': ['https://p3-pc.douyinpic.com/aweme/100x100/aweme-avatar/tos-cn-avt-0015_afee5b125df955a19af4c41159ad1295.jpeg?from=327834062'], 'width': 720, 'height': 720}, 'play_url': {'uri': 'https://lf9-music-east.douyinstatic.com/obj/ies-music-hj/7559096253439626044.mp3', 'url_list': ['https://lf9-music-east.douyinstatic.com/obj/ies-music-hj/7559096253439626044.mp3', 'https://lf26-music-east.douyinstatic.com/obj/ies-music-hj/7559096253439626044.mp3'], 'width': 720, 'height': 720, 'url_key': '7559096132828203816'}, 'schema_url': '', 'source_platform': 23, 'start_time': 0, 'end_time': 0, 'duration': 64, 'extra': '{"aed_singing_score":0.02,"aggregate_exempt_conf":[],"beats":{},"cover_colors":null,"douyin_beats_info":{},"dsp_switch":0,"extract_item_id":7559096199865814272,"has_edited":0,"hit_high_follow_auto":false,"hit_high_follow_extend":false,"hit_high_follow_original":false,"hotsoon_review_time":-1,"is_aed_music":0,"is_high_follow_user":false,"is_red":0,"is_subsidy_exp":false,"music_label_id":null,"music_tagging":{"AEDs":null,"Genres":null,"Instruments":null,"Languages":null,"Moods":null,"SingingVersions":null,"Themes":null},"review_unshelve_reason":0,"reviewed":0,"schedule_search_time":0,"uniqa_speech_score":0.98,"with_aed_model":0}', 'user_count': 0, 'position': None, 'collect_stat': 0, 'status': 1, 'offline_desc': '', 'owner_id': '1965574329213736', 'owner_nickname': '孙瑞雪聊教育', 'is_original': False, 'mid': '7559096132828203816', 'binded_challenge_id': 0, 'redirect': False, 'is_restricted': False, 'author_deleted': False, 'is_del_video': False, 'is_video_self_see': False, 'owner_handle': '63566855132', 'author_position': None, 'prevent_download': False, 'unshelve_countries': None, 'prevent_item_download_status': 0, 'external_song_info': [], 'sec_uid': 'MS4wLjABAAAAnAFnkWlOm9jteymsi42fanYLMzfbqdGIwCILEUqDNmFyjfK9N8fSJdS_D2UWk_we', 'avatar_thumb': {'uri': '100x100/aweme-avatar/tos-cn-avt-0015_afee5b125df955a19af4c41159ad1295', 'url_list': ['https://p3-pc.douyinpic.com/aweme/100x100/aweme-avatar/tos-cn-avt-0015_afee5b125df955a19af4c41159ad1295.jpeg?from=327834062'], 'width': 720, 'height': 720}, 'avatar_medium': {'uri': '720x720/aweme-avatar/tos-cn-avt-0015_afee5b125df955a19af4c41159ad1295', 'url_list': ['https://p3-pc.douyinpic.com/aweme/720x720/aweme-avatar/tos-cn-avt-0015_afee5b125df955a19af4c41159ad1295.jpeg?from=327834062'], 'width': 720, 'height': 720}, 'avatar_large': {'uri': '1080x1080/aweme-avatar/tos-cn-avt-0015_afee5b125df955a19af4c41159ad1295', 'url_list': ['https://p3-pc.douyinpic.com/aweme/1080x1080/aweme-avatar/tos-cn-avt-0015_afee5b125df955a19af4c41159ad1295.jpeg?from=327834062'], 'width': 720, 'height': 720}, 'preview_start_time': 0, 'preview_end_time': 0, 'is_commerce_music': False, 'is_original_sound': True, 'audition_duration': 64, 'shoot_duration': 64, 'reason_type': 0, 'artists': [], 'lyric_short_position': None, 'mute_share': False, 'tag_list': None, 'dmv_auto_show': False, 'is_pgc': False, 'is_matched_metadata': False, 'is_audio_url_with_cookie': False, 'music_chart_ranks': None, 'can_background_play': True, 'music_status': 1, 'video_duration': 64, 'pgc_music_type': 2, 'author_status': 1, 'search_impr': {'entity_id': '7559096132828203816'}, 'artist_user_infos': None, 'dsp_status': 10, 'musician_user_infos': None, 'music_collect_count': 0, 'music_cover_atmosphere_color_value': '', 'show_origin_clip': False}, 'effect_inflow_effects': None, 'video': {'play_addr': {'uri': 'v0d00fg10000d3jkq9fog65l9eb5l9fg', 'url_list': ['https://v5-dy-o-abtest.zjcdn.com/011d82b5c0c1162b905730cf83cf6fa4/68f66df9/video/tos/cn/tos-cn-ve-15/oc0BF1lfHnzoFAAqI0hf9TSDgE7ANpQyly5LEl/?a=6383&ch=10010&cr=3&dr=0&lr=all&cd=0%7C0%7C0%7C3&cv=1&br=705&bt=705&cs=0&ds=3&ft=c2YTctGHQPRUZxfusdr~kwPqYldQIKDEE-TerrNqq_45a&mime_type=video_mp4&qs=0&rc=PGU4N2Q5ZTk0ZDc7aGQ8OkBpajw4aG85cjxuNjMzNGkzM0AzYi5fXy1hXy0xX2FhYDFgYSNjaV82MmRjbmdhLS1kLWFzcw%3D%3D&btag=80000e00028000&cquery=100B_100H_100K_100o_101r&dy_q=1760969609&feature_id=fea919893f650a8c49286568590446ef&l=20251020221329FF810B6B17C3D024C6A3', 'https://v5-dy-o-abtest.zjcdn.com/011d82b5c0c1162b905730cf83cf6fa4/68f66df9/video/tos/cn/tos-cn-ve-15/oc0BF1lfHnzoFAAqI0hf9TSDgE7ANpQyly5LEl/?a=6383&ch=10010&cr=3&dr=0&lr=all&cd=0%7C0%7C0%7C3&cv=1&br=705&bt=705&cs=0&ds=3&ft=c2YTctGHQPRUZxfusdr~kwPqYldQIKDEE-TerrNqq_45a&mime_type=video_mp4&qs=0&rc=PGU4N2Q5ZTk0ZDc7aGQ8OkBpajw4aG85cjxuNjMzNGkzM0AzYi5fXy1hXy0xX2FhYDFgYSNjaV82MmRjbmdhLS1kLWFzcw%3D%3D&btag=80000e00028000&cquery=101r_100B_100H_100K_100o&dy_q=1760969609&feature_id=fea919893f650a8c49286568590446ef&l=20251020221329FF810B6B17C3D024C6A3', 'https://www.douyin.com/aweme/v1/play/?video_id=v0d00fg10000d3jkq9fog65l9eb5l9fg&line=0&file_id=c749caded8b44a01b6db06bab415eb69&sign=966828f5e4201cccd66ce70ade54a718&is_play_url=1&source=PackSourceEnum_PUBLISH'], 'width': 720, 'height': 1280, 'url_key': 'v0d00fg10000d3jkq9fog65l9eb5l9fg_h264_720p_722432', 'data_size': 5850257, 'file_hash': '966828f5e4201cccd66ce70ade54a718', 'file_cs': 'c:0-71861-c4b3|a:v0d00fg10000d3jkq9fog65l9eb5l9fg'}, 'cover': {'uri': 'tos-cn-p-0015/oUyo5CD1IABEPzqxfAAgIQaFy0nlcfS0THl9NT', 'url_list': ['https://p3-pc-sign.douyinpic.com/tos-cn-p-0015/oUyo5CD1IABEPzqxfAAgIQaFy0nlcfS0THl9NT~tplv-dy-cropcenter:323:430.jpeg?lk3s=138a59ce&x-expires=2076328800&x-signature=9ihOFA2vseAisc7UdI991qd0WjE%3D&from=327834062&s=PackSourceEnum_PUBLISH&se=true&sh=323_430&sc=cover&biz_tag=pcweb_cover&l=20251020221329FF810B6B17C3D024C6A3', 'https://p3-pc-sign.douyinpic.com/obj/tos-cn-p-0015/oUyo5CD1IABEPzqxfAAgIQaFy0nlcfS0THl9NT?lk3s=138a59ce&x-expires=2076328800&x-signature=3GoV5YH2ZbiiEsNTyHSRa8NseUU%3D&from=327834062&s=PackSourceEnum_PUBLISH&se=false&sc=cover&biz_tag=pcweb_cover&l=20251020221329FF810B6B17C3D024C6A3'], 'width': 720, 'height': 720}, 'height': 1920, 'width': 1080, 'dynamic_cover': {'uri': 'tos-cn-p-0015/ooe7QBpLeVL7XtlOlyC1QllmACLfBRApzqGaZI', 'url_list': ['https://p3-pc-sign.douyinpic.com/obj/tos-cn-p-0015/ooe7QBpLeVL7XtlOlyC1QllmACLfBRApzqGaZI?lk3s=138a59ce&x-expires=1762178400&x-signature=o6Sy6GwKDbBPOTx0L9hWLit%2BVuo%3D&from=327834062_large&s=PackSourceEnum_PUBLISH&se=false&sc=dynamic_cover&biz_tag=pcweb_cover&l=20251020221329FF810B6B17C3D024C6A3', 'https://p9-pc-sign.douyinpic.com/obj/tos-cn-p-0015/ooe7QBpLeVL7XtlOlyC1QllmACLfBRApzqGaZI?lk3s=138a59ce&x-expires=1762178400&x-signature=v8FbZRTh4s7OxgfefvZ1p014ti4%3D&from=327834062_large&s=PackSourceEnum_PUBLISH&se=false&sc=dynamic_cover&biz_tag=pcweb_cover&l=20251020221329FF810B6B17C3D024C6A3'], 'width': 720, 'height': 720}, 'origin_cover': {'uri': 'tos-cn-p-0015/oMGO1aHLQCqzlQIlfe7mBxVBLpnepAllBLAtLR', 'url_list': ['https://p3-pc-sign.douyinpic.com/tos-cn-p-0015/oMGO1aHLQCqzlQIlfe7mBxVBLpnepAllBLAtLR~tplv-dy-360p.jpeg?lk3s=138a59ce&x-expires=1762178400&x-signature=orWalqIv%2FeisdQAfud4s9rQL6M8%3D&from=327834062&s=PackSourceEnum_PUBLISH&se=false&sc=origin_cover&biz_tag=pcweb_cover&l=20251020221329FF810B6B17C3D024C6A3', 'https://p9-pc-sign.douyinpic.com/tos-cn-p-0015/oMGO1aHLQCqzlQIlfe7mBxVBLpnepAllBLAtLR~tplv-dy-360p.jpeg?lk3s=138a59ce&x-expires=1762178400&x-signature=N9urc%2B2SBjRatS3DT62vPEXK5WM%3D&from=327834062&s=PackSourceEnum_PUBLISH&se=false&sc=origin_cover&biz_tag=pcweb_cover&l=20251020221329FF810B6B17C3D024C6A3'], 'width': 360, 'height': 640}, 'ratio': '720p', 'format': 'mp4', 'audio': {'original_sound_infos': None}, 'bit_rate': [{'gear_name': 'normal_720_0', 'quality_type': 10, 'bit_rate': 722432, 'play_addr': {'uri': 'v0d00fg10000d3jkq9fog65l9eb5l9fg', 'url_list': ['https://v5-dy-o-abtest.zjcdn.com/011d82b5c0c1162b905730cf83cf6fa4/68f66df9/video/tos/cn/tos-cn-ve-15/oc0BF1lfHnzoFAAqI0hf9TSDgE7ANpQyly5LEl/?a=6383&ch=10010&cr=3&dr=0&lr=all&cd=0%7C0%7C0%7C3&cv=1&br=705&bt=705&cs=0&ds=3&ft=c2YTctGHQPRUZxfusdr~kwPqYldQIKDEE-TerrNqq_45a&mime_type=video_mp4&qs=0&rc=PGU4N2Q5ZTk0ZDc7aGQ8OkBpajw4aG85cjxuNjMzNGkzM0AzYi5fXy1hXy0xX2FhYDFgYSNjaV82MmRjbmdhLS1kLWFzcw%3D%3D&btag=80000e00028000&cquery=100B_100H_100K_100o_101r&dy_q=1760969609&feature_id=fea919893f650a8c49286568590446ef&l=20251020221329FF810B6B17C3D024C6A3', 'https://v5-dy-o-abtest.zjcdn.com/011d82b5c0c1162b905730cf83cf6fa4/68f66df9/video/tos/cn/tos-cn-ve-15/oc0BF1lfHnzoFAAqI0hf9TSDgE7ANpQyly5LEl/?a=6383&ch=10010&cr=3&dr=0&lr=all&cd=0%7C0%7C0%7C3&cv=1&br=705&bt=705&cs=0&ds=3&ft=c2YTctGHQPRUZxfusdr~kwPqYldQIKDEE-TerrNqq_45a&mime_type=video_mp4&qs=0&rc=PGU4N2Q5ZTk0ZDc7aGQ8OkBpajw4aG85cjxuNjMzNGkzM0AzYi5fXy1hXy0xX2FhYDFgYSNjaV82MmRjbmdhLS1kLWFzcw%3D%3D&btag=80000e00028000&cquery=101r_100B_100H_100K_100o&dy_q=1760969609&feature_id=fea919893f650a8c49286568590446ef&l=20251020221329FF810B6B17C3D024C6A3', 'https://www.douyin.com/aweme/v1/play/?video_id=v0d00fg10000d3jkq9fog65l9eb5l9fg&line=0&file_id=c749caded8b44a01b6db06bab415eb69&sign=966828f5e4201cccd66ce70ade54a718&is_play_url=1&source=PackSourceEnum_PUBLISH'], 'width': 720, 'height': 1280, 'url_key': 'v0d00fg10000d3jkq9fog65l9eb5l9fg_h264_720p_722432', 'data_size': 5850257, 'file_hash': '966828f5e4201cccd66ce70ade54a718', 'file_cs': 'c:0-71861-c4b3|a:v0d00fg10000d3jkq9fog65l9eb5l9fg'}, 'is_h265': 0, 'is_bytevc1': 0, 'HDR_type': '', 'HDR_bit': '', 'FPS': 30, 'video_extra': '{"PktOffsetMap":"[{\\"time\\": 1, \\"offset\\": 206107}, {\\"time\\": 2, \\"offset\\": 272479}, {\\"time\\": 3, \\"offset\\": 341735}, {\\"time\\": 4, \\"offset\\": 406580}, {\\"time\\": 5, \\"offset\\": 515222}, {\\"time\\": 10, \\"offset\\": 931433}]","format":"mp4","definition":"720p","quality":"normal","file_id":"c749caded8b44a01b6db06bab415eb69","applog_map":{"feature_id":"fea919893f650a8c49286568590446ef"},"audio_channels":"2.0","audio_sample_rate":"44100","audio_metrics":null,"audio_score":null}', 'format': 'mp4'}, {'gear_name': 'low_720_0', 'quality_type': 211, 'bit_rate': 632540, 'play_addr': {'uri': 'v0d00fg10000d3jkq9fog65l9eb5l9fg', 'url_list': ['https://v5-dy-o-abtest.zjcdn.com/cc42ac5fd82cd3e633675d8cfece38fd/68f66df9/video/tos/cn/tos-cn-ve-15/oMyDoA110NQiyEEor5FfABg9Sa140fIl9EDqAl/?a=6383&ch=10010&cr=3&dr=0&lr=all&cd=0%7C0%7C0%7C3&cv=1&br=617&bt=617&cs=0&ds=3&ft=c2YTctGHQPRUZxfusdr~kwPqYldQIKDEE-TerrNqq_45a&mime_type=video_mp4&qs=1&rc=Njs6O2RoOzc7O2c8ODc7N0Bpajw4aG85cjxuNjMzNGkzM0BiNmNiLmI1XjAxNDViNmNhYSNjaV82MmRjbmdhLS1kLWFzcw%3D%3D&btag=80000e00028000&cquery=100o_101r_100B_100H_100K&dy_q=1760969609&feature_id=0ea98fd3bdc3c6c14a3d0804cc272721&l=20251020221329FF810B6B17C3D024C6A3', 'https://v5-dy-o-abtest.zjcdn.com/cc42ac5fd82cd3e633675d8cfece38fd/68f66df9/video/tos/cn/tos-cn-ve-15/oMyDoA110NQiyEEor5FfABg9Sa140fIl9EDqAl/?a=6383&ch=10010&cr=3&dr=0&lr=all&cd=0%7C0%7C0%7C3&cv=1&br=617&bt=617&cs=0&ds=3&ft=c2YTctGHQPRUZxfusdr~kwPqYldQIKDEE-TerrNqq_45a&mime_type=video_mp4&qs=1&rc=Njs6O2RoOzc7O2c8ODc7N0Bpajw4aG85cjxuNjMzNGkzM0BiNmNiLmI1XjAxNDViNmNhYSNjaV82MmRjbmdhLS1kLWFzcw%3D%3D&btag=80000e00028000&cquery=100K_100o_101r_100B_100H&dy_q=1760969609&feature_id=0ea98fd3bdc3c6c14a3d0804cc272721&l=20251020221329FF810B6B17C3D024C6A3', 'https://www.douyin.com/aweme/v1/play/?video_id=v0d00fg10000d3jkq9fog65l9eb5l9fg&line=0&file_id=d4f894e5897d4838a488ee1ae8f798e3&sign=871a0978b964c784aaffc30b334cd87a&is_play_url=1&source=PackSourceEnum_PUBLISH'], 'width': 720, 'height': 1280, 'url_key': 'v0d00fg10000d3jkq9fog65l9eb5l9fg_h264_720p_632540', 'data_size': 5122313, 'file_hash': '871a0978b964c784aaffc30b334cd87a', 'file_cs': 'c:0-54804-6e16|a:v0d00fg10000d3jkq9fog65l9eb5l9fg'}, 'is_h265': 0, 'is_bytevc1': 0, 'HDR_type': '', 'HDR_bit': '', 'FPS': 30, 'video_extra': '{"PktOffsetMap":"[{\\"time\\": 1, \\"offset\\": 181431}, {\\"time\\": 2, \\"offset\\": 236349}, {\\"time\\": 3, \\"offset\\": 293991}, {\\"time\\": 4, \\"offset\\": 349016}, {\\"time\\": 5, \\"offset\\": 447617}, {\\"time\\": 10, \\"offset\\": 813296}]","format":"mp4","definition":"720p","quality":"low","file_id":"d4f894e5897d4838a488ee1ae8f798e3","applog_map":{"feature_id":"0ea98fd3bdc3c6c14a3d0804cc272721"},"audio_channels":"2.0","audio_sample_rate":"44100","audio_metrics":null,"audio_score":null}', 'format': 'mp4'}, {'gear_name': 'low_540_0', 'quality_type': 292, 'bit_rate': 585973, 'play_addr': {'uri': 'v0d00fg10000d3jkq9fog65l9eb5l9fg', 'url_list': ['https://v5-dy-o-abtest.zjcdn.com/419eb8e6a8b631fe99571c4cff88449c/68f66df9/video/tos/cn/tos-cn-ve-15/oILReaplJADVg7U7AQLez0aGLellqCpIBBCPQI/?a=6383&ch=10010&cr=3&dr=0&lr=all&cd=0%7C0%7C0%7C3&cv=1&br=572&bt=572&cs=0&ds=6&ft=c2YTctGHQPRUZxfusdr~kwPqYldQIKDEE-TerrNqq_45a&mime_type=video_mp4&qs=1&rc=NzY0NmdkNTc1Zmc5Mzs8aEBpajw4aG85cjxuNjMzNGkzM0AuYDMuYV80X14xYDNjYWExYSNjaV82MmRjbmdhLS1kLWFzcw%3D%3D&btag=80000e00028000&cquery=100H_100K_100o_101r_100B&dy_q=1760969609&feature_id=0ea98fd3bdc3c6c14a3d0804cc272721&l=20251020221329FF810B6B17C3D024C6A3', 'https://v5-dy-o-abtest.zjcdn.com/419eb8e6a8b631fe99571c4cff88449c/68f66df9/video/tos/cn/tos-cn-ve-15/oILReaplJADVg7U7AQLez0aGLellqCpIBBCPQI/?a=6383&ch=10010&cr=3&dr=0&lr=all&cd=0%7C0%7C0%7C3&cv=1&br=572&bt=572&cs=0&ds=6&ft=c2YTctGHQPRUZxfusdr~kwPqYldQIKDEE-TerrNqq_45a&mime_type=video_mp4&qs=1&rc=NzY0NmdkNTc1Zmc5Mzs8aEBpajw4aG85cjxuNjMzNGkzM0AuYDMuYV80X14xYDNjYWExYSNjaV82MmRjbmdhLS1kLWFzcw%3D%3D&btag=80000e00028000&cquery=101r_100B_100H_100K_100o&dy_q=1760969609&feature_id=0ea98fd3bdc3c6c14a3d0804cc272721&l=20251020221329FF810B6B17C3D024C6A3', 'https://www.douyin.com/aweme/v1/play/?video_id=v0d00fg10000d3jkq9fog65l9eb5l9fg&line=0&file_id=4ed9d8f066cd4ca2b472badd1361c314&sign=961925d30447cddc630c04313a913d19&is_play_url=1&source=PackSourceEnum_PUBLISH'], 'width': 576, 'height': 1024, 'url_key': 'v0d00fg10000d3jkq9fog65l9eb5l9fg_h264_540p_585973', 'data_size': 4745212, 'file_hash': '961925d30447cddc630c04313a913d19', 'file_cs': 'c:0-54796-2962|a:v0d00fg10000d3jkq9fog65l9eb5l9fg'}, 'is_h265': 0, 'is_bytevc1': 0, 'HDR_type': '', 'HDR_bit': '', 'FPS': 30, 'video_extra': '{"PktOffsetMap":"[{\\"time\\": 1, \\"offset\\": 170903}, {\\"time\\": 2, \\"offset\\": 222149}, {\\"time\\": 3, \\"offset\\": 277897}, {\\"time\\": 4, \\"offset\\": 328990}, {\\"time\\": 5, \\"offset\\": 419337}, {\\"time\\": 10, \\"offset\\": 749829}]","format":"mp4","definition":"540p","quality":"low","file_id":"4ed9d8f066cd4ca2b472badd1361c314","applog_map":{"feature_id":"0ea98fd3bdc3c6c14a3d0804cc272721"},"audio_channels":"2.0","audio_sample_rate":"44100","audio_metrics":null,"audio_score":null}', 'format': 'mp4'}, {'gear_name': 'adapt_low_540_0', 'quality_type': 291, 'bit_rate': 412836, 'play_addr': {'uri': 'v0d00fg10000d3jkq9fog65l9eb5l9fg', 'url_list': ['https://v5-dy-o-abtest.zjcdn.com/99395ddaaa8b2986f6b6b392f1dcc6fb/68f66df9/video/tos/cn/tos-cn-ve-15/oo9DAAlyAqMESQBof0NFE015IByfZDcoxgDaAl/?a=6383&ch=10010&cr=3&dr=0&lr=all&cd=0%7C0%7C0%7C3&cv=1&br=403&bt=403&cs=0&ds=6&ft=c2YTctGHQPRUZxfusdr~kwPqYldQIKDEE-TerrNqq_45a&mime_type=video_mp4&qs=12&rc=aDloOGQ5Njg0PGdpZWg2OUBpajw4aG85cjxuNjMzNGkzM0BiXzQ1Y2MtNS0xXmFgMy1hYSNjaV82MmRjbmdhLS1kLWFzcw%3D%3D&btag=80000e00028000&cquery=100H_100K_100o_101r_100B&dy_q=1760969609&feature_id=0ea98fd3bdc3c6c14a3d0804cc272721&l=20251020221329FF810B6B17C3D024C6A3', 'https://v5-dy-o-abtest.zjcdn.com/99395ddaaa8b2986f6b6b392f1dcc6fb/68f66df9/video/tos/cn/tos-cn-ve-15/oo9DAAlyAqMESQBof0NFE015IByfZDcoxgDaAl/?a=6383&ch=10010&cr=3&dr=0&lr=all&cd=0%7C0%7C0%7C3&cv=1&br=403&bt=403&cs=0&ds=6&ft=c2YTctGHQPRUZxfusdr~kwPqYldQIKDEE-TerrNqq_45a&mime_type=video_mp4&qs=12&rc=aDloOGQ5Njg0PGdpZWg2OUBpajw4aG85cjxuNjMzNGkzM0BiXzQ1Y2MtNS0xXmFgMy1hYSNjaV82MmRjbmdhLS1kLWFzcw%3D%3D&btag=80000e00028000&cquery=101r_100B_100H_100K_100o&dy_q=1760969609&feature_id=0ea98fd3bdc3c6c14a3d0804cc272721&l=20251020221329FF810B6B17C3D024C6A3', 'https://www.douyin.com/aweme/v1/play/?video_id=v0d00fg10000d3jkq9fog65l9eb5l9fg&line=0&file_id=d6036ecbdfad49018503f6fa857eb6ee&sign=20aed5e10a2511d06b120183a0600e9b&is_play_url=1&source=PackSourceEnum_PUBLISH'], 'width': 576, 'height': 1024, 'url_key': 'v0d00fg10000d3jkq9fog65l9eb5l9fg_h264_540p_412836', 'data_size': 3343153, 'file_hash': '20aed5e10a2511d06b120183a0600e9b', 'file_cs': 'c:0-54795-3be4|a:v0d00fg10000d3jkq9fog65l9eb5l9fg'}, 'is_h265': 0, 'is_bytevc1': 0, 'HDR_type': '', 'HDR_bit': '', 'FPS': 30, 'video_extra': '{"PktOffsetMap":"[{\\"time\\": 1, \\"offset\\": 137878}, {\\"time\\": 2, \\"offset\\": 172704}, {\\"time\\": 3, \\"offset\\": 210394}, {\\"time\\": 4, \\"offset\\": 245435}, {\\"time\\": 5, \\"offset\\": 311445}, {\\"time\\": 10, \\"offset\\": 558939}]","format":"mp4","definition":"540p","quality":"adapt_low","file_id":"d6036ecbdfad49018503f6fa857eb6ee","applog_map":{"feature_id":"0ea98fd3bdc3c6c14a3d0804cc272721"},"audio_channels":"2.0","audio_sample_rate":"44100","audio_metrics":null,"audio_score":null}', 'format': 'mp4'}, {'gear_name': 'adapt_lowest_1080_1', 'quality_type': 2, 'bit_rate': 409147, 'play_addr': {'uri': 'v0d00fg10000d3jkq9fog65l9eb5l9fg', 'url_list': ['https://v5-dy-o-abtest.zjcdn.com/0240b2c59b6da547579f941fc889a57d/68f66df9/video/tos/cn/tos-cn-ve-15/oI0lNFD79AAxiEKl4nEIy0BATQ1g6qDy5offSP/?a=6383&ch=10010&cr=3&dr=0&lr=all&cd=0%7C0%7C0%7C3&cv=1&br=399&bt=399&cs=2&ds=4&ft=c2YTctGHQPRUZxfusdr~kwPqYldQIKDEE-TerrNqq_45a&mime_type=video_mp4&qs=15&rc=Nzw1aGloO2kzOmUzMzZlOkBpajw4aG85cjxuNjMzNGkzM0AzYi8tNi9gX18xNWFiLTU2YSNjaV82MmRjbmdhLS1kLWFzcw%3D%3D&btag=80000e00028000&cquery=100H_100K_100o_101r_100B&dy_q=1760969609&feature_id=b38008770b4e09863331b14b26bcdc23&l=20251020221329FF810B6B17C3D024C6A3', 'https://v5-dy-o-abtest.zjcdn.com/0240b2c59b6da547579f941fc889a57d/68f66df9/video/tos/cn/tos-cn-ve-15/oI0lNFD79AAxiEKl4nEIy0BATQ1g6qDy5offSP/?a=6383&ch=10010&cr=3&dr=0&lr=all&cd=0%7C0%7C0%7C3&cv=1&br=399&bt=399&cs=2&ds=4&ft=c2YTctGHQPRUZxfusdr~kwPqYldQIKDEE-TerrNqq_45a&mime_type=video_mp4&qs=15&rc=Nzw1aGloO2kzOmUzMzZlOkBpajw4aG85cjxuNjMzNGkzM0AzYi8tNi9gX18xNWFiLTU2YSNjaV82MmRjbmdhLS1kLWFzcw%3D%3D&btag=80000e00028000&cquery=100o_101r_100B_100H_100K&dy_q=1760969609&feature_id=b38008770b4e09863331b14b26bcdc23&l=20251020221329FF810B6B17C3D024C6A3', 'https://www.douyin.com/aweme/v1/play/?video_id=v0d00fg10000d3jkq9fog65l9eb5l9fg&line=0&file_id=978b03e0d08b47b0bfc82e9f0e22e964&sign=a91ec216fd786ec7d81d1e10a0d979b1&is_play_url=1&source=PackSourceEnum_PUBLISH'], 'width': 1080, 'height': 1920, 'url_key': 'v0d00fg10000d3jkq9fog65l9eb5l9fg_bytevc1_1080p_409147', 'data_size': 3313280, 'file_hash': 'a91ec216fd786ec7d81d1e10a0d979b1', 'file_cs': 'c:0-54945-154e|a:v0d00fg10000d3jkq9fog65l9eb5l9fg'}, 'is_h265': 1, 'is_bytevc1': 1, 'HDR_type': '', 'HDR_bit': '', 'FPS': 30, 'video_extra': '{"PktOffsetMap":"[{\\"time\\": 1, \\"offset\\": 148903}, {\\"time\\": 2, \\"offset\\": 180338}, {\\"time\\": 3, \\"offset\\": 225284}, {\\"time\\": 4, \\"offset\\": 266610}, {\\"time\\": 5, \\"offset\\": 326607}, {\\"time\\": 10, \\"offset\\": 547854}]","format":"mp4","definition":"1080p","quality":"adapt_lowest","file_id":"978b03e0d08b47b0bfc82e9f0e22e964","applog_map":{"feature_id":"b38008770b4e09863331b14b26bcdc23"},"mvmaf":"{\\"mvmaf_sr_v1080\\":98.883,\\"mvmaf_sr_v960\\":98.852,\\"mvmaf_sr_v864\\":99.075,\\"mvmaf_sr_v720\\":99.179,\\"mvmaf_ori_v1080\\":93.1,\\"mvmaf_ori_v960\\":93.652,\\"mvmaf_ori_v864\\":94.026,\\"mvmaf_ori_v720\\":94.729}","ufq":"{\\"enh\\":92.752,\\"playback\\":{\\"ori\\":89.852,\\"srv1\\":92},\\"src\\":92.752,\\"trans\\":89.852,\\"version\\":\\"v1.0\\"}","audio_channels":"2.0","audio_sample_rate":"44100","audio_metrics":null,"audio_score":null}', 'format': 'mp4'}, {'gear_name': 'adapt_lowest_720_1', 'quality_type': 15, 'bit_rate': 364677, 'play_addr': {'uri': 'v0d00fg10000d3jkq9fog65l9eb5l9fg', 'url_list': ['https://v5-dy-o-abtest.zjcdn.com/f1b41bbf82556dbc0dbb4ab2b444cfa0/68f66df9/video/tos/cn/tos-cn-ve-15/oAygySTlAl0A0qNo9wfBA1ys7EEsIQFn0PC5fD/?a=6383&ch=10010&cr=3&dr=0&lr=all&cd=0%7C0%7C0%7C3&cv=1&br=356&bt=356&cs=2&ds=3&ft=c2YTctGHQPRUZxfusdr~kwPqYldQIKDEE-TerrNqq_45a&mime_type=video_mp4&qs=15&rc=aWhkOmRpZTNkMzU1ODNoZEBpajw4aG85cjxuNjMzNGkzM0A1YDAtLWEuNTIxMWNjYDZhYSNjaV82MmRjbmdhLS1kLWFzcw%3D%3D&btag=80000e00028000&cquery=100H_100K_100o_101r_100B&dy_q=1760969609&feature_id=b38008770b4e09863331b14b26bcdc23&l=20251020221329FF810B6B17C3D024C6A3', 'https://v5-dy-o-abtest.zjcdn.com/f1b41bbf82556dbc0dbb4ab2b444cfa0/68f66df9/video/tos/cn/tos-cn-ve-15/oAygySTlAl0A0qNo9wfBA1ys7EEsIQFn0PC5fD/?a=6383&ch=10010&cr=3&dr=0&lr=all&cd=0%7C0%7C0%7C3&cv=1&br=356&bt=356&cs=2&ds=3&ft=c2YTctGHQPRUZxfusdr~kwPqYldQIKDEE-TerrNqq_45a&mime_type=video_mp4&qs=15&rc=aWhkOmRpZTNkMzU1ODNoZEBpajw4aG85cjxuNjMzNGkzM0A1YDAtLWEuNTIxMWNjYDZhYSNjaV82MmRjbmdhLS1kLWFzcw%3D%3D&btag=80000e00028000&cquery=101r_100B_100H_100K_100o&dy_q=1760969609&feature_id=b38008770b4e09863331b14b26bcdc23&l=20251020221329FF810B6B17C3D024C6A3', 'https://www.douyin.com/aweme/v1/play/?video_id=v0d00fg10000d3jkq9fog65l9eb5l9fg&line=0&file_id=da9ec0f5f242405a801bdf0a073ace8f&sign=4ec2a8f4924623ee84017de2c6f5ede8&is_play_url=1&source=PackSourceEnum_PUBLISH'], 'width': 720, 'height': 1280, 'url_key': 'v0d00fg10000d3jkq9fog65l9eb5l9fg_bytevc1_720p_364677', 'data_size': 2953160, 'file_hash': '4ec2a8f4924623ee84017de2c6f5ede8', 'file_cs': 'c:0-54946-faf2|a:v0d00fg10000d3jkq9fog65l9eb5l9fg'}, 'is_h265': 1, 'is_bytevc1': 1, 'HDR_type': '', 'HDR_bit': '', 'FPS': 30, 'video_extra': '{"PktOffsetMap":"[{\\"time\\": 1, \\"offset\\": 139883}, {\\"time\\": 2, \\"offset\\": 171193}, {\\"time\\": 3, \\"offset\\": 214749}, {\\"time\\": 4, \\"offset\\": 254058}, {\\"time\\": 5, \\"offset\\": 310224}, {\\"time\\": 10, \\"offset\\": 513953}]","format":"mp4","definition":"720p","quality":"adapt_lowest","file_id":"da9ec0f5f242405a801bdf0a073ace8f","applog_map":{"feature_id":"b38008770b4e09863331b14b26bcdc23"},"mvmaf":"{\\"mvmaf_sr_v1080\\":96.979,\\"mvmaf_sr_v960\\":98.396,\\"mvmaf_sr_v864\\":98.875,\\"mvmaf_sr_v720\\":99.224,\\"mvmaf_ori_v1080\\":86.456,\\"mvmaf_ori_v960\\":89.45,\\"mvmaf_ori_v864\\":90.92,\\"mvmaf_ori_v720\\":94.185}","ufq":"{\\"enh\\":92.752,\\"playback\\":{\\"ori\\":83.208,\\"srv1\\":91.62},\\"src\\":92.752,\\"trans\\":83.208,\\"version\\":\\"v1.0\\"}","audio_channels":"2.0","audio_sample_rate":"44100","audio_metrics":null,"audio_score":null}', 'format': 'mp4'}, {'gear_name': 'adapt_540_1', 'quality_type': 28, 'bit_rate': 338921, 'play_addr': {'uri': 'v0d00fg10000d3jkq9fog65l9eb5l9fg', 'url_list': ['https://v5-dy-o-abtest.zjcdn.com/b5e8c5af2a4c3529911776793d72c20f/68f66df9/video/tos/cn/tos-cn-ve-15/oQf9q5EjyClUZnN4Ay0lTzgIDfA4FAQS1Bno0E/?a=6383&ch=10010&cr=3&dr=0&lr=all&cd=0%7C0%7C0%7C3&cv=1&br=330&bt=330&cs=2&ds=6&ft=c2YTctGHQPRUZxfusdr~kwPqYldQIKDEE-TerrNqq_45a&mime_type=video_mp4&qs=11&rc=aTNoM2RnZTw7O2g7Nmc5PEBpajw4aG85cjxuNjMzNGkzM0A0NWBhMi0tXjExNV5gYi1hYSNjaV82MmRjbmdhLS1kLWFzcw%3D%3D&btag=80000e00028000&cquery=100o_101r_100B_100H_100K&dy_q=1760969609&feature_id=b38008770b4e09863331b14b26bcdc23&l=20251020221329FF810B6B17C3D024C6A3', 'https://v5-dy-o-abtest.zjcdn.com/b5e8c5af2a4c3529911776793d72c20f/68f66df9/video/tos/cn/tos-cn-ve-15/oQf9q5EjyClUZnN4Ay0lTzgIDfA4FAQS1Bno0E/?a=6383&ch=10010&cr=3&dr=0&lr=all&cd=0%7C0%7C0%7C3&cv=1&br=330&bt=330&cs=2&ds=6&ft=c2YTctGHQPRUZxfusdr~kwPqYldQIKDEE-TerrNqq_45a&mime_type=video_mp4&qs=11&rc=aTNoM2RnZTw7O2g7Nmc5PEBpajw4aG85cjxuNjMzNGkzM0A0NWBhMi0tXjExNV5gYi1hYSNjaV82MmRjbmdhLS1kLWFzcw%3D%3D&btag=80000e00028000&cquery=100B_100H_100K_100o_101r&dy_q=1760969609&feature_id=b38008770b4e09863331b14b26bcdc23&l=20251020221329FF810B6B17C3D024C6A3', 'https://www.douyin.com/aweme/v1/play/?video_id=v0d00fg10000d3jkq9fog65l9eb5l9fg&line=0&file_id=d906edc3a88e4848a90b0d5ad0ce807f&sign=e1e0c42a927e566a6f45891fcf7e23dd&is_play_url=1&source=PackSourceEnum_PUBLISH'], 'width': 576, 'height': 1024, 'url_key': 'v0d00fg10000d3jkq9fog65l9eb5l9fg_bytevc1_540p_338921', 'data_size': 2744583, 'file_hash': 'e1e0c42a927e566a6f45891fcf7e23dd', 'file_cs': 'c:0-54946-c5cd|a:v0d00fg10000d3jkq9fog65l9eb5l9fg'}, 'is_h265': 1, 'is_bytevc1': 1, 'HDR_type': '', 'HDR_bit': '', 'FPS': 30, 'video_extra': '{"PktOffsetMap":"[{\\"time\\": 1, \\"offset\\": 132139}, {\\"time\\": 2, \\"offset\\": 161390}, {\\"time\\": 3, \\"offset\\": 200885}, {\\"time\\": 4, \\"offset\\": 237908}, {\\"time\\": 5, \\"offset\\": 288790}, {\\"time\\": 10, \\"offset\\": 478786}]","format":"mp4","definition":"540p","quality":"adapt","file_id":"d906edc3a88e4848a90b0d5ad0ce807f","applog_map":{"feature_id":"b38008770b4e09863331b14b26bcdc23"},"mvmaf":"{\\"mvmaf_sr_v1080\\":93.859,\\"mvmaf_sr_v960\\":95.987,\\"mvmaf_sr_v864\\":96.96,\\"mvmaf_sr_v720\\":98.239,\\"mvmaf_ori_v1080\\":81.634,\\"mvmaf_ori_v960\\":85.188,\\"mvmaf_ori_v864\\":87.08,\\"mvmaf_ori_v720\\":90.183}","ufq":"{\\"enh\\":92.752,\\"playback\\":{\\"ori\\":79.227,\\"srv1\\":90.083},\\"src\\":92.752,\\"trans\\":79.227,\\"version\\":\\"v1.0\\"}","audio_channels":"2.0","audio_sample_rate":"44100","audio_metrics":null,"audio_score":null}', 'format': 'mp4'}, {'gear_name': 'adapt_lower_540_1', 'quality_type': 21, 'bit_rate': 300004, 'play_addr': {'uri': 'v0d00fg10000d3jkq9fog65l9eb5l9fg', 'url_list': ['https://v5-dy-o-abtest.zjcdn.com/f86dcfe784fa68faf2f28dfceb243fd4/68f66df9/video/tos/cn/tos-cn-ve-15/o4mqg8LfRlaLeltdBAGARpzV7LRAPCOBJpIleA/?a=6383&ch=10010&cr=3&dr=0&lr=all&cd=0%7C0%7C0%7C3&cv=1&br=292&bt=292&cs=2&ds=6&ft=c2YTctGHQPRUZxfusdr~kwPqYldQIKDEE-TerrNqq_45a&mime_type=video_mp4&qs=14&rc=NWk3Mzo1ZzlmM2k7ZGhmaEBpajw4aG85cjxuNjMzNGkzM0A1YS4wNC40Xl8xYWBfMmNeYSNjaV82MmRjbmdhLS1kLWFzcw%3D%3D&btag=80000e00028000&cquery=101r_100B_100H_100K_100o&dy_q=1760969609&feature_id=2ec60419b2ec858b9b1eae59874b17b0&l=20251020221329FF810B6B17C3D024C6A3', 'https://v5-dy-o-abtest.zjcdn.com/f86dcfe784fa68faf2f28dfceb243fd4/68f66df9/video/tos/cn/tos-cn-ve-15/o4mqg8LfRlaLeltdBAGARpzV7LRAPCOBJpIleA/?a=6383&ch=10010&cr=3&dr=0&lr=all&cd=0%7C0%7C0%7C3&cv=1&br=292&bt=292&cs=2&ds=6&ft=c2YTctGHQPRUZxfusdr~kwPqYldQIKDEE-TerrNqq_45a&mime_type=video_mp4&qs=14&rc=NWk3Mzo1ZzlmM2k7ZGhmaEBpajw4aG85cjxuNjMzNGkzM0A1YS4wNC40Xl8xYWBfMmNeYSNjaV82MmRjbmdhLS1kLWFzcw%3D%3D&btag=80000e00028000&cquery=100o_101r_100B_100H_100K&dy_q=1760969609&feature_id=2ec60419b2ec858b9b1eae59874b17b0&l=20251020221329FF810B6B17C3D024C6A3', 'https://www.douyin.com/aweme/v1/play/?video_id=v0d00fg10000d3jkq9fog65l9eb5l9fg&line=0&file_id=aefc5ebac8df40bca67d12773014df82&sign=a5697bbc60cea6318ef68bc521ac971f&is_play_url=1&source=PackSourceEnum_PUBLISH'], 'width': 576, 'height': 1024, 'url_key': 'v0d00fg10000d3jkq9fog65l9eb5l9fg_bytevc1_540p_300004', 'data_size': 2429439, 'file_hash': 'a5697bbc60cea6318ef68bc521ac971f', 'file_cs': 'c:0-54946-df99|a:v0d00fg10000d3jkq9fog65l9eb5l9fg'}, 'is_h265': 1, 'is_bytevc1': 1, 'HDR_type': '', 'HDR_bit': '', 'FPS': 30, 'video_extra': '{"PktOffsetMap":"[{\\"time\\": 1, \\"offset\\": 124618}, {\\"time\\": 2, \\"offset\\": 150131}, {\\"time\\": 3, \\"offset\\": 186641}, {\\"time\\": 4, \\"offset\\": 219432}, {\\"time\\": 5, \\"offset\\": 265170}, {\\"time\\": 10, \\"offset\\": 437792}]","format":"mp4","definition":"540p","quality":"adapt_lower","file_id":"aefc5ebac8df40bca67d12773014df82","applog_map":{"feature_id":"2ec60419b2ec858b9b1eae59874b17b0"},"mvmaf":"{\\"mvmaf_sr_v1080\\":92.755,\\"mvmaf_sr_v960\\":95.032,\\"mvmaf_sr_v864\\":96.149,\\"mvmaf_sr_v720\\":97.342,\\"mvmaf_ori_v1080\\":80.776,\\"mvmaf_ori_v960\\":84.387,\\"mvmaf_ori_v864\\":86.222,\\"mvmaf_ori_v720\\":89.482}","ufq":"{\\"enh\\":92.752,\\"playback\\":{\\"ori\\":78.584,\\"srv1\\":88.979},\\"src\\":92.752,\\"trans\\":78.584,\\"version\\":\\"v1.0\\"}","audio_channels":"2.0","audio_sample_rate":"44100","audio_metrics":null,"audio_score":null}', 'format': 'mp4'}, {'gear_name': 'low_720_0', 'quality_type': 211, 'bit_rate': 575592, 'play_addr': {'uri': 'v0d00fg10000d3jkq9fog65l9eb5l9fg', 'url_list': ['https://v5-dy-o-abtest.zjcdn.com/f6618e169bde175d0cab97a307f6e302/68f79549/video/tos/cn/tos-cn-vd-0026/okD9DEgyIloA1DADgBoASNFAy5fiaAf0q4Am0l/media-video-avc1/?a=6383&ch=0&cr=8&dr=0&er=1&lr=default&cd=0%7C0%7C0%7C3&cv=1&br=562&bt=562&cs=0&ds=3&mime_type=video_mp4&qs=1&rc=NDUzNzpnOjM2Ozk4NzdpM0Bpajw4aG85cjxuNjMzNGkzM0A2NWA2MmI2Xi4xMDY2M2EwYSNjaV82MmRjbmdhLS1kLWFzcw%3D%3D&btag=80000e00028000&cquery=101r_100o&dy_q=1760969609&l=20251020221329FF810B6B17C3D024C6A3', 'https://v5-dy-o-abtest.zjcdn.com/f6618e169bde175d0cab97a307f6e302/68f79549/video/tos/cn/tos-cn-vd-0026/okD9DEgyIloA1DADgBoASNFAy5fiaAf0q4Am0l/media-video-avc1/?a=6383&ch=0&cr=8&dr=0&er=1&lr=default&cd=0%7C0%7C0%7C3&cv=1&br=562&bt=562&cs=0&ds=3&mime_type=video_mp4&qs=1&rc=NDUzNzpnOjM2Ozk4NzdpM0Bpajw4aG85cjxuNjMzNGkzM0A2NWA2MmI2Xi4xMDY2M2EwYSNjaV82MmRjbmdhLS1kLWFzcw%3D%3D&btag=80000e00028000&cquery=101r_100o&dy_q=1760969609&l=20251020221329FF810B6B17C3D024C6A3', 'https://www.douyin.com/aweme/v1/play/dash/?video_id=v0d00fg10000d3jkq9fog65l9eb5l9fg&line=0&file_id=30df649495364813a097ed5794c08291&sign=eb2d5ddfca56a2bb4e058cc67e80b729&is_play_url=1&source=PackSourceEnum_PUBLISH'], 'width': 720, 'height': 1280, 'url_key': 'v0d00fg10000d3jkq9fog65l9eb5l9fg_h264_720p_575592', 'data_size': 4659919, 'file_hash': 'eb2d5ddfca56a2bb4e058cc67e80b729'}, 'is_h265': 0, 'is_bytevc1': 0, 'HDR_type': '', 'HDR_bit': '', 'FPS': 30, 'video_extra': '{"PktOffsetMap":"","format":"dash","sub_info":"{\\"audio_channels\\":\\"2.0\\",\\"audio_layout\\":\\"C\\",\\"audio_sample_rate\\":\\"44100\\",\\"base_range_info\\":{\\"first_moof_range\\":\\"1123-3222\\",\\"index_range\\":\\"995-1122\\",\\"init_range\\":\\"0-994\\"},\\"check_info\\":{\\"check_info\\":\\"a:v0d00fg10000d3jkq9fog65l9eb5l9fg|b:0-1122-b7c3cd7a3ba91c6db3e715fffdbd9623|c:0-1122-13ac\\"},\\"first_segment_range\\":\\"1123-559293\\",\\"gear_des_key\\":\\"0:DASH|1:normal|2:h264|4:720p|5:low|10000:105\\",\\"quality_type\\":11}","definition":"720p","quality":"low","quality_desc":"","file_id":"30df649495364813a097ed5794c08291","real_bitrate":632540,"audio_file_id":"0f1cccdb21d95d6e738f257b2b662cd0","applog_map":{"feature_id":"0ea98fd3bdc3c6c14a3d0804cc272721"},"audio_metrics":null,"audio_score":null}', 'format': 'dash'}, {'gear_name': 'low_540_0', 'quality_type': 292, 'bit_rate': 529013, 'play_addr': {'uri': 'v0d00fg10000d3jkq9fog65l9eb5l9fg', 'url_list': ['https://v5-dy-o-abtest.zjcdn.com/682ea5fbff38f373ad2eb99276148b64/68f79549/video/tos/cn/tos-cn-vd-0026/oMmheAGze0HBDL7lRLlLpAaBAReQClGAAAVpIq/media-video-avc1/?a=6383&ch=0&cr=8&dr=0&er=1&lr=default&cd=0%7C0%7C0%7C3&cv=1&br=516&bt=516&cs=0&ds=6&mime_type=video_mp4&qs=1&rc=OmRlNDw1Z2ZoOWg5aDs8NUBpajw4aG85cjxuNjMzNGkzM0AyXzE0YmMtNTMxXi0wNjExYSNjaV82MmRjbmdhLS1kLWFzcw%3D%3D&btag=80000e00028000&cquery=101r_100o&dy_q=1760969609&l=20251020221329FF810B6B17C3D024C6A3', 'https://v5-dy-o-abtest.zjcdn.com/682ea5fbff38f373ad2eb99276148b64/68f79549/video/tos/cn/tos-cn-vd-0026/oMmheAGze0HBDL7lRLlLpAaBAReQClGAAAVpIq/media-video-avc1/?a=6383&ch=0&cr=8&dr=0&er=1&lr=default&cd=0%7C0%7C0%7C3&cv=1&br=516&bt=516&cs=0&ds=6&mime_type=video_mp4&qs=1&rc=OmRlNDw1Z2ZoOWg5aDs8NUBpajw4aG85cjxuNjMzNGkzM0AyXzE0YmMtNTMxXi0wNjExYSNjaV82MmRjbmdhLS1kLWFzcw%3D%3D&btag=80000e00028000&cquery=100o_101r&dy_q=1760969609&l=20251020221329FF810B6B17C3D024C6A3', 'https://www.douyin.com/aweme/v1/play/dash/?video_id=v0d00fg10000d3jkq9fog65l9eb5l9fg&line=0&file_id=4249983e06ae466e8c0df2e9714bba57&sign=7bfe65bfb2a7e3b506edac9d4dbe9c62&is_play_url=1&source=PackSourceEnum_PUBLISH'], 'width': 576, 'height': 1024, 'url_key': 'v0d00fg10000d3jkq9fog65l9eb5l9fg_h264_540p_529013', 'data_size': 4282826, 'file_hash': '7bfe65bfb2a7e3b506edac9d4dbe9c62'}, 'is_h265': 0, 'is_bytevc1': 0, 'HDR_type': '', 'HDR_bit': '', 'FPS': 30, 'video_extra': '{"PktOffsetMap":"","format":"dash","sub_info":"{\\"audio_channels\\":\\"2.0\\",\\"audio_layout\\":\\"C\\",\\"audio_sample_rate\\":\\"44100\\",\\"base_range_info\\":{\\"first_moof_range\\":\\"1123-3222\\",\\"index_range\\":\\"995-1122\\",\\"init_range\\":\\"0-994\\"},\\"check_info\\":{\\"check_info\\":\\"a:v0d00fg10000d3jkq9fog65l9eb5l9fg|b:0-1122-89b286b79ee71d04b05097dd8a65db85|c:0-1122-72d4\\"},\\"first_segment_range\\":\\"1123-510757\\",\\"gear_des_key\\":\\"0:DASH|1:normal|2:h264|4:540p|5:low|10000:105\\"}","definition":"540p","quality":"low","quality_desc":"","file_id":"4249983e06ae466e8c0df2e9714bba57","real_bitrate":585973,"audio_file_id":"0f1cccdb21d95d6e738f257b2b662cd0","applog_map":{"feature_id":"0ea98fd3bdc3c6c14a3d0804cc272721"},"audio_metrics":null,"audio_score":null}', 'format': 'dash'}, {'gear_name': 'adapt_low_540_0', 'quality_type': 291, 'bit_rate': 355831, 'play_addr': {'uri': 'v0d00fg10000d3jkq9fog65l9eb5l9fg', 'url_list': ['https://v5-dy-o-abtest.zjcdn.com/7300e6f46b6a3ced49a5f83881d61dec/68f79549/video/tos/cn/tos-cn-vd-0026/owl0B1gMyEAclAyoAfA3gaIof0AD4BANSDq95F/media-video-avc1/?a=6383&ch=0&cr=8&dr=0&er=1&lr=default&cd=0%7C0%7C0%7C3&cv=1&br=347&bt=347&cs=0&ds=6&mime_type=video_mp4&qs=12&rc=ODszNmdoZTY5NDo0OjM1ZUBpajw4aG85cjxuNjMzNGkzM0AwMWE1L14yNjQxYTMzMGMuYSNjaV82MmRjbmdhLS1kLWFzcw%3D%3D&btag=80000e00028000&cquery=100o_101r&dy_q=1760969609&l=20251020221329FF810B6B17C3D024C6A3', 'https://v5-dy-o-abtest.zjcdn.com/7300e6f46b6a3ced49a5f83881d61dec/68f79549/video/tos/cn/tos-cn-vd-0026/owl0B1gMyEAclAyoAfA3gaIof0AD4BANSDq95F/media-video-avc1/?a=6383&ch=0&cr=8&dr=0&er=1&lr=default&cd=0%7C0%7C0%7C3&cv=1&br=347&bt=347&cs=0&ds=6&mime_type=video_mp4&qs=12&rc=ODszNmdoZTY5NDo0OjM1ZUBpajw4aG85cjxuNjMzNGkzM0AwMWE1L14yNjQxYTMzMGMuYSNjaV82MmRjbmdhLS1kLWFzcw%3D%3D&btag=80000e00028000&cquery=101r_100o&dy_q=1760969609&l=20251020221329FF810B6B17C3D024C6A3', 'https://www.douyin.com/aweme/v1/play/dash/?video_id=v0d00fg10000d3jkq9fog65l9eb5l9fg&line=0&file_id=1bf2306761d74176935bae2d83d04835&sign=8c255cb020675004634428abfc404a06&is_play_url=1&source=PackSourceEnum_PUBLISH'], 'width': 576, 'height': 1024, 'url_key': 'v0d00fg10000d3jkq9fog65l9eb5l9fg_h264_540p_355831', 'data_size': 2880767, 'file_hash': '8c255cb020675004634428abfc404a06'}, 'is_h265': 0, 'is_bytevc1': 0, 'HDR_type': '', 'HDR_bit': '', 'FPS': 30, 'video_extra': '{"PktOffsetMap":"","format":"dash","sub_info":"{\\"audio_channels\\":\\"2.0\\",\\"audio_layout\\":\\"C\\",\\"audio_sample_rate\\":\\"44100\\",\\"base_range_info\\":{\\"first_moof_range\\":\\"1122-3221\\",\\"index_range\\":\\"994-1121\\",\\"init_range\\":\\"0-993\\"},\\"check_info\\":{\\"check_info\\":\\"a:v0d00fg10000d3jkq9fog65l9eb5l9fg|b:0-1121-73a33d5773ea83adfd7cef8e3bb3c7c1|c:0-1121-9075\\"},\\"first_segment_range\\":\\"1122-353267\\",\\"gear_des_key\\":\\"0:DASH|1:normal|2:h264|4:540p|5:adapt_low|10000:105\\",\\"quality_type\\":291}","definition":"540p","quality":"adapt_low","quality_desc":"","file_id":"1bf2306761d74176935bae2d83d04835","real_bitrate":412836,"audio_file_id":"0f1cccdb21d95d6e738f257b2b662cd0","applog_map":{"feature_id":"0ea98fd3bdc3c6c14a3d0804cc272721"},"audio_metrics":null,"audio_score":null}', 'format': 'dash'}, {'gear_name': 'adapt_lowest_1080_1', 'quality_type': 2, 'bit_rate': 352445, 'play_addr': {'uri': 'v0d00fg10000d3jkq9fog65l9eb5l9fg', 'url_list': ['https://v5-dy-o-abtest.zjcdn.com/064c08a3417ad5aaa4754871688f5a5d/68f79549/video/tos/cn/tos-cn-vd-0026/o8nyg5DAAgoAFD10GNfB9llI6qS3T0AyAEAfaI/media-video-hvc1/?a=6383&ch=0&cr=8&dr=0&er=1&lr=default&cd=0%7C0%7C0%7C3&cv=1&br=344&bt=344&cs=4&ds=4&mime_type=video_mp4&qs=15&rc=O2U4OzU5ZTY0ZDs6ZTVlZUBpajw4aG85cjxuNjMzNGkzM0AwXjMxXmFfXjUxNC5hLmMyYSNjaV82MmRjbmdhLS1kLWFzcw%3D%3D&btag=80000e00028000&cquery=101r_100o&dy_q=1760969609&l=20251020221329FF810B6B17C3D024C6A3', 'https://v5-dy-o-abtest.zjcdn.com/064c08a3417ad5aaa4754871688f5a5d/68f79549/video/tos/cn/tos-cn-vd-0026/o8nyg5DAAgoAFD10GNfB9llI6qS3T0AyAEAfaI/media-video-hvc1/?a=6383&ch=0&cr=8&dr=0&er=1&lr=default&cd=0%7C0%7C0%7C3&cv=1&br=344&bt=344&cs=4&ds=4&mime_type=video_mp4&qs=15&rc=O2U4OzU5ZTY0ZDs6ZTVlZUBpajw4aG85cjxuNjMzNGkzM0AwXjMxXmFfXjUxNC5hLmMyYSNjaV82MmRjbmdhLS1kLWFzcw%3D%3D&btag=80000e00028000&cquery=101r_100o&dy_q=1760969609&l=20251020221329FF810B6B17C3D024C6A3', 'https://www.douyin.com/aweme/v1/play/dash/?video_id=v0d00fg10000d3jkq9fog65l9eb5l9fg&line=0&file_id=5bfb12db17784a81a3bbd6a24865ab38&sign=61528f685f0b736aae3e9e4d069addff&is_play_url=1&source=PackSourceEnum_PUBLISH'], 'width': 1080, 'height': 1920, 'url_key': 'v0d00fg10000d3jkq9fog65l9eb5l9fg_bytevc1_1080p_352445', 'data_size': 2853349, 'file_hash': '61528f685f0b736aae3e9e4d069addff'}, 'is_h265': 1, 'is_bytevc1': 1, 'HDR_type': '', 'HDR_bit': '', 'FPS': 30, 'video_extra': '{"PktOffsetMap":"","format":"dash","sub_info":"{\\"audio_channels\\":\\"2.0\\",\\"audio_layout\\":\\"C\\",\\"audio_sample_rate\\":\\"44100\\",\\"base_range_info\\":{\\"first_moof_range\\":\\"1280-3059\\",\\"index_range\\":\\"1128-1279\\",\\"init_range\\":\\"0-1127\\"},\\"check_info\\":{\\"check_info\\":\\"a:v0d00fg10000d3jkq9fog65l9eb5l9fg|b:0-1279-373c30b84a1cd512a03936e63d2492b2|c:0-1279-b664\\"},\\"first_segment_range\\":\\"1280-296626\\",\\"gear_des_key\\":\\"0:DASH|1:normal|2:h265_hvc1|4:1080p|5:adapt_lowest|10000:105\\",\\"quality_type\\":2}","definition":"1080p","quality":"adapt_lowest","quality_desc":"","file_id":"5bfb12db17784a81a3bbd6a24865ab38","real_bitrate":406399,"audio_file_id":"0f1cccdb21d95d6e738f257b2b662cd0","applog_map":{"feature_id":"b38008770b4e09863331b14b26bcdc23"},"mvmaf":"{\\"mvmaf_sr_v1080\\":98.883,\\"mvmaf_sr_v960\\":98.852,\\"mvmaf_sr_v864\\":99.075,\\"mvmaf_sr_v720\\":99.179,\\"mvmaf_ori_v1080\\":93.1,\\"mvmaf_ori_v960\\":93.652,\\"mvmaf_ori_v864\\":94.026,\\"mvmaf_ori_v720\\":94.729}","audio_metrics":null,"audio_score":null}', 'format': 'dash'}, {'gear_name': 'adapt_lowest_720_1', 'quality_type': 15, 'bit_rate': 307963, 'play_addr': {'uri': 'v0d00fg10000d3jkq9fog65l9eb5l9fg', 'url_list': ['https://v5-dy-o-abtest.zjcdn.com/8a1694e3a0b355b23704dcc479d52efe/68f79549/video/tos/cn/tos-cn-vd-0026/oETqSFlAEgDIgR510nf0fAlA9Ay2oDNyAAj7BR/media-video-hvc1/?a=6383&ch=0&cr=8&dr=0&er=1&lr=default&cd=0%7C0%7C0%7C3&cv=1&br=300&bt=300&cs=4&ds=3&mime_type=video_mp4&qs=15&rc=M2Q5ZjdnPGllOjc2OTY1ZUBpajw4aG85cjxuNjMzNGkzM0AtLmMuLi80Ni4xNTE0MS9jYSNjaV82MmRjbmdhLS1kLWFzcw%3D%3D&btag=80000e00028000&cquery=101r_100o&dy_q=1760969609&l=20251020221329FF810B6B17C3D024C6A3', 'https://v5-dy-o-abtest.zjcdn.com/8a1694e3a0b355b23704dcc479d52efe/68f79549/video/tos/cn/tos-cn-vd-0026/oETqSFlAEgDIgR510nf0fAlA9Ay2oDNyAAj7BR/media-video-hvc1/?a=6383&ch=0&cr=8&dr=0&er=1&lr=default&cd=0%7C0%7C0%7C3&cv=1&br=300&bt=300&cs=4&ds=3&mime_type=video_mp4&qs=15&rc=M2Q5ZjdnPGllOjc2OTY1ZUBpajw4aG85cjxuNjMzNGkzM0AtLmMuLi80Ni4xNTE0MS9jYSNjaV82MmRjbmdhLS1kLWFzcw%3D%3D&btag=80000e00028000&cquery=100o_101r&dy_q=1760969609&l=20251020221329FF810B6B17C3D024C6A3', 'https://www.douyin.com/aweme/v1/play/dash/?video_id=v0d00fg10000d3jkq9fog65l9eb5l9fg&line=0&file_id=fb2243764384471b9f792d141cf61a00&sign=a63530e54a50aa72246e4df9ee403104&is_play_url=1&source=PackSourceEnum_PUBLISH'], 'width': 720, 'height': 1280, 'url_key': 'v0d00fg10000d3jkq9fog65l9eb5l9fg_bytevc1_720p_307963', 'data_size': 2493229, 'file_hash': 'a63530e54a50aa72246e4df9ee403104'}, 'is_h265': 1, 'is_bytevc1': 1, 'HDR_type': '', 'HDR_bit': '', 'FPS': 30, 'video_extra': '{"PktOffsetMap":"","format":"dash","sub_info":"{\\"audio_channels\\":\\"2.0\\",\\"audio_layout\\":\\"C\\",\\"audio_sample_rate\\":\\"44100\\",\\"base_range_info\\":{\\"first_moof_range\\":\\"1281-3060\\",\\"index_range\\":\\"1129-1280\\",\\"init_range\\":\\"0-1128\\"},\\"check_info\\":{\\"check_info\\":\\"a:v0d00fg10000d3jkq9fog65l9eb5l9fg|b:0-1280-b44ed8fe2696c3dc6d45f8ee28bef6e6|c:0-1280-48d6\\"},\\"first_segment_range\\":\\"1281-276599\\",\\"gear_des_key\\":\\"0:DASH|1:normal|2:h265_hvc1|4:720p|5:adapt_lowest|10000:105\\",\\"quality_type\\":15}","definition":"720p","quality":"adapt_lowest","quality_desc":"","file_id":"fb2243764384471b9f792d141cf61a00","real_bitrate":361917,"audio_file_id":"0f1cccdb21d95d6e738f257b2b662cd0","applog_map":{"feature_id":"b38008770b4e09863331b14b26bcdc23"},"mvmaf":"{\\"mvmaf_sr_v1080\\":96.979,\\"mvmaf_sr_v960\\":98.396,\\"mvmaf_sr_v864\\":98.875,\\"mvmaf_sr_v720\\":99.224,\\"mvmaf_ori_v1080\\":86.456,\\"mvmaf_ori_v960\\":89.45,\\"mvmaf_ori_v864\\":90.92,\\"mvmaf_ori_v720\\":94.185}","audio_metrics":null,"audio_score":null}', 'format': 'dash'}, {'gear_name': 'adapt_540_1', 'quality_type': 28, 'bit_rate': 282200, 'play_addr': {'uri': 'v0d00fg10000d3jkq9fog65l9eb5l9fg', 'url_list': ['https://v5-dy-o-abtest.zjcdn.com/813401ab33be8f50c630d3b931489cc5/68f79549/video/tos/cn/tos-cn-vd-0026/oMRAORqBQCpAWA7lVlAAHLIBpnGflzA9LeeLwa/media-video-hvc1/?a=6383&ch=0&cr=8&dr=0&er=1&lr=default&cd=0%7C0%7C0%7C3&cv=1&br=275&bt=275&cs=4&ds=6&mime_type=video_mp4&qs=11&rc=OmlkPGk2NGU7OGQ0ZWU6OkBpajw4aG85cjxuNjMzNGkzM0AvMS8wMjFhNS8xNC8tXy02YSNjaV82MmRjbmdhLS1kLWFzcw%3D%3D&btag=80000e00028000&cquery=101r_100o&dy_q=1760969609&l=20251020221329FF810B6B17C3D024C6A3', 'https://v5-dy-o-abtest.zjcdn.com/813401ab33be8f50c630d3b931489cc5/68f79549/video/tos/cn/tos-cn-vd-0026/oMRAORqBQCpAWA7lVlAAHLIBpnGflzA9LeeLwa/media-video-hvc1/?a=6383&ch=0&cr=8&dr=0&er=1&lr=default&cd=0%7C0%7C0%7C3&cv=1&br=275&bt=275&cs=4&ds=6&mime_type=video_mp4&qs=11&rc=OmlkPGk2NGU7OGQ0ZWU6OkBpajw4aG85cjxuNjMzNGkzM0AvMS8wMjFhNS8xNC8tXy02YSNjaV82MmRjbmdhLS1kLWFzcw%3D%3D&btag=80000e00028000&cquery=100o_101r&dy_q=1760969609&l=20251020221329FF810B6B17C3D024C6A3', 'https://www.douyin.com/aweme/v1/play/dash/?video_id=v0d00fg10000d3jkq9fog65l9eb5l9fg&line=0&file_id=9707bb0b217a45288bd1435f392a4f27&sign=2626f8fa5ddbedd3bc75f92444e03d40&is_play_url=1&source=PackSourceEnum_PUBLISH'], 'width': 576, 'height': 1024, 'url_key': 'v0d00fg10000d3jkq9fog65l9eb5l9fg_bytevc1_540p_282200', 'data_size': 2284652, 'file_hash': '2626f8fa5ddbedd3bc75f92444e03d40'}, 'is_h265': 1, 'is_bytevc1': 1, 'HDR_type': '', 'HDR_bit': '', 'FPS': 30, 'video_extra': '{"PktOffsetMap":"","format":"dash","sub_info":"{\\"audio_channels\\":\\"2.0\\",\\"audio_layout\\":\\"C\\",\\"audio_sample_rate\\":\\"44100\\",\\"base_range_info\\":{\\"first_moof_range\\":\\"1281-3060\\",\\"index_range\\":\\"1129-1280\\",\\"init_range\\":\\"0-1128\\"},\\"check_info\\":{\\"check_info\\":\\"a:v0d00fg10000d3jkq9fog65l9eb5l9fg|b:0-1280-1bed61b591855a24f52cd48d55d6194b|c:0-1280-ec64\\"},\\"first_segment_range\\":\\"1281-253374\\",\\"gear_des_key\\":\\"0:DASH|1:normal|2:h265_hvc1|4:540p|5:adapt|10000:105\\",\\"quality_type\\":28}","definition":"540p","quality":"adapt","quality_desc":"","file_id":"9707bb0b217a45288bd1435f392a4f27","real_bitrate":338921,"audio_file_id":"0f1cccdb21d95d6e738f257b2b662cd0","applog_map":{"feature_id":"b38008770b4e09863331b14b26bcdc23"},"mvmaf":"{\\"mvmaf_sr_v1080\\":93.859,\\"mvmaf_sr_v960\\":95.987,\\"mvmaf_sr_v864\\":96.96,\\"mvmaf_sr_v720\\":98.239,\\"mvmaf_ori_v1080\\":81.634,\\"mvmaf_ori_v960\\":85.188,\\"mvmaf_ori_v864\\":87.08,\\"mvmaf_ori_v720\\":90.183}","audio_metrics":null,"audio_score":null}', 'format': 'dash'}, {'gear_name': 'adapt_lower_540_1', 'quality_type': 21, 'bit_rate': 247377, 'play_addr': {'uri': 'v0d00fg10000d3jkq9fog65l9eb5l9fg', 'url_list': ['https://v5-dy-o-abtest.zjcdn.com/d783a1275892b8f175499260a686be59/68f79549/video/tos/cn/tos-cn-vd-0026/og0BA1lfDn6oFAAqI05f9TSDgE2ANzAyly5BgA/media-video-hvc1/?a=6383&ch=0&cr=8&dr=0&er=1&lr=default&cd=0%7C0%7C0%7C3&cv=1&br=241&bt=241&cs=4&ds=6&mime_type=video_mp4&qs=14&rc=O2k0NzhnaTRkNGk2Nzc2PEBpajw4aG85cjxuNjMzNGkzM0AuNWNhLmJfNTMxLzE1NTIvYSNjaV82MmRjbmdhLS1kLWFzcw%3D%3D&btag=80000e00028000&cquery=101r_100o&dy_q=1760969609&l=20251020221329FF810B6B17C3D024C6A3', 'https://v5-dy-o-abtest.zjcdn.com/d783a1275892b8f175499260a686be59/68f79549/video/tos/cn/tos-cn-vd-0026/og0BA1lfDn6oFAAqI05f9TSDgE2ANzAyly5BgA/media-video-hvc1/?a=6383&ch=0&cr=8&dr=0&er=1&lr=default&cd=0%7C0%7C0%7C3&cv=1&br=241&bt=241&cs=4&ds=6&mime_type=video_mp4&qs=14&rc=O2k0NzhnaTRkNGk2Nzc2PEBpajw4aG85cjxuNjMzNGkzM0AuNWNhLmJfNTMxLzE1NTIvYSNjaV82MmRjbmdhLS1kLWFzcw%3D%3D&btag=80000e00028000&cquery=101r_100o&dy_q=1760969609&l=20251020221329FF810B6B17C3D024C6A3', 'https://www.douyin.com/aweme/v1/play/dash/?video_id=v0d00fg10000d3jkq9fog65l9eb5l9fg&line=0&file_id=29538484432f416a81bfed15d4f18f18&sign=bc5c4c53b567c05d78cf83b50bfda8ce&is_play_url=1&source=PackSourceEnum_PUBLISH'], 'width': 576, 'height': 1024, 'url_key': 'v0d00fg10000d3jkq9fog65l9eb5l9fg_bytevc1_540p_247377', 'data_size': 2002730, 'file_hash': 'bc5c4c53b567c05d78cf83b50bfda8ce'}, 'is_h265': 1, 'is_bytevc1': 1, 'HDR_type': '', 'HDR_bit': '', 'FPS': 30, 'video_extra': '{"PktOffsetMap":"","format":"dash","sub_info":"{\\"audio_channels\\":\\"2.0\\",\\"audio_layout\\":\\"C\\",\\"audio_sample_rate\\":\\"44100\\",\\"base_range_info\\":{\\"first_moof_range\\":\\"1281-3060\\",\\"index_range\\":\\"1129-1280\\",\\"init_range\\":\\"0-1128\\"},\\"check_info\\":{\\"check_info\\":\\"a:v0d00fg10000d3jkq9fog65l9eb5l9fg|b:0-1280-c6ffea1038c7eaebb741921afdfcae6c|c:0-1280-ef2c\\"},\\"first_segment_range\\":\\"1281-226308\\",\\"gear_des_key\\":\\"0:DASH|1:normal|2:h265_hvc1|4:540p|5:adapt_lower|10000:105\\",\\"quality_type\\":21}","definition":"540p","quality":"adapt_lower","quality_desc":"","file_id":"29538484432f416a81bfed15d4f18f18","real_bitrate":300004,"audio_file_id":"256690f5873adb7b085087674600ec30","applog_map":{"feature_id":"2ec60419b2ec858b9b1eae59874b17b0"},"mvmaf":"{\\"mvmaf_sr_v1080\\":92.755,\\"mvmaf_sr_v960\\":95.032,\\"mvmaf_sr_v864\\":96.149,\\"mvmaf_sr_v720\\":97.342,\\"mvmaf_ori_v1080\\":80.776,\\"mvmaf_ori_v960\\":84.387,\\"mvmaf_ori_v864\\":86.222,\\"mvmaf_ori_v720\\":89.482}","audio_metrics":null,"audio_score":null}', 'format': 'dash'}], 'duration': 64784, 'play_addr_265': {'uri': 'v0d00fg10000d3jkq9fog65l9eb5l9fg', 'url_list': ['https://v5-dy-o-abtest.zjcdn.com/b5e8c5af2a4c3529911776793d72c20f/68f66df9/video/tos/cn/tos-cn-ve-15/oQf9q5EjyClUZnN4Ay0lTzgIDfA4FAQS1Bno0E/?a=6383&ch=10010&cr=3&dr=0&lr=all&cd=0%7C0%7C0%7C3&cv=1&br=330&bt=330&cs=2&ds=6&ft=c2YTctGHQPRUZxfusdr~kwPqYldQIKDEE-TerrNqq_45a&mime_type=video_mp4&qs=11&rc=aTNoM2RnZTw7O2g7Nmc5PEBpajw4aG85cjxuNjMzNGkzM0A0NWBhMi0tXjExNV5gYi1hYSNjaV82MmRjbmdhLS1kLWFzcw%3D%3D&btag=80000e00028000&cquery=100o_101r_100B_100H_100K&dy_q=1760969609&feature_id=b38008770b4e09863331b14b26bcdc23&l=20251020221329FF810B6B17C3D024C6A3', 'https://v5-dy-o-abtest.zjcdn.com/b5e8c5af2a4c3529911776793d72c20f/68f66df9/video/tos/cn/tos-cn-ve-15/oQf9q5EjyClUZnN4Ay0lTzgIDfA4FAQS1Bno0E/?a=6383&ch=10010&cr=3&dr=0&lr=all&cd=0%7C0%7C0%7C3&cv=1&br=330&bt=330&cs=2&ds=6&ft=c2YTctGHQPRUZxfusdr~kwPqYldQIKDEE-TerrNqq_45a&mime_type=video_mp4&qs=11&rc=aTNoM2RnZTw7O2g7Nmc5PEBpajw4aG85cjxuNjMzNGkzM0A0NWBhMi0tXjExNV5gYi1hYSNjaV82MmRjbmdhLS1kLWFzcw%3D%3D&btag=80000e00028000&cquery=100B_100H_100K_100o_101r&dy_q=1760969609&feature_id=b38008770b4e09863331b14b26bcdc23&l=20251020221329FF810B6B17C3D024C6A3', 'https://www.douyin.com/aweme/v1/play/?video_id=v0d00fg10000d3jkq9fog65l9eb5l9fg&line=0&file_id=d906edc3a88e4848a90b0d5ad0ce807f&sign=e1e0c42a927e566a6f45891fcf7e23dd&is_play_url=1&source=PackSourceEnum_PUBLISH'], 'width': 576, 'height': 1024, 'url_key': 'v0d00fg10000d3jkq9fog65l9eb5l9fg_bytevc1_540p_338921', 'data_size': 2744583, 'file_hash': 'e1e0c42a927e566a6f45891fcf7e23dd', 'file_cs': 'c:0-54946-c5cd|a:v0d00fg10000d3jkq9fog65l9eb5l9fg'}, 'bit_rate_audio': [{'audio_meta': {'url_list': {'main_url': 'https://v5-dy-o-abtest.zjcdn.com/673cef0991a6bd25ef6589afd18e76e8/68f79549/video/tos/cn/tos-cn-vd-0026/og0BA1lfDn6oFAAqI05f9TSDgE2ANzAyly5BgA/media-audio-und-mp4a/?a=6383&ch=0&cr=8&dr=0&er=1&lr=default&cd=0%7C0%7C0%7C3&cv=1&br=48&bt=48&cs=4&mime_type=video_mp4&qs=14&rc=M2YzOTo6MztlZWQ6ODM5OEBpajw4aG85cjxuNjMzNGkzM0AwYi0xMzUyLTRhMDVjNjMvYSNjaV82MmRjbmdhLS1kLWFzcw%3D%3D&btag=80000e00028000&cquery=101r_100o&dy_q=1760969609&l=20251020221329FF810B6B17C3D024C6A3', 'backup_url': 'https://v5-dy-o-abtest.zjcdn.com/673cef0991a6bd25ef6589afd18e76e8/68f79549/video/tos/cn/tos-cn-vd-0026/og0BA1lfDn6oFAAqI05f9TSDgE2ANzAyly5BgA/media-audio-und-mp4a/?a=6383&ch=0&cr=8&dr=0&er=1&lr=default&cd=0%7C0%7C0%7C3&cv=1&br=48&bt=48&cs=4&mime_type=video_mp4&qs=14&rc=M2YzOTo6MztlZWQ6ODM5OEBpajw4aG85cjxuNjMzNGkzM0AwYi0xMzUyLTRhMDVjNjMvYSNjaV82MmRjbmdhLS1kLWFzcw%3D%3D&btag=80000e00028000&cquery=101r_100o&dy_q=1760969609&l=20251020221329FF810B6B17C3D024C6A3', 'fallback_url': 'https://www.douyin.com/aweme/v1/play/dash/?video_id=v0d00fg10000d3jkq9fog65l9eb5l9fg&line=0&file_id=256690f5873adb7b085087674600ec30&sign=256690f5873adb7b085087674600ec30&is_play_url=1&source=PackSourceEnum_PUBLISH'}, 'encoded_type': 'normal', 'media_type': 'audio', 'logo_type': '', 'quality': 'adapt_lower', 'quality_desc': '', 'format': 'dash', 'bitrate': 49503, 'codec_type': 'bytevc1', 'size': 400868, 'fps': 0, 'file_id': '256690f5873adb7b085087674600ec30', 'file_hash': '256690f5873adb7b085087674600ec30', 'sub_info': '{"audio_channels":"2.0","audio_layout":"C","audio_sample_rate":"44100","base_range_info":{"index_range":"866-1029","init_range":"0-865"},"check_info":{"check_info":"a:v0d00fg10000d3jkq9fog65l9eb5l9fg|b:0-1029-01d50bf486bcb9623c19f9a3db409a57|c:0-1029-bfbd"},"first_segment_range":"1030-44614","gear_des_key":"0:dash|1:normal|2:bytevc1|5:adapt_lower|10000:105"}'}, 'audio_quality': 5, 'audio_extra': '{"real_bitrate":300004}'}, {'audio_meta': {'url_list': {'main_url': 'https://v5-dy-o-abtest.zjcdn.com/d2ee8e33da402e716bf1c2e14a597706/68f79549/video/tos/cn/tos-cn-vd-0026/owl0B1gMyEAclAyoAfA3gaIof0AD4BANSDq95F/media-audio-und-mp4a/?a=6383&ch=0&cr=8&dr=0&er=1&lr=default&cd=0%7C0%7C0%7C3&cv=1&br=52&bt=52&cs=0&mime_type=video_mp4&qs=12&rc=M2Y5ZWU4aTZoZzw0ZWZmaUBpajw4aG85cjxuNjMzNGkzM0BhLzMvNC81NDMyYS9hYC4tYSNjaV82MmRjbmdhLS1kLWFzcw%3D%3D&btag=80000e00028000&cquery=101r_100o&dy_q=1760969609&l=20251020221329FF810B6B17C3D024C6A3', 'backup_url': 'https://v5-dy-o-abtest.zjcdn.com/d2ee8e33da402e716bf1c2e14a597706/68f79549/video/tos/cn/tos-cn-vd-0026/owl0B1gMyEAclAyoAfA3gaIof0AD4BANSDq95F/media-audio-und-mp4a/?a=6383&ch=0&cr=8&dr=0&er=1&lr=default&cd=0%7C0%7C0%7C3&cv=1&br=52&bt=52&cs=0&mime_type=video_mp4&qs=12&rc=M2Y5ZWU4aTZoZzw0ZWZmaUBpajw4aG85cjxuNjMzNGkzM0BhLzMvNC81NDMyYS9hYC4tYSNjaV82MmRjbmdhLS1kLWFzcw%3D%3D&btag=80000e00028000&cquery=101r_100o&dy_q=1760969609&l=20251020221329FF810B6B17C3D024C6A3', 'fallback_url': 'https://www.douyin.com/aweme/v1/play/dash/?video_id=v0d00fg10000d3jkq9fog65l9eb5l9fg&line=0&file_id=0f1cccdb21d95d6e738f257b2b662cd0&sign=0f1cccdb21d95d6e738f257b2b662cd0&is_play_url=1&source=PackSourceEnum_PUBLISH'}, 'encoded_type': 'normal', 'media_type': 'audio', 'logo_type': '', 'quality': 'adapt_low', 'quality_desc': '', 'format': 'dash', 'bitrate': 53954, 'codec_type': 'h264', 'size': 436910, 'fps': 0, 'file_id': '0f1cccdb21d95d6e738f257b2b662cd0', 'file_hash': '0f1cccdb21d95d6e738f257b2b662cd0', 'sub_info': '{"audio_channels":"2.0","audio_layout":"C","audio_sample_rate":"44100","base_range_info":{"index_range":"870-997","init_range":"0-869"},"check_info":{"check_info":"a:v0d00fg10000d3jkq9fog65l9eb5l9fg|b:0-997-c489c914a7e318944a5e421a950a05af|c:0-997-5e7c"},"first_segment_range":"998-57417","gear_des_key":"0:dash|1:normal|2:h264|5:adapt_low|10000:105"}'}, 'audio_quality': 6, 'audio_extra': '{"real_bitrate":412836}'}], 'play_addr_h264': {'uri': 'v0d00fg10000d3jkq9fog65l9eb5l9fg', 'url_list': ['https://v5-dy-o-abtest.zjcdn.com/011d82b5c0c1162b905730cf83cf6fa4/68f66df9/video/tos/cn/tos-cn-ve-15/oc0BF1lfHnzoFAAqI0hf9TSDgE7ANpQyly5LEl/?a=6383&ch=10010&cr=3&dr=0&lr=all&cd=0%7C0%7C0%7C3&cv=1&br=705&bt=705&cs=0&ds=3&ft=c2YTctGHQPRUZxfusdr~kwPqYldQIKDEE-TerrNqq_45a&mime_type=video_mp4&qs=0&rc=PGU4N2Q5ZTk0ZDc7aGQ8OkBpajw4aG85cjxuNjMzNGkzM0AzYi5fXy1hXy0xX2FhYDFgYSNjaV82MmRjbmdhLS1kLWFzcw%3D%3D&btag=80000e00028000&cquery=100B_100H_100K_100o_101r&dy_q=1760969609&feature_id=fea919893f650a8c49286568590446ef&l=20251020221329FF810B6B17C3D024C6A3', 'https://v5-dy-o-abtest.zjcdn.com/011d82b5c0c1162b905730cf83cf6fa4/68f66df9/video/tos/cn/tos-cn-ve-15/oc0BF1lfHnzoFAAqI0hf9TSDgE7ANpQyly5LEl/?a=6383&ch=10010&cr=3&dr=0&lr=all&cd=0%7C0%7C0%7C3&cv=1&br=705&bt=705&cs=0&ds=3&ft=c2YTctGHQPRUZxfusdr~kwPqYldQIKDEE-TerrNqq_45a&mime_type=video_mp4&qs=0&rc=PGU4N2Q5ZTk0ZDc7aGQ8OkBpajw4aG85cjxuNjMzNGkzM0AzYi5fXy1hXy0xX2FhYDFgYSNjaV82MmRjbmdhLS1kLWFzcw%3D%3D&btag=80000e00028000&cquery=101r_100B_100H_100K_100o&dy_q=1760969609&feature_id=fea919893f650a8c49286568590446ef&l=20251020221329FF810B6B17C3D024C6A3', 'https://www.douyin.com/aweme/v1/play/?video_id=v0d00fg10000d3jkq9fog65l9eb5l9fg&line=0&file_id=c749caded8b44a01b6db06bab415eb69&sign=966828f5e4201cccd66ce70ade54a718&is_play_url=1&source=PackSourceEnum_PUBLISH'], 'width': 720, 'height': 1280, 'url_key': 'v0d00fg10000d3jkq9fog65l9eb5l9fg_h264_720p_722432', 'data_size': 5850257, 'file_hash': '966828f5e4201cccd66ce70ade54a718', 'file_cs': 'c:0-71861-c4b3|a:v0d00fg10000d3jkq9fog65l9eb5l9fg'}, 'raw_cover': {'uri': 'tos-cn-p-0015/oUyo5CD1IABEPzqxfAAgIQaFy0nlcfS0THl9NT', 'url_list': ['https://p3-pc-sign.douyinpic.com/tos-cn-p-0015/oUyo5CD1IABEPzqxfAAgIQaFy0nlcfS0THl9NT~tplv-dy-cropcenter:323:430.jpeg?lk3s=138a59ce&x-expires=2076328800&x-signature=9ihOFA2vseAisc7UdI991qd0WjE%3D&from=327834062&s=PackSourceEnum_PUBLISH&se=true&sh=323_430&sc=cover&biz_tag=pcweb_cover&l=20251020221329FF810B6B17C3D024C6A3', 'https://p3-pc-sign.douyinpic.com/obj/tos-cn-p-0015/oUyo5CD1IABEPzqxfAAgIQaFy0nlcfS0THl9NT?lk3s=138a59ce&x-expires=2076328800&x-signature=3GoV5YH2ZbiiEsNTyHSRa8NseUU%3D&from=327834062&s=PackSourceEnum_PUBLISH&se=false&sc=cover&biz_tag=pcweb_cover&l=20251020221329FF810B6B17C3D024C6A3'], 'width': 720, 'height': 720}, 'is_long_video': 1, 'animated_cover': {'uri': 'tos-cn-p-0015/oMxepLpOAfq71GVlQemBLLolXCIBzR0aABCOQl', 'url_list': ['https://p3-pc-sign.douyinpic.com/obj/tos-cn-p-0015/oMxepLpOAfq71GVlQemBLLolXCIBzR0aABCOQl?lk3s=138a59ce&x-expires=1762178400&x-signature=hEbTZ8oGt5Cc3RQCKXJOlqUhNf8%3D&from=327834062_large&s=PackSourceEnum_PUBLISH&se=false&sc=dynamic_cover&biz_tag=pcweb_cover&l=20251020221329FF810B6B17C3D024C6A3', 'https://p9-pc-sign.douyinpic.com/obj/tos-cn-p-0015/oMxepLpOAfq71GVlQemBLLolXCIBzR0aABCOQl?lk3s=138a59ce&x-expires=1762178400&x-signature=%2FotuPrLG2L4i%2FHUw36UFFfrBR9I%3D&from=327834062_large&s=PackSourceEnum_PUBLISH&se=false&sc=dynamic_cover&biz_tag=pcweb_cover&l=20251020221329FF810B6B17C3D024C6A3']}, 'gaussian_cover': {'uri': 'tos-cn-p-0015/oMGO1aHLQCqzlQIlfe7mBxVBLpnepAllBLAtLR', 'url_list': ['https://p3-pc-sign.douyinpic.com/tos-cn-p-0015/oMGO1aHLQCqzlQIlfe7mBxVBLpnepAllBLAtLR~tplv-tsj2vxp0zn-gaosi:40.jpeg?lk3s=138a59ce&x-expires=1792504800&x-signature=uT152yObkcjVIK5nb5oMaA%2Ft6R0%3D&from=327834062', 'https://p9-pc-sign.douyinpic.com/tos-cn-p-0015/oMGO1aHLQCqzlQIlfe7mBxVBLpnepAllBLAtLR~tplv-tsj2vxp0zn-gaosi:40.jpeg?lk3s=138a59ce&x-expires=1792504800&x-signature=%2FfMRFK5lDKkFm%2BVNRkCFTODrjKo%3D&from=327834062'], 'width': 720, 'height': 720}, 'meta': '{"bright_ratio_mean":"0.3427","brightness_mean":"192.7185","diff_overexposure_ratio":"0.0011","enable_manual_ladder":"1","format":"mp4","gear_vqm":"{\\"1080p_720p\\":2,\\"720p_540p\\":1}","hrids":"500000002","is_spatial_video":"0","isad":"0","loudness":"-12.5","overexposure_ratio_mean":"0.2791","peak":"1","qprf":"1.000","sdgs":"[\\"normal_720_0\\",\\"low_720_0\\",\\"low_540_0\\",\\"adapt_low_540_0\\",\\"adapt_lowest_1080_1\\",\\"adapt_lowest_720_1\\",\\"adapt_540_1\\",\\"adapt_lower_540_1\\"]","sr_potential":"{\\"v1.0\\":{\\"score\\":63.198}}","sr_score":"1.000","std_brightness":"15.7816","strategy_tokens":"[\\"online\\",\\"sexp_reward02_0721\\",\\"sexp_0702_0819\\",\\"sexp_0701_0819\\",\\"sexp_reward01_0721\\"]","title_info":"{\\"avg_br_pc\\":221,\\"bottom_res_add\\":[6.28,2.68,0,30.73,46.78,0,0,0,0,0,0,0,0,0,0],\\"bullet_zone\\":12.65,\\"mean_br_l\\":[241.1,232.84,221.71,210.24,197.13,183.39],\\"pc60_br_l\\":[244.8,235.76,223.79,211.59,197.8,183.49],\\"progress_bar\\":[244,244,244],\\"ratio_br_l\\":[244.8,235.67,223.35,210.58,196.91,182.61],\\"ratio_br_l_thre220\\":[0.98,0.8,0.6,0.48,0.4,0.35],\\"ratio_edge_l\\":[0,0,0,0.14,0.12,0.1],\\"std_br_l\\":[29.9,23.7,16.73,12.7,10.19,9.8],\\"top_res_add\\":[0,0,0,0,40.82,14.86,22.36],\\"version\\":\\"v1.0\\"}","volume_info":"{\\"Metrics\\":{\\"Phase\\":{\\"RMSDownmixDiff\\":-0.073},\\"RMSStats\\":{\\"LRDiff\\":-0.121,\\"LTotal\\":-15.672,\\"Peak\\":0.476,\\"RTotal\\":-15.551},\\"Version\\":\\"1.4.2\\",\\"Loudness\\":{\\"Integrated\\":-12.528}},\\"Peak\\":1,\\"Version\\":2,\\"LoudnessRangeEnd\\":-11.6,\\"LoudnessRangeStart\\":-13.9,\\"MaximumMomentaryLoudness\\":-7,\\"MaximumShortTermLoudness\\":-11.1,\\"Loudness\\":-12.5,\\"LoudnessRange\\":2.2}","vqs_origin":"74.77"}', 'video_model': '', 'is_source_HDR': 0, 'big_thumbs': [{'img_num': 65, 'uri': 'tos-cn-p-0015/owNDfZWcEXaCIgFgoPSAyT0fl0q9BlA5nIACy1', 'img_url': 'https://p3-sign.douyinpic.com/tos-cn-p-0015/owNDfZWcEXaCIgFgoPSAyT0fl0q9BlA5nIACy1~tplv-noop.image?cquery=100o_101r_100B_100H_100K&dy_q=1760969609&l=20251020221329FF810B6B17C3D024C6A3&x-expires=1760980473&x-signature=8uMJHLsiKghbLsR2eKqrt4%2Fz3%2FI%3D', 'img_x_size': 136, 'img_y_size': 240, 'img_x_len': 5, 'img_y_len': 5, 'duration': 64.76667, 'interval': 1, 'fext': 'jpg', 'uris': ['tos-cn-p-0015/owNDfZWcEXaCIgFgoPSAyT0fl0q9BlA5nIACy1', 'tos-cn-p-0015/ogC7ATlzuL7eLBpEQRIGVgeeQHNPApllBanLq7', 'tos-cn-p-0015/o4Gl0qBfIESyOHnA0ToAnDgB5ITyN1afgAlFD9'], 'img_urls': ['https://p3-sign.douyinpic.com/tos-cn-p-0015/owNDfZWcEXaCIgFgoPSAyT0fl0q9BlA5nIACy1~tplv-noop.image?cquery=100o_101r_100B_100H_100K&dy_q=1760969609&l=20251020221329FF810B6B17C3D024C6A3&x-expires=1760980473&x-signature=8uMJHLsiKghbLsR2eKqrt4%2Fz3%2FI%3D', 'https://p3-sign.douyinpic.com/tos-cn-p-0015/ogC7ATlzuL7eLBpEQRIGVgeeQHNPApllBanLq7~tplv-noop.image?cquery=100o_101r_100B_100H_100K&dy_q=1760969609&l=20251020221329FF810B6B17C3D024C6A3&x-expires=1760980473&x-signature=R3n6SaoRFzNYB%2BxGCWOOdyZezMM%3D', 'https://p3-sign.douyinpic.com/tos-cn-p-0015/o4Gl0qBfIESyOHnA0ToAnDgB5ITyN1afgAlFD9~tplv-noop.image?cquery=100K_100o_101r_100B_100H&dy_q=1760969609&l=20251020221329FF810B6B17C3D024C6A3&x-expires=1760980473&x-signature=DASdSoKA%2B12O7JqDSw3AN%2B%2BZD84%3D']}]}, 'item_aigc_follow_shot': 1, 'user_digged': 0, 'statistics': {'recommend_count': 2, 'comment_count': 1, 'digg_count': 34, 'admire_count': 0, 'play_count': 0, 'share_count': 9, 'collect_count': 18}, 'status': {'not_allow_soft_del_reason': 'ab', 'is_delete': False, 'allow_share': True, 'review_result': {'review_status': 0}, 'allow_friend_recommend_guide': True, 'part_see': 0, 'private_status': 0, 'listen_video_status': 2, 'in_reviewing': False, 'allow_self_recommend_to_friend': True, 'allow_friend_recommend': True, 'is_prohibited': False, 'enable_soft_delete': 0}, 'personal_page_botton_diagnose_style': 0, 'text_extra': [], 'is_top': 0, 'game_tag_info': {'is_game': False}, 'share_info': {'share_url': 'https://www.iesdouyin.com/share/video/7559096199865814272/?region=US&mid=7559096132828203816&u_code=0&did=MS4wLjABAAAAvCMmrvAxedjvycgJ9K0iX5KdtDHpyq-etIWoeicy6xniB0XMxRYv3S-CyP_GdsPs&iid=MS4wLjABAAAANwkJuWIRFOzg5uCpDRpMj4OX-QryoDgn-yYlXQnRwQQ&with_sec_did=1&video_share_track_ver=&titleType=title&share_sign=rjbcjjmoWhFZPawkn8s4PCFm5OfN4AFm.p2DkoODcGs-&share_version=290100&ts=1760969609&from_aid=6383&from_ssr=1&share_track_info=%7B%22link_description_type%22%3A%22%22%7D', 'share_link_desc': '6.92 06/28 q@r.eb nDH:/ 0到6岁需培养孩子爱的能力 人一生只有0-6岁不可重复。0-3岁发展本能中心（情绪主导），3岁后语言逐渐替代情绪，但潜意识早已被情绪感受塑造。 # 幼儿教育# 父母课堂# 育儿# 亲子关系# 家庭教育# 孙瑞雪  %s 复制此链接，打开Dou音搜索，直接观看视频！'}, 'nearby_hot_comment': None, 'video_labels': None, 'entertainment_video_paid_way': {'paid_ways': [], 'paid_type': 0, 'enable_use_new_ent_data': False}, 'is_ads': False, 'duration': 64784, 'aweme_type': 0, 'select_anchor_expanded_content': 0, 'ai_follow_images': None, 'image_infos': None, 'risk_infos': {'vote': False, 'warn': False, 'risk_sink': False, 'type': 0, 'content': ''}, 'galileo_pad_textcrop': {'ipad_d_h_cut_ratio': [5, 5], 'ipad_d_v_cut_ratio': [2, 2], 'android_d_h_cut_ratio': [5], 'android_d_v_cut_ratio': None, 'version': 1}, 'ent_log_extra': {'log_extra': '{"global_log_extra":null,"page_log_extra":null,"aweme_log_extra":{"ce_current_group_id":"7559096199865814272","author_id":"1965574329213736"},"extra_log_extra":null}'}, 'position': None, 'uniqid_position': None, 'comment_list': None, 'author_user_id': 1965574329213736, 'product_genre_info': {'product_genre_type': 2, 'material_genre_sub_type_set': [4], 'special_info': {'recommend_group_name': 0}}, 'geofencing': [], 'series_basic_info': {}, 'is_moment_history': 0, 'region': '', 'video_text': None, 'trends_infos': None, 'collect_stat': 0, 'label_top_text': None, 'promotions': [], 'group_id': '7559096199865814272', 'prevent_download': False, 'nickname_position': None, 'challenge_position': None, 'entertainment_video_type': 3, 'recommend_chapter_info': {'recommend_chapter_list': [{'desc': '引言', 'timestamp': 0, 'detail': '', 'points': None}, {'desc': '0-6岁的重要性', 'timestamp': 9000, 'detail': '0-6岁是建构爱的关系，学会被爱与爱自己的核心点，且这个阶段不可重复。', 'points': None}, {'desc': '生命成长的阶段', 'timestamp': 30500, 'detail': '生命成长分三个阶段，0-3岁发展本能中心，以情绪为主导，3岁后语言逐渐替代情绪。', 'points': None}], 'chapter_recommend_type': 1, 'chapter_abstract': '0-6岁是培养孩子爱的能力的关键时期，因为这个阶段是建构爱的关系、学会被爱与爱自己的核心点。0-3岁孩子发展本能中心，以情绪为主导，3岁后语言逐渐替代情绪，潜意识也在这个阶段被情绪感受塑造。', 'chapter_recommend_source': 2, 'push_scene': [], 'chapter_bar_color': None}, 'video_share_edit_status': 0, 'long_video': None, 'shoot_way': '', 'trends_event_track': '{}', 'is_24_story': 0, 'follow_shoot_clip_info': {'clip_video_all': 7559096132828203816, 'clip_from_user': 7559096132828203816}, 'interaction_stickers': None, 'publish_plus_alienation': {'alienation_type': 0}, 'origin_comment_ids': None, 'commerce_config_data': None, 'caption_template_id': 0, 'video_control': {'allow_download': False, 'share_type': 0, 'show_progress_bar': 1, 'draft_progress_bar': 1, 'allow_duet': True, 'allow_react': False, 'prevent_download_type': 2, 'allow_dynamic_wallpaper': False, 'timer_status': 1, 'allow_music': True, 'allow_stitch': False, 'allow_douplus': True, 'allow_share': True, 'share_grayed': False, 'download_ignore_visibility': False, 'duet_ignore_visibility': False, 'share_ignore_visibility': False, 'download_info': {'level': 1, 'fail_info': {'code': 290002, 'reason': 'isolation_content', 'msg': '视频暂时无法保存，链接已复制'}}, 'duet_info': {'level': 0}, 'allow_record': True, 'disable_record_reason': '', 'timer_info': {'public_time': 1760005800, 'timer_status': 0}}, 'aweme_control': {'can_forward': True, 'can_share': True, 'can_comment': True, 'can_show_comment': True}, 'douplus_user_type': 0, 'is_25_story': 0, 'can_cache_to_local': True, 'is_moment_story': 0, 'anchors': None, 'hybrid_label': None, 'geofencing_regions': None, 'interest_points': None, 'aweme_acl': {'download_mask_panel': {'code': 1, 'show_type': 0}}, 'aweme_type_tags': '', 'is_story': 0, 'component_control': {'data_source_url': '/aweme/v1/web/aweme/post/'}, 'flash_mob_trends': 0, 'follow_shot_assets': None, 'cover_labels': None, 'is_new_text_mode': 0, 'mv_info': None, 'guide_btn_type': 0, 'is_from_ad_auth': False, 'origin_duet_resource_uri': '', 'images': None, 'relation_labels': None, 'cf_assets_type': 0, 'impression_data': {'group_id_list_a': [], 'group_id_list_b': [], 'similar_id_list_a': None, 'similar_id_list_b': None, 'group_id_list_c': [], 'group_id_list_d': []}, 'aweme_listen_struct': {'trace_info': '{"copyright_not_speech":"false","copyright_reason":"has_listen_cp_new","copyright_tag_hit":"","copyright_use_aed_default":"false","copyright_use_tag_default":"false","cp_ab":"true","desc":"","duration_over":"false","hit_high_risk":"false","media_type":"4","reason":"hit_ab_0","show":"false"}'}, 'chapter_bar_color': None, 'libfinsert_task_id': '', 'social_tag_list': None, 'suggest_words': {'suggest_words': [{'words': [{'word': '捕捉儿童敏感期孙瑞雪', 'word_id': '6580307050775975172', 'info': '{"End":0,"Start":0,"ecpm_boost_tag":false,"log_pb":"","qrec_for_search":"{}"}'}], 'scene': 'comment_top_rec', 'icon_url': '', 'hint_text': '大家都在搜：', 'extra_info': '{"resp_from":"hit_cache"}'}, {'words': [{'word': '捕捉儿童敏感期孙瑞雪书', 'word_id': '6939132636829848839', 'info': '{"End":0,"Start":0,"ecpm_boost_tag":false,"log_pb":"","qrec_for_search":"{\\"query_ecom\\":\\"1\\"}"}'}], 'scene': 'detail_inbox_rex', 'icon_url': '', 'hint_text': '', 'extra_info': '{"resp_from":"hit_cache"}'}]}, 'show_follow_button': {}, 'duet_aggregate_in_music_tab': False, 'is_duet_sing': False, 'comment_permission_info': {'comment_permission_status': 0, 'can_comment': True, 'item_detail_entry': False, 'press_entry': False, 'toast_guide': False}, 'original_images': None, 'series_paid_info': {'series_paid_status': 0, 'item_price': 0}, 'img_bitrate': None, 'comment_gid': 7559096199865814272, 'image_album_music_info': {'begin_time': -1, 'end_time': -1, 'volume': -1}, 'video_tag': [{'tag_id': 2024, 'tag_name': '亲子', 'level': 1}, {'tag_id': 2024006, 'tag_name': '母婴', 'level': 2}, {'tag_id': 2024006003, 'tag_name': '育儿知识', 'level': 3}], 'is_collects_selected': 0, 'chapter_list': None, 'feed_comment_config': {'input_config_text': '善语结善缘，恶言伤人心', 'author_audit_status': 0, 'common_flags': '{"item_author_nickname":"孙瑞雪聊教育","video_labels_v2_tag1":"母婴","video_labels_v2_tag2":"育儿理念"}'}, 'is_image_beat': False, 'dislike_dimension_list': None, 'standard_bar_info_list': None, 'photo_search_entrance': {'ecom_type': 0}, 'is_life_item': False, 'image_list': None, 'component_info_v2': '{"desc_lines_limit":0,"hide_marquee":false}', 'item_warn_notification': {'type': 0, 'show': False, 'content': ''}, 'origin_text_extra': None, 'disable_relation_bar': 0, 'packed_clips': None, 'vtag_search': {'vtag_enable': True, 'vtag_delay_ts': 74784}, 'author_mask_tag': 0, 'user_recommend_status': 1, 'collection_corner_mark': 0, 'is_share_post': False, 'image_comment': {}, 'visual_search_info': {'visual_search_longpress': 1, 'is_show_img_entrance': False, 'is_ecom_img': False, 'is_high_accuracy_ecom': False, 'is_high_recall_ecom': False}, 'tts_id_list': None, 'ref_tts_id_list': None, 'voice_modify_id_list': None, 'ref_voice_modify_id_list': None, 'authentication_token': 'MS4wLjAAAAAAeMhnEd3twkYHT_CT2WJS3rWfba4cYTyYPaROeaut2h-sjgh62K_VImBUWjKeWOifcC22LSpij5r-LJnzKxRwWlmxJDN0bsic3FJSBV_Fuktye9ObxLYPC6SWdsZfFuR1mYCol1MlrvoG6aOubidTnUp47yDLHkB8LSKQX0yxp1uJtCZjoQ_-kfFzQoa889AoWW0qI6VHD10hfMuJQ-Kz17zcmViDz35Y_Iwm20T9k0Iy4GtHpAlK_umEprz_EyOP', 'video_game_data_channel_config': {}, 'dislike_dimension_list_v2': None, 'distribute_circle': {'distribute_type': 0, 'campus_block_interaction': False, 'is_campus': False}, 'image_crop_ctrl': 0, 'yumme_recreason': None, 'slides_music_beats': None, 'jump_tab_info_list': None, 'media_type': 4, 'reply_smart_emojis': None, 'activity_video_type': -1, 'boost_status': 0, 'create_scale_type': None, 'entertainment_product_info': {'sub_title': None, 'market_info': {'limit_free': {'in_free': False}, 'marketing_tag': None}}, 'caption': '人一生只有0-6岁不可重复。0-3岁发展本能中心（情绪主导），3岁后语言逐渐替代情绪，但潜意识早已被情绪感受塑造。\n\n#幼儿教育#父母课堂#育儿#亲子关系#家庭教育#孙瑞雪', 'item_title': '0到6岁需培养孩子爱的能力', 'is_use_music': False, 'original': 0, 'xigua_base_info': {'status': 0, 'star_altar_order_id': 0, 'star_altar_type': 0, 'item_id': 0}, 'mark_largely_following': False, 'friend_recommend_info': {'friend_recommend_source': 10, 'label_user_list': None, 'disable_friend_recommend_guide_label': False}, 'enable_comment_sticker_rec': False}, {'aweme_id': '7558453827112897831', 'desc': '别让孩子“谁给爱就跟谁走” 父母给够爱的孩子，会和爸妈建立牢固的归属感——“我的爱只来自家里”；而缺爱的孩子，会像抓住救命稻草一样，谁给爱就归属谁。 \n#幼儿教育#父母课堂#育儿#亲子关系#家庭教育#孙瑞雪', 'create_time': 1759917600, 'author': {'uid': '1965574329213736', 'card_entries_not_display': None, 'nickname': '孙瑞雪聊教育', 'personal_tag_list': None, 'homepage_bottom_toast': None, 'avatar_thumb': {'uri': '100x100/aweme-avatar/tos-cn-avt-0015_afee5b125df955a19af4c41159ad1295', 'url_list': ['https://p3-pc.douyinpic.com/aweme/100x100/aweme-avatar/tos-cn-avt-0015_afee5b125df955a19af4c41159ad1295.jpeg?from=327834062'], 'width': 720, 'height': 720}, 'batch_unfollow_contain_tabs': None, 'not_seen_item_id_list': None, 'follow_status': 0, 'contrail_list': None, 'story_interactive': 0, 'data_label_list': None, 'custom_verify': '', 'follower_list_secondary_information_struct': None, 'display_info': None, 'interest_tags': None, 'account_cert_info': '{}', 'user_tags': None, 'share_info': {'share_url': '', 'share_weibo_desc': '', 'share_desc': '', 'share_title': '', 'share_qrcode_url': {'uri': '31b0500316c4e154852bc', 'url_list': ['https://p3-pc-sign.douyinpic.com/obj/31b0500316c4e154852bc?lk3s=138a59ce&x-expires=1760990400&x-signature=VnOegD8kfOkclbkCT%2BIUAVSkQl4%3D&from=327834062'], 'width': 720, 'height': 720}, 'share_title_myself': '', 'share_title_other': '', 'share_desc_info': ''}, 'can_set_geofencing': None, 'sec_uid': 'MS4wLjABAAAAnAFnkWlOm9jteymsi42fanYLMzfbqdGIwCILEUqDNmFyjfK9N8fSJdS_D2UWk_we', 'need_points': None, 'enterprise_verify_reason': '', 'is_ad_fake': False, 'story_ttl': 0, 'user_permissions': None, 'card_entries': None, 'creator_tag_list': None, 'offline_info_list': None, 'text_extra': None, 'card_sort_priority': None, 'prevent_download': False, 'special_people_labels': None, 'white_cover_url': None, 'endorsement_info_list': None, 'follower_status': 0, 'profile_mob_params': None, 'familiar_visitor_user': None, 'avatar_schema_list': None, 'cover_url': [{'uri': 'c8510002be9a3a61aad2', 'url_list': ['https://p3-pc-sign.douyinpic.com/obj/c8510002be9a3a61aad2?lk3s=138a59ce&x-expires=1762178400&x-signature=bEz6E0nbTH1458RtDsUU87G74Mk%3D&from=327834062'], 'width': 720, 'height': 720}], 'cf_list': None, 'im_role_ids': None, 'not_seen_item_id_list_v2': None, 'signature_extra': None, 'risk_notice_text': '', 'ban_user_functions': None, 'profile_component_disabled': None, 'verification_permission_ids': None, 'identity_labels': None, 'private_relation_list': None, 'link_item_list': None, 'batch_unfollow_relation_desc': None}, 'music': {'id': 7558453880628267776, 'id_str': '7558453880628267776', 'title': '@孙瑞雪聊教育创作的原声', 'author': '孙瑞雪聊教育', 'album': '', 'cover_hd': {'uri': '1080x1080/aweme-avatar/tos-cn-avt-0015_afee5b125df955a19af4c41159ad1295', 'url_list': ['https://p3-pc.douyinpic.com/aweme/1080x1080/aweme-avatar/tos-cn-avt-0015_afee5b125df955a19af4c41159ad1295.jpeg?from=327834062'], 'width': 720, 'height': 720}, 'cover_large': {'uri': '1080x1080/aweme-avatar/tos-cn-avt-0015_afee5b125df955a19af4c41159ad1295', 'url_list': ['https://p3-pc.douyinpic.com/aweme/1080x1080/aweme-avatar/tos-cn-avt-0015_afee5b125df955a19af4c41159ad1295.jpeg?from=327834062'], 'width': 720, 'height': 720}, 'cover_medium': {'uri': '720x720/aweme-avatar/tos-cn-avt-0015_afee5b125df955a19af4c41159ad1295', 'url_list': ['https://p3-pc.douyinpic.com/aweme/720x720/aweme-avatar/tos-cn-avt-0015_afee5b125df955a19af4c41159ad1295.jpeg?from=327834062'], 'width': 720, 'height': 720}, 'cover_thumb': {'uri': '100x100/aweme-avatar/tos-cn-avt-0015_afee5b125df955a19af4c41159ad1295', 'url_list': ['https://p3-pc.douyinpic.com/aweme/100x100/aweme-avatar/tos-cn-avt-0015_afee5b125df955a19af4c41159ad1295.jpeg?from=327834062'], 'width': 720, 'height': 720}, 'play_url': {'uri': 'https://lf9-music-east.douyinstatic.com/obj/ies-music-hj/7558453933627263802.mp3', 'url_list': ['https://lf9-music-east.douyinstatic.com/obj/ies-music-hj/7558453933627263802.mp3', 'https://lf3-music-east.douyinstatic.com/obj/ies-music-hj/7558453933627263802.mp3'], 'width': 720, 'height': 720, 'url_key': '7558453880628267776'}, 'schema_url': '', 'source_platform': 23, 'start_time': 0, 'end_time': 0, 'duration': 79, 'extra': '{"aggregate_exempt_conf":[],"beats":{},"cover_colors":null,"douyin_beats_info":{},"dsp_switch":0,"extract_item_id":7558453827112897831,"has_edited":0,"hit_high_follow_auto":false,"hit_high_follow_extend":false,"hit_high_follow_original":false,"hotsoon_review_time":-1,"is_aed_music":0,"is_high_follow_user":false,"is_red":0,"is_subsidy_exp":false,"music_label_id":null,"music_tagging":{"AEDs":null,"Genres":null,"Instruments":null,"Languages":null,"Moods":null,"SingingVersions":null,"Themes":null},"review_unshelve_reason":0,"reviewed":0,"schedule_search_time":0,"uniqa_speech_score":0.98,"with_aed_model":0}', 'user_count': 0, 'position': None, 'collect_stat': 0, 'status': 1, 'offline_desc': '', 'owner_id': '1965574329213736', 'owner_nickname': '孙瑞雪聊教育', 'is_original': False, 'mid': '7558453880628267776', 'binded_challenge_id': 0, 'redirect': False, 'is_restricted': False, 'author_deleted': False, 'is_del_video': False, 'is_video_self_see': False, 'owner_handle': '63566855132', 'author_position': None, 'prevent_download': False, 'unshelve_countries': None, 'prevent_item_download_status': 0, 'external_song_info': [], 'sec_uid': 'MS4wLjABAAAAnAFnkWlOm9jteymsi42fanYLMzfbqdGIwCILEUqDNmFyjfK9N8fSJdS_D2UWk_we', 'avatar_thumb': {'uri': '100x100/aweme-avatar/tos-cn-avt-0015_afee5b125df955a19af4c41159ad1295', 'url_list': ['https://p3-pc.douyinpic.com/aweme/100x100/aweme-avatar/tos-cn-avt-0015_afee5b125df955a19af4c41159ad1295.jpeg?from=327834062'], 'width': 720, 'height': 720}, 'avatar_medium': {'uri': '720x720/aweme-avatar/tos-cn-avt-0015_afee5b125df955a19af4c41159ad1295', 'url_list': ['https://p3-pc.douyinpic.com/aweme/720x720/aweme-avatar/tos-cn-avt-0015_afee5b125df955a19af4c41159ad1295.jpeg?from=327834062'], 'width': 720, 'height': 720}, 'avatar_large': {'uri': '1080x1080/aweme-avatar/tos-cn-avt-0015_afee5b125df955a19af4c41159ad1295', 'url_list': ['https://p3-pc.douyinpic.com/aweme/1080x1080/aweme-avatar/tos-cn-avt-0015_afee5b125df955a19af4c41159ad1295.jpeg?from=327834062'], 'width': 720, 'height': 720}, 'preview_start_time': 0, 'preview_end_time': 0, 'is_commerce_music': False, 'is_original_sound': True, 'audition_duration': 79, 'shoot_duration': 79, 'reason_type': 0, 'artists': [], 'lyric_short_position': None, 'mute_share': False, 'tag_list': None, 'dmv_auto_show': False, 'is_pgc': False, 'is_matched_metadata': False, 'is_audio_url_with_cookie': False, 'music_chart_ranks': None, 'can_background_play': True, 'music_status': 1, 'video_duration': 79, 'pgc_music_type': 2, 'author_status': 1, 'search_impr': {'entity_id': '7558453880628267776'}, 'artist_user_infos': None, 'dsp_status': 10, 'musician_user_infos': None, 'music_collect_count': 0, 'music_cover_atmosphere_color_value': '', 'show_origin_clip': False}, 'effect_inflow_effects': None, 'video': {'play_addr': {'uri': 'v0d00fg10000d3igabvog65m2gbs1m4g', 'url_list': ['https://v5-dy-o-abtest.zjcdn.com/039c6d45a4b701bf63db89ff6f38271c/68f66e08/video/tos/cn/tos-cn-ve-15/oUDBQSLgyF0f1srsCgGAISlY2UjAdEfDRBIeeZ/?a=6383&ch=10010&cr=3&dr=0&lr=all&cd=0%7C0%7C0%7C3&cv=1&br=916&bt=916&cs=0&ds=4&ft=c2YTctGHQPRUZxfusdr~kwPqYldQIKDEE-TerrNqq_45a&mime_type=video_mp4&qs=0&rc=Z2k2OGRnaTVkN2RmOGY4aUBpanB2anA5cmVqNjMzNGkzM0AwYmAyNDQ1NWMxNDNjMDJgYSMxLl8vMmRzXmZhLS1kLWFzcw%3D%3D&btag=80000e00028000&cquery=101r_100B_100H_100K_100o&dy_q=1760969609&feature_id=0ea98fd3bdc3c6c14a3d0804cc272721&l=20251020221329FF810B6B17C3D024C6A3', 'https://v5-dy-o-abtest.zjcdn.com/039c6d45a4b701bf63db89ff6f38271c/68f66e08/video/tos/cn/tos-cn-ve-15/oUDBQSLgyF0f1srsCgGAISlY2UjAdEfDRBIeeZ/?a=6383&ch=10010&cr=3&dr=0&lr=all&cd=0%7C0%7C0%7C3&cv=1&br=916&bt=916&cs=0&ds=4&ft=c2YTctGHQPRUZxfusdr~kwPqYldQIKDEE-TerrNqq_45a&mime_type=video_mp4&qs=0&rc=Z2k2OGRnaTVkN2RmOGY4aUBpanB2anA5cmVqNjMzNGkzM0AwYmAyNDQ1NWMxNDNjMDJgYSMxLl8vMmRzXmZhLS1kLWFzcw%3D%3D&btag=80000e00028000&cquery=100o_101r_100B_100H_100K&dy_q=1760969609&feature_id=0ea98fd3bdc3c6c14a3d0804cc272721&l=20251020221329FF810B6B17C3D024C6A3', 'https://www.douyin.com/aweme/v1/play/?video_id=v0d00fg10000d3igabvog65m2gbs1m4g&line=0&file_id=cf553cf56c7a44fa828f7d7a55c3ef3d&sign=9d3b06ff753b96a3e27fb1639fe0b0c4&is_play_url=1&source=PackSourceEnum_PUBLISH'], 'width': 1080, 'height': 1920, 'url_key': 'v0d00fg10000d3igabvog65m2gbs1m4g_h264_1080p_938282', 'data_size': 9330284, 'file_hash': '9d3b06ff753b96a3e27fb1639fe0b0c4', 'file_cs': 'c:0-66898-28ad|a:v0d00fg10000d3igabvog65m2gbs1m4g'}, 'cover': {'uri': 'tos-cn-i-dy/3e185b64637641b08f3153fb8b8f4c8b', 'url_list': ['https://p3-pc-sign.douyinpic.com/tos-cn-i-dy/3e185b64637641b08f3153fb8b8f4c8b~tplv-dy-cropcenter:323:430.jpeg?lk3s=138a59ce&x-expires=2076328800&x-signature=bv9roZo%2Fs5i%2FCV9K%2BE1mRXW8vzM%3D&from=327834062&s=PackSourceEnum_PUBLISH&se=true&sh=323_430&sc=cover&biz_tag=pcweb_cover&l=20251020221329FF810B6B17C3D024C6A3', 'https://p3-pc-sign.douyinpic.com/obj/tos-cn-i-dy/3e185b64637641b08f3153fb8b8f4c8b?lk3s=138a59ce&x-expires=2076328800&x-signature=adj8Uu7PjzI8W4DaTQSs20vBStc%3D&from=327834062&s=PackSourceEnum_PUBLISH&se=false&sc=cover&biz_tag=pcweb_cover&l=20251020221329FF810B6B17C3D024C6A3'], 'width': 720, 'height': 720}, 'height': 1920, 'width': 1080, 'dynamic_cover': {'uri': 'tos-cn-i-dy/3e185b64637641b08f3153fb8b8f4c8b', 'url_list': ['https://p3-pc-sign.douyinpic.com/obj/tos-cn-i-dy/3e185b64637641b08f3153fb8b8f4c8b?lk3s=138a59ce&x-expires=1762178400&x-signature=6Zrcz5wLOoRgUV7Gehzc3xkvquE%3D&from=327834062_large&s=PackSourceEnum_PUBLISH&se=false&sc=dynamic_cover&biz_tag=pcweb_cover&l=20251020221329FF810B6B17C3D024C6A3', 'https://p9-pc-sign.douyinpic.com/obj/tos-cn-i-dy/3e185b64637641b08f3153fb8b8f4c8b?lk3s=138a59ce&x-expires=1762178400&x-signature=n0HLn2rCC2f6MMfOr%2BkotVZIqEU%3D&from=327834062_large&s=PackSourceEnum_PUBLISH&se=false&sc=dynamic_cover&biz_tag=pcweb_cover&l=20251020221329FF810B6B17C3D024C6A3'], 'width': 720, 'height': 720}, 'origin_cover': {'uri': 'tos-cn-p-0015/o4jA0ZlUfEsQBAL2YCBQFcvBilDeALef1SBGIS', 'url_list': ['https://p3-pc-sign.douyinpic.com/tos-cn-p-0015/o4jA0ZlUfEsQBAL2YCBQFcvBilDeALef1SBGIS~tplv-dy-360p.jpeg?lk3s=138a59ce&x-expires=1762178400&x-signature=TNdZoGDg36OWJjRGvY7RANc866g%3D&from=327834062&s=PackSourceEnum_PUBLISH&se=false&sc=origin_cover&biz_tag=pcweb_cover&l=20251020221329FF810B6B17C3D024C6A3', 'https://p9-pc-sign.douyinpic.com/tos-cn-p-0015/o4jA0ZlUfEsQBAL2YCBQFcvBilDeALef1SBGIS~tplv-dy-360p.jpeg?lk3s=138a59ce&x-expires=1762178400&x-signature=OgwcuKHDaJp2aUUFm3XE7yHaTx0%3D&from=327834062&s=PackSourceEnum_PUBLISH&se=false&sc=origin_cover&biz_tag=pcweb_cover&l=20251020221329FF810B6B17C3D024C6A3'], 'width': 360, 'height': 640}, 'ratio': '1080p', 'format': 'mp4', 'audio': {'original_sound_infos': None}, 'bit_rate': [{'gear_name': 'normal_1080_0', 'quality_type': 1, 'bit_rate': 938282, 'play_addr': {'uri': 'v0d00fg10000d3igabvog65m2gbs1m4g', 'url_list': ['https://v5-dy-o-abtest.zjcdn.com/039c6d45a4b701bf63db89ff6f38271c/68f66e08/video/tos/cn/tos-cn-ve-15/oUDBQSLgyF0f1srsCgGAISlY2UjAdEfDRBIeeZ/?a=6383&ch=10010&cr=3&dr=0&lr=all&cd=0%7C0%7C0%7C3&cv=1&br=916&bt=916&cs=0&ds=4&ft=c2YTctGHQPRUZxfusdr~kwPqYldQIKDEE-TerrNqq_45a&mime_type=video_mp4&qs=0&rc=Z2k2OGRnaTVkN2RmOGY4aUBpanB2anA5cmVqNjMzNGkzM0AwYmAyNDQ1NWMxNDNjMDJgYSMxLl8vMmRzXmZhLS1kLWFzcw%3D%3D&btag=80000e00028000&cquery=101r_100B_100H_100K_100o&dy_q=1760969609&feature_id=0ea98fd3bdc3c6c14a3d0804cc272721&l=20251020221329FF810B6B17C3D024C6A3', 'https://v5-dy-o-abtest.zjcdn.com/039c6d45a4b701bf63db89ff6f38271c/68f66e08/video/tos/cn/tos-cn-ve-15/oUDBQSLgyF0f1srsCgGAISlY2UjAdEfDRBIeeZ/?a=6383&ch=10010&cr=3&dr=0&lr=all&cd=0%7C0%7C0%7C3&cv=1&br=916&bt=916&cs=0&ds=4&ft=c2YTctGHQPRUZxfusdr~kwPqYldQIKDEE-TerrNqq_45a&mime_type=video_mp4&qs=0&rc=Z2k2OGRnaTVkN2RmOGY4aUBpanB2anA5cmVqNjMzNGkzM0AwYmAyNDQ1NWMxNDNjMDJgYSMxLl8vMmRzXmZhLS1kLWFzcw%3D%3D&btag=80000e00028000&cquery=100o_101r_100B_100H_100K&dy_q=1760969609&feature_id=0ea98fd3bdc3c6c14a3d0804cc272721&l=20251020221329FF810B6B17C3D024C6A3', 'https://www.douyin.com/aweme/v1/play/?video_id=v0d00fg10000d3igabvog65m2gbs1m4g&line=0&file_id=cf553cf56c7a44fa828f7d7a55c3ef3d&sign=9d3b06ff753b96a3e27fb1639fe0b0c4&is_play_url=1&source=PackSourceEnum_PUBLISH'], 'width': 1080, 'height': 1920, 'url_key': 'v0d00fg10000d3igabvog65m2gbs1m4g_h264_1080p_938282', 'data_size': 9330284, 'file_hash': '9d3b06ff753b96a3e27fb1639fe0b0c4', 'file_cs': 'c:0-66898-28ad|a:v0d00fg10000d3igabvog65m2gbs1m4g'}, 'is_h265': 0, 'is_bytevc1': 0, 'HDR_type': '', 'HDR_bit': '', 'FPS': 30, 'video_extra': '{"PktOffsetMap":"[{\\"time\\": 1, \\"offset\\": 215101}, {\\"time\\": 2, \\"offset\\": 268744}, {\\"time\\": 3, \\"offset\\": 320740}, {\\"time\\": 4, \\"offset\\": 366696}, {\\"time\\": 5, \\"offset\\": 517504}, {\\"time\\": 10, \\"offset\\": 1153173}]","format":"mp4","definition":"1080p","quality":"normal","file_id":"cf553cf56c7a44fa828f7d7a55c3ef3d","applog_map":{"feature_id":"0ea98fd3bdc3c6c14a3d0804cc272721"},"audio_channels":"2.0","audio_sample_rate":"44100","audio_metrics":null,"audio_score":null}', 'format': 'mp4'}, {'gear_name': 'normal_720_0', 'quality_type': 10, 'bit_rate': 736452, 'play_addr': {'uri': 'v0d00fg10000d3igabvog65m2gbs1m4g', 'url_list': ['https://v5-dy-o-abtest.zjcdn.com/a4ad9d016bd8138d9da5e0a8a74fc680/68f66e08/video/tos/cn/tos-cn-ve-15/oUFfKADBB0As8IRjflLeCEATYCs7SkgU2bGYDf/?a=6383&ch=10010&cr=3&dr=0&lr=all&cd=0%7C0%7C0%7C3&cv=1&br=719&bt=719&cs=0&ds=3&ft=c2YTctGHQPRUZxfusdr~kwPqYldQIKDEE-TerrNqq_45a&mime_type=video_mp4&qs=0&rc=ODU2NzU6OzNpOTo7ZTg8N0BpanB2anA5cmVqNjMzNGkzM0AyYzFeNGIyNV8xXi9hMjVjYSMxLl8vMmRzXmZhLS1kLWFzcw%3D%3D&btag=80000e00028000&cquery=100H_100K_100o_101r_100B&dy_q=1760969609&feature_id=fea919893f650a8c49286568590446ef&l=20251020221329FF810B6B17C3D024C6A3', 'https://v5-dy-o-abtest.zjcdn.com/a4ad9d016bd8138d9da5e0a8a74fc680/68f66e08/video/tos/cn/tos-cn-ve-15/oUFfKADBB0As8IRjflLeCEATYCs7SkgU2bGYDf/?a=6383&ch=10010&cr=3&dr=0&lr=all&cd=0%7C0%7C0%7C3&cv=1&br=719&bt=719&cs=0&ds=3&ft=c2YTctGHQPRUZxfusdr~kwPqYldQIKDEE-TerrNqq_45a&mime_type=video_mp4&qs=0&rc=ODU2NzU6OzNpOTo7ZTg8N0BpanB2anA5cmVqNjMzNGkzM0AyYzFeNGIyNV8xXi9hMjVjYSMxLl8vMmRzXmZhLS1kLWFzcw%3D%3D&btag=80000e00028000&cquery=100B_100H_100K_100o_101r&dy_q=1760969609&feature_id=fea919893f650a8c49286568590446ef&l=20251020221329FF810B6B17C3D024C6A3', 'https://www.douyin.com/aweme/v1/play/?video_id=v0d00fg10000d3igabvog65m2gbs1m4g&line=0&file_id=f48955db28a746bf8058e772a443f255&sign=2f9d8c33a18704b71ee1136869d6ce6f&is_play_url=1&source=PackSourceEnum_PUBLISH'], 'width': 720, 'height': 1280, 'url_key': 'v0d00fg10000d3igabvog65m2gbs1m4g_h264_720p_736452', 'data_size': 7323285, 'file_hash': '2f9d8c33a18704b71ee1136869d6ce6f', 'file_cs': 'c:0-87881-2976|a:v0d00fg10000d3igabvog65m2gbs1m4g'}, 'is_h265': 0, 'is_bytevc1': 0, 'HDR_type': '', 'HDR_bit': '', 'FPS': 30, 'video_extra': '{"PktOffsetMap":"[{\\"time\\": 1, \\"offset\\": 199972}, {\\"time\\": 2, \\"offset\\": 242129}, {\\"time\\": 3, \\"offset\\": 288020}, {\\"time\\": 4, \\"offset\\": 329180}, {\\"time\\": 5, \\"offset\\": 434805}, {\\"time\\": 10, \\"offset\\": 940386}]","format":"mp4","definition":"720p","quality":"normal","file_id":"f48955db28a746bf8058e772a443f255","applog_map":{"feature_id":"fea919893f650a8c49286568590446ef"},"audio_channels":"2.0","audio_sample_rate":"44100","audio_metrics":null,"audio_score":null}', 'format': 'mp4'}, {'gear_name': 'low_720_0', 'quality_type': 211, 'bit_rate': 646670, 'play_addr': {'uri': 'v0d00fg10000d3igabvog65m2gbs1m4g', 'url_list': ['https://v5-dy-o-abtest.zjcdn.com/72f7069be8297bfe4fd06982c96edf75/68f66e08/video/tos/cn/tos-cn-ve-15/okTBjCIYSgGBAeAfQXfDEqFnS0LY2lsIjMIUeQ/?a=6383&ch=10010&cr=3&dr=0&lr=all&cd=0%7C0%7C0%7C3&cv=1&br=631&bt=631&cs=0&ds=3&ft=c2YTctGHQPRUZxfusdr~kwPqYldQIKDEE-TerrNqq_45a&mime_type=video_mp4&qs=1&rc=aDo3ZWk2ZGdoN2k5OmU5OEBpanB2anA5cmVqNjMzNGkzM0AyNDItXjYvXjAxMC0zMzBiYSMxLl8vMmRzXmZhLS1kLWFzcw%3D%3D&btag=80000e00028000&cquery=101r_100B_100H_100K_100o&dy_q=1760969609&feature_id=0ea98fd3bdc3c6c14a3d0804cc272721&l=20251020221329FF810B6B17C3D024C6A3', 'https://v5-dy-o-abtest.zjcdn.com/72f7069be8297bfe4fd06982c96edf75/68f66e08/video/tos/cn/tos-cn-ve-15/okTBjCIYSgGBAeAfQXfDEqFnS0LY2lsIjMIUeQ/?a=6383&ch=10010&cr=3&dr=0&lr=all&cd=0%7C0%7C0%7C3&cv=1&br=631&bt=631&cs=0&ds=3&ft=c2YTctGHQPRUZxfusdr~kwPqYldQIKDEE-TerrNqq_45a&mime_type=video_mp4&qs=1&rc=aDo3ZWk2ZGdoN2k5OmU5OEBpanB2anA5cmVqNjMzNGkzM0AyNDItXjYvXjAxMC0zMzBiYSMxLl8vMmRzXmZhLS1kLWFzcw%3D%3D&btag=80000e00028000&cquery=101r_100B_100H_100K_100o&dy_q=1760969609&feature_id=0ea98fd3bdc3c6c14a3d0804cc272721&l=20251020221329FF810B6B17C3D024C6A3', 'https://www.douyin.com/aweme/v1/play/?video_id=v0d00fg10000d3igabvog65m2gbs1m4g&line=0&file_id=e5366b67063f443ead2a93af0b54775e&sign=b752aa2149da1e1e57d04d5f231cdfae&is_play_url=1&source=PackSourceEnum_PUBLISH'], 'width': 720, 'height': 1280, 'url_key': 'v0d00fg10000d3igabvog65m2gbs1m4g_h264_720p_646670', 'data_size': 6430487, 'file_hash': 'b752aa2149da1e1e57d04d5f231cdfae', 'file_cs': 'c:0-66880-f7db|a:v0d00fg10000d3igabvog65m2gbs1m4g'}, 'is_h265': 0, 'is_bytevc1': 0, 'HDR_type': '', 'HDR_bit': '', 'FPS': 30, 'video_extra': '{"PktOffsetMap":"[{\\"time\\": 1, \\"offset\\": 165553}, {\\"time\\": 2, \\"offset\\": 198051}, {\\"time\\": 3, \\"offset\\": 234180}, {\\"time\\": 4, \\"offset\\": 265503}, {\\"time\\": 5, \\"offset\\": 361650}, {\\"time\\": 10, \\"offset\\": 809950}]","format":"mp4","definition":"720p","quality":"low","file_id":"e5366b67063f443ead2a93af0b54775e","applog_map":{"feature_id":"0ea98fd3bdc3c6c14a3d0804cc272721"},"audio_channels":"2.0","audio_sample_rate":"44100","audio_metrics":null,"audio_score":null}', 'format': 'mp4'}, {'gear_name': 'low_540_0', 'quality_type': 292, 'bit_rate': 600597, 'play_addr': {'uri': 'v0d00fg10000d3igabvog65m2gbs1m4g', 'url_list': ['https://v5-dy-o-abtest.zjcdn.com/1157641754c3309ceb7dc0894f9a5eaf/68f66e08/video/tos/cn/tos-cn-ve-15/okI0N9Bo55nTUFALsJjDYgQAN2AfAvKsfEFCEQ/?a=6383&ch=10010&cr=3&dr=0&lr=all&cd=0%7C0%7C0%7C3&cv=1&br=586&bt=586&cs=0&ds=6&ft=c2YTctGHQPRUZxfusdr~kwPqYldQIKDEE-TerrNqq_45a&mime_type=video_mp4&qs=1&rc=ODdoZjM6ZDM4OTY7NzRnaUBpanB2anA5cmVqNjMzNGkzM0BfNl8vYjUyXjMxXzMtNjVfYSMxLl8vMmRzXmZhLS1kLWFzcw%3D%3D&btag=80000e00028000&cquery=100K_100o_101r_100B_100H&dy_q=1760969609&feature_id=0ea98fd3bdc3c6c14a3d0804cc272721&l=20251020221329FF810B6B17C3D024C6A3', 'https://v5-dy-o-abtest.zjcdn.com/1157641754c3309ceb7dc0894f9a5eaf/68f66e08/video/tos/cn/tos-cn-ve-15/okI0N9Bo55nTUFALsJjDYgQAN2AfAvKsfEFCEQ/?a=6383&ch=10010&cr=3&dr=0&lr=all&cd=0%7C0%7C0%7C3&cv=1&br=586&bt=586&cs=0&ds=6&ft=c2YTctGHQPRUZxfusdr~kwPqYldQIKDEE-TerrNqq_45a&mime_type=video_mp4&qs=1&rc=ODdoZjM6ZDM4OTY7NzRnaUBpanB2anA5cmVqNjMzNGkzM0BfNl8vYjUyXjMxXzMtNjVfYSMxLl8vMmRzXmZhLS1kLWFzcw%3D%3D&btag=80000e00028000&cquery=100K_100o_101r_100B_100H&dy_q=1760969609&feature_id=0ea98fd3bdc3c6c14a3d0804cc272721&l=20251020221329FF810B6B17C3D024C6A3', 'https://www.douyin.com/aweme/v1/play/?video_id=v0d00fg10000d3igabvog65m2gbs1m4g&line=0&file_id=bf8d910468b34665a05a87e02cbe94b5&sign=504ac8242e8cf40ed547b80640f395ae&is_play_url=1&source=PackSourceEnum_PUBLISH'], 'width': 576, 'height': 1024, 'url_key': 'v0d00fg10000d3igabvog65m2gbs1m4g_h264_540p_600597', 'data_size': 5972344, 'file_hash': '504ac8242e8cf40ed547b80640f395ae', 'file_cs': 'c:0-66888-bcbe|a:v0d00fg10000d3igabvog65m2gbs1m4g'}, 'is_h265': 0, 'is_bytevc1': 0, 'HDR_type': '', 'HDR_bit': '', 'FPS': 30, 'video_extra': '{"PktOffsetMap":"[{\\"time\\": 1, \\"offset\\": 159692}, {\\"time\\": 2, \\"offset\\": 189004}, {\\"time\\": 3, \\"offset\\": 221551}, {\\"time\\": 4, \\"offset\\": 249236}, {\\"time\\": 5, \\"offset\\": 337892}, {\\"time\\": 10, \\"offset\\": 753668}]","format":"mp4","definition":"540p","quality":"low","file_id":"bf8d910468b34665a05a87e02cbe94b5","applog_map":{"feature_id":"0ea98fd3bdc3c6c14a3d0804cc272721"},"audio_channels":"2.0","audio_sample_rate":"44100","audio_metrics":null,"audio_score":null}', 'format': 'mp4'}, {'gear_name': 'adapt_low_540_0', 'quality_type': 291, 'bit_rate': 418875, 'play_addr': {'uri': 'v0d00fg10000d3igabvog65m2gbs1m4g', 'url_list': ['https://v5-dy-o-abtest.zjcdn.com/a7168062617714c6d430ad18c0f5c5a9/68f66e08/video/tos/cn/tos-cn-ve-15/ooitSHJNBetoelfff4hQdECwHdxNXY4tKAgAAE/?a=6383&ch=10010&cr=3&dr=0&lr=all&cd=0%7C0%7C0%7C3&cv=1&br=409&bt=409&cs=0&ds=6&ft=c2YTctGHQPRUZxfusdr~kwPqYldQIKDEE-TerrNqq_45a&mime_type=video_mp4&qs=12&rc=NDo6OTM2NTo3NWRkNDRmZUBpanB2anA5cmVqNjMzNGkzM0BgLWBeLy9eXjIxMGEwXi4zYSMxLl8vMmRzXmZhLS1kLWFzcw%3D%3D&btag=80000e00028000&cquery=101r_100B_100H_100K_100o&dy_q=1760969609&feature_id=0ea98fd3bdc3c6c14a3d0804cc272721&l=20251020221329FF810B6B17C3D024C6A3', 'https://v5-dy-o-abtest.zjcdn.com/a7168062617714c6d430ad18c0f5c5a9/68f66e08/video/tos/cn/tos-cn-ve-15/ooitSHJNBetoelfff4hQdECwHdxNXY4tKAgAAE/?a=6383&ch=10010&cr=3&dr=0&lr=all&cd=0%7C0%7C0%7C3&cv=1&br=409&bt=409&cs=0&ds=6&ft=c2YTctGHQPRUZxfusdr~kwPqYldQIKDEE-TerrNqq_45a&mime_type=video_mp4&qs=12&rc=NDo6OTM2NTo3NWRkNDRmZUBpanB2anA5cmVqNjMzNGkzM0BgLWBeLy9eXjIxMGEwXi4zYSMxLl8vMmRzXmZhLS1kLWFzcw%3D%3D&btag=80000e00028000&cquery=101r_100B_100H_100K_100o&dy_q=1760969609&feature_id=0ea98fd3bdc3c6c14a3d0804cc272721&l=20251020221329FF810B6B17C3D024C6A3', 'https://www.douyin.com/aweme/v1/play/?video_id=v0d00fg10000d3igabvog65m2gbs1m4g&line=0&file_id=6b1ca131da3a4254a7a22320a6c707c1&sign=6f79a2303f87378b62b2d1e68f34fa24&is_play_url=1&source=PackSourceEnum_PUBLISH'], 'width': 576, 'height': 1024, 'url_key': 'v0d00fg10000d3igabvog65m2gbs1m4g_h264_540p_418875', 'data_size': 4165295, 'file_hash': '6f79a2303f87378b62b2d1e68f34fa24', 'file_cs': 'c:0-66903-eaca|a:v0d00fg10000d3igabvog65m2gbs1m4g'}, 'is_h265': 0, 'is_bytevc1': 0, 'HDR_type': '', 'HDR_bit': '', 'FPS': 30, 'video_extra': '{"PktOffsetMap":"[{\\"time\\": 1, \\"offset\\": 135039}, {\\"time\\": 2, \\"offset\\": 157318}, {\\"time\\": 3, \\"offset\\": 182617}, {\\"time\\": 4, \\"offset\\": 203697}, {\\"time\\": 5, \\"offset\\": 266861}, {\\"time\\": 10, \\"offset\\": 556557}]","format":"mp4","definition":"540p","quality":"adapt_low","file_id":"6b1ca131da3a4254a7a22320a6c707c1","applog_map":{"feature_id":"0ea98fd3bdc3c6c14a3d0804cc272721"},"audio_channels":"2.0","audio_sample_rate":"44100","audio_metrics":null,"audio_score":null}', 'format': 'mp4'}, {'gear_name': 'adapt_lowest_1080_1', 'quality_type': 2, 'bit_rate': 376124, 'play_addr': {'uri': 'v0d00fg10000d3igabvog65m2gbs1m4g', 'url_list': ['https://v5-dy-o-abtest.zjcdn.com/5ffb3daf4be0cbfd2f89effe6bbfa177/68f66e08/video/tos/cn/tos-cn-ve-15/osNCISjIMFsGVEemAf0eBeIELDA2nglYrSBUHQ/?a=6383&ch=10010&cr=3&dr=0&lr=all&cd=0%7C0%7C0%7C3&cv=1&br=367&bt=367&cs=2&ds=4&ft=c2YTctGHQPRUZxfusdr~kwPqYldQIKDEE-TerrNqq_45a&mime_type=video_mp4&qs=15&rc=OWUzaTtkNDw6Ojk1ODhnN0BpanB2anA5cmVqNjMzNGkzM0BfMjIuMS9eNV4xYWJeYTMuYSMxLl8vMmRzXmZhLS1kLWFzcw%3D%3D&btag=80000e00028000&cquery=101r_100B_100H_100K_100o&dy_q=1760969609&feature_id=b38008770b4e09863331b14b26bcdc23&l=20251020221329FF810B6B17C3D024C6A3', 'https://v5-dy-o-abtest.zjcdn.com/5ffb3daf4be0cbfd2f89effe6bbfa177/68f66e08/video/tos/cn/tos-cn-ve-15/osNCISjIMFsGVEemAf0eBeIELDA2nglYrSBUHQ/?a=6383&ch=10010&cr=3&dr=0&lr=all&cd=0%7C0%7C0%7C3&cv=1&br=367&bt=367&cs=2&ds=4&ft=c2YTctGHQPRUZxfusdr~kwPqYldQIKDEE-TerrNqq_45a&mime_type=video_mp4&qs=15&rc=OWUzaTtkNDw6Ojk1ODhnN0BpanB2anA5cmVqNjMzNGkzM0BfMjIuMS9eNV4xYWJeYTMuYSMxLl8vMmRzXmZhLS1kLWFzcw%3D%3D&btag=80000e00028000&cquery=100K_100o_101r_100B_100H&dy_q=1760969609&feature_id=b38008770b4e09863331b14b26bcdc23&l=20251020221329FF810B6B17C3D024C6A3', 'https://www.douyin.com/aweme/v1/play/?video_id=v0d00fg10000d3igabvog65m2gbs1m4g&line=0&file_id=146dd5a5e2d647a789a12a481f505bb6&sign=b5c6b40fc198b0a6690381d2b2c968f1&is_play_url=1&source=PackSourceEnum_PUBLISH'], 'width': 1080, 'height': 1920, 'url_key': 'v0d00fg10000d3igabvog65m2gbs1m4g_bytevc1_1080p_376124', 'data_size': 3740182, 'file_hash': 'b5c6b40fc198b0a6690381d2b2c968f1', 'file_cs': 'c:0-67085-29c5|a:v0d00fg10000d3igabvog65m2gbs1m4g'}, 'is_h265': 1, 'is_bytevc1': 1, 'HDR_type': '', 'HDR_bit': '', 'FPS': 30, 'video_extra': '{"PktOffsetMap":"[{\\"time\\": 1, \\"offset\\": 127301}, {\\"time\\": 2, \\"offset\\": 142832}, {\\"time\\": 3, \\"offset\\": 161967}, {\\"time\\": 4, \\"offset\\": 179549}, {\\"time\\": 5, \\"offset\\": 232139}, {\\"time\\": 10, \\"offset\\": 493314}]","format":"mp4","definition":"1080p","quality":"adapt_lowest","file_id":"146dd5a5e2d647a789a12a481f505bb6","applog_map":{"feature_id":"b38008770b4e09863331b14b26bcdc23"},"mvmaf":"{\\"mvmaf_sr_v1080\\":98.693,\\"mvmaf_sr_v960\\":98.683,\\"mvmaf_sr_v864\\":98.977,\\"mvmaf_sr_v720\\":99.155,\\"mvmaf_ori_v1080\\":92.626,\\"mvmaf_ori_v960\\":93.384,\\"mvmaf_ori_v864\\":93.927,\\"mvmaf_ori_v720\\":94.706}","ufq":"{\\"enh\\":91.885,\\"playback\\":{\\"ori\\":88.511,\\"srv1\\":90.992},\\"src\\":91.885,\\"trans\\":88.511,\\"version\\":\\"v1.0\\"}","audio_channels":"2.0","audio_sample_rate":"44100","audio_metrics":null,"audio_score":null}', 'format': 'mp4'}, {'gear_name': 'adapt_lowest_720_1', 'quality_type': 15, 'bit_rate': 323768, 'play_addr': {'uri': 'v0d00fg10000d3igabvog65m2gbs1m4g', 'url_list': ['https://v5-dy-o-abtest.zjcdn.com/cc4af70ef1247aaaa745ab83183b8403/68f66e08/video/tos/cn/tos-cn-ve-15/osDKlTfUQf2QoFDA2LsBAvNJE5EACICg9AjEdL/?a=6383&ch=10010&cr=3&dr=0&lr=all&cd=0%7C0%7C0%7C3&cv=1&br=316&bt=316&cs=2&ds=3&ft=c2YTctGHQPRUZxfusdr~kwPqYldQIKDEE-TerrNqq_45a&mime_type=video_mp4&qs=15&rc=Ozg8ZDg0OTk3OzdoaDozPEBpanB2anA5cmVqNjMzNGkzM0AxNjMzYmI2NTIxNDJfX181YSMxLl8vMmRzXmZhLS1kLWFzcw%3D%3D&btag=80000e00028000&cquery=100B_100H_100K_100o_101r&dy_q=1760969609&feature_id=b38008770b4e09863331b14b26bcdc23&l=20251020221329FF810B6B17C3D024C6A3', 'https://v5-dy-o-abtest.zjcdn.com/cc4af70ef1247aaaa745ab83183b8403/68f66e08/video/tos/cn/tos-cn-ve-15/osDKlTfUQf2QoFDA2LsBAvNJE5EACICg9AjEdL/?a=6383&ch=10010&cr=3&dr=0&lr=all&cd=0%7C0%7C0%7C3&cv=1&br=316&bt=316&cs=2&ds=3&ft=c2YTctGHQPRUZxfusdr~kwPqYldQIKDEE-TerrNqq_45a&mime_type=video_mp4&qs=15&rc=Ozg8ZDg0OTk3OzdoaDozPEBpanB2anA5cmVqNjMzNGkzM0AxNjMzYmI2NTIxNDJfX181YSMxLl8vMmRzXmZhLS1kLWFzcw%3D%3D&btag=80000e00028000&cquery=100K_100o_101r_100B_100H&dy_q=1760969609&feature_id=b38008770b4e09863331b14b26bcdc23&l=20251020221329FF810B6B17C3D024C6A3', 'https://www.douyin.com/aweme/v1/play/?video_id=v0d00fg10000d3igabvog65m2gbs1m4g&line=0&file_id=89b0b7be5e7448548696e1e56a699548&sign=49321b2138ae1664eafb743ee06c86a3&is_play_url=1&source=PackSourceEnum_PUBLISH'], 'width': 720, 'height': 1280, 'url_key': 'v0d00fg10000d3igabvog65m2gbs1m4g_bytevc1_720p_323768', 'data_size': 3219557, 'file_hash': '49321b2138ae1664eafb743ee06c86a3', 'file_cs': 'c:0-67086-089b|a:v0d00fg10000d3igabvog65m2gbs1m4g'}, 'is_h265': 1, 'is_bytevc1': 1, 'HDR_type': '', 'HDR_bit': '', 'FPS': 30, 'video_extra': '{"PktOffsetMap":"[{\\"time\\": 1, \\"offset\\": 124473}, {\\"time\\": 2, \\"offset\\": 140766}, {\\"time\\": 3, \\"offset\\": 160820}, {\\"time\\": 4, \\"offset\\": 178834}, {\\"time\\": 5, \\"offset\\": 231430}, {\\"time\\": 10, \\"offset\\": 448928}]","format":"mp4","definition":"720p","quality":"adapt_lowest","file_id":"89b0b7be5e7448548696e1e56a699548","applog_map":{"feature_id":"b38008770b4e09863331b14b26bcdc23"},"mvmaf":"{\\"mvmaf_sr_v1080\\":96.832,\\"mvmaf_sr_v960\\":98.084,\\"mvmaf_sr_v864\\":98.635,\\"mvmaf_sr_v720\\":99.046,\\"mvmaf_ori_v1080\\":86.579,\\"mvmaf_ori_v960\\":89.508,\\"mvmaf_ori_v864\\":91.135,\\"mvmaf_ori_v720\\":94.295}","ufq":"{\\"enh\\":91.885,\\"playback\\":{\\"ori\\":82.464,\\"srv1\\":90.62},\\"src\\":91.885,\\"trans\\":82.464,\\"version\\":\\"v1.0\\"}","audio_channels":"2.0","audio_sample_rate":"44100","audio_metrics":null,"audio_score":null}', 'format': 'mp4'}, {'gear_name': 'adapt_540_1', 'quality_type': 28, 'bit_rate': 300056, 'play_addr': {'uri': 'v0d00fg10000d3igabvog65m2gbs1m4g', 'url_list': ['https://v5-dy-o-abtest.zjcdn.com/ab1da773a3f031020953a528f3b2086a/68f66e08/video/tos/cn/tos-cn-ve-15/oQ2K2DUIJCFQAIvfAgslCNoRCH9A5ACZEEfBQF/?a=6383&ch=10010&cr=3&dr=0&lr=all&cd=0%7C0%7C0%7C3&cv=1&br=293&bt=293&cs=2&ds=6&ft=c2YTctGHQPRUZxfusdr~kwPqYldQIKDEE-TerrNqq_45a&mime_type=video_mp4&qs=11&rc=NGU6aGlmZGc2aThnNDhoNEBpanB2anA5cmVqNjMzNGkzM0BhXzVjYDQ1XjMxLWNiNmIuYSMxLl8vMmRzXmZhLS1kLWFzcw%3D%3D&btag=80000e00028000&cquery=100o_101r_100B_100H_100K&dy_q=1760969609&feature_id=b38008770b4e09863331b14b26bcdc23&l=20251020221329FF810B6B17C3D024C6A3', 'https://v5-dy-o-abtest.zjcdn.com/ab1da773a3f031020953a528f3b2086a/68f66e08/video/tos/cn/tos-cn-ve-15/oQ2K2DUIJCFQAIvfAgslCNoRCH9A5ACZEEfBQF/?a=6383&ch=10010&cr=3&dr=0&lr=all&cd=0%7C0%7C0%7C3&cv=1&br=293&bt=293&cs=2&ds=6&ft=c2YTctGHQPRUZxfusdr~kwPqYldQIKDEE-TerrNqq_45a&mime_type=video_mp4&qs=11&rc=NGU6aGlmZGc2aThnNDhoNEBpanB2anA5cmVqNjMzNGkzM0BhXzVjYDQ1XjMxLWNiNmIuYSMxLl8vMmRzXmZhLS1kLWFzcw%3D%3D&btag=80000e00028000&cquery=101r_100B_100H_100K_100o&dy_q=1760969609&feature_id=b38008770b4e09863331b14b26bcdc23&l=20251020221329FF810B6B17C3D024C6A3', 'https://www.douyin.com/aweme/v1/play/?video_id=v0d00fg10000d3igabvog65m2gbs1m4g&line=0&file_id=11ee95e1fd054f63ad8a7ccffe87bbd1&sign=bbdf0ed85b1586920512098ae2094776&is_play_url=1&source=PackSourceEnum_PUBLISH'], 'width': 576, 'height': 1024, 'url_key': 'v0d00fg10000d3igabvog65m2gbs1m4g_bytevc1_540p_300056', 'data_size': 2983759, 'file_hash': 'bbdf0ed85b1586920512098ae2094776', 'file_cs': 'c:0-67086-6a86|a:v0d00fg10000d3igabvog65m2gbs1m4g'}, 'is_h265': 1, 'is_bytevc1': 1, 'HDR_type': '', 'HDR_bit': '', 'FPS': 30, 'video_extra': '{"PktOffsetMap":"[{\\"time\\": 1, \\"offset\\": 119170}, {\\"time\\": 2, \\"offset\\": 134781}, {\\"time\\": 3, \\"offset\\": 152621}, {\\"time\\": 4, \\"offset\\": 169262}, {\\"time\\": 5, \\"offset\\": 217906}, {\\"time\\": 10, \\"offset\\": 420760}]","format":"mp4","definition":"540p","quality":"adapt","file_id":"11ee95e1fd054f63ad8a7ccffe87bbd1","applog_map":{"feature_id":"b38008770b4e09863331b14b26bcdc23"},"mvmaf":"{\\"mvmaf_sr_v1080\\":94.444,\\"mvmaf_sr_v960\\":96.72,\\"mvmaf_sr_v864\\":97.488,\\"mvmaf_sr_v720\\":98.332,\\"mvmaf_ori_v1080\\":82.175,\\"mvmaf_ori_v960\\":85.489,\\"mvmaf_ori_v864\\":87.34,\\"mvmaf_ori_v720\\":90.598}","ufq":"{\\"enh\\":91.885,\\"playback\\":{\\"ori\\":78.766,\\"srv1\\":89.698},\\"src\\":91.885,\\"trans\\":78.766,\\"version\\":\\"v1.0\\"}","audio_channels":"2.0","audio_sample_rate":"44100","audio_metrics":null,"audio_score":null}', 'format': 'mp4'}, {'gear_name': 'adapt_lower_540_1', 'quality_type': 21, 'bit_rate': 257801, 'play_addr': {'uri': 'v0d00fg10000d3igabvog65m2gbs1m4g', 'url_list': ['https://v5-dy-o-abtest.zjcdn.com/c8eb8243e08116de8cb3f2c61b6739e5/68f66e08/video/tos/cn/tos-cn-ve-15/oAQmIgC42ielA2GjULfLestFSSYDfIEA0BBME2/?a=6383&ch=10010&cr=3&dr=0&lr=all&cd=0%7C0%7C0%7C3&cv=1&br=251&bt=251&cs=2&ds=6&ft=c2YTctGHQPRUZxfusdr~kwPqYldQIKDEE-TerrNqq_45a&mime_type=video_mp4&qs=14&rc=ZTQ2NWloaGllM2RoOzZmaEBpanB2anA5cmVqNjMzNGkzM0AxNDUwYV4tXmIxL2E2NDJhYSMxLl8vMmRzXmZhLS1kLWFzcw%3D%3D&btag=80000e00028000&cquery=100H_100K_100o_101r_100B&dy_q=1760969609&feature_id=2ec60419b2ec858b9b1eae59874b17b0&l=20251020221329FF810B6B17C3D024C6A3', 'https://v5-dy-o-abtest.zjcdn.com/c8eb8243e08116de8cb3f2c61b6739e5/68f66e08/video/tos/cn/tos-cn-ve-15/oAQmIgC42ielA2GjULfLestFSSYDfIEA0BBME2/?a=6383&ch=10010&cr=3&dr=0&lr=all&cd=0%7C0%7C0%7C3&cv=1&br=251&bt=251&cs=2&ds=6&ft=c2YTctGHQPRUZxfusdr~kwPqYldQIKDEE-TerrNqq_45a&mime_type=video_mp4&qs=14&rc=ZTQ2NWloaGllM2RoOzZmaEBpanB2anA5cmVqNjMzNGkzM0AxNDUwYV4tXmIxL2E2NDJhYSMxLl8vMmRzXmZhLS1kLWFzcw%3D%3D&btag=80000e00028000&cquery=100K_100o_101r_100B_100H&dy_q=1760969609&feature_id=2ec60419b2ec858b9b1eae59874b17b0&l=20251020221329FF810B6B17C3D024C6A3', 'https://www.douyin.com/aweme/v1/play/?video_id=v0d00fg10000d3igabvog65m2gbs1m4g&line=0&file_id=de5c7398de2a40ebaf0eaedf3283714b&sign=22aebf62cffadc0049fe11db69bf4c9b&is_play_url=1&source=PackSourceEnum_PUBLISH'], 'width': 576, 'height': 1024, 'url_key': 'v0d00fg10000d3igabvog65m2gbs1m4g_bytevc1_540p_257801', 'data_size': 2563574, 'file_hash': '22aebf62cffadc0049fe11db69bf4c9b', 'file_cs': 'c:0-67086-03cc|a:v0d00fg10000d3igabvog65m2gbs1m4g'}, 'is_h265': 1, 'is_bytevc1': 1, 'HDR_type': '', 'HDR_bit': '', 'FPS': 30, 'video_extra': '{"PktOffsetMap":"[{\\"time\\": 1, \\"offset\\": 111943}, {\\"time\\": 2, \\"offset\\": 125588}, {\\"time\\": 3, \\"offset\\": 141274}, {\\"time\\": 4, \\"offset\\": 155675}, {\\"time\\": 5, \\"offset\\": 195022}, {\\"time\\": 10, \\"offset\\": 371794}]","format":"mp4","definition":"540p","quality":"adapt_lower","file_id":"de5c7398de2a40ebaf0eaedf3283714b","applog_map":{"feature_id":"2ec60419b2ec858b9b1eae59874b17b0"},"mvmaf":"{\\"mvmaf_sr_v1080\\":93.068,\\"mvmaf_sr_v960\\":95.477,\\"mvmaf_sr_v864\\":96.409,\\"mvmaf_sr_v720\\":97.517,\\"mvmaf_ori_v1080\\":80.838,\\"mvmaf_ori_v960\\":84.296,\\"mvmaf_ori_v864\\":86.192,\\"mvmaf_ori_v720\\":89.492}","ufq":"{\\"enh\\":91.885,\\"playback\\":{\\"ori\\":77.764,\\"srv1\\":88.322},\\"src\\":91.885,\\"trans\\":77.764,\\"version\\":\\"v1.0\\"}","audio_channels":"2.0","audio_sample_rate":"44100","audio_metrics":null,"audio_score":null}', 'format': 'mp4'}, {'gear_name': 'normal_1080_0', 'quality_type': 1, 'bit_rate': 881895, 'play_addr': {'uri': 'v0d00fg10000d3igabvog65m2gbs1m4g', 'url_list': ['https://v5-dy-o-abtest.zjcdn.com/a3566d595a313b7e27928d75e1257abb/68f79558/video/tos/cn/tos-cn-vd-0026/oUsCg5DAAgoAFDAUaNfB9KvpDs2kdQAfAEAJ7I/media-video-avc1/?a=6383&ch=0&cr=8&dr=0&er=1&lr=default&cd=0%7C0%7C0%7C3&cv=1&br=861&bt=861&cs=0&ds=4&mime_type=video_mp4&qs=0&rc=PDk8ZDxkOWY0ZDpnOjM8NkBpanB2anA5cmVqNjMzNGkzM0BjMDUwXjBgXi8xMi4tM2A0YSMxLl8vMmRzXmZhLS1kLWFzcw%3D%3D&btag=80000e00028000&cquery=101r_100o&dy_q=1760969609&l=20251020221329FF810B6B17C3D024C6A3', 'https://v5-dy-o-abtest.zjcdn.com/a3566d595a313b7e27928d75e1257abb/68f79558/video/tos/cn/tos-cn-vd-0026/oUsCg5DAAgoAFDAUaNfB9KvpDs2kdQAfAEAJ7I/media-video-avc1/?a=6383&ch=0&cr=8&dr=0&er=1&lr=default&cd=0%7C0%7C0%7C3&cv=1&br=861&bt=861&cs=0&ds=4&mime_type=video_mp4&qs=0&rc=PDk8ZDxkOWY0ZDpnOjM8NkBpanB2anA5cmVqNjMzNGkzM0BjMDUwXjBgXi8xMi4tM2A0YSMxLl8vMmRzXmZhLS1kLWFzcw%3D%3D&btag=80000e00028000&cquery=101r_100o&dy_q=1760969609&l=20251020221329FF810B6B17C3D024C6A3', 'https://www.douyin.com/aweme/v1/play/dash/?video_id=v0d00fg10000d3igabvog65m2gbs1m4g&line=0&file_id=73c960071d574a21acc63aa93a8936f9&sign=aac7551143862b5abfb1712f90a0d667&is_play_url=1&source=PackSourceEnum_PUBLISH'], 'width': 1080, 'height': 1920, 'url_key': 'v0d00fg10000d3igabvog65m2gbs1m4g_h264_1080p_881895', 'data_size': 8767467, 'file_hash': 'aac7551143862b5abfb1712f90a0d667'}, 'is_h265': 0, 'is_bytevc1': 0, 'HDR_type': '', 'HDR_bit': '', 'FPS': 30, 'video_extra': '{"PktOffsetMap":"","format":"dash","sub_info":"{\\"audio_channels\\":\\"2.0\\",\\"audio_layout\\":\\"C\\",\\"audio_sample_rate\\":\\"44100\\",\\"base_range_info\\":{\\"first_moof_range\\":\\"1149-3248\\",\\"index_range\\":\\"997-1148\\",\\"init_range\\":\\"0-996\\"},\\"check_info\\":{\\"check_info\\":\\"a:v0d00fg10000d3igabvog65m2gbs1m4g|b:0-1148-a977cd710f4b1c1e0bbbb1ca38dbfad2|c:0-1148-fdd2\\"},\\"first_segment_range\\":\\"1149-667485\\",\\"gear_des_key\\":\\"0:DASH|1:normal|2:h264|4:1080p|5:normal|10000:105\\",\\"quality_type\\":1}","definition":"1080p","quality":"normal","quality_desc":"","file_id":"73c960071d574a21acc63aa93a8936f9","real_bitrate":938282,"audio_file_id":"e9f5191f697c2830a7655043783b654b","applog_map":{"feature_id":"0ea98fd3bdc3c6c14a3d0804cc272721"},"audio_metrics":null,"audio_score":null}', 'format': 'dash'}, {'gear_name': 'low_720_0', 'quality_type': 211, 'bit_rate': 590214, 'play_addr': {'uri': 'v0d00fg10000d3igabvog65m2gbs1m4g', 'url_list': ['https://v5-dy-o-abtest.zjcdn.com/d1bfc5023f3f257ad0b99a266bccedfa/68f79558/video/tos/cn/tos-cn-vd-0026/oEE9f1gnsD8CAQDABgfJFKANAUI2YAUvAQ5oTA/media-video-avc1/?a=6383&ch=0&cr=8&dr=0&er=1&lr=default&cd=0%7C0%7C0%7C3&cv=1&br=576&bt=576&cs=0&ds=3&mime_type=video_mp4&qs=1&rc=ZjZkZWZlODxlNDZpNDk0ZkBpanB2anA5cmVqNjMzNGkzM0AtXi5gY19fX2MxNWBgLTUuYSMxLl8vMmRzXmZhLS1kLWFzcw%3D%3D&btag=80000e00028000&cquery=101r_100o&dy_q=1760969609&l=20251020221329FF810B6B17C3D024C6A3', 'https://v5-dy-o-abtest.zjcdn.com/d1bfc5023f3f257ad0b99a266bccedfa/68f79558/video/tos/cn/tos-cn-vd-0026/oEE9f1gnsD8CAQDABgfJFKANAUI2YAUvAQ5oTA/media-video-avc1/?a=6383&ch=0&cr=8&dr=0&er=1&lr=default&cd=0%7C0%7C0%7C3&cv=1&br=576&bt=576&cs=0&ds=3&mime_type=video_mp4&qs=1&rc=ZjZkZWZlODxlNDZpNDk0ZkBpanB2anA5cmVqNjMzNGkzM0AtXi5gY19fX2MxNWBgLTUuYSMxLl8vMmRzXmZhLS1kLWFzcw%3D%3D&btag=80000e00028000&cquery=101r_100o&dy_q=1760969609&l=20251020221329FF810B6B17C3D024C6A3', 'https://www.douyin.com/aweme/v1/play/dash/?video_id=v0d00fg10000d3igabvog65m2gbs1m4g&line=0&file_id=1c8106c1cf8341fbb9b5bbfccb1aa30c&sign=784530978c1bfc8296ac27d1272a04b2&is_play_url=1&source=PackSourceEnum_PUBLISH'], 'width': 720, 'height': 1280, 'url_key': 'v0d00fg10000d3igabvog65m2gbs1m4g_h264_720p_590214', 'data_size': 5867686, 'file_hash': '784530978c1bfc8296ac27d1272a04b2'}, 'is_h265': 0, 'is_bytevc1': 0, 'HDR_type': '', 'HDR_bit': '', 'FPS': 30, 'video_extra': '{"PktOffsetMap":"","format":"dash","sub_info":"{\\"audio_channels\\":\\"2.0\\",\\"audio_layout\\":\\"C\\",\\"audio_sample_rate\\":\\"44100\\",\\"base_range_info\\":{\\"first_moof_range\\":\\"1147-3246\\",\\"index_range\\":\\"995-1146\\",\\"init_range\\":\\"0-994\\"},\\"check_info\\":{\\"check_info\\":\\"a:v0d00fg10000d3igabvog65m2gbs1m4g|b:0-1146-597a1d954c5dfe4090cbd8e92ba5f886|c:0-1146-634b\\"},\\"first_segment_range\\":\\"1147-433120\\",\\"gear_des_key\\":\\"0:DASH|1:normal|2:h264|4:720p|5:low|10000:105\\",\\"quality_type\\":11}","definition":"720p","quality":"low","quality_desc":"","file_id":"1c8106c1cf8341fbb9b5bbfccb1aa30c","real_bitrate":646670,"audio_file_id":"e9f5191f697c2830a7655043783b654b","applog_map":{"feature_id":"0ea98fd3bdc3c6c14a3d0804cc272721"},"audio_metrics":null,"audio_score":null}', 'format': 'dash'}, {'gear_name': 'low_540_0', 'quality_type': 292, 'bit_rate': 544130, 'play_addr': {'uri': 'v0d00fg10000d3igabvog65m2gbs1m4g', 'url_list': ['https://v5-dy-o-abtest.zjcdn.com/ad2dab1fc018202dacac8a91ca78fd39/68f79558/video/tos/cn/tos-cn-vd-0026/og9DaAvfAsAg2AYoJQNFEUA5IBCf9AQn6gDTAK/media-video-avc1/?a=6383&ch=0&cr=8&dr=0&er=1&lr=default&cd=0%7C0%7C0%7C3&cv=1&br=531&bt=531&cs=0&ds=6&mime_type=video_mp4&qs=1&rc=ZjhlZDc1MzY2Mzc8ODY3PEBpanB2anA5cmVqNjMzNGkzM0BjYWIxMTViNS8xXjZgNjQvYSMxLl8vMmRzXmZhLS1kLWFzcw%3D%3D&btag=80000e00028000&cquery=101r_100o&dy_q=1760969609&l=20251020221329FF810B6B17C3D024C6A3', 'https://v5-dy-o-abtest.zjcdn.com/ad2dab1fc018202dacac8a91ca78fd39/68f79558/video/tos/cn/tos-cn-vd-0026/og9DaAvfAsAg2AYoJQNFEUA5IBCf9AQn6gDTAK/media-video-avc1/?a=6383&ch=0&cr=8&dr=0&er=1&lr=default&cd=0%7C0%7C0%7C3&cv=1&br=531&bt=531&cs=0&ds=6&mime_type=video_mp4&qs=1&rc=ZjhlZDc1MzY2Mzc8ODY3PEBpanB2anA5cmVqNjMzNGkzM0BjYWIxMTViNS8xXjZgNjQvYSMxLl8vMmRzXmZhLS1kLWFzcw%3D%3D&btag=80000e00028000&cquery=101r_100o&dy_q=1760969609&l=20251020221329FF810B6B17C3D024C6A3', 'https://www.douyin.com/aweme/v1/play/dash/?video_id=v0d00fg10000d3igabvog65m2gbs1m4g&line=0&file_id=297493c599a4402383e082444aebd5fc&sign=1280329c92e2891b3ad93232a18c8f96&is_play_url=1&source=PackSourceEnum_PUBLISH'], 'width': 576, 'height': 1024, 'url_key': 'v0d00fg10000d3igabvog65m2gbs1m4g_h264_540p_544130', 'data_size': 5409535, 'file_hash': '1280329c92e2891b3ad93232a18c8f96'}, 'is_h265': 0, 'is_bytevc1': 0, 'HDR_type': '', 'HDR_bit': '', 'FPS': 30, 'video_extra': '{"PktOffsetMap":"","format":"dash","sub_info":"{\\"audio_channels\\":\\"2.0\\",\\"audio_layout\\":\\"C\\",\\"audio_sample_rate\\":\\"44100\\",\\"base_range_info\\":{\\"first_moof_range\\":\\"1147-3246\\",\\"index_range\\":\\"995-1146\\",\\"init_range\\":\\"0-994\\"},\\"check_info\\":{\\"check_info\\":\\"a:v0d00fg10000d3igabvog65m2gbs1m4g|b:0-1146-a4af9f9e09e50e9e4770e5068aca6a59|c:0-1146-9e13\\"},\\"first_segment_range\\":\\"1147-399029\\",\\"gear_des_key\\":\\"0:DASH|1:normal|2:h264|4:540p|5:low|10000:105\\"}","definition":"540p","quality":"low","quality_desc":"","file_id":"297493c599a4402383e082444aebd5fc","real_bitrate":600597,"audio_file_id":"e9f5191f697c2830a7655043783b654b","applog_map":{"feature_id":"0ea98fd3bdc3c6c14a3d0804cc272721"},"audio_metrics":null,"audio_score":null}', 'format': 'dash'}, {'gear_name': 'adapt_low_540_0', 'quality_type': 291, 'bit_rate': 362362, 'play_addr': {'uri': 'v0d00fg10000d3igabvog65m2gbs1m4g', 'url_list': ['https://v5-dy-o-abtest.zjcdn.com/3289a5b57ea716a28d1e18bcc5d09d96/68f79558/video/tos/cn/tos-cn-vd-0026/ogIngAAA9Tf5AdDoKFDqf2PCJUsAvEAgNAQXBV/media-video-avc1/?a=6383&ch=0&cr=8&dr=0&er=1&lr=default&cd=0%7C0%7C0%7C3&cv=1&br=353&bt=353&cs=0&ds=6&mime_type=video_mp4&qs=12&rc=PDM0aWg3MzY0NGY2NTo7M0BpanB2anA5cmVqNjMzNGkzM0A1XjNjYV9eX2ExYy5eXi5hYSMxLl8vMmRzXmZhLS1kLWFzcw%3D%3D&btag=80000e00028000&cquery=101r_100o&dy_q=1760969609&l=20251020221329FF810B6B17C3D024C6A3', 'https://v5-dy-o-abtest.zjcdn.com/3289a5b57ea716a28d1e18bcc5d09d96/68f79558/video/tos/cn/tos-cn-vd-0026/ogIngAAA9Tf5AdDoKFDqf2PCJUsAvEAgNAQXBV/media-video-avc1/?a=6383&ch=0&cr=8&dr=0&er=1&lr=default&cd=0%7C0%7C0%7C3&cv=1&br=353&bt=353&cs=0&ds=6&mime_type=video_mp4&qs=12&rc=PDM0aWg3MzY0NGY2NTo7M0BpanB2anA5cmVqNjMzNGkzM0A1XjNjYV9eX2ExYy5eXi5hYSMxLl8vMmRzXmZhLS1kLWFzcw%3D%3D&btag=80000e00028000&cquery=101r_100o&dy_q=1760969609&l=20251020221329FF810B6B17C3D024C6A3', 'https://www.douyin.com/aweme/v1/play/dash/?video_id=v0d00fg10000d3igabvog65m2gbs1m4g&line=0&file_id=d018a7a213fc41d1b3a0b4deff61a089&sign=c18fb35440beca49c19b93336b2382d9&is_play_url=1&source=PackSourceEnum_PUBLISH'], 'width': 576, 'height': 1024, 'url_key': 'v0d00fg10000d3igabvog65m2gbs1m4g_h264_540p_362362', 'data_size': 3602470, 'file_hash': 'c18fb35440beca49c19b93336b2382d9'}, 'is_h265': 0, 'is_bytevc1': 0, 'HDR_type': '', 'HDR_bit': '', 'FPS': 30, 'video_extra': '{"PktOffsetMap":"","format":"dash","sub_info":"{\\"audio_channels\\":\\"2.0\\",\\"audio_layout\\":\\"C\\",\\"audio_sample_rate\\":\\"44100\\",\\"base_range_info\\":{\\"first_moof_range\\":\\"1146-3245\\",\\"index_range\\":\\"994-1145\\",\\"init_range\\":\\"0-993\\"},\\"check_info\\":{\\"check_info\\":\\"a:v0d00fg10000d3igabvog65m2gbs1m4g|b:0-1145-2ca9488db2f8e3811a01e27e5ea0cab8|c:0-1145-8f99\\"},\\"first_segment_range\\":\\"1146-271748\\",\\"gear_des_key\\":\\"0:DASH|1:normal|2:h264|4:540p|5:adapt_low|10000:105\\",\\"quality_type\\":291}","definition":"540p","quality":"adapt_low","quality_desc":"","file_id":"d018a7a213fc41d1b3a0b4deff61a089","real_bitrate":418875,"audio_file_id":"e9f5191f697c2830a7655043783b654b","applog_map":{"feature_id":"0ea98fd3bdc3c6c14a3d0804cc272721"},"audio_metrics":null,"audio_score":null}', 'format': 'dash'}, {'gear_name': 'adapt_lowest_1080_1', 'quality_type': 2, 'bit_rate': 319549, 'play_addr': {'uri': 'v0d00fg10000d3igabvog65m2gbs1m4g', 'url_list': ['https://v5-dy-o-abtest.zjcdn.com/483a97fd0e04df26f41595f43712e5de/68f79558/video/tos/cn/tos-cn-vd-0026/ooENAmslCLHAUDBARjIGYeeSAAubASeFC0MfB2/media-video-hvc1/?a=6383&ch=0&cr=8&dr=0&er=1&lr=default&cd=0%7C0%7C0%7C3&cv=1&br=312&bt=312&cs=4&ds=4&mime_type=video_mp4&qs=15&rc=N2hoZjxpaGk5ZzM7ZDo1N0BpanB2anA5cmVqNjMzNGkzM0AwNTFfYjI1Xi8xYDIxXl41YSMxLl8vMmRzXmZhLS1kLWFzcw%3D%3D&btag=80000e00028000&cquery=101r_100o&dy_q=1760969609&l=20251020221329FF810B6B17C3D024C6A3', 'https://v5-dy-o-abtest.zjcdn.com/483a97fd0e04df26f41595f43712e5de/68f79558/video/tos/cn/tos-cn-vd-0026/ooENAmslCLHAUDBARjIGYeeSAAubASeFC0MfB2/media-video-hvc1/?a=6383&ch=0&cr=8&dr=0&er=1&lr=default&cd=0%7C0%7C0%7C3&cv=1&br=312&bt=312&cs=4&ds=4&mime_type=video_mp4&qs=15&rc=N2hoZjxpaGk5ZzM7ZDo1N0BpanB2anA5cmVqNjMzNGkzM0AwNTFfYjI1Xi8xYDIxXl41YSMxLl8vMmRzXmZhLS1kLWFzcw%3D%3D&btag=80000e00028000&cquery=101r_100o&dy_q=1760969609&l=20251020221329FF810B6B17C3D024C6A3', 'https://www.douyin.com/aweme/v1/play/dash/?video_id=v0d00fg10000d3igabvog65m2gbs1m4g&line=0&file_id=84a2a74a58c04d26af8e5fe9bc4e8e34&sign=0a9986e31509d324da37a57a90c4a9b4&is_play_url=1&source=PackSourceEnum_PUBLISH'], 'width': 1080, 'height': 1920, 'url_key': 'v0d00fg10000d3igabvog65m2gbs1m4g_bytevc1_1080p_319549', 'data_size': 3176840, 'file_hash': '0a9986e31509d324da37a57a90c4a9b4'}, 'is_h265': 1, 'is_bytevc1': 1, 'HDR_type': '', 'HDR_bit': '', 'FPS': 30, 'video_extra': '{"PktOffsetMap":"","format":"dash","sub_info":"{\\"audio_channels\\":\\"2.0\\",\\"audio_layout\\":\\"C\\",\\"audio_sample_rate\\":\\"44100\\",\\"base_range_info\\":{\\"first_moof_range\\":\\"1304-3083\\",\\"index_range\\":\\"1128-1303\\",\\"init_range\\":\\"0-1127\\"},\\"check_info\\":{\\"check_info\\":\\"a:v0d00fg10000d3igabvog65m2gbs1m4g|b:0-1303-4231cf21ee8e07b61bd6d3508f0a552a|c:0-1303-e61b\\"},\\"first_segment_range\\":\\"1304-173203\\",\\"gear_des_key\\":\\"0:DASH|1:normal|2:h265_hvc1|4:1080p|5:adapt_lowest|10000:105\\",\\"quality_type\\":2}","definition":"1080p","quality":"adapt_lowest","quality_desc":"","file_id":"84a2a74a58c04d26af8e5fe9bc4e8e34","real_bitrate":373001,"audio_file_id":"e9f5191f697c2830a7655043783b654b","applog_map":{"feature_id":"b38008770b4e09863331b14b26bcdc23"},"mvmaf":"{\\"mvmaf_sr_v1080\\":98.693,\\"mvmaf_sr_v960\\":98.683,\\"mvmaf_sr_v864\\":98.977,\\"mvmaf_sr_v720\\":99.155,\\"mvmaf_ori_v1080\\":92.626,\\"mvmaf_ori_v960\\":93.384,\\"mvmaf_ori_v864\\":93.927,\\"mvmaf_ori_v720\\":94.706}","audio_metrics":null,"audio_score":null}', 'format': 'dash'}, {'gear_name': 'adapt_lowest_720_1', 'quality_type': 15, 'bit_rate': 267181, 'play_addr': {'uri': 'v0d00fg10000d3igabvog65m2gbs1m4g', 'url_list': ['https://v5-dy-o-abtest.zjcdn.com/844d575baf9446a96cc1298d3d5b69ee/68f79558/video/tos/cn/tos-cn-vd-0026/osvGEKb5gUs9AIfToAgDCiFjAAAlNQfCB2AJDA/media-video-hvc1/?a=6383&ch=0&cr=8&dr=0&er=1&lr=default&cd=0%7C0%7C0%7C3&cv=1&br=260&bt=260&cs=4&ds=3&mime_type=video_mp4&qs=15&rc=OjtlZGVkOjc3ZjM1OWczZUBpanB2anA5cmVqNjMzNGkzM0AyNjMtNDEuXjExLzViYy0tYSMxLl8vMmRzXmZhLS1kLWFzcw%3D%3D&btag=80000e00028000&cquery=101r_100o&dy_q=1760969609&l=20251020221329FF810B6B17C3D024C6A3', 'https://v5-dy-o-abtest.zjcdn.com/844d575baf9446a96cc1298d3d5b69ee/68f79558/video/tos/cn/tos-cn-vd-0026/osvGEKb5gUs9AIfToAgDCiFjAAAlNQfCB2AJDA/media-video-hvc1/?a=6383&ch=0&cr=8&dr=0&er=1&lr=default&cd=0%7C0%7C0%7C3&cv=1&br=260&bt=260&cs=4&ds=3&mime_type=video_mp4&qs=15&rc=OjtlZGVkOjc3ZjM1OWczZUBpanB2anA5cmVqNjMzNGkzM0AyNjMtNDEuXjExLzViYy0tYSMxLl8vMmRzXmZhLS1kLWFzcw%3D%3D&btag=80000e00028000&cquery=101r_100o&dy_q=1760969609&l=20251020221329FF810B6B17C3D024C6A3', 'https://www.douyin.com/aweme/v1/play/dash/?video_id=v0d00fg10000d3igabvog65m2gbs1m4g&line=0&file_id=0b00fde682204c44a4174a7b0a6b9857&sign=7ad77e0c77b6306819397b19dd678817&is_play_url=1&source=PackSourceEnum_PUBLISH'], 'width': 720, 'height': 1280, 'url_key': 'v0d00fg10000d3igabvog65m2gbs1m4g_bytevc1_720p_267181', 'data_size': 2656215, 'file_hash': '7ad77e0c77b6306819397b19dd678817'}, 'is_h265': 1, 'is_bytevc1': 1, 'HDR_type': '', 'HDR_bit': '', 'FPS': 30, 'video_extra': '{"PktOffsetMap":"","format":"dash","sub_info":"{\\"audio_channels\\":\\"2.0\\",\\"audio_layout\\":\\"C\\",\\"audio_sample_rate\\":\\"44100\\",\\"base_range_info\\":{\\"first_moof_range\\":\\"1305-3084\\",\\"index_range\\":\\"1129-1304\\",\\"init_range\\":\\"0-1128\\"},\\"check_info\\":{\\"check_info\\":\\"a:v0d00fg10000d3igabvog65m2gbs1m4g|b:0-1304-3564341234757a5493a075150bec59ea|c:0-1304-55fb\\"},\\"first_segment_range\\":\\"1305-177859\\",\\"gear_des_key\\":\\"0:DASH|1:normal|2:h265_hvc1|4:720p|5:adapt_lowest|10000:105\\",\\"quality_type\\":15}","definition":"720p","quality":"adapt_lowest","quality_desc":"","file_id":"0b00fde682204c44a4174a7b0a6b9857","real_bitrate":320633,"audio_file_id":"e9f5191f697c2830a7655043783b654b","applog_map":{"feature_id":"b38008770b4e09863331b14b26bcdc23"},"mvmaf":"{\\"mvmaf_sr_v1080\\":96.832,\\"mvmaf_sr_v960\\":98.084,\\"mvmaf_sr_v864\\":98.635,\\"mvmaf_sr_v720\\":99.046,\\"mvmaf_ori_v1080\\":86.579,\\"mvmaf_ori_v960\\":89.508,\\"mvmaf_ori_v864\\":91.135,\\"mvmaf_ori_v720\\":94.295}","ufq":"{\\"enh\\":91.885,\\"playback\\":{\\"ori\\":82.464,\\"srv1\\":90.62},\\"src\\":91.885,\\"trans\\":82.464,\\"version\\":\\"v1.0\\"}","audio_metrics":null,"audio_score":null}', 'format': 'dash'}, {'gear_name': 'adapt_540_1', 'quality_type': 28, 'bit_rate': 243463, 'play_addr': {'uri': 'v0d00fg10000d3igabvog65m2gbs1m4g', 'url_list': ['https://v5-dy-o-abtest.zjcdn.com/232e271f39eaf27c44392e9cceb39c86/68f79558/video/tos/cn/tos-cn-vd-0026/oMAA2LEgIAgov55fCCFNlmDAJRUfAAAKDBQ9As/media-video-hvc1/?a=6383&ch=0&cr=8&dr=0&er=1&lr=default&cd=0%7C0%7C0%7C3&cv=1&br=237&bt=237&cs=4&ds=6&mime_type=video_mp4&qs=11&rc=Ozk1NWY5OjY4NzM6NTg1NkBpanB2anA5cmVqNjMzNGkzM0BeMy0vLjIxNTUxNi1gMF9jYSMxLl8vMmRzXmZhLS1kLWFzcw%3D%3D&btag=80000e00028000&cquery=101r_100o&dy_q=1760969609&l=20251020221329FF810B6B17C3D024C6A3', 'https://v5-dy-o-abtest.zjcdn.com/232e271f39eaf27c44392e9cceb39c86/68f79558/video/tos/cn/tos-cn-vd-0026/oMAA2LEgIAgov55fCCFNlmDAJRUfAAAKDBQ9As/media-video-hvc1/?a=6383&ch=0&cr=8&dr=0&er=1&lr=default&cd=0%7C0%7C0%7C3&cv=1&br=237&bt=237&cs=4&ds=6&mime_type=video_mp4&qs=11&rc=Ozk1NWY5OjY4NzM6NTg1NkBpanB2anA5cmVqNjMzNGkzM0BeMy0vLjIxNTUxNi1gMF9jYSMxLl8vMmRzXmZhLS1kLWFzcw%3D%3D&btag=80000e00028000&cquery=101r_100o&dy_q=1760969609&l=20251020221329FF810B6B17C3D024C6A3', 'https://www.douyin.com/aweme/v1/play/dash/?video_id=v0d00fg10000d3igabvog65m2gbs1m4g&line=0&file_id=f3b235c2079044858347561c220266a8&sign=af7ce09ac4258e27bdb5fa5038a1fb59&is_play_url=1&source=PackSourceEnum_PUBLISH'], 'width': 576, 'height': 1024, 'url_key': 'v0d00fg10000d3igabvog65m2gbs1m4g_bytevc1_540p_243463', 'data_size': 2420417, 'file_hash': 'af7ce09ac4258e27bdb5fa5038a1fb59'}, 'is_h265': 1, 'is_bytevc1': 1, 'HDR_type': '', 'HDR_bit': '', 'FPS': 30, 'video_extra': '{"PktOffsetMap":"","format":"dash","sub_info":"{\\"audio_channels\\":\\"2.0\\",\\"audio_layout\\":\\"C\\",\\"audio_sample_rate\\":\\"44100\\",\\"base_range_info\\":{\\"first_moof_range\\":\\"1305-3084\\",\\"index_range\\":\\"1129-1304\\",\\"init_range\\":\\"0-1128\\"},\\"check_info\\":{\\"check_info\\":\\"a:v0d00fg10000d3igabvog65m2gbs1m4g|b:0-1304-6924752918fe933df295c5e9074f4ce1|c:0-1304-75ac\\"},\\"first_segment_range\\":\\"1305-163576\\",\\"gear_des_key\\":\\"0:DASH|1:normal|2:h265_hvc1|4:540p|5:adapt|10000:105\\",\\"quality_type\\":28}","definition":"540p","quality":"adapt","quality_desc":"","file_id":"f3b235c2079044858347561c220266a8","real_bitrate":300056,"audio_file_id":"e9f5191f697c2830a7655043783b654b","applog_map":{"feature_id":"b38008770b4e09863331b14b26bcdc23"},"mvmaf":"{\\"mvmaf_sr_v1080\\":94.444,\\"mvmaf_sr_v960\\":96.72,\\"mvmaf_sr_v864\\":97.488,\\"mvmaf_sr_v720\\":98.332,\\"mvmaf_ori_v1080\\":82.175,\\"mvmaf_ori_v960\\":85.489,\\"mvmaf_ori_v864\\":87.34,\\"mvmaf_ori_v720\\":90.598}","ufq":"{\\"enh\\":91.885,\\"playback\\":{\\"ori\\":78.766,\\"srv1\\":89.698},\\"src\\":91.885,\\"trans\\":78.766,\\"version\\":\\"v1.0\\"}","audio_metrics":null,"audio_score":null}', 'format': 'dash'}, {'gear_name': 'adapt_lower_540_1', 'quality_type': 21, 'bit_rate': 205190, 'play_addr': {'uri': 'v0d00fg10000d3igabvog65m2gbs1m4g', 'url_list': ['https://v5-dy-o-abtest.zjcdn.com/2e9d66b29e65df6558a3d99244d179c5/68f79558/video/tos/cn/tos-cn-vd-0026/ooEfAIYlkLOAUDBAijIGYzekAAofAS8FC0afD2/media-video-hvc1/?a=6383&ch=0&cr=8&dr=0&er=1&lr=default&cd=0%7C0%7C0%7C3&cv=1&br=200&bt=200&cs=4&ds=6&mime_type=video_mp4&qs=14&rc=OzloNjVoaDQ5OmU4NGY8ZkBpanB2anA5cmVqNjMzNGkzM0AyMS5jXi40XjIxNDMzLzRgYSMxLl8vMmRzXmZhLS1kLWFzcw%3D%3D&btag=80000e00028000&cquery=101r_100o&dy_q=1760969609&l=20251020221329FF810B6B17C3D024C6A3', 'https://v5-dy-o-abtest.zjcdn.com/2e9d66b29e65df6558a3d99244d179c5/68f79558/video/tos/cn/tos-cn-vd-0026/ooEfAIYlkLOAUDBAijIGYzekAAofAS8FC0afD2/media-video-hvc1/?a=6383&ch=0&cr=8&dr=0&er=1&lr=default&cd=0%7C0%7C0%7C3&cv=1&br=200&bt=200&cs=4&ds=6&mime_type=video_mp4&qs=14&rc=OzloNjVoaDQ5OmU4NGY8ZkBpanB2anA5cmVqNjMzNGkzM0AyMS5jXi40XjIxNDMzLzRgYSMxLl8vMmRzXmZhLS1kLWFzcw%3D%3D&btag=80000e00028000&cquery=101r_100o&dy_q=1760969609&l=20251020221329FF810B6B17C3D024C6A3', 'https://www.douyin.com/aweme/v1/play/dash/?video_id=v0d00fg10000d3igabvog65m2gbs1m4g&line=0&file_id=cc792c61657b4756a17e1ea2f31e4658&sign=6b26c18158c6873b2403050cfb73a1a4&is_play_url=1&source=PackSourceEnum_PUBLISH'], 'width': 576, 'height': 1024, 'url_key': 'v0d00fg10000d3igabvog65m2gbs1m4g_bytevc1_540p_205190', 'data_size': 2039924, 'file_hash': '6b26c18158c6873b2403050cfb73a1a4'}, 'is_h265': 1, 'is_bytevc1': 1, 'HDR_type': '', 'HDR_bit': '', 'FPS': 30, 'video_extra': '{"PktOffsetMap":"","format":"dash","sub_info":"{\\"audio_channels\\":\\"2.0\\",\\"audio_layout\\":\\"C\\",\\"audio_sample_rate\\":\\"44100\\",\\"base_range_info\\":{\\"first_moof_range\\":\\"1305-3084\\",\\"index_range\\":\\"1129-1304\\",\\"init_range\\":\\"0-1128\\"},\\"check_info\\":{\\"check_info\\":\\"a:v0d00fg10000d3igabvog65m2gbs1m4g|b:0-1304-0d908d897656eb2ba21176b15d00a7f7|c:0-1304-4936\\"},\\"first_segment_range\\":\\"1305-131392\\",\\"gear_des_key\\":\\"0:DASH|1:normal|2:h265_hvc1|4:540p|5:adapt_lower|10000:105\\",\\"quality_type\\":21}","definition":"540p","quality":"adapt_lower","quality_desc":"","file_id":"cc792c61657b4756a17e1ea2f31e4658","real_bitrate":257801,"audio_file_id":"e9f5191f697c2830a7655043783b654b","applog_map":{"feature_id":"2ec60419b2ec858b9b1eae59874b17b0"},"mvmaf":"{\\"mvmaf_sr_v1080\\":93.068,\\"mvmaf_sr_v960\\":95.477,\\"mvmaf_sr_v864\\":96.409,\\"mvmaf_sr_v720\\":97.517,\\"mvmaf_ori_v1080\\":80.838,\\"mvmaf_ori_v960\\":84.296,\\"mvmaf_ori_v864\\":86.192,\\"mvmaf_ori_v720\\":89.492}","audio_metrics":null,"audio_score":null}', 'format': 'dash'}], 'duration': 79552, 'play_addr_265': {'uri': 'v0d00fg10000d3igabvog65m2gbs1m4g', 'url_list': ['https://v5-dy-o-abtest.zjcdn.com/ab1da773a3f031020953a528f3b2086a/68f66e08/video/tos/cn/tos-cn-ve-15/oQ2K2DUIJCFQAIvfAgslCNoRCH9A5ACZEEfBQF/?a=6383&ch=10010&cr=3&dr=0&lr=all&cd=0%7C0%7C0%7C3&cv=1&br=293&bt=293&cs=2&ds=6&ft=c2YTctGHQPRUZxfusdr~kwPqYldQIKDEE-TerrNqq_45a&mime_type=video_mp4&qs=11&rc=NGU6aGlmZGc2aThnNDhoNEBpanB2anA5cmVqNjMzNGkzM0BhXzVjYDQ1XjMxLWNiNmIuYSMxLl8vMmRzXmZhLS1kLWFzcw%3D%3D&btag=80000e00028000&cquery=100o_101r_100B_100H_100K&dy_q=1760969609&feature_id=b38008770b4e09863331b14b26bcdc23&l=20251020221329FF810B6B17C3D024C6A3', 'https://v5-dy-o-abtest.zjcdn.com/ab1da773a3f031020953a528f3b2086a/68f66e08/video/tos/cn/tos-cn-ve-15/oQ2K2DUIJCFQAIvfAgslCNoRCH9A5ACZEEfBQF/?a=6383&ch=10010&cr=3&dr=0&lr=all&cd=0%7C0%7C0%7C3&cv=1&br=293&bt=293&cs=2&ds=6&ft=c2YTctGHQPRUZxfusdr~kwPqYldQIKDEE-TerrNqq_45a&mime_type=video_mp4&qs=11&rc=NGU6aGlmZGc2aThnNDhoNEBpanB2anA5cmVqNjMzNGkzM0BhXzVjYDQ1XjMxLWNiNmIuYSMxLl8vMmRzXmZhLS1kLWFzcw%3D%3D&btag=80000e00028000&cquery=101r_100B_100H_100K_100o&dy_q=1760969609&feature_id=b38008770b4e09863331b14b26bcdc23&l=20251020221329FF810B6B17C3D024C6A3', 'https://www.douyin.com/aweme/v1/play/?video_id=v0d00fg10000d3igabvog65m2gbs1m4g&line=0&file_id=11ee95e1fd054f63ad8a7ccffe87bbd1&sign=bbdf0ed85b1586920512098ae2094776&is_play_url=1&source=PackSourceEnum_PUBLISH'], 'width': 576, 'height': 1024, 'url_key': 'v0d00fg10000d3igabvog65m2gbs1m4g_bytevc1_540p_300056', 'data_size': 2983759, 'file_hash': 'bbdf0ed85b1586920512098ae2094776', 'file_cs': 'c:0-67086-6a86|a:v0d00fg10000d3igabvog65m2gbs1m4g'}, 'bit_rate_audio': [{'audio_meta': {'url_list': {'main_url': 'https://v5-dy-o-abtest.zjcdn.com/ba9ac574888bab56221e94c90c5f3e79/68f79558/video/tos/cn/tos-cn-vd-0026/oMAA2LEgIAgov55fCCFNlmDAJRUfAAAKDBQ9As/media-audio-und-mp4a/?a=6383&ch=0&cr=8&dr=0&er=1&lr=default&cd=0%7C0%7C0%7C3&cv=1&br=52&bt=52&cs=4&mime_type=video_mp4&qs=11&rc=ZThlOzYzODozO2Y8aTw4PEBpanB2anA5cmVqNjMzNGkzM0AxMzA0MTIzXjAvNDMuLmNiYSMxLl8vMmRzXmZhLS1kLWFzcw%3D%3D&btag=80000e00028000&cquery=100o_101r&dy_q=1760969609&l=20251020221329FF810B6B17C3D024C6A3', 'backup_url': 'https://v5-dy-o-abtest.zjcdn.com/ba9ac574888bab56221e94c90c5f3e79/68f79558/video/tos/cn/tos-cn-vd-0026/oMAA2LEgIAgov55fCCFNlmDAJRUfAAAKDBQ9As/media-audio-und-mp4a/?a=6383&ch=0&cr=8&dr=0&er=1&lr=default&cd=0%7C0%7C0%7C3&cv=1&br=52&bt=52&cs=4&mime_type=video_mp4&qs=11&rc=ZThlOzYzODozO2Y8aTw4PEBpanB2anA5cmVqNjMzNGkzM0AxMzA0MTIzXjAvNDMuLmNiYSMxLl8vMmRzXmZhLS1kLWFzcw%3D%3D&btag=80000e00028000&cquery=101r_100o&dy_q=1760969609&l=20251020221329FF810B6B17C3D024C6A3', 'fallback_url': 'https://www.douyin.com/aweme/v1/play/dash/?video_id=v0d00fg10000d3igabvog65m2gbs1m4g&line=0&file_id=e9f5191f697c2830a7655043783b654b&sign=e9f5191f697c2830a7655043783b654b&is_play_url=1&source=PackSourceEnum_PUBLISH'}, 'encoded_type': 'normal', 'media_type': 'audio', 'logo_type': '', 'quality': 'adapt', 'quality_desc': '', 'format': 'dash', 'bitrate': 53452, 'codec_type': 'bytevc1', 'size': 531521, 'fps': 0, 'file_id': 'e9f5191f697c2830a7655043783b654b', 'file_hash': 'e9f5191f697c2830a7655043783b654b', 'sub_info': '{"audio_channels":"2.0","audio_layout":"C","audio_sample_rate":"44100","base_range_info":{"index_range":"866-1053","init_range":"0-865"},"check_info":{"check_info":"a:v0d00fg10000d3igabvog65m2gbs1m4g|b:0-1053-28c6e66d5eb9396598ec1817d0afdee9|c:0-1053-e291"},"first_segment_range":"1054-46181","gear_des_key":"0:dash|1:normal|2:bytevc1|5:adapt|10000:105"}'}, 'audio_quality': 6, 'audio_extra': '{"real_bitrate":300056}'}], 'play_addr_h264': {'uri': 'v0d00fg10000d3igabvog65m2gbs1m4g', 'url_list': ['https://v5-dy-o-abtest.zjcdn.com/039c6d45a4b701bf63db89ff6f38271c/68f66e08/video/tos/cn/tos-cn-ve-15/oUDBQSLgyF0f1srsCgGAISlY2UjAdEfDRBIeeZ/?a=6383&ch=10010&cr=3&dr=0&lr=all&cd=0%7C0%7C0%7C3&cv=1&br=916&bt=916&cs=0&ds=4&ft=c2YTctGHQPRUZxfusdr~kwPqYldQIKDEE-TerrNqq_45a&mime_type=video_mp4&qs=0&rc=Z2k2OGRnaTVkN2RmOGY4aUBpanB2anA5cmVqNjMzNGkzM0AwYmAyNDQ1NWMxNDNjMDJgYSMxLl8vMmRzXmZhLS1kLWFzcw%3D%3D&btag=80000e00028000&cquery=101r_100B_100H_100K_100o&dy_q=1760969609&feature_id=0ea98fd3bdc3c6c14a3d0804cc272721&l=20251020221329FF810B6B17C3D024C6A3', 'https://v5-dy-o-abtest.zjcdn.com/039c6d45a4b701bf63db89ff6f38271c/68f66e08/video/tos/cn/tos-cn-ve-15/oUDBQSLgyF0f1srsCgGAISlY2UjAdEfDRBIeeZ/?a=6383&ch=10010&cr=3&dr=0&lr=all&cd=0%7C0%7C0%7C3&cv=1&br=916&bt=916&cs=0&ds=4&ft=c2YTctGHQPRUZxfusdr~kwPqYldQIKDEE-TerrNqq_45a&mime_type=video_mp4&qs=0&rc=Z2k2OGRnaTVkN2RmOGY4aUBpanB2anA5cmVqNjMzNGkzM0AwYmAyNDQ1NWMxNDNjMDJgYSMxLl8vMmRzXmZhLS1kLWFzcw%3D%3D&btag=80000e00028000&cquery=100o_101r_100B_100H_100K&dy_q=1760969609&feature_id=0ea98fd3bdc3c6c14a3d0804cc272721&l=20251020221329FF810B6B17C3D024C6A3', 'https://www.douyin.com/aweme/v1/play/?video_id=v0d00fg10000d3igabvog65m2gbs1m4g&line=0&file_id=cf553cf56c7a44fa828f7d7a55c3ef3d&sign=9d3b06ff753b96a3e27fb1639fe0b0c4&is_play_url=1&source=PackSourceEnum_PUBLISH'], 'width': 1080, 'height': 1920, 'url_key': 'v0d00fg10000d3igabvog65m2gbs1m4g_h264_1080p_938282', 'data_size': 9330284, 'file_hash': '9d3b06ff753b96a3e27fb1639fe0b0c4', 'file_cs': 'c:0-66898-28ad|a:v0d00fg10000d3igabvog65m2gbs1m4g'}, 'raw_cover': {'uri': 'tos-cn-i-dy/3e185b64637641b08f3153fb8b8f4c8b', 'url_list': ['https://p3-pc-sign.douyinpic.com/tos-cn-i-dy/3e185b64637641b08f3153fb8b8f4c8b~tplv-dy-cropcenter:323:430.jpeg?lk3s=138a59ce&x-expires=2076328800&x-signature=bv9roZo%2Fs5i%2FCV9K%2BE1mRXW8vzM%3D&from=327834062&s=PackSourceEnum_PUBLISH&se=true&sh=323_430&sc=cover&biz_tag=pcweb_cover&l=20251020221329FF810B6B17C3D024C6A3', 'https://p3-pc-sign.douyinpic.com/obj/tos-cn-i-dy/3e185b64637641b08f3153fb8b8f4c8b?lk3s=138a59ce&x-expires=2076328800&x-signature=adj8Uu7PjzI8W4DaTQSs20vBStc%3D&from=327834062&s=PackSourceEnum_PUBLISH&se=false&sc=cover&biz_tag=pcweb_cover&l=20251020221329FF810B6B17C3D024C6A3'], 'width': 720, 'height': 720}, 'is_long_video': 1, 'animated_cover': {'uri': 'tos-cn-i-dy/3e185b64637641b08f3153fb8b8f4c8b', 'url_list': ['https://p3-pc-sign.douyinpic.com/obj/tos-cn-i-dy/3e185b64637641b08f3153fb8b8f4c8b?lk3s=138a59ce&x-expires=1762178400&x-signature=6Zrcz5wLOoRgUV7Gehzc3xkvquE%3D&from=327834062_large&s=PackSourceEnum_PUBLISH&se=false&sc=dynamic_cover&biz_tag=pcweb_cover&l=20251020221329FF810B6B17C3D024C6A3', 'https://p9-pc-sign.douyinpic.com/obj/tos-cn-i-dy/3e185b64637641b08f3153fb8b8f4c8b?lk3s=138a59ce&x-expires=1762178400&x-signature=n0HLn2rCC2f6MMfOr%2BkotVZIqEU%3D&from=327834062_large&s=PackSourceEnum_PUBLISH&se=false&sc=dynamic_cover&biz_tag=pcweb_cover&l=20251020221329FF810B6B17C3D024C6A3']}, 'gaussian_cover': {'uri': 'tos-cn-p-0015/o4jA0ZlUfEsQBAL2YCBQFcvBilDeALef1SBGIS', 'url_list': ['https://p3-pc-sign.douyinpic.com/tos-cn-p-0015/o4jA0ZlUfEsQBAL2YCBQFcvBilDeALef1SBGIS~tplv-tsj2vxp0zn-gaosi:40.jpeg?lk3s=138a59ce&x-expires=1792504800&x-signature=92xlmKmGU4RqJNreywzASwF6FKU%3D&from=327834062', 'https://p9-pc-sign.douyinpic.com/tos-cn-p-0015/o4jA0ZlUfEsQBAL2YCBQFcvBilDeALef1SBGIS~tplv-tsj2vxp0zn-gaosi:40.jpeg?lk3s=138a59ce&x-expires=1792504800&x-signature=vCUIjoj04DKfdM59rzJhcWj1xeU%3D&from=327834062'], 'width': 720, 'height': 720}, 'meta': '{"bright_ratio_mean":"0.3736","brightness_mean":"200.4774","diff_overexposure_ratio":"0.0021","enable_manual_ladder":"1","format":"mp4","gear_vqm":"{\\"1080p_720p\\":2,\\"720p_540p\\":1}","hrids":"500000002","is_spatial_video":"0","isad":"0","loudness":"-12.9","overexposure_ratio_mean":"0.3074","peak":"1","qprf":"1.000","sdgs":"[\\"normal_1080_0\\",\\"normal_720_0\\",\\"low_720_0\\",\\"low_540_0\\",\\"adapt_low_540_0\\",\\"adapt_lowest_1080_1\\",\\"adapt_lowest_720_1\\",\\"adapt_540_1\\",\\"adapt_lower_540_1\\"]","sr_potential":"{\\"v1.0\\":{\\"score\\":65.788}}","sr_score":"1.000","std_brightness":"9.5443","strategy_tokens":"[\\"online\\",\\"sexp_0702_0819\\",\\"sexp_reward02_0721\\",\\"sexp_reward01_0721\\",\\"sexp_0701_0819\\"]","title_info":"{\\"avg_br_pc\\":221,\\"bottom_res_add\\":[2.18,0.45,0,31.73,41.45,0,0,0,0,0,0,0,0,0,0],\\"bullet_zone\\":15.1,\\"mean_br_l\\":[241.79,233.41,222.5,212.26,201.56,188.81],\\"pc60_br_l\\":[244.81,235.71,223.61,212.22,199.31,183.01],\\"progress_bar\\":[244,244,244],\\"ratio_br_l\\":[244.8,235.65,223.34,211.53,198.06,182.65],\\"ratio_br_l_thre220\\":[0.99,0.8,0.61,0.49,0.41,0.35],\\"ratio_edge_l\\":[0,0,0,0.14,0.12,0.1],\\"std_br_l\\":[27.03,21.42,15.26,12.15,11.44,13.67],\\"top_res_add\\":[0,0,0,0,9.27,38,15.45],\\"version\\":\\"v1.0\\"}","volume_info":"{\\"LoudnessRangeEnd\\":-12,\\"LoudnessRangeStart\\":-14.9,\\"MaximumShortTermLoudness\\":-11.2,\\"Version\\":2,\\"Loudness\\":-12.9,\\"LoudnessRange\\":2.9,\\"MaximumMomentaryLoudness\\":-7.1,\\"Metrics\\":{\\"Loudness\\":{\\"Integrated\\":-12.939},\\"Phase\\":{\\"RMSDownmixDiff\\":-0.096},\\"RMSStats\\":{\\"LTotal\\":-16.315,\\"Peak\\":0.523,\\"RTotal\\":-16.198,\\"LRDiff\\":-0.118},\\"Version\\":\\"1.4.2\\"},\\"Peak\\":1}","vqs_origin":"73.98"}', 'video_model': '', 'is_source_HDR': 0, 'use_static_cover': True, 'big_thumbs': [{'img_num': 80, 'uri': 'tos-cn-p-0015/ok2lvKUE0C9fCILIZBFoABjDgJN9xABdfQ5AAs', 'img_url': 'https://p26-sign.douyinpic.com/tos-cn-p-0015/ok2lvKUE0C9fCILIZBFoABjDgJN9xABdfQ5AAs~tplv-noop.image?cquery=101r_100B_100H_100K_100o&dy_q=1760969609&l=20251020221329FF810B6B17C3D024C6A3&x-expires=1760980488&x-signature=76uE2BIaOi4KeeHixIBsJGJ9MnE%3D', 'img_x_size': 136, 'img_y_size': 240, 'img_x_len': 5, 'img_y_len': 5, 'duration': 79.53333, 'interval': 1, 'fext': 'jpg', 'uris': ['tos-cn-p-0015/ok2lvKUE0C9fCILIZBFoABjDgJN9xABdfQ5AAs', 'tos-cn-p-0015/oQdl9okK5zCEAB3BAAIg2sUfvfKgiFIDCANBJQ', 'tos-cn-p-0015/o02KiDUIJbFQAbvfAgslCNodBz9A5AnSEIfBCI', 'tos-cn-p-0015/oEeIAesFGCzjLxeDflIBBlQdlE0QUSBAYJ2iSA'], 'img_urls': ['https://p26-sign.douyinpic.com/tos-cn-p-0015/ok2lvKUE0C9fCILIZBFoABjDgJN9xABdfQ5AAs~tplv-noop.image?cquery=101r_100B_100H_100K_100o&dy_q=1760969609&l=20251020221329FF810B6B17C3D024C6A3&x-expires=1760980488&x-signature=76uE2BIaOi4KeeHixIBsJGJ9MnE%3D', 'https://p26-sign.douyinpic.com/tos-cn-p-0015/oQdl9okK5zCEAB3BAAIg2sUfvfKgiFIDCANBJQ~tplv-noop.image?cquery=100H_100K_100o_101r_100B&dy_q=1760969609&l=20251020221329FF810B6B17C3D024C6A3&x-expires=1760980488&x-signature=fQMlpXmxipAeYeRn2UgaF0h6P%2Bw%3D', 'https://p26-sign.douyinpic.com/tos-cn-p-0015/o02KiDUIJbFQAbvfAgslCNodBz9A5AnSEIfBCI~tplv-noop.image?cquery=100K_100o_101r_100B_100H&dy_q=1760969609&l=20251020221329FF810B6B17C3D024C6A3&x-expires=1760980488&x-signature=JUPMJ0cWOq3HmdTYxiXMuobkQFM%3D', 'https://p26-sign.douyinpic.com/tos-cn-p-0015/oEeIAesFGCzjLxeDflIBBlQdlE0QUSBAYJ2iSA~tplv-noop.image?cquery=100B_100H_100K_100o_101r&dy_q=1760969609&l=20251020221329FF810B6B17C3D024C6A3&x-expires=1760980488&x-signature=UEPFkklafKBrFluBWmGj8axNEJI%3D']}]}, 'item_aigc_follow_shot': 1, 'user_digged': 0, 'statistics': {'recommend_count': 9, 'comment_count': 2, 'digg_count': 171, 'admire_count': 0, 'play_count': 0, 'share_count': 75, 'collect_count': 65}, 'status': {'not_allow_soft_del_reason': 'ab', 'is_delete': False, 'allow_share': True, 'review_result': {'review_status': 0}, 'allow_friend_recommend_guide': True, 'part_see': 0, 'private_status': 0, 'listen_video_status': 2, 'in_reviewing': False, 'allow_self_recommend_to_friend': True, 'allow_friend_recommend': True, 'is_prohibited': False, 'enable_soft_delete': 0}, 'personal_page_botton_diagnose_style': 0, 'text_extra': [], 'is_top': 0, 'game_tag_info': {'is_game': False}, 'share_info': {'share_url': 'https://www.iesdouyin.com/share/video/7558453827112897831/?region=US&mid=7558453880628267776&u_code=0&did=MS4wLjABAAAAvCMmrvAxedjvycgJ9K0iX5KdtDHpyq-etIWoeicy6xniB0XMxRYv3S-CyP_GdsPs&iid=MS4wLjABAAAANwkJuWIRFOzg5uCpDRpMj4OX-QryoDgn-yYlXQnRwQQ&with_sec_did=1&video_share_track_ver=&titleType=title&share_sign=lbN6JFsBszDEpRh8A46xk4s8xb8MU_hYLxGZOKdrVo4-&share_version=290100&ts=1760969609&from_aid=6383&from_ssr=1&share_track_info=%7B%22link_description_type%22%3A%22%22%7D', 'share_link_desc': '4.12 10/21 j@p.DH hod:/ 别让孩子“谁给爱就跟谁走” 父母给够爱的孩子，会和爸妈建立牢固的归属感——“我的爱只来自家里”；而缺爱的孩子，会像抓住救命稻草一样，谁给爱就归属谁。 # 幼儿教育# 父母课堂# 育儿# 亲子关系# 家庭教育# 孙瑞雪  %s 复制此链接，打开Dou音搜索，直接观看视频！'}, 'nearby_hot_comment': None, 'video_labels': None, 'entertainment_video_paid_way': {'paid_ways': [], 'paid_type': 0, 'enable_use_new_ent_data': False}, 'is_ads': False, 'duration': 79552, 'aweme_type': 0, 'select_anchor_expanded_content': 0, 'ai_follow_images': None, 'image_infos': None, 'risk_infos': {'vote': False, 'warn': False, 'risk_sink': False, 'type': 0, 'content': ''}, 'galileo_pad_textcrop': {'ipad_d_h_cut_ratio': [5, 5], 'ipad_d_v_cut_ratio': [2, 2], 'android_d_h_cut_ratio': [5], 'android_d_v_cut_ratio': None, 'version': 1}, 'ent_log_extra': {'log_extra': '{"global_log_extra":null,"page_log_extra":null,"aweme_log_extra":{"ce_current_group_id":"7558453827112897831","author_id":"1965574329213736"},"extra_log_extra":null}'}, 'position': None, 'uniqid_position': None, 'comment_list': None, 'author_user_id': 1965574329213736, 'product_genre_info': {'product_genre_type': 2, 'material_genre_sub_type_set': [4], 'special_info': {'recommend_group_name': 0}}, 'geofencing': [], 'series_basic_info': {}, 'is_moment_history': 0, 'region': '', 'video_text': None, 'trends_infos': None, 'collect_stat': 0, 'label_top_text': None, 'promotions': [], 'group_id': '7558453827112897831', 'prevent_download': False, 'nickname_position': None, 'challenge_position': None, 'entertainment_video_type': 3, 'recommend_chapter_info': {'recommend_chapter_list': [{'desc': '引言', 'timestamp': 0, 'detail': '', 'points': None}, {'desc': '幼儿园里的两种孩子', 'timestamp': 11500, 'detail': '幼儿园里有两种孩子，一种只要父母爱，另一种只要有人爱。', 'points': None}, {'desc': '孩子缺爱的原因', 'timestamp': 32500, 'detail': '孩子缺爱是因为父母给的爱不够，归属感没有建立起来。', 'points': None}, {'desc': '缺爱孩子的未来', 'timestamp': 43000, 'detail': '缺爱的孩子长大后会到处找爱。', 'points': None}, {'desc': '案例分析', 'timestamp': 50000, 'detail': '父母给够爱的孩子会和父母建立归属感，认为爱是跟父母有关的。', 'points': None}], 'chapter_recommend_type': 1, 'chapter_abstract': '父母给够爱的孩子会和爸妈建立牢固的归属感，而缺爱的孩子会像抓住救命稻草一样，谁给爱就归属谁。这种状态会影响孩子的未来，让他们在长大后仍然到处寻找爱。', 'chapter_recommend_source': 2, 'push_scene': [], 'chapter_bar_color': None}, 'video_share_edit_status': 0, 'long_video': None, 'shoot_way': '', 'trends_event_track': '{}', 'is_24_story': 0, 'follow_shoot_clip_info': {'clip_video_all': 7558453880628267776, 'clip_from_user': 7558453880628267776}, 'interaction_stickers': None, 'publish_plus_alienation': {'alienation_type': 0}, 'origin_comment_ids': None, 'commerce_config_data': None, 'caption_template_id': 0, 'video_control': {'allow_download': False, 'share_type': 0, 'show_progress_bar': 1, 'draft_progress_bar': 1, 'allow_duet': True, 'allow_react': False, 'prevent_download_type': 2, 'allow_dynamic_wallpaper': False, 'timer_status': 1, 'allow_music': True, 'allow_stitch': False, 'allow_douplus': True, 'allow_share': True, 'share_grayed': False, 'download_ignore_visibility': False, 'duet_ignore_visibility': False, 'share_ignore_visibility': False, 'download_info': {'level': 1, 'fail_info': {'code': 290002, 'reason': 'isolation_content', 'msg': '视频暂时无法保存，链接已复制'}}, 'duet_info': {'level': 0}, 'allow_record': True, 'disable_record_reason': '', 'timer_info': {'public_time': 1759917600, 'timer_status': 0}}, 'aweme_control': {'can_forward': True, 'can_share': True, 'can_comment': True, 'can_show_comment': True}, 'douplus_user_type': 0, 'is_25_story': 0, 'can_cache_to_local': True, 'is_moment_story': 0, 'anchors': None, 'hybrid_label': None, 'geofencing_regions': None, 'interest_points': None, 'aweme_acl': {'download_mask_panel': {'code': 1, 'show_type': 0}}, 'aweme_type_tags': '', 'is_story': 0, 'component_control': {'data_source_url': '/aweme/v1/web/aweme/post/'}, 'flash_mob_trends': 0, 'follow_shot_assets': None, 'cover_labels': None, 'is_new_text_mode': 0, 'mv_info': None, 'guide_btn_type': 0, 'is_from_ad_auth': False, 'origin_duet_resource_uri': '', 'images': None, 'relation_labels': None, 'cf_assets_type': 0, 'impression_data': {'group_id_list_a': [], 'group_id_list_b': [], 'similar_id_list_a': None, 'similar_id_list_b': None, 'group_id_list_c': [], 'group_id_list_d': []}, 'aweme_listen_struct': {'trace_info': '{"copyright_not_speech":"false","copyright_reason":"has_listen_cp_new","copyright_tag_hit":"","copyright_use_aed_default":"false","copyright_use_tag_default":"false","cp_ab":"true","desc":"","duration_over":"false","hit_high_risk":"false","media_type":"4","reason":"hit_ab_0","show":"false"}'}, 'chapter_bar_color': None, 'libfinsert_task_id': '', 'social_tag_list': None, 'suggest_words': {'suggest_words': [{'words': [{'word': '孙瑞雪', 'word_id': '6574011292313507076', 'info': '{"End":0,"Start":0,"ecpm_boost_tag":false,"log_pb":"","qrec_for_search":"{}"}'}, {'word': '原生家庭缺爱的表现', 'word_id': '6718925233971008781', 'info': '{"End":0,"Start":0,"ecpm_boost_tag":false,"log_pb":"","qrec_for_search":"{}"}'}, {'word': '孩子缺爱的表现', 'word_id': '6581775769045980430', 'info': '{"End":0,"Start":0,"ecpm_boost_tag":false,"log_pb":"","qrec_for_search":"{}"}'}, {'word': '孩子缺乏爱会有哪些表现', 'word_id': '6955469406000518431', 'info': '{"End":0,"Start":0,"ecpm_boost_tag":false,"log_pb":"","qrec_for_search":"{}"}'}, {'word': '亲子关系不好怎样改善', 'word_id': '6822887260581532941', 'info': '{"End":0,"Start":0,"ecpm_boost_tag":false,"log_pb":"","qrec_for_search":"{}"}'}, {'word': '孩子缺爱怎么补救', 'word_id': '6818583753481327880', 'info': '{"End":0,"Start":0,"ecpm_boost_tag":false,"log_pb":"","qrec_for_search":"{}"}'}], 'scene': 'comment_top_rec', 'icon_url': '', 'hint_text': '大家都在搜：', 'extra_info': '{"resp_from":"hit_cache"}'}, {'words': [{'word': '原生家庭缺爱的表现', 'word_id': '6718925233971008781', 'info': '{"End":0,"Start":0,"ecpm_boost_tag":false,"log_pb":"","qrec_for_search":"{}"}'}], 'scene': 'feed_bottom_rec', 'icon_url': '', 'hint_text': '相关搜索', 'extra_info': '{"resp_from":"hit_cache"}'}, {'words': [{'word': '孙瑞雪', 'word_id': '6574011292313507076', 'info': '{"End":0,"Start":0,"ecpm_boost_tag":false,"log_pb":"","qrec_for_search":"{}"}'}], 'scene': 'detail_inbox_rex', 'icon_url': '', 'hint_text': '', 'extra_info': '{"resp_from":"hit_cache"}'}]}, 'show_follow_button': {}, 'duet_aggregate_in_music_tab': False, 'is_duet_sing': False, 'comment_permission_info': {'comment_permission_status': 0, 'can_comment': True, 'item_detail_entry': False, 'press_entry': False, 'toast_guide': False}, 'original_images': None, 'series_paid_info': {'series_paid_status': 0, 'item_price': 0}, 'img_bitrate': None, 'comment_gid': 7558453827112897831, 'image_album_music_info': {'begin_time': -1, 'end_time': -1, 'volume': -1}, 'video_tag': [{'tag_id': 2024, 'tag_name': '亲子', 'level': 1}, {'tag_id': 2024006, 'tag_name': '母婴', 'level': 2}, {'tag_id': 2024006003, 'tag_name': '育儿知识', 'level': 3}], 'is_collects_selected': 0, 'chapter_list': None, 'feed_comment_config': {'input_config_text': '善语结善缘，恶言伤人心', 'author_audit_status': 0, 'common_flags': '{"item_author_nickname":"孙瑞雪聊教育","video_labels_v2_tag1":"母婴","video_labels_v2_tag2":"育儿理念"}'}, 'is_image_beat': False, 'dislike_dimension_list': None, 'standard_bar_info_list': None, 'photo_search_entrance': {'ecom_type': 0}, 'is_life_item': False, 'image_list': None, 'component_info_v2': '{"desc_lines_limit":0,"hide_marquee":false}', 'item_warn_notification': {'type': 0, 'show': False, 'content': ''}, 'origin_text_extra': None, 'disable_relation_bar': 0, 'packed_clips': None, 'author_mask_tag': 0, 'user_recommend_status': 1, 'collection_corner_mark': 0, 'is_share_post': False, 'image_comment': {}, 'visual_search_info': {'is_show_img_entrance': False, 'is_ecom_img': False, 'is_high_accuracy_ecom': False, 'is_high_recall_ecom': False}, 'tts_id_list': None, 'ref_tts_id_list': None, 'voice_modify_id_list': None, 'ref_voice_modify_id_list': None, 'authentication_token': 'MS4wLjAAAAAA2NApdXbfTDAF3GKYuLOWkmDQY0UXlpjoaZTEL_QQOfMwmr7eu8Ybhrx7HQ-JykztXHOtwexoVQgdcvjCzCymrvXxTS9x8WlhwNechTkewyDE7Aqam0MZQf-o_U6VTrQDwjyu85-iUxkNVfKJ9SfESUTKn3CdLgmdkVxEMb24Og7AMiUun_C-cevzcWZzsWoBHTo49ABhAqqKMfRp8KY2URmM6MJPZzy9NbqkCayAqlzx9ftLGQ1kxmcI6h87gFRH', 'video_game_data_channel_config': {}, 'dislike_dimension_list_v2': None, 'distribute_circle': {'distribute_type': 0, 'campus_block_interaction': False, 'is_campus': False}, 'image_crop_ctrl': 0, 'yumme_recreason': None, 'slides_music_beats': None, 'jump_tab_info_list': None, 'media_type': 4, 'reply_smart_emojis': None, 'activity_video_type': -1, 'boost_status': 0, 'create_scale_type': None, 'entertainment_product_info': {'sub_title': None, 'market_info': {'limit_free': {'in_free': False}, 'marketing_tag': None}}, 'caption': '父母给够爱的孩子，会和爸妈建立牢固的归属感——“我的爱只来自家里”；而缺爱的孩子，会像抓住救命稻草一样，谁给爱就归属谁。\n\n#幼儿教育#父母课堂#育儿#亲子关系#家庭教育#孙瑞雪', 'item_title': '别让孩子“谁给爱就跟谁走”', 'is_use_music': False, 'original': 0, 'xigua_base_info': {'status': 0, 'star_altar_order_id': 0, 'star_altar_type': 0, 'item_id': 0}, 'mark_largely_following': False, 'friend_recommend_info': {'friend_recommend_source': 10, 'label_user_list': None, 'disable_friend_recommend_guide_label': False}, 'enable_comment_sticker_rec': False}, {'aweme_id': '7558452620256349483', 'desc': '被爱是孩子一生的底气 只要活着，每个人都有一个需求——被爱。童年没获得的爱，会让我们一生都在向外寻找。\n#幼儿教育#父母课堂#育儿#亲子关系#家庭教育#孙瑞雪', 'create_time': 1759846800, 'author': {'uid': '1965574329213736', 'card_entries_not_display': None, 'nickname': '孙瑞雪聊教育', 'personal_tag_list': None, 'homepage_bottom_toast': None, 'avatar_thumb': {'uri': '100x100/aweme-avatar/tos-cn-avt-0015_afee5b125df955a19af4c41159ad1295', 'url_list': ['https://p3-pc.douyinpic.com/aweme/100x100/aweme-avatar/tos-cn-avt-0015_afee5b125df955a19af4c41159ad1295.jpeg?from=327834062'], 'width': 720, 'height': 720}, 'batch_unfollow_contain_tabs': None, 'not_seen_item_id_list': None, 'follow_status': 0, 'contrail_list': None, 'story_interactive': 0, 'data_label_list': None, 'custom_verify': '', 'follower_list_secondary_information_struct': None, 'display_info': None, 'interest_tags': None, 'account_cert_info': '{}', 'user_tags': None, 'share_info': {'share_url': '', 'share_weibo_desc': '', 'share_desc': '', 'share_title': '', 'share_qrcode_url': {'uri': '31b0500316c4e154852bc', 'url_list': ['https://p3-pc-sign.douyinpic.com/obj/31b0500316c4e154852bc?lk3s=138a59ce&x-expires=1760990400&x-signature=VnOegD8kfOkclbkCT%2BIUAVSkQl4%3D&from=327834062'], 'width': 720, 'height': 720}, 'share_title_myself': '', 'share_title_other': '', 'share_desc_info': ''}, 'can_set_geofencing': None, 'sec_uid': 'MS4wLjABAAAAnAFnkWlOm9jteymsi42fanYLMzfbqdGIwCILEUqDNmFyjfK9N8fSJdS_D2UWk_we', 'need_points': None, 'enterprise_verify_reason': '', 'is_ad_fake': False, 'story_ttl': 0, 'user_permissions': None, 'card_entries': None, 'creator_tag_list': None, 'offline_info_list': None, 'text_extra': None, 'card_sort_priority': None, 'prevent_download': False, 'special_people_labels': None, 'white_cover_url': None, 'endorsement_info_list': None, 'follower_status': 0, 'profile_mob_params': None, 'familiar_visitor_user': None, 'avatar_schema_list': None, 'cover_url': [{'uri': 'c8510002be9a3a61aad2', 'url_list': ['https://p3-pc-sign.douyinpic.com/obj/c8510002be9a3a61aad2?lk3s=138a59ce&x-expires=1762178400&x-signature=bEz6E0nbTH1458RtDsUU87G74Mk%3D&from=327834062'], 'width': 720, 'height': 720}], 'cf_list': None, 'im_role_ids': None, 'not_seen_item_id_list_v2': None, 'signature_extra': None, 'risk_notice_text': '', 'ban_user_functions': None, 'profile_component_disabled': None, 'verification_permission_ids': None, 'identity_labels': None, 'private_relation_list': None, 'link_item_list': None, 'batch_unfollow_relation_desc': None}, 'music': {'id': 7558452671724735251, 'id_str': '7558452671724735251', 'title': '@孙瑞雪聊教育创作的原声', 'author': '孙瑞雪聊教育', 'album': '', 'cover_hd': {'uri': '1080x1080/aweme-avatar/tos-cn-avt-0015_afee5b125df955a19af4c41159ad1295', 'url_list': ['https://p3-pc.douyinpic.com/aweme/1080x1080/aweme-avatar/tos-cn-avt-0015_afee5b125df955a19af4c41159ad1295.jpeg?from=327834062'], 'width': 720, 'height': 720}, 'cover_large': {'uri': '1080x1080/aweme-avatar/tos-cn-avt-0015_afee5b125df955a19af4c41159ad1295', 'url_list': ['https://p3-pc.douyinpic.com/aweme/1080x1080/aweme-avatar/tos-cn-avt-0015_afee5b125df955a19af4c41159ad1295.jpeg?from=327834062'], 'width': 720, 'height': 720}, 'cover_medium': {'uri': '720x720/aweme-avatar/tos-cn-avt-0015_afee5b125df955a19af4c41159ad1295', 'url_list': ['https://p3-pc.douyinpic.com/aweme/720x720/aweme-avatar/tos-cn-avt-0015_afee5b125df955a19af4c41159ad1295.jpeg?from=327834062'], 'width': 720, 'height': 720}, 'cover_thumb': {'uri': '100x100/aweme-avatar/tos-cn-avt-0015_afee5b125df955a19af4c41159ad1295', 'url_list': ['https://p3-pc.douyinpic.com/aweme/100x100/aweme-avatar/tos-cn-avt-0015_afee5b125df955a19af4c41159ad1295.jpeg?from=327834062'], 'width': 720, 'height': 720}, 'play_url': {'uri': 'https://lf9-music-east.douyinstatic.com/obj/ies-music-hj/7558452688921348924.mp3', 'url_list': ['https://lf9-music-east.douyinstatic.com/obj/ies-music-hj/7558452688921348924.mp3', 'https://lf26-music-east.douyinstatic.com/obj/ies-music-hj/7558452688921348924.mp3'], 'width': 720, 'height': 720, 'url_key': '7558452671724735251'}, 'schema_url': '', 'source_platform': 23, 'start_time': 0, 'end_time': 0, 'duration': 56, 'extra': '{"aed_singing_score":0.01,"aggregate_exempt_conf":[],"beats":{},"cover_colors":null,"douyin_beats_info":{},"dsp_switch":0,"extract_item_id":7558452620256349483,"has_edited":0,"hit_high_follow_auto":false,"hit_high_follow_extend":false,"hit_high_follow_original":false,"hotsoon_review_time":-1,"is_aed_music":0,"is_high_follow_user":false,"is_red":0,"is_subsidy_exp":false,"music_label_id":null,"music_tagging":{"AEDs":null,"Genres":null,"Instruments":null,"Languages":null,"Moods":null,"SingingVersions":null,"Themes":null},"review_unshelve_reason":0,"reviewed":0,"schedule_search_time":0,"uniqa_speech_score":0.98,"with_aed_model":0}', 'user_count': 0, 'position': None, 'collect_stat': 0, 'status': 1, 'offline_desc': '', 'owner_id': '1965574329213736', 'owner_nickname': '孙瑞雪聊教育', 'is_original': False, 'mid': '7558452671724735251', 'binded_challenge_id': 0, 'redirect': False, 'is_restricted': False, 'author_deleted': False, 'is_del_video': False, 'is_video_self_see': False, 'owner_handle': '63566855132', 'author_position': None, 'prevent_download': False, 'unshelve_countries': None, 'prevent_item_download_status': 0, 'external_song_info': [], 'sec_uid': 'MS4wLjABAAAAnAFnkWlOm9jteymsi42fanYLMzfbqdGIwCILEUqDNmFyjfK9N8fSJdS_D2UWk_we', 'avatar_thumb': {'uri': '100x100/aweme-avatar/tos-cn-avt-0015_afee5b125df955a19af4c41159ad1295', 'url_list': ['https://p3-pc.douyinpic.com/aweme/100x100/aweme-avatar/tos-cn-avt-0015_afee5b125df955a19af4c41159ad1295.jpeg?from=327834062'], 'width': 720, 'height': 720}, 'avatar_medium': {'uri': '720x720/aweme-avatar/tos-cn-avt-0015_afee5b125df955a19af4c41159ad1295', 'url_list': ['https://p3-pc.douyinpic.com/aweme/720x720/aweme-avatar/tos-cn-avt-0015_afee5b125df955a19af4c41159ad1295.jpeg?from=327834062'], 'width': 720, 'height': 720}, 'avatar_large': {'uri': '1080x1080/aweme-avatar/tos-cn-avt-0015_afee5b125df955a19af4c41159ad1295', 'url_list': ['https://p3-pc.douyinpic.com/aweme/1080x1080/aweme-avatar/tos-cn-avt-0015_afee5b125df955a19af4c41159ad1295.jpeg?from=327834062'], 'width': 720, 'height': 720}, 'preview_start_time': 0, 'preview_end_time': 0, 'is_commerce_music': False, 'is_original_sound': True, 'audition_duration': 56, 'shoot_duration': 56, 'reason_type': 0, 'artists': [], 'lyric_short_position': None, 'mute_share': False, 'tag_list': None, 'dmv_auto_show': False, 'is_pgc': False, 'is_matched_metadata': False, 'is_audio_url_with_cookie': False, 'music_chart_ranks': None, 'can_background_play': True, 'music_status': 1, 'video_duration': 56, 'pgc_music_type': 2, 'author_status': 1, 'search_impr': {'entity_id': '7558452671724735251'}, 'artist_user_infos': None, 'dsp_status': 10, 'musician_user_infos': None, 'music_collect_count': 0, 'music_cover_atmosphere_color_value': '', 'show_origin_clip': False}, 'effect_inflow_effects': None, 'video': {'play_addr': {'uri': 'v0d00fg10000d3ig8e7og65kns3oqegg', 'url_list': ['https://v5-dy-o-abtest.zjcdn.com/1b964417979b0b8531bd9aa8f5fe1866/68f66df1/video/tos/cn/tos-cn-ve-15/o0x8If8yAhS7AIeMRDEngnLwBNBlageBCOQhG6/?a=6383&ch=10010&cr=3&dr=0&lr=all&cd=0%7C0%7C0%7C3&cv=1&br=563&bt=563&cs=0&ds=3&ft=c2YTctGHQPRUZxfusdr~kwPqYldQIKDEE-TerrNqq_45a&mime_type=video_mp4&qs=0&rc=aWc7OzpkOjU1OztpOTxmZUBpamhydm45cmhqNjMzNGkzM0BiMC4wMi5gX18xYGFfMTJhYSNkbjBrMmQ0NWZhLS1kLWFzcw%3D%3D&btag=80000e00020000&cquery=100B_100H_100K_100o_101r&dy_q=1760969609&feature_id=fea919893f650a8c49286568590446ef&l=20251020221329FF810B6B17C3D024C6A3', 'https://v5-dy-o-abtest.zjcdn.com/1b964417979b0b8531bd9aa8f5fe1866/68f66df1/video/tos/cn/tos-cn-ve-15/o0x8If8yAhS7AIeMRDEngnLwBNBlageBCOQhG6/?a=6383&ch=10010&cr=3&dr=0&lr=all&cd=0%7C0%7C0%7C3&cv=1&br=563&bt=563&cs=0&ds=3&ft=c2YTctGHQPRUZxfusdr~kwPqYldQIKDEE-TerrNqq_45a&mime_type=video_mp4&qs=0&rc=aWc7OzpkOjU1OztpOTxmZUBpamhydm45cmhqNjMzNGkzM0BiMC4wMi5gX18xYGFfMTJhYSNkbjBrMmQ0NWZhLS1kLWFzcw%3D%3D&btag=80000e00020000&cquery=101r_100B_100H_100K_100o&dy_q=1760969609&feature_id=fea919893f650a8c49286568590446ef&l=20251020221329FF810B6B17C3D024C6A3', 'https://www.douyin.com/aweme/v1/play/?video_id=v0d00fg10000d3ig8e7og65kns3oqegg&line=0&file_id=db5c49b6dfc848b2b2c71a5738183def&sign=c2fcb35b59925650d72c2997fc7a3d0c&is_play_url=1&source=PackSourceEnum_PUBLISH'], 'width': 720, 'height': 1280, 'url_key': 'v0d00fg10000d3ig8e7og65kns3oqegg_h264_720p_577290', 'data_size': 4105260, 'file_hash': 'c2fcb35b59925650d72c2997fc7a3d0c', 'file_cs': 'c:0-63261-5a23|d:0-2052629-a707,2052630-4105259-251d|a:v0d00fg10000d3ig8e7og65kns3oqegg'}, 'cover': {'uri': 'tos-cn-i-dy/20d17fe9e21b4aa980c67cdaf6455137', 'url_list': ['https://p3-pc-sign.douyinpic.com/tos-cn-i-dy/20d17fe9e21b4aa980c67cdaf6455137~tplv-dy-cropcenter:323:430.jpeg?lk3s=138a59ce&x-expires=2076328800&x-signature=eNEjtPEzSyi61QIzHmYtsU5k8GE%3D&from=327834062&s=PackSourceEnum_PUBLISH&se=true&sh=323_430&sc=cover&biz_tag=pcweb_cover&l=20251020221329FF810B6B17C3D024C6A3', 'https://p3-pc-sign.douyinpic.com/obj/tos-cn-i-dy/20d17fe9e21b4aa980c67cdaf6455137?lk3s=138a59ce&x-expires=2076328800&x-signature=%2F2LgPKzU9rFQJ6VB%2F9DtfTpQ1X0%3D&from=327834062&s=PackSourceEnum_PUBLISH&se=false&sc=cover&biz_tag=pcweb_cover&l=20251020221329FF810B6B17C3D024C6A3'], 'width': 720, 'height': 720}, 'height': 1920, 'width': 1080, 'dynamic_cover': {'uri': 'tos-cn-i-dy/20d17fe9e21b4aa980c67cdaf6455137', 'url_list': ['https://p3-pc-sign.douyinpic.com/obj/tos-cn-i-dy/20d17fe9e21b4aa980c67cdaf6455137?lk3s=138a59ce&x-expires=1762178400&x-signature=wctk17KyjbkObD5UC6TzhWaXelw%3D&from=327834062_large&s=PackSourceEnum_PUBLISH&se=false&sc=dynamic_cover&biz_tag=pcweb_cover&l=20251020221329FF810B6B17C3D024C6A3', 'https://p9-pc-sign.douyinpic.com/obj/tos-cn-i-dy/20d17fe9e21b4aa980c67cdaf6455137?lk3s=138a59ce&x-expires=1762178400&x-signature=IF8MATt1D7mvQjmFLE1OBxsuuNY%3D&from=327834062_large&s=PackSourceEnum_PUBLISH&se=false&sc=dynamic_cover&biz_tag=pcweb_cover&l=20251020221329FF810B6B17C3D024C6A3'], 'width': 720, 'height': 720}, 'origin_cover': {'uri': 'tos-cn-p-0015/oMgBgyArfLNhACaUeRSx7PAzhIIGeBOGIlBKwx', 'url_list': ['https://p3-pc-sign.douyinpic.com/tos-cn-p-0015/oMgBgyArfLNhACaUeRSx7PAzhIIGeBOGIlBKwx~tplv-dy-360p.jpeg?lk3s=138a59ce&x-expires=1762178400&x-signature=u3o4U0ga%2FB8jCrle1LbHmsRkK2A%3D&from=327834062&s=PackSourceEnum_PUBLISH&se=false&sc=origin_cover&biz_tag=pcweb_cover&l=20251020221329FF810B6B17C3D024C6A3', 'https://p9-pc-sign.douyinpic.com/tos-cn-p-0015/oMgBgyArfLNhACaUeRSx7PAzhIIGeBOGIlBKwx~tplv-dy-360p.jpeg?lk3s=138a59ce&x-expires=1762178400&x-signature=5qLL4T5kqEtQ4psM9nZB0EMKGME%3D&from=327834062&s=PackSourceEnum_PUBLISH&se=false&sc=origin_cover&biz_tag=pcweb_cover&l=20251020221329FF810B6B17C3D024C6A3'], 'width': 360, 'height': 640}, 'ratio': '720p', 'format': 'mp4', 'audio': {'original_sound_infos': None}, 'bit_rate': [{'gear_name': 'normal_720_0', 'quality_type': 10, 'bit_rate': 577290, 'play_addr': {'uri': 'v0d00fg10000d3ig8e7og65kns3oqegg', 'url_list': ['https://v5-dy-o-abtest.zjcdn.com/1b964417979b0b8531bd9aa8f5fe1866/68f66df1/video/tos/cn/tos-cn-ve-15/o0x8If8yAhS7AIeMRDEngnLwBNBlageBCOQhG6/?a=6383&ch=10010&cr=3&dr=0&lr=all&cd=0%7C0%7C0%7C3&cv=1&br=563&bt=563&cs=0&ds=3&ft=c2YTctGHQPRUZxfusdr~kwPqYldQIKDEE-TerrNqq_45a&mime_type=video_mp4&qs=0&rc=aWc7OzpkOjU1OztpOTxmZUBpamhydm45cmhqNjMzNGkzM0BiMC4wMi5gX18xYGFfMTJhYSNkbjBrMmQ0NWZhLS1kLWFzcw%3D%3D&btag=80000e00020000&cquery=100B_100H_100K_100o_101r&dy_q=1760969609&feature_id=fea919893f650a8c49286568590446ef&l=20251020221329FF810B6B17C3D024C6A3', 'https://v5-dy-o-abtest.zjcdn.com/1b964417979b0b8531bd9aa8f5fe1866/68f66df1/video/tos/cn/tos-cn-ve-15/o0x8If8yAhS7AIeMRDEngnLwBNBlageBCOQhG6/?a=6383&ch=10010&cr=3&dr=0&lr=all&cd=0%7C0%7C0%7C3&cv=1&br=563&bt=563&cs=0&ds=3&ft=c2YTctGHQPRUZxfusdr~kwPqYldQIKDEE-TerrNqq_45a&mime_type=video_mp4&qs=0&rc=aWc7OzpkOjU1OztpOTxmZUBpamhydm45cmhqNjMzNGkzM0BiMC4wMi5gX18xYGFfMTJhYSNkbjBrMmQ0NWZhLS1kLWFzcw%3D%3D&btag=80000e00020000&cquery=101r_100B_100H_100K_100o&dy_q=1760969609&feature_id=fea919893f650a8c49286568590446ef&l=20251020221329FF810B6B17C3D024C6A3', 'https://www.douyin.com/aweme/v1/play/?video_id=v0d00fg10000d3ig8e7og65kns3oqegg&line=0&file_id=db5c49b6dfc848b2b2c71a5738183def&sign=c2fcb35b59925650d72c2997fc7a3d0c&is_play_url=1&source=PackSourceEnum_PUBLISH'], 'width': 720, 'height': 1280, 'url_key': 'v0d00fg10000d3ig8e7og65kns3oqegg_h264_720p_577290', 'data_size': 4105260, 'file_hash': 'c2fcb35b59925650d72c2997fc7a3d0c', 'file_cs': 'c:0-63261-5a23|d:0-2052629-a707,2052630-4105259-251d|a:v0d00fg10000d3ig8e7og65kns3oqegg'}, 'is_h265': 0, 'is_bytevc1': 0, 'HDR_type': '', 'HDR_bit': '', 'FPS': 30, 'video_extra': '{"PktOffsetMap":"[{\\"time\\": 1, \\"offset\\": 174729}, {\\"time\\": 2, \\"offset\\": 211310}, {\\"time\\": 3, \\"offset\\": 246940}, {\\"time\\": 4, \\"offset\\": 282913}, {\\"time\\": 5, \\"offset\\": 325378}, {\\"time\\": 10, \\"offset\\": 691587}]","format":"mp4","definition":"720p","quality":"normal","file_id":"db5c49b6dfc848b2b2c71a5738183def","applog_map":{"feature_id":"fea919893f650a8c49286568590446ef"},"audio_channels":"2.0","audio_sample_rate":"44100","audio_metrics":null,"audio_score":null}', 'format': 'mp4'}, {'gear_name': 'low_720_0', 'quality_type': 211, 'bit_rate': 493507, 'play_addr': {'uri': 'v0d00fg10000d3ig8e7og65kns3oqegg', 'url_list': ['https://v5-dy-o-abtest.zjcdn.com/8f4e49b56e526017b3d24285d72a03eb/68f66df1/video/tos/cn/tos-cn-ve-15/oIgTYQDhRPBSOOenCSLIAhGxByA7xzWEIfeNag/?a=6383&ch=10010&cr=3&dr=0&lr=all&cd=0%7C0%7C0%7C3&cv=1&br=481&bt=481&cs=0&ds=3&ft=c2YTctGHQPRUZxfusdr~kwPqYldQIKDEE-TerrNqq_45a&mime_type=video_mp4&qs=1&rc=O2Y5ZDRnN2Y5N2UzNmdnM0Bpamhydm45cmhqNjMzNGkzM0AwYWJfMi0uNWAxLi4wYjIzYSNkbjBrMmQ0NWZhLS1kLWFzcw%3D%3D&btag=80000e00020000&cquery=100B_100H_100K_100o_101r&dy_q=1760969609&feature_id=0ea98fd3bdc3c6c14a3d0804cc272721&l=20251020221329FF810B6B17C3D024C6A3', 'https://v5-dy-o-abtest.zjcdn.com/8f4e49b56e526017b3d24285d72a03eb/68f66df1/video/tos/cn/tos-cn-ve-15/oIgTYQDhRPBSOOenCSLIAhGxByA7xzWEIfeNag/?a=6383&ch=10010&cr=3&dr=0&lr=all&cd=0%7C0%7C0%7C3&cv=1&br=481&bt=481&cs=0&ds=3&ft=c2YTctGHQPRUZxfusdr~kwPqYldQIKDEE-TerrNqq_45a&mime_type=video_mp4&qs=1&rc=O2Y5ZDRnN2Y5N2UzNmdnM0Bpamhydm45cmhqNjMzNGkzM0AwYWJfMi0uNWAxLi4wYjIzYSNkbjBrMmQ0NWZhLS1kLWFzcw%3D%3D&btag=80000e00020000&cquery=100o_101r_100B_100H_100K&dy_q=1760969609&feature_id=0ea98fd3bdc3c6c14a3d0804cc272721&l=20251020221329FF810B6B17C3D024C6A3', 'https://www.douyin.com/aweme/v1/play/?video_id=v0d00fg10000d3ig8e7og65kns3oqegg&line=0&file_id=605ded33101b44c68c140d51bae6dc38&sign=c21f78c49741e7f4f0e3988d803d4bc0&is_play_url=1&source=PackSourceEnum_PUBLISH'], 'width': 720, 'height': 1280, 'url_key': 'v0d00fg10000d3ig8e7og65kns3oqegg_h264_720p_493507', 'data_size': 3509452, 'file_hash': 'c21f78c49741e7f4f0e3988d803d4bc0', 'file_cs': 'c:0-48244-7cbe|d:0-1754725-d843,1754726-3509451-6aaa|a:v0d00fg10000d3ig8e7og65kns3oqegg'}, 'is_h265': 0, 'is_bytevc1': 0, 'HDR_type': '', 'HDR_bit': '', 'FPS': 30, 'video_extra': '{"PktOffsetMap":"[{\\"time\\": 1, \\"offset\\": 148148}, {\\"time\\": 2, \\"offset\\": 175355}, {\\"time\\": 3, \\"offset\\": 198199}, {\\"time\\": 4, \\"offset\\": 227976}, {\\"time\\": 5, \\"offset\\": 258203}, {\\"time\\": 10, \\"offset\\": 574691}]","format":"mp4","definition":"720p","quality":"low","file_id":"605ded33101b44c68c140d51bae6dc38","applog_map":{"feature_id":"0ea98fd3bdc3c6c14a3d0804cc272721"},"audio_channels":"2.0","audio_sample_rate":"44100","audio_metrics":null,"audio_score":null}', 'format': 'mp4'}, {'gear_name': 'low_540_0', 'quality_type': 292, 'bit_rate': 455789, 'play_addr': {'uri': 'v0d00fg10000d3ig8e7og65kns3oqegg', 'url_list': ['https://v5-dy-o-abtest.zjcdn.com/b2ac1b5fd3adab7feb6369eacd24c606/68f66df1/video/tos/cn/tos-cn-ve-15/o4aGhDwFI34QEYLARMOAeTgefhS7CxBynIB5gN/?a=6383&ch=10010&cr=3&dr=0&lr=all&cd=0%7C0%7C0%7C3&cv=1&br=445&bt=445&cs=0&ds=6&ft=c2YTctGHQPRUZxfusdr~kwPqYldQIKDEE-TerrNqq_45a&mime_type=video_mp4&qs=1&rc=ZDs7ZmhkOmZkO2hkZGdlZEBpamhydm45cmhqNjMzNGkzM0A0Y2ExNWI1NjUxMTE2YDQtYSNkbjBrMmQ0NWZhLS1kLWFzcw%3D%3D&btag=80000e00020000&cquery=101r_100B_100H_100K_100o&dy_q=1760969609&feature_id=0ea98fd3bdc3c6c14a3d0804cc272721&l=20251020221329FF810B6B17C3D024C6A3', 'https://v5-dy-o-abtest.zjcdn.com/b2ac1b5fd3adab7feb6369eacd24c606/68f66df1/video/tos/cn/tos-cn-ve-15/o4aGhDwFI34QEYLARMOAeTgefhS7CxBynIB5gN/?a=6383&ch=10010&cr=3&dr=0&lr=all&cd=0%7C0%7C0%7C3&cv=1&br=445&bt=445&cs=0&ds=6&ft=c2YTctGHQPRUZxfusdr~kwPqYldQIKDEE-TerrNqq_45a&mime_type=video_mp4&qs=1&rc=ZDs7ZmhkOmZkO2hkZGdlZEBpamhydm45cmhqNjMzNGkzM0A0Y2ExNWI1NjUxMTE2YDQtYSNkbjBrMmQ0NWZhLS1kLWFzcw%3D%3D&btag=80000e00020000&cquery=100K_100o_101r_100B_100H&dy_q=1760969609&feature_id=0ea98fd3bdc3c6c14a3d0804cc272721&l=20251020221329FF810B6B17C3D024C6A3', 'https://www.douyin.com/aweme/v1/play/?video_id=v0d00fg10000d3ig8e7og65kns3oqegg&line=0&file_id=0a7bcd9a4a4e488a9c87ea8e4cd8f87a&sign=b2cf1eb63945502441866b57630c5837&is_play_url=1&source=PackSourceEnum_PUBLISH'], 'width': 576, 'height': 1024, 'url_key': 'v0d00fg10000d3ig8e7og65kns3oqegg_h264_540p_455789', 'data_size': 3241234, 'file_hash': 'b2cf1eb63945502441866b57630c5837', 'file_cs': 'c:0-48260-7ac6|d:0-1620616-49e5,1620617-3241233-0ec6|a:v0d00fg10000d3ig8e7og65kns3oqegg'}, 'is_h265': 0, 'is_bytevc1': 0, 'HDR_type': '', 'HDR_bit': '', 'FPS': 30, 'video_extra': '{"PktOffsetMap":"[{\\"time\\": 1, \\"offset\\": 140771}, {\\"time\\": 2, \\"offset\\": 162305}, {\\"time\\": 3, \\"offset\\": 185941}, {\\"time\\": 4, \\"offset\\": 209534}, {\\"time\\": 5, \\"offset\\": 239070}, {\\"time\\": 10, \\"offset\\": 529979}]","format":"mp4","definition":"540p","quality":"low","file_id":"0a7bcd9a4a4e488a9c87ea8e4cd8f87a","applog_map":{"feature_id":"0ea98fd3bdc3c6c14a3d0804cc272721"},"audio_channels":"2.0","audio_sample_rate":"44100","audio_metrics":null,"audio_score":null}', 'format': 'mp4'}, {'gear_name': 'adapt_low_540_0', 'quality_type': 291, 'bit_rate': 323291, 'play_addr': {'uri': 'v0d00fg10000d3ig8e7og65kns3oqegg', 'url_list': ['https://v5-dy-o-abtest.zjcdn.com/deb059fb156c7d6d52910972ec88fa2c/68f66df1/video/tos/cn/tos-cn-ve-15/o8vI8mavQfSBafyCdORGeBC7hxALgYgAEBZRIg/?a=6383&ch=10010&cr=3&dr=0&lr=all&cd=0%7C0%7C0%7C3&cv=1&br=315&bt=315&cs=0&ds=6&ft=c2YTctGHQPRUZxfusdr~kwPqYldQIKDEE-TerrNqq_45a&mime_type=video_mp4&qs=12&rc=PGdlZTZlNDlpaTtoZGc2NEBpamhydm45cmhqNjMzNGkzM0AwMDJhNWIzXzExMzI1Ly9iYSNkbjBrMmQ0NWZhLS1kLWFzcw%3D%3D&btag=80000e00020000&cquery=100H_100K_100o_101r_100B&dy_q=1760969609&feature_id=0ea98fd3bdc3c6c14a3d0804cc272721&l=20251020221329FF810B6B17C3D024C6A3', 'https://v5-dy-o-abtest.zjcdn.com/deb059fb156c7d6d52910972ec88fa2c/68f66df1/video/tos/cn/tos-cn-ve-15/o8vI8mavQfSBafyCdORGeBC7hxALgYgAEBZRIg/?a=6383&ch=10010&cr=3&dr=0&lr=all&cd=0%7C0%7C0%7C3&cv=1&br=315&bt=315&cs=0&ds=6&ft=c2YTctGHQPRUZxfusdr~kwPqYldQIKDEE-TerrNqq_45a&mime_type=video_mp4&qs=12&rc=PGdlZTZlNDlpaTtoZGc2NEBpamhydm45cmhqNjMzNGkzM0AwMDJhNWIzXzExMzI1Ly9iYSNkbjBrMmQ0NWZhLS1kLWFzcw%3D%3D&btag=80000e00020000&cquery=101r_100B_100H_100K_100o&dy_q=1760969609&feature_id=0ea98fd3bdc3c6c14a3d0804cc272721&l=20251020221329FF810B6B17C3D024C6A3', 'https://www.douyin.com/aweme/v1/play/?video_id=v0d00fg10000d3ig8e7og65kns3oqegg&line=0&file_id=e1232d8a5e684f4fb661eb83db5b3d39&sign=e31763a25e17c8910604c35f3757fd96&is_play_url=1&source=PackSourceEnum_PUBLISH'], 'width': 576, 'height': 1024, 'url_key': 'v0d00fg10000d3ig8e7og65kns3oqegg_h264_540p_323291', 'data_size': 2299004, 'file_hash': 'e31763a25e17c8910604c35f3757fd96', 'file_cs': 'c:0-48251-3456|d:0-1149501-64c2,1149502-2299003-031b|a:v0d00fg10000d3ig8e7og65kns3oqegg'}, 'is_h265': 0, 'is_bytevc1': 0, 'HDR_type': '', 'HDR_bit': '', 'FPS': 30, 'video_extra': '{"PktOffsetMap":"[{\\"time\\": 1, \\"offset\\": 117051}, {\\"time\\": 2, \\"offset\\": 133882}, {\\"time\\": 3, \\"offset\\": 152587}, {\\"time\\": 4, \\"offset\\": 170589}, {\\"time\\": 5, \\"offset\\": 193754}, {\\"time\\": 10, \\"offset\\": 395242}]","format":"mp4","definition":"540p","quality":"adapt_low","file_id":"e1232d8a5e684f4fb661eb83db5b3d39","applog_map":{"feature_id":"0ea98fd3bdc3c6c14a3d0804cc272721"},"audio_channels":"2.0","audio_sample_rate":"44100","audio_metrics":null,"audio_score":null}', 'format': 'mp4'}, {'gear_name': 'adapt_lowest_1080_1', 'quality_type': 2, 'bit_rate': 269261, 'play_addr': {'uri': 'v0d00fg10000d3ig8e7og65kns3oqegg', 'url_list': ['https://v5-dy-o-abtest.zjcdn.com/8d87078d6ef123c424ec0ab912bde949/68f66df1/video/tos/cn/tos-cn-ve-15/osgllANDgaQDeIER3yLeBCAQOBX0hhIf7BGSBx/?a=6383&ch=10010&cr=3&dr=0&lr=all&cd=0%7C0%7C0%7C3&cv=1&br=262&bt=262&cs=2&ds=4&ft=c2YTctGHQPRUZxfusdr~kwPqYldQIKDEE-TerrNqq_45a&mime_type=video_mp4&qs=15&rc=ZDM5PDo2ZTxpNDNpOmc0Z0Bpamhydm45cmhqNjMzNGkzM0A0MF4xYy9eNTUxNC4wYDJgYSNkbjBrMmQ0NWZhLS1kLWFzcw%3D%3D&btag=80000e00020000&cquery=100H_100K_100o_101r_100B&dy_q=1760969609&feature_id=b38008770b4e09863331b14b26bcdc23&l=20251020221329FF810B6B17C3D024C6A3', 'https://v5-dy-o-abtest.zjcdn.com/8d87078d6ef123c424ec0ab912bde949/68f66df1/video/tos/cn/tos-cn-ve-15/osgllANDgaQDeIER3yLeBCAQOBX0hhIf7BGSBx/?a=6383&ch=10010&cr=3&dr=0&lr=all&cd=0%7C0%7C0%7C3&cv=1&br=262&bt=262&cs=2&ds=4&ft=c2YTctGHQPRUZxfusdr~kwPqYldQIKDEE-TerrNqq_45a&mime_type=video_mp4&qs=15&rc=ZDM5PDo2ZTxpNDNpOmc0Z0Bpamhydm45cmhqNjMzNGkzM0A0MF4xYy9eNTUxNC4wYDJgYSNkbjBrMmQ0NWZhLS1kLWFzcw%3D%3D&btag=80000e00020000&cquery=100B_100H_100K_100o_101r&dy_q=1760969609&feature_id=b38008770b4e09863331b14b26bcdc23&l=20251020221329FF810B6B17C3D024C6A3', 'https://www.douyin.com/aweme/v1/play/?video_id=v0d00fg10000d3ig8e7og65kns3oqegg&line=0&file_id=cd51cd371f70418f89ab23f749a6307a&sign=33e8897ae8a10ccd8ab05fc42c770e2f&is_play_url=1&source=PackSourceEnum_PUBLISH'], 'width': 1080, 'height': 1920, 'url_key': 'v0d00fg10000d3ig8e7og65kns3oqegg_bytevc1_1080p_269261', 'data_size': 1914786, 'file_hash': '33e8897ae8a10ccd8ab05fc42c770e2f', 'file_cs': 'c:0-48497-915f|d:0-957392-4998,957393-1914785-9159|a:v0d00fg10000d3ig8e7og65kns3oqegg'}, 'is_h265': 1, 'is_bytevc1': 1, 'HDR_type': '', 'HDR_bit': '', 'FPS': 30, 'video_extra': '{"PktOffsetMap":"[{\\"time\\": 1, \\"offset\\": 105688}, {\\"time\\": 2, \\"offset\\": 118042}, {\\"time\\": 3, \\"offset\\": 131958}, {\\"time\\": 4, \\"offset\\": 144080}, {\\"time\\": 5, \\"offset\\": 160811}, {\\"time\\": 10, \\"offset\\": 308396}]","format":"mp4","definition":"1080p","quality":"adapt_lowest","file_id":"cd51cd371f70418f89ab23f749a6307a","applog_map":{"feature_id":"b38008770b4e09863331b14b26bcdc23"},"mvmaf":"{\\"mvmaf_sr_v1080\\":98.435,\\"mvmaf_sr_v960\\":98.56,\\"mvmaf_sr_v864\\":99.025,\\"mvmaf_sr_v720\\":99.068,\\"mvmaf_ori_v1080\\":92.922,\\"mvmaf_ori_v960\\":93.389,\\"mvmaf_ori_v864\\":94.096,\\"mvmaf_ori_v720\\":94.793}","ufq":"{\\"enh\\":91.554,\\"playback\\":{\\"ori\\":88.476,\\"srv1\\":90.444},\\"src\\":91.554,\\"trans\\":88.476,\\"version\\":\\"v1.0\\"}","audio_channels":"2.0","audio_sample_rate":"44100","audio_metrics":null,"audio_score":null}', 'format': 'mp4'}, {'gear_name': 'adapt_lowest_720_1', 'quality_type': 15, 'bit_rate': 245680, 'play_addr': {'uri': 'v0d00fg10000d3ig8e7og65kns3oqegg', 'url_list': ['https://v5-dy-o-abtest.zjcdn.com/de61f9cde18bfb84947a9aa865c38b8e/68f66df1/video/tos/cn/tos-cn-ve-15/owGgqISQhEByxLnBOaSere7hFNBhC7AflRIgAB/?a=6383&ch=10010&cr=3&dr=0&lr=all&cd=0%7C0%7C0%7C3&cv=1&br=239&bt=239&cs=2&ds=3&ft=c2YTctGHQPRUZxfusdr~kwPqYldQIKDEE-TerrNqq_45a&mime_type=video_mp4&qs=15&rc=ZTZnZDo8NGYzNmZnOGY2N0Bpamhydm45cmhqNjMzNGkzM0BjMl4zNV5fNi4xXjRiMjUtYSNkbjBrMmQ0NWZhLS1kLWFzcw%3D%3D&btag=80000e00020000&cquery=100o_101r_100B_100H_100K&dy_q=1760969609&feature_id=b38008770b4e09863331b14b26bcdc23&l=20251020221329FF810B6B17C3D024C6A3', 'https://v5-dy-o-abtest.zjcdn.com/de61f9cde18bfb84947a9aa865c38b8e/68f66df1/video/tos/cn/tos-cn-ve-15/owGgqISQhEByxLnBOaSere7hFNBhC7AflRIgAB/?a=6383&ch=10010&cr=3&dr=0&lr=all&cd=0%7C0%7C0%7C3&cv=1&br=239&bt=239&cs=2&ds=3&ft=c2YTctGHQPRUZxfusdr~kwPqYldQIKDEE-TerrNqq_45a&mime_type=video_mp4&qs=15&rc=ZTZnZDo8NGYzNmZnOGY2N0Bpamhydm45cmhqNjMzNGkzM0BjMl4zNV5fNi4xXjRiMjUtYSNkbjBrMmQ0NWZhLS1kLWFzcw%3D%3D&btag=80000e00020000&cquery=101r_100B_100H_100K_100o&dy_q=1760969609&feature_id=b38008770b4e09863331b14b26bcdc23&l=20251020221329FF810B6B17C3D024C6A3', 'https://www.douyin.com/aweme/v1/play/?video_id=v0d00fg10000d3ig8e7og65kns3oqegg&line=0&file_id=04835ce57dac43109cb1a9876aad53fb&sign=4d23ce22a4e484c4abaaa64af614b930&is_play_url=1&source=PackSourceEnum_PUBLISH'], 'width': 720, 'height': 1280, 'url_key': 'v0d00fg10000d3ig8e7og65kns3oqegg_bytevc1_720p_245680', 'data_size': 1747099, 'file_hash': '4d23ce22a4e484c4abaaa64af614b930', 'file_cs': 'c:0-48498-a32d|d:0-873548-3144,873549-1747098-797f|a:v0d00fg10000d3ig8e7og65kns3oqegg'}, 'is_h265': 1, 'is_bytevc1': 1, 'HDR_type': '', 'HDR_bit': '', 'FPS': 30, 'video_extra': '{"PktOffsetMap":"[{\\"time\\": 1, \\"offset\\": 99502}, {\\"time\\": 2, \\"offset\\": 110725}, {\\"time\\": 3, \\"offset\\": 124963}, {\\"time\\": 4, \\"offset\\": 138484}, {\\"time\\": 5, \\"offset\\": 155418}, {\\"time\\": 10, \\"offset\\": 292060}]","format":"mp4","definition":"720p","quality":"adapt_lowest","file_id":"04835ce57dac43109cb1a9876aad53fb","applog_map":{"feature_id":"b38008770b4e09863331b14b26bcdc23"},"mvmaf":"{\\"mvmaf_sr_v1080\\":97.583,\\"mvmaf_sr_v960\\":98.603,\\"mvmaf_sr_v864\\":99.233,\\"mvmaf_sr_v720\\":99.419,\\"mvmaf_ori_v1080\\":86.956,\\"mvmaf_ori_v960\\":90.196,\\"mvmaf_ori_v864\\":91.404,\\"mvmaf_ori_v720\\":94.435}","ufq":"{\\"enh\\":91.554,\\"playback\\":{\\"ori\\":82.51,\\"srv1\\":90.274},\\"src\\":91.554,\\"trans\\":82.51,\\"version\\":\\"v1.0\\"}","audio_channels":"2.0","audio_sample_rate":"44100","audio_metrics":null,"audio_score":null}', 'format': 'mp4'}, {'gear_name': 'adapt_540_1', 'quality_type': 28, 'bit_rate': 228569, 'play_addr': {'uri': 'v0d00fg10000d3ig8e7og65kns3oqegg', 'url_list': ['https://v5-dy-o-abtest.zjcdn.com/12467abfb207eb3d25e257a56f189be0/68f66df1/video/tos/cn/tos-cn-ve-15/oIBSOLfBIEPIApyNglehhBxA7jgFRGaeBQagCd/?a=6383&ch=10010&cr=3&dr=0&lr=all&cd=0%7C0%7C0%7C3&cv=1&br=223&bt=223&cs=2&ds=6&ft=c2YTctGHQPRUZxfusdr~kwPqYldQIKDEE-TerrNqq_45a&mime_type=video_mp4&qs=11&rc=OjhlOjQ4PDs2aTNoZGQ3NEBpamhydm45cmhqNjMzNGkzM0A2NGJjYzI1Xy0xLzRiYGE0YSNkbjBrMmQ0NWZhLS1kLWFzcw%3D%3D&btag=80000e00020000&cquery=101r_100B_100H_100K_100o&dy_q=1760969609&feature_id=b38008770b4e09863331b14b26bcdc23&l=20251020221329FF810B6B17C3D024C6A3', 'https://v5-dy-o-abtest.zjcdn.com/12467abfb207eb3d25e257a56f189be0/68f66df1/video/tos/cn/tos-cn-ve-15/oIBSOLfBIEPIApyNglehhBxA7jgFRGaeBQagCd/?a=6383&ch=10010&cr=3&dr=0&lr=all&cd=0%7C0%7C0%7C3&cv=1&br=223&bt=223&cs=2&ds=6&ft=c2YTctGHQPRUZxfusdr~kwPqYldQIKDEE-TerrNqq_45a&mime_type=video_mp4&qs=11&rc=OjhlOjQ4PDs2aTNoZGQ3NEBpamhydm45cmhqNjMzNGkzM0A2NGJjYzI1Xy0xLzRiYGE0YSNkbjBrMmQ0NWZhLS1kLWFzcw%3D%3D&btag=80000e00020000&cquery=101r_100B_100H_100K_100o&dy_q=1760969609&feature_id=b38008770b4e09863331b14b26bcdc23&l=20251020221329FF810B6B17C3D024C6A3', 'https://www.douyin.com/aweme/v1/play/?video_id=v0d00fg10000d3ig8e7og65kns3oqegg&line=0&file_id=71d4caea7e204f03b88955f1f7eb7597&sign=1255463b012fd2878d9e501c295f8b80&is_play_url=1&source=PackSourceEnum_PUBLISH'], 'width': 576, 'height': 1024, 'url_key': 'v0d00fg10000d3ig8e7og65kns3oqegg_bytevc1_540p_228569', 'data_size': 1625414, 'file_hash': '1255463b012fd2878d9e501c295f8b80', 'file_cs': 'c:0-48498-2966|d:0-812706-529d,812707-1625413-0ce2|a:v0d00fg10000d3ig8e7og65kns3oqegg'}, 'is_h265': 1, 'is_bytevc1': 1, 'HDR_type': '', 'HDR_bit': '', 'FPS': 30, 'video_extra': '{"PktOffsetMap":"[{\\"time\\": 1, \\"offset\\": 94401}, {\\"time\\": 2, \\"offset\\": 105173}, {\\"time\\": 3, \\"offset\\": 120045}, {\\"time\\": 4, \\"offset\\": 131378}, {\\"time\\": 5, \\"offset\\": 146043}, {\\"time\\": 10, \\"offset\\": 272292}]","format":"mp4","definition":"540p","quality":"adapt","file_id":"71d4caea7e204f03b88955f1f7eb7597","applog_map":{"feature_id":"b38008770b4e09863331b14b26bcdc23"},"mvmaf":"{\\"mvmaf_sr_v1080\\":94.782,\\"mvmaf_sr_v960\\":97.154,\\"mvmaf_sr_v864\\":97.763,\\"mvmaf_sr_v720\\":98.72,\\"mvmaf_ori_v1080\\":82.867,\\"mvmaf_ori_v960\\":86.012,\\"mvmaf_ori_v864\\":87.801,\\"mvmaf_ori_v720\\":90.85}","ufq":"{\\"enh\\":91.554,\\"playback\\":{\\"ori\\":78.954,\\"srv1\\":89.539},\\"src\\":91.554,\\"trans\\":78.954,\\"version\\":\\"v1.0\\"}","audio_channels":"2.0","audio_sample_rate":"44100","audio_metrics":null,"audio_score":null}', 'format': 'mp4'}, {'gear_name': 'adapt_lower_540_1', 'quality_type': 21, 'bit_rate': 198994, 'play_addr': {'uri': 'v0d00fg10000d3ig8e7og65kns3oqegg', 'url_list': ['https://v5-dy-o-abtest.zjcdn.com/63ae22fe79382cc9b33a533a02d7cee0/68f66df1/video/tos/cn/tos-cn-ve-15/ocpBheglNAS7GnBEQeSIAxCaNByLINkgROhfWX/?a=6383&ch=10010&cr=3&dr=0&lr=all&cd=0%7C0%7C0%7C3&cv=1&br=194&bt=194&cs=2&ds=6&ft=c2YTctGHQPRUZxfusdr~kwPqYldQIKDEE-TerrNqq_45a&mime_type=video_mp4&qs=14&rc=NGRmOTVmM2doZjZlZDlnPEBpamhydm45cmhqNjMzNGkzM0AyMjJfYV4zXl4xX142MDRiYSNkbjBrMmQ0NWZhLS1kLWFzcw%3D%3D&btag=80000e00020000&cquery=100H_100K_100o_101r_100B&dy_q=1760969609&feature_id=2ec60419b2ec858b9b1eae59874b17b0&l=20251020221329FF810B6B17C3D024C6A3', 'https://v5-dy-o-abtest.zjcdn.com/63ae22fe79382cc9b33a533a02d7cee0/68f66df1/video/tos/cn/tos-cn-ve-15/ocpBheglNAS7GnBEQeSIAxCaNByLINkgROhfWX/?a=6383&ch=10010&cr=3&dr=0&lr=all&cd=0%7C0%7C0%7C3&cv=1&br=194&bt=194&cs=2&ds=6&ft=c2YTctGHQPRUZxfusdr~kwPqYldQIKDEE-TerrNqq_45a&mime_type=video_mp4&qs=14&rc=NGRmOTVmM2doZjZlZDlnPEBpamhydm45cmhqNjMzNGkzM0AyMjJfYV4zXl4xX142MDRiYSNkbjBrMmQ0NWZhLS1kLWFzcw%3D%3D&btag=80000e00020000&cquery=100o_101r_100B_100H_100K&dy_q=1760969609&feature_id=2ec60419b2ec858b9b1eae59874b17b0&l=20251020221329FF810B6B17C3D024C6A3', 'https://www.douyin.com/aweme/v1/play/?video_id=v0d00fg10000d3ig8e7og65kns3oqegg&line=0&file_id=e97d369aabb34caead60acd2b65c5a51&sign=4e80947847bb9f4e6a4dee95bc37d644&is_play_url=1&source=PackSourceEnum_PUBLISH'], 'width': 576, 'height': 1024, 'url_key': 'v0d00fg10000d3ig8e7og65kns3oqegg_bytevc1_540p_198994', 'data_size': 1415100, 'file_hash': '4e80947847bb9f4e6a4dee95bc37d644', 'file_cs': 'c:0-48498-d037|d:0-707549-57ca,707550-1415099-7189|a:v0d00fg10000d3ig8e7og65kns3oqegg'}, 'is_h265': 1, 'is_bytevc1': 1, 'HDR_type': '', 'HDR_bit': '', 'FPS': 30, 'video_extra': '{"PktOffsetMap":"[{\\"time\\": 1, \\"offset\\": 88824}, {\\"time\\": 2, \\"offset\\": 98524}, {\\"time\\": 3, \\"offset\\": 111620}, {\\"time\\": 4, \\"offset\\": 121623}, {\\"time\\": 5, \\"offset\\": 134137}, {\\"time\\": 10, \\"offset\\": 243500}]","format":"mp4","definition":"540p","quality":"adapt_lower","file_id":"e97d369aabb34caead60acd2b65c5a51","applog_map":{"feature_id":"2ec60419b2ec858b9b1eae59874b17b0"},"mvmaf":"{\\"mvmaf_sr_v1080\\":93.406,\\"mvmaf_sr_v960\\":95.797,\\"mvmaf_sr_v864\\":96.921,\\"mvmaf_sr_v720\\":97.924,\\"mvmaf_ori_v1080\\":81.314,\\"mvmaf_ori_v960\\":84.641,\\"mvmaf_ori_v864\\":86.78,\\"mvmaf_ori_v720\\":90.017}","ufq":"{\\"enh\\":91.554,\\"playback\\":{\\"ori\\":77.789,\\"srv1\\":88.163},\\"src\\":91.554,\\"trans\\":77.789,\\"version\\":\\"v1.0\\"}","audio_channels":"2.0","audio_sample_rate":"44100","audio_metrics":null,"audio_score":null}', 'format': 'mp4'}], 'duration': 56890, 'play_addr_265': {'uri': 'v0d00fg10000d3ig8e7og65kns3oqegg', 'url_list': ['https://v5-dy-o-abtest.zjcdn.com/12467abfb207eb3d25e257a56f189be0/68f66df1/video/tos/cn/tos-cn-ve-15/oIBSOLfBIEPIApyNglehhBxA7jgFRGaeBQagCd/?a=6383&ch=10010&cr=3&dr=0&lr=all&cd=0%7C0%7C0%7C3&cv=1&br=223&bt=223&cs=2&ds=6&ft=c2YTctGHQPRUZxfusdr~kwPqYldQIKDEE-TerrNqq_45a&mime_type=video_mp4&qs=11&rc=OjhlOjQ4PDs2aTNoZGQ3NEBpamhydm45cmhqNjMzNGkzM0A2NGJjYzI1Xy0xLzRiYGE0YSNkbjBrMmQ0NWZhLS1kLWFzcw%3D%3D&btag=80000e00020000&cquery=101r_100B_100H_100K_100o&dy_q=1760969609&feature_id=b38008770b4e09863331b14b26bcdc23&l=20251020221329FF810B6B17C3D024C6A3', 'https://v5-dy-o-abtest.zjcdn.com/12467abfb207eb3d25e257a56f189be0/68f66df1/video/tos/cn/tos-cn-ve-15/oIBSOLfBIEPIApyNglehhBxA7jgFRGaeBQagCd/?a=6383&ch=10010&cr=3&dr=0&lr=all&cd=0%7C0%7C0%7C3&cv=1&br=223&bt=223&cs=2&ds=6&ft=c2YTctGHQPRUZxfusdr~kwPqYldQIKDEE-TerrNqq_45a&mime_type=video_mp4&qs=11&rc=OjhlOjQ4PDs2aTNoZGQ3NEBpamhydm45cmhqNjMzNGkzM0A2NGJjYzI1Xy0xLzRiYGE0YSNkbjBrMmQ0NWZhLS1kLWFzcw%3D%3D&btag=80000e00020000&cquery=101r_100B_100H_100K_100o&dy_q=1760969609&feature_id=b38008770b4e09863331b14b26bcdc23&l=20251020221329FF810B6B17C3D024C6A3', 'https://www.douyin.com/aweme/v1/play/?video_id=v0d00fg10000d3ig8e7og65kns3oqegg&line=0&file_id=71d4caea7e204f03b88955f1f7eb7597&sign=1255463b012fd2878d9e501c295f8b80&is_play_url=1&source=PackSourceEnum_PUBLISH'], 'width': 576, 'height': 1024, 'url_key': 'v0d00fg10000d3ig8e7og65kns3oqegg_bytevc1_540p_228569', 'data_size': 1625414, 'file_hash': '1255463b012fd2878d9e501c295f8b80', 'file_cs': 'c:0-48498-2966|d:0-812706-529d,812707-1625413-0ce2|a:v0d00fg10000d3ig8e7og65kns3oqegg'}, 'bit_rate_audio': None, 'play_addr_h264': {'uri': 'v0d00fg10000d3ig8e7og65kns3oqegg', 'url_list': ['https://v5-dy-o-abtest.zjcdn.com/1b964417979b0b8531bd9aa8f5fe1866/68f66df1/video/tos/cn/tos-cn-ve-15/o0x8If8yAhS7AIeMRDEngnLwBNBlageBCOQhG6/?a=6383&ch=10010&cr=3&dr=0&lr=all&cd=0%7C0%7C0%7C3&cv=1&br=563&bt=563&cs=0&ds=3&ft=c2YTctGHQPRUZxfusdr~kwPqYldQIKDEE-TerrNqq_45a&mime_type=video_mp4&qs=0&rc=aWc7OzpkOjU1OztpOTxmZUBpamhydm45cmhqNjMzNGkzM0BiMC4wMi5gX18xYGFfMTJhYSNkbjBrMmQ0NWZhLS1kLWFzcw%3D%3D&btag=80000e00020000&cquery=100B_100H_100K_100o_101r&dy_q=1760969609&feature_id=fea919893f650a8c49286568590446ef&l=20251020221329FF810B6B17C3D024C6A3', 'https://v5-dy-o-abtest.zjcdn.com/1b964417979b0b8531bd9aa8f5fe1866/68f66df1/video/tos/cn/tos-cn-ve-15/o0x8If8yAhS7AIeMRDEngnLwBNBlageBCOQhG6/?a=6383&ch=10010&cr=3&dr=0&lr=all&cd=0%7C0%7C0%7C3&cv=1&br=563&bt=563&cs=0&ds=3&ft=c2YTctGHQPRUZxfusdr~kwPqYldQIKDEE-TerrNqq_45a&mime_type=video_mp4&qs=0&rc=aWc7OzpkOjU1OztpOTxmZUBpamhydm45cmhqNjMzNGkzM0BiMC4wMi5gX18xYGFfMTJhYSNkbjBrMmQ0NWZhLS1kLWFzcw%3D%3D&btag=80000e00020000&cquery=101r_100B_100H_100K_100o&dy_q=1760969609&feature_id=fea919893f650a8c49286568590446ef&l=20251020221329FF810B6B17C3D024C6A3', 'https://www.douyin.com/aweme/v1/play/?video_id=v0d00fg10000d3ig8e7og65kns3oqegg&line=0&file_id=db5c49b6dfc848b2b2c71a5738183def&sign=c2fcb35b59925650d72c2997fc7a3d0c&is_play_url=1&source=PackSourceEnum_PUBLISH'], 'width': 720, 'height': 1280, 'url_key': 'v0d00fg10000d3ig8e7og65kns3oqegg_h264_720p_577290', 'data_size': 4105260, 'file_hash': 'c2fcb35b59925650d72c2997fc7a3d0c', 'file_cs': 'c:0-63261-5a23|d:0-2052629-a707,2052630-4105259-251d|a:v0d00fg10000d3ig8e7og65kns3oqegg'}, 'raw_cover': {'uri': 'tos-cn-i-dy/20d17fe9e21b4aa980c67cdaf6455137', 'url_list': ['https://p3-pc-sign.douyinpic.com/tos-cn-i-dy/20d17fe9e21b4aa980c67cdaf6455137~tplv-dy-cropcenter:323:430.jpeg?lk3s=138a59ce&x-expires=2076328800&x-signature=eNEjtPEzSyi61QIzHmYtsU5k8GE%3D&from=327834062&s=PackSourceEnum_PUBLISH&se=true&sh=323_430&sc=cover&biz_tag=pcweb_cover&l=20251020221329FF810B6B17C3D024C6A3', 'https://p3-pc-sign.douyinpic.com/obj/tos-cn-i-dy/20d17fe9e21b4aa980c67cdaf6455137?lk3s=138a59ce&x-expires=2076328800&x-signature=%2F2LgPKzU9rFQJ6VB%2F9DtfTpQ1X0%3D&from=327834062&s=PackSourceEnum_PUBLISH&se=false&sc=cover&biz_tag=pcweb_cover&l=20251020221329FF810B6B17C3D024C6A3'], 'width': 720, 'height': 720}, 'animated_cover': {'uri': 'tos-cn-i-dy/20d17fe9e21b4aa980c67cdaf6455137', 'url_list': ['https://p3-pc-sign.douyinpic.com/obj/tos-cn-i-dy/20d17fe9e21b4aa980c67cdaf6455137?lk3s=138a59ce&x-expires=1762178400&x-signature=wctk17KyjbkObD5UC6TzhWaXelw%3D&from=327834062_large&s=PackSourceEnum_PUBLISH&se=false&sc=dynamic_cover&biz_tag=pcweb_cover&l=20251020221329FF810B6B17C3D024C6A3', 'https://p9-pc-sign.douyinpic.com/obj/tos-cn-i-dy/20d17fe9e21b4aa980c67cdaf6455137?lk3s=138a59ce&x-expires=1762178400&x-signature=IF8MATt1D7mvQjmFLE1OBxsuuNY%3D&from=327834062_large&s=PackSourceEnum_PUBLISH&se=false&sc=dynamic_cover&biz_tag=pcweb_cover&l=20251020221329FF810B6B17C3D024C6A3']}, 'gaussian_cover': {'uri': 'tos-cn-p-0015/oMgBgyArfLNhACaUeRSx7PAzhIIGeBOGIlBKwx', 'url_list': ['https://p3-pc-sign.douyinpic.com/tos-cn-p-0015/oMgBgyArfLNhACaUeRSx7PAzhIIGeBOGIlBKwx~tplv-tsj2vxp0zn-gaosi:40.jpeg?lk3s=138a59ce&x-expires=1792504800&x-signature=GyBs%2B8efTxR8Uq7NMFEBOUx6ahs%3D&from=327834062', 'https://p9-pc-sign.douyinpic.com/tos-cn-p-0015/oMgBgyArfLNhACaUeRSx7PAzhIIGeBOGIlBKwx~tplv-tsj2vxp0zn-gaosi:40.jpeg?lk3s=138a59ce&x-expires=1792504800&x-signature=mjQLYt0%2B5TnYFIgxgqPBfrMSPV4%3D&from=327834062'], 'width': 720, 'height': 720}, 'meta': '{"bright_ratio_mean":"0.3603","brightness_mean":"198.439","diff_overexposure_ratio":"0.0028","enable_manual_ladder":"1","format":"mp4","gear_vqm":"{\\"1080p_720p\\":2,\\"720p_540p\\":1}","hrids":"500000002","is_spatial_video":"0","isad":"0","loudness":"-12.9","overexposure_ratio_mean":"0.2992","peak":"1","qprf":"1.000","sdgs":"[\\"normal_720_0\\",\\"low_720_0\\",\\"low_540_0\\",\\"adapt_low_540_0\\",\\"adapt_lowest_1080_1\\",\\"adapt_lowest_720_1\\",\\"adapt_540_1\\",\\"adapt_lower_540_1\\"]","sr_potential":"{\\"v1.0\\":{\\"score\\":69.909}}","sr_score":"1.000","std_brightness":"9.722","strategy_tokens":"[\\"online\\",\\"sexp_0702_0819\\",\\"sexp_reward01_0721\\",\\"sexp_reward02_0721\\",\\"sexp_0701_0819\\"]","title_info":"{\\"avg_br_pc\\":220,\\"bottom_res_add\\":[1.04,0.78,0,28.32,40,0,0,0,0,0,0,0,0,0,0],\\"bullet_zone\\":13.95,\\"mean_br_l\\":[240.58,232.43,220.91,209.77,195.42,180.21],\\"pc60_br_l\\":[244.8,235.73,222.68,210.19,195.19,178.45],\\"progress_bar\\":[244,244,244],\\"ratio_br_l\\":[244.8,235.58,222.63,210.12,194.74,176.57],\\"ratio_br_l_thre220\\":[0.98,0.8,0.61,0.48,0.4,0.35],\\"ratio_edge_l\\":[0,0,0,0.14,0.11,0.1],\\"std_br_l\\":[31.87,25.25,17.85,13.88,12.42,13.79],\\"top_res_add\\":[0,0,0,2.18,45,18.36,51],\\"version\\":\\"v1.0\\"}","volume_info":"{\\"Loudness\\":-12.9,\\"LoudnessRangeStart\\":-14.4,\\"MaximumMomentaryLoudness\\":-7.8,\\"Peak\\":1,\\"Version\\":2,\\"LoudnessRange\\":2.6,\\"LoudnessRangeEnd\\":-11.8,\\"MaximumShortTermLoudness\\":-11.3,\\"Metrics\\":{\\"Loudness\\":{\\"Integrated\\":-12.893},\\"Phase\\":{\\"RMSDownmixDiff\\":-0.072},\\"RMSStats\\":{\\"RTotal\\":-16.029,\\"LRDiff\\":-0.115,\\"LTotal\\":-16.144,\\"Peak\\":0.289},\\"Version\\":\\"1.4.2\\"}}","vqs_origin":"73.7"}', 'video_model': '', 'is_source_HDR': 0, 'use_static_cover': True, 'big_thumbs': [{'img_num': 57, 'uri': 'tos-cn-p-0015/o8fRHzhecApSC7lPAILhyBaGxegONLgIBBCHlI', 'img_url': 'https://p3-sign.douyinpic.com/tos-cn-p-0015/o8fRHzhecApSC7lPAILhyBaGxegONLgIBBCHlI~tplv-noop.image?cquery=100B_100H_100K_100o_101r&dy_q=1760969609&l=20251020221329FF810B6B17C3D024C6A3&x-expires=1760980465&x-signature=ij1XZxOlfZgnkg9dkfxiYUc0Nt8%3D', 'img_x_size': 136, 'img_y_size': 240, 'img_x_len': 5, 'img_y_len': 5, 'duration': 56.86667, 'interval': 1, 'fext': 'jpg', 'uris': ['tos-cn-p-0015/o8fRHzhecApSC7lPAILhyBaGxegONLgIBBCHlI', 'tos-cn-p-0015/oUYCgIVxlSRAhPHBgQIzCLyB7BLGfAhaeIeDNO', 'tos-cn-p-0015/oATAgIkxlSRAhVFBgwIDCLyB7BLGfAhaeIerNO'], 'img_urls': ['https://p3-sign.douyinpic.com/tos-cn-p-0015/o8fRHzhecApSC7lPAILhyBaGxegONLgIBBCHlI~tplv-noop.image?cquery=100B_100H_100K_100o_101r&dy_q=1760969609&l=20251020221329FF810B6B17C3D024C6A3&x-expires=1760980465&x-signature=ij1XZxOlfZgnkg9dkfxiYUc0Nt8%3D', 'https://p3-sign.douyinpic.com/tos-cn-p-0015/oUYCgIVxlSRAhPHBgQIzCLyB7BLGfAhaeIeDNO~tplv-noop.image?cquery=100K_100o_101r_100B_100H&dy_q=1760969609&l=20251020221329FF810B6B17C3D024C6A3&x-expires=1760980465&x-signature=X%2FJ713EViLUKoQcMhA8vAO3B2IE%3D', 'https://p3-sign.douyinpic.com/tos-cn-p-0015/oATAgIkxlSRAhVFBgwIDCLyB7BLGfAhaeIerNO~tplv-noop.image?cquery=101r_100B_100H_100K_100o&dy_q=1760969609&l=20251020221329FF810B6B17C3D024C6A3&x-expires=1760980465&x-signature=1IJzA3eSr%2BKiuxc%2BcXE6%2BuwDpW4%3D']}]}, 'item_aigc_follow_shot': 1, 'user_digged': 0, 'statistics': {'recommend_count': 2, 'comment_count': 1, 'digg_count': 38, 'admire_count': 0, 'play_count': 0, 'share_count': 7, 'collect_count': 11}, 'status': {'not_allow_soft_del_reason': 'ab', 'is_delete': False, 'allow_share': True, 'review_result': {'review_status': 0}, 'allow_friend_recommend_guide': True, 'part_see': 0, 'private_status': 0, 'listen_video_status': 2, 'in_reviewing': False, 'allow_self_recommend_to_friend': True, 'allow_friend_recommend': True, 'is_prohibited': False, 'enable_soft_delete': 0}, 'ent_log_extra': {'log_extra': '{"global_log_extra":null,"page_log_extra":null,"aweme_log_extra":{"ce_current_group_id":"7558452620256349483","author_id":"1965574329213736"},"extra_log_extra":null}'}, 'text_extra': [], 'is_top': 0, 'publish_plus_alienation': {'alienation_type': 0}, 'share_info': {'share_url': 'https://www.iesdouyin.com/share/video/7558452620256349483/?region=US&mid=7558452671724735251&u_code=0&did=MS4wLjABAAAAvCMmrvAxedjvycgJ9K0iX5KdtDHpyq-etIWoeicy6xniB0XMxRYv3S-CyP_GdsPs&iid=MS4wLjABAAAANwkJuWIRFOzg5uCpDRpMj4OX-QryoDgn-yYlXQnRwQQ&with_sec_did=1&video_share_track_ver=&titleType=title&share_sign=BJMJfRflnPxoxgBdgP6rIPIqLhxxquZP1XuggoLWlhk-&share_version=290100&ts=1760969609&from_aid=6383&from_ssr=1&share_track_info=%7B%22link_description_type%22%3A%22%22%7D', 'share_link_desc': '8.43 r@r.eO 05/19 icN:/ 被爱是孩子一生的底气 只要活着，每个人都有一个需求——被爱。童年没获得的爱，会让我们一生都在向外寻找。 # 幼儿教育# 父母课堂# 育儿# 亲子关系# 家庭教育# 孙瑞雪  %s 复制此链接，打开Dou音搜索，直接观看视频！'}, 'nearby_hot_comment': None, 'video_labels': None, 'entertainment_video_type': 3, 'is_ads': False, 'duration': 56890, 'aweme_type': 0, 'select_anchor_expanded_content': 0, 'ai_follow_images': None, 'image_infos': None, 'risk_infos': {'vote': False, 'warn': False, 'risk_sink': False, 'type': 0, 'content': ''}, 'entertainment_video_paid_way': {'paid_ways': [], 'paid_type': 0, 'enable_use_new_ent_data': False}, 'flash_mob_trends': 0, 'position': None, 'uniqid_position': None, 'comment_list': None, 'author_user_id': 1965574329213736, 'product_genre_info': {'product_genre_type': 2, 'material_genre_sub_type_set': [4], 'special_info': {'recommend_group_name': 0}}, 'geofencing': [], 'series_basic_info': {}, 'is_moment_history': 0, 'region': '', 'video_text': None, 'is_24_story': 0, 'collect_stat': 0, 'label_top_text': None, 'promotions': [], 'group_id': '7558452620256349483', 'prevent_download': False, 'nickname_position': None, 'challenge_position': None, 'shoot_way': '', 'video_share_edit_status': 0, 'friend_recommend_info': {'friend_recommend_source': 10, 'label_user_list': None, 'disable_friend_recommend_guide_label': False}, 'long_video': None, 'trends_event_track': '{}', 'aweme_listen_struct': {'trace_info': '{"copyright_not_speech":"false","copyright_reason":"has_listen_cp_new","copyright_tag_hit":"","copyright_use_aed_default":"false","copyright_use_tag_default":"false","cp_ab":"true","desc":"","duration_over":"false","hit_high_risk":"false","media_type":"4","reason":"hit_ab_0","show":"false"}'}, 'enable_comment_sticker_rec': False, 'follow_shoot_clip_info': {'clip_video_all': 7558452671724735251, 'clip_from_user': 7558452671724735251}, 'interaction_stickers': None, 'mv_info': None, 'origin_comment_ids': None, 'commerce_config_data': None, 'caption_template_id': 0, 'video_control': {'allow_download': False, 'share_type': 0, 'show_progress_bar': 1, 'draft_progress_bar': 1, 'allow_duet': True, 'allow_react': True, 'prevent_download_type': 2, 'allow_dynamic_wallpaper': False, 'timer_status': 1, 'allow_music': True, 'allow_stitch': True, 'allow_douplus': True, 'allow_share': True, 'share_grayed': False, 'download_ignore_visibility': False, 'duet_ignore_visibility': False, 'share_ignore_visibility': False, 'download_info': {'level': 1, 'fail_info': {'code': 290002, 'reason': 'isolation_content', 'msg': '视频暂时无法保存，链接已复制'}}, 'duet_info': {'level': 0}, 'allow_record': True, 'disable_record_reason': '', 'timer_info': {'public_time': 1759846800, 'timer_status': 0}}, 'aweme_control': {'can_forward': True, 'can_share': True, 'can_comment': True, 'can_show_comment': True}, 'douplus_user_type': 0, 'is_25_story': 0, 'origin_duet_resource_uri': '', 'is_moment_story': 0, 'anchors': None, 'hybrid_label': None, 'geofencing_regions': None, 'interest_points': None, 'aweme_acl': {'download_mask_panel': {'code': 1, 'show_type': 0}}, 'personal_page_botton_diagnose_style': 0, 'is_story': 0, 'game_tag_info': {'is_game': False}, 'chapter_bar_color': None, 'follow_shot_assets': None, 'cover_labels': None, 'is_new_text_mode': 0, 'can_cache_to_local': True, 'guide_btn_type': 0, 'is_from_ad_auth': False, 'aweme_type_tags': '', 'images': None, 'relation_labels': None, 'cf_assets_type': 0, 'impression_data': {'group_id_list_a': [], 'group_id_list_b': [], 'similar_id_list_a': None, 'similar_id_list_b': None, 'group_id_list_c': [], 'group_id_list_d': []}, 'component_control': {'data_source_url': '/aweme/v1/web/aweme/post/'}, 'trends_infos': None, 'libfinsert_task_id': '', 'social_tag_list': None, 'show_follow_button': {}, 'duet_aggregate_in_music_tab': False, 'is_duet_sing': False, 'comment_permission_info': {'comment_permission_status': 0, 'can_comment': True, 'item_detail_entry': False, 'press_entry': False, 'toast_guide': False}, 'original_images': None, 'series_paid_info': {'series_paid_status': 0, 'item_price': 0}, 'img_bitrate': None, 'comment_gid': 7558452620256349483, 'image_album_music_info': {'begin_time': -1, 'end_time': -1, 'volume': -1}, 'video_tag': [{'tag_id': 2024, 'tag_name': '亲子', 'level': 1}, {'tag_id': 2024006, 'tag_name': '母婴', 'level': 2}, {'tag_id': 2024006003, 'tag_name': '育儿知识', 'level': 3}], 'is_collects_selected': 0, 'chapter_list': None, 'feed_comment_config': {'input_config_text': '善语结善缘，恶言伤人心', 'author_audit_status': 0, 'common_flags': '{"item_author_nickname":"孙瑞雪聊教育","video_labels_v2_tag1":"母婴","video_labels_v2_tag2":"育儿理念"}'}, 'is_image_beat': False, 'dislike_dimension_list': None, 'standard_bar_info_list': None, 'photo_search_entrance': {'ecom_type': 0}, 'is_life_item': False, 'image_list': None, 'component_info_v2': '{"desc_lines_limit":0,"hide_marquee":false}', 'item_warn_notification': {'type': 0, 'show': False, 'content': ''}, 'origin_text_extra': None, 'disable_relation_bar': 0, 'packed_clips': None, 'author_mask_tag': 0, 'user_recommend_status': 1, 'collection_corner_mark': 0, 'is_share_post': False, 'image_comment': {}, 'visual_search_info': {'is_show_img_entrance': False, 'is_ecom_img': False, 'is_high_accuracy_ecom': False, 'is_high_recall_ecom': False}, 'tts_id_list': None, 'ref_tts_id_list': None, 'voice_modify_id_list': None, 'ref_voice_modify_id_list': None, 'authentication_token': 'MS4wLjAAAAAAxElJQ-IKPn6Axzoawry3OzmR0c7xwmhZZzHMaH7KlbuBrJ6yyxHUoMaw3kHG1roo6xU6cPSW8XJJyYewYClrmPuAEhvec28QdTlumAA8wpOiFBRwm90YnICvqw0cjqLe0DSPBhWB5DiDJWV9qZy1w9HaFeYa4YO-eE1FE0uLF-QPd4Wc_q5ZrwBuzIig2E3FohYL-dbKdPnKZV2QQkY6A3I1_ouIbOEs-juU1U0icnNJUHiwOd6HgBb7dKOJNGXy', 'video_game_data_channel_config': {}, 'dislike_dimension_list_v2': None, 'distribute_circle': {'distribute_type': 0, 'campus_block_interaction': False, 'is_campus': False}, 'image_crop_ctrl': 0, 'yumme_recreason': None, 'slides_music_beats': None, 'jump_tab_info_list': None, 'media_type': 4, 'reply_smart_emojis': None, 'activity_video_type': -1, 'boost_status': 0, 'create_scale_type': None, 'entertainment_product_info': {'sub_title': None, 'market_info': {'limit_free': {'in_free': False}, 'marketing_tag': None}}, 'caption': '只要活着，每个人都有一个需求——被爱。童年没获得的爱，会让我们一生都在向外寻找。\n#幼儿教育#父母课堂#育儿#亲子关系#家庭教育#孙瑞雪', 'item_title': '被爱是孩子一生的底气', 'is_use_music': False, 'original': 0, 'xigua_base_info': {'status': 0, 'star_altar_order_id': 0, 'star_altar_type': 0, 'item_id': 0}, 'mark_largely_following': False}, {'aweme_id': '7555854819900689704', 'desc': '当你懂得什么是真正的爱，这样才能更好地爱孩子 真正的爱，是两个人并肩而立，而非一方永远当另一方的“妈妈”。 \n#幼儿教育#父母课堂#育儿#亲子关系#家庭教育#孙瑞雪', 'create_time': 1759744800, 'author': {'uid': '1965574329213736', 'card_entries_not_display': None, 'nickname': '孙瑞雪聊教育', 'personal_tag_list': None, 'homepage_bottom_toast': None, 'avatar_thumb': {'uri': '100x100/aweme-avatar/tos-cn-avt-0015_afee5b125df955a19af4c41159ad1295', 'url_list': ['https://p3-pc.douyinpic.com/aweme/100x100/aweme-avatar/tos-cn-avt-0015_afee5b125df955a19af4c41159ad1295.jpeg?from=327834062'], 'width': 720, 'height': 720}, 'batch_unfollow_contain_tabs': None, 'not_seen_item_id_list': None, 'follow_status': 0, 'contrail_list': None, 'story_interactive': 0, 'data_label_list': None, 'custom_verify': '', 'follower_list_secondary_information_struct': None, 'display_info': None, 'interest_tags': None, 'account_cert_info': '{}', 'user_tags': None, 'share_info': {'share_url': '', 'share_weibo_desc': '', 'share_desc': '', 'share_title': '', 'share_qrcode_url': {'uri': '31b0500316c4e154852bc', 'url_list': ['https://p3-pc-sign.douyinpic.com/obj/31b0500316c4e154852bc?lk3s=138a59ce&x-expires=1760990400&x-signature=VnOegD8kfOkclbkCT%2BIUAVSkQl4%3D&from=327834062'], 'width': 720, 'height': 720}, 'share_title_myself': '', 'share_title_other': '', 'share_desc_info': ''}, 'can_set_geofencing': None, 'sec_uid': 'MS4wLjABAAAAnAFnkWlOm9jteymsi42fanYLMzfbqdGIwCILEUqDNmFyjfK9N8fSJdS_D2UWk_we', 'need_points': None, 'enterprise_verify_reason': '', 'is_ad_fake': False, 'story_ttl': 0, 'user_permissions': None, 'card_entries': None, 'creator_tag_list': None, 'offline_info_list': None, 'text_extra': None, 'card_sort_priority': None, 'prevent_download': False, 'special_people_labels': None, 'white_cover_url': None, 'endorsement_info_list': None, 'follower_status': 0, 'profile_mob_params': None, 'familiar_visitor_user': None, 'avatar_schema_list': None, 'cover_url': [{'uri': 'c8510002be9a3a61aad2', 'url_list': ['https://p3-pc-sign.douyinpic.com/obj/c8510002be9a3a61aad2?lk3s=138a59ce&x-expires=1762178400&x-signature=bEz6E0nbTH1458RtDsUU87G74Mk%3D&from=327834062'], 'width': 720, 'height': 720}], 'cf_list': None, 'im_role_ids': None, 'not_seen_item_id_list_v2': None, 'signature_extra': None, 'risk_notice_text': '', 'ban_user_functions': None, 'profile_component_disabled': None, 'verification_permission_ids': None, 'identity_labels': None, 'private_relation_list': None, 'link_item_list': None, 'batch_unfollow_relation_desc': None}, 'music': {'id': 7376172372692617243, 'id_str': '7376172372692617243', 'title': '唯美古风  空山新雨', 'author': 'Stan立', 'album': '唯美古风  空山新雨', 'cover_hd': {'uri': 'tos-cn-v-2774c002/oA6lLAfazIQFIGQebCIA9nGMAveLIBFtCASy3u', 'url_list': ['https://p3.douyinpic.com/aweme/1080x1080/tos-cn-v-2774c002/oA6lLAfazIQFIGQebCIA9nGMAveLIBFtCASy3u.jpeg', 'https://p6.douyinpic.com/aweme/1080x1080/tos-cn-v-2774c002/oA6lLAfazIQFIGQebCIA9nGMAveLIBFtCASy3u.jpeg'], 'width': 720, 'height': 720}, 'cover_large': {'uri': 'tos-cn-v-2774c002/oA6lLAfazIQFIGQebCIA9nGMAveLIBFtCASy3u', 'url_list': ['https://p3.douyinpic.com/aweme/720x720/tos-cn-v-2774c002/oA6lLAfazIQFIGQebCIA9nGMAveLIBFtCASy3u.jpeg', 'https://p6.douyinpic.com/aweme/720x720/tos-cn-v-2774c002/oA6lLAfazIQFIGQebCIA9nGMAveLIBFtCASy3u.jpeg'], 'width': 720, 'height': 720}, 'cover_medium': {'uri': 'tos-cn-v-2774c002/oA6lLAfazIQFIGQebCIA9nGMAveLIBFtCASy3u', 'url_list': ['https://p3.douyinpic.com/aweme/200x200/tos-cn-v-2774c002/oA6lLAfazIQFIGQebCIA9nGMAveLIBFtCASy3u.jpeg', 'https://p6.douyinpic.com/aweme/200x200/tos-cn-v-2774c002/oA6lLAfazIQFIGQebCIA9nGMAveLIBFtCASy3u.jpeg'], 'width': 720, 'height': 720}, 'cover_thumb': {'uri': 'tos-cn-v-2774c002/oA6lLAfazIQFIGQebCIA9nGMAveLIBFtCASy3u', 'url_list': ['https://p3.douyinpic.com/aweme/100x100/tos-cn-v-2774c002/oA6lLAfazIQFIGQebCIA9nGMAveLIBFtCASy3u.jpeg', 'https://p6.douyinpic.com/aweme/100x100/tos-cn-v-2774c002/oA6lLAfazIQFIGQebCIA9nGMAveLIBFtCASy3u.jpeg'], 'width': 720, 'height': 720}, 'play_url': {'uri': 'https://sf3-cdn-tos.douyinstatic.com/obj/tos-cn-ve-2774/o0F5IIwmXCk5AyBgE1TWCZ3BDe6fYF7Nt90gQD', 'url_list': ['https://sf3-cdn-tos.douyinstatic.com/obj/tos-cn-ve-2774/o0F5IIwmXCk5AyBgE1TWCZ3BDe6fYF7Nt90gQD', 'https://sf5-hl-cdn-tos.douyinstatic.com/obj/tos-cn-ve-2774/o0F5IIwmXCk5AyBgE1TWCZ3BDe6fYF7Nt90gQD'], 'width': 720, 'height': 720, 'url_key': '7376172372692617243'}, 'schema_url': '', 'source_platform': 10036, 'start_time': 0, 'end_time': 0, 'duration': 265, 'extra': '{"dsp_switch":0,"reviewed":0,"image_beats_url":"https://sf5-hl-cdn-tos.douyinstatic.com/obj/tos-cn-v-2774c002/o4wzmvO4aSgAisBAXEgAZroWQDAEIgJBijvIy","hotsoon_review_time":-1,"music_label_id":4424,"loudness":"-20.235464","has_edited":0,"beats":{"audio_effect_onset":"https://sf5-hl-cdn-tos.douyinstatic.com/obj/tos-cn-v-2774c002/oAFBIeU2A0wzFEeoMAEB8KLRauBsGRejChAuGA","beats_tracker":"https://sf5-hl-cdn-tos.douyinstatic.com/obj/tos-cn-v-2774c002/o4wzmvO4aSgAisBAXEgAZroWQDAEIgJBijvIy","energy_trace":"https://sf5-hl-ali-cdn-tos.douyinstatic.com/obj/tos-cn-v-2774c002/oI02GeeFaIQEEojwDAMALCWsE6zRFAcaBBJAeF","merged_beats":"https://sf5-hl-cdn-tos.douyinstatic.com/obj/tos-cn-v-2774c002/ocfsCZ6EAhZDAEKEjBFmCjBDg1DWAA4ofIbtIp"},"douyin_beats_info":{},"schedule_search_time":0,"is_red":0,"is_subsidy_exp":false,"aggregate_exempt_conf":[],"hit_high_follow_extend":false,"is_aed_music":0,"with_aed_model":0,"is_high_follow_user":false,"review_unshelve_reason":0,"cover_colors":{"rgb":[211,141,108]},"music_tagging":{"Languages":["non_vocal"],"Moods":["Healing","Miss","Memory","Chill","Calm"],"Genres":["Easy Listening"],"Themes":["Autumn"],"AEDs":["non_vocal"],"SingingVersions":["Seed"],"Instruments":null},"peak":"0.4778706","hit_high_follow_original":false,"hit_high_follow_auto":false}', 'user_count': 0, 'position': None, 'collect_stat': 0, 'status': 1, 'offline_desc': '', 'owner_nickname': '', 'is_original': False, 'mid': '7376172372692617243', 'binded_challenge_id': 0, 'redirect': False, 'is_restricted': False, 'author_deleted': False, 'is_del_video': False, 'is_video_self_see': False, 'owner_handle': '', 'author_position': None, 'prevent_download': False, 'strong_beat_url': {'uri': 'https://sf5-hl-cdn-tos.douyinstatic.com/obj/tos-cn-v-2774c002/o8zAZBZ9QIAx8iRA4iPVDNZEyWdAPr3ORw5sE', 'url_list': ['https://sf5-hl-cdn-tos.douyinstatic.com/obj/tos-cn-v-2774c002/o8zAZBZ9QIAx8iRA4iPVDNZEyWdAPr3ORw5sE', 'https://sf5-hl-ali-cdn-tos.douyinstatic.com/obj/tos-cn-v-2774c002/o8zAZBZ9QIAx8iRA4iPVDNZEyWdAPr3ORw5sE'], 'width': 720, 'height': 720}, 'unshelve_countries': None, 'prevent_item_download_status': 0, 'external_song_info': [], 'preview_start_time': 0, 'preview_end_time': 0, 'is_commerce_music': True, 'is_original_sound': False, 'audition_duration': 265, 'shoot_duration': 265, 'reason_type': 0, 'artists': [], 'lyric_short_position': None, 'mute_share': False, 'tag_list': None, 'dmv_auto_show': False, 'is_pgc': True, 'is_matched_metadata': False, 'is_audio_url_with_cookie': False, 'music_chart_ranks': None, 'can_background_play': True, 'music_status': 1, 'video_duration': 6000, 'pgc_music_type': 1, 'cover_color_hsv': {'h': 19, 's': 35, 'v': 83}, 'search_impr': {'entity_id': '7376172372692617243'}, 'song': {'id': 7376171428226533403, 'id_str': '7376171428226533403', 'title': '唯美古风  空山新雨', 'artists': None, 'chorus': {'start_ms': 140544, 'duration_ms': 98495}, 'chorus_v3_infos': None}, 'artist_user_infos': None, 'dsp_status': 10, 'musician_user_infos': None, 'music_image_beats': {'music_image_beats_url': {'uri': 'tos-cn-v-2774c002/o4wzmvO4aSgAisBAXEgAZroWQDAEIgJBijvIy', 'url_list': ['https://sf5-hl-cdn-tos.douyinstatic.com/obj/tos-cn-v-2774c002/o4wzmvO4aSgAisBAXEgAZroWQDAEIgJBijvIy'], 'width': 720, 'height': 720}}, 'music_collect_count': 0, 'music_cover_atmosphere_color_value': '', 'show_origin_clip': False}, 'effect_inflow_effects': None, 'video': {'play_addr': {'uri': 'v0d00fg10000d3dsigvog65tfvk7bvdg', 'url_list': ['https://v5-dy-o-abtest.zjcdn.com/3972473d3cabff019b1f9955caf9e32b/68f66dd9/video/tos/cn/tos-cn-ve-15/o8XtaIHEGDUK5CyfAIegAsQqrLf9CRBB71b7tb/?a=6383&ch=10010&cr=3&dr=0&lr=all&cd=0%7C0%7C0%7C3&cv=1&br=669&bt=669&cs=0&ds=3&ft=c2YTctGHQPRUZxfusdr~kwPqYldQIKDEE-TerrNqq_45a&mime_type=video_mp4&qs=0&rc=Zzk0NDo6PGgzNTU7ZDU0ZUBpank6eXc5cmp2NjMzNGkzM0BhNC9fMjJhNmIxLzI2YWAzYSNhX2hjMmRzZmFhLS1kLWFzcw%3D%3D&btag=80000e00018000&cquery=100K_100o_101r_100B_100H&dy_q=1760969609&feature_id=fea919893f650a8c49286568590446ef&l=20251020221329FF810B6B17C3D024C6A3', 'https://v5-dy-o-abtest.zjcdn.com/3972473d3cabff019b1f9955caf9e32b/68f66dd9/video/tos/cn/tos-cn-ve-15/o8XtaIHEGDUK5CyfAIegAsQqrLf9CRBB71b7tb/?a=6383&ch=10010&cr=3&dr=0&lr=all&cd=0%7C0%7C0%7C3&cv=1&br=669&bt=669&cs=0&ds=3&ft=c2YTctGHQPRUZxfusdr~kwPqYldQIKDEE-TerrNqq_45a&mime_type=video_mp4&qs=0&rc=Zzk0NDo6PGgzNTU7ZDU0ZUBpank6eXc5cmp2NjMzNGkzM0BhNC9fMjJhNmIxLzI2YWAzYSNhX2hjMmRzZmFhLS1kLWFzcw%3D%3D&btag=80000e00018000&cquery=100B_100H_100K_100o_101r&dy_q=1760969609&feature_id=fea919893f650a8c49286568590446ef&l=20251020221329FF810B6B17C3D024C6A3', 'https://www.douyin.com/aweme/v1/play/?video_id=v0d00fg10000d3dsigvog65tfvk7bvdg&line=0&file_id=6bc1d29a582242e09ed95757b12176dd&sign=1219d38891381c1a09566041acee47b4&is_play_url=1&source=PackSourceEnum_PUBLISH'], 'width': 720, 'height': 1280, 'url_key': 'v0d00fg10000d3dsigvog65tfvk7bvdg_h264_720p_685884', 'data_size': 2791121, 'file_hash': '1219d38891381c1a09566041acee47b4', 'file_cs': 'c:0-36849-5f36|d:0-1395559-b8b5,1395560-2791120-9c3d|a:v0d00fg10000d3dsigvog65tfvk7bvdg'}, 'cover': {'uri': 'tos-cn-i-dy/72736ebfe962422bae93c4c97cd5a673', 'url_list': ['https://p3-pc-sign.douyinpic.com/tos-cn-i-dy/72736ebfe962422bae93c4c97cd5a673~tplv-dy-cropcenter:323:430.jpeg?lk3s=138a59ce&x-expires=2076328800&x-signature=3h2WCkh0%2BLzliJZzrzXVJeaQ4yY%3D&from=327834062&s=PackSourceEnum_PUBLISH&se=true&sh=323_430&sc=cover&biz_tag=pcweb_cover&l=20251020221329FF810B6B17C3D024C6A3', 'https://p3-pc-sign.douyinpic.com/obj/tos-cn-i-dy/72736ebfe962422bae93c4c97cd5a673?lk3s=138a59ce&x-expires=2076328800&x-signature=WXtng5%2FktkANs%2F8TDt%2FzJqNKAa8%3D&from=327834062&s=PackSourceEnum_PUBLISH&se=false&sc=cover&biz_tag=pcweb_cover&l=20251020221329FF810B6B17C3D024C6A3'], 'width': 720, 'height': 720}, 'height': 1920, 'width': 1080, 'dynamic_cover': {'uri': 'tos-cn-i-dy/72736ebfe962422bae93c4c97cd5a673', 'url_list': ['https://p3-pc-sign.douyinpic.com/obj/tos-cn-i-dy/72736ebfe962422bae93c4c97cd5a673?lk3s=138a59ce&x-expires=1762178400&x-signature=kQeHdCtWWWhc%2BsGlkgasBr3UnhI%3D&from=327834062_large&s=PackSourceEnum_PUBLISH&se=false&sc=dynamic_cover&biz_tag=pcweb_cover&l=20251020221329FF810B6B17C3D024C6A3', 'https://p9-pc-sign.douyinpic.com/obj/tos-cn-i-dy/72736ebfe962422bae93c4c97cd5a673?lk3s=138a59ce&x-expires=1762178400&x-signature=79vkKmXC1uu05M2HUhdgJfm2dJo%3D&from=327834062_large&s=PackSourceEnum_PUBLISH&se=false&sc=dynamic_cover&biz_tag=pcweb_cover&l=20251020221329FF810B6B17C3D024C6A3'], 'width': 720, 'height': 720}, 'origin_cover': {'uri': 'tos-cn-p-0015/og8HveHABDCQYXAfraM9aRgftgRKqJ7p5XsBN6', 'url_list': ['https://p3-pc-sign.douyinpic.com/tos-cn-p-0015/og8HveHABDCQYXAfraM9aRgftgRKqJ7p5XsBN6~tplv-dy-360p.jpeg?lk3s=138a59ce&x-expires=1762178400&x-signature=g6sfw%2FKxJraR9mnESPq8Wm76xwk%3D&from=327834062&s=PackSourceEnum_PUBLISH&se=false&sc=origin_cover&biz_tag=pcweb_cover&l=20251020221329FF810B6B17C3D024C6A3', 'https://p9-pc-sign.douyinpic.com/tos-cn-p-0015/og8HveHABDCQYXAfraM9aRgftgRKqJ7p5XsBN6~tplv-dy-360p.jpeg?lk3s=138a59ce&x-expires=1762178400&x-signature=tK%2Fu5hlQ8JAjVn9qphii1hTVrZU%3D&from=327834062&s=PackSourceEnum_PUBLISH&se=false&sc=origin_cover&biz_tag=pcweb_cover&l=20251020221329FF810B6B17C3D024C6A3'], 'width': 360, 'height': 640}, 'ratio': '720p', 'format': 'mp4', 'audio': {'original_sound_infos': None}, 'bit_rate': [{'gear_name': 'normal_720_0', 'quality_type': 10, 'bit_rate': 685884, 'play_addr': {'uri': 'v0d00fg10000d3dsigvog65tfvk7bvdg', 'url_list': ['https://v5-dy-o-abtest.zjcdn.com/3972473d3cabff019b1f9955caf9e32b/68f66dd9/video/tos/cn/tos-cn-ve-15/o8XtaIHEGDUK5CyfAIegAsQqrLf9CRBB71b7tb/?a=6383&ch=10010&cr=3&dr=0&lr=all&cd=0%7C0%7C0%7C3&cv=1&br=669&bt=669&cs=0&ds=3&ft=c2YTctGHQPRUZxfusdr~kwPqYldQIKDEE-TerrNqq_45a&mime_type=video_mp4&qs=0&rc=Zzk0NDo6PGgzNTU7ZDU0ZUBpank6eXc5cmp2NjMzNGkzM0BhNC9fMjJhNmIxLzI2YWAzYSNhX2hjMmRzZmFhLS1kLWFzcw%3D%3D&btag=80000e00018000&cquery=100K_100o_101r_100B_100H&dy_q=1760969609&feature_id=fea919893f650a8c49286568590446ef&l=20251020221329FF810B6B17C3D024C6A3', 'https://v5-dy-o-abtest.zjcdn.com/3972473d3cabff019b1f9955caf9e32b/68f66dd9/video/tos/cn/tos-cn-ve-15/o8XtaIHEGDUK5CyfAIegAsQqrLf9CRBB71b7tb/?a=6383&ch=10010&cr=3&dr=0&lr=all&cd=0%7C0%7C0%7C3&cv=1&br=669&bt=669&cs=0&ds=3&ft=c2YTctGHQPRUZxfusdr~kwPqYldQIKDEE-TerrNqq_45a&mime_type=video_mp4&qs=0&rc=Zzk0NDo6PGgzNTU7ZDU0ZUBpank6eXc5cmp2NjMzNGkzM0BhNC9fMjJhNmIxLzI2YWAzYSNhX2hjMmRzZmFhLS1kLWFzcw%3D%3D&btag=80000e00018000&cquery=100B_100H_100K_100o_101r&dy_q=1760969609&feature_id=fea919893f650a8c49286568590446ef&l=20251020221329FF810B6B17C3D024C6A3', 'https://www.douyin.com/aweme/v1/play/?video_id=v0d00fg10000d3dsigvog65tfvk7bvdg&line=0&file_id=6bc1d29a582242e09ed95757b12176dd&sign=1219d38891381c1a09566041acee47b4&is_play_url=1&source=PackSourceEnum_PUBLISH'], 'width': 720, 'height': 1280, 'url_key': 'v0d00fg10000d3dsigvog65tfvk7bvdg_h264_720p_685884', 'data_size': 2791121, 'file_hash': '1219d38891381c1a09566041acee47b4', 'file_cs': 'c:0-36849-5f36|d:0-1395559-b8b5,1395560-2791120-9c3d|a:v0d00fg10000d3dsigvog65tfvk7bvdg'}, 'is_h265': 0, 'is_bytevc1': 0, 'HDR_type': '', 'HDR_bit': '', 'FPS': 30, 'video_extra': '{"PktOffsetMap":"[{\\"time\\": 1, \\"offset\\": 193091}, {\\"time\\": 2, \\"offset\\": 302225}, {\\"time\\": 3, \\"offset\\": 407250}, {\\"time\\": 4, \\"offset\\": 512687}, {\\"time\\": 5, \\"offset\\": 614348}, {\\"time\\": 10, \\"offset\\": 1061884}]","format":"mp4","definition":"720p","quality":"normal","file_id":"6bc1d29a582242e09ed95757b12176dd","applog_map":{"feature_id":"fea919893f650a8c49286568590446ef"},"audio_channels":"2.0","audio_sample_rate":"44100","audio_metrics":null,"audio_score":null}', 'format': 'mp4'}, {'gear_name': 'low_720_0', 'quality_type': 211, 'bit_rate': 598250, 'play_addr': {'uri': 'v0d00fg10000d3dsigvog65tfvk7bvdg', 'url_list': ['https://v5-dy-o-abtest.zjcdn.com/049703296ef3b5488c3b83c3b6d8efcc/68f66dd9/video/tos/cn/tos-cn-ve-15/ocnBK0GaLCfHtLm1U7ubACrBf1DIEaQeAR59gI/?a=6383&ch=10010&cr=3&dr=0&lr=all&cd=0%7C0%7C0%7C3&cv=1&br=584&bt=584&cs=0&ds=3&ft=c2YTctGHQPRUZxfusdr~kwPqYldQIKDEE-TerrNqq_45a&mime_type=video_mp4&qs=1&rc=OWVoNmY4ZzZkNjYzO2k3NUBpank6eXc5cmp2NjMzNGkzM0BeYl5jLjAxNTYxLTAtYmFhYSNhX2hjMmRzZmFhLS1kLWFzcw%3D%3D&btag=80000e00018000&cquery=100K_100o_101r_100B_100H&dy_q=1760969609&feature_id=0ea98fd3bdc3c6c14a3d0804cc272721&l=20251020221329FF810B6B17C3D024C6A3', 'https://v5-dy-o-abtest.zjcdn.com/049703296ef3b5488c3b83c3b6d8efcc/68f66dd9/video/tos/cn/tos-cn-ve-15/ocnBK0GaLCfHtLm1U7ubACrBf1DIEaQeAR59gI/?a=6383&ch=10010&cr=3&dr=0&lr=all&cd=0%7C0%7C0%7C3&cv=1&br=584&bt=584&cs=0&ds=3&ft=c2YTctGHQPRUZxfusdr~kwPqYldQIKDEE-TerrNqq_45a&mime_type=video_mp4&qs=1&rc=OWVoNmY4ZzZkNjYzO2k3NUBpank6eXc5cmp2NjMzNGkzM0BeYl5jLjAxNTYxLTAtYmFhYSNhX2hjMmRzZmFhLS1kLWFzcw%3D%3D&btag=80000e00018000&cquery=100o_101r_100B_100H_100K&dy_q=1760969609&feature_id=0ea98fd3bdc3c6c14a3d0804cc272721&l=20251020221329FF810B6B17C3D024C6A3', 'https://www.douyin.com/aweme/v1/play/?video_id=v0d00fg10000d3dsigvog65tfvk7bvdg&line=0&file_id=d2d4ef083003439a834d351cf3aeeba6&sign=84c0689ac72094af85f5dd8a55ccff0a&is_play_url=1&source=PackSourceEnum_PUBLISH'], 'width': 720, 'height': 1280, 'url_key': 'v0d00fg10000d3dsigvog65tfvk7bvdg_h264_720p_598250', 'data_size': 2434505, 'file_hash': '84c0689ac72094af85f5dd8a55ccff0a', 'file_cs': 'c:0-28296-22cb|d:0-1217251-a21e,1217252-2434504-84f7|a:v0d00fg10000d3dsigvog65tfvk7bvdg'}, 'is_h265': 0, 'is_bytevc1': 0, 'HDR_type': '', 'HDR_bit': '', 'FPS': 30, 'video_extra': '{"PktOffsetMap":"[{\\"time\\": 1, \\"offset\\": 175220}, {\\"time\\": 2, \\"offset\\": 271013}, {\\"time\\": 3, \\"offset\\": 365241}, {\\"time\\": 4, \\"offset\\": 458723}, {\\"time\\": 5, \\"offset\\": 548809}, {\\"time\\": 10, \\"offset\\": 944711}]","format":"mp4","definition":"720p","quality":"low","file_id":"d2d4ef083003439a834d351cf3aeeba6","applog_map":{"feature_id":"0ea98fd3bdc3c6c14a3d0804cc272721"},"audio_channels":"2.0","audio_sample_rate":"44100","audio_metrics":null,"audio_score":null}', 'format': 'mp4'}, {'gear_name': 'low_540_0', 'quality_type': 292, 'bit_rate': 553634, 'play_addr': {'uri': 'v0d00fg10000d3dsigvog65tfvk7bvdg', 'url_list': ['https://v5-dy-o-abtest.zjcdn.com/70f4bd9f7d81c20463a9374e19e1b1ce/68f66dd9/video/tos/cn/tos-cn-ve-15/ooYX9ISB7RfASaf8rOgA6HMRmosXQBH5CAeKvt/?a=6383&ch=10010&cr=3&dr=0&lr=all&cd=0%7C0%7C0%7C3&cv=1&br=540&bt=540&cs=0&ds=6&ft=c2YTctGHQPRUZxfusdr~kwPqYldQIKDEE-TerrNqq_45a&mime_type=video_mp4&qs=1&rc=aTw2OGdmZTxoNjZmPDszaEBpank6eXc5cmp2NjMzNGkzM0BhNWI2YjRjNTQxYjUtM2I0YSNhX2hjMmRzZmFhLS1kLWFzcw%3D%3D&btag=80000e00018000&cquery=101r_100B_100H_100K_100o&dy_q=1760969609&feature_id=0ea98fd3bdc3c6c14a3d0804cc272721&l=20251020221329FF810B6B17C3D024C6A3', 'https://v5-dy-o-abtest.zjcdn.com/70f4bd9f7d81c20463a9374e19e1b1ce/68f66dd9/video/tos/cn/tos-cn-ve-15/ooYX9ISB7RfASaf8rOgA6HMRmosXQBH5CAeKvt/?a=6383&ch=10010&cr=3&dr=0&lr=all&cd=0%7C0%7C0%7C3&cv=1&br=540&bt=540&cs=0&ds=6&ft=c2YTctGHQPRUZxfusdr~kwPqYldQIKDEE-TerrNqq_45a&mime_type=video_mp4&qs=1&rc=aTw2OGdmZTxoNjZmPDszaEBpank6eXc5cmp2NjMzNGkzM0BhNWI2YjRjNTQxYjUtM2I0YSNhX2hjMmRzZmFhLS1kLWFzcw%3D%3D&btag=80000e00018000&cquery=100o_101r_100B_100H_100K&dy_q=1760969609&feature_id=0ea98fd3bdc3c6c14a3d0804cc272721&l=20251020221329FF810B6B17C3D024C6A3', 'https://www.douyin.com/aweme/v1/play/?video_id=v0d00fg10000d3dsigvog65tfvk7bvdg&line=0&file_id=7ee068098ce3437e89fb7ced95e389df&sign=ef85669cede21a49ae863439ca808982&is_play_url=1&source=PackSourceEnum_PUBLISH'], 'width': 576, 'height': 1024, 'url_key': 'v0d00fg10000d3dsigvog65tfvk7bvdg_h264_540p_553634', 'data_size': 2252947, 'file_hash': 'ef85669cede21a49ae863439ca808982', 'file_cs': 'c:0-28296-452b|d:0-1126472-c383,1126473-2252946-03b5|a:v0d00fg10000d3dsigvog65tfvk7bvdg'}, 'is_h265': 0, 'is_bytevc1': 0, 'HDR_type': '', 'HDR_bit': '', 'FPS': 30, 'video_extra': '{"PktOffsetMap":"[{\\"time\\": 1, \\"offset\\": 160402}, {\\"time\\": 2, \\"offset\\": 247331}, {\\"time\\": 3, \\"offset\\": 332760}, {\\"time\\": 4, \\"offset\\": 417266}, {\\"time\\": 5, \\"offset\\": 499575}, {\\"time\\": 10, \\"offset\\": 864047}]","format":"mp4","definition":"540p","quality":"low","file_id":"7ee068098ce3437e89fb7ced95e389df","applog_map":{"feature_id":"0ea98fd3bdc3c6c14a3d0804cc272721"},"audio_channels":"2.0","audio_sample_rate":"44100","audio_metrics":null,"audio_score":null}', 'format': 'mp4'}, {'gear_name': 'adapt_low_540_0', 'quality_type': 291, 'bit_rate': 395682, 'play_addr': {'uri': 'v0d00fg10000d3dsigvog65tfvk7bvdg', 'url_list': ['https://v5-dy-o-abtest.zjcdn.com/cd015a1e6d02af7552cc035ff8c066ad/68f66dd9/video/tos/cn/tos-cn-ve-15/o8BEAI1Q7KDIRALemibtT5zb9f2GBCLHafvBFr/?a=6383&ch=10010&cr=3&dr=0&lr=all&cd=0%7C0%7C0%7C3&cv=1&br=386&bt=386&cs=0&ds=6&ft=c2YTctGHQPRUZxfusdr~kwPqYldQIKDEE-TerrNqq_45a&mime_type=video_mp4&qs=12&rc=ZTRmaWg5NzpmOmU8ZDppZUBpank6eXc5cmp2NjMzNGkzM0BfYGBhX2JjNV4xMzFiMjJiYSNhX2hjMmRzZmFhLS1kLWFzcw%3D%3D&btag=80000e00018000&cquery=100B_100H_100K_100o_101r&dy_q=1760969609&feature_id=0ea98fd3bdc3c6c14a3d0804cc272721&l=20251020221329FF810B6B17C3D024C6A3', 'https://v5-dy-o-abtest.zjcdn.com/cd015a1e6d02af7552cc035ff8c066ad/68f66dd9/video/tos/cn/tos-cn-ve-15/o8BEAI1Q7KDIRALemibtT5zb9f2GBCLHafvBFr/?a=6383&ch=10010&cr=3&dr=0&lr=all&cd=0%7C0%7C0%7C3&cv=1&br=386&bt=386&cs=0&ds=6&ft=c2YTctGHQPRUZxfusdr~kwPqYldQIKDEE-TerrNqq_45a&mime_type=video_mp4&qs=12&rc=ZTRmaWg5NzpmOmU8ZDppZUBpank6eXc5cmp2NjMzNGkzM0BfYGBhX2JjNV4xMzFiMjJiYSNhX2hjMmRzZmFhLS1kLWFzcw%3D%3D&btag=80000e00018000&cquery=101r_100B_100H_100K_100o&dy_q=1760969609&feature_id=0ea98fd3bdc3c6c14a3d0804cc272721&l=20251020221329FF810B6B17C3D024C6A3', 'https://www.douyin.com/aweme/v1/play/?video_id=v0d00fg10000d3dsigvog65tfvk7bvdg&line=0&file_id=eb5f57ea496b47ac87f4e6bedfccc1bb&sign=6c3753fc1afd88733e48cac4805c4aab&is_play_url=1&source=PackSourceEnum_PUBLISH'], 'width': 576, 'height': 1024, 'url_key': 'v0d00fg10000d3dsigvog65tfvk7bvdg_h264_540p_395682', 'data_size': 1610180, 'file_hash': '6c3753fc1afd88733e48cac4805c4aab', 'file_cs': 'c:0-28295-723f|d:0-805089-9501,805090-1610179-9bc7|a:v0d00fg10000d3dsigvog65tfvk7bvdg'}, 'is_h265': 0, 'is_bytevc1': 0, 'HDR_type': '', 'HDR_bit': '', 'FPS': 30, 'video_extra': '{"PktOffsetMap":"[{\\"time\\": 1, \\"offset\\": 124963}, {\\"time\\": 2, \\"offset\\": 188735}, {\\"time\\": 3, \\"offset\\": 251405}, {\\"time\\": 4, \\"offset\\": 312989}, {\\"time\\": 5, \\"offset\\": 373987}, {\\"time\\": 10, \\"offset\\": 632798}]","format":"mp4","definition":"540p","quality":"adapt_low","file_id":"eb5f57ea496b47ac87f4e6bedfccc1bb","applog_map":{"feature_id":"0ea98fd3bdc3c6c14a3d0804cc272721"},"audio_channels":"2.0","audio_sample_rate":"44100","audio_metrics":null,"audio_score":null}', 'format': 'mp4'}, {'gear_name': 'adapt_lowest_1080_1', 'quality_type': 2, 'bit_rate': 372206, 'play_addr': {'uri': 'v0d00fg10000d3dsigvog65tfvk7bvdg', 'url_list': ['https://v5-dy-o-abtest.zjcdn.com/fa8d542799657274de40514400a3d9e7/68f66dd9/video/tos/cn/tos-cn-ve-15/oAaCtj6Af5HMJfr3gC47PH8KBeBXjpQRAQ2IXJ/?a=6383&ch=10010&cr=3&dr=0&lr=all&cd=0%7C0%7C0%7C3&cv=1&br=363&bt=363&cs=2&ds=4&ft=c2YTctGHQPRUZxfusdr~kwPqYldQIKDEE-TerrNqq_45a&mime_type=video_mp4&qs=15&rc=M2U3M2QzNGU4ZTRmN2hoZEBpank6eXc5cmp2NjMzNGkzM0A2NDQuYTNhNjMxMWEwLS4wYSNhX2hjMmRzZmFhLS1kLWFzcw%3D%3D&btag=80000e00018000&cquery=100K_100o_101r_100B_100H&dy_q=1760969609&feature_id=b38008770b4e09863331b14b26bcdc23&l=20251020221329FF810B6B17C3D024C6A3', 'https://v5-dy-o-abtest.zjcdn.com/fa8d542799657274de40514400a3d9e7/68f66dd9/video/tos/cn/tos-cn-ve-15/oAaCtj6Af5HMJfr3gC47PH8KBeBXjpQRAQ2IXJ/?a=6383&ch=10010&cr=3&dr=0&lr=all&cd=0%7C0%7C0%7C3&cv=1&br=363&bt=363&cs=2&ds=4&ft=c2YTctGHQPRUZxfusdr~kwPqYldQIKDEE-TerrNqq_45a&mime_type=video_mp4&qs=15&rc=M2U3M2QzNGU4ZTRmN2hoZEBpank6eXc5cmp2NjMzNGkzM0A2NDQuYTNhNjMxMWEwLS4wYSNhX2hjMmRzZmFhLS1kLWFzcw%3D%3D&btag=80000e00018000&cquery=100B_100H_100K_100o_101r&dy_q=1760969609&feature_id=b38008770b4e09863331b14b26bcdc23&l=20251020221329FF810B6B17C3D024C6A3', 'https://www.douyin.com/aweme/v1/play/?video_id=v0d00fg10000d3dsigvog65tfvk7bvdg&line=0&file_id=3a1e0e34dc414b659bd160da10747b90&sign=1601b0c1b75759c883e0db9c44926afd&is_play_url=1&source=PackSourceEnum_PUBLISH'], 'width': 1080, 'height': 1920, 'url_key': 'v0d00fg10000d3dsigvog65tfvk7bvdg_bytevc1_1080p_372206', 'data_size': 1514648, 'file_hash': '1601b0c1b75759c883e0db9c44926afd', 'file_cs': 'c:0-28461-ad1d|d:0-757323-c611,757324-1514647-a621|a:v0d00fg10000d3dsigvog65tfvk7bvdg'}, 'is_h265': 1, 'is_bytevc1': 1, 'HDR_type': '', 'HDR_bit': '', 'FPS': 30, 'video_extra': '{"PktOffsetMap":"[{\\"time\\": 1, \\"offset\\": 127456}, {\\"time\\": 2, \\"offset\\": 179572}, {\\"time\\": 3, \\"offset\\": 241593}, {\\"time\\": 4, \\"offset\\": 294645}, {\\"time\\": 5, \\"offset\\": 350877}, {\\"time\\": 10, \\"offset\\": 590242}]","format":"mp4","definition":"1080p","quality":"adapt_lowest","file_id":"3a1e0e34dc414b659bd160da10747b90","applog_map":{"feature_id":"b38008770b4e09863331b14b26bcdc23"},"mvmaf":"{\\"mvmaf_sr_v1080\\":98.798,\\"mvmaf_sr_v960\\":98.961,\\"mvmaf_sr_v864\\":99.246,\\"mvmaf_sr_v720\\":99.286,\\"mvmaf_ori_v1080\\":93.334,\\"mvmaf_ori_v960\\":93.772,\\"mvmaf_ori_v864\\":94.144,\\"mvmaf_ori_v720\\":94.873}","ufq":"{\\"enh\\":93.066,\\"playback\\":{\\"ori\\":90.4,\\"srv1\\":92.161},\\"src\\":93.066,\\"trans\\":90.4,\\"version\\":\\"v1.0\\"}","audio_channels":"2.0","audio_sample_rate":"44100","audio_metrics":null,"audio_score":null}', 'format': 'mp4'}, {'gear_name': 'adapt_lowest_720_1', 'quality_type': 15, 'bit_rate': 350902, 'play_addr': {'uri': 'v0d00fg10000d3dsigvog65tfvk7bvdg', 'url_list': ['https://v5-dy-o-abtest.zjcdn.com/ddda3179e811f24e342c2ee99dc04268/68f66dd9/video/tos/cn/tos-cn-ve-15/oI5RCjABIHSLrLlA3AoItbfX7K9DGBQ1Be2Efa/?a=6383&ch=10010&cr=3&dr=0&lr=all&cd=0%7C0%7C0%7C3&cv=1&br=342&bt=342&cs=2&ds=3&ft=c2YTctGHQPRUZxfusdr~kwPqYldQIKDEE-TerrNqq_45a&mime_type=video_mp4&qs=15&rc=OWc4ZzczaDZmOGY1OjNlN0Bpank6eXc5cmp2NjMzNGkzM0BgY2FjNjFiNjYxYjFfMC0tYSNhX2hjMmRzZmFhLS1kLWFzcw%3D%3D&btag=80000e00018000&cquery=100K_100o_101r_100B_100H&dy_q=1760969609&feature_id=b38008770b4e09863331b14b26bcdc23&l=20251020221329FF810B6B17C3D024C6A3', 'https://v5-dy-o-abtest.zjcdn.com/ddda3179e811f24e342c2ee99dc04268/68f66dd9/video/tos/cn/tos-cn-ve-15/oI5RCjABIHSLrLlA3AoItbfX7K9DGBQ1Be2Efa/?a=6383&ch=10010&cr=3&dr=0&lr=all&cd=0%7C0%7C0%7C3&cv=1&br=342&bt=342&cs=2&ds=3&ft=c2YTctGHQPRUZxfusdr~kwPqYldQIKDEE-TerrNqq_45a&mime_type=video_mp4&qs=15&rc=OWc4ZzczaDZmOGY1OjNlN0Bpank6eXc5cmp2NjMzNGkzM0BgY2FjNjFiNjYxYjFfMC0tYSNhX2hjMmRzZmFhLS1kLWFzcw%3D%3D&btag=80000e00018000&cquery=101r_100B_100H_100K_100o&dy_q=1760969609&feature_id=b38008770b4e09863331b14b26bcdc23&l=20251020221329FF810B6B17C3D024C6A3', 'https://www.douyin.com/aweme/v1/play/?video_id=v0d00fg10000d3dsigvog65tfvk7bvdg&line=0&file_id=040b30b742ec459c93ee4094fdd5fdc6&sign=73d0df5ae22b995b8b7dfeac3acad56e&is_play_url=1&source=PackSourceEnum_PUBLISH'], 'width': 720, 'height': 1280, 'url_key': 'v0d00fg10000d3dsigvog65tfvk7bvdg_bytevc1_720p_350902', 'data_size': 1427953, 'file_hash': '73d0df5ae22b995b8b7dfeac3acad56e', 'file_cs': 'c:0-28462-8092|d:0-713975-da15,713976-1427952-893b|a:v0d00fg10000d3dsigvog65tfvk7bvdg'}, 'is_h265': 1, 'is_bytevc1': 1, 'HDR_type': '', 'HDR_bit': '', 'FPS': 30, 'video_extra': '{"PktOffsetMap":"[{\\"time\\": 1, \\"offset\\": 115629}, {\\"time\\": 2, \\"offset\\": 165292}, {\\"time\\": 3, \\"offset\\": 222716}, {\\"time\\": 4, \\"offset\\": 273658}, {\\"time\\": 5, \\"offset\\": 324781}, {\\"time\\": 10, \\"offset\\": 548779}]","format":"mp4","definition":"720p","quality":"adapt_lowest","file_id":"040b30b742ec459c93ee4094fdd5fdc6","applog_map":{"feature_id":"b38008770b4e09863331b14b26bcdc23"},"sr_sharpness_strength":4,"mvmaf":"{\\"mvmaf_sr_v1080\\":97.677,\\"mvmaf_sr_v960\\":98.682,\\"mvmaf_sr_v864\\":99.282,\\"mvmaf_sr_v720\\":99.37,\\"mvmaf_ori_v1080\\":87.119,\\"mvmaf_ori_v960\\":90.075,\\"mvmaf_ori_v864\\":91.21,\\"mvmaf_ori_v720\\":94.736}","ufq":"{\\"enh\\":93.066,\\"playback\\":{\\"ori\\":84.185,\\"srv1\\":91.937},\\"src\\":93.066,\\"trans\\":84.185,\\"version\\":\\"v1.0\\"}","audio_channels":"2.0","audio_sample_rate":"44100","audio_metrics":null,"audio_score":null}', 'format': 'mp4'}, {'gear_name': 'adapt_540_1', 'quality_type': 28, 'bit_rate': 332554, 'play_addr': {'uri': 'v0d00fg10000d3dsigvog65tfvk7bvdg', 'url_list': ['https://v5-dy-o-abtest.zjcdn.com/a46d2d4aa69f1cbc703e89d4a9bc1560/68f66dd9/video/tos/cn/tos-cn-ve-15/oQCHK1QbIIfD3SBB5lRBjGYCtEt9arSeAAfLn7/?a=6383&ch=10010&cr=3&dr=0&lr=all&cd=0%7C0%7C0%7C3&cv=1&br=324&bt=324&cs=2&ds=6&ft=c2YTctGHQPRUZxfusdr~kwPqYldQIKDEE-TerrNqq_45a&mime_type=video_mp4&qs=11&rc=NjZlNzg6Z2U2aGRmaDZmM0Bpank6eXc5cmp2NjMzNGkzM0BiMzVeMzZhXzQxYTY2YmItYSNhX2hjMmRzZmFhLS1kLWFzcw%3D%3D&btag=80000e00018000&cquery=100K_100o_101r_100B_100H&dy_q=1760969609&feature_id=b38008770b4e09863331b14b26bcdc23&l=20251020221329FF810B6B17C3D024C6A3', 'https://v5-dy-o-abtest.zjcdn.com/a46d2d4aa69f1cbc703e89d4a9bc1560/68f66dd9/video/tos/cn/tos-cn-ve-15/oQCHK1QbIIfD3SBB5lRBjGYCtEt9arSeAAfLn7/?a=6383&ch=10010&cr=3&dr=0&lr=all&cd=0%7C0%7C0%7C3&cv=1&br=324&bt=324&cs=2&ds=6&ft=c2YTctGHQPRUZxfusdr~kwPqYldQIKDEE-TerrNqq_45a&mime_type=video_mp4&qs=11&rc=NjZlNzg6Z2U2aGRmaDZmM0Bpank6eXc5cmp2NjMzNGkzM0BiMzVeMzZhXzQxYTY2YmItYSNhX2hjMmRzZmFhLS1kLWFzcw%3D%3D&btag=80000e00018000&cquery=100H_100K_100o_101r_100B&dy_q=1760969609&feature_id=b38008770b4e09863331b14b26bcdc23&l=20251020221329FF810B6B17C3D024C6A3', 'https://www.douyin.com/aweme/v1/play/?video_id=v0d00fg10000d3dsigvog65tfvk7bvdg&line=0&file_id=00ece39e9cda4e73bbdd9765a48b63e3&sign=9018676a28f2d75631e1344e72cda52c&is_play_url=1&source=PackSourceEnum_PUBLISH'], 'width': 576, 'height': 1024, 'url_key': 'v0d00fg10000d3dsigvog65tfvk7bvdg_bytevc1_540p_332554', 'data_size': 1353288, 'file_hash': '9018676a28f2d75631e1344e72cda52c', 'file_cs': 'c:0-28462-cb03|d:0-676643-6227,676644-1353287-a1a4|a:v0d00fg10000d3dsigvog65tfvk7bvdg'}, 'is_h265': 1, 'is_bytevc1': 1, 'HDR_type': '', 'HDR_bit': '', 'FPS': 30, 'video_extra': '{"PktOffsetMap":"[{\\"time\\": 1, \\"offset\\": 109596}, {\\"time\\": 2, \\"offset\\": 155945}, {\\"time\\": 3, \\"offset\\": 211156}, {\\"time\\": 4, \\"offset\\": 259749}, {\\"time\\": 5, \\"offset\\": 309208}, {\\"time\\": 10, \\"offset\\": 519362}]","format":"mp4","definition":"540p","quality":"adapt","file_id":"00ece39e9cda4e73bbdd9765a48b63e3","applog_map":{"feature_id":"b38008770b4e09863331b14b26bcdc23"},"sr_sharpness_strength":4,"mvmaf":"{\\"mvmaf_sr_v1080\\":95.289,\\"mvmaf_sr_v960\\":97.282,\\"mvmaf_sr_v864\\":97.841,\\"mvmaf_sr_v720\\":98.898,\\"mvmaf_ori_v1080\\":83.009,\\"mvmaf_ori_v960\\":86.172,\\"mvmaf_ori_v864\\":88.046,\\"mvmaf_ori_v720\\":91.077}","ufq":"{\\"enh\\":93.066,\\"playback\\":{\\"ori\\":80.573,\\"srv1\\":91.459},\\"src\\":93.066,\\"trans\\":80.573,\\"version\\":\\"v1.0\\"}","audio_channels":"2.0","audio_sample_rate":"44100","audio_metrics":null,"audio_score":null}', 'format': 'mp4'}, {'gear_name': 'adapt_lower_540_1', 'quality_type': 21, 'bit_rate': 288973, 'play_addr': {'uri': 'v0d00fg10000d3dsigvog65tfvk7bvdg', 'url_list': ['https://v5-dy-o-abtest.zjcdn.com/19bf5066fef30e15b4cfd3fea7531de5/68f66dd9/video/tos/cn/tos-cn-ve-15/oYCu7HGstz5eKBvDjfg9aJHIQb1LIBRrBEAAnf/?a=6383&ch=10010&cr=3&dr=0&lr=all&cd=0%7C0%7C0%7C3&cv=1&br=282&bt=282&cs=2&ds=6&ft=c2YTctGHQPRUZxfusdr~kwPqYldQIKDEE-TerrNqq_45a&mime_type=video_mp4&qs=14&rc=ZDw2NGU3Zzg6O2hoPDM5OUBpank6eXc5cmp2NjMzNGkzM0A2XzE2YTQ0XjAxYzEwNmE1YSNhX2hjMmRzZmFhLS1kLWFzcw%3D%3D&btag=80000e00018000&cquery=100B_100H_100K_100o_101r&dy_q=1760969609&feature_id=2ec60419b2ec858b9b1eae59874b17b0&l=20251020221329FF810B6B17C3D024C6A3', 'https://v5-dy-o-abtest.zjcdn.com/19bf5066fef30e15b4cfd3fea7531de5/68f66dd9/video/tos/cn/tos-cn-ve-15/oYCu7HGstz5eKBvDjfg9aJHIQb1LIBRrBEAAnf/?a=6383&ch=10010&cr=3&dr=0&lr=all&cd=0%7C0%7C0%7C3&cv=1&br=282&bt=282&cs=2&ds=6&ft=c2YTctGHQPRUZxfusdr~kwPqYldQIKDEE-TerrNqq_45a&mime_type=video_mp4&qs=14&rc=ZDw2NGU3Zzg6O2hoPDM5OUBpank6eXc5cmp2NjMzNGkzM0A2XzE2YTQ0XjAxYzEwNmE1YSNhX2hjMmRzZmFhLS1kLWFzcw%3D%3D&btag=80000e00018000&cquery=100o_101r_100B_100H_100K&dy_q=1760969609&feature_id=2ec60419b2ec858b9b1eae59874b17b0&l=20251020221329FF810B6B17C3D024C6A3', 'https://www.douyin.com/aweme/v1/play/?video_id=v0d00fg10000d3dsigvog65tfvk7bvdg&line=0&file_id=86d690394efe4837a57d74db9143b99a&sign=867db432c1185cfab6d5c63f6d2dd0de&is_play_url=1&source=PackSourceEnum_PUBLISH'], 'width': 576, 'height': 1024, 'url_key': 'v0d00fg10000d3dsigvog65tfvk7bvdg_bytevc1_540p_288973', 'data_size': 1175940, 'file_hash': '867db432c1185cfab6d5c63f6d2dd0de', 'file_cs': 'c:0-28462-351c|d:0-587969-9cbd,587970-1175939-cb4f|a:v0d00fg10000d3dsigvog65tfvk7bvdg'}, 'is_h265': 1, 'is_bytevc1': 1, 'HDR_type': '', 'HDR_bit': '', 'FPS': 30, 'video_extra': '{"PktOffsetMap":"[{\\"time\\": 1, \\"offset\\": 102416}, {\\"time\\": 2, \\"offset\\": 143958}, {\\"time\\": 3, \\"offset\\": 193105}, {\\"time\\": 4, \\"offset\\": 236140}, {\\"time\\": 5, \\"offset\\": 280914}, {\\"time\\": 10, \\"offset\\": 465598}]","format":"mp4","definition":"540p","quality":"adapt_lower","file_id":"86d690394efe4837a57d74db9143b99a","applog_map":{"feature_id":"2ec60419b2ec858b9b1eae59874b17b0"},"sr_sharpness_strength":4,"mvmaf":"{\\"mvmaf_sr_v1080\\":93.794,\\"mvmaf_sr_v960\\":95.881,\\"mvmaf_sr_v864\\":96.886,\\"mvmaf_sr_v720\\":97.9,\\"mvmaf_ori_v1080\\":81.901,\\"mvmaf_ori_v960\\":85.103,\\"mvmaf_ori_v864\\":87.154,\\"mvmaf_ori_v720\\":90.116}","ufq":"{\\"enh\\":93.066,\\"playback\\":{\\"ori\\":79.742,\\"srv1\\":90.196},\\"src\\":93.066,\\"trans\\":79.742,\\"version\\":\\"v1.0\\"}","audio_channels":"2.0","audio_sample_rate":"44100","audio_metrics":null,"audio_score":null}', 'format': 'mp4'}], 'duration': 32555, 'play_addr_265': {'uri': 'v0d00fg10000d3dsigvog65tfvk7bvdg', 'url_list': ['https://v5-dy-o-abtest.zjcdn.com/a46d2d4aa69f1cbc703e89d4a9bc1560/68f66dd9/video/tos/cn/tos-cn-ve-15/oQCHK1QbIIfD3SBB5lRBjGYCtEt9arSeAAfLn7/?a=6383&ch=10010&cr=3&dr=0&lr=all&cd=0%7C0%7C0%7C3&cv=1&br=324&bt=324&cs=2&ds=6&ft=c2YTctGHQPRUZxfusdr~kwPqYldQIKDEE-TerrNqq_45a&mime_type=video_mp4&qs=11&rc=NjZlNzg6Z2U2aGRmaDZmM0Bpank6eXc5cmp2NjMzNGkzM0BiMzVeMzZhXzQxYTY2YmItYSNhX2hjMmRzZmFhLS1kLWFzcw%3D%3D&btag=80000e00018000&cquery=100K_100o_101r_100B_100H&dy_q=1760969609&feature_id=b38008770b4e09863331b14b26bcdc23&l=20251020221329FF810B6B17C3D024C6A3', 'https://v5-dy-o-abtest.zjcdn.com/a46d2d4aa69f1cbc703e89d4a9bc1560/68f66dd9/video/tos/cn/tos-cn-ve-15/oQCHK1QbIIfD3SBB5lRBjGYCtEt9arSeAAfLn7/?a=6383&ch=10010&cr=3&dr=0&lr=all&cd=0%7C0%7C0%7C3&cv=1&br=324&bt=324&cs=2&ds=6&ft=c2YTctGHQPRUZxfusdr~kwPqYldQIKDEE-TerrNqq_45a&mime_type=video_mp4&qs=11&rc=NjZlNzg6Z2U2aGRmaDZmM0Bpank6eXc5cmp2NjMzNGkzM0BiMzVeMzZhXzQxYTY2YmItYSNhX2hjMmRzZmFhLS1kLWFzcw%3D%3D&btag=80000e00018000&cquery=100H_100K_100o_101r_100B&dy_q=1760969609&feature_id=b38008770b4e09863331b14b26bcdc23&l=20251020221329FF810B6B17C3D024C6A3', 'https://www.douyin.com/aweme/v1/play/?video_id=v0d00fg10000d3dsigvog65tfvk7bvdg&line=0&file_id=00ece39e9cda4e73bbdd9765a48b63e3&sign=9018676a28f2d75631e1344e72cda52c&is_play_url=1&source=PackSourceEnum_PUBLISH'], 'width': 576, 'height': 1024, 'url_key': 'v0d00fg10000d3dsigvog65tfvk7bvdg_bytevc1_540p_332554', 'data_size': 1353288, 'file_hash': '9018676a28f2d75631e1344e72cda52c', 'file_cs': 'c:0-28462-cb03|d:0-676643-6227,676644-1353287-a1a4|a:v0d00fg10000d3dsigvog65tfvk7bvdg'}, 'bit_rate_audio': None, 'play_addr_h264': {'uri': 'v0d00fg10000d3dsigvog65tfvk7bvdg', 'url_list': ['https://v5-dy-o-abtest.zjcdn.com/3972473d3cabff019b1f9955caf9e32b/68f66dd9/video/tos/cn/tos-cn-ve-15/o8XtaIHEGDUK5CyfAIegAsQqrLf9CRBB71b7tb/?a=6383&ch=10010&cr=3&dr=0&lr=all&cd=0%7C0%7C0%7C3&cv=1&br=669&bt=669&cs=0&ds=3&ft=c2YTctGHQPRUZxfusdr~kwPqYldQIKDEE-TerrNqq_45a&mime_type=video_mp4&qs=0&rc=Zzk0NDo6PGgzNTU7ZDU0ZUBpank6eXc5cmp2NjMzNGkzM0BhNC9fMjJhNmIxLzI2YWAzYSNhX2hjMmRzZmFhLS1kLWFzcw%3D%3D&btag=80000e00018000&cquery=100K_100o_101r_100B_100H&dy_q=1760969609&feature_id=fea919893f650a8c49286568590446ef&l=20251020221329FF810B6B17C3D024C6A3', 'https://v5-dy-o-abtest.zjcdn.com/3972473d3cabff019b1f9955caf9e32b/68f66dd9/video/tos/cn/tos-cn-ve-15/o8XtaIHEGDUK5CyfAIegAsQqrLf9CRBB71b7tb/?a=6383&ch=10010&cr=3&dr=0&lr=all&cd=0%7C0%7C0%7C3&cv=1&br=669&bt=669&cs=0&ds=3&ft=c2YTctGHQPRUZxfusdr~kwPqYldQIKDEE-TerrNqq_45a&mime_type=video_mp4&qs=0&rc=Zzk0NDo6PGgzNTU7ZDU0ZUBpank6eXc5cmp2NjMzNGkzM0BhNC9fMjJhNmIxLzI2YWAzYSNhX2hjMmRzZmFhLS1kLWFzcw%3D%3D&btag=80000e00018000&cquery=100B_100H_100K_100o_101r&dy_q=1760969609&feature_id=fea919893f650a8c49286568590446ef&l=20251020221329FF810B6B17C3D024C6A3', 'https://www.douyin.com/aweme/v1/play/?video_id=v0d00fg10000d3dsigvog65tfvk7bvdg&line=0&file_id=6bc1d29a582242e09ed95757b12176dd&sign=1219d38891381c1a09566041acee47b4&is_play_url=1&source=PackSourceEnum_PUBLISH'], 'width': 720, 'height': 1280, 'url_key': 'v0d00fg10000d3dsigvog65tfvk7bvdg_h264_720p_685884', 'data_size': 2791121, 'file_hash': '1219d38891381c1a09566041acee47b4', 'file_cs': 'c:0-36849-5f36|d:0-1395559-b8b5,1395560-2791120-9c3d|a:v0d00fg10000d3dsigvog65tfvk7bvdg'}, 'raw_cover': {'uri': 'tos-cn-i-dy/72736ebfe962422bae93c4c97cd5a673', 'url_list': ['https://p3-pc-sign.douyinpic.com/tos-cn-i-dy/72736ebfe962422bae93c4c97cd5a673~tplv-dy-cropcenter:323:430.jpeg?lk3s=138a59ce&x-expires=2076328800&x-signature=3h2WCkh0%2BLzliJZzrzXVJeaQ4yY%3D&from=327834062&s=PackSourceEnum_PUBLISH&se=true&sh=323_430&sc=cover&biz_tag=pcweb_cover&l=20251020221329FF810B6B17C3D024C6A3', 'https://p3-pc-sign.douyinpic.com/obj/tos-cn-i-dy/72736ebfe962422bae93c4c97cd5a673?lk3s=138a59ce&x-expires=2076328800&x-signature=WXtng5%2FktkANs%2F8TDt%2FzJqNKAa8%3D&from=327834062&s=PackSourceEnum_PUBLISH&se=false&sc=cover&biz_tag=pcweb_cover&l=20251020221329FF810B6B17C3D024C6A3'], 'width': 720, 'height': 720}, 'animated_cover': {'uri': 'tos-cn-i-dy/72736ebfe962422bae93c4c97cd5a673', 'url_list': ['https://p3-pc-sign.douyinpic.com/obj/tos-cn-i-dy/72736ebfe962422bae93c4c97cd5a673?lk3s=138a59ce&x-expires=1762178400&x-signature=kQeHdCtWWWhc%2BsGlkgasBr3UnhI%3D&from=327834062_large&s=PackSourceEnum_PUBLISH&se=false&sc=dynamic_cover&biz_tag=pcweb_cover&l=20251020221329FF810B6B17C3D024C6A3', 'https://p9-pc-sign.douyinpic.com/obj/tos-cn-i-dy/72736ebfe962422bae93c4c97cd5a673?lk3s=138a59ce&x-expires=1762178400&x-signature=79vkKmXC1uu05M2HUhdgJfm2dJo%3D&from=327834062_large&s=PackSourceEnum_PUBLISH&se=false&sc=dynamic_cover&biz_tag=pcweb_cover&l=20251020221329FF810B6B17C3D024C6A3']}, 'gaussian_cover': {'uri': 'tos-cn-p-0015/og8HveHABDCQYXAfraM9aRgftgRKqJ7p5XsBN6', 'url_list': ['https://p3-pc-sign.douyinpic.com/tos-cn-p-0015/og8HveHABDCQYXAfraM9aRgftgRKqJ7p5XsBN6~tplv-tsj2vxp0zn-gaosi:40.jpeg?lk3s=138a59ce&x-expires=1792504800&x-signature=%2BncfUE7OgsojNxapgKfnBzg7Vms%3D&from=327834062', 'https://p9-pc-sign.douyinpic.com/tos-cn-p-0015/og8HveHABDCQYXAfraM9aRgftgRKqJ7p5XsBN6~tplv-tsj2vxp0zn-gaosi:40.jpeg?lk3s=138a59ce&x-expires=1792504800&x-signature=gyhSqPcej51R6Oec%2BQSOM18t0po%3D&from=327834062'], 'width': 720, 'height': 720}, 'meta': '{"bright_ratio_mean":"0.3244","brightness_mean":"186.9292","diff_overexposure_ratio":"0.0011","enable_manual_ladder":"1","format":"mp4","gear_vqm":"{\\"1080p_720p\\":2,\\"720p_540p\\":1}","hrids":"500000002","is_spatial_video":"0","isad":"0","loudness":"-13.5","overexposure_ratio_mean":"0.268","peak":"1","qprf":"1.000","sdgs":"[\\"normal_720_0\\",\\"low_720_0\\",\\"low_540_0\\",\\"adapt_low_540_0\\",\\"adapt_lowest_1080_1\\",\\"adapt_lowest_720_1\\",\\"adapt_540_1\\",\\"adapt_lower_540_1\\"]","sr_potential":"{\\"v1.0\\":{\\"score\\":66.609}}","sr_score":"1.000","std_brightness":"19.3606","strategy_tokens":"[\\"online\\",\\"sexp_0702_0819\\",\\"sexp_0701_0819\\",\\"sexp_reward01_0721\\",\\"sexp_reward02_0721\\"]","title_info":"{\\"avg_br_pc\\":218,\\"bottom_res_add\\":[6.59,1.5,0,32.82,47.41,0,0,0,0,0,0,0,0,0,0],\\"bullet_zone\\":17.83,\\"mean_br_l\\":[237.6,229.81,218.5,206.64,194.35,179.41],\\"pc60_br_l\\":[244.8,235.57,222.82,210.27,196.55,180.54],\\"progress_bar\\":[244,244,244],\\"ratio_br_l\\":[244.8,235.54,222.51,209.68,196.39,180.15],\\"ratio_br_l_thre220\\":[0.97,0.79,0.6,0.48,0.4,0.35],\\"ratio_edge_l\\":[0,0,0,0.14,0.12,0.11],\\"std_br_l\\":[41.36,32.73,22.81,16.94,11.99,7.89],\\"top_res_add\\":[0,0,0,0,35.73,32.6,34.82],\\"version\\":\\"v1.0\\"}","volume_info":"{\\"LoudnessRangeStart\\":-15.1,\\"MaximumShortTermLoudness\\":-11.5,\\"Metrics\\":{\\"Loudness\\":{\\"Integrated\\":-13.527},\\"Phase\\":{\\"RMSDownmixDiff\\":-0.079},\\"RMSStats\\":{\\"LRDiff\\":-0.145,\\"LTotal\\":-16.732,\\"Peak\\":0.196,\\"RTotal\\":-16.587},\\"Version\\":\\"1.4.2\\"},\\"Peak\\":1,\\"Version\\":2,\\"Loudness\\":-13.5,\\"LoudnessRange\\":2.8,\\"LoudnessRangeEnd\\":-12.3,\\"MaximumMomentaryLoudness\\":-9.2}","vqs_origin":"75.08"}', 'video_model': '', 'is_source_HDR': 0, 'use_static_cover': True, 'big_thumbs': [{'img_num': 33, 'uri': 'tos-cn-p-0015/ocgBbe5brAI7GAYICD1IAHCayBtLIjh9RfKfvj', 'img_url': 'https://p3-sign.douyinpic.com/tos-cn-p-0015/ocgBbe5brAI7GAYICD1IAHCayBtLIjh9RfKfvj~tplv-noop.image?cquery=100o_101r_100B_100H_100K&dy_q=1760969609&l=20251020221329FF810B6B17C3D024C6A3&x-expires=1760980441&x-signature=%2BlRGfbPxMnwzJh8P2jtxTI7dzow%3D', 'img_x_size': 136, 'img_y_size': 240, 'img_x_len': 5, 'img_y_len': 5, 'duration': 32.533333, 'interval': 1, 'fext': 'jpg', 'uris': ['tos-cn-p-0015/ocgBbe5brAI7GAYICD1IAHCayBtLIjh9RfKfvj', 'tos-cn-p-0015/oYIBbLRf5C5fBDGLIe98RaAAImy9bt1HrvKA7g'], 'img_urls': ['https://p3-sign.douyinpic.com/tos-cn-p-0015/ocgBbe5brAI7GAYICD1IAHCayBtLIjh9RfKfvj~tplv-noop.image?cquery=100o_101r_100B_100H_100K&dy_q=1760969609&l=20251020221329FF810B6B17C3D024C6A3&x-expires=1760980441&x-signature=%2BlRGfbPxMnwzJh8P2jtxTI7dzow%3D', 'https://p3-sign.douyinpic.com/tos-cn-p-0015/oYIBbLRf5C5fBDGLIe98RaAAImy9bt1HrvKA7g~tplv-noop.image?cquery=100K_100o_101r_100B_100H&dy_q=1760969609&l=20251020221329FF810B6B17C3D024C6A3&x-expires=1760980441&x-signature=dv%2Fic83lwcwb5mOr0X7NdStuySg%3D']}]}, 'item_aigc_follow_shot': 1, 'user_digged': 0, 'statistics': {'recommend_count': 0, 'comment_count': 1, 'digg_count': 63, 'admire_count': 0, 'play_count': 0, 'share_count': 7, 'collect_count': 28}, 'status': {'not_allow_soft_del_reason': 'ab', 'is_delete': False, 'allow_share': True, 'review_result': {'review_status': 0}, 'allow_friend_recommend_guide': True, 'part_see': 0, 'private_status': 0, 'listen_video_status': 2, 'in_reviewing': False, 'allow_self_recommend_to_friend': True, 'allow_friend_recommend': True, 'is_prohibited': False, 'enable_soft_delete': 0}, 'personal_page_botton_diagnose_style': 0, 'text_extra': [], 'is_top': 0, 'game_tag_info': {'is_game': False}, 'share_info': {'share_url': 'https://www.iesdouyin.com/share/video/7555854819900689704/?region=US&mid=7376172372692617243&u_code=0&did=MS4wLjABAAAAvCMmrvAxedjvycgJ9K0iX5KdtDHpyq-etIWoeicy6xniB0XMxRYv3S-CyP_GdsPs&iid=MS4wLjABAAAANwkJuWIRFOzg5uCpDRpMj4OX-QryoDgn-yYlXQnRwQQ&with_sec_did=1&video_share_track_ver=&titleType=title&share_sign=L8gFlrogHeduVaVZ0YJQttmr2Aj0UQeyRq6iJ06YNig-&share_version=290100&ts=1760969609&from_aid=6383&from_ssr=1&share_track_info=%7B%22link_description_type%22%3A%22%22%7D', 'share_link_desc': '1.56 HIV:/ 03/23 c@A.go 当你懂得什么是真正的爱，这样才能更好地爱孩子 真正的爱，是两个人并肩而立，而非一方永远当另一方的“妈妈”。 # 幼儿教育# 父母课堂# 育儿# 亲子关系# 家庭教育# 孙瑞雪  %s 复制此链接，打开Dou音搜索，直接观看视频！'}, 'nearby_hot_comment': None, 'video_labels': None, 'entertainment_video_paid_way': {'paid_ways': [], 'paid_type': 0, 'enable_use_new_ent_data': False}, 'is_ads': False, 'duration': 32555, 'aweme_type': 0, 'select_anchor_expanded_content': 0, 'ai_follow_images': None, 'image_infos': None, 'risk_infos': {'vote': False, 'warn': False, 'risk_sink': False, 'type': 0, 'content': ''}, 'galileo_pad_textcrop': {'ipad_d_h_cut_ratio': [5, 5], 'ipad_d_v_cut_ratio': [2, 2], 'android_d_h_cut_ratio': [5], 'android_d_v_cut_ratio': None, 'version': 1}, 'ent_log_extra': {'log_extra': '{"global_log_extra":null,"page_log_extra":null,"aweme_log_extra":{"ce_current_group_id":"7555854819900689704","author_id":"1965574329213736"},"extra_log_extra":null}'}, 'position': None, 'uniqid_position': None, 'comment_list': None, 'author_user_id': 1965574329213736, 'product_genre_info': {'product_genre_type': 2, 'material_genre_sub_type_set': [4], 'special_info': {'recommend_group_name': 0}}, 'geofencing': [], 'series_basic_info': {}, 'is_moment_history': 0, 'region': '', 'video_text': None, 'trends_infos': None, 'collect_stat': 0, 'label_top_text': None, 'promotions': [], 'group_id': '7555854819900689704', 'prevent_download': False, 'nickname_position': None, 'challenge_position': None, 'entertainment_video_type': 3, 'is_24_story': 0, 'enable_comment_sticker_rec': False, 'long_video': None, 'shoot_way': '', 'trends_event_track': '{}', 'video_share_edit_status': 0, 'follow_shoot_clip_info': {'clip_video_all': 7555854889159723827, 'clip_from_platform': 7376172372692617243, 'origin_clip_id': 7376172372692617243}, 'interaction_stickers': None, 'publish_plus_alienation': {'alienation_type': 0}, 'origin_comment_ids': None, 'commerce_config_data': None, 'caption_template_id': 0, 'video_control': {'allow_download': False, 'share_type': 0, 'show_progress_bar': 1, 'draft_progress_bar': 1, 'allow_duet': True, 'allow_react': True, 'prevent_download_type': 2, 'allow_dynamic_wallpaper': False, 'timer_status': 1, 'allow_music': True, 'allow_stitch': True, 'allow_douplus': True, 'allow_share': True, 'share_grayed': False, 'download_ignore_visibility': False, 'duet_ignore_visibility': False, 'share_ignore_visibility': False, 'download_info': {'level': 1, 'fail_info': {'code': 290002, 'reason': 'isolation_content', 'msg': '视频暂时无法保存，链接已复制'}}, 'duet_info': {'level': 0}, 'allow_record': True, 'disable_record_reason': '', 'timer_info': {'public_time': 1759744800, 'timer_status': 0}}, 'aweme_control': {'can_forward': True, 'can_share': True, 'can_comment': True, 'can_show_comment': True}, 'douplus_user_type': 0, 'is_25_story': 0, 'can_cache_to_local': True, 'is_moment_story': 0, 'anchors': None, 'hybrid_label': None, 'geofencing_regions': None, 'interest_points': None, 'aweme_acl': {'download_mask_panel': {'code': 1, 'show_type': 0}}, 'aweme_type_tags': '', 'is_story': 0, 'component_control': {'data_source_url': '/aweme/v1/web/aweme/post/'}, 'flash_mob_trends': 0, 'follow_shot_assets': None, 'cover_labels': None, 'is_new_text_mode': 0, 'mv_info': None, 'guide_btn_type': 0, 'is_from_ad_auth': False, 'origin_duet_resource_uri': '', 'images': None, 'relation_labels': None, 'cf_assets_type': 0, 'impression_data': {'group_id_list_a': [], 'group_id_list_b': [], 'similar_id_list_a': None, 'similar_id_list_b': None, 'group_id_list_c': [], 'group_id_list_d': []}, 'aweme_listen_struct': {'trace_info': '{"copyright_not_speech":"false","copyright_reason":"not_intercept","copyright_tag_hit":"0","copyright_use_aed_default":"true","copyright_use_tag_default":"false","cp_ab":"true","desc":"","duration_over":"false","hit_high_risk":"false","media_type":"4","reason":"hit_ab_0","show":"false"}'}, 'chapter_bar_color': None, 'libfinsert_task_id': '', 'social_tag_list': None, 'suggest_words': {'suggest_words': [{'words': [{'word': '爱孩子的正确方式', 'word_id': '6583492191862150408', 'info': '{"End":0,"Start":0,"ecpm_boost_tag":false,"log_pb":"","qrec_for_search":"{}"}'}], 'scene': 'comment_top_rec', 'icon_url': '', 'hint_text': '大家都在搜：', 'extra_info': '{"resp_from":"hit_cache"}'}, {'words': [{'word': '捕捉儿童敏感期孙瑞雪书', 'word_id': '6939132636829848839', 'info': '{"End":0,"Start":0,"ecpm_boost_tag":false,"log_pb":"","qrec_for_search":"{\\"query_ecom\\":\\"1\\"}"}'}], 'scene': 'detail_inbox_rex', 'icon_url': '', 'hint_text': '', 'extra_info': '{"resp_from":"hit_cache"}'}]}, 'show_follow_button': {}, 'duet_aggregate_in_music_tab': False, 'is_duet_sing': False, 'comment_permission_info': {'comment_permission_status': 0, 'can_comment': True, 'item_detail_entry': False, 'press_entry': False, 'toast_guide': False}, 'original_images': None, 'series_paid_info': {'series_paid_status': 0, 'item_price': 0}, 'img_bitrate': None, 'comment_gid': 7555854819900689704, 'image_album_music_info': {'begin_time': -1, 'end_time': -1, 'volume': -1}, 'video_tag': [{'tag_id': 2024, 'tag_name': '亲子', 'level': 1}, {'tag_id': 2024006, 'tag_name': '母婴', 'level': 2}, {'tag_id': 2024006003, 'tag_name': '育儿知识', 'level': 3}], 'is_collects_selected': 0, 'chapter_list': None, 'feed_comment_config': {'input_config_text': '善语结善缘，恶言伤人心', 'author_audit_status': 0, 'common_flags': '{"item_author_nickname":"孙瑞雪聊教育","video_labels_v2_tag1":"母婴","video_labels_v2_tag2":"育儿理念"}'}, 'is_image_beat': False, 'dislike_dimension_list': None, 'standard_bar_info_list': None, 'photo_search_entrance': {'ecom_type': 0}, 'is_life_item': False, 'image_list': None, 'component_info_v2': '{"desc_lines_limit":0,"hide_marquee":false}', 'item_warn_notification': {'type': 0, 'show': False, 'content': ''}, 'origin_text_extra': None, 'disable_relation_bar': 0, 'packed_clips': None, 'author_mask_tag': 0, 'user_recommend_status': 1, 'collection_corner_mark': 0, 'is_share_post': False, 'image_comment': {}, 'visual_search_info': {'is_show_img_entrance': False, 'is_ecom_img': False, 'is_high_accuracy_ecom': False, 'is_high_recall_ecom': False}, 'tts_id_list': None, 'ref_tts_id_list': None, 'voice_modify_id_list': None, 'ref_voice_modify_id_list': None, 'authentication_token': 'MS4wLjAAAAAAeYXBNePxlJdi2jjyTfiE4G3g00mXM8toNlb10QBJjMWiia-joYLOdiDSp9PxXD_BLh1RuB7_cxdembXeSC5L5c9eoobin4Av2RtplnFZrduREn4ldwOuQGeB_4jwKbs6bE4SlFoaGR3jSAP5AhGK6URSKqHtBSrW2jl3HYN8viIpN6za1j6Q3cQMivHWBLDBFeiQTRxz7nHDElcuiwEn5AiY1ApL34_RTQTEpkH2X3C6l3BMY54Q6mQ9_Y_kfJ5c', 'video_game_data_channel_config': {}, 'dislike_dimension_list_v2': None, 'distribute_circle': {'distribute_type': 0, 'campus_block_interaction': False, 'is_campus': False}, 'image_crop_ctrl': 0, 'yumme_recreason': None, 'slides_music_beats': None, 'jump_tab_info_list': None, 'media_type': 4, 'reply_smart_emojis': None, 'activity_video_type': -1, 'boost_status': 0, 'create_scale_type': None, 'entertainment_product_info': {'sub_title': None, 'market_info': {'limit_free': {'in_free': False}, 'marketing_tag': None}}, 'caption': '真正的爱，是两个人并肩而立，而非一方永远当另一方的“妈妈”。\n\n#幼儿教育#父母课堂#育儿#亲子关系#家庭教育#孙瑞雪', 'item_title': '当你懂得什么是真正的爱，这样才能更好地爱孩子', 'is_use_music': True, 'original': 0, 'xigua_base_info': {'status': 0, 'star_altar_order_id': 0, 'star_altar_type': 0, 'item_id': 0}, 'mark_largely_following': False, 'friend_recommend_info': {'friend_recommend_source': 10, 'label_user_list': None, 'disable_friend_recommend_guide_label': False}}, {'aweme_id': '7555853802448997667', 'desc': '对孩子发火后总内疚？学会这一点告别内疚 你爱孩子，这是不变的；但情绪是你生命的语言——它在告诉你：该照顾自己了。 \n#幼儿教育#父母课堂#育儿#亲子关系#家庭教育#孙瑞雪', 'create_time': 1759658400, 'author': {'uid': '1965574329213736', 'card_entries_not_display': None, 'nickname': '孙瑞雪聊教育', 'personal_tag_list': None, 'homepage_bottom_toast': None, 'avatar_thumb': {'uri': '100x100/aweme-avatar/tos-cn-avt-0015_afee5b125df955a19af4c41159ad1295', 'url_list': ['https://p3-pc.douyinpic.com/aweme/100x100/aweme-avatar/tos-cn-avt-0015_afee5b125df955a19af4c41159ad1295.jpeg?from=327834062'], 'width': 720, 'height': 720}, 'batch_unfollow_contain_tabs': None, 'not_seen_item_id_list': None, 'follow_status': 0, 'contrail_list': None, 'story_interactive': 0, 'data_label_list': None, 'custom_verify': '', 'follower_list_secondary_information_struct': None, 'display_info': None, 'interest_tags': None, 'account_cert_info': '{}', 'user_tags': None, 'share_info': {'share_url': '', 'share_weibo_desc': '', 'share_desc': '', 'share_title': '', 'share_qrcode_url': {'uri': '31b0500316c4e154852bc', 'url_list': ['https://p3-pc-sign.douyinpic.com/obj/31b0500316c4e154852bc?lk3s=138a59ce&x-expires=1760990400&x-signature=VnOegD8kfOkclbkCT%2BIUAVSkQl4%3D&from=327834062'], 'width': 720, 'height': 720}, 'share_title_myself': '', 'share_title_other': '', 'share_desc_info': ''}, 'can_set_geofencing': None, 'sec_uid': 'MS4wLjABAAAAnAFnkWlOm9jteymsi42fanYLMzfbqdGIwCILEUqDNmFyjfK9N8fSJdS_D2UWk_we', 'need_points': None, 'enterprise_verify_reason': '', 'is_ad_fake': False, 'story_ttl': 0, 'user_permissions': None, 'card_entries': None, 'creator_tag_list': None, 'offline_info_list': None, 'text_extra': None, 'card_sort_priority': None, 'prevent_download': False, 'special_people_labels': None, 'white_cover_url': None, 'endorsement_info_list': None, 'follower_status': 0, 'profile_mob_params': None, 'familiar_visitor_user': None, 'avatar_schema_list': None, 'cover_url': [{'uri': 'c8510002be9a3a61aad2', 'url_list': ['https://p3-pc-sign.douyinpic.com/obj/c8510002be9a3a61aad2?lk3s=138a59ce&x-expires=1762178400&x-signature=bEz6E0nbTH1458RtDsUU87G74Mk%3D&from=327834062'], 'width': 720, 'height': 720}], 'cf_list': None, 'im_role_ids': None, 'not_seen_item_id_list_v2': None, 'signature_extra': None, 'risk_notice_text': '', 'ban_user_functions': None, 'profile_component_disabled': None, 'verification_permission_ids': None, 'identity_labels': None, 'private_relation_list': None, 'link_item_list': None, 'batch_unfollow_relation_desc': None}, 'music': {'id': 7555853929068169994, 'id_str': '7555853929068169994', 'title': '@孙瑞雪聊教育创作的原声', 'author': '孙瑞雪聊教育', 'album': '', 'cover_hd': {'uri': '1080x1080/aweme-avatar/tos-cn-avt-0015_afee5b125df955a19af4c41159ad1295', 'url_list': ['https://p3-pc.douyinpic.com/aweme/1080x1080/aweme-avatar/tos-cn-avt-0015_afee5b125df955a19af4c41159ad1295.jpeg?from=327834062'], 'width': 720, 'height': 720}, 'cover_large': {'uri': '1080x1080/aweme-avatar/tos-cn-avt-0015_afee5b125df955a19af4c41159ad1295', 'url_list': ['https://p3-pc.douyinpic.com/aweme/1080x1080/aweme-avatar/tos-cn-avt-0015_afee5b125df955a19af4c41159ad1295.jpeg?from=327834062'], 'width': 720, 'height': 720}, 'cover_medium': {'uri': '720x720/aweme-avatar/tos-cn-avt-0015_afee5b125df955a19af4c41159ad1295', 'url_list': ['https://p3-pc.douyinpic.com/aweme/720x720/aweme-avatar/tos-cn-avt-0015_afee5b125df955a19af4c41159ad1295.jpeg?from=327834062'], 'width': 720, 'height': 720}, 'cover_thumb': {'uri': '100x100/aweme-avatar/tos-cn-avt-0015_afee5b125df955a19af4c41159ad1295', 'url_list': ['https://p3-pc.douyinpic.com/aweme/100x100/aweme-avatar/tos-cn-avt-0015_afee5b125df955a19af4c41159ad1295.jpeg?from=327834062'], 'width': 720, 'height': 720}, 'play_url': {'uri': 'https://lf9-music-east.douyinstatic.com/obj/ies-music-hj/7555853926629788476.mp3', 'url_list': ['https://lf9-music-east.douyinstatic.com/obj/ies-music-hj/7555853926629788476.mp3', 'https://lf26-music-east.douyinstatic.com/obj/ies-music-hj/7555853926629788476.mp3'], 'width': 720, 'height': 720, 'url_key': '7555853929068169994'}, 'schema_url': '', 'source_platform': 23, 'start_time': 0, 'end_time': 0, 'duration': 63, 'extra': '{"aed_singing_score":0.02,"aggregate_exempt_conf":[],"beats":{},"cover_colors":null,"douyin_beats_info":{},"dsp_switch":0,"extract_item_id":7555853802448997667,"has_edited":0,"hit_high_follow_auto":false,"hit_high_follow_extend":false,"hit_high_follow_original":false,"hotsoon_review_time":-1,"is_aed_music":0,"is_high_follow_user":false,"is_red":0,"is_subsidy_exp":false,"music_label_id":null,"music_tagging":{"AEDs":null,"Genres":null,"Instruments":null,"Languages":null,"Moods":null,"SingingVersions":null,"Themes":null},"review_unshelve_reason":0,"reviewed":0,"schedule_search_time":0,"uniqa_speech_score":0.98,"with_aed_model":0}', 'user_count': 0, 'position': None, 'collect_stat': 0, 'status': 1, 'offline_desc': '', 'owner_id': '1965574329213736', 'owner_nickname': '孙瑞雪聊教育', 'is_original': False, 'mid': '7555853929068169994', 'binded_challenge_id': 0, 'redirect': False, 'is_restricted': False, 'author_deleted': False, 'is_del_video': False, 'is_video_self_see': False, 'owner_handle': '63566855132', 'author_position': None, 'prevent_download': False, 'unshelve_countries': None, 'prevent_item_download_status': 0, 'external_song_info': [], 'sec_uid': 'MS4wLjABAAAAnAFnkWlOm9jteymsi42fanYLMzfbqdGIwCILEUqDNmFyjfK9N8fSJdS_D2UWk_we', 'avatar_thumb': {'uri': '100x100/aweme-avatar/tos-cn-avt-0015_afee5b125df955a19af4c41159ad1295', 'url_list': ['https://p3-pc.douyinpic.com/aweme/100x100/aweme-avatar/tos-cn-avt-0015_afee5b125df955a19af4c41159ad1295.jpeg?from=327834062'], 'width': 720, 'height': 720}, 'avatar_medium': {'uri': '720x720/aweme-avatar/tos-cn-avt-0015_afee5b125df955a19af4c41159ad1295', 'url_list': ['https://p3-pc.douyinpic.com/aweme/720x720/aweme-avatar/tos-cn-avt-0015_afee5b125df955a19af4c41159ad1295.jpeg?from=327834062'], 'width': 720, 'height': 720}, 'avatar_large': {'uri': '1080x1080/aweme-avatar/tos-cn-avt-0015_afee5b125df955a19af4c41159ad1295', 'url_list': ['https://p3-pc.douyinpic.com/aweme/1080x1080/aweme-avatar/tos-cn-avt-0015_afee5b125df955a19af4c41159ad1295.jpeg?from=327834062'], 'width': 720, 'height': 720}, 'preview_start_time': 0, 'preview_end_time': 0, 'is_commerce_music': False, 'is_original_sound': True, 'audition_duration': 63, 'shoot_duration': 63, 'reason_type': 0, 'artists': [], 'lyric_short_position': None, 'mute_share': False, 'tag_list': None, 'dmv_auto_show': False, 'is_pgc': False, 'is_matched_metadata': False, 'is_audio_url_with_cookie': False, 'music_chart_ranks': None, 'can_background_play': True, 'music_status': 1, 'video_duration': 63, 'pgc_music_type': 2, 'author_status': 1, 'search_impr': {'entity_id': '7555853929068169994'}, 'artist_user_infos': None, 'dsp_status': 10, 'musician_user_infos': None, 'music_collect_count': 0, 'music_cover_atmosphere_color_value': '', 'show_origin_clip': False}, 'effect_inflow_effects': None, 'video': {'play_addr': {'uri': 'v0d00fg10000d3dsgsvog65s8as3i33g', 'url_list': ['https://v5-dy-o-abtest.zjcdn.com/266ccb5fc41133cc4514c4aabe77088f/68f66df8/video/tos/cn/tos-cn-ve-15/oAHQhQNBoBy8DO5iiE5elAIQAAgbf2Vgr9ETb5/?a=6383&ch=10010&cr=3&dr=0&lr=all&cd=0%7C0%7C0%7C3&cv=1&br=635&bt=635&cs=0&ds=3&ft=c2YTctGHQPRUZxfusdr~kwPqYldQIKDEE-TerrNqq_45a&mime_type=video_mp4&qs=0&rc=NjlnOmc0ZDo7NmQ6OjM4N0BpajY2ZHY5cnZ2NjMzNGkzM0BgLmFjXzJjX2MxYTIyMjQ0YSMwZnA1MmRzZGFhLS1kLWFzcw%3D%3D&btag=80000e00028000&cquery=100K_100o_101r_100B_100H&dy_q=1760969609&feature_id=fea919893f650a8c49286568590446ef&l=20251020221329FF810B6B17C3D024C6A3', 'https://v5-dy-o-abtest.zjcdn.com/266ccb5fc41133cc4514c4aabe77088f/68f66df8/video/tos/cn/tos-cn-ve-15/oAHQhQNBoBy8DO5iiE5elAIQAAgbf2Vgr9ETb5/?a=6383&ch=10010&cr=3&dr=0&lr=all&cd=0%7C0%7C0%7C3&cv=1&br=635&bt=635&cs=0&ds=3&ft=c2YTctGHQPRUZxfusdr~kwPqYldQIKDEE-TerrNqq_45a&mime_type=video_mp4&qs=0&rc=NjlnOmc0ZDo7NmQ6OjM4N0BpajY2ZHY5cnZ2NjMzNGkzM0BgLmFjXzJjX2MxYTIyMjQ0YSMwZnA1MmRzZGFhLS1kLWFzcw%3D%3D&btag=80000e00028000&cquery=100B_100H_100K_100o_101r&dy_q=1760969609&feature_id=fea919893f650a8c49286568590446ef&l=20251020221329FF810B6B17C3D024C6A3', 'https://www.douyin.com/aweme/v1/play/?video_id=v0d00fg10000d3dsgsvog65s8as3i33g&line=0&file_id=7475505757da43f8b7fa51bdf7dd16c3&sign=9621c22f7557dd09e3a757bb9c1aefe4&is_play_url=1&source=PackSourceEnum_PUBLISH'], 'width': 720, 'height': 1280, 'url_key': 'v0d00fg10000d3dsgsvog65s8as3i33g_h264_720p_650590', 'data_size': 5134462, 'file_hash': '9621c22f7557dd09e3a757bb9c1aefe4', 'file_cs': 'c:0-70061-651a|a:v0d00fg10000d3dsgsvog65s8as3i33g'}, 'cover': {'uri': 'tos-cn-i-dy/39d68f16fd574016b3b01623678cdc70', 'url_list': ['https://p3-pc-sign.douyinpic.com/tos-cn-i-dy/39d68f16fd574016b3b01623678cdc70~tplv-dy-cropcenter:323:430.jpeg?lk3s=138a59ce&x-expires=2076328800&x-signature=%2BgCj%2B2PSA2%2BiV1LQAj2Hm7b6CZk%3D&from=327834062&s=PackSourceEnum_PUBLISH&se=true&sh=323_430&sc=cover&biz_tag=pcweb_cover&l=20251020221329FF810B6B17C3D024C6A3', 'https://p3-pc-sign.douyinpic.com/obj/tos-cn-i-dy/39d68f16fd574016b3b01623678cdc70?lk3s=138a59ce&x-expires=2076328800&x-signature=qgNOoo%2BAT205mTPM046adiEUd84%3D&from=327834062&s=PackSourceEnum_PUBLISH&se=false&sc=cover&biz_tag=pcweb_cover&l=20251020221329FF810B6B17C3D024C6A3'], 'width': 720, 'height': 720}, 'height': 1920, 'width': 1080, 'dynamic_cover': {'uri': 'tos-cn-i-dy/39d68f16fd574016b3b01623678cdc70', 'url_list': ['https://p3-pc-sign.douyinpic.com/obj/tos-cn-i-dy/39d68f16fd574016b3b01623678cdc70?lk3s=138a59ce&x-expires=1762178400&x-signature=Zou4DZ1%2BnIt26855%2BhiWxdlXx%2Bo%3D&from=327834062_large&s=PackSourceEnum_PUBLISH&se=false&sc=dynamic_cover&biz_tag=pcweb_cover&l=20251020221329FF810B6B17C3D024C6A3', 'https://p9-pc-sign.douyinpic.com/obj/tos-cn-i-dy/39d68f16fd574016b3b01623678cdc70?lk3s=138a59ce&x-expires=1762178400&x-signature=6kfvvNZQhO2jRWbagq%2F%2FI1nKfpY%3D&from=327834062_large&s=PackSourceEnum_PUBLISH&se=false&sc=dynamic_cover&biz_tag=pcweb_cover&l=20251020221329FF810B6B17C3D024C6A3'], 'width': 720, 'height': 720}, 'origin_cover': {'uri': 'tos-cn-p-0015/oUB9AyG2jFfqhA8BQoED4RfOQxlqghBXANbzy9', 'url_list': ['https://p3-pc-sign.douyinpic.com/tos-cn-p-0015/oUB9AyG2jFfqhA8BQoED4RfOQxlqghBXANbzy9~tplv-dy-360p.jpeg?lk3s=138a59ce&x-expires=1762178400&x-signature=gN%2Bl30IatusWsJT86B0NJ3QxaVQ%3D&from=327834062&s=PackSourceEnum_PUBLISH&se=false&sc=origin_cover&biz_tag=pcweb_cover&l=20251020221329FF810B6B17C3D024C6A3', 'https://p9-pc-sign.douyinpic.com/tos-cn-p-0015/oUB9AyG2jFfqhA8BQoED4RfOQxlqghBXANbzy9~tplv-dy-360p.jpeg?lk3s=138a59ce&x-expires=1762178400&x-signature=beP3jTQiiAsre2z9FePEKa%2BpbaU%3D&from=327834062&s=PackSourceEnum_PUBLISH&se=false&sc=origin_cover&biz_tag=pcweb_cover&l=20251020221329FF810B6B17C3D024C6A3'], 'width': 360, 'height': 640}, 'ratio': '720p', 'format': 'mp4', 'audio': {'original_sound_infos': None}, 'bit_rate': [{'gear_name': 'normal_720_0', 'quality_type': 10, 'bit_rate': 650590, 'play_addr': {'uri': 'v0d00fg10000d3dsgsvog65s8as3i33g', 'url_list': ['https://v5-dy-o-abtest.zjcdn.com/266ccb5fc41133cc4514c4aabe77088f/68f66df8/video/tos/cn/tos-cn-ve-15/oAHQhQNBoBy8DO5iiE5elAIQAAgbf2Vgr9ETb5/?a=6383&ch=10010&cr=3&dr=0&lr=all&cd=0%7C0%7C0%7C3&cv=1&br=635&bt=635&cs=0&ds=3&ft=c2YTctGHQPRUZxfusdr~kwPqYldQIKDEE-TerrNqq_45a&mime_type=video_mp4&qs=0&rc=NjlnOmc0ZDo7NmQ6OjM4N0BpajY2ZHY5cnZ2NjMzNGkzM0BgLmFjXzJjX2MxYTIyMjQ0YSMwZnA1MmRzZGFhLS1kLWFzcw%3D%3D&btag=80000e00028000&cquery=100K_100o_101r_100B_100H&dy_q=1760969609&feature_id=fea919893f650a8c49286568590446ef&l=20251020221329FF810B6B17C3D024C6A3', 'https://v5-dy-o-abtest.zjcdn.com/266ccb5fc41133cc4514c4aabe77088f/68f66df8/video/tos/cn/tos-cn-ve-15/oAHQhQNBoBy8DO5iiE5elAIQAAgbf2Vgr9ETb5/?a=6383&ch=10010&cr=3&dr=0&lr=all&cd=0%7C0%7C0%7C3&cv=1&br=635&bt=635&cs=0&ds=3&ft=c2YTctGHQPRUZxfusdr~kwPqYldQIKDEE-TerrNqq_45a&mime_type=video_mp4&qs=0&rc=NjlnOmc0ZDo7NmQ6OjM4N0BpajY2ZHY5cnZ2NjMzNGkzM0BgLmFjXzJjX2MxYTIyMjQ0YSMwZnA1MmRzZGFhLS1kLWFzcw%3D%3D&btag=80000e00028000&cquery=100B_100H_100K_100o_101r&dy_q=1760969609&feature_id=fea919893f650a8c49286568590446ef&l=20251020221329FF810B6B17C3D024C6A3', 'https://www.douyin.com/aweme/v1/play/?video_id=v0d00fg10000d3dsgsvog65s8as3i33g&line=0&file_id=7475505757da43f8b7fa51bdf7dd16c3&sign=9621c22f7557dd09e3a757bb9c1aefe4&is_play_url=1&source=PackSourceEnum_PUBLISH'], 'width': 720, 'height': 1280, 'url_key': 'v0d00fg10000d3dsgsvog65s8as3i33g_h264_720p_650590', 'data_size': 5134462, 'file_hash': '9621c22f7557dd09e3a757bb9c1aefe4', 'file_cs': 'c:0-70061-651a|a:v0d00fg10000d3dsgsvog65s8as3i33g'}, 'is_h265': 0, 'is_bytevc1': 0, 'HDR_type': '', 'HDR_bit': '', 'FPS': 30, 'video_extra': '{"PktOffsetMap":"[{\\"time\\": 1, \\"offset\\": 160210}, {\\"time\\": 2, \\"offset\\": 187633}, {\\"time\\": 3, \\"offset\\": 224892}, {\\"time\\": 4, \\"offset\\": 332281}, {\\"time\\": 5, \\"offset\\": 411486}, {\\"time\\": 10, \\"offset\\": 877596}]","format":"mp4","definition":"720p","quality":"normal","file_id":"7475505757da43f8b7fa51bdf7dd16c3","applog_map":{"feature_id":"fea919893f650a8c49286568590446ef"},"audio_channels":"2.0","audio_sample_rate":"44100","audio_metrics":null,"audio_score":null}', 'format': 'mp4'}, {'gear_name': 'low_720_0', 'quality_type': 211, 'bit_rate': 564143, 'play_addr': {'uri': 'v0d00fg10000d3dsgsvog65s8as3i33g', 'url_list': ['https://v5-dy-o-abtest.zjcdn.com/1a524a4c149ee6599f67de3e5fe71ffd/68f66df8/video/tos/cn/tos-cn-ve-15/owx53MtyiAanFYABiBmQmIDhfAf7AeXHROCc58/?a=6383&ch=10010&cr=3&dr=0&lr=all&cd=0%7C0%7C0%7C3&cv=1&br=550&bt=550&cs=0&ds=3&ft=c2YTctGHQPRUZxfusdr~kwPqYldQIKDEE-TerrNqq_45a&mime_type=video_mp4&qs=1&rc=NDY2Z2hpZTQ7NDM8OTdoOEBpajY2ZHY5cnZ2NjMzNGkzM0BgYjNhNGJfXi8xY2BfYF5eYSMwZnA1MmRzZGFhLS1kLWFzcw%3D%3D&btag=80000e00028000&cquery=100o_101r_100B_100H_100K&dy_q=1760969609&feature_id=0ea98fd3bdc3c6c14a3d0804cc272721&l=20251020221329FF810B6B17C3D024C6A3', 'https://v5-dy-o-abtest.zjcdn.com/1a524a4c149ee6599f67de3e5fe71ffd/68f66df8/video/tos/cn/tos-cn-ve-15/owx53MtyiAanFYABiBmQmIDhfAf7AeXHROCc58/?a=6383&ch=10010&cr=3&dr=0&lr=all&cd=0%7C0%7C0%7C3&cv=1&br=550&bt=550&cs=0&ds=3&ft=c2YTctGHQPRUZxfusdr~kwPqYldQIKDEE-TerrNqq_45a&mime_type=video_mp4&qs=1&rc=NDY2Z2hpZTQ7NDM8OTdoOEBpajY2ZHY5cnZ2NjMzNGkzM0BgYjNhNGJfXi8xY2BfYF5eYSMwZnA1MmRzZGFhLS1kLWFzcw%3D%3D&btag=80000e00028000&cquery=101r_100B_100H_100K_100o&dy_q=1760969609&feature_id=0ea98fd3bdc3c6c14a3d0804cc272721&l=20251020221329FF810B6B17C3D024C6A3', 'https://www.douyin.com/aweme/v1/play/?video_id=v0d00fg10000d3dsgsvog65s8as3i33g&line=0&file_id=a5aec4b6c9f04128a1bbef7edd63e3c1&sign=6ee02fdd7b63498162983c17c3f8b521&is_play_url=1&source=PackSourceEnum_PUBLISH'], 'width': 720, 'height': 1280, 'url_key': 'v0d00fg10000d3dsgsvog65s8as3i33g_h264_720p_564143', 'data_size': 4452217, 'file_hash': '6ee02fdd7b63498162983c17c3f8b521', 'file_cs': 'c:0-53432-f4b2|a:v0d00fg10000d3dsgsvog65s8as3i33g'}, 'is_h265': 0, 'is_bytevc1': 0, 'HDR_type': '', 'HDR_bit': '', 'FPS': 30, 'video_extra': '{"PktOffsetMap":"[{\\"time\\": 1, \\"offset\\": 134573}, {\\"time\\": 2, \\"offset\\": 151432}, {\\"time\\": 3, \\"offset\\": 179886}, {\\"time\\": 4, \\"offset\\": 275554}, {\\"time\\": 5, \\"offset\\": 350727}, {\\"time\\": 10, \\"offset\\": 756081}]","format":"mp4","definition":"720p","quality":"low","file_id":"a5aec4b6c9f04128a1bbef7edd63e3c1","applog_map":{"feature_id":"0ea98fd3bdc3c6c14a3d0804cc272721"},"audio_channels":"2.0","audio_sample_rate":"44100","audio_metrics":null,"audio_score":null}', 'format': 'mp4'}, {'gear_name': 'low_540_0', 'quality_type': 292, 'bit_rate': 519797, 'play_addr': {'uri': 'v0d00fg10000d3dsgsvog65s8as3i33g', 'url_list': ['https://v5-dy-o-abtest.zjcdn.com/dbb6886cf8d1c3a88e9b6cf97885c33f/68f66df8/video/tos/cn/tos-cn-ve-15/oI5riQG2gQ89AIgXoDEbrwi1A5AnNefTBDQHB6/?a=6383&ch=10010&cr=3&dr=0&lr=all&cd=0%7C0%7C0%7C3&cv=1&br=507&bt=507&cs=0&ds=6&ft=c2YTctGHQPRUZxfusdr~kwPqYldQIKDEE-TerrNqq_45a&mime_type=video_mp4&qs=1&rc=NDk8OzY2ODloNGZlOjY3N0BpajY2ZHY5cnZ2NjMzNGkzM0BjNDY1LjA1XjIxNTRfYTNgYSMwZnA1MmRzZGFhLS1kLWFzcw%3D%3D&btag=80000e00028000&cquery=100K_100o_101r_100B_100H&dy_q=1760969609&feature_id=0ea98fd3bdc3c6c14a3d0804cc272721&l=20251020221329FF810B6B17C3D024C6A3', 'https://v5-dy-o-abtest.zjcdn.com/dbb6886cf8d1c3a88e9b6cf97885c33f/68f66df8/video/tos/cn/tos-cn-ve-15/oI5riQG2gQ89AIgXoDEbrwi1A5AnNefTBDQHB6/?a=6383&ch=10010&cr=3&dr=0&lr=all&cd=0%7C0%7C0%7C3&cv=1&br=507&bt=507&cs=0&ds=6&ft=c2YTctGHQPRUZxfusdr~kwPqYldQIKDEE-TerrNqq_45a&mime_type=video_mp4&qs=1&rc=NDk8OzY2ODloNGZlOjY3N0BpajY2ZHY5cnZ2NjMzNGkzM0BjNDY1LjA1XjIxNTRfYTNgYSMwZnA1MmRzZGFhLS1kLWFzcw%3D%3D&btag=80000e00028000&cquery=101r_100B_100H_100K_100o&dy_q=1760969609&feature_id=0ea98fd3bdc3c6c14a3d0804cc272721&l=20251020221329FF810B6B17C3D024C6A3', 'https://www.douyin.com/aweme/v1/play/?video_id=v0d00fg10000d3dsgsvog65s8as3i33g&line=0&file_id=c464d3b77b8c415ea6853313889976f1&sign=071883f3c10d6f692d974f1cd250745f&is_play_url=1&source=PackSourceEnum_PUBLISH'], 'width': 576, 'height': 1024, 'url_key': 'v0d00fg10000d3dsgsvog65s8as3i33g_h264_540p_519797', 'data_size': 4102238, 'file_hash': '071883f3c10d6f692d974f1cd250745f', 'file_cs': 'c:0-53408-7aba|a:v0d00fg10000d3dsgsvog65s8as3i33g'}, 'is_h265': 0, 'is_bytevc1': 0, 'HDR_type': '', 'HDR_bit': '', 'FPS': 30, 'video_extra': '{"PktOffsetMap":"[{\\"time\\": 1, \\"offset\\": 126548}, {\\"time\\": 2, \\"offset\\": 142420}, {\\"time\\": 3, \\"offset\\": 166627}, {\\"time\\": 4, \\"offset\\": 253401}, {\\"time\\": 5, \\"offset\\": 324590}, {\\"time\\": 10, \\"offset\\": 697260}]","format":"mp4","definition":"540p","quality":"low","file_id":"c464d3b77b8c415ea6853313889976f1","applog_map":{"feature_id":"0ea98fd3bdc3c6c14a3d0804cc272721"},"audio_channels":"2.0","audio_sample_rate":"44100","audio_metrics":null,"audio_score":null}', 'format': 'mp4'}, {'gear_name': 'adapt_low_540_0', 'quality_type': 291, 'bit_rate': 369806, 'play_addr': {'uri': 'v0d00fg10000d3dsgsvog65s8as3i33g', 'url_list': ['https://v5-dy-o-abtest.zjcdn.com/d4cf1d41fed129fc00c267a800066ceb/68f66df8/video/tos/cn/tos-cn-ve-15/oUoDACni9Nrf5QLHTgQeHEy2IAQog8BrO5YAiB/?a=6383&ch=10010&cr=3&dr=0&lr=all&cd=0%7C0%7C0%7C3&cv=1&br=361&bt=361&cs=0&ds=6&ft=c2YTctGHQPRUZxfusdr~kwPqYldQIKDEE-TerrNqq_45a&mime_type=video_mp4&qs=12&rc=aWc8NjU1ZzRmNGQ3NWkzOEBpajY2ZHY5cnZ2NjMzNGkzM0AwMTBgMTUyNi0xX15hLy00YSMwZnA1MmRzZGFhLS1kLWFzcw%3D%3D&btag=80000e00028000&cquery=101r_100B_100H_100K_100o&dy_q=1760969609&feature_id=0ea98fd3bdc3c6c14a3d0804cc272721&l=20251020221329FF810B6B17C3D024C6A3', 'https://v5-dy-o-abtest.zjcdn.com/d4cf1d41fed129fc00c267a800066ceb/68f66df8/video/tos/cn/tos-cn-ve-15/oUoDACni9Nrf5QLHTgQeHEy2IAQog8BrO5YAiB/?a=6383&ch=10010&cr=3&dr=0&lr=all&cd=0%7C0%7C0%7C3&cv=1&br=361&bt=361&cs=0&ds=6&ft=c2YTctGHQPRUZxfusdr~kwPqYldQIKDEE-TerrNqq_45a&mime_type=video_mp4&qs=12&rc=aWc8NjU1ZzRmNGQ3NWkzOEBpajY2ZHY5cnZ2NjMzNGkzM0AwMTBgMTUyNi0xX15hLy00YSMwZnA1MmRzZGFhLS1kLWFzcw%3D%3D&btag=80000e00028000&cquery=100o_101r_100B_100H_100K&dy_q=1760969609&feature_id=0ea98fd3bdc3c6c14a3d0804cc272721&l=20251020221329FF810B6B17C3D024C6A3', 'https://www.douyin.com/aweme/v1/play/?video_id=v0d00fg10000d3dsgsvog65s8as3i33g&line=0&file_id=75002fd2a4ba410c915d8242c3394d3f&sign=23bcdeb6a73a486ac152d676c121d204&is_play_url=1&source=PackSourceEnum_PUBLISH'], 'width': 576, 'height': 1024, 'url_key': 'v0d00fg10000d3dsgsvog65s8as3i33g_h264_540p_369806', 'data_size': 2918516, 'file_hash': '23bcdeb6a73a486ac152d676c121d204', 'file_cs': 'c:0-53399-5eae|a:v0d00fg10000d3dsgsvog65s8as3i33g'}, 'is_h265': 0, 'is_bytevc1': 0, 'HDR_type': '', 'HDR_bit': '', 'FPS': 30, 'video_extra': '{"PktOffsetMap":"[{\\"time\\": 1, \\"offset\\": 111451}, {\\"time\\": 2, \\"offset\\": 124794}, {\\"time\\": 3, \\"offset\\": 144774}, {\\"time\\": 4, \\"offset\\": 206375}, {\\"time\\": 5, \\"offset\\": 255623}, {\\"time\\": 10, \\"offset\\": 520227}]","format":"mp4","definition":"540p","quality":"adapt_low","file_id":"75002fd2a4ba410c915d8242c3394d3f","applog_map":{"feature_id":"0ea98fd3bdc3c6c14a3d0804cc272721"},"audio_channels":"2.0","audio_sample_rate":"44100","audio_metrics":null,"audio_score":null}', 'format': 'mp4'}, {'gear_name': 'adapt_lowest_1080_1', 'quality_type': 2, 'bit_rate': 305224, 'play_addr': {'uri': 'v0d00fg10000d3dsgsvog65s8as3i33g', 'url_list': ['https://v5-dy-o-abtest.zjcdn.com/0c3f88a72e671dbcc8829588a95801cb/68f66df8/video/tos/cn/tos-cn-ve-15/oQiQrCKo2Ac5AD5Qi8reD9TBN7ifEKgTAQHgIB/?a=6383&ch=10010&cr=3&dr=0&lr=all&cd=0%7C0%7C0%7C3&cv=1&br=298&bt=298&cs=2&ds=4&ft=c2YTctGHQPRUZxfusdr~kwPqYldQIKDEE-TerrNqq_45a&mime_type=video_mp4&qs=15&rc=ZDo3Zmk4ZGk0OmZkNzM0Z0BpajY2ZHY5cnZ2NjMzNGkzM0BgXzZiXjIzXjAxMTRhLmBiYSMwZnA1MmRzZGFhLS1kLWFzcw%3D%3D&btag=80000e00028000&cquery=101r_100B_100H_100K_100o&dy_q=1760969609&feature_id=b38008770b4e09863331b14b26bcdc23&l=20251020221329FF810B6B17C3D024C6A3', 'https://v5-dy-o-abtest.zjcdn.com/0c3f88a72e671dbcc8829588a95801cb/68f66df8/video/tos/cn/tos-cn-ve-15/oQiQrCKo2Ac5AD5Qi8reD9TBN7ifEKgTAQHgIB/?a=6383&ch=10010&cr=3&dr=0&lr=all&cd=0%7C0%7C0%7C3&cv=1&br=298&bt=298&cs=2&ds=4&ft=c2YTctGHQPRUZxfusdr~kwPqYldQIKDEE-TerrNqq_45a&mime_type=video_mp4&qs=15&rc=ZDo3Zmk4ZGk0OmZkNzM0Z0BpajY2ZHY5cnZ2NjMzNGkzM0BgXzZiXjIzXjAxMTRhLmBiYSMwZnA1MmRzZGFhLS1kLWFzcw%3D%3D&btag=80000e00028000&cquery=100H_100K_100o_101r_100B&dy_q=1760969609&feature_id=b38008770b4e09863331b14b26bcdc23&l=20251020221329FF810B6B17C3D024C6A3', 'https://www.douyin.com/aweme/v1/play/?video_id=v0d00fg10000d3dsgsvog65s8as3i33g&line=0&file_id=edc110d47a4c4731af6a55afec94b7ca&sign=1b6710c969e98fd495d5423c244f831b&is_play_url=1&source=PackSourceEnum_PUBLISH'], 'width': 1080, 'height': 1920, 'url_key': 'v0d00fg10000d3dsgsvog65s8as3i33g_bytevc1_1080p_305224', 'data_size': 2408833, 'file_hash': '1b6710c969e98fd495d5423c244f831b', 'file_cs': 'c:0-53573-11a4|a:v0d00fg10000d3dsgsvog65s8as3i33g'}, 'is_h265': 1, 'is_bytevc1': 1, 'HDR_type': '', 'HDR_bit': '', 'FPS': 30, 'video_extra': '{"PktOffsetMap":"[{\\"time\\": 1, \\"offset\\": 104608}, {\\"time\\": 2, \\"offset\\": 113912}, {\\"time\\": 3, \\"offset\\": 132069}, {\\"time\\": 4, \\"offset\\": 180305}, {\\"time\\": 5, \\"offset\\": 215609}, {\\"time\\": 10, \\"offset\\": 460806}]","format":"mp4","definition":"1080p","quality":"adapt_lowest","file_id":"edc110d47a4c4731af6a55afec94b7ca","applog_map":{"feature_id":"b38008770b4e09863331b14b26bcdc23"},"mvmaf":"{\\"mvmaf_sr_v1080\\":98.765,\\"mvmaf_sr_v960\\":98.754,\\"mvmaf_sr_v864\\":98.975,\\"mvmaf_sr_v720\\":99.047,\\"mvmaf_ori_v1080\\":92.784,\\"mvmaf_ori_v960\\":93.351,\\"mvmaf_ori_v864\\":93.82,\\"mvmaf_ori_v720\\":94.513}","ufq":"{\\"enh\\":93.385,\\"playback\\":{\\"ori\\":90.169,\\"srv1\\":92.702},\\"src\\":93.385,\\"trans\\":90.169,\\"version\\":\\"v1.0\\"}","audio_channels":"2.0","audio_sample_rate":"44100","audio_metrics":null,"audio_score":null}', 'format': 'mp4'}, {'gear_name': 'adapt_lowest_720_1', 'quality_type': 15, 'bit_rate': 293333, 'play_addr': {'uri': 'v0d00fg10000d3dsgsvog65s8as3i33g', 'url_list': ['https://v5-dy-o-abtest.zjcdn.com/98dbfb645801501e25822f91121c7607/68f66df8/video/tos/cn/tos-cn-ve-15/oEPDACii9Nrf5QTHQgQe3EN2IAQog8BOd56AiB/?a=6383&ch=10010&cr=3&dr=0&lr=all&cd=0%7C0%7C0%7C3&cv=1&br=286&bt=286&cs=2&ds=3&ft=c2YTctGHQPRUZxfusdr~kwPqYldQIKDEE-TerrNqq_45a&mime_type=video_mp4&qs=15&rc=PDxnaTRlNzllZzhpZjgzZ0BpajY2ZHY5cnZ2NjMzNGkzM0A2XjBhNmBjXi0xNWNhYzRgYSMwZnA1MmRzZGFhLS1kLWFzcw%3D%3D&btag=80000e00028000&cquery=100K_100o_101r_100B_100H&dy_q=1760969609&feature_id=b38008770b4e09863331b14b26bcdc23&l=20251020221329FF810B6B17C3D024C6A3', 'https://v5-dy-o-abtest.zjcdn.com/98dbfb645801501e25822f91121c7607/68f66df8/video/tos/cn/tos-cn-ve-15/oEPDACii9Nrf5QTHQgQe3EN2IAQog8BOd56AiB/?a=6383&ch=10010&cr=3&dr=0&lr=all&cd=0%7C0%7C0%7C3&cv=1&br=286&bt=286&cs=2&ds=3&ft=c2YTctGHQPRUZxfusdr~kwPqYldQIKDEE-TerrNqq_45a&mime_type=video_mp4&qs=15&rc=PDxnaTRlNzllZzhpZjgzZ0BpajY2ZHY5cnZ2NjMzNGkzM0A2XjBhNmBjXi0xNWNhYzRgYSMwZnA1MmRzZGFhLS1kLWFzcw%3D%3D&btag=80000e00028000&cquery=100H_100K_100o_101r_100B&dy_q=1760969609&feature_id=b38008770b4e09863331b14b26bcdc23&l=20251020221329FF810B6B17C3D024C6A3', 'https://www.douyin.com/aweme/v1/play/?video_id=v0d00fg10000d3dsgsvog65s8as3i33g&line=0&file_id=cd70f5dcff854d0ba6f4cb91df3da999&sign=99819eb05ae4e3fb12cbf7dbf35c0900&is_play_url=1&source=PackSourceEnum_PUBLISH'], 'width': 720, 'height': 1280, 'url_key': 'v0d00fg10000d3dsgsvog65s8as3i33g_bytevc1_720p_293333', 'data_size': 2314991, 'file_hash': '99819eb05ae4e3fb12cbf7dbf35c0900', 'file_cs': 'c:0-53574-b46c|a:v0d00fg10000d3dsgsvog65s8as3i33g'}, 'is_h265': 1, 'is_bytevc1': 1, 'HDR_type': '', 'HDR_bit': '', 'FPS': 30, 'video_extra': '{"PktOffsetMap":"[{\\"time\\": 1, \\"offset\\": 101368}, {\\"time\\": 2, \\"offset\\": 112395}, {\\"time\\": 3, \\"offset\\": 131772}, {\\"time\\": 4, \\"offset\\": 181963}, {\\"time\\": 5, \\"offset\\": 223677}, {\\"time\\": 10, \\"offset\\": 453354}]","format":"mp4","definition":"720p","quality":"adapt_lowest","file_id":"cd70f5dcff854d0ba6f4cb91df3da999","applog_map":{"feature_id":"b38008770b4e09863331b14b26bcdc23"},"mvmaf":"{\\"mvmaf_sr_v1080\\":97.692,\\"mvmaf_sr_v960\\":98.798,\\"mvmaf_sr_v864\\":99.136,\\"mvmaf_sr_v720\\":99.427,\\"mvmaf_ori_v1080\\":87.452,\\"mvmaf_ori_v960\\":90.283,\\"mvmaf_ori_v864\\":91.574,\\"mvmaf_ori_v720\\":94.718}","ufq":"{\\"enh\\":93.385,\\"playback\\":{\\"ori\\":84.837,\\"srv1\\":92.487},\\"src\\":93.385,\\"trans\\":84.837,\\"version\\":\\"v1.0\\"}","audio_channels":"2.0","audio_sample_rate":"44100","audio_metrics":null,"audio_score":null}', 'format': 'mp4'}, {'gear_name': 'adapt_540_1', 'quality_type': 28, 'bit_rate': 265566, 'play_addr': {'uri': 'v0d00fg10000d3dsgsvog65s8as3i33g', 'url_list': ['https://v5-dy-o-abtest.zjcdn.com/123a2d85bae374d693f247468934b155/68f66df8/video/tos/cn/tos-cn-ve-15/oYQL29Bo22iQhFy54O7D3ggANGAfAzhfBIDXE8/?a=6383&ch=10010&cr=3&dr=0&lr=all&cd=0%7C0%7C0%7C3&cv=1&br=259&bt=259&cs=2&ds=6&ft=c2YTctGHQPRUZxfusdr~kwPqYldQIKDEE-TerrNqq_45a&mime_type=video_mp4&qs=11&rc=ZDc8Nzc7aTw4aDxlZDxoPEBpajY2ZHY5cnZ2NjMzNGkzM0A0LmE2LzNhNWAxNWIuMTVeYSMwZnA1MmRzZGFhLS1kLWFzcw%3D%3D&btag=80000e00028000&cquery=100H_100K_100o_101r_100B&dy_q=1760969609&feature_id=b38008770b4e09863331b14b26bcdc23&l=20251020221329FF810B6B17C3D024C6A3', 'https://v5-dy-o-abtest.zjcdn.com/123a2d85bae374d693f247468934b155/68f66df8/video/tos/cn/tos-cn-ve-15/oYQL29Bo22iQhFy54O7D3ggANGAfAzhfBIDXE8/?a=6383&ch=10010&cr=3&dr=0&lr=all&cd=0%7C0%7C0%7C3&cv=1&br=259&bt=259&cs=2&ds=6&ft=c2YTctGHQPRUZxfusdr~kwPqYldQIKDEE-TerrNqq_45a&mime_type=video_mp4&qs=11&rc=ZDc8Nzc7aTw4aDxlZDxoPEBpajY2ZHY5cnZ2NjMzNGkzM0A0LmE2LzNhNWAxNWIuMTVeYSMwZnA1MmRzZGFhLS1kLWFzcw%3D%3D&btag=80000e00028000&cquery=101r_100B_100H_100K_100o&dy_q=1760969609&feature_id=b38008770b4e09863331b14b26bcdc23&l=20251020221329FF810B6B17C3D024C6A3', 'https://www.douyin.com/aweme/v1/play/?video_id=v0d00fg10000d3dsgsvog65s8as3i33g&line=0&file_id=a98e491aeb894ec589df682494d9147a&sign=017c35e0ad303de115f1336268f10ae0&is_play_url=1&source=PackSourceEnum_PUBLISH'], 'width': 576, 'height': 1024, 'url_key': 'v0d00fg10000d3dsgsvog65s8as3i33g_bytevc1_540p_265566', 'data_size': 2095848, 'file_hash': '017c35e0ad303de115f1336268f10ae0', 'file_cs': 'c:0-53574-298d|a:v0d00fg10000d3dsgsvog65s8as3i33g'}, 'is_h265': 1, 'is_bytevc1': 1, 'HDR_type': '', 'HDR_bit': '', 'FPS': 30, 'video_extra': '{"PktOffsetMap":"[{\\"time\\": 1, \\"offset\\": 96249}, {\\"time\\": 2, \\"offset\\": 105118}, {\\"time\\": 3, \\"offset\\": 123464}, {\\"time\\": 4, \\"offset\\": 168678}, {\\"time\\": 5, \\"offset\\": 205875}, {\\"time\\": 10, \\"offset\\": 413830}]","format":"mp4","definition":"540p","quality":"adapt","file_id":"a98e491aeb894ec589df682494d9147a","applog_map":{"feature_id":"b38008770b4e09863331b14b26bcdc23"},"mvmaf":"{\\"mvmaf_sr_v1080\\":95.138,\\"mvmaf_sr_v960\\":97.337,\\"mvmaf_sr_v864\\":97.763,\\"mvmaf_sr_v720\\":98.628,\\"mvmaf_ori_v1080\\":82.716,\\"mvmaf_ori_v960\\":86.178,\\"mvmaf_ori_v864\\":87.746,\\"mvmaf_ori_v720\\":90.896}","ufq":"{\\"enh\\":93.385,\\"playback\\":{\\"ori\\":80.672,\\"srv1\\":91.977},\\"src\\":93.385,\\"trans\\":80.672,\\"version\\":\\"v1.0\\"}","audio_channels":"2.0","audio_sample_rate":"44100","audio_metrics":null,"audio_score":null}', 'format': 'mp4'}, {'gear_name': 'adapt_lower_540_1', 'quality_type': 21, 'bit_rate': 229054, 'play_addr': {'uri': 'v0d00fg10000d3dsgsvog65s8as3i33g', 'url_list': ['https://v5-dy-o-abtest.zjcdn.com/14e587ece074cc4f431a504a500e9151/68f66df8/video/tos/cn/tos-cn-ve-15/oEIuio5AxBeBug9r8gEAXiiAQpBAD2Q1QfH55N/?a=6383&ch=10010&cr=3&dr=0&lr=all&cd=0%7C0%7C0%7C3&cv=1&br=223&bt=223&cs=2&ds=6&ft=c2YTctGHQPRUZxfusdr~kwPqYldQIKDEE-TerrNqq_45a&mime_type=video_mp4&qs=14&rc=OmU7ZTk2ZTtoNjxmNjNlOUBpajY2ZHY5cnZ2NjMzNGkzM0AzLzE1YF8tNTUxYjJeNC8vYSMwZnA1MmRzZGFhLS1kLWFzcw%3D%3D&btag=80000e00028000&cquery=100B_100H_100K_100o_101r&dy_q=1760969609&feature_id=2ec60419b2ec858b9b1eae59874b17b0&l=20251020221329FF810B6B17C3D024C6A3', 'https://v5-dy-o-abtest.zjcdn.com/14e587ece074cc4f431a504a500e9151/68f66df8/video/tos/cn/tos-cn-ve-15/oEIuio5AxBeBug9r8gEAXiiAQpBAD2Q1QfH55N/?a=6383&ch=10010&cr=3&dr=0&lr=all&cd=0%7C0%7C0%7C3&cv=1&br=223&bt=223&cs=2&ds=6&ft=c2YTctGHQPRUZxfusdr~kwPqYldQIKDEE-TerrNqq_45a&mime_type=video_mp4&qs=14&rc=OmU7ZTk2ZTtoNjxmNjNlOUBpajY2ZHY5cnZ2NjMzNGkzM0AzLzE1YF8tNTUxYjJeNC8vYSMwZnA1MmRzZGFhLS1kLWFzcw%3D%3D&btag=80000e00028000&cquery=100K_100o_101r_100B_100H&dy_q=1760969609&feature_id=2ec60419b2ec858b9b1eae59874b17b0&l=20251020221329FF810B6B17C3D024C6A3', 'https://www.douyin.com/aweme/v1/play/?video_id=v0d00fg10000d3dsgsvog65s8as3i33g&line=0&file_id=262b70a35ce9438e880bb3c68b482b67&sign=78ec362c1da29917096c55140ca23fa7&is_play_url=1&source=PackSourceEnum_PUBLISH'], 'width': 576, 'height': 1024, 'url_key': 'v0d00fg10000d3dsgsvog65s8as3i33g_bytevc1_540p_229054', 'data_size': 1807697, 'file_hash': '78ec362c1da29917096c55140ca23fa7', 'file_cs': 'c:0-53574-ce98|a:v0d00fg10000d3dsgsvog65s8as3i33g'}, 'is_h265': 1, 'is_bytevc1': 1, 'HDR_type': '', 'HDR_bit': '', 'FPS': 30, 'video_extra': '{"PktOffsetMap":"[{\\"time\\": 1, \\"offset\\": 91274}, {\\"time\\": 2, \\"offset\\": 99802}, {\\"time\\": 3, \\"offset\\": 116056}, {\\"time\\": 4, \\"offset\\": 152589}, {\\"time\\": 5, \\"offset\\": 183940}, {\\"time\\": 10, \\"offset\\": 370260}]","format":"mp4","definition":"540p","quality":"adapt_lower","file_id":"262b70a35ce9438e880bb3c68b482b67","applog_map":{"feature_id":"2ec60419b2ec858b9b1eae59874b17b0"},"mvmaf":"{\\"mvmaf_sr_v1080\\":93.92,\\"mvmaf_sr_v960\\":96.216,\\"mvmaf_sr_v864\\":96.895,\\"mvmaf_sr_v720\\":97.963,\\"mvmaf_ori_v1080\\":81.555,\\"mvmaf_ori_v960\\":85.034,\\"mvmaf_ori_v864\\":86.902,\\"mvmaf_ori_v720\\":90.162}","ufq":"{\\"enh\\":93.385,\\"playback\\":{\\"ori\\":79.802,\\"srv1\\":90.869},\\"src\\":93.385,\\"trans\\":79.802,\\"version\\":\\"v1.0\\"}","audio_channels":"2.0","audio_sample_rate":"44100","audio_metrics":null,"audio_score":null}', 'format': 'mp4'}, {'gear_name': 'low_720_0', 'quality_type': 211, 'bit_rate': 507637, 'play_addr': {'uri': 'v0d00fg10000d3dsgsvog65s8as3i33g', 'url_list': ['https://v5-dy-o-abtest.zjcdn.com/8eb07c78f3081f6b53622588927ea173/68f79548/video/tos/cn/tos-cn-vd-0026/okiQZAGo2Az5AD5Ai8reD9TBNAnfgtgAAQHgIB/media-video-avc1/?a=6383&ch=0&cr=8&dr=0&er=1&lr=default&cd=0%7C0%7C0%7C3&cv=1&br=495&bt=495&cs=0&ds=3&mime_type=video_mp4&qs=1&rc=NjU2ZGY0OTk0ZDVlNjRmN0BpajY2ZHY5cnZ2NjMzNGkzM0AzNGFgMGFjXzMxLy5gMDQuYSMwZnA1MmRzZGFhLS1kLWFzcw%3D%3D&btag=80000e00028000&cquery=101r_100o&dy_q=1760969609&l=20251020221329FF810B6B17C3D024C6A3', 'https://v5-dy-o-abtest.zjcdn.com/8eb07c78f3081f6b53622588927ea173/68f79548/video/tos/cn/tos-cn-vd-0026/okiQZAGo2Az5AD5Ai8reD9TBNAnfgtgAAQHgIB/media-video-avc1/?a=6383&ch=0&cr=8&dr=0&er=1&lr=default&cd=0%7C0%7C0%7C3&cv=1&br=495&bt=495&cs=0&ds=3&mime_type=video_mp4&qs=1&rc=NjU2ZGY0OTk0ZDVlNjRmN0BpajY2ZHY5cnZ2NjMzNGkzM0AzNGFgMGFjXzMxLy5gMDQuYSMwZnA1MmRzZGFhLS1kLWFzcw%3D%3D&btag=80000e00028000&cquery=101r_100o&dy_q=1760969609&l=20251020221329FF810B6B17C3D024C6A3', 'https://www.douyin.com/aweme/v1/play/dash/?video_id=v0d00fg10000d3dsgsvog65s8as3i33g&line=0&file_id=147c31c31b224a61b6f6d13ccad37263&sign=dddccb09e77f07efd2f021ddc4a17c3c&is_play_url=1&source=PackSourceEnum_PUBLISH'], 'width': 720, 'height': 1280, 'url_key': 'v0d00fg10000d3dsgsvog65s8as3i33g_h264_720p_507637', 'data_size': 4006084, 'file_hash': 'dddccb09e77f07efd2f021ddc4a17c3c'}, 'is_h265': 0, 'is_bytevc1': 0, 'HDR_type': '', 'HDR_bit': '', 'FPS': 30, 'video_extra': '{"PktOffsetMap":"","format":"dash","sub_info":"{\\"audio_channels\\":\\"2.0\\",\\"audio_layout\\":\\"C\\",\\"audio_sample_rate\\":\\"44100\\",\\"base_range_info\\":{\\"first_moof_range\\":\\"1123-3222\\",\\"index_range\\":\\"995-1122\\",\\"init_range\\":\\"0-994\\"},\\"check_info\\":{\\"check_info\\":\\"a:v0d00fg10000d3dsgsvog65s8as3i33g|b:0-1122-19f3e695d6d68fa147f350456a037ace|c:0-1122-7dc2\\"},\\"first_segment_range\\":\\"1123-463766\\",\\"gear_des_key\\":\\"0:DASH|1:normal|2:h264|4:720p|5:low|10000:105\\",\\"quality_type\\":11}","definition":"720p","quality":"low","quality_desc":"","file_id":"147c31c31b224a61b6f6d13ccad37263","real_bitrate":564143,"audio_file_id":"25c0e9123367e83c7690e571666fae0b","applog_map":{"feature_id":"0ea98fd3bdc3c6c14a3d0804cc272721"},"audio_metrics":null,"audio_score":null}', 'format': 'dash'}, {'gear_name': 'low_540_0', 'quality_type': 292, 'bit_rate': 463292, 'play_addr': {'uri': 'v0d00fg10000d3dsgsvog65s8as3i33g', 'url_list': ['https://v5-dy-o-abtest.zjcdn.com/09884e1170c592a3d031f903ada08a49/68f79548/video/tos/cn/tos-cn-vd-0026/osgn5Dg2fAIwUQDNAB9orXBHTiANiAA5QeAgs8/media-video-avc1/?a=6383&ch=0&cr=8&dr=0&er=1&lr=default&cd=0%7C0%7C0%7C3&cv=1&br=452&bt=452&cs=0&ds=6&mime_type=video_mp4&qs=1&rc=OTkzaWY5ZTQ7aTM7NmRpN0BpajY2ZHY5cnZ2NjMzNGkzM0BjMC4zMl9jNV4xLjA1MzNhYSMwZnA1MmRzZGFhLS1kLWFzcw%3D%3D&btag=80000e00028000&cquery=101r_100o&dy_q=1760969609&l=20251020221329FF810B6B17C3D024C6A3', 'https://v5-dy-o-abtest.zjcdn.com/09884e1170c592a3d031f903ada08a49/68f79548/video/tos/cn/tos-cn-vd-0026/osgn5Dg2fAIwUQDNAB9orXBHTiANiAA5QeAgs8/media-video-avc1/?a=6383&ch=0&cr=8&dr=0&er=1&lr=default&cd=0%7C0%7C0%7C3&cv=1&br=452&bt=452&cs=0&ds=6&mime_type=video_mp4&qs=1&rc=OTkzaWY5ZTQ7aTM7NmRpN0BpajY2ZHY5cnZ2NjMzNGkzM0BjMC4zMl9jNV4xLjA1MzNhYSMwZnA1MmRzZGFhLS1kLWFzcw%3D%3D&btag=80000e00028000&cquery=100o_101r&dy_q=1760969609&l=20251020221329FF810B6B17C3D024C6A3', 'https://www.douyin.com/aweme/v1/play/dash/?video_id=v0d00fg10000d3dsgsvog65s8as3i33g&line=0&file_id=d46f6a8338104fa881fbb65c6f1036f6&sign=c93f37343b0702cd13ef78e174aaccf5&is_play_url=1&source=PackSourceEnum_PUBLISH'], 'width': 576, 'height': 1024, 'url_key': 'v0d00fg10000d3dsgsvog65s8as3i33g_h264_540p_463292', 'data_size': 3656129, 'file_hash': 'c93f37343b0702cd13ef78e174aaccf5'}, 'is_h265': 0, 'is_bytevc1': 0, 'HDR_type': '', 'HDR_bit': '', 'FPS': 30, 'video_extra': '{"PktOffsetMap":"","format":"dash","sub_info":"{\\"audio_channels\\":\\"2.0\\",\\"audio_layout\\":\\"C\\",\\"audio_sample_rate\\":\\"44100\\",\\"base_range_info\\":{\\"first_moof_range\\":\\"1123-3222\\",\\"index_range\\":\\"995-1122\\",\\"init_range\\":\\"0-994\\"},\\"check_info\\":{\\"check_info\\":\\"a:v0d00fg10000d3dsgsvog65s8as3i33g|b:0-1122-32ceb92769ab8ae717515b630046c0cb|c:0-1122-15fa\\"},\\"first_segment_range\\":\\"1123-423729\\",\\"gear_des_key\\":\\"0:DASH|1:normal|2:h264|4:540p|5:low|10000:105\\"}","definition":"540p","quality":"low","quality_desc":"","file_id":"d46f6a8338104fa881fbb65c6f1036f6","real_bitrate":519797,"audio_file_id":"25c0e9123367e83c7690e571666fae0b","applog_map":{"feature_id":"0ea98fd3bdc3c6c14a3d0804cc272721"},"audio_metrics":null,"audio_score":null}', 'format': 'dash'}, {'gear_name': 'adapt_low_540_0', 'quality_type': 291, 'bit_rate': 313279, 'play_addr': {'uri': 'v0d00fg10000d3dsgsvog65s8as3i33g', 'url_list': ['https://v5-dy-o-abtest.zjcdn.com/7ba50112a611772f0b7df2b140541867/68f79548/video/tos/cn/tos-cn-vd-0026/o4ABfzRgNrAFOE8mHU9G42fXAhDHABAAyAwohO/media-video-avc1/?a=6383&ch=0&cr=8&dr=0&er=1&lr=default&cd=0%7C0%7C0%7C3&cv=1&br=305&bt=305&cs=0&ds=6&mime_type=video_mp4&qs=12&rc=PDo6OmhkaDVkNGk3Omk5M0BpajY2ZHY5cnZ2NjMzNGkzM0BjNi8vYy8tNTAxNjNgLV9gYSMwZnA1MmRzZGFhLS1kLWFzcw%3D%3D&btag=80000e00028000&cquery=101r_100o&dy_q=1760969609&l=20251020221329FF810B6B17C3D024C6A3', 'https://v5-dy-o-abtest.zjcdn.com/7ba50112a611772f0b7df2b140541867/68f79548/video/tos/cn/tos-cn-vd-0026/o4ABfzRgNrAFOE8mHU9G42fXAhDHABAAyAwohO/media-video-avc1/?a=6383&ch=0&cr=8&dr=0&er=1&lr=default&cd=0%7C0%7C0%7C3&cv=1&br=305&bt=305&cs=0&ds=6&mime_type=video_mp4&qs=12&rc=PDo6OmhkaDVkNGk3Omk5M0BpajY2ZHY5cnZ2NjMzNGkzM0BjNi8vYy8tNTAxNjNgLV9gYSMwZnA1MmRzZGFhLS1kLWFzcw%3D%3D&btag=80000e00028000&cquery=101r_100o&dy_q=1760969609&l=20251020221329FF810B6B17C3D024C6A3', 'https://www.douyin.com/aweme/v1/play/dash/?video_id=v0d00fg10000d3dsgsvog65s8as3i33g&line=0&file_id=c0b60fc7649f413a820e2afe272797f9&sign=c0088a872c5f993327e2879d06a67c74&is_play_url=1&source=PackSourceEnum_PUBLISH'], 'width': 576, 'height': 1024, 'url_key': 'v0d00fg10000d3dsgsvog65s8as3i33g_h264_540p_313279', 'data_size': 2472280, 'file_hash': 'c0088a872c5f993327e2879d06a67c74'}, 'is_h265': 0, 'is_bytevc1': 0, 'HDR_type': '', 'HDR_bit': '', 'FPS': 30, 'video_extra': '{"PktOffsetMap":"","format":"dash","sub_info":"{\\"audio_channels\\":\\"2.0\\",\\"audio_layout\\":\\"C\\",\\"audio_sample_rate\\":\\"44100\\",\\"base_range_info\\":{\\"first_moof_range\\":\\"1122-3221\\",\\"index_range\\":\\"994-1121\\",\\"init_range\\":\\"0-993\\"},\\"check_info\\":{\\"check_info\\":\\"a:v0d00fg10000d3dsgsvog65s8as3i33g|b:0-1121-0d5dcb0f1860e279f1f2f52ec4f18d3b|c:0-1121-9712\\"},\\"first_segment_range\\":\\"1122-292864\\",\\"gear_des_key\\":\\"0:DASH|1:normal|2:h264|4:540p|5:adapt_low|10000:105\\",\\"quality_type\\":291}","definition":"540p","quality":"adapt_low","quality_desc":"","file_id":"c0b60fc7649f413a820e2afe272797f9","real_bitrate":369806,"audio_file_id":"25c0e9123367e83c7690e571666fae0b","applog_map":{"feature_id":"0ea98fd3bdc3c6c14a3d0804cc272721"},"audio_metrics":null,"audio_score":null}', 'format': 'dash'}, {'gear_name': 'adapt_lowest_1080_1', 'quality_type': 2, 'bit_rate': 248722, 'play_addr': {'uri': 'v0d00fg10000d3dsgsvog65s8as3i33g', 'url_list': ['https://v5-dy-o-abtest.zjcdn.com/1112186403c2de924cb342c6bc413cbb/68f79548/video/tos/cn/tos-cn-vd-0026/o8EeBA9ARAAfXAHEAoAgXOhyNBFhGn2D8L7zd4/media-video-hvc1/?a=6383&ch=0&cr=8&dr=0&er=1&lr=default&cd=0%7C0%7C0%7C3&cv=1&br=242&bt=242&cs=4&ds=4&mime_type=video_mp4&qs=15&rc=Ozs4Mzk4NTVlMzY1NTk7aUBpajY2ZHY5cnZ2NjMzNGkzM0AvXzA2Yl8uXmExNTJhLjQvYSMwZnA1MmRzZGFhLS1kLWFzcw%3D%3D&btag=80000e00028000&cquery=101r_100o&dy_q=1760969609&l=20251020221329FF810B6B17C3D024C6A3', 'https://v5-dy-o-abtest.zjcdn.com/1112186403c2de924cb342c6bc413cbb/68f79548/video/tos/cn/tos-cn-vd-0026/o8EeBA9ARAAfXAHEAoAgXOhyNBFhGn2D8L7zd4/media-video-hvc1/?a=6383&ch=0&cr=8&dr=0&er=1&lr=default&cd=0%7C0%7C0%7C3&cv=1&br=242&bt=242&cs=4&ds=4&mime_type=video_mp4&qs=15&rc=Ozs4Mzk4NTVlMzY1NTk7aUBpajY2ZHY5cnZ2NjMzNGkzM0AvXzA2Yl8uXmExNTJhLjQvYSMwZnA1MmRzZGFhLS1kLWFzcw%3D%3D&btag=80000e00028000&cquery=101r_100o&dy_q=1760969609&l=20251020221329FF810B6B17C3D024C6A3', 'https://www.douyin.com/aweme/v1/play/dash/?video_id=v0d00fg10000d3dsgsvog65s8as3i33g&line=0&file_id=2f7816d2528340dba212b5e69035b828&sign=aa62066197ff91d1723b28014d0f4a85&is_play_url=1&source=PackSourceEnum_PUBLISH'], 'width': 1080, 'height': 1920, 'url_key': 'v0d00fg10000d3dsgsvog65s8as3i33g_bytevc1_1080p_248722', 'data_size': 1962819, 'file_hash': 'aa62066197ff91d1723b28014d0f4a85'}, 'is_h265': 1, 'is_bytevc1': 1, 'HDR_type': '', 'HDR_bit': '', 'FPS': 30, 'video_extra': '{"PktOffsetMap":"","format":"dash","sub_info":"{\\"audio_channels\\":\\"2.0\\",\\"audio_layout\\":\\"C\\",\\"audio_sample_rate\\":\\"44100\\",\\"base_range_info\\":{\\"first_moof_range\\":\\"1280-3059\\",\\"index_range\\":\\"1128-1279\\",\\"init_range\\":\\"0-1127\\"},\\"check_info\\":{\\"check_info\\":\\"a:v0d00fg10000d3dsgsvog65s8as3i33g|b:0-1279-f46bbda09bda1a19b665246aef1c3b28|c:0-1279-ed22\\"},\\"first_segment_range\\":\\"1280-174600\\",\\"gear_des_key\\":\\"0:DASH|1:normal|2:h265_hvc1|4:1080p|5:adapt_lowest|10000:105\\",\\"quality_type\\":2}","definition":"1080p","quality":"adapt_lowest","quality_desc":"","file_id":"2f7816d2528340dba212b5e69035b828","real_bitrate":302128,"audio_file_id":"25c0e9123367e83c7690e571666fae0b","applog_map":{"feature_id":"b38008770b4e09863331b14b26bcdc23"},"mvmaf":"{\\"mvmaf_sr_v1080\\":98.765,\\"mvmaf_sr_v960\\":98.754,\\"mvmaf_sr_v864\\":98.975,\\"mvmaf_sr_v720\\":99.047,\\"mvmaf_ori_v1080\\":92.784,\\"mvmaf_ori_v960\\":93.351,\\"mvmaf_ori_v864\\":93.82,\\"mvmaf_ori_v720\\":94.513}","audio_metrics":null,"audio_score":null}', 'format': 'dash'}, {'gear_name': 'adapt_lowest_720_1', 'quality_type': 15, 'bit_rate': 236830, 'play_addr': {'uri': 'v0d00fg10000d3dsgsvog65s8as3i33g', 'url_list': ['https://v5-dy-o-abtest.zjcdn.com/c7d3d3775e442f5956e6004a8940dac5/68f79548/video/tos/cn/tos-cn-vd-0026/oc5CAkneOJfRLBAxiDrc7DMGAIfBaoAuCDtpAA/media-video-hvc1/?a=6383&ch=0&cr=8&dr=0&er=1&lr=default&cd=0%7C0%7C0%7C3&cv=1&br=231&bt=231&cs=4&ds=3&mime_type=video_mp4&qs=15&rc=aDU0ZjU4aTRkZTRmNjg8O0BpajY2ZHY5cnZ2NjMzNGkzM0AwXjBgLWBeNTYxXi5jXmI0YSMwZnA1MmRzZGFhLS1kLWFzcw%3D%3D&btag=80000e00028000&cquery=101r_100o&dy_q=1760969609&l=20251020221329FF810B6B17C3D024C6A3', 'https://v5-dy-o-abtest.zjcdn.com/c7d3d3775e442f5956e6004a8940dac5/68f79548/video/tos/cn/tos-cn-vd-0026/oc5CAkneOJfRLBAxiDrc7DMGAIfBaoAuCDtpAA/media-video-hvc1/?a=6383&ch=0&cr=8&dr=0&er=1&lr=default&cd=0%7C0%7C0%7C3&cv=1&br=231&bt=231&cs=4&ds=3&mime_type=video_mp4&qs=15&rc=aDU0ZjU4aTRkZTRmNjg8O0BpajY2ZHY5cnZ2NjMzNGkzM0AwXjBgLWBeNTYxXi5jXmI0YSMwZnA1MmRzZGFhLS1kLWFzcw%3D%3D&btag=80000e00028000&cquery=101r_100o&dy_q=1760969609&l=20251020221329FF810B6B17C3D024C6A3', 'https://www.douyin.com/aweme/v1/play/dash/?video_id=v0d00fg10000d3dsgsvog65s8as3i33g&line=0&file_id=78e9a5f31ca14b9a81afc502cc31a23e&sign=b6373fdbd585093ca5280916ebe703be&is_play_url=1&source=PackSourceEnum_PUBLISH'], 'width': 720, 'height': 1280, 'url_key': 'v0d00fg10000d3dsgsvog65s8as3i33g_bytevc1_720p_236830', 'data_size': 1868977, 'file_hash': 'b6373fdbd585093ca5280916ebe703be'}, 'is_h265': 1, 'is_bytevc1': 1, 'HDR_type': '', 'HDR_bit': '', 'FPS': 30, 'video_extra': '{"PktOffsetMap":"","format":"dash","sub_info":"{\\"audio_channels\\":\\"2.0\\",\\"audio_layout\\":\\"C\\",\\"audio_sample_rate\\":\\"44100\\",\\"base_range_info\\":{\\"first_moof_range\\":\\"1281-3060\\",\\"index_range\\":\\"1129-1280\\",\\"init_range\\":\\"0-1128\\"},\\"check_info\\":{\\"check_info\\":\\"a:v0d00fg10000d3dsgsvog65s8as3i33g|b:0-1280-2837d298402818472e45ac6bdaa0a87d|c:0-1280-be0a\\"},\\"first_segment_range\\":\\"1281-192133\\",\\"gear_des_key\\":\\"0:DASH|1:normal|2:h265_hvc1|4:720p|5:adapt_lowest|10000:105\\",\\"quality_type\\":15}","definition":"720p","quality":"adapt_lowest","quality_desc":"","file_id":"78e9a5f31ca14b9a81afc502cc31a23e","real_bitrate":290236,"audio_file_id":"25c0e9123367e83c7690e571666fae0b","applog_map":{"feature_id":"b38008770b4e09863331b14b26bcdc23"},"mvmaf":"{\\"mvmaf_sr_v1080\\":97.692,\\"mvmaf_sr_v960\\":98.798,\\"mvmaf_sr_v864\\":99.136,\\"mvmaf_sr_v720\\":99.427,\\"mvmaf_ori_v1080\\":87.452,\\"mvmaf_ori_v960\\":90.283,\\"mvmaf_ori_v864\\":91.574,\\"mvmaf_ori_v720\\":94.718}","ufq":"{\\"enh\\":93.385,\\"playback\\":{\\"ori\\":84.837,\\"srv1\\":92.487},\\"src\\":93.385,\\"trans\\":84.837,\\"version\\":\\"v1.0\\"}","audio_metrics":null,"audio_score":null}', 'format': 'dash'}, {'gear_name': 'adapt_540_1', 'quality_type': 28, 'bit_rate': 209061, 'play_addr': {'uri': 'v0d00fg10000d3dsgsvog65s8as3i33g', 'url_list': ['https://v5-dy-o-abtest.zjcdn.com/38f9bfdcfbdc8da7bf29dd7a74b6458a/68f79548/video/tos/cn/tos-cn-vd-0026/ogAgQe7QBgD3Hi8QA5iAN195DBf7oAAIi6grA2/media-video-hvc1/?a=6383&ch=0&cr=8&dr=0&er=1&lr=default&cd=0%7C0%7C0%7C3&cv=1&br=204&bt=204&cs=4&ds=6&mime_type=video_mp4&qs=11&rc=aDRnZ2g7aWllMzlpNTU1ZEBpajY2ZHY5cnZ2NjMzNGkzM0BgLjExXjU2NTExMi0xLmMtYSMwZnA1MmRzZGFhLS1kLWFzcw%3D%3D&btag=80000e00028000&cquery=101r_100o&dy_q=1760969609&l=20251020221329FF810B6B17C3D024C6A3', 'https://v5-dy-o-abtest.zjcdn.com/38f9bfdcfbdc8da7bf29dd7a74b6458a/68f79548/video/tos/cn/tos-cn-vd-0026/ogAgQe7QBgD3Hi8QA5iAN195DBf7oAAIi6grA2/media-video-hvc1/?a=6383&ch=0&cr=8&dr=0&er=1&lr=default&cd=0%7C0%7C0%7C3&cv=1&br=204&bt=204&cs=4&ds=6&mime_type=video_mp4&qs=11&rc=aDRnZ2g7aWllMzlpNTU1ZEBpajY2ZHY5cnZ2NjMzNGkzM0BgLjExXjU2NTExMi0xLmMtYSMwZnA1MmRzZGFhLS1kLWFzcw%3D%3D&btag=80000e00028000&cquery=101r_100o&dy_q=1760969609&l=20251020221329FF810B6B17C3D024C6A3', 'https://www.douyin.com/aweme/v1/play/dash/?video_id=v0d00fg10000d3dsgsvog65s8as3i33g&line=0&file_id=0af212420f56404b8f9f88ae4d4d11ce&sign=f7711f5d8beff4f128e160eb769a2858&is_play_url=1&source=PackSourceEnum_PUBLISH'], 'width': 576, 'height': 1024, 'url_key': 'v0d00fg10000d3dsgsvog65s8as3i33g_bytevc1_540p_209061', 'data_size': 1649834, 'file_hash': 'f7711f5d8beff4f128e160eb769a2858'}, 'is_h265': 1, 'is_bytevc1': 1, 'HDR_type': '', 'HDR_bit': '', 'FPS': 30, 'video_extra': '{"PktOffsetMap":"","format":"dash","sub_info":"{\\"audio_channels\\":\\"2.0\\",\\"audio_layout\\":\\"C\\",\\"audio_sample_rate\\":\\"44100\\",\\"base_range_info\\":{\\"first_moof_range\\":\\"1281-3060\\",\\"index_range\\":\\"1129-1280\\",\\"init_range\\":\\"0-1128\\"},\\"check_info\\":{\\"check_info\\":\\"a:v0d00fg10000d3dsgsvog65s8as3i33g|b:0-1280-2d6ce1f084731d58044bb77c00aeec72|c:0-1280-088c\\"},\\"first_segment_range\\":\\"1281-168364\\",\\"gear_des_key\\":\\"0:DASH|1:normal|2:h265_hvc1|4:540p|5:adapt|10000:105\\",\\"quality_type\\":28}","definition":"540p","quality":"adapt","quality_desc":"","file_id":"0af212420f56404b8f9f88ae4d4d11ce","real_bitrate":265566,"audio_file_id":"25c0e9123367e83c7690e571666fae0b","applog_map":{"feature_id":"b38008770b4e09863331b14b26bcdc23"},"mvmaf":"{\\"mvmaf_sr_v1080\\":95.138,\\"mvmaf_sr_v960\\":97.337,\\"mvmaf_sr_v864\\":97.763,\\"mvmaf_sr_v720\\":98.628,\\"mvmaf_ori_v1080\\":82.716,\\"mvmaf_ori_v960\\":86.178,\\"mvmaf_ori_v864\\":87.746,\\"mvmaf_ori_v720\\":90.896}","ufq":"{\\"enh\\":93.385,\\"playback\\":{\\"ori\\":80.672,\\"srv1\\":91.977},\\"src\\":93.385,\\"trans\\":80.672,\\"version\\":\\"v1.0\\"}","audio_metrics":null,"audio_score":null}', 'format': 'dash'}, {'gear_name': 'adapt_lower_540_1', 'quality_type': 21, 'bit_rate': 176371, 'play_addr': {'uri': 'v0d00fg10000d3dsgsvog65s8as3i33g', 'url_list': ['https://v5-dy-o-abtest.zjcdn.com/07bf1557f3a7d0a8a835955b76af50db/68f79548/video/tos/cn/tos-cn-vd-0026/o0iQ5A2o2A75AD5Ai8reD9pBN0ifgFgAAQHgIB/media-video-hvc1/?a=6383&ch=0&cr=8&dr=0&er=1&lr=default&cd=0%7C0%7C0%7C3&cv=1&br=172&bt=172&cs=4&ds=6&mime_type=video_mp4&qs=14&rc=PDNoZGkzZWk1ZTQ6ZWQ5ZkBpajY2ZHY5cnZ2NjMzNGkzM0AxLy1hLy0yXi4xMDYxYi00YSMwZnA1MmRzZGFhLS1kLWFzcw%3D%3D&btag=80000e00028000&cquery=101r_100o&dy_q=1760969609&l=20251020221329FF810B6B17C3D024C6A3', 'https://v5-dy-o-abtest.zjcdn.com/07bf1557f3a7d0a8a835955b76af50db/68f79548/video/tos/cn/tos-cn-vd-0026/o0iQ5A2o2A75AD5Ai8reD9pBN0ifgFgAAQHgIB/media-video-hvc1/?a=6383&ch=0&cr=8&dr=0&er=1&lr=default&cd=0%7C0%7C0%7C3&cv=1&br=172&bt=172&cs=4&ds=6&mime_type=video_mp4&qs=14&rc=PDNoZGkzZWk1ZTQ6ZWQ5ZkBpajY2ZHY5cnZ2NjMzNGkzM0AxLy1hLy0yXi4xMDYxYi00YSMwZnA1MmRzZGFhLS1kLWFzcw%3D%3D&btag=80000e00028000&cquery=101r_100o&dy_q=1760969609&l=20251020221329FF810B6B17C3D024C6A3', 'https://www.douyin.com/aweme/v1/play/dash/?video_id=v0d00fg10000d3dsgsvog65s8as3i33g&line=0&file_id=7c06ea4b97314b12af5b002fda0e2049&sign=0d5b7a10dcd346ac1f075caafe52ac5b&is_play_url=1&source=PackSourceEnum_PUBLISH'], 'width': 576, 'height': 1024, 'url_key': 'v0d00fg10000d3dsgsvog65s8as3i33g_bytevc1_540p_176371', 'data_size': 1391853, 'file_hash': '0d5b7a10dcd346ac1f075caafe52ac5b'}, 'is_h265': 1, 'is_bytevc1': 1, 'HDR_type': '', 'HDR_bit': '', 'FPS': 30, 'video_extra': '{"PktOffsetMap":"","format":"dash","sub_info":"{\\"audio_channels\\":\\"2.0\\",\\"audio_layout\\":\\"C\\",\\"audio_sample_rate\\":\\"44100\\",\\"base_range_info\\":{\\"first_moof_range\\":\\"1281-3060\\",\\"index_range\\":\\"1129-1280\\",\\"init_range\\":\\"0-1128\\"},\\"check_info\\":{\\"check_info\\":\\"a:v0d00fg10000d3dsgsvog65s8as3i33g|b:0-1280-21a18c4899e7023066dc56f22c2681a9|c:0-1280-2e9a\\"},\\"first_segment_range\\":\\"1281-139046\\",\\"gear_des_key\\":\\"0:DASH|1:normal|2:h265_hvc1|4:540p|5:adapt_lower|10000:105\\",\\"quality_type\\":21}","definition":"540p","quality":"adapt_lower","quality_desc":"","file_id":"7c06ea4b97314b12af5b002fda0e2049","real_bitrate":229054,"audio_file_id":"25c0e9123367e83c7690e571666fae0b","applog_map":{"feature_id":"2ec60419b2ec858b9b1eae59874b17b0"},"mvmaf":"{\\"mvmaf_sr_v1080\\":93.92,\\"mvmaf_sr_v960\\":96.216,\\"mvmaf_sr_v864\\":96.895,\\"mvmaf_sr_v720\\":97.963,\\"mvmaf_ori_v1080\\":81.555,\\"mvmaf_ori_v960\\":85.034,\\"mvmaf_ori_v864\\":86.902,\\"mvmaf_ori_v720\\":90.162}","audio_metrics":null,"audio_score":null}', 'format': 'dash'}], 'duration': 63136, 'play_addr_265': {'uri': 'v0d00fg10000d3dsgsvog65s8as3i33g', 'url_list': ['https://v5-dy-o-abtest.zjcdn.com/123a2d85bae374d693f247468934b155/68f66df8/video/tos/cn/tos-cn-ve-15/oYQL29Bo22iQhFy54O7D3ggANGAfAzhfBIDXE8/?a=6383&ch=10010&cr=3&dr=0&lr=all&cd=0%7C0%7C0%7C3&cv=1&br=259&bt=259&cs=2&ds=6&ft=c2YTctGHQPRUZxfusdr~kwPqYldQIKDEE-TerrNqq_45a&mime_type=video_mp4&qs=11&rc=ZDc8Nzc7aTw4aDxlZDxoPEBpajY2ZHY5cnZ2NjMzNGkzM0A0LmE2LzNhNWAxNWIuMTVeYSMwZnA1MmRzZGFhLS1kLWFzcw%3D%3D&btag=80000e00028000&cquery=100H_100K_100o_101r_100B&dy_q=1760969609&feature_id=b38008770b4e09863331b14b26bcdc23&l=20251020221329FF810B6B17C3D024C6A3', 'https://v5-dy-o-abtest.zjcdn.com/123a2d85bae374d693f247468934b155/68f66df8/video/tos/cn/tos-cn-ve-15/oYQL29Bo22iQhFy54O7D3ggANGAfAzhfBIDXE8/?a=6383&ch=10010&cr=3&dr=0&lr=all&cd=0%7C0%7C0%7C3&cv=1&br=259&bt=259&cs=2&ds=6&ft=c2YTctGHQPRUZxfusdr~kwPqYldQIKDEE-TerrNqq_45a&mime_type=video_mp4&qs=11&rc=ZDc8Nzc7aTw4aDxlZDxoPEBpajY2ZHY5cnZ2NjMzNGkzM0A0LmE2LzNhNWAxNWIuMTVeYSMwZnA1MmRzZGFhLS1kLWFzcw%3D%3D&btag=80000e00028000&cquery=101r_100B_100H_100K_100o&dy_q=1760969609&feature_id=b38008770b4e09863331b14b26bcdc23&l=20251020221329FF810B6B17C3D024C6A3', 'https://www.douyin.com/aweme/v1/play/?video_id=v0d00fg10000d3dsgsvog65s8as3i33g&line=0&file_id=a98e491aeb894ec589df682494d9147a&sign=017c35e0ad303de115f1336268f10ae0&is_play_url=1&source=PackSourceEnum_PUBLISH'], 'width': 576, 'height': 1024, 'url_key': 'v0d00fg10000d3dsgsvog65s8as3i33g_bytevc1_540p_265566', 'data_size': 2095848, 'file_hash': '017c35e0ad303de115f1336268f10ae0', 'file_cs': 'c:0-53574-298d|a:v0d00fg10000d3dsgsvog65s8as3i33g'}, 'bit_rate_audio': [{'audio_meta': {'url_list': {'main_url': 'https://v5-dy-o-abtest.zjcdn.com/b9096f74fb1b7241dd61728bfb5af1c5/68f79548/video/tos/cn/tos-cn-vd-0026/o4ABfzRgNrAFOE8mHU9G42fXAhDHABAAyAwohO/media-audio-und-mp4a/?a=6383&ch=0&cr=8&dr=0&er=1&lr=default&cd=0%7C0%7C0%7C3&cv=1&br=52&bt=52&cs=0&mime_type=video_mp4&qs=12&rc=ZWhpOTQ4MzlmOzo2NTwzOEBpajY2ZHY5cnZ2NjMzNGkzM0AtXjMzNGI2NDBiMzAuYmAvYSMwZnA1MmRzZGFhLS1kLWFzcw%3D%3D&btag=80000e00028000&cquery=101r_100o&dy_q=1760969609&l=20251020221329FF810B6B17C3D024C6A3', 'backup_url': 'https://v5-dy-o-abtest.zjcdn.com/b9096f74fb1b7241dd61728bfb5af1c5/68f79548/video/tos/cn/tos-cn-vd-0026/o4ABfzRgNrAFOE8mHU9G42fXAhDHABAAyAwohO/media-audio-und-mp4a/?a=6383&ch=0&cr=8&dr=0&er=1&lr=default&cd=0%7C0%7C0%7C3&cv=1&br=52&bt=52&cs=0&mime_type=video_mp4&qs=12&rc=ZWhpOTQ4MzlmOzo2NTwzOEBpajY2ZHY5cnZ2NjMzNGkzM0AtXjMzNGI2NDBiMzAuYmAvYSMwZnA1MmRzZGFhLS1kLWFzcw%3D%3D&btag=80000e00028000&cquery=101r_100o&dy_q=1760969609&l=20251020221329FF810B6B17C3D024C6A3', 'fallback_url': 'https://www.douyin.com/aweme/v1/play/dash/?video_id=v0d00fg10000d3dsgsvog65s8as3i33g&line=0&file_id=25c0e9123367e83c7690e571666fae0b&sign=25c0e9123367e83c7690e571666fae0b&is_play_url=1&source=PackSourceEnum_PUBLISH'}, 'encoded_type': 'normal', 'media_type': 'audio', 'logo_type': '', 'quality': 'adapt_low', 'quality_desc': '', 'format': 'dash', 'bitrate': 53406, 'codec_type': 'h264', 'size': 421476, 'fps': 0, 'file_id': '25c0e9123367e83c7690e571666fae0b', 'file_hash': '25c0e9123367e83c7690e571666fae0b', 'sub_info': '{"audio_channels":"2.0","audio_layout":"C","audio_sample_rate":"44100","base_range_info":{"index_range":"870-997","init_range":"0-869"},"check_info":{"check_info":"a:v0d00fg10000d3dsgsvog65s8as3i33g|b:0-997-69596829f34bd48e60f7175156c2dee8|c:0-997-1b0d"},"first_segment_range":"998-54688","gear_des_key":"0:dash|1:normal|2:h264|5:adapt_low|10000:105"}'}, 'audio_quality': 6, 'audio_extra': '{"real_bitrate":369806}'}], 'play_addr_h264': {'uri': 'v0d00fg10000d3dsgsvog65s8as3i33g', 'url_list': ['https://v5-dy-o-abtest.zjcdn.com/266ccb5fc41133cc4514c4aabe77088f/68f66df8/video/tos/cn/tos-cn-ve-15/oAHQhQNBoBy8DO5iiE5elAIQAAgbf2Vgr9ETb5/?a=6383&ch=10010&cr=3&dr=0&lr=all&cd=0%7C0%7C0%7C3&cv=1&br=635&bt=635&cs=0&ds=3&ft=c2YTctGHQPRUZxfusdr~kwPqYldQIKDEE-TerrNqq_45a&mime_type=video_mp4&qs=0&rc=NjlnOmc0ZDo7NmQ6OjM4N0BpajY2ZHY5cnZ2NjMzNGkzM0BgLmFjXzJjX2MxYTIyMjQ0YSMwZnA1MmRzZGFhLS1kLWFzcw%3D%3D&btag=80000e00028000&cquery=100K_100o_101r_100B_100H&dy_q=1760969609&feature_id=fea919893f650a8c49286568590446ef&l=20251020221329FF810B6B17C3D024C6A3', 'https://v5-dy-o-abtest.zjcdn.com/266ccb5fc41133cc4514c4aabe77088f/68f66df8/video/tos/cn/tos-cn-ve-15/oAHQhQNBoBy8DO5iiE5elAIQAAgbf2Vgr9ETb5/?a=6383&ch=10010&cr=3&dr=0&lr=all&cd=0%7C0%7C0%7C3&cv=1&br=635&bt=635&cs=0&ds=3&ft=c2YTctGHQPRUZxfusdr~kwPqYldQIKDEE-TerrNqq_45a&mime_type=video_mp4&qs=0&rc=NjlnOmc0ZDo7NmQ6OjM4N0BpajY2ZHY5cnZ2NjMzNGkzM0BgLmFjXzJjX2MxYTIyMjQ0YSMwZnA1MmRzZGFhLS1kLWFzcw%3D%3D&btag=80000e00028000&cquery=100B_100H_100K_100o_101r&dy_q=1760969609&feature_id=fea919893f650a8c49286568590446ef&l=20251020221329FF810B6B17C3D024C6A3', 'https://www.douyin.com/aweme/v1/play/?video_id=v0d00fg10000d3dsgsvog65s8as3i33g&line=0&file_id=7475505757da43f8b7fa51bdf7dd16c3&sign=9621c22f7557dd09e3a757bb9c1aefe4&is_play_url=1&source=PackSourceEnum_PUBLISH'], 'width': 720, 'height': 1280, 'url_key': 'v0d00fg10000d3dsgsvog65s8as3i33g_h264_720p_650590', 'data_size': 5134462, 'file_hash': '9621c22f7557dd09e3a757bb9c1aefe4', 'file_cs': 'c:0-70061-651a|a:v0d00fg10000d3dsgsvog65s8as3i33g'}, 'raw_cover': {'uri': 'tos-cn-i-dy/39d68f16fd574016b3b01623678cdc70', 'url_list': ['https://p3-pc-sign.douyinpic.com/tos-cn-i-dy/39d68f16fd574016b3b01623678cdc70~tplv-dy-cropcenter:323:430.jpeg?lk3s=138a59ce&x-expires=2076328800&x-signature=%2BgCj%2B2PSA2%2BiV1LQAj2Hm7b6CZk%3D&from=327834062&s=PackSourceEnum_PUBLISH&se=true&sh=323_430&sc=cover&biz_tag=pcweb_cover&l=20251020221329FF810B6B17C3D024C6A3', 'https://p3-pc-sign.douyinpic.com/obj/tos-cn-i-dy/39d68f16fd574016b3b01623678cdc70?lk3s=138a59ce&x-expires=2076328800&x-signature=qgNOoo%2BAT205mTPM046adiEUd84%3D&from=327834062&s=PackSourceEnum_PUBLISH&se=false&sc=cover&biz_tag=pcweb_cover&l=20251020221329FF810B6B17C3D024C6A3'], 'width': 720, 'height': 720}, 'is_long_video': 1, 'animated_cover': {'uri': 'tos-cn-i-dy/39d68f16fd574016b3b01623678cdc70', 'url_list': ['https://p3-pc-sign.douyinpic.com/obj/tos-cn-i-dy/39d68f16fd574016b3b01623678cdc70?lk3s=138a59ce&x-expires=1762178400&x-signature=Zou4DZ1%2BnIt26855%2BhiWxdlXx%2Bo%3D&from=327834062_large&s=PackSourceEnum_PUBLISH&se=false&sc=dynamic_cover&biz_tag=pcweb_cover&l=20251020221329FF810B6B17C3D024C6A3', 'https://p9-pc-sign.douyinpic.com/obj/tos-cn-i-dy/39d68f16fd574016b3b01623678cdc70?lk3s=138a59ce&x-expires=1762178400&x-signature=6kfvvNZQhO2jRWbagq%2F%2FI1nKfpY%3D&from=327834062_large&s=PackSourceEnum_PUBLISH&se=false&sc=dynamic_cover&biz_tag=pcweb_cover&l=20251020221329FF810B6B17C3D024C6A3']}, 'gaussian_cover': {'uri': 'tos-cn-p-0015/oUB9AyG2jFfqhA8BQoED4RfOQxlqghBXANbzy9', 'url_list': ['https://p3-pc-sign.douyinpic.com/tos-cn-p-0015/oUB9AyG2jFfqhA8BQoED4RfOQxlqghBXANbzy9~tplv-tsj2vxp0zn-gaosi:40.jpeg?lk3s=138a59ce&x-expires=1792504800&x-signature=ytzrQgGZPHBr5cS6H3wmUIF883w%3D&from=327834062', 'https://p9-pc-sign.douyinpic.com/tos-cn-p-0015/oUB9AyG2jFfqhA8BQoED4RfOQxlqghBXANbzy9~tplv-tsj2vxp0zn-gaosi:40.jpeg?lk3s=138a59ce&x-expires=1792504800&x-signature=2gBPmeh%2FeoNKg1rXEBQDue0%2FMRY%3D&from=327834062'], 'width': 720, 'height': 720}, 'meta': '{"bright_ratio_mean":"0.3864","brightness_mean":"192.6616","diff_overexposure_ratio":"0.0015","enable_manual_ladder":"1","format":"mp4","gear_vqm":"{\\"1080p_720p\\":0,\\"720p_540p\\":1}","hrids":"500000002","is_spatial_video":"0","isad":"0","loudness":"-12.8","overexposure_ratio_mean":"0.2471","peak":"1","qprf":"1.000","sdgs":"[\\"normal_720_0\\",\\"low_720_0\\",\\"low_540_0\\",\\"adapt_low_540_0\\",\\"adapt_lowest_1080_1\\",\\"adapt_lowest_720_1\\",\\"adapt_540_1\\",\\"adapt_lower_540_1\\"]","sr_potential":"{\\"v1.0\\":{\\"score\\":60.908}}","sr_score":"1.000","std_brightness":"9.9398","strategy_tokens":"[\\"online\\",\\"sexp_0702_0819\\",\\"sexp_0701_0819\\",\\"sexp_reward01_0721\\",\\"sexp_reward02_0721\\"]","title_info":"{\\"avg_br_pc\\":220,\\"bottom_res_add\\":[1.78,0.86,0,30.96,48.64,0,0,0,0,0,0,0,0,0,0],\\"bullet_zone\\":17.67,\\"mean_br_l\\":[240.98,232.79,221.93,211.12,199.53,186.34],\\"pc60_br_l\\":[244.8,235.73,223.69,212.79,201.88,188.54],\\"progress_bar\\":[244,244,244],\\"ratio_br_l\\":[244.8,235.61,222.86,210.28,196.17,180.11],\\"ratio_br_l_thre220\\":[0.98,0.8,0.61,0.48,0.4,0.35],\\"ratio_edge_l\\":[0,0,0,0.14,0.12,0.1],\\"std_br_l\\":[30.36,24.06,17.17,13.5,12.24,13.59],\\"top_res_add\\":[0,0,0,0,27.55,42.96,18.64],\\"version\\":\\"v1.0\\"}","volume_info":"{\\"LoudnessRangeEnd\\":-11.6,\\"Peak\\":1,\\"Version\\":2,\\"Loudness\\":-12.8,\\"LoudnessRange\\":2.8,\\"LoudnessRangeStart\\":-14.4,\\"MaximumMomentaryLoudness\\":-7,\\"MaximumShortTermLoudness\\":-10.2,\\"Metrics\\":{\\"Loudness\\":{\\"Integrated\\":-12.811},\\"Phase\\":{\\"RMSDownmixDiff\\":-0.075},\\"RMSStats\\":{\\"LRDiff\\":-0.135,\\"LTotal\\":-16.109,\\"Peak\\":0.205,\\"RTotal\\":-15.973},\\"Version\\":\\"1.4.2\\"}}","vqs_origin":"75.41"}', 'video_model': '', 'is_source_HDR': 0, 'use_static_cover': True, 'big_thumbs': [{'img_num': 63, 'uri': 'tos-cn-p-0015/oQOgJeMuGBeRL4DBn3Ik5tgjtCagCckAxf7rDA', 'img_url': 'https://p3-sign.douyinpic.com/tos-cn-p-0015/oQOgJeMuGBeRL4DBn3Ik5tgjtCagCckAxf7rDA~tplv-noop.image?cquery=100K_100o_101r_100B_100H&dy_q=1760969609&l=20251020221329FF810B6B17C3D024C6A3&x-expires=1760980472&x-signature=nIGqK4CJHbP23dHLHPMd0nuQddk%3D', 'img_x_size': 136, 'img_y_size': 240, 'img_x_len': 5, 'img_y_len': 5, 'duration': 63.13333, 'interval': 1, 'fext': 'jpg', 'uris': ['tos-cn-p-0015/oQOgJeMuGBeRL4DBn3Ik5tgjtCagCckAxf7rDA', 'tos-cn-p-0015/oIf9IAQQH85TbqrbDOB9I6gygCiRAoAe25BNSi', 'tos-cn-p-0015/oAGFOAByQU9Nmh1zQf4h3Q8BojzkXDfS2CEgAA'], 'img_urls': ['https://p3-sign.douyinpic.com/tos-cn-p-0015/oQOgJeMuGBeRL4DBn3Ik5tgjtCagCckAxf7rDA~tplv-noop.image?cquery=100K_100o_101r_100B_100H&dy_q=1760969609&l=20251020221329FF810B6B17C3D024C6A3&x-expires=1760980472&x-signature=nIGqK4CJHbP23dHLHPMd0nuQddk%3D', 'https://p3-sign.douyinpic.com/tos-cn-p-0015/oIf9IAQQH85TbqrbDOB9I6gygCiRAoAe25BNSi~tplv-noop.image?cquery=100K_100o_101r_100B_100H&dy_q=1760969609&l=20251020221329FF810B6B17C3D024C6A3&x-expires=1760980472&x-signature=j%2BtE3djozj42EgHF0jDGI7LJix4%3D', 'https://p3-sign.douyinpic.com/tos-cn-p-0015/oAGFOAByQU9Nmh1zQf4h3Q8BojzkXDfS2CEgAA~tplv-noop.image?cquery=100K_100o_101r_100B_100H&dy_q=1760969609&l=20251020221329FF810B6B17C3D024C6A3&x-expires=1760980472&x-signature=15CRrameVru9Srpt2dmU08rOA4o%3D']}]}, 'item_aigc_follow_shot': 1, 'user_digged': 0, 'statistics': {'recommend_count': 2, 'comment_count': 0, 'digg_count': 53, 'admire_count': 0, 'play_count': 0, 'share_count': 13, 'collect_count': 14}, 'status': {'not_allow_soft_del_reason': 'ab', 'is_delete': False, 'allow_share': True, 'review_result': {'review_status': 0}, 'allow_friend_recommend_guide': True, 'part_see': 0, 'private_status': 0, 'listen_video_status': 2, 'in_reviewing': False, 'allow_self_recommend_to_friend': True, 'allow_friend_recommend': True, 'is_prohibited': False, 'enable_soft_delete': 0}, 'personal_page_botton_diagnose_style': 0, 'text_extra': [], 'is_top': 0, 'game_tag_info': {'is_game': False}, 'share_info': {'share_url': 'https://www.iesdouyin.com/share/video/7555853802448997667/?region=US&mid=7555853929068169994&u_code=0&did=MS4wLjABAAAAvCMmrvAxedjvycgJ9K0iX5KdtDHpyq-etIWoeicy6xniB0XMxRYv3S-CyP_GdsPs&iid=MS4wLjABAAAANwkJuWIRFOzg5uCpDRpMj4OX-QryoDgn-yYlXQnRwQQ&with_sec_did=1&video_share_track_ver=&titleType=title&share_sign=k0sa_0FamURRsy_VOGMluky49XQbQ_GUD0hV.kLhgh8-&share_version=290100&ts=1760969609&from_aid=6383&from_ssr=1&share_track_info=%7B%22link_description_type%22%3A%22%22%7D', 'share_link_desc': '3.89 jpd:/ 10/07 O@K.ws 对孩子发火后总内疚？学会这一点告别内疚 你爱孩子，这是不变的；但情绪是你生命的语言——它在告诉你：该照顾自己了。 # 幼儿教育# 父母课堂# 育儿# 亲子关系# 家庭教育# 孙瑞雪  %s 复制此链接，打开Dou音搜索，直接观看视频！'}, 'nearby_hot_comment': None, 'video_labels': None, 'entertainment_video_paid_way': {'paid_ways': [], 'paid_type': 0, 'enable_use_new_ent_data': False}, 'is_ads': False, 'duration': 63136, 'aweme_type': 0, 'select_anchor_expanded_content': 0, 'ai_follow_images': None, 'image_infos': None, 'risk_infos': {'vote': False, 'warn': False, 'risk_sink': False, 'type': 0, 'content': ''}, 'galileo_pad_textcrop': {'ipad_d_h_cut_ratio': [4, 4], 'ipad_d_v_cut_ratio': [2, 2], 'android_d_h_cut_ratio': [4], 'android_d_v_cut_ratio': None, 'version': 1}, 'ent_log_extra': {'log_extra': '{"global_log_extra":null,"page_log_extra":null,"aweme_log_extra":{"ce_current_group_id":"7555853802448997667","author_id":"1965574329213736"},"extra_log_extra":null}'}, 'position': None, 'uniqid_position': None, 'comment_list': None, 'author_user_id': 1965574329213736, 'product_genre_info': {'product_genre_type': 2, 'material_genre_sub_type_set': [4], 'special_info': {'recommend_group_name': 0}}, 'geofencing': [], 'series_basic_info': {}, 'is_moment_history': 0, 'region': '', 'video_text': None, 'trends_infos': None, 'collect_stat': 0, 'label_top_text': None, 'promotions': [], 'group_id': '7555853802448997667', 'prevent_download': False, 'nickname_position': None, 'challenge_position': None, 'entertainment_video_type': 3, 'is_24_story': 0, 'enable_comment_sticker_rec': False, 'long_video': None, 'shoot_way': '', 'trends_event_track': '{}', 'video_share_edit_status': 0, 'follow_shoot_clip_info': {'clip_video_all': 7555853929068169994, 'clip_from_user': 7555853929068169994}, 'interaction_stickers': None, 'publish_plus_alienation': {'alienation_type': 0}, 'origin_comment_ids': None, 'commerce_config_data': None, 'caption_template_id': 0, 'video_control': {'allow_download': False, 'share_type': 0, 'show_progress_bar': 1, 'draft_progress_bar': 1, 'allow_duet': True, 'allow_react': False, 'prevent_download_type': 2, 'allow_dynamic_wallpaper': False, 'timer_status': 1, 'allow_music': True, 'allow_stitch': False, 'allow_douplus': True, 'allow_share': True, 'share_grayed': False, 'download_ignore_visibility': False, 'duet_ignore_visibility': False, 'share_ignore_visibility': False, 'download_info': {'level': 1, 'fail_info': {'code': 290002, 'reason': 'isolation_content', 'msg': '视频暂时无法保存，链接已复制'}}, 'duet_info': {'level': 0}, 'allow_record': True, 'disable_record_reason': '', 'timer_info': {'public_time': 1759658400, 'timer_status': 0}}, 'aweme_control': {'can_forward': True, 'can_share': True, 'can_comment': True, 'can_show_comment': True}, 'douplus_user_type': 0, 'is_25_story': 0, 'can_cache_to_local': True, 'is_moment_story': 0, 'anchors': None, 'hybrid_label': None, 'geofencing_regions': None, 'interest_points': None, 'aweme_acl': {'download_mask_panel': {'code': 1, 'show_type': 0}}, 'aweme_type_tags': '', 'is_story': 0, 'component_control': {'data_source_url': '/aweme/v1/web/aweme/post/'}, 'flash_mob_trends': 0, 'follow_shot_assets': None, 'cover_labels': None, 'is_new_text_mode': 0, 'mv_info': None, 'guide_btn_type': 0, 'is_from_ad_auth': False, 'origin_duet_resource_uri': '', 'images': None, 'relation_labels': None, 'cf_assets_type': 0, 'impression_data': {'group_id_list_a': [], 'group_id_list_b': [], 'similar_id_list_a': None, 'similar_id_list_b': None, 'group_id_list_c': [], 'group_id_list_d': []}, 'aweme_listen_struct': {'trace_info': '{"copyright_not_speech":"false","copyright_reason":"has_listen_cp_new","copyright_tag_hit":"","copyright_use_aed_default":"false","copyright_use_tag_default":"false","cp_ab":"true","desc":"","duration_over":"false","hit_high_risk":"false","media_type":"4","reason":"hit_ab_0","show":"false"}'}, 'chapter_bar_color': None, 'libfinsert_task_id': '', 'social_tag_list': None, 'suggest_words': {'suggest_words': [{'words': [], 'scene': 'detail_inbox_rex', 'icon_url': '', 'hint_text': '', 'extra_info': '{}'}]}, 'show_follow_button': {}, 'duet_aggregate_in_music_tab': False, 'is_duet_sing': False, 'comment_permission_info': {'comment_permission_status': 0, 'can_comment': True, 'item_detail_entry': False, 'press_entry': False, 'toast_guide': False}, 'original_images': None, 'series_paid_info': {'series_paid_status': 0, 'item_price': 0}, 'img_bitrate': None, 'comment_gid': 7555853802448997667, 'image_album_music_info': {'begin_time': -1, 'end_time': -1, 'volume': -1}, 'video_tag': [{'tag_id': 2024, 'tag_name': '亲子', 'level': 1}, {'tag_id': 2024006, 'tag_name': '母婴', 'level': 2}, {'tag_id': 2024006003, 'tag_name': '育儿知识', 'level': 3}], 'is_collects_selected': 0, 'chapter_list': None, 'feed_comment_config': {'input_config_text': '善语结善缘，恶言伤人心', 'author_audit_status': 0, 'common_flags': '{"item_author_nickname":"孙瑞雪聊教育","video_labels_v2_tag1":"母婴","video_labels_v2_tag2":"育儿理念"}'}, 'is_image_beat': False, 'dislike_dimension_list': None, 'standard_bar_info_list': None, 'photo_search_entrance': {'ecom_type': 0}, 'is_life_item': False, 'image_list': None, 'component_info_v2': '{"desc_lines_limit":0,"hide_marquee":false}', 'item_warn_notification': {'type': 0, 'show': False, 'content': ''}, 'origin_text_extra': None, 'disable_relation_bar': 0, 'packed_clips': None, 'vtag_search': {'vtag_enable': True, 'vtag_delay_ts': 73136}, 'author_mask_tag': 0, 'user_recommend_status': 1, 'collection_corner_mark': 0, 'is_share_post': False, 'image_comment': {}, 'visual_search_info': {'visual_search_longpress': 1, 'is_show_img_entrance': False, 'is_ecom_img': False, 'is_high_accuracy_ecom': False, 'is_high_recall_ecom': False}, 'tts_id_list': None, 'ref_tts_id_list': None, 'voice_modify_id_list': None, 'ref_voice_modify_id_list': None, 'authentication_token': 'MS4wLjAAAAAAJLjTeG-i4d29etYgKmPnouz455uwv0r-N83xIxMhEOjGXVq3q1rbeNm5yZjTLkcg8jbq-b6aiNswRdkii7CAPCFVaMENVljLNae8Prtr1xpBfD4_z8pIPjEk1ehE9KwPNNqZTMoEPllkoMfMH2gzX0LCh1V3eSr6Ery3y-7pKQv59yBObw4YsOprdyofZYECmlLBVjJ35dVxMKdYE6tG6f31lG36lLZzXZjceZMouHnaA359d7KwrOKtghAqWjYl', 'video_game_data_channel_config': {}, 'dislike_dimension_list_v2': None, 'distribute_circle': {'distribute_type': 0, 'campus_block_interaction': False, 'is_campus': False}, 'image_crop_ctrl': 0, 'yumme_recreason': None, 'slides_music_beats': None, 'jump_tab_info_list': None, 'media_type': 4, 'reply_smart_emojis': None, 'activity_video_type': -1, 'boost_status': 0, 'create_scale_type': None, 'entertainment_product_info': {'sub_title': None, 'market_info': {'limit_free': {'in_free': False}, 'marketing_tag': None}}, 'caption': '你爱孩子，这是不变的；但情绪是你生命的语言——它在告诉你：该照顾自己了。\n\n#幼儿教育#父母课堂#育儿#亲子关系#家庭教育#孙瑞雪', 'item_title': '对孩子发火后总内疚？学会这一点告别内疚', 'is_use_music': False, 'original': 0, 'xigua_base_info': {'status': 0, 'star_altar_order_id': 0, 'star_altar_type': 0, 'item_id': 0}, 'mark_largely_following': False, 'friend_recommend_info': {'friend_recommend_source': 10, 'label_user_list': None, 'disable_friend_recommend_guide_label': False}}, {'aweme_id': '7555852940007804200', 'desc': '讨好、自卑、不配得？如果不想孩子这样请给Ta爱 其实孩子要的很简单：一个拥抱，一个亲吻，一句"你很棒"，就足够了。 \n#幼儿教育#父母课堂#育儿#亲子关系#家庭教育#孙瑞雪', 'create_time': 1759572000, 'author': {'uid': '1965574329213736', 'card_entries_not_display': None, 'nickname': '孙瑞雪聊教育', 'personal_tag_list': None, 'homepage_bottom_toast': None, 'avatar_thumb': {'uri': '100x100/aweme-avatar/tos-cn-avt-0015_afee5b125df955a19af4c41159ad1295', 'url_list': ['https://p3-pc.douyinpic.com/aweme/100x100/aweme-avatar/tos-cn-avt-0015_afee5b125df955a19af4c41159ad1295.jpeg?from=327834062'], 'width': 720, 'height': 720}, 'batch_unfollow_contain_tabs': None, 'not_seen_item_id_list': None, 'follow_status': 0, 'contrail_list': None, 'story_interactive': 0, 'data_label_list': None, 'custom_verify': '', 'follower_list_secondary_information_struct': None, 'display_info': None, 'interest_tags': None, 'account_cert_info': '{}', 'user_tags': None, 'share_info': {'share_url': '', 'share_weibo_desc': '', 'share_desc': '', 'share_title': '', 'share_qrcode_url': {'uri': '31b0500316c4e154852bc', 'url_list': ['https://p3-pc-sign.douyinpic.com/obj/31b0500316c4e154852bc?lk3s=138a59ce&x-expires=1760990400&x-signature=VnOegD8kfOkclbkCT%2BIUAVSkQl4%3D&from=327834062'], 'width': 720, 'height': 720}, 'share_title_myself': '', 'share_title_other': '', 'share_desc_info': ''}, 'can_set_geofencing': None, 'sec_uid': 'MS4wLjABAAAAnAFnkWlOm9jteymsi42fanYLMzfbqdGIwCILEUqDNmFyjfK9N8fSJdS_D2UWk_we', 'need_points': None, 'enterprise_verify_reason': '', 'is_ad_fake': False, 'story_ttl': 0, 'user_permissions': None, 'card_entries': None, 'creator_tag_list': None, 'offline_info_list': None, 'text_extra': None, 'card_sort_priority': None, 'prevent_download': False, 'special_people_labels': None, 'white_cover_url': None, 'endorsement_info_list': None, 'follower_status': 0, 'profile_mob_params': None, 'familiar_visitor_user': None, 'avatar_schema_list': None, 'cover_url': [{'uri': 'c8510002be9a3a61aad2', 'url_list': ['https://p3-pc-sign.douyinpic.com/obj/c8510002be9a3a61aad2?lk3s=138a59ce&x-expires=1762178400&x-signature=bEz6E0nbTH1458RtDsUU87G74Mk%3D&from=327834062'], 'width': 720, 'height': 720}], 'cf_list': None, 'im_role_ids': None, 'not_seen_item_id_list_v2': None, 'signature_extra': None, 'risk_notice_text': '', 'ban_user_functions': None, 'profile_component_disabled': None, 'verification_permission_ids': None, 'identity_labels': None, 'private_relation_list': None, 'link_item_list': None, 'batch_unfollow_relation_desc': None}, 'music': {'id': 7376172372692617243, 'id_str': '7376172372692617243', 'title': '唯美古风  空山新雨', 'author': 'Stan立', 'album': '唯美古风  空山新雨', 'cover_hd': {'uri': 'tos-cn-v-2774c002/oA6lLAfazIQFIGQebCIA9nGMAveLIBFtCASy3u', 'url_list': ['https://p3.douyinpic.com/aweme/1080x1080/tos-cn-v-2774c002/oA6lLAfazIQFIGQebCIA9nGMAveLIBFtCASy3u.jpeg', 'https://p6.douyinpic.com/aweme/1080x1080/tos-cn-v-2774c002/oA6lLAfazIQFIGQebCIA9nGMAveLIBFtCASy3u.jpeg'], 'width': 720, 'height': 720}, 'cover_large': {'uri': 'tos-cn-v-2774c002/oA6lLAfazIQFIGQebCIA9nGMAveLIBFtCASy3u', 'url_list': ['https://p3.douyinpic.com/aweme/720x720/tos-cn-v-2774c002/oA6lLAfazIQFIGQebCIA9nGMAveLIBFtCASy3u.jpeg', 'https://p6.douyinpic.com/aweme/720x720/tos-cn-v-2774c002/oA6lLAfazIQFIGQebCIA9nGMAveLIBFtCASy3u.jpeg'], 'width': 720, 'height': 720}, 'cover_medium': {'uri': 'tos-cn-v-2774c002/oA6lLAfazIQFIGQebCIA9nGMAveLIBFtCASy3u', 'url_list': ['https://p3.douyinpic.com/aweme/200x200/tos-cn-v-2774c002/oA6lLAfazIQFIGQebCIA9nGMAveLIBFtCASy3u.jpeg', 'https://p6.douyinpic.com/aweme/200x200/tos-cn-v-2774c002/oA6lLAfazIQFIGQebCIA9nGMAveLIBFtCASy3u.jpeg'], 'width': 720, 'height': 720}, 'cover_thumb': {'uri': 'tos-cn-v-2774c002/oA6lLAfazIQFIGQebCIA9nGMAveLIBFtCASy3u', 'url_list': ['https://p3.douyinpic.com/aweme/100x100/tos-cn-v-2774c002/oA6lLAfazIQFIGQebCIA9nGMAveLIBFtCASy3u.jpeg', 'https://p6.douyinpic.com/aweme/100x100/tos-cn-v-2774c002/oA6lLAfazIQFIGQebCIA9nGMAveLIBFtCASy3u.jpeg'], 'width': 720, 'height': 720}, 'play_url': {'uri': 'https://sf3-cdn-tos.douyinstatic.com/obj/tos-cn-ve-2774/o0F5IIwmXCk5AyBgE1TWCZ3BDe6fYF7Nt90gQD', 'url_list': ['https://sf3-cdn-tos.douyinstatic.com/obj/tos-cn-ve-2774/o0F5IIwmXCk5AyBgE1TWCZ3BDe6fYF7Nt90gQD', 'https://sf5-hl-cdn-tos.douyinstatic.com/obj/tos-cn-ve-2774/o0F5IIwmXCk5AyBgE1TWCZ3BDe6fYF7Nt90gQD'], 'width': 720, 'height': 720, 'url_key': '7376172372692617243'}, 'schema_url': '', 'source_platform': 10036, 'start_time': 0, 'end_time': 0, 'duration': 265, 'extra': '{"dsp_switch":0,"reviewed":0,"image_beats_url":"https://sf5-hl-cdn-tos.douyinstatic.com/obj/tos-cn-v-2774c002/o4wzmvO4aSgAisBAXEgAZroWQDAEIgJBijvIy","hotsoon_review_time":-1,"music_label_id":4424,"loudness":"-20.235464","has_edited":0,"beats":{"audio_effect_onset":"https://sf5-hl-cdn-tos.douyinstatic.com/obj/tos-cn-v-2774c002/oAFBIeU2A0wzFEeoMAEB8KLRauBsGRejChAuGA","beats_tracker":"https://sf5-hl-cdn-tos.douyinstatic.com/obj/tos-cn-v-2774c002/o4wzmvO4aSgAisBAXEgAZroWQDAEIgJBijvIy","energy_trace":"https://sf5-hl-ali-cdn-tos.douyinstatic.com/obj/tos-cn-v-2774c002/oI02GeeFaIQEEojwDAMALCWsE6zRFAcaBBJAeF","merged_beats":"https://sf5-hl-cdn-tos.douyinstatic.com/obj/tos-cn-v-2774c002/ocfsCZ6EAhZDAEKEjBFmCjBDg1DWAA4ofIbtIp"},"douyin_beats_info":{},"schedule_search_time":0,"is_red":0,"is_subsidy_exp":false,"aggregate_exempt_conf":[],"hit_high_follow_extend":false,"is_aed_music":0,"with_aed_model":0,"is_high_follow_user":false,"review_unshelve_reason":0,"cover_colors":{"rgb":[211,141,108]},"music_tagging":{"Languages":["non_vocal"],"Moods":["Healing","Miss","Memory","Chill","Calm"],"Genres":["Easy Listening"],"Themes":["Autumn"],"AEDs":["non_vocal"],"SingingVersions":["Seed"],"Instruments":null},"peak":"0.4778706","hit_high_follow_original":false,"hit_high_follow_auto":false}', 'user_count': 0, 'position': None, 'collect_stat': 0, 'status': 1, 'offline_desc': '', 'owner_nickname': '', 'is_original': False, 'mid': '7376172372692617243', 'binded_challenge_id': 0, 'redirect': False, 'is_restricted': False, 'author_deleted': False, 'is_del_video': False, 'is_video_self_see': False, 'owner_handle': '', 'author_position': None, 'prevent_download': False, 'strong_beat_url': {'uri': 'https://sf5-hl-cdn-tos.douyinstatic.com/obj/tos-cn-v-2774c002/o8zAZBZ9QIAx8iRA4iPVDNZEyWdAPr3ORw5sE', 'url_list': ['https://sf5-hl-cdn-tos.douyinstatic.com/obj/tos-cn-v-2774c002/o8zAZBZ9QIAx8iRA4iPVDNZEyWdAPr3ORw5sE', 'https://sf5-hl-ali-cdn-tos.douyinstatic.com/obj/tos-cn-v-2774c002/o8zAZBZ9QIAx8iRA4iPVDNZEyWdAPr3ORw5sE'], 'width': 720, 'height': 720}, 'unshelve_countries': None, 'prevent_item_download_status': 0, 'external_song_info': [], 'preview_start_time': 0, 'preview_end_time': 0, 'is_commerce_music': True, 'is_original_sound': False, 'audition_duration': 265, 'shoot_duration': 265, 'reason_type': 0, 'artists': [], 'lyric_short_position': None, 'mute_share': False, 'tag_list': None, 'dmv_auto_show': False, 'is_pgc': True, 'is_matched_metadata': False, 'is_audio_url_with_cookie': False, 'music_chart_ranks': None, 'can_background_play': True, 'music_status': 1, 'video_duration': 6000, 'pgc_music_type': 1, 'cover_color_hsv': {'h': 19, 's': 35, 'v': 83}, 'search_impr': {'entity_id': '7376172372692617243'}, 'song': {'id': 7376171428226533403, 'id_str': '7376171428226533403', 'title': '唯美古风  空山新雨', 'artists': None, 'chorus': {'start_ms': 140544, 'duration_ms': 98495}, 'chorus_v3_infos': None}, 'artist_user_infos': None, 'dsp_status': 10, 'musician_user_infos': None, 'music_image_beats': {'music_image_beats_url': {'uri': 'tos-cn-v-2774c002/o4wzmvO4aSgAisBAXEgAZroWQDAEIgJBijvIy', 'url_list': ['https://sf5-hl-cdn-tos.douyinstatic.com/obj/tos-cn-v-2774c002/o4wzmvO4aSgAisBAXEgAZroWQDAEIgJBijvIy'], 'width': 720, 'height': 720}}, 'music_collect_count': 0, 'music_cover_atmosphere_color_value': '', 'show_origin_clip': False}, 'effect_inflow_effects': None, 'video': {'play_addr': {'uri': 'v0200fg10000d3dsenvog65oubs5enbg', 'url_list': ['https://v5-dy-o-abtest.zjcdn.com/42925ebca6b27ab9f8f43c7075110950/68f66df1/video/tos/cn/tos-cn-ve-15/osEEgi4Q9OhIoAyfbDX2TeHOvXjBABivC8RAqX/?a=6383&ch=10010&cr=3&dr=0&lr=all&cd=0%7C0%7C0%7C3&cv=1&br=586&bt=586&cs=0&ds=3&ft=c2YTctGHQPRUZxfusdr~kwPqYldQIKDEE-TerrNqq_45a&mime_type=video_mp4&qs=0&rc=OzYzaDc2ZTpmN2hpNThmOkBpanE4ZXI5cnF2NjMzNGkzM0BeYjUxYF4vXy4xMjMwYTU0YSNfYnByMmRzYmFhLS1kLS9zcw%3D%3D&btag=80000e00020000&cquery=101r_100B_100H_100K_100o&dy_q=1760969609&feature_id=fea919893f650a8c49286568590446ef&l=20251020221329FF810B6B17C3D024C6A3', 'https://v5-dy-o-abtest.zjcdn.com/42925ebca6b27ab9f8f43c7075110950/68f66df1/video/tos/cn/tos-cn-ve-15/osEEgi4Q9OhIoAyfbDX2TeHOvXjBABivC8RAqX/?a=6383&ch=10010&cr=3&dr=0&lr=all&cd=0%7C0%7C0%7C3&cv=1&br=586&bt=586&cs=0&ds=3&ft=c2YTctGHQPRUZxfusdr~kwPqYldQIKDEE-TerrNqq_45a&mime_type=video_mp4&qs=0&rc=OzYzaDc2ZTpmN2hpNThmOkBpanE4ZXI5cnF2NjMzNGkzM0BeYjUxYF4vXy4xMjMwYTU0YSNfYnByMmRzYmFhLS1kLS9zcw%3D%3D&btag=80000e00020000&cquery=100o_101r_100B_100H_100K&dy_q=1760969609&feature_id=fea919893f650a8c49286568590446ef&l=20251020221329FF810B6B17C3D024C6A3', 'https://www.douyin.com/aweme/v1/play/?video_id=v0200fg10000d3dsenvog65oubs5enbg&line=0&file_id=778cd5326f5e441cb72ba3c44e80e3a8&sign=3b64304fecb3ecfcfd7f457c8010eac7&is_play_url=1&source=PackSourceEnum_PUBLISH'], 'width': 720, 'height': 1280, 'url_key': 'v0200fg10000d3dsenvog65oubs5enbg_h264_720p_600578', 'data_size': 4248194, 'file_hash': '3b64304fecb3ecfcfd7f457c8010eac7', 'file_cs': 'c:0-62949-4d6f|d:0-2124096-9948,2124097-4248193-30dc|a:v0200fg10000d3dsenvog65oubs5enbg'}, 'cover': {'uri': 'tos-cn-i-dy/7b9e793d5b284ae79c294b6d6b00b922', 'url_list': ['https://p3-pc-sign.douyinpic.com/tos-cn-i-dy/7b9e793d5b284ae79c294b6d6b00b922~tplv-dy-cropcenter:323:430.jpeg?lk3s=138a59ce&x-expires=2076328800&x-signature=ggR1uey8IghhEHXpdkm1J1a0mpI%3D&from=327834062&s=PackSourceEnum_PUBLISH&se=true&sh=323_430&sc=cover&biz_tag=pcweb_cover&l=20251020221329FF810B6B17C3D024C6A3', 'https://p3-pc-sign.douyinpic.com/obj/tos-cn-i-dy/7b9e793d5b284ae79c294b6d6b00b922?lk3s=138a59ce&x-expires=2076328800&x-signature=ThfqgyWF42yKTYYGquJVIspQSWM%3D&from=327834062&s=PackSourceEnum_PUBLISH&se=false&sc=cover&biz_tag=pcweb_cover&l=20251020221329FF810B6B17C3D024C6A3'], 'width': 720, 'height': 720}, 'height': 1920, 'width': 1080, 'dynamic_cover': {'uri': 'tos-cn-i-dy/7b9e793d5b284ae79c294b6d6b00b922', 'url_list': ['https://p3-pc-sign.douyinpic.com/obj/tos-cn-i-dy/7b9e793d5b284ae79c294b6d6b00b922?lk3s=138a59ce&x-expires=1762178400&x-signature=0EM4AKdfYSCDXQB6B2RF6wZmmdk%3D&from=327834062_large&s=PackSourceEnum_PUBLISH&se=false&sc=dynamic_cover&biz_tag=pcweb_cover&l=20251020221329FF810B6B17C3D024C6A3', 'https://p9-pc-sign.douyinpic.com/obj/tos-cn-i-dy/7b9e793d5b284ae79c294b6d6b00b922?lk3s=138a59ce&x-expires=1762178400&x-signature=x89UOxG%2BuLZgpgfs3NYb%2BJUgsdw%3D&from=327834062_large&s=PackSourceEnum_PUBLISH&se=false&sc=dynamic_cover&biz_tag=pcweb_cover&l=20251020221329FF810B6B17C3D024C6A3'], 'width': 720, 'height': 720}, 'origin_cover': {'uri': 'tos-cn-p-0015/ooeCb7fACBEIfuAyj7GuIjQEbQt1wy2gxLuD3f', 'url_list': ['https://p3-pc-sign.douyinpic.com/tos-cn-p-0015/ooeCb7fACBEIfuAyj7GuIjQEbQt1wy2gxLuD3f~tplv-dy-360p.jpeg?lk3s=138a59ce&x-expires=1762178400&x-signature=B7bK9MuxHYtfwZ8f1OLPHotq4ck%3D&from=327834062&s=PackSourceEnum_PUBLISH&se=false&sc=origin_cover&biz_tag=pcweb_cover&l=20251020221329FF810B6B17C3D024C6A3', 'https://p9-pc-sign.douyinpic.com/tos-cn-p-0015/ooeCb7fACBEIfuAyj7GuIjQEbQt1wy2gxLuD3f~tplv-dy-360p.jpeg?lk3s=138a59ce&x-expires=1762178400&x-signature=xA9so3fFIsyIPd1GARdUv9z2eNg%3D&from=327834062&s=PackSourceEnum_PUBLISH&se=false&sc=origin_cover&biz_tag=pcweb_cover&l=20251020221329FF810B6B17C3D024C6A3'], 'width': 360, 'height': 640}, 'ratio': '720p', 'format': 'mp4', 'audio': {'original_sound_infos': None}, 'bit_rate': [{'gear_name': 'normal_720_0', 'quality_type': 10, 'bit_rate': 600578, 'play_addr': {'uri': 'v0200fg10000d3dsenvog65oubs5enbg', 'url_list': ['https://v5-dy-o-abtest.zjcdn.com/42925ebca6b27ab9f8f43c7075110950/68f66df1/video/tos/cn/tos-cn-ve-15/osEEgi4Q9OhIoAyfbDX2TeHOvXjBABivC8RAqX/?a=6383&ch=10010&cr=3&dr=0&lr=all&cd=0%7C0%7C0%7C3&cv=1&br=586&bt=586&cs=0&ds=3&ft=c2YTctGHQPRUZxfusdr~kwPqYldQIKDEE-TerrNqq_45a&mime_type=video_mp4&qs=0&rc=OzYzaDc2ZTpmN2hpNThmOkBpanE4ZXI5cnF2NjMzNGkzM0BeYjUxYF4vXy4xMjMwYTU0YSNfYnByMmRzYmFhLS1kLS9zcw%3D%3D&btag=80000e00020000&cquery=101r_100B_100H_100K_100o&dy_q=1760969609&feature_id=fea919893f650a8c49286568590446ef&l=20251020221329FF810B6B17C3D024C6A3', 'https://v5-dy-o-abtest.zjcdn.com/42925ebca6b27ab9f8f43c7075110950/68f66df1/video/tos/cn/tos-cn-ve-15/osEEgi4Q9OhIoAyfbDX2TeHOvXjBABivC8RAqX/?a=6383&ch=10010&cr=3&dr=0&lr=all&cd=0%7C0%7C0%7C3&cv=1&br=586&bt=586&cs=0&ds=3&ft=c2YTctGHQPRUZxfusdr~kwPqYldQIKDEE-TerrNqq_45a&mime_type=video_mp4&qs=0&rc=OzYzaDc2ZTpmN2hpNThmOkBpanE4ZXI5cnF2NjMzNGkzM0BeYjUxYF4vXy4xMjMwYTU0YSNfYnByMmRzYmFhLS1kLS9zcw%3D%3D&btag=80000e00020000&cquery=100o_101r_100B_100H_100K&dy_q=1760969609&feature_id=fea919893f650a8c49286568590446ef&l=20251020221329FF810B6B17C3D024C6A3', 'https://www.douyin.com/aweme/v1/play/?video_id=v0200fg10000d3dsenvog65oubs5enbg&line=0&file_id=778cd5326f5e441cb72ba3c44e80e3a8&sign=3b64304fecb3ecfcfd7f457c8010eac7&is_play_url=1&source=PackSourceEnum_PUBLISH'], 'width': 720, 'height': 1280, 'url_key': 'v0200fg10000d3dsenvog65oubs5enbg_h264_720p_600578', 'data_size': 4248194, 'file_hash': '3b64304fecb3ecfcfd7f457c8010eac7', 'file_cs': 'c:0-62949-4d6f|d:0-2124096-9948,2124097-4248193-30dc|a:v0200fg10000d3dsenvog65oubs5enbg'}, 'is_h265': 0, 'is_bytevc1': 0, 'HDR_type': '', 'HDR_bit': '', 'FPS': 30, 'video_extra': '{"PktOffsetMap":"[{\\"time\\": 1, \\"offset\\": 193751}, {\\"time\\": 2, \\"offset\\": 258356}, {\\"time\\": 3, \\"offset\\": 321710}, {\\"time\\": 4, \\"offset\\": 380262}, {\\"time\\": 5, \\"offset\\": 482870}, {\\"time\\": 10, \\"offset\\": 993171}]","format":"mp4","definition":"720p","quality":"normal","file_id":"778cd5326f5e441cb72ba3c44e80e3a8","applog_map":{"feature_id":"fea919893f650a8c49286568590446ef"},"audio_channels":"2.0","audio_sample_rate":"44100","audio_metrics":null,"audio_score":null}', 'format': 'mp4'}, {'gear_name': 'low_720_0', 'quality_type': 211, 'bit_rate': 517549, 'play_addr': {'uri': 'v0200fg10000d3dsenvog65oubs5enbg', 'url_list': ['https://v5-dy-o-abtest.zjcdn.com/2763b80a7e486e3307c73c8c5dbc78db/68f66df1/video/tos/cn/tos-cn-ve-15/oAldnLMfgXA1RMEbcAQIetDNCHxD82FtjevfAd/?a=6383&ch=10010&cr=3&dr=0&lr=all&cd=0%7C0%7C0%7C3&cv=1&br=505&bt=505&cs=0&ds=3&ft=c2YTctGHQPRUZxfusdr~kwPqYldQIKDEE-TerrNqq_45a&mime_type=video_mp4&qs=1&rc=NTRoN2k6ZmQ6M2Q8OThkaUBpanE4ZXI5cnF2NjMzNGkzM0BhXi4vLmFfXzQxMC8zNV4tYSNfYnByMmRzYmFhLS1kLS9zcw%3D%3D&btag=80000e00020000&cquery=100o_101r_100B_100H_100K&dy_q=1760969609&feature_id=0ea98fd3bdc3c6c14a3d0804cc272721&l=20251020221329FF810B6B17C3D024C6A3', 'https://v5-dy-o-abtest.zjcdn.com/2763b80a7e486e3307c73c8c5dbc78db/68f66df1/video/tos/cn/tos-cn-ve-15/oAldnLMfgXA1RMEbcAQIetDNCHxD82FtjevfAd/?a=6383&ch=10010&cr=3&dr=0&lr=all&cd=0%7C0%7C0%7C3&cv=1&br=505&bt=505&cs=0&ds=3&ft=c2YTctGHQPRUZxfusdr~kwPqYldQIKDEE-TerrNqq_45a&mime_type=video_mp4&qs=1&rc=NTRoN2k6ZmQ6M2Q8OThkaUBpanE4ZXI5cnF2NjMzNGkzM0BhXi4vLmFfXzQxMC8zNV4tYSNfYnByMmRzYmFhLS1kLS9zcw%3D%3D&btag=80000e00020000&cquery=101r_100B_100H_100K_100o&dy_q=1760969609&feature_id=0ea98fd3bdc3c6c14a3d0804cc272721&l=20251020221329FF810B6B17C3D024C6A3', 'https://www.douyin.com/aweme/v1/play/?video_id=v0200fg10000d3dsenvog65oubs5enbg&line=0&file_id=0faa8566293a4077babcd71f241ea1d2&sign=f3ddfe2bd29f009321b4c356c78842c6&is_play_url=1&source=PackSourceEnum_PUBLISH'], 'width': 720, 'height': 1280, 'url_key': 'v0200fg10000d3dsenvog65oubs5enbg_h264_720p_517549', 'data_size': 3660883, 'file_hash': 'f3ddfe2bd29f009321b4c356c78842c6', 'file_cs': 'c:0-48032-2d5a|d:0-1830440-a0eb,1830441-3660882-ea05|a:v0200fg10000d3dsenvog65oubs5enbg'}, 'is_h265': 0, 'is_bytevc1': 0, 'HDR_type': '', 'HDR_bit': '', 'FPS': 30, 'video_extra': '{"PktOffsetMap":"[{\\"time\\": 1, \\"offset\\": 169047}, {\\"time\\": 2, \\"offset\\": 222038}, {\\"time\\": 3, \\"offset\\": 274890}, {\\"time\\": 4, \\"offset\\": 323525}, {\\"time\\": 5, \\"offset\\": 424753}, {\\"time\\": 10, \\"offset\\": 869589}]","format":"mp4","definition":"720p","quality":"low","file_id":"0faa8566293a4077babcd71f241ea1d2","applog_map":{"feature_id":"0ea98fd3bdc3c6c14a3d0804cc272721"},"audio_channels":"2.0","audio_sample_rate":"44100","audio_metrics":null,"audio_score":null}', 'format': 'mp4'}, {'gear_name': 'low_540_0', 'quality_type': 292, 'bit_rate': 475993, 'play_addr': {'uri': 'v0200fg10000d3dsenvog65oubs5enbg', 'url_list': ['https://v5-dy-o-abtest.zjcdn.com/4a8e995fd498be6bc610f9434bcabf0a/68f66df1/video/tos/cn/tos-cn-ve-15/oIAvDoeB8XOiAui9wXEQhMAChtgfXv4tNj2IuB/?a=6383&ch=10010&cr=3&dr=0&lr=all&cd=0%7C0%7C0%7C3&cv=1&br=464&bt=464&cs=0&ds=6&ft=c2YTctGHQPRUZxfusdr~kwPqYldQIKDEE-TerrNqq_45a&mime_type=video_mp4&qs=1&rc=ZTU2Omc2OTxmOmU7aWQ8ZUBpanE4ZXI5cnF2NjMzNGkzM0BiL2AvLl5fXzIxY2AzY2MtYSNfYnByMmRzYmFhLS1kLS9zcw%3D%3D&btag=80000e00020000&cquery=100K_100o_101r_100B_100H&dy_q=1760969609&feature_id=0ea98fd3bdc3c6c14a3d0804cc272721&l=20251020221329FF810B6B17C3D024C6A3', 'https://v5-dy-o-abtest.zjcdn.com/4a8e995fd498be6bc610f9434bcabf0a/68f66df1/video/tos/cn/tos-cn-ve-15/oIAvDoeB8XOiAui9wXEQhMAChtgfXv4tNj2IuB/?a=6383&ch=10010&cr=3&dr=0&lr=all&cd=0%7C0%7C0%7C3&cv=1&br=464&bt=464&cs=0&ds=6&ft=c2YTctGHQPRUZxfusdr~kwPqYldQIKDEE-TerrNqq_45a&mime_type=video_mp4&qs=1&rc=ZTU2Omc2OTxmOmU7aWQ8ZUBpanE4ZXI5cnF2NjMzNGkzM0BiL2AvLl5fXzIxY2AzY2MtYSNfYnByMmRzYmFhLS1kLS9zcw%3D%3D&btag=80000e00020000&cquery=100K_100o_101r_100B_100H&dy_q=1760969609&feature_id=0ea98fd3bdc3c6c14a3d0804cc272721&l=20251020221329FF810B6B17C3D024C6A3', 'https://www.douyin.com/aweme/v1/play/?video_id=v0200fg10000d3dsenvog65oubs5enbg&line=0&file_id=0bf9fa6fc8fb475cb9b6a31d27c322eb&sign=4d89bb89c8ebe9b7f84dddcf1f55eda9&is_play_url=1&source=PackSourceEnum_PUBLISH'], 'width': 576, 'height': 1024, 'url_key': 'v0200fg10000d3dsenvog65oubs5enbg_h264_540p_475993', 'data_size': 3366939, 'file_hash': '4d89bb89c8ebe9b7f84dddcf1f55eda9', 'file_cs': 'c:0-48048-3f93|d:0-1683468-0b79,1683469-3366938-7555|a:v0200fg10000d3dsenvog65oubs5enbg'}, 'is_h265': 0, 'is_bytevc1': 0, 'HDR_type': '', 'HDR_bit': '', 'FPS': 30, 'video_extra': '{"PktOffsetMap":"[{\\"time\\": 1, \\"offset\\": 158489}, {\\"time\\": 2, \\"offset\\": 209010}, {\\"time\\": 3, \\"offset\\": 258824}, {\\"time\\": 4, \\"offset\\": 304933}, {\\"time\\": 5, \\"offset\\": 397634}, {\\"time\\": 10, \\"offset\\": 803296}]","format":"mp4","definition":"540p","quality":"low","file_id":"0bf9fa6fc8fb475cb9b6a31d27c322eb","applog_map":{"feature_id":"0ea98fd3bdc3c6c14a3d0804cc272721"},"audio_channels":"2.0","audio_sample_rate":"44100","audio_metrics":null,"audio_score":null}', 'format': 'mp4'}, {'gear_name': 'adapt_low_540_0', 'quality_type': 291, 'bit_rate': 340537, 'play_addr': {'uri': 'v0200fg10000d3dsenvog65oubs5enbg', 'url_list': ['https://v5-dy-o-abtest.zjcdn.com/26119e01ede9d1a287f164d3d37a4d17/68f66df1/video/tos/cn/tos-cn-ve-15/o0DOICiBT8fAX4QQtoetAXXEvCiMv9A2hvB91g/?a=6383&ch=10010&cr=3&dr=0&lr=all&cd=0%7C0%7C0%7C3&cv=1&br=332&bt=332&cs=0&ds=6&ft=c2YTctGHQPRUZxfusdr~kwPqYldQIKDEE-TerrNqq_45a&mime_type=video_mp4&qs=12&rc=ODo8ZjxpNTw7NzZmO2Y7OkBpanE4ZXI5cnF2NjMzNGkzM0BhX15eY18yXzAxNF8xNjE1YSNfYnByMmRzYmFhLS1kLS9zcw%3D%3D&btag=80000e00020000&cquery=100B_100H_100K_100o_101r&dy_q=1760969609&feature_id=0ea98fd3bdc3c6c14a3d0804cc272721&l=20251020221329FF810B6B17C3D024C6A3', 'https://v5-dy-o-abtest.zjcdn.com/26119e01ede9d1a287f164d3d37a4d17/68f66df1/video/tos/cn/tos-cn-ve-15/o0DOICiBT8fAX4QQtoetAXXEvCiMv9A2hvB91g/?a=6383&ch=10010&cr=3&dr=0&lr=all&cd=0%7C0%7C0%7C3&cv=1&br=332&bt=332&cs=0&ds=6&ft=c2YTctGHQPRUZxfusdr~kwPqYldQIKDEE-TerrNqq_45a&mime_type=video_mp4&qs=12&rc=ODo8ZjxpNTw7NzZmO2Y7OkBpanE4ZXI5cnF2NjMzNGkzM0BhX15eY18yXzAxNF8xNjE1YSNfYnByMmRzYmFhLS1kLS9zcw%3D%3D&btag=80000e00020000&cquery=100H_100K_100o_101r_100B&dy_q=1760969609&feature_id=0ea98fd3bdc3c6c14a3d0804cc272721&l=20251020221329FF810B6B17C3D024C6A3', 'https://www.douyin.com/aweme/v1/play/?video_id=v0200fg10000d3dsenvog65oubs5enbg&line=0&file_id=87489c48bc734438b952bff9aca9b7d5&sign=68e731441f4ca82440580a5d2197a1df&is_play_url=1&source=PackSourceEnum_PUBLISH'], 'width': 576, 'height': 1024, 'url_key': 'v0200fg10000d3dsenvog65oubs5enbg_h264_540p_340537', 'data_size': 2408789, 'file_hash': '68e731441f4ca82440580a5d2197a1df', 'file_cs': 'c:0-48047-d4b7|d:0-1204393-548c,1204394-2408788-5f98|a:v0200fg10000d3dsenvog65oubs5enbg'}, 'is_h265': 0, 'is_bytevc1': 0, 'HDR_type': '', 'HDR_bit': '', 'FPS': 30, 'video_extra': '{"PktOffsetMap":"[{\\"time\\": 1, \\"offset\\": 128137}, {\\"time\\": 2, \\"offset\\": 163471}, {\\"time\\": 3, \\"offset\\": 197625}, {\\"time\\": 4, \\"offset\\": 228536}, {\\"time\\": 5, \\"offset\\": 294195}, {\\"time\\": 10, \\"offset\\": 587987}]","format":"mp4","definition":"540p","quality":"adapt_low","file_id":"87489c48bc734438b952bff9aca9b7d5","applog_map":{"feature_id":"0ea98fd3bdc3c6c14a3d0804cc272721"},"audio_channels":"2.0","audio_sample_rate":"44100","audio_metrics":null,"audio_score":null}', 'format': 'mp4'}, {'gear_name': 'adapt_lowest_1080_1', 'quality_type': 2, 'bit_rate': 301042, 'play_addr': {'uri': 'v0200fg10000d3dsenvog65oubs5enbg', 'url_list': ['https://v5-dy-o-abtest.zjcdn.com/4b81fa5ddb4a167fa3d352c399ff2f0f/68f66df1/video/tos/cn/tos-cn-ve-15/osIRAQHA21FgjAB8CHcbfxofed6MDEXfIlQCVd/?a=6383&ch=10010&cr=3&dr=0&lr=all&cd=0%7C0%7C0%7C3&cv=1&br=293&bt=293&cs=2&ds=4&ft=c2YTctGHQPRUZxfusdr~kwPqYldQIKDEE-TerrNqq_45a&mime_type=video_mp4&qs=15&rc=aWY8Zmc3ODQ1ZDM0Mzc8OUBpanE4ZXI5cnF2NjMzNGkzM0AxNV82Ni0tNS4xYzUzNjJeYSNfYnByMmRzYmFhLS1kLS9zcw%3D%3D&btag=80000e00020000&cquery=101r_100B_100H_100K_100o&dy_q=1760969609&feature_id=b38008770b4e09863331b14b26bcdc23&l=20251020221329FF810B6B17C3D024C6A3', 'https://v5-dy-o-abtest.zjcdn.com/4b81fa5ddb4a167fa3d352c399ff2f0f/68f66df1/video/tos/cn/tos-cn-ve-15/osIRAQHA21FgjAB8CHcbfxofed6MDEXfIlQCVd/?a=6383&ch=10010&cr=3&dr=0&lr=all&cd=0%7C0%7C0%7C3&cv=1&br=293&bt=293&cs=2&ds=4&ft=c2YTctGHQPRUZxfusdr~kwPqYldQIKDEE-TerrNqq_45a&mime_type=video_mp4&qs=15&rc=aWY8Zmc3ODQ1ZDM0Mzc8OUBpanE4ZXI5cnF2NjMzNGkzM0AxNV82Ni0tNS4xYzUzNjJeYSNfYnByMmRzYmFhLS1kLS9zcw%3D%3D&btag=80000e00020000&cquery=101r_100B_100H_100K_100o&dy_q=1760969609&feature_id=b38008770b4e09863331b14b26bcdc23&l=20251020221329FF810B6B17C3D024C6A3', 'https://www.douyin.com/aweme/v1/play/?video_id=v0200fg10000d3dsenvog65oubs5enbg&line=0&file_id=a659946081f04a128105049d9cb98c4f&sign=a379b57eb85db552ec3648a232b975c1&is_play_url=1&source=PackSourceEnum_PUBLISH'], 'width': 1080, 'height': 1920, 'url_key': 'v0200fg10000d3dsenvog65oubs5enbg_bytevc1_1080p_301042', 'data_size': 2129424, 'file_hash': 'a379b57eb85db552ec3648a232b975c1', 'file_cs': 'c:0-48257-ec23|d:0-1064711-fa57,1064712-2129423-a39f|a:v0200fg10000d3dsenvog65oubs5enbg'}, 'is_h265': 1, 'is_bytevc1': 1, 'HDR_type': '', 'HDR_bit': '', 'FPS': 30, 'video_extra': '{"PktOffsetMap":"[{\\"time\\": 1, \\"offset\\": 153638}, {\\"time\\": 2, \\"offset\\": 193965}, {\\"time\\": 3, \\"offset\\": 240585}, {\\"time\\": 4, \\"offset\\": 276632}, {\\"time\\": 5, \\"offset\\": 346123}, {\\"time\\": 10, \\"offset\\": 638736}]","format":"mp4","definition":"1080p","quality":"adapt_lowest","file_id":"a659946081f04a128105049d9cb98c4f","applog_map":{"feature_id":"b38008770b4e09863331b14b26bcdc23"},"mvmaf":"{\\"mvmaf_sr_v1080\\":98.627,\\"mvmaf_sr_v960\\":98.717,\\"mvmaf_sr_v864\\":98.933,\\"mvmaf_sr_v720\\":99.088,\\"mvmaf_ori_v1080\\":93.07,\\"mvmaf_ori_v960\\":93.324,\\"mvmaf_ori_v864\\":94.008,\\"mvmaf_ori_v720\\":94.751}","ufq":"{\\"enh\\":91.674,\\"playback\\":{\\"ori\\":88.744,\\"srv1\\":91.064},\\"src\\":91.674,\\"trans\\":88.744,\\"version\\":\\"v1.0\\"}","audio_channels":"2.0","audio_sample_rate":"44100","audio_metrics":null,"audio_score":null}', 'format': 'mp4'}, {'gear_name': 'adapt_lowest_720_1', 'quality_type': 15, 'bit_rate': 285497, 'play_addr': {'uri': 'v0200fg10000d3dsenvog65oubs5enbg', 'url_list': ['https://v5-dy-o-abtest.zjcdn.com/ade60aba772716bbb0cf072926ea9fc7/68f66df1/video/tos/cn/tos-cn-ve-15/ocLXABgi9CvfXOTX9gQe5E72IA8oh4BEdvAAiB/?a=6383&ch=10010&cr=3&dr=0&lr=all&cd=0%7C0%7C0%7C3&cv=1&br=278&bt=278&cs=2&ds=3&ft=c2YTctGHQPRUZxfusdr~kwPqYldQIKDEE-TerrNqq_45a&mime_type=video_mp4&qs=15&rc=Z2Q5Nzk0ZjM1ZWhlNDxoOUBpanE4ZXI5cnF2NjMzNGkzM0AuNTI0Y2MyXjYxMC00MzEzYSNfYnByMmRzYmFhLS1kLS9zcw%3D%3D&btag=80000e00020000&cquery=100H_100K_100o_101r_100B&dy_q=1760969609&feature_id=b38008770b4e09863331b14b26bcdc23&l=20251020221329FF810B6B17C3D024C6A3', 'https://v5-dy-o-abtest.zjcdn.com/ade60aba772716bbb0cf072926ea9fc7/68f66df1/video/tos/cn/tos-cn-ve-15/ocLXABgi9CvfXOTX9gQe5E72IA8oh4BEdvAAiB/?a=6383&ch=10010&cr=3&dr=0&lr=all&cd=0%7C0%7C0%7C3&cv=1&br=278&bt=278&cs=2&ds=3&ft=c2YTctGHQPRUZxfusdr~kwPqYldQIKDEE-TerrNqq_45a&mime_type=video_mp4&qs=15&rc=Z2Q5Nzk0ZjM1ZWhlNDxoOUBpanE4ZXI5cnF2NjMzNGkzM0AuNTI0Y2MyXjYxMC00MzEzYSNfYnByMmRzYmFhLS1kLS9zcw%3D%3D&btag=80000e00020000&cquery=100H_100K_100o_101r_100B&dy_q=1760969609&feature_id=b38008770b4e09863331b14b26bcdc23&l=20251020221329FF810B6B17C3D024C6A3', 'https://www.douyin.com/aweme/v1/play/?video_id=v0200fg10000d3dsenvog65oubs5enbg&line=0&file_id=664e69710b3e4b92a05cf1f674568a1d&sign=79edd15d3f861b7e53e3c42e57a535cd&is_play_url=1&source=PackSourceEnum_PUBLISH'], 'width': 720, 'height': 1280, 'url_key': 'v0200fg10000d3dsenvog65oubs5enbg_bytevc1_720p_285497', 'data_size': 2019469, 'file_hash': '79edd15d3f861b7e53e3c42e57a535cd', 'file_cs': 'c:0-48258-c072|d:0-1009733-4730,1009734-2019468-dafc|a:v0200fg10000d3dsenvog65oubs5enbg'}, 'is_h265': 1, 'is_bytevc1': 1, 'HDR_type': '', 'HDR_bit': '', 'FPS': 30, 'video_extra': '{"PktOffsetMap":"[{\\"time\\": 1, \\"offset\\": 131614}, {\\"time\\": 2, \\"offset\\": 168369}, {\\"time\\": 3, \\"offset\\": 211067}, {\\"time\\": 4, \\"offset\\": 242643}, {\\"time\\": 5, \\"offset\\": 303814}, {\\"time\\": 10, \\"offset\\": 560747}]","format":"mp4","definition":"720p","quality":"adapt_lowest","file_id":"664e69710b3e4b92a05cf1f674568a1d","applog_map":{"feature_id":"b38008770b4e09863331b14b26bcdc23"},"mvmaf":"{\\"mvmaf_sr_v1080\\":97.732,\\"mvmaf_sr_v960\\":98.485,\\"mvmaf_sr_v864\\":99.056,\\"mvmaf_sr_v720\\":99.448,\\"mvmaf_ori_v1080\\":87.167,\\"mvmaf_ori_v960\\":90.431,\\"mvmaf_ori_v864\\":91.666,\\"mvmaf_ori_v720\\":94.831}","ufq":"{\\"enh\\":91.674,\\"playback\\":{\\"ori\\":82.841,\\"srv1\\":90.885},\\"src\\":91.674,\\"trans\\":82.841,\\"version\\":\\"v1.0\\"}","audio_channels":"2.0","audio_sample_rate":"44100","audio_metrics":null,"audio_score":null}', 'format': 'mp4'}, {'gear_name': 'adapt_540_1', 'quality_type': 28, 'bit_rate': 263470, 'play_addr': {'uri': 'v0200fg10000d3dsenvog65oubs5enbg', 'url_list': ['https://v5-dy-o-abtest.zjcdn.com/7578f0afd828801491978543808cebc2/68f66df1/video/tos/cn/tos-cn-ve-15/o4iOwBzo2AjXAXvQi4vev9IBCJhfE2hxA8XgIB/?a=6383&ch=10010&cr=3&dr=0&lr=all&cd=0%7C0%7C0%7C3&cv=1&br=257&bt=257&cs=2&ds=6&ft=c2YTctGHQPRUZxfusdr~kwPqYldQIKDEE-TerrNqq_45a&mime_type=video_mp4&qs=11&rc=OGZoMzNkZjk0PGVmODs7PEBpanE4ZXI5cnF2NjMzNGkzM0BiNF4wMDViXl8xYjBeLmI1YSNfYnByMmRzYmFhLS1kLS9zcw%3D%3D&btag=80000e00020000&cquery=100B_100H_100K_100o_101r&dy_q=1760969609&feature_id=b38008770b4e09863331b14b26bcdc23&l=20251020221329FF810B6B17C3D024C6A3', 'https://v5-dy-o-abtest.zjcdn.com/7578f0afd828801491978543808cebc2/68f66df1/video/tos/cn/tos-cn-ve-15/o4iOwBzo2AjXAXvQi4vev9IBCJhfE2hxA8XgIB/?a=6383&ch=10010&cr=3&dr=0&lr=all&cd=0%7C0%7C0%7C3&cv=1&br=257&bt=257&cs=2&ds=6&ft=c2YTctGHQPRUZxfusdr~kwPqYldQIKDEE-TerrNqq_45a&mime_type=video_mp4&qs=11&rc=OGZoMzNkZjk0PGVmODs7PEBpanE4ZXI5cnF2NjMzNGkzM0BiNF4wMDViXl8xYjBeLmI1YSNfYnByMmRzYmFhLS1kLS9zcw%3D%3D&btag=80000e00020000&cquery=101r_100B_100H_100K_100o&dy_q=1760969609&feature_id=b38008770b4e09863331b14b26bcdc23&l=20251020221329FF810B6B17C3D024C6A3', 'https://www.douyin.com/aweme/v1/play/?video_id=v0200fg10000d3dsenvog65oubs5enbg&line=0&file_id=89e818a53ceb49b1a6ec8a3030ae7ce5&sign=37a936a8935407b9724424edee3a9cf9&is_play_url=1&source=PackSourceEnum_PUBLISH'], 'width': 576, 'height': 1024, 'url_key': 'v0200fg10000d3dsenvog65oubs5enbg_bytevc1_540p_263470', 'data_size': 1863657, 'file_hash': '37a936a8935407b9724424edee3a9cf9', 'file_cs': 'c:0-48258-25f5|d:0-931827-2f34,931828-1863656-1b0f|a:v0200fg10000d3dsenvog65oubs5enbg'}, 'is_h265': 1, 'is_bytevc1': 1, 'HDR_type': '', 'HDR_bit': '', 'FPS': 30, 'video_extra': '{"PktOffsetMap":"[{\\"time\\": 1, \\"offset\\": 123388}, {\\"time\\": 2, \\"offset\\": 155016}, {\\"time\\": 3, \\"offset\\": 193285}, {\\"time\\": 4, \\"offset\\": 222923}, {\\"time\\": 5, \\"offset\\": 279520}, {\\"time\\": 10, \\"offset\\": 517214}]","format":"mp4","definition":"540p","quality":"adapt","file_id":"89e818a53ceb49b1a6ec8a3030ae7ce5","applog_map":{"feature_id":"b38008770b4e09863331b14b26bcdc23"},"mvmaf":"{\\"mvmaf_sr_v1080\\":95.181,\\"mvmaf_sr_v960\\":96.989,\\"mvmaf_sr_v864\\":97.627,\\"mvmaf_sr_v720\\":98.538,\\"mvmaf_ori_v1080\\":82.568,\\"mvmaf_ori_v960\\":86.111,\\"mvmaf_ori_v864\\":87.897,\\"mvmaf_ori_v720\\":90.845}","ufq":"{\\"enh\\":91.674,\\"playback\\":{\\"ori\\":78.85,\\"srv1\\":90.375},\\"src\\":91.674,\\"trans\\":78.85,\\"version\\":\\"v1.0\\"}","audio_channels":"2.0","audio_sample_rate":"44100","audio_metrics":null,"audio_score":null}', 'format': 'mp4'}, {'gear_name': 'adapt_lower_540_1', 'quality_type': 21, 'bit_rate': 226496, 'play_addr': {'uri': 'v0200fg10000d3dsenvog65oubs5enbg', 'url_list': ['https://v5-dy-o-abtest.zjcdn.com/f2fa2e5df2e1d845472f9a6928087347/68f66df1/video/tos/cn/tos-cn-ve-15/ogIhhoXAjBeBzg9v4hEAziiAORBoX2Q78fXvaC/?a=6383&ch=10010&cr=3&dr=0&lr=all&cd=0%7C0%7C0%7C3&cv=1&br=221&bt=221&cs=2&ds=6&ft=c2YTctGHQPRUZxfusdr~kwPqYldQIKDEE-TerrNqq_45a&mime_type=video_mp4&qs=14&rc=ZjtpOGlmZDhlZ2VmZDllOEBpanE4ZXI5cnF2NjMzNGkzM0AzLmNgNV8uXzMxL2FjL2A0YSNfYnByMmRzYmFhLS1kLS9zcw%3D%3D&btag=80000e00020000&cquery=100o_101r_100B_100H_100K&dy_q=1760969609&feature_id=2ec60419b2ec858b9b1eae59874b17b0&l=20251020221329FF810B6B17C3D024C6A3', 'https://v5-dy-o-abtest.zjcdn.com/f2fa2e5df2e1d845472f9a6928087347/68f66df1/video/tos/cn/tos-cn-ve-15/ogIhhoXAjBeBzg9v4hEAziiAORBoX2Q78fXvaC/?a=6383&ch=10010&cr=3&dr=0&lr=all&cd=0%7C0%7C0%7C3&cv=1&br=221&bt=221&cs=2&ds=6&ft=c2YTctGHQPRUZxfusdr~kwPqYldQIKDEE-TerrNqq_45a&mime_type=video_mp4&qs=14&rc=ZjtpOGlmZDhlZ2VmZDllOEBpanE4ZXI5cnF2NjMzNGkzM0AzLmNgNV8uXzMxL2FjL2A0YSNfYnByMmRzYmFhLS1kLS9zcw%3D%3D&btag=80000e00020000&cquery=100H_100K_100o_101r_100B&dy_q=1760969609&feature_id=2ec60419b2ec858b9b1eae59874b17b0&l=20251020221329FF810B6B17C3D024C6A3', 'https://www.douyin.com/aweme/v1/play/?video_id=v0200fg10000d3dsenvog65oubs5enbg&line=0&file_id=75cb26fadc2b4d6bb51abc8fc5ff186c&sign=de8013b4c198419aabd4145839b5a3d5&is_play_url=1&source=PackSourceEnum_PUBLISH'], 'width': 576, 'height': 1024, 'url_key': 'v0200fg10000d3dsenvog65oubs5enbg_bytevc1_540p_226496', 'data_size': 1602124, 'file_hash': 'de8013b4c198419aabd4145839b5a3d5', 'file_cs': 'c:0-48258-03bf|d:0-801061-776e,801062-1602123-18f5|a:v0200fg10000d3dsenvog65oubs5enbg'}, 'is_h265': 1, 'is_bytevc1': 1, 'HDR_type': '', 'HDR_bit': '', 'FPS': 30, 'video_extra': '{"PktOffsetMap":"[{\\"time\\": 1, \\"offset\\": 115301}, {\\"time\\": 2, \\"offset\\": 143254}, {\\"time\\": 3, \\"offset\\": 176471}, {\\"time\\": 4, \\"offset\\": 201790}, {\\"time\\": 5, \\"offset\\": 250812}, {\\"time\\": 10, \\"offset\\": 459298}]","format":"mp4","definition":"540p","quality":"adapt_lower","file_id":"75cb26fadc2b4d6bb51abc8fc5ff186c","applog_map":{"feature_id":"2ec60419b2ec858b9b1eae59874b17b0"},"mvmaf":"{\\"mvmaf_sr_v1080\\":94.1,\\"mvmaf_sr_v960\\":95.79,\\"mvmaf_sr_v864\\":96.801,\\"mvmaf_sr_v720\\":97.801,\\"mvmaf_ori_v1080\\":81.291,\\"mvmaf_ori_v960\\":84.833,\\"mvmaf_ori_v864\\":86.877,\\"mvmaf_ori_v720\\":89.903}","ufq":"{\\"enh\\":91.674,\\"playback\\":{\\"ori\\":77.892,\\"srv1\\":89.439},\\"src\\":91.674,\\"trans\\":77.892,\\"version\\":\\"v1.0\\"}","audio_channels":"2.0","audio_sample_rate":"44100","audio_metrics":null,"audio_score":null}', 'format': 'mp4'}], 'duration': 56588, 'play_addr_265': {'uri': 'v0200fg10000d3dsenvog65oubs5enbg', 'url_list': ['https://v5-dy-o-abtest.zjcdn.com/7578f0afd828801491978543808cebc2/68f66df1/video/tos/cn/tos-cn-ve-15/o4iOwBzo2AjXAXvQi4vev9IBCJhfE2hxA8XgIB/?a=6383&ch=10010&cr=3&dr=0&lr=all&cd=0%7C0%7C0%7C3&cv=1&br=257&bt=257&cs=2&ds=6&ft=c2YTctGHQPRUZxfusdr~kwPqYldQIKDEE-TerrNqq_45a&mime_type=video_mp4&qs=11&rc=OGZoMzNkZjk0PGVmODs7PEBpanE4ZXI5cnF2NjMzNGkzM0BiNF4wMDViXl8xYjBeLmI1YSNfYnByMmRzYmFhLS1kLS9zcw%3D%3D&btag=80000e00020000&cquery=100B_100H_100K_100o_101r&dy_q=1760969609&feature_id=b38008770b4e09863331b14b26bcdc23&l=20251020221329FF810B6B17C3D024C6A3', 'https://v5-dy-o-abtest.zjcdn.com/7578f0afd828801491978543808cebc2/68f66df1/video/tos/cn/tos-cn-ve-15/o4iOwBzo2AjXAXvQi4vev9IBCJhfE2hxA8XgIB/?a=6383&ch=10010&cr=3&dr=0&lr=all&cd=0%7C0%7C0%7C3&cv=1&br=257&bt=257&cs=2&ds=6&ft=c2YTctGHQPRUZxfusdr~kwPqYldQIKDEE-TerrNqq_45a&mime_type=video_mp4&qs=11&rc=OGZoMzNkZjk0PGVmODs7PEBpanE4ZXI5cnF2NjMzNGkzM0BiNF4wMDViXl8xYjBeLmI1YSNfYnByMmRzYmFhLS1kLS9zcw%3D%3D&btag=80000e00020000&cquery=101r_100B_100H_100K_100o&dy_q=1760969609&feature_id=b38008770b4e09863331b14b26bcdc23&l=20251020221329FF810B6B17C3D024C6A3', 'https://www.douyin.com/aweme/v1/play/?video_id=v0200fg10000d3dsenvog65oubs5enbg&line=0&file_id=89e818a53ceb49b1a6ec8a3030ae7ce5&sign=37a936a8935407b9724424edee3a9cf9&is_play_url=1&source=PackSourceEnum_PUBLISH'], 'width': 576, 'height': 1024, 'url_key': 'v0200fg10000d3dsenvog65oubs5enbg_bytevc1_540p_263470', 'data_size': 1863657, 'file_hash': '37a936a8935407b9724424edee3a9cf9', 'file_cs': 'c:0-48258-25f5|d:0-931827-2f34,931828-1863656-1b0f|a:v0200fg10000d3dsenvog65oubs5enbg'}, 'bit_rate_audio': None, 'play_addr_h264': {'uri': 'v0200fg10000d3dsenvog65oubs5enbg', 'url_list': ['https://v5-dy-o-abtest.zjcdn.com/42925ebca6b27ab9f8f43c7075110950/68f66df1/video/tos/cn/tos-cn-ve-15/osEEgi4Q9OhIoAyfbDX2TeHOvXjBABivC8RAqX/?a=6383&ch=10010&cr=3&dr=0&lr=all&cd=0%7C0%7C0%7C3&cv=1&br=586&bt=586&cs=0&ds=3&ft=c2YTctGHQPRUZxfusdr~kwPqYldQIKDEE-TerrNqq_45a&mime_type=video_mp4&qs=0&rc=OzYzaDc2ZTpmN2hpNThmOkBpanE4ZXI5cnF2NjMzNGkzM0BeYjUxYF4vXy4xMjMwYTU0YSNfYnByMmRzYmFhLS1kLS9zcw%3D%3D&btag=80000e00020000&cquery=101r_100B_100H_100K_100o&dy_q=1760969609&feature_id=fea919893f650a8c49286568590446ef&l=20251020221329FF810B6B17C3D024C6A3', 'https://v5-dy-o-abtest.zjcdn.com/42925ebca6b27ab9f8f43c7075110950/68f66df1/video/tos/cn/tos-cn-ve-15/osEEgi4Q9OhIoAyfbDX2TeHOvXjBABivC8RAqX/?a=6383&ch=10010&cr=3&dr=0&lr=all&cd=0%7C0%7C0%7C3&cv=1&br=586&bt=586&cs=0&ds=3&ft=c2YTctGHQPRUZxfusdr~kwPqYldQIKDEE-TerrNqq_45a&mime_type=video_mp4&qs=0&rc=OzYzaDc2ZTpmN2hpNThmOkBpanE4ZXI5cnF2NjMzNGkzM0BeYjUxYF4vXy4xMjMwYTU0YSNfYnByMmRzYmFhLS1kLS9zcw%3D%3D&btag=80000e00020000&cquery=100o_101r_100B_100H_100K&dy_q=1760969609&feature_id=fea919893f650a8c49286568590446ef&l=20251020221329FF810B6B17C3D024C6A3', 'https://www.douyin.com/aweme/v1/play/?video_id=v0200fg10000d3dsenvog65oubs5enbg&line=0&file_id=778cd5326f5e441cb72ba3c44e80e3a8&sign=3b64304fecb3ecfcfd7f457c8010eac7&is_play_url=1&source=PackSourceEnum_PUBLISH'], 'width': 720, 'height': 1280, 'url_key': 'v0200fg10000d3dsenvog65oubs5enbg_h264_720p_600578', 'data_size': 4248194, 'file_hash': '3b64304fecb3ecfcfd7f457c8010eac7', 'file_cs': 'c:0-62949-4d6f|d:0-2124096-9948,2124097-4248193-30dc|a:v0200fg10000d3dsenvog65oubs5enbg'}, 'raw_cover': {'uri': 'tos-cn-i-dy/7b9e793d5b284ae79c294b6d6b00b922', 'url_list': ['https://p3-pc-sign.douyinpic.com/tos-cn-i-dy/7b9e793d5b284ae79c294b6d6b00b922~tplv-dy-cropcenter:323:430.jpeg?lk3s=138a59ce&x-expires=2076328800&x-signature=ggR1uey8IghhEHXpdkm1J1a0mpI%3D&from=327834062&s=PackSourceEnum_PUBLISH&se=true&sh=323_430&sc=cover&biz_tag=pcweb_cover&l=20251020221329FF810B6B17C3D024C6A3', 'https://p3-pc-sign.douyinpic.com/obj/tos-cn-i-dy/7b9e793d5b284ae79c294b6d6b00b922?lk3s=138a59ce&x-expires=2076328800&x-signature=ThfqgyWF42yKTYYGquJVIspQSWM%3D&from=327834062&s=PackSourceEnum_PUBLISH&se=false&sc=cover&biz_tag=pcweb_cover&l=20251020221329FF810B6B17C3D024C6A3'], 'width': 720, 'height': 720}, 'animated_cover': {'uri': 'tos-cn-i-dy/7b9e793d5b284ae79c294b6d6b00b922', 'url_list': ['https://p3-pc-sign.douyinpic.com/obj/tos-cn-i-dy/7b9e793d5b284ae79c294b6d6b00b922?lk3s=138a59ce&x-expires=1762178400&x-signature=0EM4AKdfYSCDXQB6B2RF6wZmmdk%3D&from=327834062_large&s=PackSourceEnum_PUBLISH&se=false&sc=dynamic_cover&biz_tag=pcweb_cover&l=20251020221329FF810B6B17C3D024C6A3', 'https://p9-pc-sign.douyinpic.com/obj/tos-cn-i-dy/7b9e793d5b284ae79c294b6d6b00b922?lk3s=138a59ce&x-expires=1762178400&x-signature=x89UOxG%2BuLZgpgfs3NYb%2BJUgsdw%3D&from=327834062_large&s=PackSourceEnum_PUBLISH&se=false&sc=dynamic_cover&biz_tag=pcweb_cover&l=20251020221329FF810B6B17C3D024C6A3']}, 'gaussian_cover': {'uri': 'tos-cn-p-0015/ooeCb7fACBEIfuAyj7GuIjQEbQt1wy2gxLuD3f', 'url_list': ['https://p3-pc-sign.douyinpic.com/tos-cn-p-0015/ooeCb7fACBEIfuAyj7GuIjQEbQt1wy2gxLuD3f~tplv-tsj2vxp0zn-gaosi:40.jpeg?lk3s=138a59ce&x-expires=1792504800&x-signature=DAjxP2F%2BPPohA%2BWf3asTQoPVvck%3D&from=327834062', 'https://p9-pc-sign.douyinpic.com/tos-cn-p-0015/ooeCb7fACBEIfuAyj7GuIjQEbQt1wy2gxLuD3f~tplv-tsj2vxp0zn-gaosi:40.jpeg?lk3s=138a59ce&x-expires=1792504800&x-signature=JsMqJhQuREI4lV5EKHijZtsud9o%3D&from=327834062'], 'width': 720, 'height': 720}, 'meta': '{"bright_ratio_mean":"0.3627","brightness_mean":"185.3806","diff_overexposure_ratio":"0.0007","enable_manual_ladder":"1","format":"mp4","gear_vqm":"{\\"1080p_720p\\":0,\\"720p_540p\\":1}","hrids":"500000002","is_spatial_video":"0","isad":"0","loudness":"-13.4","overexposure_ratio_mean":"0.2373","peak":"1","qprf":"1.000","sdgs":"[\\"normal_720_0\\",\\"low_720_0\\",\\"low_540_0\\",\\"adapt_low_540_0\\",\\"adapt_lowest_1080_1\\",\\"adapt_lowest_720_1\\",\\"adapt_540_1\\",\\"adapt_lower_540_1\\"]","sr_potential":"{\\"v1.0\\":{\\"score\\":58.37}}","sr_score":"1.000","std_brightness":"18.1593","strategy_tokens":"[\\"online\\",\\"sexp_0701_0819\\",\\"sexp_0702_0819\\",\\"sexp_reward01_0721\\",\\"sexp_reward02_0721\\"]","title_info":"{\\"avg_br_pc\\":220,\\"bottom_res_add\\":[1.09,0,0,30.59,45.04,0,0,0,0,0,0,0,0,0,0],\\"bullet_zone\\":14.4,\\"mean_br_l\\":[240.59,232.5,221.58,210.02,197.24,181.94],\\"pc60_br_l\\":[244.8,235.71,223.15,209.64,194.54,178.96],\\"progress_bar\\":[244,244,244],\\"ratio_br_l\\":[244.8,235.49,222.2,209.03,193.84,174.07],\\"ratio_br_l_thre220\\":[0.98,0.8,0.61,0.49,0.41,0.35],\\"ratio_edge_l\\":[0,0,0,0.14,0.12,0.1],\\"std_br_l\\":[31.87,25.26,17.97,14,12.56,15.01],\\"top_res_add\\":[0,0,0,0,22,40.91,3.27],\\"version\\":\\"v1.0\\"}","volume_info":"{\\"MaximumMomentaryLoudness\\":-8.2,\\"MaximumShortTermLoudness\\":-11.8,\\"Version\\":2,\\"Loudness\\":-13.4,\\"LoudnessRange\\":2.2,\\"LoudnessRangeEnd\\":-12.5,\\"LoudnessRangeStart\\":-14.7,\\"Metrics\\":{\\"Loudness\\":{\\"Integrated\\":-13.446},\\"Phase\\":{\\"RMSDownmixDiff\\":-0.084},\\"RMSStats\\":{\\"Peak\\":0.153,\\"RTotal\\":-16.44,\\"LRDiff\\":-0.139,\\"LTotal\\":-16.58},\\"Version\\":\\"1.4.2\\"},\\"Peak\\":1}","vqs_origin":"73.8"}', 'video_model': '', 'is_source_HDR': 0, 'use_static_cover': True, 'big_thumbs': [{'img_num': 57, 'uri': 'tos-cn-p-0015/ogCBXWA4iPqCIFigoQXAhyef8O49BvA2bIAjvX', 'img_url': 'https://p3-sign.douyinpic.com/tos-cn-p-0015/ogCBXWA4iPqCIFigoQXAhyef8O49BvA2bIAjvX~tplv-noop.image?cquery=100B_100H_100K_100o_101r&dy_q=1760969609&l=20251020221329FF810B6B17C3D024C6A3&x-expires=1760980465&x-signature=Ntc9Nqzn1kMe%2BBUj4rRGdz%2BhuQk%3D', 'img_x_size': 136, 'img_y_size': 240, 'img_x_len': 5, 'img_y_len': 5, 'duration': 56.566666, 'interval': 1, 'fext': 'jpg', 'uris': ['tos-cn-p-0015/ogCBXWA4iPqCIFigoQXAhyef8O49BvA2bIAjvX', 'tos-cn-p-0015/oICXAWbi9CvfXO7XygCeSIF2IA8oh4BMtvFAiB', 'tos-cn-p-0015/oEeDuWLbuQGvfjBA1uMAefIyj3Qh2tCCImKxkE'], 'img_urls': ['https://p3-sign.douyinpic.com/tos-cn-p-0015/ogCBXWA4iPqCIFigoQXAhyef8O49BvA2bIAjvX~tplv-noop.image?cquery=100B_100H_100K_100o_101r&dy_q=1760969609&l=20251020221329FF810B6B17C3D024C6A3&x-expires=1760980465&x-signature=Ntc9Nqzn1kMe%2BBUj4rRGdz%2BhuQk%3D', 'https://p3-sign.douyinpic.com/tos-cn-p-0015/oICXAWbi9CvfXO7XygCeSIF2IA8oh4BMtvFAiB~tplv-noop.image?cquery=100H_100K_100o_101r_100B&dy_q=1760969609&l=20251020221329FF810B6B17C3D024C6A3&x-expires=1760980465&x-signature=aN4JgPvjS%2BNRJ72M%2FyR3JMuyMDU%3D', 'https://p3-sign.douyinpic.com/tos-cn-p-0015/oEeDuWLbuQGvfjBA1uMAefIyj3Qh2tCCImKxkE~tplv-noop.image?cquery=100B_100H_100K_100o_101r&dy_q=1760969609&l=20251020221329FF810B6B17C3D024C6A3&x-expires=1760980465&x-signature=f%2FLVDRKItgGbc%2B%2Fl5ONevnofM%2FI%3D']}]}, 'item_aigc_follow_shot': 1, 'user_digged': 0, 'statistics': {'recommend_count': 1, 'comment_count': 1, 'digg_count': 49, 'admire_count': 0, 'play_count': 0, 'share_count': 10, 'collect_count': 27}, 'status': {'not_allow_soft_del_reason': 'ab', 'is_delete': False, 'allow_share': True, 'review_result': {'review_status': 0}, 'allow_friend_recommend_guide': True, 'part_see': 0, 'private_status': 0, 'listen_video_status': 2, 'in_reviewing': False, 'allow_self_recommend_to_friend': True, 'allow_friend_recommend': True, 'is_prohibited': False, 'enable_soft_delete': 0}, 'ent_log_extra': {'log_extra': '{"global_log_extra":null,"page_log_extra":null,"aweme_log_extra":{"ce_current_group_id":"7555852940007804200","author_id":"1965574329213736"},"extra_log_extra":null}'}, 'text_extra': [], 'is_top': 0, 'publish_plus_alienation': {'alienation_type': 0}, 'share_info': {'share_url': 'https://www.iesdouyin.com/share/video/7555852940007804200/?region=US&mid=7376172372692617243&u_code=0&did=MS4wLjABAAAAvCMmrvAxedjvycgJ9K0iX5KdtDHpyq-etIWoeicy6xniB0XMxRYv3S-CyP_GdsPs&iid=MS4wLjABAAAANwkJuWIRFOzg5uCpDRpMj4OX-QryoDgn-yYlXQnRwQQ&with_sec_did=1&video_share_track_ver=&titleType=title&share_sign=WwWyoXzrMAfauGK6owSkU2rthVyA7cCULjdpYsqGo8E-&share_version=290100&ts=1760969609&from_aid=6383&from_ssr=1&share_track_info=%7B%22link_description_type%22%3A%22%22%7D', 'share_link_desc': '5.35 i@C.Ul Tyg:/ 01/18 讨好、自卑、不配得？如果不想孩子这样请给Ta爱 其实孩子要的很简单：一个拥抱，一个亲吻，一句"你很棒"，就足够了。 # 幼儿教育# 父母课堂# 育儿# 亲子关系# 家庭教育# 孙瑞雪  %s 复制此链接，打开Dou音搜索，直接观看视频！'}, 'nearby_hot_comment': None, 'video_labels': None, 'entertainment_video_type': 3, 'is_ads': False, 'duration': 56588, 'aweme_type': 0, 'select_anchor_expanded_content': 0, 'ai_follow_images': None, 'image_infos': None, 'risk_infos': {'vote': False, 'warn': False, 'risk_sink': False, 'type': 0, 'content': ''}, 'entertainment_video_paid_way': {'paid_ways': [], 'paid_type': 0, 'enable_use_new_ent_data': False}, 'flash_mob_trends': 0, 'position': None, 'uniqid_position': None, 'comment_list': None, 'author_user_id': 1965574329213736, 'product_genre_info': {'product_genre_type': 2, 'material_genre_sub_type_set': [4], 'special_info': {'recommend_group_name': 0}}, 'geofencing': [], 'series_basic_info': {}, 'is_moment_history': 0, 'region': '', 'video_text': None, 'is_24_story': 0, 'collect_stat': 0, 'label_top_text': None, 'promotions': [], 'group_id': '7555852940007804200', 'prevent_download': False, 'nickname_position': None, 'challenge_position': None, 'shoot_way': '', 'video_share_edit_status': 0, 'friend_recommend_info': {'friend_recommend_source': 10, 'label_user_list': None, 'disable_friend_recommend_guide_label': False}, 'long_video': None, 'trends_event_track': '{}', 'aweme_listen_struct': {'trace_info': '{"copyright_not_speech":"false","copyright_reason":"not_intercept","copyright_tag_hit":"0","copyright_use_aed_default":"true","copyright_use_tag_default":"false","cp_ab":"true","desc":"","duration_over":"false","hit_high_risk":"false","media_type":"4","reason":"hit_ab_0","show":"false"}'}, 'enable_comment_sticker_rec': False, 'follow_shoot_clip_info': {'clip_video_all': 7555853027991915273, 'clip_from_platform': 7376172372692617243, 'origin_clip_id': 7376172372692617243}, 'interaction_stickers': None, 'mv_info': None, 'origin_comment_ids': None, 'commerce_config_data': None, 'caption_template_id': 0, 'video_control': {'allow_download': False, 'share_type': 0, 'show_progress_bar': 1, 'draft_progress_bar': 1, 'allow_duet': True, 'allow_react': True, 'prevent_download_type': 2, 'allow_dynamic_wallpaper': False, 'timer_status': 1, 'allow_music': True, 'allow_stitch': True, 'allow_douplus': True, 'allow_share': True, 'share_grayed': False, 'download_ignore_visibility': False, 'duet_ignore_visibility': False, 'share_ignore_visibility': False, 'download_info': {'level': 1, 'fail_info': {'code': 290002, 'reason': 'isolation_content', 'msg': '视频暂时无法保存，链接已复制'}}, 'duet_info': {'level': 0}, 'allow_record': True, 'disable_record_reason': '', 'timer_info': {'public_time': 1759572000, 'timer_status': 0}}, 'aweme_control': {'can_forward': True, 'can_share': True, 'can_comment': True, 'can_show_comment': True}, 'douplus_user_type': 0, 'is_25_story': 0, 'origin_duet_resource_uri': '', 'is_moment_story': 0, 'anchors': None, 'hybrid_label': None, 'geofencing_regions': None, 'interest_points': None, 'aweme_acl': {'download_mask_panel': {'code': 1, 'show_type': 0}}, 'personal_page_botton_diagnose_style': 0, 'is_story': 0, 'game_tag_info': {'is_game': False}, 'chapter_bar_color': None, 'follow_shot_assets': None, 'cover_labels': None, 'is_new_text_mode': 0, 'can_cache_to_local': True, 'guide_btn_type': 0, 'is_from_ad_auth': False, 'aweme_type_tags': '', 'images': None, 'relation_labels': None, 'cf_assets_type': 0, 'impression_data': {'group_id_list_a': [], 'group_id_list_b': [], 'similar_id_list_a': None, 'similar_id_list_b': None, 'group_id_list_c': [], 'group_id_list_d': []}, 'component_control': {'data_source_url': '/aweme/v1/web/aweme/post/'}, 'trends_infos': None, 'libfinsert_task_id': '', 'social_tag_list': None, 'suggest_words': {'suggest_words': [{'words': [{'word': '捕捉儿童敏感期孙瑞雪书', 'word_id': '6939132636829848839', 'info': '{"End":0,"Start":0,"ecpm_boost_tag":false,"log_pb":"","qrec_for_search":"{\\"query_ecom\\":\\"1\\"}"}'}], 'scene': 'comment_top_rec', 'icon_url': '', 'hint_text': '大家都在搜：', 'extra_info': '{"resp_from":"hit_cache"}'}, {'words': [{'word': '捕捉儿童敏感期孙瑞雪书', 'word_id': '6939132636829848839', 'info': '{"End":0,"Start":0,"ecpm_boost_tag":false,"log_pb":"","qrec_for_search":"{\\"query_ecom\\":\\"1\\"}"}'}], 'scene': 'detail_inbox_rex', 'icon_url': '', 'hint_text': '', 'extra_info': '{"resp_from":"hit_cache"}'}]}, 'show_follow_button': {}, 'duet_aggregate_in_music_tab': False, 'is_duet_sing': False, 'comment_permission_info': {'comment_permission_status': 0, 'can_comment': True, 'item_detail_entry': False, 'press_entry': False, 'toast_guide': False}, 'original_images': None, 'series_paid_info': {'series_paid_status': 0, 'item_price': 0}, 'img_bitrate': None, 'comment_gid': 7555852940007804200, 'image_album_music_info': {'begin_time': -1, 'end_time': -1, 'volume': -1}, 'video_tag': [{'tag_id': 2024, 'tag_name': '亲子', 'level': 1}, {'tag_id': 2024006, 'tag_name': '母婴', 'level': 2}, {'tag_id': 2024006003, 'tag_name': '育儿知识', 'level': 3}], 'is_collects_selected': 0, 'chapter_list': None, 'feed_comment_config': {'input_config_text': '善语结善缘，恶言伤人心', 'author_audit_status': 0, 'common_flags': '{"item_author_nickname":"孙瑞雪聊教育","video_labels_v2_tag1":"母婴","video_labels_v2_tag2":"育儿理念"}'}, 'is_image_beat': False, 'dislike_dimension_list': None, 'standard_bar_info_list': None, 'photo_search_entrance': {'ecom_type': 0}, 'is_life_item': False, 'image_list': None, 'component_info_v2': '{"desc_lines_limit":0,"hide_marquee":false}', 'item_warn_notification': {'type': 0, 'show': False, 'content': ''}, 'origin_text_extra': None, 'disable_relation_bar': 0, 'packed_clips': None, 'author_mask_tag': 0, 'user_recommend_status': 1, 'collection_corner_mark': 0, 'is_share_post': False, 'image_comment': {}, 'visual_search_info': {'is_show_img_entrance': False, 'is_ecom_img': False, 'is_high_accuracy_ecom': False, 'is_high_recall_ecom': False}, 'tts_id_list': None, 'ref_tts_id_list': None, 'voice_modify_id_list': None, 'ref_voice_modify_id_list': None, 'authentication_token': 'MS4wLjAAAAAABCn-Vf2x_mbq-ewbFX23Mrjtq5H9cjLL9L879PFkbqo4aMNodUzmHQPgN3qpfD5CSAxX1MPGiEjHAYsY_A5vvpC_LnNAMby5V5qTh7ZlxXL0EQx9D_PAAbsMok-EnSH21Um41TMRrGZbapG0urOZdu9HBo-HvxaiuXFxkP1HA_6YSsH6g9KIIEgpgMpPxs8uEOs_mldWgKquecURBJW-k3wS8-oj8vLteNnavFrcd8BqHn1FliwZLpAVel_6uBUD', 'video_game_data_channel_config': {}, 'dislike_dimension_list_v2': None, 'distribute_circle': {'distribute_type': 0, 'campus_block_interaction': False, 'is_campus': False}, 'image_crop_ctrl': 0, 'yumme_recreason': None, 'slides_music_beats': None, 'jump_tab_info_list': None, 'media_type': 4, 'reply_smart_emojis': None, 'activity_video_type': -1, 'boost_status': 0, 'create_scale_type': None, 'entertainment_product_info': {'sub_title': None, 'market_info': {'limit_free': {'in_free': False}, 'marketing_tag': None}}, 'caption': '其实孩子要的很简单：一个拥抱，一个亲吻，一句"你很棒"，就足够了。\n\n#幼儿教育#父母课堂#育儿#亲子关系#家庭教育#孙瑞雪', 'item_title': '讨好、自卑、不配得？如果不想孩子这样请给Ta爱', 'is_use_music': True, 'original': 0, 'xigua_base_info': {'status': 0, 'star_altar_order_id': 0, 'star_altar_type': 0, 'item_id': 0}, 'mark_largely_following': False}, {'aweme_id': '7555849948953201920', 'desc': '童年没有爱生命怎么活？ 爱不是童年的附加选项，而是成长的必备养分。没有被爱过的童年，就像没有阳光的种子，永远长不成参天大树。 \n#幼儿教育#父母课堂#育儿#亲子关系#家庭教育#孙瑞雪', 'create_time': 1759485600, 'author': {'uid': '1965574329213736', 'card_entries_not_display': None, 'nickname': '孙瑞雪聊教育', 'personal_tag_list': None, 'homepage_bottom_toast': None, 'avatar_thumb': {'uri': '100x100/aweme-avatar/tos-cn-avt-0015_afee5b125df955a19af4c41159ad1295', 'url_list': ['https://p3-pc.douyinpic.com/aweme/100x100/aweme-avatar/tos-cn-avt-0015_afee5b125df955a19af4c41159ad1295.jpeg?from=327834062'], 'width': 720, 'height': 720}, 'batch_unfollow_contain_tabs': None, 'not_seen_item_id_list': None, 'follow_status': 0, 'contrail_list': None, 'story_interactive': 0, 'data_label_list': None, 'custom_verify': '', 'follower_list_secondary_information_struct': None, 'display_info': None, 'interest_tags': None, 'account_cert_info': '{}', 'user_tags': None, 'share_info': {'share_url': '', 'share_weibo_desc': '', 'share_desc': '', 'share_title': '', 'share_qrcode_url': {'uri': '31b0500316c4e154852bc', 'url_list': ['https://p3-pc-sign.douyinpic.com/obj/31b0500316c4e154852bc?lk3s=138a59ce&x-expires=1760990400&x-signature=VnOegD8kfOkclbkCT%2BIUAVSkQl4%3D&from=327834062'], 'width': 720, 'height': 720}, 'share_title_myself': '', 'share_title_other': '', 'share_desc_info': ''}, 'can_set_geofencing': None, 'sec_uid': 'MS4wLjABAAAAnAFnkWlOm9jteymsi42fanYLMzfbqdGIwCILEUqDNmFyjfK9N8fSJdS_D2UWk_we', 'need_points': None, 'enterprise_verify_reason': '', 'is_ad_fake': False, 'story_ttl': 0, 'user_permissions': None, 'card_entries': None, 'creator_tag_list': None, 'offline_info_list': None, 'text_extra': None, 'card_sort_priority': None, 'prevent_download': False, 'special_people_labels': None, 'white_cover_url': None, 'endorsement_info_list': None, 'follower_status': 0, 'profile_mob_params': None, 'familiar_visitor_user': None, 'avatar_schema_list': None, 'cover_url': [{'uri': 'c8510002be9a3a61aad2', 'url_list': ['https://p3-pc-sign.douyinpic.com/obj/c8510002be9a3a61aad2?lk3s=138a59ce&x-expires=1762178400&x-signature=bEz6E0nbTH1458RtDsUU87G74Mk%3D&from=327834062'], 'width': 720, 'height': 720}], 'cf_list': None, 'im_role_ids': None, 'not_seen_item_id_list_v2': None, 'signature_extra': None, 'risk_notice_text': '', 'ban_user_functions': None, 'profile_component_disabled': None, 'verification_permission_ids': None, 'identity_labels': None, 'private_relation_list': None, 'link_item_list': None, 'batch_unfollow_relation_desc': None}, 'music': {'id': 7555849953256540970, 'id_str': '7555849953256540970', 'title': '@孙瑞雪聊教育创作的原声', 'author': '孙瑞雪聊教育', 'album': '', 'cover_hd': {'uri': '1080x1080/aweme-avatar/tos-cn-avt-0015_afee5b125df955a19af4c41159ad1295', 'url_list': ['https://p3-pc.douyinpic.com/aweme/1080x1080/aweme-avatar/tos-cn-avt-0015_afee5b125df955a19af4c41159ad1295.jpeg?from=327834062'], 'width': 720, 'height': 720}, 'cover_large': {'uri': '1080x1080/aweme-avatar/tos-cn-avt-0015_afee5b125df955a19af4c41159ad1295', 'url_list': ['https://p3-pc.douyinpic.com/aweme/1080x1080/aweme-avatar/tos-cn-avt-0015_afee5b125df955a19af4c41159ad1295.jpeg?from=327834062'], 'width': 720, 'height': 720}, 'cover_medium': {'uri': '720x720/aweme-avatar/tos-cn-avt-0015_afee5b125df955a19af4c41159ad1295', 'url_list': ['https://p3-pc.douyinpic.com/aweme/720x720/aweme-avatar/tos-cn-avt-0015_afee5b125df955a19af4c41159ad1295.jpeg?from=327834062'], 'width': 720, 'height': 720}, 'cover_thumb': {'uri': '100x100/aweme-avatar/tos-cn-avt-0015_afee5b125df955a19af4c41159ad1295', 'url_list': ['https://p3-pc.douyinpic.com/aweme/100x100/aweme-avatar/tos-cn-avt-0015_afee5b125df955a19af4c41159ad1295.jpeg?from=327834062'], 'width': 720, 'height': 720}, 'play_url': {'uri': 'https://lf9-music-east.douyinstatic.com/obj/ies-music-hj/7555850066158701372.mp3', 'url_list': ['https://lf9-music-east.douyinstatic.com/obj/ies-music-hj/7555850066158701372.mp3', 'https://lf26-music-east.douyinstatic.com/obj/ies-music-hj/7555850066158701372.mp3'], 'width': 720, 'height': 720, 'url_key': '7555849953256540970'}, 'schema_url': '', 'source_platform': 23, 'start_time': 0, 'end_time': 0, 'duration': 28, 'extra': '{"aed_singing_score":0.02,"aggregate_exempt_conf":[],"beats":{},"cover_colors":null,"douyin_beats_info":{},"dsp_switch":0,"extract_item_id":7555849948953201920,"has_edited":0,"hit_high_follow_auto":false,"hit_high_follow_extend":false,"hit_high_follow_original":false,"hotsoon_review_time":-1,"is_aed_music":0,"is_high_follow_user":false,"is_red":0,"is_subsidy_exp":false,"music_label_id":null,"music_tagging":{"AEDs":null,"Genres":null,"Instruments":null,"Languages":null,"Moods":null,"SingingVersions":null,"Themes":null},"review_unshelve_reason":0,"reviewed":0,"schedule_search_time":0,"uniqa_speech_score":0.98,"with_aed_model":0}', 'user_count': 0, 'position': None, 'collect_stat': 0, 'status': 1, 'offline_desc': '', 'owner_id': '1965574329213736', 'owner_nickname': '孙瑞雪聊教育', 'is_original': False, 'mid': '7555849953256540970', 'binded_challenge_id': 0, 'redirect': False, 'is_restricted': False, 'author_deleted': False, 'is_del_video': False, 'is_video_self_see': False, 'owner_handle': '63566855132', 'author_position': None, 'prevent_download': False, 'unshelve_countries': None, 'prevent_item_download_status': 0, 'external_song_info': [], 'sec_uid': 'MS4wLjABAAAAnAFnkWlOm9jteymsi42fanYLMzfbqdGIwCILEUqDNmFyjfK9N8fSJdS_D2UWk_we', 'avatar_thumb': {'uri': '100x100/aweme-avatar/tos-cn-avt-0015_afee5b125df955a19af4c41159ad1295', 'url_list': ['https://p3-pc.douyinpic.com/aweme/100x100/aweme-avatar/tos-cn-avt-0015_afee5b125df955a19af4c41159ad1295.jpeg?from=327834062'], 'width': 720, 'height': 720}, 'avatar_medium': {'uri': '720x720/aweme-avatar/tos-cn-avt-0015_afee5b125df955a19af4c41159ad1295', 'url_list': ['https://p3-pc.douyinpic.com/aweme/720x720/aweme-avatar/tos-cn-avt-0015_afee5b125df955a19af4c41159ad1295.jpeg?from=327834062'], 'width': 720, 'height': 720}, 'avatar_large': {'uri': '1080x1080/aweme-avatar/tos-cn-avt-0015_afee5b125df955a19af4c41159ad1295', 'url_list': ['https://p3-pc.douyinpic.com/aweme/1080x1080/aweme-avatar/tos-cn-avt-0015_afee5b125df955a19af4c41159ad1295.jpeg?from=327834062'], 'width': 720, 'height': 720}, 'preview_start_time': 0, 'preview_end_time': 0, 'is_commerce_music': False, 'is_original_sound': True, 'audition_duration': 28, 'shoot_duration': 28, 'reason_type': 0, 'artists': [], 'lyric_short_position': None, 'mute_share': False, 'tag_list': None, 'dmv_auto_show': False, 'is_pgc': False, 'is_matched_metadata': False, 'is_audio_url_with_cookie': False, 'music_chart_ranks': None, 'can_background_play': True, 'music_status': 1, 'video_duration': 28, 'pgc_music_type': 2, 'author_status': 1, 'search_impr': {'entity_id': '7555849953256540970'}, 'artist_user_infos': None, 'dsp_status': 10, 'musician_user_infos': None, 'music_collect_count': 0, 'music_cover_atmosphere_color_value': '', 'show_origin_clip': False}, 'effect_inflow_effects': None, 'video': {'play_addr': {'uri': 'v0300fg10000d3dsa27og65k6mp32nhg', 'url_list': ['https://v5-dy-o-abtest.zjcdn.com/1c519e1466947d720071c0e13d031980/68f66dd5/video/tos/cn/tos-cn-ve-15/ocNII3QiaPIPBBbxDCFUpAEXg0NQIwvBAwij6/?a=6383&ch=10010&cr=3&dr=0&lr=all&cd=0%7C0%7C0%7C3&cv=1&br=875&bt=875&cs=0&ds=4&ft=c2YTctGHQPRUZxfusdr~kwPqYldQIKDEE-TerrNqq_45a&mime_type=video_mp4&qs=0&rc=ODg2NWg7aGhoOjlmO2Y7ZEBpanE2cG45cjV2NjMzNGkzM0BhM2FhXy9iXy8xYy0tMDFeYSNlL20zMmQ0XmFhLS1kLTBzcw%3D%3D&btag=80000e00010000&cquery=101r_100B_100H_100K_100o&dy_q=1760969609&feature_id=0ea98fd3bdc3c6c14a3d0804cc272721&l=20251020221329FF810B6B17C3D024C6A3', 'https://v5-dy-o-abtest.zjcdn.com/1c519e1466947d720071c0e13d031980/68f66dd5/video/tos/cn/tos-cn-ve-15/ocNII3QiaPIPBBbxDCFUpAEXg0NQIwvBAwij6/?a=6383&ch=10010&cr=3&dr=0&lr=all&cd=0%7C0%7C0%7C3&cv=1&br=875&bt=875&cs=0&ds=4&ft=c2YTctGHQPRUZxfusdr~kwPqYldQIKDEE-TerrNqq_45a&mime_type=video_mp4&qs=0&rc=ODg2NWg7aGhoOjlmO2Y7ZEBpanE2cG45cjV2NjMzNGkzM0BhM2FhXy9iXy8xYy0tMDFeYSNlL20zMmQ0XmFhLS1kLTBzcw%3D%3D&btag=80000e00010000&cquery=100B_100H_100K_100o_101r&dy_q=1760969609&feature_id=0ea98fd3bdc3c6c14a3d0804cc272721&l=20251020221329FF810B6B17C3D024C6A3', 'https://www.douyin.com/aweme/v1/play/?video_id=v0300fg10000d3dsa27og65k6mp32nhg&line=0&file_id=aa483c080cf6472ebeee28bed2d365d5&sign=1eddf62dffcdf6ab1ff3eedc09043a0b&is_play_url=1&source=PackSourceEnum_PUBLISH'], 'width': 1080, 'height': 1920, 'url_key': 'v0300fg10000d3dsa27og65k6mp32nhg_h264_1080p_896220', 'data_size': 3176207, 'file_hash': '1eddf62dffcdf6ab1ff3eedc09043a0b', 'file_cs': 'c:0-24794-e611|d:0-1588102-f8a6,1588103-3176206-4c65|a:v0300fg10000d3dsa27og65k6mp32nhg'}, 'cover': {'uri': 'tos-cn-i-dy/3efec3bd019e40d48519d733528fa06b', 'url_list': ['https://p3-pc-sign.douyinpic.com/tos-cn-i-dy/3efec3bd019e40d48519d733528fa06b~tplv-dy-cropcenter:323:430.jpeg?lk3s=138a59ce&x-expires=2076328800&x-signature=vHYdc7svlUDxCR8u8ElKOSwsHT8%3D&from=327834062&s=PackSourceEnum_PUBLISH&se=true&sh=323_430&sc=cover&biz_tag=pcweb_cover&l=20251020221329FF810B6B17C3D024C6A3', 'https://p3-pc-sign.douyinpic.com/obj/tos-cn-i-dy/3efec3bd019e40d48519d733528fa06b?lk3s=138a59ce&x-expires=2076328800&x-signature=v7aYF0j%2B9Aab0PuTon94lGlB77k%3D&from=327834062&s=PackSourceEnum_PUBLISH&se=false&sc=cover&biz_tag=pcweb_cover&l=20251020221329FF810B6B17C3D024C6A3'], 'width': 720, 'height': 720}, 'height': 1920, 'width': 1080, 'dynamic_cover': {'uri': 'tos-cn-i-dy/3efec3bd019e40d48519d733528fa06b', 'url_list': ['https://p3-pc-sign.douyinpic.com/obj/tos-cn-i-dy/3efec3bd019e40d48519d733528fa06b?lk3s=138a59ce&x-expires=1762178400&x-signature=0pHRhf%2Fn4%2BSo%2Fo0KnVFQCgJDus4%3D&from=327834062_large&s=PackSourceEnum_PUBLISH&se=false&sc=dynamic_cover&biz_tag=pcweb_cover&l=20251020221329FF810B6B17C3D024C6A3', 'https://p9-pc-sign.douyinpic.com/obj/tos-cn-i-dy/3efec3bd019e40d48519d733528fa06b?lk3s=138a59ce&x-expires=1762178400&x-signature=NeAmgATp9wh4z4p42v28GHmZ0kA%3D&from=327834062_large&s=PackSourceEnum_PUBLISH&se=false&sc=dynamic_cover&biz_tag=pcweb_cover&l=20251020221329FF810B6B17C3D024C6A3'], 'width': 720, 'height': 720}, 'origin_cover': {'uri': 'tos-cn-p-0015/oovQFwuxbIKvjtCi8PrBNHAPiaAXAN0ZIxIbI', 'url_list': ['https://p3-pc-sign.douyinpic.com/tos-cn-p-0015/oovQFwuxbIKvjtCi8PrBNHAPiaAXAN0ZIxIbI~tplv-dy-360p.jpeg?lk3s=138a59ce&x-expires=1762178400&x-signature=5KESQf7OrLmsqjintCufCyaxoQg%3D&from=327834062&s=PackSourceEnum_PUBLISH&se=false&sc=origin_cover&biz_tag=pcweb_cover&l=20251020221329FF810B6B17C3D024C6A3', 'https://p9-pc-sign.douyinpic.com/tos-cn-p-0015/oovQFwuxbIKvjtCi8PrBNHAPiaAXAN0ZIxIbI~tplv-dy-360p.jpeg?lk3s=138a59ce&x-expires=1762178400&x-signature=Z1460KesmRX0AF5adItlrhwvTog%3D&from=327834062&s=PackSourceEnum_PUBLISH&se=false&sc=origin_cover&biz_tag=pcweb_cover&l=20251020221329FF810B6B17C3D024C6A3'], 'width': 360, 'height': 640}, 'ratio': '1080p', 'format': 'mp4', 'audio': {'original_sound_infos': None}, 'bit_rate': [{'gear_name': 'normal_1080_0', 'quality_type': 1, 'bit_rate': 896220, 'play_addr': {'uri': 'v0300fg10000d3dsa27og65k6mp32nhg', 'url_list': ['https://v5-dy-o-abtest.zjcdn.com/1c519e1466947d720071c0e13d031980/68f66dd5/video/tos/cn/tos-cn-ve-15/ocNII3QiaPIPBBbxDCFUpAEXg0NQIwvBAwij6/?a=6383&ch=10010&cr=3&dr=0&lr=all&cd=0%7C0%7C0%7C3&cv=1&br=875&bt=875&cs=0&ds=4&ft=c2YTctGHQPRUZxfusdr~kwPqYldQIKDEE-TerrNqq_45a&mime_type=video_mp4&qs=0&rc=ODg2NWg7aGhoOjlmO2Y7ZEBpanE2cG45cjV2NjMzNGkzM0BhM2FhXy9iXy8xYy0tMDFeYSNlL20zMmQ0XmFhLS1kLTBzcw%3D%3D&btag=80000e00010000&cquery=101r_100B_100H_100K_100o&dy_q=1760969609&feature_id=0ea98fd3bdc3c6c14a3d0804cc272721&l=20251020221329FF810B6B17C3D024C6A3', 'https://v5-dy-o-abtest.zjcdn.com/1c519e1466947d720071c0e13d031980/68f66dd5/video/tos/cn/tos-cn-ve-15/ocNII3QiaPIPBBbxDCFUpAEXg0NQIwvBAwij6/?a=6383&ch=10010&cr=3&dr=0&lr=all&cd=0%7C0%7C0%7C3&cv=1&br=875&bt=875&cs=0&ds=4&ft=c2YTctGHQPRUZxfusdr~kwPqYldQIKDEE-TerrNqq_45a&mime_type=video_mp4&qs=0&rc=ODg2NWg7aGhoOjlmO2Y7ZEBpanE2cG45cjV2NjMzNGkzM0BhM2FhXy9iXy8xYy0tMDFeYSNlL20zMmQ0XmFhLS1kLTBzcw%3D%3D&btag=80000e00010000&cquery=100B_100H_100K_100o_101r&dy_q=1760969609&feature_id=0ea98fd3bdc3c6c14a3d0804cc272721&l=20251020221329FF810B6B17C3D024C6A3', 'https://www.douyin.com/aweme/v1/play/?video_id=v0300fg10000d3dsa27og65k6mp32nhg&line=0&file_id=aa483c080cf6472ebeee28bed2d365d5&sign=1eddf62dffcdf6ab1ff3eedc09043a0b&is_play_url=1&source=PackSourceEnum_PUBLISH'], 'width': 1080, 'height': 1920, 'url_key': 'v0300fg10000d3dsa27og65k6mp32nhg_h264_1080p_896220', 'data_size': 3176207, 'file_hash': '1eddf62dffcdf6ab1ff3eedc09043a0b', 'file_cs': 'c:0-24794-e611|d:0-1588102-f8a6,1588103-3176206-4c65|a:v0300fg10000d3dsa27og65k6mp32nhg'}, 'is_h265': 0, 'is_bytevc1': 0, 'HDR_type': '', 'HDR_bit': '', 'FPS': 30, 'video_extra': '{"PktOffsetMap":"[{\\"time\\": 1, \\"offset\\": 154066}, {\\"time\\": 2, \\"offset\\": 191825}, {\\"time\\": 3, \\"offset\\": 224341}, {\\"time\\": 4, \\"offset\\": 333831}, {\\"time\\": 5, \\"offset\\": 397197}, {\\"time\\": 10, \\"offset\\": 1712648}]","format":"mp4","definition":"1080p","quality":"normal","file_id":"aa483c080cf6472ebeee28bed2d365d5","applog_map":{"feature_id":"0ea98fd3bdc3c6c14a3d0804cc272721"},"audio_channels":"2.0","audio_sample_rate":"44100","audio_metrics":null,"audio_score":null}', 'format': 'mp4'}, {'gear_name': 'normal_720_0', 'quality_type': 10, 'bit_rate': 663091, 'play_addr': {'uri': 'v0300fg10000d3dsa27og65k6mp32nhg', 'url_list': ['https://v5-dy-o-abtest.zjcdn.com/105859993dee9619c66c1aafd38a4b93/68f66dd5/video/tos/cn/tos-cn-ve-15/okwiQPjCPbAINB0NiQxWXabWbFEIIaPPCAvrx/?a=6383&ch=10010&cr=3&dr=0&lr=all&cd=0%7C0%7C0%7C3&cv=1&br=647&bt=647&cs=0&ds=3&ft=c2YTctGHQPRUZxfusdr~kwPqYldQIKDEE-TerrNqq_45a&mime_type=video_mp4&qs=0&rc=ZmdoNzdpOTZlOTc3ZDs6M0BpanE2cG45cjV2NjMzNGkzM0A1NDVfMC0yXy0xMGM2YjM0YSNlL20zMmQ0XmFhLS1kLTBzcw%3D%3D&btag=80000e00010000&cquery=100o_101r_100B_100H_100K&dy_q=1760969609&feature_id=fea919893f650a8c49286568590446ef&l=20251020221329FF810B6B17C3D024C6A3', 'https://v5-dy-o-abtest.zjcdn.com/105859993dee9619c66c1aafd38a4b93/68f66dd5/video/tos/cn/tos-cn-ve-15/okwiQPjCPbAINB0NiQxWXabWbFEIIaPPCAvrx/?a=6383&ch=10010&cr=3&dr=0&lr=all&cd=0%7C0%7C0%7C3&cv=1&br=647&bt=647&cs=0&ds=3&ft=c2YTctGHQPRUZxfusdr~kwPqYldQIKDEE-TerrNqq_45a&mime_type=video_mp4&qs=0&rc=ZmdoNzdpOTZlOTc3ZDs6M0BpanE2cG45cjV2NjMzNGkzM0A1NDVfMC0yXy0xMGM2YjM0YSNlL20zMmQ0XmFhLS1kLTBzcw%3D%3D&btag=80000e00010000&cquery=100B_100H_100K_100o_101r&dy_q=1760969609&feature_id=fea919893f650a8c49286568590446ef&l=20251020221329FF810B6B17C3D024C6A3', 'https://www.douyin.com/aweme/v1/play/?video_id=v0300fg10000d3dsa27og65k6mp32nhg&line=0&file_id=7067e89af434460bb3560f34b48e7d8c&sign=a8ba2fc9bf8b27de1bb58eebf0a40b78&is_play_url=1&source=PackSourceEnum_PUBLISH'], 'width': 720, 'height': 1280, 'url_key': 'v0300fg10000d3dsa27og65k6mp32nhg_h264_720p_663091', 'data_size': 2349998, 'file_hash': 'a8ba2fc9bf8b27de1bb58eebf0a40b78', 'file_cs': 'c:0-32237-8444|d:0-1174998-c028,1174999-2349997-15aa|a:v0300fg10000d3dsa27og65k6mp32nhg'}, 'is_h265': 0, 'is_bytevc1': 0, 'HDR_type': '', 'HDR_bit': '', 'FPS': 30, 'video_extra': '{"PktOffsetMap":"[{\\"time\\": 1, \\"offset\\": 127931}, {\\"time\\": 2, \\"offset\\": 158076}, {\\"time\\": 3, \\"offset\\": 190254}, {\\"time\\": 4, \\"offset\\": 272205}, {\\"time\\": 5, \\"offset\\": 325369}, {\\"time\\": 10, \\"offset\\": 1165254}]","format":"mp4","definition":"720p","quality":"normal","file_id":"7067e89af434460bb3560f34b48e7d8c","applog_map":{"feature_id":"fea919893f650a8c49286568590446ef"},"audio_channels":"2.0","audio_sample_rate":"44100","audio_metrics":null,"audio_score":null}', 'format': 'mp4'}, {'gear_name': 'low_720_0', 'quality_type': 211, 'bit_rate': 572535, 'play_addr': {'uri': 'v0300fg10000d3dsa27og65k6mp32nhg', 'url_list': ['https://v5-dy-o-abtest.zjcdn.com/abec7fecd1f0ca37e6b7af8a73a3e279/68f66dd5/video/tos/cn/tos-cn-ve-15/oIEwAjkPFAQi0I7PaCv8NBNbyQiIxpBIX36bR/?a=6383&ch=10010&cr=3&dr=0&lr=all&cd=0%7C0%7C0%7C3&cv=1&br=559&bt=559&cs=0&ds=3&ft=c2YTctGHQPRUZxfusdr~kwPqYldQIKDEE-TerrNqq_45a&mime_type=video_mp4&qs=1&rc=OmY5ZDc4PDw6NWc0aWY5OEBpanE2cG45cjV2NjMzNGkzM0AvYy0zLzE0NmMxYDE2LmBiYSNlL20zMmQ0XmFhLS1kLTBzcw%3D%3D&btag=80000e00010000&cquery=100K_100o_101r_100B_100H&dy_q=1760969609&feature_id=0ea98fd3bdc3c6c14a3d0804cc272721&l=20251020221329FF810B6B17C3D024C6A3', 'https://v5-dy-o-abtest.zjcdn.com/abec7fecd1f0ca37e6b7af8a73a3e279/68f66dd5/video/tos/cn/tos-cn-ve-15/oIEwAjkPFAQi0I7PaCv8NBNbyQiIxpBIX36bR/?a=6383&ch=10010&cr=3&dr=0&lr=all&cd=0%7C0%7C0%7C3&cv=1&br=559&bt=559&cs=0&ds=3&ft=c2YTctGHQPRUZxfusdr~kwPqYldQIKDEE-TerrNqq_45a&mime_type=video_mp4&qs=1&rc=OmY5ZDc4PDw6NWc0aWY5OEBpanE2cG45cjV2NjMzNGkzM0AvYy0zLzE0NmMxYDE2LmBiYSNlL20zMmQ0XmFhLS1kLTBzcw%3D%3D&btag=80000e00010000&cquery=100o_101r_100B_100H_100K&dy_q=1760969609&feature_id=0ea98fd3bdc3c6c14a3d0804cc272721&l=20251020221329FF810B6B17C3D024C6A3', 'https://www.douyin.com/aweme/v1/play/?video_id=v0300fg10000d3dsa27og65k6mp32nhg&line=0&file_id=e5c61c9f41cd42f7997945246a06fc27&sign=3202b0e9264c127d427c8a8cb5121127&is_play_url=1&source=PackSourceEnum_PUBLISH'], 'width': 720, 'height': 1280, 'url_key': 'v0300fg10000d3dsa27og65k6mp32nhg_h264_720p_572535', 'data_size': 2029066, 'file_hash': '3202b0e9264c127d427c8a8cb5121127', 'file_cs': 'c:0-24792-cad6|d:0-1014532-ce35,1014533-2029065-b156|a:v0300fg10000d3dsa27og65k6mp32nhg'}, 'is_h265': 0, 'is_bytevc1': 0, 'HDR_type': '', 'HDR_bit': '', 'FPS': 30, 'video_extra': '{"PktOffsetMap":"[{\\"time\\": 1, \\"offset\\": 111853}, {\\"time\\": 2, \\"offset\\": 132093}, {\\"time\\": 3, \\"offset\\": 154442}, {\\"time\\": 4, \\"offset\\": 229558}, {\\"time\\": 5, \\"offset\\": 273657}, {\\"time\\": 10, \\"offset\\": 1026163}]","format":"mp4","definition":"720p","quality":"low","file_id":"e5c61c9f41cd42f7997945246a06fc27","applog_map":{"feature_id":"0ea98fd3bdc3c6c14a3d0804cc272721"},"audio_channels":"2.0","audio_sample_rate":"44100","audio_metrics":null,"audio_score":null}', 'format': 'mp4'}, {'gear_name': 'low_540_0', 'quality_type': 292, 'bit_rate': 524645, 'play_addr': {'uri': 'v0300fg10000d3dsa27og65k6mp32nhg', 'url_list': ['https://v5-dy-o-abtest.zjcdn.com/e04087e3842f2bcc7d3087ea5cd825be/68f66dd5/video/tos/cn/tos-cn-ve-15/o8DabpfUgRv8oFDAzZoBAIDGE2IAyQ2g9ifiT2/?a=6383&ch=10010&cr=3&dr=0&lr=all&cd=0%7C0%7C0%7C3&cv=1&br=512&bt=512&cs=0&ds=6&ft=c2YTctGHQPRUZxfusdr~kwPqYldQIKDEE-TerrNqq_45a&mime_type=video_mp4&qs=1&rc=OjozZjNpaTw1NjU2Njk4ZkBpanE2cG45cjV2NjMzNGkzM0AxMF42LWFgNV8xNjIxLmM1YSNlL20zMmQ0XmFhLS1kLTBzcw%3D%3D&btag=80000e00010000&cquery=100B_100H_100K_100o_101r&dy_q=1760969609&feature_id=0ea98fd3bdc3c6c14a3d0804cc272721&l=20251020221329FF810B6B17C3D024C6A3', 'https://v5-dy-o-abtest.zjcdn.com/e04087e3842f2bcc7d3087ea5cd825be/68f66dd5/video/tos/cn/tos-cn-ve-15/o8DabpfUgRv8oFDAzZoBAIDGE2IAyQ2g9ifiT2/?a=6383&ch=10010&cr=3&dr=0&lr=all&cd=0%7C0%7C0%7C3&cv=1&br=512&bt=512&cs=0&ds=6&ft=c2YTctGHQPRUZxfusdr~kwPqYldQIKDEE-TerrNqq_45a&mime_type=video_mp4&qs=1&rc=OjozZjNpaTw1NjU2Njk4ZkBpanE2cG45cjV2NjMzNGkzM0AxMF42LWFgNV8xNjIxLmM1YSNlL20zMmQ0XmFhLS1kLTBzcw%3D%3D&btag=80000e00010000&cquery=100o_101r_100B_100H_100K&dy_q=1760969609&feature_id=0ea98fd3bdc3c6c14a3d0804cc272721&l=20251020221329FF810B6B17C3D024C6A3', 'https://www.douyin.com/aweme/v1/play/?video_id=v0300fg10000d3dsa27og65k6mp32nhg&line=0&file_id=8cf51643539243b289cfdf009ca03747&sign=b942fc00f1a791a29e569517787fc23c&is_play_url=1&source=PackSourceEnum_PUBLISH'], 'width': 576, 'height': 1024, 'url_key': 'v0300fg10000d3dsa27og65k6mp32nhg_h264_540p_524645', 'data_size': 1859345, 'file_hash': 'b942fc00f1a791a29e569517787fc23c', 'file_cs': 'c:0-24776-b550|d:0-929671-03ac,929672-1859344-b144|a:v0300fg10000d3dsa27og65k6mp32nhg'}, 'is_h265': 0, 'is_bytevc1': 0, 'HDR_type': '', 'HDR_bit': '', 'FPS': 30, 'video_extra': '{"PktOffsetMap":"[{\\"time\\": 1, \\"offset\\": 106297}, {\\"time\\": 2, \\"offset\\": 125392}, {\\"time\\": 3, \\"offset\\": 145667}, {\\"time\\": 4, \\"offset\\": 211993}, {\\"time\\": 5, \\"offset\\": 252976}, {\\"time\\": 10, \\"offset\\": 918412}]","format":"mp4","definition":"540p","quality":"low","file_id":"8cf51643539243b289cfdf009ca03747","applog_map":{"feature_id":"0ea98fd3bdc3c6c14a3d0804cc272721"},"audio_channels":"2.0","audio_sample_rate":"44100","audio_metrics":null,"audio_score":null}', 'format': 'mp4'}, {'gear_name': 'adapt_low_540_0', 'quality_type': 291, 'bit_rate': 357891, 'play_addr': {'uri': 'v0300fg10000d3dsa27og65k6mp32nhg', 'url_list': ['https://v5-dy-o-abtest.zjcdn.com/0ec837410e33d1f8c7366bafc23f68ff/68f66dd5/video/tos/cn/tos-cn-ve-15/oAa2QuBoAgaIK29GCEfTfgvA3IGD2FoU8DilRA/?a=6383&ch=10010&cr=3&dr=0&lr=all&cd=0%7C0%7C0%7C3&cv=1&br=349&bt=349&cs=0&ds=6&ft=c2YTctGHQPRUZxfusdr~kwPqYldQIKDEE-TerrNqq_45a&mime_type=video_mp4&qs=12&rc=NWQ1ZDQ2NjZoZTloOmU5OEBpanE2cG45cjV2NjMzNGkzM0BgYmFiMzEvNTIxYy9gYjA1YSNlL20zMmQ0XmFhLS1kLTBzcw%3D%3D&btag=80000e00010000&cquery=100K_100o_101r_100B_100H&dy_q=1760969609&feature_id=0ea98fd3bdc3c6c14a3d0804cc272721&l=20251020221329FF810B6B17C3D024C6A3', 'https://v5-dy-o-abtest.zjcdn.com/0ec837410e33d1f8c7366bafc23f68ff/68f66dd5/video/tos/cn/tos-cn-ve-15/oAa2QuBoAgaIK29GCEfTfgvA3IGD2FoU8DilRA/?a=6383&ch=10010&cr=3&dr=0&lr=all&cd=0%7C0%7C0%7C3&cv=1&br=349&bt=349&cs=0&ds=6&ft=c2YTctGHQPRUZxfusdr~kwPqYldQIKDEE-TerrNqq_45a&mime_type=video_mp4&qs=12&rc=NWQ1ZDQ2NjZoZTloOmU5OEBpanE2cG45cjV2NjMzNGkzM0BgYmFiMzEvNTIxYy9gYjA1YSNlL20zMmQ0XmFhLS1kLTBzcw%3D%3D&btag=80000e00010000&cquery=100K_100o_101r_100B_100H&dy_q=1760969609&feature_id=0ea98fd3bdc3c6c14a3d0804cc272721&l=20251020221329FF810B6B17C3D024C6A3', 'https://www.douyin.com/aweme/v1/play/?video_id=v0300fg10000d3dsa27og65k6mp32nhg&line=0&file_id=8536ebc72ef64b5e83234361ead2eac2&sign=0c69b300d7e77fbdc6d07a41bd36f770&is_play_url=1&source=PackSourceEnum_PUBLISH'], 'width': 576, 'height': 1024, 'url_key': 'v0300fg10000d3dsa27og65k6mp32nhg_h264_540p_357891', 'data_size': 1268367, 'file_hash': '0c69b300d7e77fbdc6d07a41bd36f770', 'file_cs': 'c:0-24783-d4e0|d:0-634182-cb4c,634183-1268366-b404|a:v0300fg10000d3dsa27og65k6mp32nhg'}, 'is_h265': 0, 'is_bytevc1': 0, 'HDR_type': '', 'HDR_bit': '', 'FPS': 30, 'video_extra': '{"PktOffsetMap":"[{\\"time\\": 1, \\"offset\\": 87232}, {\\"time\\": 2, \\"offset\\": 102522}, {\\"time\\": 3, \\"offset\\": 118555}, {\\"time\\": 4, \\"offset\\": 167061}, {\\"time\\": 5, \\"offset\\": 195239}, {\\"time\\": 10, \\"offset\\": 617612}]","format":"mp4","definition":"540p","quality":"adapt_low","file_id":"8536ebc72ef64b5e83234361ead2eac2","applog_map":{"feature_id":"0ea98fd3bdc3c6c14a3d0804cc272721"},"audio_channels":"2.0","audio_sample_rate":"44100","audio_metrics":null,"audio_score":null}', 'format': 'mp4'}, {'gear_name': 'adapt_lowest_1080_1', 'quality_type': 2, 'bit_rate': 315903, 'play_addr': {'uri': 'v0300fg10000d3dsa27og65k6mp32nhg', 'url_list': ['https://v5-dy-o-abtest.zjcdn.com/ffd3e819ecec2a9e48e225ee4023896c/68f66dd5/video/tos/cn/tos-cn-ve-15/o0IiQGFCI2DI7vlfAgDAIU2o9aogtBuAC8ERfq/?a=6383&ch=10010&cr=3&dr=0&lr=all&cd=0%7C0%7C0%7C3&cv=1&br=308&bt=308&cs=2&ds=4&ft=c2YTctGHQPRUZxfusdr~kwPqYldQIKDEE-TerrNqq_45a&mime_type=video_mp4&qs=15&rc=ZGdpOjNmNmk6ZGdkaGY8OEBpanE2cG45cjV2NjMzNGkzM0AxLy8vNDMtNjYxNi5gNTReYSNlL20zMmQ0XmFhLS1kLTBzcw%3D%3D&btag=80000e00010000&cquery=100K_100o_101r_100B_100H&dy_q=1760969609&feature_id=b38008770b4e09863331b14b26bcdc23&l=20251020221329FF810B6B17C3D024C6A3', 'https://v5-dy-o-abtest.zjcdn.com/ffd3e819ecec2a9e48e225ee4023896c/68f66dd5/video/tos/cn/tos-cn-ve-15/o0IiQGFCI2DI7vlfAgDAIU2o9aogtBuAC8ERfq/?a=6383&ch=10010&cr=3&dr=0&lr=all&cd=0%7C0%7C0%7C3&cv=1&br=308&bt=308&cs=2&ds=4&ft=c2YTctGHQPRUZxfusdr~kwPqYldQIKDEE-TerrNqq_45a&mime_type=video_mp4&qs=15&rc=ZGdpOjNmNmk6ZGdkaGY8OEBpanE2cG45cjV2NjMzNGkzM0AxLy8vNDMtNjYxNi5gNTReYSNlL20zMmQ0XmFhLS1kLTBzcw%3D%3D&btag=80000e00010000&cquery=100B_100H_100K_100o_101r&dy_q=1760969609&feature_id=b38008770b4e09863331b14b26bcdc23&l=20251020221329FF810B6B17C3D024C6A3', 'https://www.douyin.com/aweme/v1/play/?video_id=v0300fg10000d3dsa27og65k6mp32nhg&line=0&file_id=a5798cce1a9d4a979f036c70272f2d4a&sign=f7bffa2e76f5f0be6d7ba534c44a968c&is_play_url=1&source=PackSourceEnum_PUBLISH'], 'width': 1080, 'height': 1920, 'url_key': 'v0300fg10000d3dsa27og65k6mp32nhg_bytevc1_1080p_315903', 'data_size': 1119562, 'file_hash': 'f7bffa2e76f5f0be6d7ba534c44a968c', 'file_cs': 'c:0-25001-98b2|d:0-559780-4401,559781-1119561-6b10|a:v0300fg10000d3dsa27og65k6mp32nhg'}, 'is_h265': 1, 'is_bytevc1': 1, 'HDR_type': '', 'HDR_bit': '', 'FPS': 30, 'video_extra': '{"PktOffsetMap":"[{\\"time\\": 1, \\"offset\\": 80385}, {\\"time\\": 2, \\"offset\\": 92705}, {\\"time\\": 3, \\"offset\\": 105006}, {\\"time\\": 4, \\"offset\\": 147256}, {\\"time\\": 5, \\"offset\\": 179541}, {\\"time\\": 10, \\"offset\\": 582021}]","format":"mp4","definition":"1080p","quality":"adapt_lowest","file_id":"a5798cce1a9d4a979f036c70272f2d4a","applog_map":{"feature_id":"b38008770b4e09863331b14b26bcdc23"},"mvmaf":"{\\"mvmaf_sr_v1080\\":98.784,\\"mvmaf_sr_v960\\":98.944,\\"mvmaf_sr_v864\\":99.11,\\"mvmaf_sr_v720\\":99.172,\\"mvmaf_ori_v1080\\":93.113,\\"mvmaf_ori_v960\\":93.275,\\"mvmaf_ori_v864\\":93.763,\\"mvmaf_ori_v720\\":95.001}","ufq":"{\\"enh\\":94.332,\\"playback\\":{\\"ori\\":91.445,\\"srv1\\":92.889},\\"src\\":94.332,\\"trans\\":91.445,\\"version\\":\\"v1.0\\"}","audio_channels":"2.0","audio_sample_rate":"44100","audio_metrics":null,"audio_score":null}', 'format': 'mp4'}, {'gear_name': 'adapt_lowest_720_1', 'quality_type': 15, 'bit_rate': 274724, 'play_addr': {'uri': 'v0300fg10000d3dsa27og65k6mp32nhg', 'url_list': ['https://v5-dy-o-abtest.zjcdn.com/680fffdc628ec0f889d983ba6f1b242c/68f66dd5/video/tos/cn/tos-cn-ve-15/ogvooom2fAB7d2DIAMKfUaIgRF9q829tiDEQAG/?a=6383&ch=10010&cr=3&dr=0&lr=all&cd=0%7C0%7C0%7C3&cv=1&br=268&bt=268&cs=2&ds=3&ft=c2YTctGHQPRUZxfusdr~kwPqYldQIKDEE-TerrNqq_45a&mime_type=video_mp4&qs=15&rc=NGU4ZTU7OzdoaDU2ZDVnNUBpanE2cG45cjV2NjMzNGkzM0AvMC9gMS8tXi0xNDFhYTQ0YSNlL20zMmQ0XmFhLS1kLTBzcw%3D%3D&btag=80000e00010000&cquery=100o_101r_100B_100H_100K&dy_q=1760969609&feature_id=b38008770b4e09863331b14b26bcdc23&l=20251020221329FF810B6B17C3D024C6A3', 'https://v5-dy-o-abtest.zjcdn.com/680fffdc628ec0f889d983ba6f1b242c/68f66dd5/video/tos/cn/tos-cn-ve-15/ogvooom2fAB7d2DIAMKfUaIgRF9q829tiDEQAG/?a=6383&ch=10010&cr=3&dr=0&lr=all&cd=0%7C0%7C0%7C3&cv=1&br=268&bt=268&cs=2&ds=3&ft=c2YTctGHQPRUZxfusdr~kwPqYldQIKDEE-TerrNqq_45a&mime_type=video_mp4&qs=15&rc=NGU4ZTU7OzdoaDU2ZDVnNUBpanE2cG45cjV2NjMzNGkzM0AvMC9gMS8tXi0xNDFhYTQ0YSNlL20zMmQ0XmFhLS1kLTBzcw%3D%3D&btag=80000e00010000&cquery=100H_100K_100o_101r_100B&dy_q=1760969609&feature_id=b38008770b4e09863331b14b26bcdc23&l=20251020221329FF810B6B17C3D024C6A3', 'https://www.douyin.com/aweme/v1/play/?video_id=v0300fg10000d3dsa27og65k6mp32nhg&line=0&file_id=727dd2da43724e0ea4082842cb253b21&sign=a03bfd02cbfb793c53332e0eef36fc09&is_play_url=1&source=PackSourceEnum_PUBLISH'], 'width': 720, 'height': 1280, 'url_key': 'v0300fg10000d3dsa27og65k6mp32nhg_bytevc1_720p_274724', 'data_size': 973622, 'file_hash': 'a03bfd02cbfb793c53332e0eef36fc09', 'file_cs': 'c:0-25002-986b|d:0-486810-62b4,486811-973621-2354|a:v0300fg10000d3dsa27og65k6mp32nhg'}, 'is_h265': 1, 'is_bytevc1': 1, 'HDR_type': '', 'HDR_bit': '', 'FPS': 30, 'video_extra': '{"PktOffsetMap":"[{\\"time\\": 1, \\"offset\\": 73070}, {\\"time\\": 2, \\"offset\\": 83692}, {\\"time\\": 3, \\"offset\\": 95435}, {\\"time\\": 4, \\"offset\\": 133087}, {\\"time\\": 5, \\"offset\\": 163695}, {\\"time\\": 10, \\"offset\\": 457414}]","format":"mp4","definition":"720p","quality":"adapt_lowest","file_id":"727dd2da43724e0ea4082842cb253b21","applog_map":{"feature_id":"b38008770b4e09863331b14b26bcdc23"},"mvmaf":"{\\"mvmaf_sr_v1080\\":97.937,\\"mvmaf_sr_v960\\":98.477,\\"mvmaf_sr_v864\\":99.349,\\"mvmaf_sr_v720\\":99.437,\\"mvmaf_ori_v1080\\":87.511,\\"mvmaf_ori_v960\\":90.39,\\"mvmaf_ori_v864\\":91.68,\\"mvmaf_ori_v720\\":94.745}","ufq":"{\\"enh\\":94.332,\\"playback\\":{\\"ori\\":85.843,\\"srv1\\":92.719},\\"src\\":94.332,\\"trans\\":85.843,\\"version\\":\\"v1.0\\"}","audio_channels":"2.0","audio_sample_rate":"44100","audio_metrics":null,"audio_score":null}', 'format': 'mp4'}, {'gear_name': 'adapt_540_1', 'quality_type': 28, 'bit_rate': 257041, 'play_addr': {'uri': 'v0300fg10000d3dsa27og65k6mp32nhg', 'url_list': ['https://v5-dy-o-abtest.zjcdn.com/e6f276854cac55200b0b7ee5f90bb9c7/68f66dd5/video/tos/cn/tos-cn-ve-15/oIfINvMW8o2HQgE4oRiFaAaDBDzG2I9fUoDAbA/?a=6383&ch=10010&cr=3&dr=0&lr=all&cd=0%7C0%7C0%7C3&cv=1&br=251&bt=251&cs=2&ds=6&ft=c2YTctGHQPRUZxfusdr~kwPqYldQIKDEE-TerrNqq_45a&mime_type=video_mp4&qs=11&rc=NmlpaWQ2aWZkZzU3NDc7NEBpanE2cG45cjV2NjMzNGkzM0AyYS4xYy82Xi8xNmNgMTMwYSNlL20zMmQ0XmFhLS1kLTBzcw%3D%3D&btag=80000e00010000&cquery=101r_100B_100H_100K_100o&dy_q=1760969609&feature_id=b38008770b4e09863331b14b26bcdc23&l=20251020221329FF810B6B17C3D024C6A3', 'https://v5-dy-o-abtest.zjcdn.com/e6f276854cac55200b0b7ee5f90bb9c7/68f66dd5/video/tos/cn/tos-cn-ve-15/oIfINvMW8o2HQgE4oRiFaAaDBDzG2I9fUoDAbA/?a=6383&ch=10010&cr=3&dr=0&lr=all&cd=0%7C0%7C0%7C3&cv=1&br=251&bt=251&cs=2&ds=6&ft=c2YTctGHQPRUZxfusdr~kwPqYldQIKDEE-TerrNqq_45a&mime_type=video_mp4&qs=11&rc=NmlpaWQ2aWZkZzU3NDc7NEBpanE2cG45cjV2NjMzNGkzM0AyYS4xYy82Xi8xNmNgMTMwYSNlL20zMmQ0XmFhLS1kLTBzcw%3D%3D&btag=80000e00010000&cquery=100o_101r_100B_100H_100K&dy_q=1760969609&feature_id=b38008770b4e09863331b14b26bcdc23&l=20251020221329FF810B6B17C3D024C6A3', 'https://www.douyin.com/aweme/v1/play/?video_id=v0300fg10000d3dsa27og65k6mp32nhg&line=0&file_id=316844c1f4924d2aac9f23fa4f1fdf53&sign=16d455ab4f97108eed860e205534d3df&is_play_url=1&source=PackSourceEnum_PUBLISH'], 'width': 576, 'height': 1024, 'url_key': 'v0300fg10000d3dsa27og65k6mp32nhg_bytevc1_540p_257041', 'data_size': 910954, 'file_hash': '16d455ab4f97108eed860e205534d3df', 'file_cs': 'c:0-25002-6a00|d:0-455476-eb45,455477-910953-5a78|a:v0300fg10000d3dsa27og65k6mp32nhg'}, 'is_h265': 1, 'is_bytevc1': 1, 'HDR_type': '', 'HDR_bit': '', 'FPS': 30, 'video_extra': '{"PktOffsetMap":"[{\\"time\\": 1, \\"offset\\": 69752}, {\\"time\\": 2, \\"offset\\": 80437}, {\\"time\\": 3, \\"offset\\": 91843}, {\\"time\\": 4, \\"offset\\": 126545}, {\\"time\\": 5, \\"offset\\": 153574}, {\\"time\\": 10, \\"offset\\": 408748}]","format":"mp4","definition":"540p","quality":"adapt","file_id":"316844c1f4924d2aac9f23fa4f1fdf53","applog_map":{"feature_id":"b38008770b4e09863331b14b26bcdc23"},"mvmaf":"{\\"mvmaf_sr_v1080\\":95.217,\\"mvmaf_sr_v960\\":96.962,\\"mvmaf_sr_v864\\":98.304,\\"mvmaf_sr_v720\\":98.862,\\"mvmaf_ori_v1080\\":82.495,\\"mvmaf_ori_v960\\":86.087,\\"mvmaf_ori_v864\\":87.918,\\"mvmaf_ori_v720\\":90.871}","ufq":"{\\"enh\\":94.332,\\"playback\\":{\\"ori\\":81.453,\\"srv1\\":92.175},\\"src\\":94.332,\\"trans\\":81.453,\\"version\\":\\"v1.0\\"}","audio_channels":"2.0","audio_sample_rate":"44100","audio_metrics":null,"audio_score":null}', 'format': 'mp4'}, {'gear_name': 'adapt_lower_540_1', 'quality_type': 21, 'bit_rate': 224621, 'play_addr': {'uri': 'v0300fg10000d3dsa27og65k6mp32nhg', 'url_list': ['https://v5-dy-o-abtest.zjcdn.com/61f72e03868d691250b6cc20d5ca72e3/68f66dd5/video/tos/cn/tos-cn-ve-15/oc6AA2IDJIA8vSJ2iP8UffYlGgEoaBDmoQR9zF/?a=6383&ch=10010&cr=3&dr=0&lr=all&cd=0%7C0%7C0%7C3&cv=1&br=219&bt=219&cs=2&ds=6&ft=c2YTctGHQPRUZxfusdr~kwPqYldQIKDEE-TerrNqq_45a&mime_type=video_mp4&qs=14&rc=NzNoPDg1M2VkZmUzMzw5Z0BpanE2cG45cjV2NjMzNGkzM0AvX2AtNWAwNmMxYl5fYl81YSNlL20zMmQ0XmFhLS1kLTBzcw%3D%3D&btag=80000e00010000&cquery=100B_100H_100K_100o_101r&dy_q=1760969609&feature_id=2ec60419b2ec858b9b1eae59874b17b0&l=20251020221329FF810B6B17C3D024C6A3', 'https://v5-dy-o-abtest.zjcdn.com/61f72e03868d691250b6cc20d5ca72e3/68f66dd5/video/tos/cn/tos-cn-ve-15/oc6AA2IDJIA8vSJ2iP8UffYlGgEoaBDmoQR9zF/?a=6383&ch=10010&cr=3&dr=0&lr=all&cd=0%7C0%7C0%7C3&cv=1&br=219&bt=219&cs=2&ds=6&ft=c2YTctGHQPRUZxfusdr~kwPqYldQIKDEE-TerrNqq_45a&mime_type=video_mp4&qs=14&rc=NzNoPDg1M2VkZmUzMzw5Z0BpanE2cG45cjV2NjMzNGkzM0AvX2AtNWAwNmMxYl5fYl81YSNlL20zMmQ0XmFhLS1kLTBzcw%3D%3D&btag=80000e00010000&cquery=100K_100o_101r_100B_100H&dy_q=1760969609&feature_id=2ec60419b2ec858b9b1eae59874b17b0&l=20251020221329FF810B6B17C3D024C6A3', 'https://www.douyin.com/aweme/v1/play/?video_id=v0300fg10000d3dsa27og65k6mp32nhg&line=0&file_id=8db6e9b0a0eb4cfa9b30c28509ceb024&sign=5ab78efc028c388173a4dc80f28ef620&is_play_url=1&source=PackSourceEnum_PUBLISH'], 'width': 576, 'height': 1024, 'url_key': 'v0300fg10000d3dsa27og65k6mp32nhg_bytevc1_540p_224621', 'data_size': 796060, 'file_hash': '5ab78efc028c388173a4dc80f28ef620', 'file_cs': 'c:0-25002-33cf|d:0-398029-04ee,398030-796059-3436|a:v0300fg10000d3dsa27og65k6mp32nhg'}, 'is_h265': 1, 'is_bytevc1': 1, 'HDR_type': '', 'HDR_bit': '', 'FPS': 30, 'video_extra': '{"PktOffsetMap":"[{\\"time\\": 1, \\"offset\\": 65495}, {\\"time\\": 2, \\"offset\\": 75333}, {\\"time\\": 3, \\"offset\\": 85788}, {\\"time\\": 4, \\"offset\\": 116283}, {\\"time\\": 5, \\"offset\\": 139509}, {\\"time\\": 10, \\"offset\\": 357404}]","format":"mp4","definition":"540p","quality":"adapt_lower","file_id":"8db6e9b0a0eb4cfa9b30c28509ceb024","applog_map":{"feature_id":"2ec60419b2ec858b9b1eae59874b17b0"},"mvmaf":"{\\"mvmaf_sr_v1080\\":94.32,\\"mvmaf_sr_v960\\":96.461,\\"mvmaf_sr_v864\\":97.363,\\"mvmaf_sr_v720\\":98.355,\\"mvmaf_ori_v1080\\":81.554,\\"mvmaf_ori_v960\\":85.106,\\"mvmaf_ori_v864\\":87.032,\\"mvmaf_ori_v720\\":90.04}","ufq":"{\\"enh\\":94.332,\\"playback\\":{\\"ori\\":80.747,\\"srv1\\":91.452},\\"src\\":94.332,\\"trans\\":80.747,\\"version\\":\\"v1.0\\"}","audio_channels":"2.0","audio_sample_rate":"44100","audio_metrics":null,"audio_score":null}', 'format': 'mp4'}], 'duration': 28352, 'play_addr_265': {'uri': 'v0300fg10000d3dsa27og65k6mp32nhg', 'url_list': ['https://v5-dy-o-abtest.zjcdn.com/e6f276854cac55200b0b7ee5f90bb9c7/68f66dd5/video/tos/cn/tos-cn-ve-15/oIfINvMW8o2HQgE4oRiFaAaDBDzG2I9fUoDAbA/?a=6383&ch=10010&cr=3&dr=0&lr=all&cd=0%7C0%7C0%7C3&cv=1&br=251&bt=251&cs=2&ds=6&ft=c2YTctGHQPRUZxfusdr~kwPqYldQIKDEE-TerrNqq_45a&mime_type=video_mp4&qs=11&rc=NmlpaWQ2aWZkZzU3NDc7NEBpanE2cG45cjV2NjMzNGkzM0AyYS4xYy82Xi8xNmNgMTMwYSNlL20zMmQ0XmFhLS1kLTBzcw%3D%3D&btag=80000e00010000&cquery=101r_100B_100H_100K_100o&dy_q=1760969609&feature_id=b38008770b4e09863331b14b26bcdc23&l=20251020221329FF810B6B17C3D024C6A3', 'https://v5-dy-o-abtest.zjcdn.com/e6f276854cac55200b0b7ee5f90bb9c7/68f66dd5/video/tos/cn/tos-cn-ve-15/oIfINvMW8o2HQgE4oRiFaAaDBDzG2I9fUoDAbA/?a=6383&ch=10010&cr=3&dr=0&lr=all&cd=0%7C0%7C0%7C3&cv=1&br=251&bt=251&cs=2&ds=6&ft=c2YTctGHQPRUZxfusdr~kwPqYldQIKDEE-TerrNqq_45a&mime_type=video_mp4&qs=11&rc=NmlpaWQ2aWZkZzU3NDc7NEBpanE2cG45cjV2NjMzNGkzM0AyYS4xYy82Xi8xNmNgMTMwYSNlL20zMmQ0XmFhLS1kLTBzcw%3D%3D&btag=80000e00010000&cquery=100o_101r_100B_100H_100K&dy_q=1760969609&feature_id=b38008770b4e09863331b14b26bcdc23&l=20251020221329FF810B6B17C3D024C6A3', 'https://www.douyin.com/aweme/v1/play/?video_id=v0300fg10000d3dsa27og65k6mp32nhg&line=0&file_id=316844c1f4924d2aac9f23fa4f1fdf53&sign=16d455ab4f97108eed860e205534d3df&is_play_url=1&source=PackSourceEnum_PUBLISH'], 'width': 576, 'height': 1024, 'url_key': 'v0300fg10000d3dsa27og65k6mp32nhg_bytevc1_540p_257041', 'data_size': 910954, 'file_hash': '16d455ab4f97108eed860e205534d3df', 'file_cs': 'c:0-25002-6a00|d:0-455476-eb45,455477-910953-5a78|a:v0300fg10000d3dsa27og65k6mp32nhg'}, 'bit_rate_audio': None, 'play_addr_h264': {'uri': 'v0300fg10000d3dsa27og65k6mp32nhg', 'url_list': ['https://v5-dy-o-abtest.zjcdn.com/1c519e1466947d720071c0e13d031980/68f66dd5/video/tos/cn/tos-cn-ve-15/ocNII3QiaPIPBBbxDCFUpAEXg0NQIwvBAwij6/?a=6383&ch=10010&cr=3&dr=0&lr=all&cd=0%7C0%7C0%7C3&cv=1&br=875&bt=875&cs=0&ds=4&ft=c2YTctGHQPRUZxfusdr~kwPqYldQIKDEE-TerrNqq_45a&mime_type=video_mp4&qs=0&rc=ODg2NWg7aGhoOjlmO2Y7ZEBpanE2cG45cjV2NjMzNGkzM0BhM2FhXy9iXy8xYy0tMDFeYSNlL20zMmQ0XmFhLS1kLTBzcw%3D%3D&btag=80000e00010000&cquery=101r_100B_100H_100K_100o&dy_q=1760969609&feature_id=0ea98fd3bdc3c6c14a3d0804cc272721&l=20251020221329FF810B6B17C3D024C6A3', 'https://v5-dy-o-abtest.zjcdn.com/1c519e1466947d720071c0e13d031980/68f66dd5/video/tos/cn/tos-cn-ve-15/ocNII3QiaPIPBBbxDCFUpAEXg0NQIwvBAwij6/?a=6383&ch=10010&cr=3&dr=0&lr=all&cd=0%7C0%7C0%7C3&cv=1&br=875&bt=875&cs=0&ds=4&ft=c2YTctGHQPRUZxfusdr~kwPqYldQIKDEE-TerrNqq_45a&mime_type=video_mp4&qs=0&rc=ODg2NWg7aGhoOjlmO2Y7ZEBpanE2cG45cjV2NjMzNGkzM0BhM2FhXy9iXy8xYy0tMDFeYSNlL20zMmQ0XmFhLS1kLTBzcw%3D%3D&btag=80000e00010000&cquery=100B_100H_100K_100o_101r&dy_q=1760969609&feature_id=0ea98fd3bdc3c6c14a3d0804cc272721&l=20251020221329FF810B6B17C3D024C6A3', 'https://www.douyin.com/aweme/v1/play/?video_id=v0300fg10000d3dsa27og65k6mp32nhg&line=0&file_id=aa483c080cf6472ebeee28bed2d365d5&sign=1eddf62dffcdf6ab1ff3eedc09043a0b&is_play_url=1&source=PackSourceEnum_PUBLISH'], 'width': 1080, 'height': 1920, 'url_key': 'v0300fg10000d3dsa27og65k6mp32nhg_h264_1080p_896220', 'data_size': 3176207, 'file_hash': '1eddf62dffcdf6ab1ff3eedc09043a0b', 'file_cs': 'c:0-24794-e611|d:0-1588102-f8a6,1588103-3176206-4c65|a:v0300fg10000d3dsa27og65k6mp32nhg'}, 'raw_cover': {'uri': 'tos-cn-i-dy/3efec3bd019e40d48519d733528fa06b', 'url_list': ['https://p3-pc-sign.douyinpic.com/tos-cn-i-dy/3efec3bd019e40d48519d733528fa06b~tplv-dy-cropcenter:323:430.jpeg?lk3s=138a59ce&x-expires=2076328800&x-signature=vHYdc7svlUDxCR8u8ElKOSwsHT8%3D&from=327834062&s=PackSourceEnum_PUBLISH&se=true&sh=323_430&sc=cover&biz_tag=pcweb_cover&l=20251020221329FF810B6B17C3D024C6A3', 'https://p3-pc-sign.douyinpic.com/obj/tos-cn-i-dy/3efec3bd019e40d48519d733528fa06b?lk3s=138a59ce&x-expires=2076328800&x-signature=v7aYF0j%2B9Aab0PuTon94lGlB77k%3D&from=327834062&s=PackSourceEnum_PUBLISH&se=false&sc=cover&biz_tag=pcweb_cover&l=20251020221329FF810B6B17C3D024C6A3'], 'width': 720, 'height': 720}, 'animated_cover': {'uri': 'tos-cn-i-dy/3efec3bd019e40d48519d733528fa06b', 'url_list': ['https://p3-pc-sign.douyinpic.com/obj/tos-cn-i-dy/3efec3bd019e40d48519d733528fa06b?lk3s=138a59ce&x-expires=1762178400&x-signature=0pHRhf%2Fn4%2BSo%2Fo0KnVFQCgJDus4%3D&from=327834062_large&s=PackSourceEnum_PUBLISH&se=false&sc=dynamic_cover&biz_tag=pcweb_cover&l=20251020221329FF810B6B17C3D024C6A3', 'https://p9-pc-sign.douyinpic.com/obj/tos-cn-i-dy/3efec3bd019e40d48519d733528fa06b?lk3s=138a59ce&x-expires=1762178400&x-signature=NeAmgATp9wh4z4p42v28GHmZ0kA%3D&from=327834062_large&s=PackSourceEnum_PUBLISH&se=false&sc=dynamic_cover&biz_tag=pcweb_cover&l=20251020221329FF810B6B17C3D024C6A3']}, 'gaussian_cover': {'uri': 'tos-cn-p-0015/oovQFwuxbIKvjtCi8PrBNHAPiaAXAN0ZIxIbI', 'url_list': ['https://p9-pc-sign.douyinpic.com/tos-cn-p-0015/oovQFwuxbIKvjtCi8PrBNHAPiaAXAN0ZIxIbI~tplv-tsj2vxp0zn-gaosi:40.jpeg?lk3s=138a59ce&x-expires=1792504800&x-signature=Iw%2B%2BvpiVNj0pZMxuwKkfqB6p7j4%3D&from=327834062', 'https://p3-pc-sign.douyinpic.com/tos-cn-p-0015/oovQFwuxbIKvjtCi8PrBNHAPiaAXAN0ZIxIbI~tplv-tsj2vxp0zn-gaosi:40.jpeg?lk3s=138a59ce&x-expires=1792504800&x-signature=JvGWqc6huKNyT1JoB9aczIbyWDY%3D&from=327834062'], 'width': 720, 'height': 720}, 'meta': '{"bright_ratio_mean":"0.3301","brightness_mean":"193.1792","diff_overexposure_ratio":"0.0023","enable_manual_ladder":"1","format":"mp4","gear_vqm":"{\\"1080p_720p\\":2,\\"720p_540p\\":2}","hrids":"500000002","is_spatial_video":"0","isad":"0","loudness":"-12.7","overexposure_ratio_mean":"0.2641","peak":"1","qprf":"1.000","sdgs":"[\\"normal_1080_0\\",\\"normal_720_0\\",\\"low_720_0\\",\\"low_540_0\\",\\"adapt_low_540_0\\",\\"adapt_lowest_1080_1\\",\\"adapt_lowest_720_1\\",\\"adapt_540_1\\",\\"adapt_lower_540_1\\"]","sr_potential":"{\\"v1.0\\":{\\"score\\":20.007}}","sr_score":"1.000","std_brightness":"9.8074","strategy_tokens":"[\\"online\\",\\"sexp_0701_0819\\",\\"sexp_reward02_0721\\",\\"sexp_reward01_0721\\",\\"sexp_0702_0819\\"]","title_info":"{\\"avg_br_pc\\":217,\\"bottom_res_add\\":[1.64,0.36,0,29.82,38.36,0,0,0,0,0,0,0,0,0,0],\\"bullet_zone\\":12.88,\\"mean_br_l\\":[236.36,228.86,217.74,205.94,192.81,178.36],\\"pc60_br_l\\":[244.8,235.55,222.44,209.36,194.44,178.4],\\"progress_bar\\":[243.99,244,244],\\"ratio_br_l\\":[244.8,235.54,222.41,209.33,194.41,177.61],\\"ratio_br_l_thre220\\":[0.97,0.79,0.6,0.48,0.4,0.35],\\"ratio_edge_l\\":[0,0,0,0.14,0.12,0.1],\\"std_br_l\\":[44.67,35.35,24.7,18,12.23,8.13],\\"top_res_add\\":[0,0,0,0,37.09,35.09,18],\\"version\\":\\"v1.0\\"}","volume_info":"{\\"Peak\\":1,\\"Loudness\\":-12.7,\\"LoudnessRangeEnd\\":-11,\\"LoudnessRangeStart\\":-14.2,\\"Metrics\\":{\\"Loudness\\":{\\"Integrated\\":-12.713},\\"Phase\\":{\\"RMSDownmixDiff\\":-0.223},\\"RMSStats\\":{\\"LRDiff\\":0.003,\\"LTotal\\":-15.58,\\"Peak\\":-0.03,\\"RTotal\\":-15.583},\\"Version\\":\\"1.4.2\\"},\\"LoudnessRange\\":3.2,\\"MaximumMomentaryLoudness\\":-7.1,\\"MaximumShortTermLoudness\\":-10.6,\\"Version\\":2}","vqs_origin":"76.49"}', 'video_model': '', 'is_source_HDR': 0, 'use_static_cover': True, 'big_thumbs': []}, 'item_aigc_follow_shot': 1, 'user_digged': 0, 'statistics': {'recommend_count': 0, 'comment_count': 7, 'digg_count': 78, 'admire_count': 0, 'play_count': 0, 'share_count': 5, 'collect_count': 21}, 'status': {'not_allow_soft_del_reason': 'ab', 'is_delete': False, 'allow_share': True, 'review_result': {'review_status': 0}, 'allow_friend_recommend_guide': True, 'part_see': 0, 'private_status': 0, 'listen_video_status': 2, 'in_reviewing': False, 'allow_self_recommend_to_friend': True, 'allow_friend_recommend': True, 'is_prohibited': False, 'enable_soft_delete': 0}, 'ent_log_extra': {'log_extra': '{"global_log_extra":null,"page_log_extra":null,"aweme_log_extra":{"ce_current_group_id":"7555849948953201920","author_id":"1965574329213736"},"extra_log_extra":null}'}, 'text_extra': [], 'is_top': 0, 'publish_plus_alienation': {'alienation_type': 0}, 'share_info': {'share_url': 'https://www.iesdouyin.com/share/video/7555849948953201920/?region=US&mid=7555849953256540970&u_code=0&did=MS4wLjABAAAAvCMmrvAxedjvycgJ9K0iX5KdtDHpyq-etIWoeicy6xniB0XMxRYv3S-CyP_GdsPs&iid=MS4wLjABAAAANwkJuWIRFOzg5uCpDRpMj4OX-QryoDgn-yYlXQnRwQQ&with_sec_did=1&video_share_track_ver=&titleType=title&share_sign=HazId8L7RP.pRb_id4.NTzFDowAHHhEXF4a3pIGsLcs-&share_version=290100&ts=1760969609&from_aid=6383&from_ssr=1&share_track_info=%7B%22link_description_type%22%3A%22%22%7D', 'share_link_desc': '9.74 04/07 Eho:/ y@G.ic 童年没有爱生命怎么活？ 爱不是童年的附加选项，而是成长的必备养分。没有被爱过的童年，就像没有阳光的种子，永远长不成参天大树。 # 幼儿教育# 父母课堂# 育儿# 亲子关系# 家庭教育# 孙瑞雪  %s 复制此链接，打开Dou音搜索，直接观看视频！'}, 'nearby_hot_comment': None, 'video_labels': None, 'entertainment_video_type': 3, 'is_ads': False, 'duration': 28352, 'aweme_type': 0, 'select_anchor_expanded_content': 0, 'ai_follow_images': None, 'image_infos': None, 'risk_infos': {'vote': False, 'warn': False, 'risk_sink': False, 'type': 0, 'content': ''}, 'entertainment_video_paid_way': {'paid_ways': [], 'paid_type': 0, 'enable_use_new_ent_data': False}, 'flash_mob_trends': 0, 'position': None, 'uniqid_position': None, 'comment_list': None, 'author_user_id': 1965574329213736, 'product_genre_info': {'product_genre_type': 2, 'material_genre_sub_type_set': [4], 'special_info': {'recommend_group_name': 0}}, 'geofencing': [], 'series_basic_info': {}, 'is_moment_history': 0, 'region': '', 'video_text': None, 'is_24_story': 0, 'collect_stat': 0, 'label_top_text': None, 'promotions': [], 'group_id': '7555849948953201920', 'prevent_download': False, 'nickname_position': None, 'challenge_position': None, 'shoot_way': '', 'video_share_edit_status': 0, 'friend_recommend_info': {'friend_recommend_source': 10, 'label_user_list': None, 'disable_friend_recommend_guide_label': False}, 'long_video': None, 'trends_event_track': '{}', 'aweme_listen_struct': {'trace_info': '{"copyright_not_speech":"false","copyright_reason":"has_listen_cp_new","copyright_tag_hit":"","copyright_use_aed_default":"false","copyright_use_tag_default":"false","cp_ab":"true","desc":"","duration_over":"false","hit_high_risk":"false","media_type":"4","reason":"hit_ab_0","show":"false"}'}, 'enable_comment_sticker_rec': False, 'follow_shoot_clip_info': {'clip_video_all': 7555849953256540970, 'clip_from_user': 7555849953256540970}, 'interaction_stickers': None, 'mv_info': None, 'origin_comment_ids': None, 'commerce_config_data': None, 'caption_template_id': 0, 'video_control': {'allow_download': False, 'share_type': 0, 'show_progress_bar': 0, 'draft_progress_bar': 0, 'allow_duet': True, 'allow_react': True, 'prevent_download_type': 2, 'allow_dynamic_wallpaper': False, 'timer_status': 1, 'allow_music': True, 'allow_stitch': True, 'allow_douplus': True, 'allow_share': True, 'share_grayed': False, 'download_ignore_visibility': False, 'duet_ignore_visibility': False, 'share_ignore_visibility': False, 'download_info': {'level': 1, 'fail_info': {'code': 290002, 'reason': 'isolation_content', 'msg': '视频暂时无法保存，链接已复制'}}, 'duet_info': {'level': 0}, 'allow_record': True, 'disable_record_reason': '', 'timer_info': {'public_time': 1759485600, 'timer_status': 0}}, 'aweme_control': {'can_forward': True, 'can_share': True, 'can_comment': True, 'can_show_comment': True}, 'douplus_user_type': 0, 'is_25_story': 0, 'origin_duet_resource_uri': '', 'is_moment_story': 0, 'anchors': None, 'hybrid_label': None, 'geofencing_regions': None, 'interest_points': None, 'aweme_acl': {'download_mask_panel': {'code': 1, 'show_type': 0}}, 'personal_page_botton_diagnose_style': 0, 'is_story': 0, 'game_tag_info': {'is_game': False}, 'chapter_bar_color': None, 'follow_shot_assets': None, 'cover_labels': None, 'is_new_text_mode': 0, 'can_cache_to_local': True, 'guide_btn_type': 0, 'is_from_ad_auth': False, 'aweme_type_tags': '', 'images': None, 'relation_labels': None, 'cf_assets_type': 0, 'impression_data': {'group_id_list_a': [], 'group_id_list_b': [], 'similar_id_list_a': None, 'similar_id_list_b': None, 'group_id_list_c': [], 'group_id_list_d': []}, 'component_control': {'data_source_url': '/aweme/v1/web/aweme/post/'}, 'trends_infos': None, 'libfinsert_task_id': '', 'social_tag_list': None, 'suggest_words': {'suggest_words': [{'words': [{'word': '捕捉儿童敏感期孙瑞雪', 'word_id': '6580307050775975172', 'info': '{"End":0,"Start":0,"ecpm_boost_tag":false,"log_pb":"","qrec_for_search":"{}"}'}], 'scene': 'detail_inbox_rex', 'icon_url': '', 'hint_text': '', 'extra_info': '{"resp_from":"hit_cache"}'}]}, 'show_follow_button': {}, 'duet_aggregate_in_music_tab': False, 'is_duet_sing': False, 'comment_permission_info': {'comment_permission_status': 0, 'can_comment': True, 'item_detail_entry': False, 'press_entry': False, 'toast_guide': False}, 'original_images': None, 'series_paid_info': {'series_paid_status': 0, 'item_price': 0}, 'img_bitrate': None, 'comment_gid': 7555849948953201920, 'image_album_music_info': {'begin_time': -1, 'end_time': -1, 'volume': -1}, 'video_tag': [{'tag_id': 2024, 'tag_name': '亲子', 'level': 1}, {'tag_id': 2024006, 'tag_name': '母婴', 'level': 2}, {'tag_id': 2024006003, 'tag_name': '育儿知识', 'level': 3}], 'is_collects_selected': 0, 'chapter_list': None, 'feed_comment_config': {'input_config_text': '善语结善缘，恶言伤人心', 'author_audit_status': 0, 'common_flags': '{"item_author_nickname":"孙瑞雪聊教育","video_labels_v2_tag1":"母婴","video_labels_v2_tag2":"育儿理念"}'}, 'is_image_beat': False, 'dislike_dimension_list': None, 'standard_bar_info_list': None, 'photo_search_entrance': {'ecom_type': 0}, 'is_life_item': False, 'image_list': None, 'component_info_v2': '{"desc_lines_limit":0,"hide_marquee":false}', 'item_warn_notification': {'type': 0, 'show': False, 'content': ''}, 'origin_text_extra': None, 'disable_relation_bar': 0, 'packed_clips': None, 'author_mask_tag': 0, 'user_recommend_status': 1, 'collection_corner_mark': 0, 'is_share_post': False, 'image_comment': {}, 'visual_search_info': {'is_show_img_entrance': False, 'is_ecom_img': False, 'is_high_accuracy_ecom': False, 'is_high_recall_ecom': False}, 'tts_id_list': None, 'ref_tts_id_list': None, 'voice_modify_id_list': None, 'ref_voice_modify_id_list': None, 'authentication_token': 'MS4wLjAAAAAALfYWMdyzXhentENOhftivNcCYm06tQIF0Tu1NcR8_fozLBUu_u22tHChk0fMDc-d8kQgSFrEItMw7QXM2eja8U4folq80Pssw0cqlFUxoMa_3ojZkg0xiuGXCdjmi1mss0VSwGIampMD4f42b_xfzwncHESq69Koyx7BnQy6ZvtkrjQXw7mB8DRBxMgx9OkviWl0p9lxAgsVCj18jH9MFp31Hosts2m-pfikXujanb_JxyktHb5u1JygBiRji75k', 'video_game_data_channel_config': {}, 'dislike_dimension_list_v2': None, 'distribute_circle': {'distribute_type': 0, 'campus_block_interaction': False, 'is_campus': False}, 'image_crop_ctrl': 0, 'yumme_recreason': None, 'slides_music_beats': None, 'jump_tab_info_list': None, 'media_type': 4, 'reply_smart_emojis': None, 'activity_video_type': -1, 'boost_status': 0, 'create_scale_type': None, 'entertainment_product_info': {'sub_title': None, 'market_info': {'limit_free': {'in_free': False}, 'marketing_tag': None}}, 'caption': '爱不是童年的附加选项，而是成长的必备养分。没有被爱过的童年，就像没有阳光的种子，永远长不成参天大树。\n\n#幼儿教育#父母课堂#育儿#亲子关系#家庭教育#孙瑞雪', 'item_title': '童年没有爱生命怎么活？', 'is_use_music': False, 'original': 0, 'xigua_base_info': {'status': 0, 'star_altar_order_id': 0, 'star_altar_type': 0, 'item_id': 0}, 'mark_largely_following': False}, {'aweme_id': '7555848876754832680', 'desc': '你以为的小事，在孩子眼里是“被抛弃” “妈妈没进幼儿园”—— 孩子的恐慌你懂吗？别让成人视角，毁掉孩子的安全感 \n#幼儿教育#父母课堂#育儿#亲子关系#家庭教育#孙瑞雪', 'create_time': 1759399200, 'author': {'uid': '1965574329213736', 'card_entries_not_display': None, 'nickname': '孙瑞雪聊教育', 'personal_tag_list': None, 'homepage_bottom_toast': None, 'avatar_thumb': {'uri': '100x100/aweme-avatar/tos-cn-avt-0015_afee5b125df955a19af4c41159ad1295', 'url_list': ['https://p3-pc.douyinpic.com/aweme/100x100/aweme-avatar/tos-cn-avt-0015_afee5b125df955a19af4c41159ad1295.jpeg?from=327834062'], 'width': 720, 'height': 720}, 'batch_unfollow_contain_tabs': None, 'not_seen_item_id_list': None, 'follow_status': 0, 'contrail_list': None, 'story_interactive': 0, 'data_label_list': None, 'custom_verify': '', 'follower_list_secondary_information_struct': None, 'display_info': None, 'interest_tags': None, 'account_cert_info': '{}', 'user_tags': None, 'share_info': {'share_url': '', 'share_weibo_desc': '', 'share_desc': '', 'share_title': '', 'share_qrcode_url': {'uri': '31b0500316c4e154852bc', 'url_list': ['https://p3-pc-sign.douyinpic.com/obj/31b0500316c4e154852bc?lk3s=138a59ce&x-expires=1760990400&x-signature=VnOegD8kfOkclbkCT%2BIUAVSkQl4%3D&from=327834062'], 'width': 720, 'height': 720}, 'share_title_myself': '', 'share_title_other': '', 'share_desc_info': ''}, 'can_set_geofencing': None, 'sec_uid': 'MS4wLjABAAAAnAFnkWlOm9jteymsi42fanYLMzfbqdGIwCILEUqDNmFyjfK9N8fSJdS_D2UWk_we', 'need_points': None, 'enterprise_verify_reason': '', 'is_ad_fake': False, 'story_ttl': 0, 'user_permissions': None, 'card_entries': None, 'creator_tag_list': None, 'offline_info_list': None, 'text_extra': None, 'card_sort_priority': None, 'prevent_download': False, 'special_people_labels': None, 'white_cover_url': None, 'endorsement_info_list': None, 'follower_status': 0, 'profile_mob_params': None, 'familiar_visitor_user': None, 'avatar_schema_list': None, 'cover_url': [{'uri': 'c8510002be9a3a61aad2', 'url_list': ['https://p3-pc-sign.douyinpic.com/obj/c8510002be9a3a61aad2?lk3s=138a59ce&x-expires=1762178400&x-signature=bEz6E0nbTH1458RtDsUU87G74Mk%3D&from=327834062'], 'width': 720, 'height': 720}], 'cf_list': None, 'im_role_ids': None, 'not_seen_item_id_list_v2': None, 'signature_extra': None, 'risk_notice_text': '', 'ban_user_functions': None, 'profile_component_disabled': None, 'verification_permission_ids': None, 'identity_labels': None, 'private_relation_list': None, 'link_item_list': None, 'batch_unfollow_relation_desc': None}, 'music': {'id': 7376188696542021642, 'id_str': '7376188696542021642', 'title': '温柔舒缓钢琴  甜蜜梦乡  Piano Lullaby', 'author': 'Vasco Lourenço', 'album': '温柔舒缓钢琴  甜蜜梦乡  Piano Lullaby', 'cover_hd': {'uri': 'tos-cn-v-2774c002/oAAAKIkeAsZZDbrtebCDwEEnxg0D8AoB3vbZhZ', 'url_list': ['https://p3.douyinpic.com/aweme/1080x1080/tos-cn-v-2774c002/oAAAKIkeAsZZDbrtebCDwEEnxg0D8AoB3vbZhZ.jpeg', 'https://p9.douyinpic.com/aweme/1080x1080/tos-cn-v-2774c002/oAAAKIkeAsZZDbrtebCDwEEnxg0D8AoB3vbZhZ.jpeg'], 'width': 720, 'height': 720}, 'cover_large': {'uri': 'tos-cn-v-2774c002/oAAAKIkeAsZZDbrtebCDwEEnxg0D8AoB3vbZhZ', 'url_list': ['https://p3.douyinpic.com/aweme/720x720/tos-cn-v-2774c002/oAAAKIkeAsZZDbrtebCDwEEnxg0D8AoB3vbZhZ.jpeg', 'https://p9.douyinpic.com/aweme/720x720/tos-cn-v-2774c002/oAAAKIkeAsZZDbrtebCDwEEnxg0D8AoB3vbZhZ.jpeg'], 'width': 720, 'height': 720}, 'cover_medium': {'uri': 'tos-cn-v-2774c002/oAAAKIkeAsZZDbrtebCDwEEnxg0D8AoB3vbZhZ', 'url_list': ['https://p3.douyinpic.com/aweme/200x200/tos-cn-v-2774c002/oAAAKIkeAsZZDbrtebCDwEEnxg0D8AoB3vbZhZ.jpeg', 'https://p9.douyinpic.com/aweme/200x200/tos-cn-v-2774c002/oAAAKIkeAsZZDbrtebCDwEEnxg0D8AoB3vbZhZ.jpeg'], 'width': 720, 'height': 720}, 'cover_thumb': {'uri': 'tos-cn-v-2774c002/oAAAKIkeAsZZDbrtebCDwEEnxg0D8AoB3vbZhZ', 'url_list': ['https://p3.douyinpic.com/aweme/100x100/tos-cn-v-2774c002/oAAAKIkeAsZZDbrtebCDwEEnxg0D8AoB3vbZhZ.jpeg', 'https://p9.douyinpic.com/aweme/100x100/tos-cn-v-2774c002/oAAAKIkeAsZZDbrtebCDwEEnxg0D8AoB3vbZhZ.jpeg'], 'width': 720, 'height': 720}, 'play_url': {'uri': 'https://sf5-hl-cdn-tos.douyinstatic.com/obj/tos-cn-ve-2774/oIk1mgDDmBf9ggzFEDvXhCQDtAE6fX0g0ZYVaa', 'url_list': ['https://sf5-hl-cdn-tos.douyinstatic.com/obj/tos-cn-ve-2774/oIk1mgDDmBf9ggzFEDvXhCQDtAE6fX0g0ZYVaa', 'https://sf5-hl-ali-cdn-tos.douyinstatic.com/obj/tos-cn-ve-2774/oIk1mgDDmBf9ggzFEDvXhCQDtAE6fX0g0ZYVaa'], 'width': 720, 'height': 720, 'url_key': '7376188696542021642'}, 'schema_url': '', 'source_platform': 10036, 'start_time': 0, 'end_time': 0, 'duration': 121, 'extra': '{"music_label_id":4424,"is_aed_music":0,"dsp_switch":0,"reviewed":0,"image_beats_url":"https://sf5-hl-ali-cdn-tos.douyinstatic.com/obj/tos-cn-v-2774c002/oMEzo2IDMAffJYEsaQbD1bAIGeFSLBAHCCAMNI","hotsoon_review_time":-1,"cover_colors":{"rgb":[19,42,63]},"is_red":0,"beats":{"audio_effect_onset":"https://sf5-hl-cdn-tos.douyinstatic.com/obj/tos-cn-v-2774c002/ogIePZBmvbY1tF4I8uDDsgAtDiAfChZAwIAEEG","beats_tracker":"https://sf5-hl-ali-cdn-tos.douyinstatic.com/obj/tos-cn-v-2774c002/oMEzo2IDMAffJYEsaQbD1bAIGeFSLBAHCCAMNI","energy_trace":"https://sf6-cdn-tos.douyinstatic.com/obj/tos-cn-v-2774c002/o88a2AAbzBg06zVsAxiiQWBwWNBswGAEE2fImj","merged_beats":"https://sf5-hl-cdn-tos.douyinstatic.com/obj/tos-cn-v-2774c002/oIABAf8uDABmFAnthsEaGoE2bBDE6BogfFZwtC"},"douyin_beats_info":{},"aggregate_exempt_conf":[],"peak":"0.44510984","hit_high_follow_original":false,"hit_high_follow_extend":false,"schedule_search_time":0,"with_aed_model":0,"hit_high_follow_auto":false,"has_edited":0,"review_unshelve_reason":0,"music_tagging":{"Languages":["non_vocal"],"Moods":["Healing","Calm"],"Genres":["Easy Listening"],"Themes":["Meditation"],"AEDs":["non_vocal"],"SingingVersions":null,"Instruments":null},"is_subsidy_exp":false,"loudness":"-21.834173","is_high_follow_user":false}', 'user_count': 0, 'position': None, 'collect_stat': 0, 'status': 1, 'offline_desc': '', 'owner_nickname': '', 'is_original': False, 'mid': '7376188696542021642', 'binded_challenge_id': 0, 'redirect': False, 'is_restricted': False, 'author_deleted': False, 'is_del_video': False, 'is_video_self_see': False, 'owner_handle': '', 'author_position': None, 'prevent_download': False, 'unshelve_countries': None, 'prevent_item_download_status': 0, 'external_song_info': [], 'preview_start_time': 0, 'preview_end_time': 0, 'is_commerce_music': True, 'is_original_sound': False, 'audition_duration': 121, 'shoot_duration': 121, 'reason_type': 0, 'artists': [], 'lyric_short_position': None, 'mute_share': False, 'tag_list': None, 'dmv_auto_show': False, 'is_pgc': True, 'is_matched_metadata': False, 'is_audio_url_with_cookie': False, 'music_chart_ranks': None, 'can_background_play': True, 'music_status': 1, 'video_duration': 6000, 'pgc_music_type': 1, 'cover_color_hsv': {'h': 209, 's': 35, 'v': 25}, 'search_impr': {'entity_id': '7376188696542021642'}, 'song': {'id': 7376188081039509513, 'id_str': '7376188081039509513', 'title': '温柔舒缓钢琴  甜蜜梦乡  Piano Lullaby', 'artists': None, 'chorus': {'start_ms': 0, 'duration_ms': 19584}, 'chorus_v3_infos': None}, 'artist_user_infos': None, 'dsp_status': 10, 'musician_user_infos': None, 'music_image_beats': {'music_image_beats_url': {'uri': 'tos-cn-v-2774c002/oMEzo2IDMAffJYEsaQbD1bAIGeFSLBAHCCAMNI', 'url_list': ['https://sf5-hl-ali-cdn-tos.douyinstatic.com/obj/tos-cn-v-2774c002/oMEzo2IDMAffJYEsaQbD1bAIGeFSLBAHCCAMNI'], 'width': 720, 'height': 720}}, 'music_collect_count': 0, 'music_cover_atmosphere_color_value': '', 'show_origin_clip': False}, 'effect_inflow_effects': None, 'video': {'play_addr': {'uri': 'v0300fg10000d3ds8rfog65novtbq02g', 'url_list': ['https://v5-dy-o-abtest.zjcdn.com/140f2905d8a84afed0660e1ae25726f9/68f66e0f/video/tos/cn/tos-cn-ve-15/o4UGYAMYjEEeAf0tgXOxfAgPDCrv4b7Ae2RwN3/?a=6383&ch=10010&cr=3&dr=0&lr=all&cd=0%7C0%7C0%7C3&cv=1&br=550&bt=550&cs=0&ds=3&ft=c2YTctGHQPRUZxfusdr~kwPqYldQIKDEE-TerrNqq_45a&mime_type=video_mp4&qs=0&rc=PDc5N2c2Z2ZlOWVkNjM4PEBpajNleXE5cnV2NjMzNGkzM0AtYWNfXmIyXzIxMjRhX2BgYSMvbnFsMmRjNWFhLS1kLTBzcw%3D%3D&btag=80000e00028000&cquery=100K_100o_101r_100B_100H&dy_q=1760969609&feature_id=fea919893f650a8c49286568590446ef&l=20251020221329FF810B6B17C3D024C6A3', 'https://v5-dy-o-abtest.zjcdn.com/140f2905d8a84afed0660e1ae25726f9/68f66e0f/video/tos/cn/tos-cn-ve-15/o4UGYAMYjEEeAf0tgXOxfAgPDCrv4b7Ae2RwN3/?a=6383&ch=10010&cr=3&dr=0&lr=all&cd=0%7C0%7C0%7C3&cv=1&br=550&bt=550&cs=0&ds=3&ft=c2YTctGHQPRUZxfusdr~kwPqYldQIKDEE-TerrNqq_45a&mime_type=video_mp4&qs=0&rc=PDc5N2c2Z2ZlOWVkNjM4PEBpajNleXE5cnV2NjMzNGkzM0AtYWNfXmIyXzIxMjRhX2BgYSMvbnFsMmRjNWFhLS1kLTBzcw%3D%3D&btag=80000e00028000&cquery=100B_100H_100K_100o_101r&dy_q=1760969609&feature_id=fea919893f650a8c49286568590446ef&l=20251020221329FF810B6B17C3D024C6A3', 'https://www.douyin.com/aweme/v1/play/?video_id=v0300fg10000d3ds8rfog65novtbq02g&line=0&file_id=c9c5b0d37a5b465bbc5de3adb4f6d409&sign=6bcbdbcf86186630b3397f039a3f1ae4&is_play_url=1&source=PackSourceEnum_PUBLISH'], 'width': 720, 'height': 1280, 'url_key': 'v0300fg10000d3ds8rfog65novtbq02g_h264_720p_563343', 'data_size': 6087562, 'file_hash': '6bcbdbcf86186630b3397f039a3f1ae4', 'file_cs': 'c:0-95409-b514|a:v0300fg10000d3ds8rfog65novtbq02g'}, 'cover': {'uri': 'tos-cn-i-dy/fb6d7423a02143c0b29c02df5e6c533f', 'url_list': ['https://p3-pc-sign.douyinpic.com/tos-cn-i-dy/fb6d7423a02143c0b29c02df5e6c533f~tplv-dy-cropcenter:323:430.jpeg?lk3s=138a59ce&x-expires=2076328800&x-signature=o3C9Z7LRQp4pTzTTfyQa%2Fhq4W1Y%3D&from=327834062&s=PackSourceEnum_PUBLISH&se=true&sh=323_430&sc=cover&biz_tag=pcweb_cover&l=20251020221329FF810B6B17C3D024C6A3', 'https://p3-pc-sign.douyinpic.com/obj/tos-cn-i-dy/fb6d7423a02143c0b29c02df5e6c533f?lk3s=138a59ce&x-expires=2076328800&x-signature=N3VjoHTR24l7C3e3DGq8LdgIDaU%3D&from=327834062&s=PackSourceEnum_PUBLISH&se=false&sc=cover&biz_tag=pcweb_cover&l=20251020221329FF810B6B17C3D024C6A3'], 'width': 720, 'height': 720}, 'height': 1920, 'width': 1080, 'dynamic_cover': {'uri': 'tos-cn-i-dy/fb6d7423a02143c0b29c02df5e6c533f', 'url_list': ['https://p3-pc-sign.douyinpic.com/obj/tos-cn-i-dy/fb6d7423a02143c0b29c02df5e6c533f?lk3s=138a59ce&x-expires=1762178400&x-signature=6dWlXyTRuhL6pzkD8KLZZdQTBqc%3D&from=327834062_large&s=PackSourceEnum_PUBLISH&se=false&sc=dynamic_cover&biz_tag=pcweb_cover&l=20251020221329FF810B6B17C3D024C6A3', 'https://p9-pc-sign.douyinpic.com/obj/tos-cn-i-dy/fb6d7423a02143c0b29c02df5e6c533f?lk3s=138a59ce&x-expires=1762178400&x-signature=wi2aUoIAL4T%2BPisGneNqf0ofT84%3D&from=327834062_large&s=PackSourceEnum_PUBLISH&se=false&sc=dynamic_cover&biz_tag=pcweb_cover&l=20251020221329FF810B6B17C3D024C6A3'], 'width': 720, 'height': 720}, 'origin_cover': {'uri': 'tos-cn-p-0015/oMQ3QBBU7iVtAPMRHWWK8ASfKjfBbQVAG64TCf', 'url_list': ['https://p3-pc-sign.douyinpic.com/tos-cn-p-0015/oMQ3QBBU7iVtAPMRHWWK8ASfKjfBbQVAG64TCf~tplv-dy-360p.jpeg?lk3s=138a59ce&x-expires=1762178400&x-signature=KEF%2FHIUHoW9udMEbS6CHxJHqBdA%3D&from=327834062&s=PackSourceEnum_PUBLISH&se=false&sc=origin_cover&biz_tag=pcweb_cover&l=20251020221329FF810B6B17C3D024C6A3', 'https://p9-pc-sign.douyinpic.com/tos-cn-p-0015/oMQ3QBBU7iVtAPMRHWWK8ASfKjfBbQVAG64TCf~tplv-dy-360p.jpeg?lk3s=138a59ce&x-expires=1762178400&x-signature=2GkXNgX4qlQR87B2a6A4suQarZI%3D&from=327834062&s=PackSourceEnum_PUBLISH&se=false&sc=origin_cover&biz_tag=pcweb_cover&l=20251020221329FF810B6B17C3D024C6A3'], 'width': 360, 'height': 640}, 'ratio': '720p', 'format': 'mp4', 'audio': {'original_sound_infos': None}, 'bit_rate': [{'gear_name': 'normal_720_0', 'quality_type': 10, 'bit_rate': 563343, 'play_addr': {'uri': 'v0300fg10000d3ds8rfog65novtbq02g', 'url_list': ['https://v5-dy-o-abtest.zjcdn.com/140f2905d8a84afed0660e1ae25726f9/68f66e0f/video/tos/cn/tos-cn-ve-15/o4UGYAMYjEEeAf0tgXOxfAgPDCrv4b7Ae2RwN3/?a=6383&ch=10010&cr=3&dr=0&lr=all&cd=0%7C0%7C0%7C3&cv=1&br=550&bt=550&cs=0&ds=3&ft=c2YTctGHQPRUZxfusdr~kwPqYldQIKDEE-TerrNqq_45a&mime_type=video_mp4&qs=0&rc=PDc5N2c2Z2ZlOWVkNjM4PEBpajNleXE5cnV2NjMzNGkzM0AtYWNfXmIyXzIxMjRhX2BgYSMvbnFsMmRjNWFhLS1kLTBzcw%3D%3D&btag=80000e00028000&cquery=100K_100o_101r_100B_100H&dy_q=1760969609&feature_id=fea919893f650a8c49286568590446ef&l=20251020221329FF810B6B17C3D024C6A3', 'https://v5-dy-o-abtest.zjcdn.com/140f2905d8a84afed0660e1ae25726f9/68f66e0f/video/tos/cn/tos-cn-ve-15/o4UGYAMYjEEeAf0tgXOxfAgPDCrv4b7Ae2RwN3/?a=6383&ch=10010&cr=3&dr=0&lr=all&cd=0%7C0%7C0%7C3&cv=1&br=550&bt=550&cs=0&ds=3&ft=c2YTctGHQPRUZxfusdr~kwPqYldQIKDEE-TerrNqq_45a&mime_type=video_mp4&qs=0&rc=PDc5N2c2Z2ZlOWVkNjM4PEBpajNleXE5cnV2NjMzNGkzM0AtYWNfXmIyXzIxMjRhX2BgYSMvbnFsMmRjNWFhLS1kLTBzcw%3D%3D&btag=80000e00028000&cquery=100B_100H_100K_100o_101r&dy_q=1760969609&feature_id=fea919893f650a8c49286568590446ef&l=20251020221329FF810B6B17C3D024C6A3', 'https://www.douyin.com/aweme/v1/play/?video_id=v0300fg10000d3ds8rfog65novtbq02g&line=0&file_id=c9c5b0d37a5b465bbc5de3adb4f6d409&sign=6bcbdbcf86186630b3397f039a3f1ae4&is_play_url=1&source=PackSourceEnum_PUBLISH'], 'width': 720, 'height': 1280, 'url_key': 'v0300fg10000d3ds8rfog65novtbq02g_h264_720p_563343', 'data_size': 6087562, 'file_hash': '6bcbdbcf86186630b3397f039a3f1ae4', 'file_cs': 'c:0-95409-b514|a:v0300fg10000d3ds8rfog65novtbq02g'}, 'is_h265': 0, 'is_bytevc1': 0, 'HDR_type': '', 'HDR_bit': '', 'FPS': 30, 'video_extra': '{"PktOffsetMap":"[{\\"time\\": 1, \\"offset\\": 238070}, {\\"time\\": 2, \\"offset\\": 326996}, {\\"time\\": 3, \\"offset\\": 412662}, {\\"time\\": 4, \\"offset\\": 500628}, {\\"time\\": 5, \\"offset\\": 588042}, {\\"time\\": 10, \\"offset\\": 1043000}]","format":"mp4","definition":"720p","quality":"normal","file_id":"c9c5b0d37a5b465bbc5de3adb4f6d409","applog_map":{"feature_id":"fea919893f650a8c49286568590446ef"},"audio_channels":"2.0","audio_sample_rate":"44100","audio_metrics":null,"audio_score":null}', 'format': 'mp4'}, {'gear_name': 'low_720_0', 'quality_type': 211, 'bit_rate': 482017, 'play_addr': {'uri': 'v0300fg10000d3ds8rfog65novtbq02g', 'url_list': ['https://v5-dy-o-abtest.zjcdn.com/2bde6c98710ab653e9f75e9023291674/68f66e0f/video/tos/cn/tos-cn-ve-15/oM29IFF09fDtuAKtAQDAER2v9jogpB7AE8EqfX/?a=6383&ch=10010&cr=3&dr=0&lr=all&cd=0%7C0%7C0%7C3&cv=1&br=470&bt=470&cs=0&ds=3&ft=c2YTctGHQPRUZxfusdr~kwPqYldQIKDEE-TerrNqq_45a&mime_type=video_mp4&qs=1&rc=OWgzZjY5ZDhlZjM4MzkzNEBpajNleXE5cnV2NjMzNGkzM0A1LS8xMDMyXzExMTEyNGBiYSMvbnFsMmRjNWFhLS1kLTBzcw%3D%3D&btag=80000e00028000&cquery=100H_100K_100o_101r_100B&dy_q=1760969609&feature_id=0ea98fd3bdc3c6c14a3d0804cc272721&l=20251020221329FF810B6B17C3D024C6A3', 'https://v5-dy-o-abtest.zjcdn.com/2bde6c98710ab653e9f75e9023291674/68f66e0f/video/tos/cn/tos-cn-ve-15/oM29IFF09fDtuAKtAQDAER2v9jogpB7AE8EqfX/?a=6383&ch=10010&cr=3&dr=0&lr=all&cd=0%7C0%7C0%7C3&cv=1&br=470&bt=470&cs=0&ds=3&ft=c2YTctGHQPRUZxfusdr~kwPqYldQIKDEE-TerrNqq_45a&mime_type=video_mp4&qs=1&rc=OWgzZjY5ZDhlZjM4MzkzNEBpajNleXE5cnV2NjMzNGkzM0A1LS8xMDMyXzExMTEyNGBiYSMvbnFsMmRjNWFhLS1kLTBzcw%3D%3D&btag=80000e00028000&cquery=100H_100K_100o_101r_100B&dy_q=1760969609&feature_id=0ea98fd3bdc3c6c14a3d0804cc272721&l=20251020221329FF810B6B17C3D024C6A3', 'https://www.douyin.com/aweme/v1/play/?video_id=v0300fg10000d3ds8rfog65novtbq02g&line=0&file_id=e1c0765045404c4bb55a66334c200e86&sign=b3bf371f039c0bc6cf8db1421d5b669d&is_play_url=1&source=PackSourceEnum_PUBLISH'], 'width': 720, 'height': 1280, 'url_key': 'v0300fg10000d3ds8rfog65novtbq02g_h264_720p_482017', 'data_size': 5208742, 'file_hash': 'b3bf371f039c0bc6cf8db1421d5b669d', 'file_cs': 'c:0-72604-66fb|a:v0300fg10000d3ds8rfog65novtbq02g'}, 'is_h265': 0, 'is_bytevc1': 0, 'HDR_type': '', 'HDR_bit': '', 'FPS': 30, 'video_extra': '{"PktOffsetMap":"[{\\"time\\": 1, \\"offset\\": 210035}, {\\"time\\": 2, \\"offset\\": 283786}, {\\"time\\": 3, \\"offset\\": 364820}, {\\"time\\": 4, \\"offset\\": 436778}, {\\"time\\": 5, \\"offset\\": 517491}, {\\"time\\": 10, \\"offset\\": 915109}]","format":"mp4","definition":"720p","quality":"low","file_id":"e1c0765045404c4bb55a66334c200e86","applog_map":{"feature_id":"0ea98fd3bdc3c6c14a3d0804cc272721"},"audio_channels":"2.0","audio_sample_rate":"44100","audio_metrics":null,"audio_score":null}', 'format': 'mp4'}, {'gear_name': 'low_540_0', 'quality_type': 292, 'bit_rate': 434506, 'play_addr': {'uri': 'v0300fg10000d3ds8rfog65novtbq02g', 'url_list': ['https://v5-dy-o-abtest.zjcdn.com/7edb101189ae6c1e8080dc6b7a30c43f/68f66e0f/video/tos/cn/tos-cn-ve-15/o44RCtlIQb0W6npAlAjQtKHe7jfVMBgfB8iIAG/?a=6383&ch=10010&cr=3&dr=0&lr=all&cd=0%7C0%7C0%7C3&cv=1&br=424&bt=424&cs=0&ds=6&ft=c2YTctGHQPRUZxfusdr~kwPqYldQIKDEE-TerrNqq_45a&mime_type=video_mp4&qs=1&rc=OTVpNzdmOjxoN2loaGk4N0BpajNleXE5cnV2NjMzNGkzM0AyXy4vYWA1XjUxYTIxLzUwYSMvbnFsMmRjNWFhLS1kLTBzcw%3D%3D&btag=80000e00028000&cquery=100B_100H_100K_100o_101r&dy_q=1760969609&feature_id=0ea98fd3bdc3c6c14a3d0804cc272721&l=20251020221329FF810B6B17C3D024C6A3', 'https://v5-dy-o-abtest.zjcdn.com/7edb101189ae6c1e8080dc6b7a30c43f/68f66e0f/video/tos/cn/tos-cn-ve-15/o44RCtlIQb0W6npAlAjQtKHe7jfVMBgfB8iIAG/?a=6383&ch=10010&cr=3&dr=0&lr=all&cd=0%7C0%7C0%7C3&cv=1&br=424&bt=424&cs=0&ds=6&ft=c2YTctGHQPRUZxfusdr~kwPqYldQIKDEE-TerrNqq_45a&mime_type=video_mp4&qs=1&rc=OTVpNzdmOjxoN2loaGk4N0BpajNleXE5cnV2NjMzNGkzM0AyXy4vYWA1XjUxYTIxLzUwYSMvbnFsMmRjNWFhLS1kLTBzcw%3D%3D&btag=80000e00028000&cquery=100o_101r_100B_100H_100K&dy_q=1760969609&feature_id=0ea98fd3bdc3c6c14a3d0804cc272721&l=20251020221329FF810B6B17C3D024C6A3', 'https://www.douyin.com/aweme/v1/play/?video_id=v0300fg10000d3ds8rfog65novtbq02g&line=0&file_id=34852f4e5edf448ea987ccd4241fb256&sign=5361013121fea636f24261a3eb3bba56&is_play_url=1&source=PackSourceEnum_PUBLISH'], 'width': 576, 'height': 1024, 'url_key': 'v0300fg10000d3ds8rfog65novtbq02g_h264_540p_434506', 'data_size': 4695333, 'file_hash': '5361013121fea636f24261a3eb3bba56', 'file_cs': 'c:0-72572-ef75|a:v0300fg10000d3ds8rfog65novtbq02g'}, 'is_h265': 0, 'is_bytevc1': 0, 'HDR_type': '', 'HDR_bit': '', 'FPS': 30, 'video_extra': '{"PktOffsetMap":"[{\\"time\\": 1, \\"offset\\": 197550}, {\\"time\\": 2, \\"offset\\": 264478}, {\\"time\\": 3, \\"offset\\": 337299}, {\\"time\\": 4, \\"offset\\": 403697}, {\\"time\\": 5, \\"offset\\": 479593}, {\\"time\\": 10, \\"offset\\": 840747}]","format":"mp4","definition":"540p","quality":"low","file_id":"34852f4e5edf448ea987ccd4241fb256","applog_map":{"feature_id":"0ea98fd3bdc3c6c14a3d0804cc272721"},"audio_channels":"2.0","audio_sample_rate":"44100","audio_metrics":null,"audio_score":null}', 'format': 'mp4'}, {'gear_name': 'adapt_low_540_0', 'quality_type': 291, 'bit_rate': 313284, 'play_addr': {'uri': 'v0300fg10000d3ds8rfog65novtbq02g', 'url_list': ['https://v5-dy-o-abtest.zjcdn.com/00c4377a8c22aee4f0b5c74972394980/68f66e0f/video/tos/cn/tos-cn-ve-15/oMFR1DZo2AB9AAtQEvf8r9pBDXtfETqOAjFgID/?a=6383&ch=10010&cr=3&dr=0&lr=all&cd=0%7C0%7C0%7C3&cv=1&br=305&bt=305&cs=0&ds=6&ft=c2YTctGHQPRUZxfusdr~kwPqYldQIKDEE-TerrNqq_45a&mime_type=video_mp4&qs=12&rc=N2loNDs8OGQ4OzlkaTg8aUBpajNleXE5cnV2NjMzNGkzM0AuYl9hMWEzNmIxLTI2Xy0zYSMvbnFsMmRjNWFhLS1kLTBzcw%3D%3D&btag=80000e00028000&cquery=100H_100K_100o_101r_100B&dy_q=1760969609&feature_id=0ea98fd3bdc3c6c14a3d0804cc272721&l=20251020221329FF810B6B17C3D024C6A3', 'https://v5-dy-o-abtest.zjcdn.com/00c4377a8c22aee4f0b5c74972394980/68f66e0f/video/tos/cn/tos-cn-ve-15/oMFR1DZo2AB9AAtQEvf8r9pBDXtfETqOAjFgID/?a=6383&ch=10010&cr=3&dr=0&lr=all&cd=0%7C0%7C0%7C3&cv=1&br=305&bt=305&cs=0&ds=6&ft=c2YTctGHQPRUZxfusdr~kwPqYldQIKDEE-TerrNqq_45a&mime_type=video_mp4&qs=12&rc=N2loNDs8OGQ4OzlkaTg8aUBpajNleXE5cnV2NjMzNGkzM0AuYl9hMWEzNmIxLTI2Xy0zYSMvbnFsMmRjNWFhLS1kLTBzcw%3D%3D&btag=80000e00028000&cquery=100K_100o_101r_100B_100H&dy_q=1760969609&feature_id=0ea98fd3bdc3c6c14a3d0804cc272721&l=20251020221329FF810B6B17C3D024C6A3', 'https://www.douyin.com/aweme/v1/play/?video_id=v0300fg10000d3ds8rfog65novtbq02g&line=0&file_id=6f09b59f5a0648e59a65d948d1beef14&sign=d565a0be251edf0f01e2fa046ca93780&is_play_url=1&source=PackSourceEnum_PUBLISH'], 'width': 576, 'height': 1024, 'url_key': 'v0300fg10000d3ds8rfog65novtbq02g_h264_540p_313284', 'data_size': 3385389, 'file_hash': 'd565a0be251edf0f01e2fa046ca93780', 'file_cs': 'c:0-72571-9807|a:v0300fg10000d3ds8rfog65novtbq02g'}, 'is_h265': 0, 'is_bytevc1': 0, 'HDR_type': '', 'HDR_bit': '', 'FPS': 30, 'video_extra': '{"PktOffsetMap":"[{\\"time\\": 1, \\"offset\\": 159954}, {\\"time\\": 2, \\"offset\\": 206023}, {\\"time\\": 3, \\"offset\\": 255412}, {\\"time\\": 4, \\"offset\\": 300483}, {\\"time\\": 5, \\"offset\\": 350059}, {\\"time\\": 10, \\"offset\\": 600991}]","format":"mp4","definition":"540p","quality":"adapt_low","file_id":"6f09b59f5a0648e59a65d948d1beef14","applog_map":{"feature_id":"0ea98fd3bdc3c6c14a3d0804cc272721"},"audio_channels":"2.0","audio_sample_rate":"44100","audio_metrics":null,"audio_score":null}', 'format': 'mp4'}, {'gear_name': 'adapt_lowest_1080_1', 'quality_type': 2, 'bit_rate': 242521, 'play_addr': {'uri': 'v0300fg10000d3ds8rfog65novtbq02g', 'url_list': ['https://v5-dy-o-abtest.zjcdn.com/bee4ff9f856766be53f259818b0fc2fe/68f66e0f/video/tos/cn/tos-cn-ve-15/oU89AbYAfijTteoGPM4E2P33feAauxDXAgCpQA/?a=6383&ch=10010&cr=3&dr=0&lr=all&cd=0%7C0%7C0%7C3&cv=1&br=236&bt=236&cs=2&ds=4&ft=c2YTctGHQPRUZxfusdr~kwPqYldQIKDEE-TerrNqq_45a&mime_type=video_mp4&qs=15&rc=ZmU5NzM3ZGhpPDM8NDw6NkBpajNleXE5cnV2NjMzNGkzM0A2YjJhMzJeX2MxLjQwL2EtYSMvbnFsMmRjNWFhLS1kLTBzcw%3D%3D&btag=80000e00028000&cquery=101r_100B_100H_100K_100o&dy_q=1760969609&feature_id=b38008770b4e09863331b14b26bcdc23&l=20251020221329FF810B6B17C3D024C6A3', 'https://v5-dy-o-abtest.zjcdn.com/bee4ff9f856766be53f259818b0fc2fe/68f66e0f/video/tos/cn/tos-cn-ve-15/oU89AbYAfijTteoGPM4E2P33feAauxDXAgCpQA/?a=6383&ch=10010&cr=3&dr=0&lr=all&cd=0%7C0%7C0%7C3&cv=1&br=236&bt=236&cs=2&ds=4&ft=c2YTctGHQPRUZxfusdr~kwPqYldQIKDEE-TerrNqq_45a&mime_type=video_mp4&qs=15&rc=ZmU5NzM3ZGhpPDM8NDw6NkBpajNleXE5cnV2NjMzNGkzM0A2YjJhMzJeX2MxLjQwL2EtYSMvbnFsMmRjNWFhLS1kLTBzcw%3D%3D&btag=80000e00028000&cquery=100K_100o_101r_100B_100H&dy_q=1760969609&feature_id=b38008770b4e09863331b14b26bcdc23&l=20251020221329FF810B6B17C3D024C6A3', 'https://www.douyin.com/aweme/v1/play/?video_id=v0300fg10000d3ds8rfog65novtbq02g&line=0&file_id=03d72931791049ffbeaa5460d456eb9c&sign=89b9a79353ac9d9af9c6b5128c6fec34&is_play_url=1&source=PackSourceEnum_PUBLISH'], 'width': 1080, 'height': 1920, 'url_key': 'v0300fg10000d3ds8rfog65novtbq02g_bytevc1_1080p_242521', 'data_size': 2620720, 'file_hash': '89b9a79353ac9d9af9c6b5128c6fec34', 'file_cs': 'c:0-72745-58c9|a:v0300fg10000d3ds8rfog65novtbq02g'}, 'is_h265': 1, 'is_bytevc1': 1, 'HDR_type': '', 'HDR_bit': '', 'FPS': 30, 'video_extra': '{"PktOffsetMap":"[{\\"time\\": 1, \\"offset\\": 159148}, {\\"time\\": 2, \\"offset\\": 196058}, {\\"time\\": 3, \\"offset\\": 241224}, {\\"time\\": 4, \\"offset\\": 285188}, {\\"time\\": 5, \\"offset\\": 334353}, {\\"time\\": 10, \\"offset\\": 552660}]","format":"mp4","definition":"1080p","quality":"adapt_lowest","file_id":"03d72931791049ffbeaa5460d456eb9c","applog_map":{"feature_id":"b38008770b4e09863331b14b26bcdc23"},"mvmaf":"{\\"mvmaf_sr_v1080\\":99.145,\\"mvmaf_sr_v960\\":99.241,\\"mvmaf_sr_v864\\":99.397,\\"mvmaf_sr_v720\\":99.481,\\"mvmaf_ori_v1080\\":92.804,\\"mvmaf_ori_v960\\":93.454,\\"mvmaf_ori_v864\\":94.006,\\"mvmaf_ori_v720\\":94.777}","ufq":"{\\"enh\\":94.217,\\"playback\\":{\\"ori\\":91.021,\\"srv1\\":93.614},\\"src\\":94.217,\\"trans\\":91.021,\\"version\\":\\"v1.0\\"}","audio_channels":"2.0","audio_sample_rate":"44100","audio_metrics":null,"audio_score":null}', 'format': 'mp4'}, {'gear_name': 'adapt_lowest_720_1', 'quality_type': 15, 'bit_rate': 229035, 'play_addr': {'uri': 'v0300fg10000d3ds8rfog65novtbq02g', 'url_list': ['https://v5-dy-o-abtest.zjcdn.com/0eead5dd036d782f8c8a73ca0cbb8dd3/68f66e0f/video/tos/cn/tos-cn-ve-15/ogKjGgGMRCUfAX6WQEu4JAQHBBVe8tEAf7IEGb/?a=6383&ch=10010&cr=3&dr=0&lr=all&cd=0%7C0%7C0%7C3&cv=1&br=223&bt=223&cs=2&ds=3&ft=c2YTctGHQPRUZxfusdr~kwPqYldQIKDEE-TerrNqq_45a&mime_type=video_mp4&qs=15&rc=aDpkOjg0ZWZlZDhmaGQ6ZEBpajNleXE5cnV2NjMzNGkzM0A0YzMxMl5gNjIxLV4uLTVgYSMvbnFsMmRjNWFhLS1kLTBzcw%3D%3D&btag=80000e00028000&cquery=100o_101r_100B_100H_100K&dy_q=1760969609&feature_id=b38008770b4e09863331b14b26bcdc23&l=20251020221329FF810B6B17C3D024C6A3', 'https://v5-dy-o-abtest.zjcdn.com/0eead5dd036d782f8c8a73ca0cbb8dd3/68f66e0f/video/tos/cn/tos-cn-ve-15/ogKjGgGMRCUfAX6WQEu4JAQHBBVe8tEAf7IEGb/?a=6383&ch=10010&cr=3&dr=0&lr=all&cd=0%7C0%7C0%7C3&cv=1&br=223&bt=223&cs=2&ds=3&ft=c2YTctGHQPRUZxfusdr~kwPqYldQIKDEE-TerrNqq_45a&mime_type=video_mp4&qs=15&rc=aDpkOjg0ZWZlZDhmaGQ6ZEBpajNleXE5cnV2NjMzNGkzM0A0YzMxMl5gNjIxLV4uLTVgYSMvbnFsMmRjNWFhLS1kLTBzcw%3D%3D&btag=80000e00028000&cquery=100o_101r_100B_100H_100K&dy_q=1760969609&feature_id=b38008770b4e09863331b14b26bcdc23&l=20251020221329FF810B6B17C3D024C6A3', 'https://www.douyin.com/aweme/v1/play/?video_id=v0300fg10000d3ds8rfog65novtbq02g&line=0&file_id=ca870a1eac054a5b9ccba155476af77e&sign=447fb51c5e6b444a2ac0065294310b6f&is_play_url=1&source=PackSourceEnum_PUBLISH'], 'width': 720, 'height': 1280, 'url_key': 'v0300fg10000d3ds8rfog65novtbq02g_bytevc1_720p_229035', 'data_size': 2474985, 'file_hash': '447fb51c5e6b444a2ac0065294310b6f', 'file_cs': 'c:0-72746-de55|a:v0300fg10000d3ds8rfog65novtbq02g'}, 'is_h265': 1, 'is_bytevc1': 1, 'HDR_type': '', 'HDR_bit': '', 'FPS': 30, 'video_extra': '{"PktOffsetMap":"[{\\"time\\": 1, \\"offset\\": 146311}, {\\"time\\": 2, \\"offset\\": 177786}, {\\"time\\": 3, \\"offset\\": 216928}, {\\"time\\": 4, \\"offset\\": 255234}, {\\"time\\": 5, \\"offset\\": 297393}, {\\"time\\": 10, \\"offset\\": 505900}]","format":"mp4","definition":"720p","quality":"adapt_lowest","file_id":"ca870a1eac054a5b9ccba155476af77e","applog_map":{"feature_id":"b38008770b4e09863331b14b26bcdc23"},"mvmaf":"{\\"mvmaf_sr_v1080\\":98.589,\\"mvmaf_sr_v960\\":99.343,\\"mvmaf_sr_v864\\":99.51,\\"mvmaf_sr_v720\\":99.718,\\"mvmaf_ori_v1080\\":88.455,\\"mvmaf_ori_v960\\":91.284,\\"mvmaf_ori_v864\\":92.654,\\"mvmaf_ori_v720\\":95.316}","ufq":"{\\"enh\\":94.217,\\"playback\\":{\\"ori\\":86.672,\\"srv1\\":93.503},\\"src\\":94.217,\\"trans\\":86.672,\\"version\\":\\"v1.0\\"}","audio_channels":"2.0","audio_sample_rate":"44100","audio_metrics":null,"audio_score":null}', 'format': 'mp4'}, {'gear_name': 'adapt_540_1', 'quality_type': 28, 'bit_rate': 204022, 'play_addr': {'uri': 'v0300fg10000d3ds8rfog65novtbq02g', 'url_list': ['https://v5-dy-o-abtest.zjcdn.com/1bf9ebdce968b8fb4c2a4c6316106967/68f66e0f/video/tos/cn/tos-cn-ve-15/owC0AoAtDWOEHB4gQRQMfP8KINSeAjVfBG8b67/?a=6383&ch=10010&cr=3&dr=0&lr=all&cd=0%7C0%7C0%7C3&cv=1&br=199&bt=199&cs=2&ds=6&ft=c2YTctGHQPRUZxfusdr~kwPqYldQIKDEE-TerrNqq_45a&mime_type=video_mp4&qs=11&rc=NTs6aDc6NGQ5Njc2OzNoO0BpajNleXE5cnV2NjMzNGkzM0AyLTEuMDUtNV4xYjUtM2IzYSMvbnFsMmRjNWFhLS1kLTBzcw%3D%3D&btag=80000e00028000&cquery=100o_101r_100B_100H_100K&dy_q=1760969609&feature_id=b38008770b4e09863331b14b26bcdc23&l=20251020221329FF810B6B17C3D024C6A3', 'https://v5-dy-o-abtest.zjcdn.com/1bf9ebdce968b8fb4c2a4c6316106967/68f66e0f/video/tos/cn/tos-cn-ve-15/owC0AoAtDWOEHB4gQRQMfP8KINSeAjVfBG8b67/?a=6383&ch=10010&cr=3&dr=0&lr=all&cd=0%7C0%7C0%7C3&cv=1&br=199&bt=199&cs=2&ds=6&ft=c2YTctGHQPRUZxfusdr~kwPqYldQIKDEE-TerrNqq_45a&mime_type=video_mp4&qs=11&rc=NTs6aDc6NGQ5Njc2OzNoO0BpajNleXE5cnV2NjMzNGkzM0AyLTEuMDUtNV4xYjUtM2IzYSMvbnFsMmRjNWFhLS1kLTBzcw%3D%3D&btag=80000e00028000&cquery=101r_100B_100H_100K_100o&dy_q=1760969609&feature_id=b38008770b4e09863331b14b26bcdc23&l=20251020221329FF810B6B17C3D024C6A3', 'https://www.douyin.com/aweme/v1/play/?video_id=v0300fg10000d3ds8rfog65novtbq02g&line=0&file_id=68ee600883e443a68a0187341e470852&sign=bbd88ea485ffa840559989d5b5740cdd&is_play_url=1&source=PackSourceEnum_PUBLISH'], 'width': 576, 'height': 1024, 'url_key': 'v0300fg10000d3ds8rfog65novtbq02g_bytevc1_540p_204022', 'data_size': 2204696, 'file_hash': 'bbd88ea485ffa840559989d5b5740cdd', 'file_cs': 'c:0-72746-6460|a:v0300fg10000d3ds8rfog65novtbq02g'}, 'is_h265': 1, 'is_bytevc1': 1, 'HDR_type': '', 'HDR_bit': '', 'FPS': 30, 'video_extra': '{"PktOffsetMap":"[{\\"time\\": 1, \\"offset\\": 137275}, {\\"time\\": 2, \\"offset\\": 165570}, {\\"time\\": 3, \\"offset\\": 199962}, {\\"time\\": 4, \\"offset\\": 233852}, {\\"time\\": 5, \\"offset\\": 271188}, {\\"time\\": 10, \\"offset\\": 457647}]","format":"mp4","definition":"540p","quality":"adapt","file_id":"68ee600883e443a68a0187341e470852","applog_map":{"feature_id":"b38008770b4e09863331b14b26bcdc23"},"mvmaf":"{\\"mvmaf_sr_v1080\\":96.537,\\"mvmaf_sr_v960\\":98.368,\\"mvmaf_sr_v864\\":98.766,\\"mvmaf_sr_v720\\":99.332,\\"mvmaf_ori_v1080\\":83.952,\\"mvmaf_ori_v960\\":87.168,\\"mvmaf_ori_v864\\":88.627,\\"mvmaf_ori_v720\\":91.878}","ufq":"{\\"enh\\":94.217,\\"playback\\":{\\"ori\\":82.431,\\"srv1\\":93.092},\\"src\\":94.217,\\"trans\\":82.431,\\"version\\":\\"v1.0\\"}","audio_channels":"2.0","audio_sample_rate":"44100","audio_metrics":null,"audio_score":null}', 'format': 'mp4'}, {'gear_name': 'low_720_0', 'quality_type': 211, 'bit_rate': 426760, 'play_addr': {'uri': 'v0300fg10000d3ds8rfog65novtbq02g', 'url_list': ['https://v5-dy-o-abtest.zjcdn.com/ca3fadda196edbfe840910e8cfe33bd2/68f7955f/video/tos/cn/tos-cn-vd-0026/o8AAqRofAp9AEtjAF8AD2IgDtg4D2A9BF4fo2v/media-video-avc1/?a=6383&ch=0&cr=8&dr=0&er=1&lr=default&cd=0%7C0%7C0%7C3&cv=1&br=416&bt=416&cs=0&ds=3&mime_type=video_mp4&qs=1&rc=NDU3OjY4Z2Q2ZjQ3OmRmaUBpajNleXE5cnV2NjMzNGkzM0BhNjQvM14zNWAxNWBiNF80YSMvbnFsMmRjNWFhLS1kLTBzcw%3D%3D&btag=80000e00028000&cquery=101r_100o&dy_q=1760969609&l=20251020221329FF810B6B17C3D024C6A3', 'https://v5-dy-o-abtest.zjcdn.com/ca3fadda196edbfe840910e8cfe33bd2/68f7955f/video/tos/cn/tos-cn-vd-0026/o8AAqRofAp9AEtjAF8AD2IgDtg4D2A9BF4fo2v/media-video-avc1/?a=6383&ch=0&cr=8&dr=0&er=1&lr=default&cd=0%7C0%7C0%7C3&cv=1&br=416&bt=416&cs=0&ds=3&mime_type=video_mp4&qs=1&rc=NDU3OjY4Z2Q2ZjQ3OmRmaUBpajNleXE5cnV2NjMzNGkzM0BhNjQvM14zNWAxNWBiNF80YSMvbnFsMmRjNWFhLS1kLTBzcw%3D%3D&btag=80000e00028000&cquery=101r_100o&dy_q=1760969609&l=20251020221329FF810B6B17C3D024C6A3', 'https://www.douyin.com/aweme/v1/play/dash/?video_id=v0300fg10000d3ds8rfog65novtbq02g&line=0&file_id=7fbc7ae7c4814cc38a6da563277492d1&sign=c2f84e030c33adae62a25175e229e969&is_play_url=1&source=PackSourceEnum_PUBLISH'], 'width': 720, 'height': 1280, 'url_key': 'v0300fg10000d3ds8rfog65novtbq02g_h264_720p_426760', 'data_size': 4610765, 'file_hash': 'c2f84e030c33adae62a25175e229e969'}, 'is_h265': 0, 'is_bytevc1': 0, 'HDR_type': '', 'HDR_bit': '', 'FPS': 30, 'video_extra': '{"PktOffsetMap":"","format":"dash","sub_info":"{\\"audio_channels\\":\\"2.0\\",\\"audio_layout\\":\\"C\\",\\"audio_sample_rate\\":\\"44100\\",\\"base_range_info\\":{\\"first_moof_range\\":\\"1159-3258\\",\\"index_range\\":\\"995-1158\\",\\"init_range\\":\\"0-994\\"},\\"check_info\\":{\\"check_info\\":\\"a:v0300fg10000d3ds8rfog65novtbq02g|b:0-1158-f027a8e87cb07bf008cf398a372190aa|c:0-1158-4346\\"},\\"first_segment_range\\":\\"1159-640735\\",\\"gear_des_key\\":\\"0:DASH|1:normal|2:h264|4:720p|5:low|10000:105\\",\\"quality_type\\":11}","definition":"720p","quality":"low","quality_desc":"","file_id":"7fbc7ae7c4814cc38a6da563277492d1","real_bitrate":482017,"audio_file_id":"80f2d291f4e9765ce32fb9f706b1e26c","applog_map":{"feature_id":"0ea98fd3bdc3c6c14a3d0804cc272721"},"audio_metrics":null,"audio_score":null}', 'format': 'dash'}, {'gear_name': 'low_540_0', 'quality_type': 292, 'bit_rate': 379243, 'play_addr': {'uri': 'v0300fg10000d3ds8rfog65novtbq02g', 'url_list': ['https://v5-dy-o-abtest.zjcdn.com/10d990a838e1c33d20cad1c7a0950ee4/68f7955f/video/tos/cn/tos-cn-vd-0026/o8gfAqfDDIvB99oAjpZFD2A8tB0ApERAFAAtgg/media-video-avc1/?a=6383&ch=0&cr=8&dr=0&er=1&lr=default&cd=0%7C0%7C0%7C3&cv=1&br=370&bt=370&cs=0&ds=6&mime_type=video_mp4&qs=1&rc=aWY2Ozg1OzQ1NDNmN2c0NkBpajNleXE5cnV2NjMzNGkzM0A2XzJiX14zNi4xMjMwYC4zYSMvbnFsMmRjNWFhLS1kLTBzcw%3D%3D&btag=80000e00028000&cquery=101r_100o&dy_q=1760969609&l=20251020221329FF810B6B17C3D024C6A3', 'https://v5-dy-o-abtest.zjcdn.com/10d990a838e1c33d20cad1c7a0950ee4/68f7955f/video/tos/cn/tos-cn-vd-0026/o8gfAqfDDIvB99oAjpZFD2A8tB0ApERAFAAtgg/media-video-avc1/?a=6383&ch=0&cr=8&dr=0&er=1&lr=default&cd=0%7C0%7C0%7C3&cv=1&br=370&bt=370&cs=0&ds=6&mime_type=video_mp4&qs=1&rc=aWY2Ozg1OzQ1NDNmN2c0NkBpajNleXE5cnV2NjMzNGkzM0A2XzJiX14zNi4xMjMwYC4zYSMvbnFsMmRjNWFhLS1kLTBzcw%3D%3D&btag=80000e00028000&cquery=101r_100o&dy_q=1760969609&l=20251020221329FF810B6B17C3D024C6A3', 'https://www.douyin.com/aweme/v1/play/dash/?video_id=v0300fg10000d3ds8rfog65novtbq02g&line=0&file_id=6311cd346c5041129168a2b5e853bc9f&sign=9d4c3bf51e82141196da969a168b403a&is_play_url=1&source=PackSourceEnum_PUBLISH'], 'width': 576, 'height': 1024, 'url_key': 'v0300fg10000d3ds8rfog65novtbq02g_h264_540p_379243', 'data_size': 4097388, 'file_hash': '9d4c3bf51e82141196da969a168b403a'}, 'is_h265': 0, 'is_bytevc1': 0, 'HDR_type': '', 'HDR_bit': '', 'FPS': 30, 'video_extra': '{"PktOffsetMap":"","format":"dash","sub_info":"{\\"audio_channels\\":\\"2.0\\",\\"audio_layout\\":\\"C\\",\\"audio_sample_rate\\":\\"44100\\",\\"base_range_info\\":{\\"first_moof_range\\":\\"1159-3258\\",\\"index_range\\":\\"995-1158\\",\\"init_range\\":\\"0-994\\"},\\"check_info\\":{\\"check_info\\":\\"a:v0300fg10000d3ds8rfog65novtbq02g|b:0-1158-44b0272aa13770de74a715b3815e5da8|c:0-1158-6035\\"},\\"first_segment_range\\":\\"1159-579042\\",\\"gear_des_key\\":\\"0:DASH|1:normal|2:h264|4:540p|5:low|10000:105\\"}","definition":"540p","quality":"low","quality_desc":"","file_id":"6311cd346c5041129168a2b5e853bc9f","real_bitrate":434506,"audio_file_id":"80f2d291f4e9765ce32fb9f706b1e26c","applog_map":{"feature_id":"0ea98fd3bdc3c6c14a3d0804cc272721"},"audio_metrics":null,"audio_score":null}', 'format': 'dash'}, {'gear_name': 'adapt_low_540_0', 'quality_type': 291, 'bit_rate': 257998, 'play_addr': {'uri': 'v0300fg10000d3ds8rfog65novtbq02g', 'url_list': ['https://v5-dy-o-abtest.zjcdn.com/2ccc9928f7c947d597c859a1062254e4/68f7955f/video/tos/cn/tos-cn-vd-0026/owDIAAaFEFAjb2Agg9aDDtq98ApARvotbAffB1/media-video-avc1/?a=6383&ch=0&cr=8&dr=0&er=1&lr=default&cd=0%7C0%7C0%7C3&cv=1&br=251&bt=251&cs=0&ds=6&mime_type=video_mp4&qs=12&rc=ODgzZWlkZDM8NGU5NjVkPEBpajNleXE5cnV2NjMzNGkzM0A0YjAvLS8xXzIxMS4tYy5jYSMvbnFsMmRjNWFhLS1kLTBzcw%3D%3D&btag=80000e00028000&cquery=101r_100o&dy_q=1760969609&l=20251020221329FF810B6B17C3D024C6A3', 'https://v5-dy-o-abtest.zjcdn.com/2ccc9928f7c947d597c859a1062254e4/68f7955f/video/tos/cn/tos-cn-vd-0026/owDIAAaFEFAjb2Agg9aDDtq98ApARvotbAffB1/media-video-avc1/?a=6383&ch=0&cr=8&dr=0&er=1&lr=default&cd=0%7C0%7C0%7C3&cv=1&br=251&bt=251&cs=0&ds=6&mime_type=video_mp4&qs=12&rc=ODgzZWlkZDM8NGU5NjVkPEBpajNleXE5cnV2NjMzNGkzM0A0YjAvLS8xXzIxMS4tYy5jYSMvbnFsMmRjNWFhLS1kLTBzcw%3D%3D&btag=80000e00028000&cquery=101r_100o&dy_q=1760969609&l=20251020221329FF810B6B17C3D024C6A3', 'https://www.douyin.com/aweme/v1/play/dash/?video_id=v0300fg10000d3ds8rfog65novtbq02g&line=0&file_id=f91af203164b4159b04a2a0f2b30e575&sign=912ea71a0cf11ce34c733482369cb051&is_play_url=1&source=PackSourceEnum_PUBLISH'], 'width': 576, 'height': 1024, 'url_key': 'v0300fg10000d3ds8rfog65novtbq02g_h264_540p_257998', 'data_size': 2787444, 'file_hash': '912ea71a0cf11ce34c733482369cb051'}, 'is_h265': 0, 'is_bytevc1': 0, 'HDR_type': '', 'HDR_bit': '', 'FPS': 30, 'video_extra': '{"PktOffsetMap":"","format":"dash","sub_info":"{\\"audio_channels\\":\\"2.0\\",\\"audio_layout\\":\\"C\\",\\"audio_sample_rate\\":\\"44100\\",\\"base_range_info\\":{\\"first_moof_range\\":\\"1158-3257\\",\\"index_range\\":\\"994-1157\\",\\"init_range\\":\\"0-993\\"},\\"check_info\\":{\\"check_info\\":\\"a:v0300fg10000d3ds8rfog65novtbq02g|b:0-1157-2757a1306589c30bd06b90169d13ce8f|c:0-1157-f59e\\"},\\"first_segment_range\\":\\"1158-379069\\",\\"gear_des_key\\":\\"0:DASH|1:normal|2:h264|4:540p|5:adapt_low|10000:105\\",\\"quality_type\\":291}","definition":"540p","quality":"adapt_low","quality_desc":"","file_id":"f91af203164b4159b04a2a0f2b30e575","real_bitrate":313284,"audio_file_id":"80f2d291f4e9765ce32fb9f706b1e26c","applog_map":{"feature_id":"0ea98fd3bdc3c6c14a3d0804cc272721"},"audio_metrics":null,"audio_score":null}', 'format': 'dash'}, {'gear_name': 'adapt_lowest_1080_1', 'quality_type': 2, 'bit_rate': 187243, 'play_addr': {'uri': 'v0300fg10000d3ds8rfog65novtbq02g', 'url_list': ['https://v5-dy-o-abtest.zjcdn.com/5347aed722ee19e87e0823da73896d69/68f7955f/video/tos/cn/tos-cn-vd-0026/o442iDGPUe3fNAe5AyEzAfrdAAt9CjAxb0YMAg/media-video-hvc1/?a=6383&ch=0&cr=8&dr=0&er=1&lr=default&cd=0%7C0%7C0%7C3&cv=1&br=182&bt=182&cs=4&ds=4&mime_type=video_mp4&qs=15&rc=ZjM6ZDNlZTY7Ozw5OmU4aUBpajNleXE5cnV2NjMzNGkzM0AxLTMuNF4wNTYxYWMxNi9eYSMvbnFsMmRjNWFhLS1kLTBzcw%3D%3D&btag=80000e00028000&cquery=101r_100o&dy_q=1760969609&l=20251020221329FF810B6B17C3D024C6A3', 'https://v5-dy-o-abtest.zjcdn.com/5347aed722ee19e87e0823da73896d69/68f7955f/video/tos/cn/tos-cn-vd-0026/o442iDGPUe3fNAe5AyEzAfrdAAt9CjAxb0YMAg/media-video-hvc1/?a=6383&ch=0&cr=8&dr=0&er=1&lr=default&cd=0%7C0%7C0%7C3&cv=1&br=182&bt=182&cs=4&ds=4&mime_type=video_mp4&qs=15&rc=ZjM6ZDNlZTY7Ozw5OmU4aUBpajNleXE5cnV2NjMzNGkzM0AxLTMuNF4wNTYxYWMxNi9eYSMvbnFsMmRjNWFhLS1kLTBzcw%3D%3D&btag=80000e00028000&cquery=100o_101r&dy_q=1760969609&l=20251020221329FF810B6B17C3D024C6A3', 'https://www.douyin.com/aweme/v1/play/dash/?video_id=v0300fg10000d3ds8rfog65novtbq02g&line=0&file_id=af259b47f6d94898833bab701a67004c&sign=2a47b25c8ba0e3bec0b47a66550ab696&is_play_url=1&source=PackSourceEnum_PUBLISH'], 'width': 1080, 'height': 1920, 'url_key': 'v0300fg10000d3ds8rfog65novtbq02g_bytevc1_1080p_187243', 'data_size': 2022997, 'file_hash': '2a47b25c8ba0e3bec0b47a66550ab696'}, 'is_h265': 1, 'is_bytevc1': 1, 'HDR_type': '', 'HDR_bit': '', 'FPS': 30, 'video_extra': '{"PktOffsetMap":"","format":"dash","sub_info":"{\\"audio_channels\\":\\"2.0\\",\\"audio_layout\\":\\"C\\",\\"audio_sample_rate\\":\\"44100\\",\\"base_range_info\\":{\\"first_moof_range\\":\\"1316-3095\\",\\"index_range\\":\\"1128-1315\\",\\"init_range\\":\\"0-1127\\"},\\"check_info\\":{\\"check_info\\":\\"a:v0300fg10000d3ds8rfog65novtbq02g|b:0-1315-e117abd7390fc1aaf67848165e53ba06|c:0-1315-e068\\"},\\"first_segment_range\\":\\"1316-280661\\",\\"gear_des_key\\":\\"0:DASH|1:normal|2:h265_hvc1|4:1080p|5:adapt_lowest|10000:105\\",\\"quality_type\\":2}","definition":"1080p","quality":"adapt_lowest","quality_desc":"","file_id":"af259b47f6d94898833bab701a67004c","real_bitrate":239404,"audio_file_id":"80f2d291f4e9765ce32fb9f706b1e26c","applog_map":{"feature_id":"b38008770b4e09863331b14b26bcdc23"},"mvmaf":"{\\"mvmaf_sr_v1080\\":99.145,\\"mvmaf_sr_v960\\":99.241,\\"mvmaf_sr_v864\\":99.397,\\"mvmaf_sr_v720\\":99.481,\\"mvmaf_ori_v1080\\":92.804,\\"mvmaf_ori_v960\\":93.454,\\"mvmaf_ori_v864\\":94.006,\\"mvmaf_ori_v720\\":94.777}","ufq":"{\\"enh\\":94.217,\\"playback\\":{\\"ori\\":91.021,\\"srv1\\":93.614},\\"src\\":94.217,\\"trans\\":91.021,\\"version\\":\\"v1.0\\"}","audio_metrics":null,"audio_score":null}', 'format': 'dash'}, {'gear_name': 'adapt_lowest_720_1', 'quality_type': 15, 'bit_rate': 173798, 'play_addr': {'uri': 'v0300fg10000d3ds8rfog65novtbq02g', 'url_list': ['https://v5-dy-o-abtest.zjcdn.com/f8b1cf1e1f0d15981b5efb9ff16d2247/68f7955f/video/tos/cn/tos-cn-vd-0026/osABVjRfAU7AQbHBW4AGrRAMeA5GtA6CKK8QEf/media-video-hvc1/?a=6383&ch=0&cr=8&dr=0&er=1&lr=default&cd=0%7C0%7C0%7C3&cv=1&br=169&bt=169&cs=4&ds=3&mime_type=video_mp4&qs=15&rc=ZzYzOjwzPGk1NWk7aWVlNUBpajNleXE5cnV2NjMzNGkzM0AuMGM2MzYxNWMxMWAyMjVjYSMvbnFsMmRjNWFhLS1kLTBzcw%3D%3D&btag=80000e00028000&cquery=101r_100o&dy_q=1760969609&l=20251020221329FF810B6B17C3D024C6A3', 'https://v5-dy-o-abtest.zjcdn.com/f8b1cf1e1f0d15981b5efb9ff16d2247/68f7955f/video/tos/cn/tos-cn-vd-0026/osABVjRfAU7AQbHBW4AGrRAMeA5GtA6CKK8QEf/media-video-hvc1/?a=6383&ch=0&cr=8&dr=0&er=1&lr=default&cd=0%7C0%7C0%7C3&cv=1&br=169&bt=169&cs=4&ds=3&mime_type=video_mp4&qs=15&rc=ZzYzOjwzPGk1NWk7aWVlNUBpajNleXE5cnV2NjMzNGkzM0AuMGM2MzYxNWMxMWAyMjVjYSMvbnFsMmRjNWFhLS1kLTBzcw%3D%3D&btag=80000e00028000&cquery=101r_100o&dy_q=1760969609&l=20251020221329FF810B6B17C3D024C6A3', 'https://www.douyin.com/aweme/v1/play/dash/?video_id=v0300fg10000d3ds8rfog65novtbq02g&line=0&file_id=f28b5b5fc84f42f28f49906997f0331d&sign=a552844c1c3d7de9ea16cb293721322f&is_play_url=1&source=PackSourceEnum_PUBLISH'], 'width': 720, 'height': 1280, 'url_key': 'v0300fg10000d3ds8rfog65novtbq02g_bytevc1_720p_173798', 'data_size': 1877730, 'file_hash': 'a552844c1c3d7de9ea16cb293721322f'}, 'is_h265': 1, 'is_bytevc1': 1, 'HDR_type': '', 'HDR_bit': '', 'FPS': 30, 'video_extra': '{"PktOffsetMap":"","format":"dash","sub_info":"{\\"audio_channels\\":\\"2.0\\",\\"audio_layout\\":\\"C\\",\\"audio_sample_rate\\":\\"44100\\",\\"base_range_info\\":{\\"first_moof_range\\":\\"1317-3096\\",\\"index_range\\":\\"1129-1316\\",\\"init_range\\":\\"0-1128\\"},\\"check_info\\":{\\"check_info\\":\\"a:v0300fg10000d3ds8rfog65novtbq02g|b:0-1316-8394168f5ce04603796758a8fcde6b8d|c:0-1316-a367\\"},\\"first_segment_range\\":\\"1317-236914\\",\\"gear_des_key\\":\\"0:DASH|1:normal|2:h265_hvc1|4:720p|5:adapt_lowest|10000:105\\",\\"quality_type\\":15}","definition":"720p","quality":"adapt_lowest","quality_desc":"","file_id":"f28b5b5fc84f42f28f49906997f0331d","real_bitrate":225959,"audio_file_id":"80f2d291f4e9765ce32fb9f706b1e26c","applog_map":{"feature_id":"b38008770b4e09863331b14b26bcdc23"},"mvmaf":"{\\"mvmaf_sr_v1080\\":98.589,\\"mvmaf_sr_v960\\":99.343,\\"mvmaf_sr_v864\\":99.51,\\"mvmaf_sr_v720\\":99.718,\\"mvmaf_ori_v1080\\":88.455,\\"mvmaf_ori_v960\\":91.284,\\"mvmaf_ori_v864\\":92.654,\\"mvmaf_ori_v720\\":95.316}","ufq":"{\\"enh\\":94.217,\\"playback\\":{\\"ori\\":86.672,\\"srv1\\":93.503},\\"src\\":94.217,\\"trans\\":86.672,\\"version\\":\\"v1.0\\"}","audio_metrics":null,"audio_score":null}', 'format': 'dash'}, {'gear_name': 'adapt_540_1', 'quality_type': 28, 'bit_rate': 148780, 'play_addr': {'uri': 'v0300fg10000d3ds8rfog65novtbq02g', 'url_list': ['https://v5-dy-o-abtest.zjcdn.com/a04ec31ecb1b5214cd2cc40862603abd/68f7955f/video/tos/cn/tos-cn-vd-0026/oERBeWRH4CAABVMwA8GsAGAAQ8UfKtfb6GjA7H/media-video-hvc1/?a=6383&ch=0&cr=8&dr=0&er=1&lr=default&cd=0%7C0%7C0%7C3&cv=1&br=145&bt=145&cs=4&ds=6&mime_type=video_mp4&qs=11&rc=ZWg6aTY5PDdoZzU1ZTg7OkBpajNleXE5cnV2NjMzNGkzM0BgNTUyNjA2X18xYS41XmEuYSMvbnFsMmRjNWFhLS1kLTBzcw%3D%3D&btag=80000e00028000&cquery=100o_101r&dy_q=1760969609&l=20251020221329FF810B6B17C3D024C6A3', 'https://v5-dy-o-abtest.zjcdn.com/a04ec31ecb1b5214cd2cc40862603abd/68f7955f/video/tos/cn/tos-cn-vd-0026/oERBeWRH4CAABVMwA8GsAGAAQ8UfKtfb6GjA7H/media-video-hvc1/?a=6383&ch=0&cr=8&dr=0&er=1&lr=default&cd=0%7C0%7C0%7C3&cv=1&br=145&bt=145&cs=4&ds=6&mime_type=video_mp4&qs=11&rc=ZWg6aTY5PDdoZzU1ZTg7OkBpajNleXE5cnV2NjMzNGkzM0BgNTUyNjA2X18xYS41XmEuYSMvbnFsMmRjNWFhLS1kLTBzcw%3D%3D&btag=80000e00028000&cquery=101r_100o&dy_q=1760969609&l=20251020221329FF810B6B17C3D024C6A3', 'https://www.douyin.com/aweme/v1/play/dash/?video_id=v0300fg10000d3ds8rfog65novtbq02g&line=0&file_id=17d8a58b12d24dbeb49936935f878ecb&sign=a83b83994fbfa3b73d60afecaffde5a1&is_play_url=1&source=PackSourceEnum_PUBLISH'], 'width': 576, 'height': 1024, 'url_key': 'v0300fg10000d3ds8rfog65novtbq02g_bytevc1_540p_148780', 'data_size': 1607441, 'file_hash': 'a83b83994fbfa3b73d60afecaffde5a1'}, 'is_h265': 1, 'is_bytevc1': 1, 'HDR_type': '', 'HDR_bit': '', 'FPS': 30, 'video_extra': '{"PktOffsetMap":"","format":"dash","sub_info":"{\\"audio_channels\\":\\"2.0\\",\\"audio_layout\\":\\"C\\",\\"audio_sample_rate\\":\\"44100\\",\\"base_range_info\\":{\\"first_moof_range\\":\\"1317-3096\\",\\"index_range\\":\\"1129-1316\\",\\"init_range\\":\\"0-1128\\"},\\"check_info\\":{\\"check_info\\":\\"a:v0300fg10000d3ds8rfog65novtbq02g|b:0-1316-68fdd63931e5a9bce6ceb7cace3d9f7e|c:0-1316-eaa9\\"},\\"first_segment_range\\":\\"1317-204175\\",\\"gear_des_key\\":\\"0:DASH|1:normal|2:h265_hvc1|4:540p|5:adapt|10000:105\\",\\"quality_type\\":28}","definition":"540p","quality":"adapt","quality_desc":"","file_id":"17d8a58b12d24dbeb49936935f878ecb","real_bitrate":204022,"audio_file_id":"80f2d291f4e9765ce32fb9f706b1e26c","applog_map":{"feature_id":"b38008770b4e09863331b14b26bcdc23"},"mvmaf":"{\\"mvmaf_sr_v1080\\":96.537,\\"mvmaf_sr_v960\\":98.368,\\"mvmaf_sr_v864\\":98.766,\\"mvmaf_sr_v720\\":99.332,\\"mvmaf_ori_v1080\\":83.952,\\"mvmaf_ori_v960\\":87.168,\\"mvmaf_ori_v864\\":88.627,\\"mvmaf_ori_v720\\":91.878}","ufq":"{\\"enh\\":94.217,\\"playback\\":{\\"ori\\":82.431,\\"srv1\\":93.092},\\"src\\":94.217,\\"trans\\":82.431,\\"version\\":\\"v1.0\\"}","audio_metrics":null,"audio_score":null}', 'format': 'dash'}], 'duration': 86449, 'play_addr_265': {'uri': 'v0300fg10000d3ds8rfog65novtbq02g', 'url_list': ['https://v5-dy-o-abtest.zjcdn.com/1bf9ebdce968b8fb4c2a4c6316106967/68f66e0f/video/tos/cn/tos-cn-ve-15/owC0AoAtDWOEHB4gQRQMfP8KINSeAjVfBG8b67/?a=6383&ch=10010&cr=3&dr=0&lr=all&cd=0%7C0%7C0%7C3&cv=1&br=199&bt=199&cs=2&ds=6&ft=c2YTctGHQPRUZxfusdr~kwPqYldQIKDEE-TerrNqq_45a&mime_type=video_mp4&qs=11&rc=NTs6aDc6NGQ5Njc2OzNoO0BpajNleXE5cnV2NjMzNGkzM0AyLTEuMDUtNV4xYjUtM2IzYSMvbnFsMmRjNWFhLS1kLTBzcw%3D%3D&btag=80000e00028000&cquery=100o_101r_100B_100H_100K&dy_q=1760969609&feature_id=b38008770b4e09863331b14b26bcdc23&l=20251020221329FF810B6B17C3D024C6A3', 'https://v5-dy-o-abtest.zjcdn.com/1bf9ebdce968b8fb4c2a4c6316106967/68f66e0f/video/tos/cn/tos-cn-ve-15/owC0AoAtDWOEHB4gQRQMfP8KINSeAjVfBG8b67/?a=6383&ch=10010&cr=3&dr=0&lr=all&cd=0%7C0%7C0%7C3&cv=1&br=199&bt=199&cs=2&ds=6&ft=c2YTctGHQPRUZxfusdr~kwPqYldQIKDEE-TerrNqq_45a&mime_type=video_mp4&qs=11&rc=NTs6aDc6NGQ5Njc2OzNoO0BpajNleXE5cnV2NjMzNGkzM0AyLTEuMDUtNV4xYjUtM2IzYSMvbnFsMmRjNWFhLS1kLTBzcw%3D%3D&btag=80000e00028000&cquery=101r_100B_100H_100K_100o&dy_q=1760969609&feature_id=b38008770b4e09863331b14b26bcdc23&l=20251020221329FF810B6B17C3D024C6A3', 'https://www.douyin.com/aweme/v1/play/?video_id=v0300fg10000d3ds8rfog65novtbq02g&line=0&file_id=68ee600883e443a68a0187341e470852&sign=bbd88ea485ffa840559989d5b5740cdd&is_play_url=1&source=PackSourceEnum_PUBLISH'], 'width': 576, 'height': 1024, 'url_key': 'v0300fg10000d3ds8rfog65novtbq02g_bytevc1_540p_204022', 'data_size': 2204696, 'file_hash': 'bbd88ea485ffa840559989d5b5740cdd', 'file_cs': 'c:0-72746-6460|a:v0300fg10000d3ds8rfog65novtbq02g'}, 'bit_rate_audio': [{'audio_meta': {'url_list': {'main_url': 'https://v5-dy-o-abtest.zjcdn.com/0a9c0e811e315531673acc78fda29639/68f7955f/video/tos/cn/tos-cn-vd-0026/o8gfAqfDDIvB99oAjpZFD2A8tB0ApERAFAAtgg/media-audio-und-mp4a/?a=6383&ch=0&cr=8&dr=0&er=1&lr=default&cd=0%7C0%7C0%7C3&cv=1&br=50&bt=50&cs=0&mime_type=video_mp4&qs=1&rc=ZjU0OTo8aTZmOTw3NDU1M0BpajNleXE5cnV2NjMzNGkzM0AzYl8tY18vYjI0YmM2YWM1YSMvbnFsMmRjNWFhLS1kLTBzcw%3D%3D&btag=80000e00028000&cquery=101r_100o&dy_q=1760969609&l=20251020221329FF810B6B17C3D024C6A3', 'backup_url': 'https://v5-dy-o-abtest.zjcdn.com/0a9c0e811e315531673acc78fda29639/68f7955f/video/tos/cn/tos-cn-vd-0026/o8gfAqfDDIvB99oAjpZFD2A8tB0ApERAFAAtgg/media-audio-und-mp4a/?a=6383&ch=0&cr=8&dr=0&er=1&lr=default&cd=0%7C0%7C0%7C3&cv=1&br=50&bt=50&cs=0&mime_type=video_mp4&qs=1&rc=ZjU0OTo8aTZmOTw3NDU1M0BpajNleXE5cnV2NjMzNGkzM0AzYl8tY18vYjI0YmM2YWM1YSMvbnFsMmRjNWFhLS1kLTBzcw%3D%3D&btag=80000e00028000&cquery=101r_100o&dy_q=1760969609&l=20251020221329FF810B6B17C3D024C6A3', 'fallback_url': 'https://www.douyin.com/aweme/v1/play/dash/?video_id=v0300fg10000d3ds8rfog65novtbq02g&line=0&file_id=80f2d291f4e9765ce32fb9f706b1e26c&sign=80f2d291f4e9765ce32fb9f706b1e26c&is_play_url=1&source=PackSourceEnum_PUBLISH'}, 'encoded_type': 'normal', 'media_type': 'audio', 'logo_type': '', 'quality': 'low', 'quality_desc': '', 'format': 'dash', 'bitrate': 52161, 'codec_type': 'h264', 'size': 563655, 'fps': 0, 'file_id': '80f2d291f4e9765ce32fb9f706b1e26c', 'file_hash': '80f2d291f4e9765ce32fb9f706b1e26c', 'sub_info': '{"audio_channels":"2.0","audio_layout":"C","audio_sample_rate":"44100","base_range_info":{"index_range":"870-1033","init_range":"0-869"},"check_info":{"check_info":"a:v0300fg10000d3ds8rfog65novtbq02g|b:0-1033-c96bb03eb52548e1dd81d6f46d0e5bb7|c:0-1033-efff"},"first_segment_range":"1034-54541","gear_des_key":"0:dash|1:normal|2:h264|5:low|10000:105"}'}, 'audio_quality': 5, 'audio_extra': '{"real_bitrate":434506}'}], 'play_addr_h264': {'uri': 'v0300fg10000d3ds8rfog65novtbq02g', 'url_list': ['https://v5-dy-o-abtest.zjcdn.com/140f2905d8a84afed0660e1ae25726f9/68f66e0f/video/tos/cn/tos-cn-ve-15/o4UGYAMYjEEeAf0tgXOxfAgPDCrv4b7Ae2RwN3/?a=6383&ch=10010&cr=3&dr=0&lr=all&cd=0%7C0%7C0%7C3&cv=1&br=550&bt=550&cs=0&ds=3&ft=c2YTctGHQPRUZxfusdr~kwPqYldQIKDEE-TerrNqq_45a&mime_type=video_mp4&qs=0&rc=PDc5N2c2Z2ZlOWVkNjM4PEBpajNleXE5cnV2NjMzNGkzM0AtYWNfXmIyXzIxMjRhX2BgYSMvbnFsMmRjNWFhLS1kLTBzcw%3D%3D&btag=80000e00028000&cquery=100K_100o_101r_100B_100H&dy_q=1760969609&feature_id=fea919893f650a8c49286568590446ef&l=20251020221329FF810B6B17C3D024C6A3', 'https://v5-dy-o-abtest.zjcdn.com/140f2905d8a84afed0660e1ae25726f9/68f66e0f/video/tos/cn/tos-cn-ve-15/o4UGYAMYjEEeAf0tgXOxfAgPDCrv4b7Ae2RwN3/?a=6383&ch=10010&cr=3&dr=0&lr=all&cd=0%7C0%7C0%7C3&cv=1&br=550&bt=550&cs=0&ds=3&ft=c2YTctGHQPRUZxfusdr~kwPqYldQIKDEE-TerrNqq_45a&mime_type=video_mp4&qs=0&rc=PDc5N2c2Z2ZlOWVkNjM4PEBpajNleXE5cnV2NjMzNGkzM0AtYWNfXmIyXzIxMjRhX2BgYSMvbnFsMmRjNWFhLS1kLTBzcw%3D%3D&btag=80000e00028000&cquery=100B_100H_100K_100o_101r&dy_q=1760969609&feature_id=fea919893f650a8c49286568590446ef&l=20251020221329FF810B6B17C3D024C6A3', 'https://www.douyin.com/aweme/v1/play/?video_id=v0300fg10000d3ds8rfog65novtbq02g&line=0&file_id=c9c5b0d37a5b465bbc5de3adb4f6d409&sign=6bcbdbcf86186630b3397f039a3f1ae4&is_play_url=1&source=PackSourceEnum_PUBLISH'], 'width': 720, 'height': 1280, 'url_key': 'v0300fg10000d3ds8rfog65novtbq02g_h264_720p_563343', 'data_size': 6087562, 'file_hash': '6bcbdbcf86186630b3397f039a3f1ae4', 'file_cs': 'c:0-95409-b514|a:v0300fg10000d3ds8rfog65novtbq02g'}, 'raw_cover': {'uri': 'tos-cn-i-dy/fb6d7423a02143c0b29c02df5e6c533f', 'url_list': ['https://p3-pc-sign.douyinpic.com/tos-cn-i-dy/fb6d7423a02143c0b29c02df5e6c533f~tplv-dy-cropcenter:323:430.jpeg?lk3s=138a59ce&x-expires=2076328800&x-signature=o3C9Z7LRQp4pTzTTfyQa%2Fhq4W1Y%3D&from=327834062&s=PackSourceEnum_PUBLISH&se=true&sh=323_430&sc=cover&biz_tag=pcweb_cover&l=20251020221329FF810B6B17C3D024C6A3', 'https://p3-pc-sign.douyinpic.com/obj/tos-cn-i-dy/fb6d7423a02143c0b29c02df5e6c533f?lk3s=138a59ce&x-expires=2076328800&x-signature=N3VjoHTR24l7C3e3DGq8LdgIDaU%3D&from=327834062&s=PackSourceEnum_PUBLISH&se=false&sc=cover&biz_tag=pcweb_cover&l=20251020221329FF810B6B17C3D024C6A3'], 'width': 720, 'height': 720}, 'is_long_video': 1, 'animated_cover': {'uri': 'tos-cn-i-dy/fb6d7423a02143c0b29c02df5e6c533f', 'url_list': ['https://p3-pc-sign.douyinpic.com/obj/tos-cn-i-dy/fb6d7423a02143c0b29c02df5e6c533f?lk3s=138a59ce&x-expires=1762178400&x-signature=6dWlXyTRuhL6pzkD8KLZZdQTBqc%3D&from=327834062_large&s=PackSourceEnum_PUBLISH&se=false&sc=dynamic_cover&biz_tag=pcweb_cover&l=20251020221329FF810B6B17C3D024C6A3', 'https://p9-pc-sign.douyinpic.com/obj/tos-cn-i-dy/fb6d7423a02143c0b29c02df5e6c533f?lk3s=138a59ce&x-expires=1762178400&x-signature=wi2aUoIAL4T%2BPisGneNqf0ofT84%3D&from=327834062_large&s=PackSourceEnum_PUBLISH&se=false&sc=dynamic_cover&biz_tag=pcweb_cover&l=20251020221329FF810B6B17C3D024C6A3']}, 'gaussian_cover': {'uri': 'tos-cn-p-0015/oMQ3QBBU7iVtAPMRHWWK8ASfKjfBbQVAG64TCf', 'url_list': ['https://p9-pc-sign.douyinpic.com/tos-cn-p-0015/oMQ3QBBU7iVtAPMRHWWK8ASfKjfBbQVAG64TCf~tplv-tsj2vxp0zn-gaosi:40.jpeg?lk3s=138a59ce&x-expires=1792504800&x-signature=oMXLW5fndfmZRxsae8osfZftL8Y%3D&from=327834062', 'https://p3-pc-sign.douyinpic.com/tos-cn-p-0015/oMQ3QBBU7iVtAPMRHWWK8ASfKjfBbQVAG64TCf~tplv-tsj2vxp0zn-gaosi:40.jpeg?lk3s=138a59ce&x-expires=1792504800&x-signature=RhnR9qV5205aYI6b50lY5ZmEGQY%3D&from=327834062'], 'width': 720, 'height': 720}, 'meta': '{"bright_ratio_mean":"0.5368","brightness_mean":"196.3999","diff_overexposure_ratio":"0.0007","enable_manual_ladder":"1","format":"mp4","gear_vqm":"{\\"1080p_720p\\":0,\\"720p_540p\\":1}","hrids":"500000002","is_spatial_video":"0","isad":"0","loudness":"-12.2","overexposure_ratio_mean":"0.2407","peak":"0.98855","qprf":"1.000","sdgs":"[\\"normal_720_0\\",\\"low_720_0\\",\\"low_540_0\\",\\"adapt_low_540_0\\",\\"adapt_lowest_1080_1\\",\\"adapt_lowest_720_1\\",\\"adapt_540_1\\"]","sr_potential":"{\\"v1.0\\":{\\"score\\":60.802}}","sr_score":"1.000","std_brightness":"14.8353","strategy_tokens":"[\\"online\\",\\"sexp_reward02_0721\\",\\"sexp_reward01_0721\\",\\"sexp_0701_0819\\",\\"sexp_0702_0819\\"]","title_info":"{\\"avg_br_pc\\":220,\\"bottom_res_add\\":[0,0,0,26.18,40.82,0,0,0,0,0,0,0,0,0,0],\\"bullet_zone\\":12.35,\\"mean_br_l\\":[241.71,233.14,223.91,214.98,206.61,197.91],\\"pc60_br_l\\":[244.53,236.01,227.43,218.69,209.49,200],\\"progress_bar\\":[244,244,244],\\"ratio_br_l\\":[244.52,235.99,227.43,218.49,209.34,199.8],\\"ratio_br_l_thre220\\":[0.99,0.79,0.6,0.48,0.42,0.37],\\"ratio_edge_l\\":[0,0,0,0.13,0.11,0.14],\\"std_br_l\\":[25.91,20.54,15.15,12.69,12.42,13.67],\\"top_res_add\\":[0,0,0,8.18,38.36,13.73,32.09],\\"version\\":\\"v1.0\\"}","volume_info":"{\\"Loudness\\":-12.2,\\"LoudnessRangeEnd\\":-10.2,\\"MaximumMomentaryLoudness\\":-4.1,\\"Version\\":2,\\"LoudnessRange\\":5.7,\\"LoudnessRangeStart\\":-15.9,\\"MaximumShortTermLoudness\\":-9.4,\\"Metrics\\":{\\"Loudness\\":{\\"Integrated\\":-12.177},\\"Phase\\":{\\"RMSDownmixDiff\\":-0.11},\\"RMSStats\\":{\\"LRDiff\\":0.007,\\"LTotal\\":-15.3,\\"Peak\\":-0.057,\\"RTotal\\":-15.307},\\"Version\\":\\"1.4.2\\"},\\"Peak\\":0.98855}","vqs_origin":"76.35"}', 'video_model': '', 'is_source_HDR': 0, 'use_static_cover': True, 'big_thumbs': [{'img_num': 86, 'uri': 'tos-cn-p-0015/oUjbeeAigExUE0PDg3R3lCAfJ2tULM4eGArYGg', 'img_url': 'https://p3-sign.douyinpic.com/tos-cn-p-0015/oUjbeeAigExUE0PDg3R3lCAfJ2tULM4eGArYGg~tplv-noop.image?cquery=100B_100H_100K_100o_101r&dy_q=1760969609&l=20251020221329FF810B6B17C3D024C6A3&x-expires=1760980495&x-signature=M0jRyGBaXsooQMV%2FZGiMgjVkwRs%3D', 'img_x_size': 136, 'img_y_size': 240, 'img_x_len': 5, 'img_y_len': 5, 'duration': 86.433334, 'interval': 1, 'fext': 'jpg', 'uris': ['tos-cn-p-0015/oUjbeeAigExUE0PDg3R3lCAfJ2tULM4eGArYGg', 'tos-cn-p-0015/o8AqDtIgD6AFFE8xbG9Av2ff8RDoABdI9CKojb', 'tos-cn-p-0015/ogf3x8tD2BAFqnFICI9cvaAGAjRgKoQfDA9bEX', 'tos-cn-p-0015/o0mjQGQMKH8B6fNCiR43BAKQUMW3f7AtVbCZeA'], 'img_urls': ['https://p3-sign.douyinpic.com/tos-cn-p-0015/oUjbeeAigExUE0PDg3R3lCAfJ2tULM4eGArYGg~tplv-noop.image?cquery=100B_100H_100K_100o_101r&dy_q=1760969609&l=20251020221329FF810B6B17C3D024C6A3&x-expires=1760980495&x-signature=M0jRyGBaXsooQMV%2FZGiMgjVkwRs%3D', 'https://p3-sign.douyinpic.com/tos-cn-p-0015/o8AqDtIgD6AFFE8xbG9Av2ff8RDoABdI9CKojb~tplv-noop.image?cquery=100o_101r_100B_100H_100K&dy_q=1760969609&l=20251020221329FF810B6B17C3D024C6A3&x-expires=1760980495&x-signature=m5uAIVrtlnLRzqxfjskIR%2FZs6Lk%3D', 'https://p3-sign.douyinpic.com/tos-cn-p-0015/ogf3x8tD2BAFqnFICI9cvaAGAjRgKoQfDA9bEX~tplv-noop.image?cquery=100K_100o_101r_100B_100H&dy_q=1760969609&l=20251020221329FF810B6B17C3D024C6A3&x-expires=1760980495&x-signature=%2FMofNNfQ2V0i7jrAKV%2Bqen%2BxEh4%3D', 'https://p3-sign.douyinpic.com/tos-cn-p-0015/o0mjQGQMKH8B6fNCiR43BAKQUMW3f7AtVbCZeA~tplv-noop.image?cquery=100H_100K_100o_101r_100B&dy_q=1760969609&l=20251020221329FF810B6B17C3D024C6A3&x-expires=1760980495&x-signature=eIYFhiH6cRlNBD4TBJQ%2BWk9GOVw%3D']}]}, 'item_aigc_follow_shot': 1, 'user_digged': 0, 'statistics': {'recommend_count': 4, 'comment_count': 0, 'digg_count': 43, 'admire_count': 0, 'play_count': 0, 'share_count': 10, 'collect_count': 12}, 'status': {'not_allow_soft_del_reason': 'ab', 'is_delete': False, 'allow_share': True, 'review_result': {'review_status': 0}, 'allow_friend_recommend_guide': True, 'part_see': 0, 'private_status': 0, 'listen_video_status': 2, 'in_reviewing': False, 'allow_self_recommend_to_friend': True, 'allow_friend_recommend': True, 'is_prohibited': False, 'enable_soft_delete': 0}, 'ent_log_extra': {'log_extra': '{"global_log_extra":null,"page_log_extra":null,"aweme_log_extra":{"ce_current_group_id":"7555848876754832680","author_id":"1965574329213736"},"extra_log_extra":null}'}, 'text_extra': [], 'is_top': 0, 'publish_plus_alienation': {'alienation_type': 0}, 'share_info': {'share_url': 'https://www.iesdouyin.com/share/video/7555848876754832680/?region=US&mid=7376188696542021642&u_code=0&did=MS4wLjABAAAAvCMmrvAxedjvycgJ9K0iX5KdtDHpyq-etIWoeicy6xniB0XMxRYv3S-CyP_GdsPs&iid=MS4wLjABAAAANwkJuWIRFOzg5uCpDRpMj4OX-QryoDgn-yYlXQnRwQQ&with_sec_did=1&video_share_track_ver=&titleType=title&share_sign=d6PsRVuqQCKYSfZN5WBxwgItV0bdAEDARnhMytxCVvg-&share_version=290100&ts=1760969609&from_aid=6383&from_ssr=1&share_track_info=%7B%22link_description_type%22%3A%22%22%7D', 'share_link_desc': '1.76 l@C.UY KJi:/ 11/28 你以为的小事，在孩子眼里是“被抛弃” “妈妈没进幼儿园”—— 孩子的恐慌你懂吗？别让成人视角，毁掉孩子的安全感 # 幼儿教育# 父母课堂# 育儿# 亲子关系# 家庭教育# 孙瑞雪  %s 复制此链接，打开Dou音搜索，直接观看视频！'}, 'nearby_hot_comment': None, 'video_labels': None, 'entertainment_video_type': 3, 'is_ads': False, 'duration': 86449, 'aweme_type': 0, 'select_anchor_expanded_content': 0, 'ai_follow_images': None, 'image_infos': None, 'risk_infos': {'vote': False, 'warn': False, 'risk_sink': False, 'type': 0, 'content': ''}, 'entertainment_video_paid_way': {'paid_ways': [], 'paid_type': 0, 'enable_use_new_ent_data': False}, 'flash_mob_trends': 0, 'position': None, 'uniqid_position': None, 'comment_list': None, 'author_user_id': 1965574329213736, 'product_genre_info': {'product_genre_type': 2, 'material_genre_sub_type_set': [4], 'special_info': {'recommend_group_name': 0}}, 'geofencing': [], 'series_basic_info': {}, 'is_moment_history': 0, 'region': '', 'video_text': None, 'is_24_story': 0, 'collect_stat': 0, 'label_top_text': None, 'promotions': [], 'group_id': '7555848876754832680', 'prevent_download': False, 'nickname_position': None, 'challenge_position': None, 'shoot_way': '', 'video_share_edit_status': 0, 'friend_recommend_info': {'friend_recommend_source': 10, 'label_user_list': None, 'disable_friend_recommend_guide_label': False}, 'long_video': None, 'trends_event_track': '{}', 'aweme_listen_struct': {'trace_info': '{"copyright_not_speech":"false","copyright_reason":"not_intercept","copyright_tag_hit":"0","copyright_use_aed_default":"true","copyright_use_tag_default":"false","cp_ab":"true","desc":"","duration_over":"false","hit_high_risk":"false","media_type":"4","reason":"hit_ab_0","show":"false"}'}, 'enable_comment_sticker_rec': False, 'follow_shoot_clip_info': {'clip_video_all': 7555848906450766634, 'clip_from_platform': 7376188696542021642, 'origin_clip_id': 7376188696542021642}, 'interaction_stickers': None, 'mv_info': None, 'origin_comment_ids': None, 'commerce_config_data': None, 'caption_template_id': 0, 'video_control': {'allow_download': False, 'share_type': 0, 'show_progress_bar': 1, 'draft_progress_bar': 1, 'allow_duet': True, 'allow_react': False, 'prevent_download_type': 2, 'allow_dynamic_wallpaper': False, 'timer_status': 1, 'allow_music': True, 'allow_stitch': False, 'allow_douplus': True, 'allow_share': True, 'share_grayed': False, 'download_ignore_visibility': False, 'duet_ignore_visibility': False, 'share_ignore_visibility': False, 'download_info': {'level': 1, 'fail_info': {'code': 290002, 'reason': 'isolation_content', 'msg': '视频暂时无法保存，链接已复制'}}, 'duet_info': {'level': 0}, 'allow_record': True, 'disable_record_reason': '', 'timer_info': {'public_time': 1759399200, 'timer_status': 0}}, 'aweme_control': {'can_forward': True, 'can_share': True, 'can_comment': True, 'can_show_comment': True}, 'douplus_user_type': 0, 'is_25_story': 0, 'origin_duet_resource_uri': '', 'is_moment_story': 0, 'anchors': None, 'hybrid_label': None, 'geofencing_regions': None, 'interest_points': None, 'aweme_acl': {'download_mask_panel': {'code': 1, 'show_type': 0}}, 'personal_page_botton_diagnose_style': 0, 'is_story': 0, 'game_tag_info': {'is_game': False}, 'chapter_bar_color': None, 'follow_shot_assets': None, 'cover_labels': None, 'is_new_text_mode': 0, 'can_cache_to_local': True, 'guide_btn_type': 0, 'is_from_ad_auth': False, 'aweme_type_tags': '', 'images': None, 'relation_labels': None, 'cf_assets_type': 0, 'impression_data': {'group_id_list_a': [], 'group_id_list_b': [], 'similar_id_list_a': None, 'similar_id_list_b': None, 'group_id_list_c': [], 'group_id_list_d': []}, 'component_control': {'data_source_url': '/aweme/v1/web/aweme/post/'}, 'trends_infos': None, 'libfinsert_task_id': '', 'social_tag_list': None, 'suggest_words': {'suggest_words': [{'words': [{'word': '捕捉儿童敏感期孙瑞雪书', 'word_id': '6939132636829848839', 'info': '{"End":0,"Start":0,"ecpm_boost_tag":false,"log_pb":"","qrec_for_search":"{\\"query_ecom\\":\\"1\\"}"}'}], 'scene': 'detail_inbox_rex', 'icon_url': '', 'hint_text': '', 'extra_info': '{"resp_from":"hit_cache"}'}, {'words': [{'word': '捕捉儿童敏感期孙瑞雪书', 'word_id': '6939132636829848839', 'info': '{"End":0,"Start":0,"ecpm_boost_tag":false,"log_pb":"","qrec_for_search":"{\\"query_ecom\\":\\"1\\"}"}'}, {'word': '怎么促进幼儿心理发展', 'word_id': '6862852119175877895', 'info': '{"End":0,"Start":0,"ecpm_boost_tag":false,"log_pb":"","qrec_for_search":"{}"}'}], 'scene': 'comment_top_rec', 'icon_url': '', 'hint_text': '大家都在搜：', 'extra_info': '{"resp_from":"hit_cache"}'}]}, 'show_follow_button': {}, 'duet_aggregate_in_music_tab': False, 'is_duet_sing': False, 'comment_permission_info': {'comment_permission_status': 0, 'can_comment': True, 'item_detail_entry': False, 'press_entry': False, 'toast_guide': False}, 'original_images': None, 'series_paid_info': {'series_paid_status': 0, 'item_price': 0}, 'img_bitrate': None, 'comment_gid': 7555848876754832680, 'image_album_music_info': {'begin_time': -1, 'end_time': -1, 'volume': -1}, 'video_tag': [{'tag_id': 2024, 'tag_name': '亲子', 'level': 1}, {'tag_id': 2024006, 'tag_name': '母婴', 'level': 2}, {'tag_id': 2024006003, 'tag_name': '育儿知识', 'level': 3}], 'is_collects_selected': 0, 'chapter_list': None, 'feed_comment_config': {'input_config_text': '善语结善缘，恶言伤人心', 'author_audit_status': 0, 'common_flags': '{"item_author_nickname":"孙瑞雪聊教育","video_labels_v2_tag1":"母婴","video_labels_v2_tag2":"育儿理念"}'}, 'is_image_beat': False, 'dislike_dimension_list': None, 'standard_bar_info_list': None, 'photo_search_entrance': {'ecom_type': 0}, 'is_life_item': False, 'image_list': None, 'component_info_v2': '{"desc_lines_limit":0,"hide_marquee":false}', 'item_warn_notification': {'type': 0, 'show': False, 'content': ''}, 'origin_text_extra': None, 'disable_relation_bar': 0, 'packed_clips': None, 'vtag_search': {'vtag_enable': True, 'vtag_delay_ts': 96449}, 'author_mask_tag': 0, 'user_recommend_status': 1, 'collection_corner_mark': 0, 'is_share_post': False, 'image_comment': {}, 'visual_search_info': {'visual_search_longpress': 1, 'is_show_img_entrance': False, 'is_ecom_img': False, 'is_high_accuracy_ecom': False, 'is_high_recall_ecom': False}, 'tts_id_list': None, 'ref_tts_id_list': None, 'voice_modify_id_list': None, 'ref_voice_modify_id_list': None, 'authentication_token': 'MS4wLjAAAAAAUnDmE7BrZ2zHm5z-_wR4pIN92of6agwv8jPSgoFpGc9cRPOBqoNwhpEw-RgL5do3oPnzYc2ECPtwzyHj_BRZ6enIzUtr1NpNgdGKeKHjyGwAKbopETCys2hZ1wddLngYuDH8jA9smxHNclArf7nQ9OxSeMcalsQnWTTAcFKPVKeqvmoxugonMG-XGx4SJSVQ4gf4rgLa4QjYSb9P34g8BTvICDS3fr8YY7U83UbsndnMHEJN_dIDrb0KASVNsiPl', 'video_game_data_channel_config': {}, 'dislike_dimension_list_v2': None, 'distribute_circle': {'distribute_type': 0, 'campus_block_interaction': False, 'is_campus': False}, 'image_crop_ctrl': 0, 'yumme_recreason': None, 'slides_music_beats': None, 'jump_tab_info_list': None, 'media_type': 4, 'reply_smart_emojis': None, 'activity_video_type': -1, 'boost_status': 0, 'create_scale_type': None, 'entertainment_product_info': {'sub_title': None, 'market_info': {'limit_free': {'in_free': False}, 'marketing_tag': None}}, 'caption': '“妈妈没进幼儿园”—— 孩子的恐慌你懂吗？别让成人视角，毁掉孩子的安全感\n\n#幼儿教育#父母课堂#育儿#亲子关系#家庭教育#孙瑞雪', 'item_title': '你以为的小事，在孩子眼里是“被抛弃”', 'is_use_music': True, 'original': 0, 'xigua_base_info': {'status': 0, 'star_altar_order_id': 0, 'star_altar_type': 0, 'item_id': 0}, 'mark_largely_following': False}, {'aweme_id': '7555845974808169762', 'desc': '被接住的孩子，一生都带着舒展的底气 婴儿衣服湿一点就哭闹，可家长嫌 “矫情” 不回应，久而久之孩子就把需求 “扔掉”—— 孩子感觉钝感，都是被忽视出来的！  \n#幼儿教育#父母课堂#育儿#亲子关系#家庭教育#孙瑞雪', 'create_time': 1759312800, 'author': {'uid': '1965574329213736', 'card_entries_not_display': None, 'nickname': '孙瑞雪聊教育', 'personal_tag_list': None, 'homepage_bottom_toast': None, 'avatar_thumb': {'uri': '100x100/aweme-avatar/tos-cn-avt-0015_afee5b125df955a19af4c41159ad1295', 'url_list': ['https://p3-pc.douyinpic.com/aweme/100x100/aweme-avatar/tos-cn-avt-0015_afee5b125df955a19af4c41159ad1295.jpeg?from=327834062'], 'width': 720, 'height': 720}, 'batch_unfollow_contain_tabs': None, 'not_seen_item_id_list': None, 'follow_status': 0, 'contrail_list': None, 'story_interactive': 0, 'data_label_list': None, 'custom_verify': '', 'follower_list_secondary_information_struct': None, 'display_info': None, 'interest_tags': None, 'account_cert_info': '{}', 'user_tags': None, 'share_info': {'share_url': '', 'share_weibo_desc': '', 'share_desc': '', 'share_title': '', 'share_qrcode_url': {'uri': '31b0500316c4e154852bc', 'url_list': ['https://p3-pc-sign.douyinpic.com/obj/31b0500316c4e154852bc?lk3s=138a59ce&x-expires=1760990400&x-signature=VnOegD8kfOkclbkCT%2BIUAVSkQl4%3D&from=327834062'], 'width': 720, 'height': 720}, 'share_title_myself': '', 'share_title_other': '', 'share_desc_info': ''}, 'can_set_geofencing': None, 'sec_uid': 'MS4wLjABAAAAnAFnkWlOm9jteymsi42fanYLMzfbqdGIwCILEUqDNmFyjfK9N8fSJdS_D2UWk_we', 'need_points': None, 'enterprise_verify_reason': '', 'is_ad_fake': False, 'story_ttl': 0, 'user_permissions': None, 'card_entries': None, 'creator_tag_list': None, 'offline_info_list': None, 'text_extra': None, 'card_sort_priority': None, 'prevent_download': False, 'special_people_labels': None, 'white_cover_url': None, 'endorsement_info_list': None, 'follower_status': 0, 'profile_mob_params': None, 'familiar_visitor_user': None, 'avatar_schema_list': None, 'cover_url': [{'uri': 'c8510002be9a3a61aad2', 'url_list': ['https://p3-pc-sign.douyinpic.com/obj/c8510002be9a3a61aad2?lk3s=138a59ce&x-expires=1762178400&x-signature=bEz6E0nbTH1458RtDsUU87G74Mk%3D&from=327834062'], 'width': 720, 'height': 720}], 'cf_list': None, 'im_role_ids': None, 'not_seen_item_id_list_v2': None, 'signature_extra': None, 'risk_notice_text': '', 'ban_user_functions': None, 'profile_component_disabled': None, 'verification_permission_ids': None, 'identity_labels': None, 'private_relation_list': None, 'link_item_list': None, 'batch_unfollow_relation_desc': None}, 'music': {'id': 7555846031349009193, 'id_str': '7555846031349009193', 'title': '@孙瑞雪聊教育创作的原声', 'author': '孙瑞雪聊教育', 'album': '', 'cover_hd': {'uri': '1080x1080/aweme-avatar/tos-cn-avt-0015_afee5b125df955a19af4c41159ad1295', 'url_list': ['https://p3-pc.douyinpic.com/aweme/1080x1080/aweme-avatar/tos-cn-avt-0015_afee5b125df955a19af4c41159ad1295.jpeg?from=327834062'], 'width': 720, 'height': 720}, 'cover_large': {'uri': '1080x1080/aweme-avatar/tos-cn-avt-0015_afee5b125df955a19af4c41159ad1295', 'url_list': ['https://p3-pc.douyinpic.com/aweme/1080x1080/aweme-avatar/tos-cn-avt-0015_afee5b125df955a19af4c41159ad1295.jpeg?from=327834062'], 'width': 720, 'height': 720}, 'cover_medium': {'uri': '720x720/aweme-avatar/tos-cn-avt-0015_afee5b125df955a19af4c41159ad1295', 'url_list': ['https://p3-pc.douyinpic.com/aweme/720x720/aweme-avatar/tos-cn-avt-0015_afee5b125df955a19af4c41159ad1295.jpeg?from=327834062'], 'width': 720, 'height': 720}, 'cover_thumb': {'uri': '100x100/aweme-avatar/tos-cn-avt-0015_afee5b125df955a19af4c41159ad1295', 'url_list': ['https://p3-pc.douyinpic.com/aweme/100x100/aweme-avatar/tos-cn-avt-0015_afee5b125df955a19af4c41159ad1295.jpeg?from=327834062'], 'width': 720, 'height': 720}, 'play_url': {'uri': 'https://lf3-music-east.douyinstatic.com/obj/ies-music-hj/7555846081985153850.mp3', 'url_list': ['https://lf3-music-east.douyinstatic.com/obj/ies-music-hj/7555846081985153850.mp3', 'https://lf9-music-east.douyinstatic.com/obj/ies-music-hj/7555846081985153850.mp3'], 'width': 720, 'height': 720, 'url_key': '7555846031349009193'}, 'schema_url': '', 'source_platform': 23, 'start_time': 0, 'end_time': 0, 'duration': 112, 'extra': '{"aed_music_score":0.01,"aed_singing_score":0.02,"aggregate_exempt_conf":[],"beats":{},"cover_colors":null,"douyin_beats_info":{},"dsp_switch":0,"extract_item_id":7555845974808169762,"has_edited":0,"hit_high_follow_auto":false,"hit_high_follow_extend":false,"hit_high_follow_original":false,"hotsoon_review_time":-1,"is_aed_music":0,"is_high_follow_user":false,"is_red":0,"is_subsidy_exp":false,"music_label_id":null,"music_tagging":{"AEDs":null,"Genres":null,"Instruments":null,"Languages":null,"Moods":null,"SingingVersions":null,"Themes":null},"review_unshelve_reason":0,"reviewed":0,"schedule_search_time":0,"uniqa_speech_score":0.95,"with_aed_model":1}', 'user_count': 0, 'position': None, 'collect_stat': 0, 'status': 1, 'offline_desc': '', 'owner_id': '1965574329213736', 'owner_nickname': '孙瑞雪聊教育', 'is_original': False, 'mid': '7555846031349009193', 'binded_challenge_id': 0, 'redirect': False, 'is_restricted': False, 'author_deleted': False, 'is_del_video': False, 'is_video_self_see': False, 'owner_handle': '63566855132', 'author_position': None, 'prevent_download': False, 'unshelve_countries': None, 'prevent_item_download_status': 0, 'external_song_info': [], 'sec_uid': 'MS4wLjABAAAAnAFnkWlOm9jteymsi42fanYLMzfbqdGIwCILEUqDNmFyjfK9N8fSJdS_D2UWk_we', 'avatar_thumb': {'uri': '100x100/aweme-avatar/tos-cn-avt-0015_afee5b125df955a19af4c41159ad1295', 'url_list': ['https://p3-pc.douyinpic.com/aweme/100x100/aweme-avatar/tos-cn-avt-0015_afee5b125df955a19af4c41159ad1295.jpeg?from=327834062'], 'width': 720, 'height': 720}, 'avatar_medium': {'uri': '720x720/aweme-avatar/tos-cn-avt-0015_afee5b125df955a19af4c41159ad1295', 'url_list': ['https://p3-pc.douyinpic.com/aweme/720x720/aweme-avatar/tos-cn-avt-0015_afee5b125df955a19af4c41159ad1295.jpeg?from=327834062'], 'width': 720, 'height': 720}, 'avatar_large': {'uri': '1080x1080/aweme-avatar/tos-cn-avt-0015_afee5b125df955a19af4c41159ad1295', 'url_list': ['https://p3-pc.douyinpic.com/aweme/1080x1080/aweme-avatar/tos-cn-avt-0015_afee5b125df955a19af4c41159ad1295.jpeg?from=327834062'], 'width': 720, 'height': 720}, 'preview_start_time': 0, 'preview_end_time': 0, 'is_commerce_music': False, 'is_original_sound': True, 'audition_duration': 112, 'shoot_duration': 112, 'reason_type': 0, 'artists': [], 'lyric_short_position': None, 'mute_share': False, 'tag_list': None, 'dmv_auto_show': False, 'is_pgc': False, 'is_matched_metadata': False, 'is_audio_url_with_cookie': False, 'music_chart_ranks': None, 'can_background_play': True, 'music_status': 1, 'video_duration': 112, 'pgc_music_type': 2, 'author_status': 1, 'search_impr': {'entity_id': '7555846031349009193'}, 'artist_user_infos': None, 'dsp_status': 10, 'musician_user_infos': None, 'music_collect_count': 0, 'music_cover_atmosphere_color_value': '', 'show_origin_clip': False}, 'effect_inflow_effects': None, 'video': {'play_addr': {'uri': 'v0200fg10000d3ds3enog65mpvn026g0', 'url_list': ['https://v5-dy-o-abtest.zjcdn.com/b207b73945aa523363ceec0539cd1cf4/68f66e29/video/tos/cn/tos-cn-ve-15/oQvw58tnDIf1AdtGACFgC996NBfRoUAQEIg9A2/?a=6383&ch=10010&cr=3&dr=0&lr=all&cd=0%7C0%7C0%7C3&cv=1&br=753&bt=753&cs=0&ds=4&ft=c2YTctGHQPRUZxfusdr~kwPqYldQIKDEE-TerrNqq_45a&mime_type=video_mp4&qs=0&rc=ZWllaThmM2Q8PGloOzk1NkBpMzkzeXA5cmh2NjMzNGkzM0AvLl4wYTNjXzExYTYwLy5eYSNkL2ttMmRrMGFhLS1kLS9zcw%3D%3D&btag=80000e00028000&cquery=100o_101r_100B_100H_100K&dy_q=1760969609&feature_id=0ea98fd3bdc3c6c14a3d0804cc272721&l=20251020221329FF810B6B17C3D024C6A3', 'https://v5-dy-o-abtest.zjcdn.com/b207b73945aa523363ceec0539cd1cf4/68f66e29/video/tos/cn/tos-cn-ve-15/oQvw58tnDIf1AdtGACFgC996NBfRoUAQEIg9A2/?a=6383&ch=10010&cr=3&dr=0&lr=all&cd=0%7C0%7C0%7C3&cv=1&br=753&bt=753&cs=0&ds=4&ft=c2YTctGHQPRUZxfusdr~kwPqYldQIKDEE-TerrNqq_45a&mime_type=video_mp4&qs=0&rc=ZWllaThmM2Q8PGloOzk1NkBpMzkzeXA5cmh2NjMzNGkzM0AvLl4wYTNjXzExYTYwLy5eYSNkL2ttMmRrMGFhLS1kLS9zcw%3D%3D&btag=80000e00028000&cquery=100H_100K_100o_101r_100B&dy_q=1760969609&feature_id=0ea98fd3bdc3c6c14a3d0804cc272721&l=20251020221329FF810B6B17C3D024C6A3', 'https://www.douyin.com/aweme/v1/play/?video_id=v0200fg10000d3ds3enog65mpvn026g0&line=0&file_id=a31226389edf4949baf06cd53fab1f2b&sign=453669e9de79554cf43621eaefc32d59&is_play_url=1&source=PackSourceEnum_PUBLISH'], 'width': 1080, 'height': 1920, 'url_key': 'v0200fg10000d3ds3enog65mpvn026g0_h264_1080p_771154', 'data_size': 10878097, 'file_hash': '453669e9de79554cf43621eaefc32d59', 'file_cs': 'c:0-94282-6e94|a:v0200fg10000d3ds3enog65mpvn026g0'}, 'cover': {'uri': 'tos-cn-i-dy/cf28be920acb47ab8f15644bbff5ac66', 'url_list': ['https://p3-pc-sign.douyinpic.com/tos-cn-i-dy/cf28be920acb47ab8f15644bbff5ac66~tplv-dy-cropcenter:323:430.jpeg?lk3s=138a59ce&x-expires=2076328800&x-signature=IVdKLAdr1tJyjiDWn7nnLgCGtAk%3D&from=327834062&s=PackSourceEnum_PUBLISH&se=true&sh=323_430&sc=cover&biz_tag=pcweb_cover&l=20251020221329FF810B6B17C3D024C6A3', 'https://p3-pc-sign.douyinpic.com/obj/tos-cn-i-dy/cf28be920acb47ab8f15644bbff5ac66?lk3s=138a59ce&x-expires=2076328800&x-signature=8iA6dKTZppSwL6y7GeiR8cLzywQ%3D&from=327834062&s=PackSourceEnum_PUBLISH&se=false&sc=cover&biz_tag=pcweb_cover&l=20251020221329FF810B6B17C3D024C6A3'], 'width': 720, 'height': 720}, 'height': 1920, 'width': 1080, 'dynamic_cover': {'uri': 'tos-cn-i-dy/cf28be920acb47ab8f15644bbff5ac66', 'url_list': ['https://p3-pc-sign.douyinpic.com/obj/tos-cn-i-dy/cf28be920acb47ab8f15644bbff5ac66?lk3s=138a59ce&x-expires=1762178400&x-signature=A1ioGyLvbdb%2BXOeHvtNUOO%2BHIBw%3D&from=327834062_large&s=PackSourceEnum_PUBLISH&se=false&sc=dynamic_cover&biz_tag=pcweb_cover&l=20251020221329FF810B6B17C3D024C6A3', 'https://p9-pc-sign.douyinpic.com/obj/tos-cn-i-dy/cf28be920acb47ab8f15644bbff5ac66?lk3s=138a59ce&x-expires=1762178400&x-signature=FvfX1EKupy14f%2FY%2FNSxKVDx%2F5w4%3D&from=327834062_large&s=PackSourceEnum_PUBLISH&se=false&sc=dynamic_cover&biz_tag=pcweb_cover&l=20251020221329FF810B6B17C3D024C6A3'], 'width': 720, 'height': 720}, 'origin_cover': {'uri': 'tos-cn-p-0015/osRtebagg74ACEPBg1t3pBA4C7LfMEe7sAgGNI', 'url_list': ['https://p3-pc-sign.douyinpic.com/tos-cn-p-0015/osRtebagg74ACEPBg1t3pBA4C7LfMEe7sAgGNI~tplv-dy-360p.jpeg?lk3s=138a59ce&x-expires=1762178400&x-signature=tY0cr4ehkZLWmOEqYl04kiWJvXw%3D&from=327834062&s=PackSourceEnum_PUBLISH&se=false&sc=origin_cover&biz_tag=pcweb_cover&l=20251020221329FF810B6B17C3D024C6A3', 'https://p9-pc-sign.douyinpic.com/tos-cn-p-0015/osRtebagg74ACEPBg1t3pBA4C7LfMEe7sAgGNI~tplv-dy-360p.jpeg?lk3s=138a59ce&x-expires=1762178400&x-signature=N3qRiG8pcJUeheEcumoHfoQokrU%3D&from=327834062&s=PackSourceEnum_PUBLISH&se=false&sc=origin_cover&biz_tag=pcweb_cover&l=20251020221329FF810B6B17C3D024C6A3'], 'width': 360, 'height': 640}, 'ratio': '1080p', 'format': 'mp4', 'audio': {'original_sound_infos': None}, 'bit_rate': [{'gear_name': 'normal_1080_0', 'quality_type': 1, 'bit_rate': 771154, 'play_addr': {'uri': 'v0200fg10000d3ds3enog65mpvn026g0', 'url_list': ['https://v5-dy-o-abtest.zjcdn.com/b207b73945aa523363ceec0539cd1cf4/68f66e29/video/tos/cn/tos-cn-ve-15/oQvw58tnDIf1AdtGACFgC996NBfRoUAQEIg9A2/?a=6383&ch=10010&cr=3&dr=0&lr=all&cd=0%7C0%7C0%7C3&cv=1&br=753&bt=753&cs=0&ds=4&ft=c2YTctGHQPRUZxfusdr~kwPqYldQIKDEE-TerrNqq_45a&mime_type=video_mp4&qs=0&rc=ZWllaThmM2Q8PGloOzk1NkBpMzkzeXA5cmh2NjMzNGkzM0AvLl4wYTNjXzExYTYwLy5eYSNkL2ttMmRrMGFhLS1kLS9zcw%3D%3D&btag=80000e00028000&cquery=100o_101r_100B_100H_100K&dy_q=1760969609&feature_id=0ea98fd3bdc3c6c14a3d0804cc272721&l=20251020221329FF810B6B17C3D024C6A3', 'https://v5-dy-o-abtest.zjcdn.com/b207b73945aa523363ceec0539cd1cf4/68f66e29/video/tos/cn/tos-cn-ve-15/oQvw58tnDIf1AdtGACFgC996NBfRoUAQEIg9A2/?a=6383&ch=10010&cr=3&dr=0&lr=all&cd=0%7C0%7C0%7C3&cv=1&br=753&bt=753&cs=0&ds=4&ft=c2YTctGHQPRUZxfusdr~kwPqYldQIKDEE-TerrNqq_45a&mime_type=video_mp4&qs=0&rc=ZWllaThmM2Q8PGloOzk1NkBpMzkzeXA5cmh2NjMzNGkzM0AvLl4wYTNjXzExYTYwLy5eYSNkL2ttMmRrMGFhLS1kLS9zcw%3D%3D&btag=80000e00028000&cquery=100H_100K_100o_101r_100B&dy_q=1760969609&feature_id=0ea98fd3bdc3c6c14a3d0804cc272721&l=20251020221329FF810B6B17C3D024C6A3', 'https://www.douyin.com/aweme/v1/play/?video_id=v0200fg10000d3ds3enog65mpvn026g0&line=0&file_id=a31226389edf4949baf06cd53fab1f2b&sign=453669e9de79554cf43621eaefc32d59&is_play_url=1&source=PackSourceEnum_PUBLISH'], 'width': 1080, 'height': 1920, 'url_key': 'v0200fg10000d3ds3enog65mpvn026g0_h264_1080p_771154', 'data_size': 10878097, 'file_hash': '453669e9de79554cf43621eaefc32d59', 'file_cs': 'c:0-94282-6e94|a:v0200fg10000d3ds3enog65mpvn026g0'}, 'is_h265': 0, 'is_bytevc1': 0, 'HDR_type': '', 'HDR_bit': '', 'FPS': 30, 'video_extra': '{"PktOffsetMap":"[{\\"time\\": 1, \\"offset\\": 213932}, {\\"time\\": 2, \\"offset\\": 254732}, {\\"time\\": 3, \\"offset\\": 283526}, {\\"time\\": 4, \\"offset\\": 331745}, {\\"time\\": 5, \\"offset\\": 460687}, {\\"time\\": 10, \\"offset\\": 776344}]","format":"mp4","definition":"1080p","quality":"normal","file_id":"a31226389edf4949baf06cd53fab1f2b","applog_map":{"feature_id":"0ea98fd3bdc3c6c14a3d0804cc272721"},"audio_channels":"2.0","audio_sample_rate":"44100","audio_metrics":null,"audio_score":null}', 'format': 'mp4'}, {'gear_name': 'normal_720_0', 'quality_type': 10, 'bit_rate': 602887, 'play_addr': {'uri': 'v0200fg10000d3ds3enog65mpvn026g0', 'url_list': ['https://v5-dy-o-abtest.zjcdn.com/7f474bfb32e7c46b536e8cfeb3caeec9/68f66e29/video/tos/cn/tos-cn-ve-15/oUn9QkBoAgOIfO9AQECFfgNA36VD2FtG8CChwA/?a=6383&ch=10010&cr=3&dr=0&lr=all&cd=0%7C0%7C0%7C3&cv=1&br=588&bt=588&cs=0&ds=3&ft=c2YTctGHQPRUZxfusdr~kwPqYldQIKDEE-TerrNqq_45a&mime_type=video_mp4&qs=0&rc=ODtpaTdnM2g0O2c5Z2U0M0BpMzkzeXA5cmh2NjMzNGkzM0BiXy8vMS5eNmExNjBgLTA2YSNkL2ttMmRrMGFhLS1kLS9zcw%3D%3D&btag=80000e00028000&cquery=100B_100H_100K_100o_101r&dy_q=1760969609&feature_id=fea919893f650a8c49286568590446ef&l=20251020221329FF810B6B17C3D024C6A3', 'https://v5-dy-o-abtest.zjcdn.com/7f474bfb32e7c46b536e8cfeb3caeec9/68f66e29/video/tos/cn/tos-cn-ve-15/oUn9QkBoAgOIfO9AQECFfgNA36VD2FtG8CChwA/?a=6383&ch=10010&cr=3&dr=0&lr=all&cd=0%7C0%7C0%7C3&cv=1&br=588&bt=588&cs=0&ds=3&ft=c2YTctGHQPRUZxfusdr~kwPqYldQIKDEE-TerrNqq_45a&mime_type=video_mp4&qs=0&rc=ODtpaTdnM2g0O2c5Z2U0M0BpMzkzeXA5cmh2NjMzNGkzM0BiXy8vMS5eNmExNjBgLTA2YSNkL2ttMmRrMGFhLS1kLS9zcw%3D%3D&btag=80000e00028000&cquery=100K_100o_101r_100B_100H&dy_q=1760969609&feature_id=fea919893f650a8c49286568590446ef&l=20251020221329FF810B6B17C3D024C6A3', 'https://www.douyin.com/aweme/v1/play/?video_id=v0200fg10000d3ds3enog65mpvn026g0&line=0&file_id=90310bcd369d48d19ea01d442f2fb8e5&sign=00bc66bd9e033989f6fa685ca7f7f1ad&is_play_url=1&source=PackSourceEnum_PUBLISH'], 'width': 720, 'height': 1280, 'url_key': 'v0200fg10000d3ds3enog65mpvn026g0_h264_720p_602887', 'data_size': 8504477, 'file_hash': '00bc66bd9e033989f6fa685ca7f7f1ad', 'file_cs': 'c:0-124033-46f3|a:v0200fg10000d3ds3enog65mpvn026g0'}, 'is_h265': 0, 'is_bytevc1': 0, 'HDR_type': '', 'HDR_bit': '', 'FPS': 30, 'video_extra': '{"PktOffsetMap":"[{\\"time\\": 1, \\"offset\\": 215194}, {\\"time\\": 2, \\"offset\\": 248538}, {\\"time\\": 3, \\"offset\\": 279949}, {\\"time\\": 4, \\"offset\\": 325886}, {\\"time\\": 5, \\"offset\\": 414139}, {\\"time\\": 10, \\"offset\\": 675977}]","format":"mp4","definition":"720p","quality":"normal","file_id":"90310bcd369d48d19ea01d442f2fb8e5","applog_map":{"feature_id":"fea919893f650a8c49286568590446ef"},"audio_channels":"2.0","audio_sample_rate":"44100","audio_metrics":null,"audio_score":null}', 'format': 'mp4'}, {'gear_name': 'low_720_0', 'quality_type': 211, 'bit_rate': 516075, 'play_addr': {'uri': 'v0200fg10000d3ds3enog65mpvn026g0', 'url_list': ['https://v5-dy-o-abtest.zjcdn.com/d462d60ee8065391b2d34ef42f26bf6e/68f66e29/video/tos/cn/tos-cn-ve-15/oIBSAbN2HFvNnA8gQoEDtkfAI4nfgGw9ACb6C9/?a=6383&ch=10010&cr=3&dr=0&lr=all&cd=0%7C0%7C0%7C3&cv=1&br=503&bt=503&cs=0&ds=3&ft=c2YTctGHQPRUZxfusdr~kwPqYldQIKDEE-TerrNqq_45a&mime_type=video_mp4&qs=1&rc=Omg1ZGc6ODZnZTQ5ZDU2Z0BpMzkzeXA5cmh2NjMzNGkzM0BgXi0vXi02NjExYV8vYzUzYSNkL2ttMmRrMGFhLS1kLS9zcw%3D%3D&btag=80000e00028000&cquery=100K_100o_101r_100B_100H&dy_q=1760969609&feature_id=0ea98fd3bdc3c6c14a3d0804cc272721&l=20251020221329FF810B6B17C3D024C6A3', 'https://v5-dy-o-abtest.zjcdn.com/d462d60ee8065391b2d34ef42f26bf6e/68f66e29/video/tos/cn/tos-cn-ve-15/oIBSAbN2HFvNnA8gQoEDtkfAI4nfgGw9ACb6C9/?a=6383&ch=10010&cr=3&dr=0&lr=all&cd=0%7C0%7C0%7C3&cv=1&br=503&bt=503&cs=0&ds=3&ft=c2YTctGHQPRUZxfusdr~kwPqYldQIKDEE-TerrNqq_45a&mime_type=video_mp4&qs=1&rc=Omg1ZGc6ODZnZTQ5ZDU2Z0BpMzkzeXA5cmh2NjMzNGkzM0BgXi0vXi02NjExYV8vYzUzYSNkL2ttMmRrMGFhLS1kLS9zcw%3D%3D&btag=80000e00028000&cquery=101r_100B_100H_100K_100o&dy_q=1760969609&feature_id=0ea98fd3bdc3c6c14a3d0804cc272721&l=20251020221329FF810B6B17C3D024C6A3', 'https://www.douyin.com/aweme/v1/play/?video_id=v0200fg10000d3ds3enog65mpvn026g0&line=0&file_id=6d83f22ab6d14b4d939507ad2a02aec7&sign=848e7c5f3728d622b2f02f6622b6fcf3&is_play_url=1&source=PackSourceEnum_PUBLISH'], 'width': 720, 'height': 1280, 'url_key': 'v0200fg10000d3ds3enog65mpvn026g0_h264_720p_516075', 'data_size': 7279894, 'file_hash': '848e7c5f3728d622b2f02f6622b6fcf3', 'file_cs': 'c:0-94272-3b0d|a:v0200fg10000d3ds3enog65mpvn026g0'}, 'is_h265': 0, 'is_bytevc1': 0, 'HDR_type': '', 'HDR_bit': '', 'FPS': 30, 'video_extra': '{"PktOffsetMap":"[{\\"time\\": 1, \\"offset\\": 176500}, {\\"time\\": 2, \\"offset\\": 199351}, {\\"time\\": 3, \\"offset\\": 220267}, {\\"time\\": 4, \\"offset\\": 259254}, {\\"time\\": 5, \\"offset\\": 344771}, {\\"time\\": 10, \\"offset\\": 559291}]","format":"mp4","definition":"720p","quality":"low","file_id":"6d83f22ab6d14b4d939507ad2a02aec7","applog_map":{"feature_id":"0ea98fd3bdc3c6c14a3d0804cc272721"},"audio_channels":"2.0","audio_sample_rate":"44100","audio_metrics":null,"audio_score":null}', 'format': 'mp4'}, {'gear_name': 'low_540_0', 'quality_type': 292, 'bit_rate': 467613, 'play_addr': {'uri': 'v0200fg10000d3ds3enog65mpvn026g0', 'url_list': ['https://v5-dy-o-abtest.zjcdn.com/bcb34d8a0dc9210b2a69fce3e9abb311/68f66e29/video/tos/cn/tos-cn-ve-15/ocBU9SDt2n8fGGB4tnIeC26EQgtFIAoBAEgAyG/?a=6383&ch=10010&cr=3&dr=0&lr=all&cd=0%7C0%7C0%7C3&cv=1&br=456&bt=456&cs=0&ds=6&ft=c2YTctGHQPRUZxfusdr~kwPqYldQIKDEE-TerrNqq_45a&mime_type=video_mp4&qs=1&rc=NTQzNDhoOWg6NDQ3OzwzOkBpMzkzeXA5cmh2NjMzNGkzM0BeMWMyXi4tNS4xXzE2X2BeYSNkL2ttMmRrMGFhLS1kLS9zcw%3D%3D&btag=80000e00028000&cquery=100K_100o_101r_100B_100H&dy_q=1760969609&feature_id=0ea98fd3bdc3c6c14a3d0804cc272721&l=20251020221329FF810B6B17C3D024C6A3', 'https://v5-dy-o-abtest.zjcdn.com/bcb34d8a0dc9210b2a69fce3e9abb311/68f66e29/video/tos/cn/tos-cn-ve-15/ocBU9SDt2n8fGGB4tnIeC26EQgtFIAoBAEgAyG/?a=6383&ch=10010&cr=3&dr=0&lr=all&cd=0%7C0%7C0%7C3&cv=1&br=456&bt=456&cs=0&ds=6&ft=c2YTctGHQPRUZxfusdr~kwPqYldQIKDEE-TerrNqq_45a&mime_type=video_mp4&qs=1&rc=NTQzNDhoOWg6NDQ3OzwzOkBpMzkzeXA5cmh2NjMzNGkzM0BeMWMyXi4tNS4xXzE2X2BeYSNkL2ttMmRrMGFhLS1kLS9zcw%3D%3D&btag=80000e00028000&cquery=100o_101r_100B_100H_100K&dy_q=1760969609&feature_id=0ea98fd3bdc3c6c14a3d0804cc272721&l=20251020221329FF810B6B17C3D024C6A3', 'https://www.douyin.com/aweme/v1/play/?video_id=v0200fg10000d3ds3enog65mpvn026g0&line=0&file_id=a7c0b99844b141178e061ea551f041a2&sign=e9fc13b32529b1e6d2ec70af059d8927&is_play_url=1&source=PackSourceEnum_PUBLISH'], 'width': 576, 'height': 1024, 'url_key': 'v0200fg10000d3ds3enog65mpvn026g0_h264_540p_467613', 'data_size': 6596270, 'file_hash': 'e9fc13b32529b1e6d2ec70af059d8927', 'file_cs': 'c:0-94256-a574|a:v0200fg10000d3ds3enog65mpvn026g0'}, 'is_h265': 0, 'is_bytevc1': 0, 'HDR_type': '', 'HDR_bit': '', 'FPS': 30, 'video_extra': '{"PktOffsetMap":"[{\\"time\\": 1, \\"offset\\": 168763}, {\\"time\\": 2, \\"offset\\": 190258}, {\\"time\\": 3, \\"offset\\": 209428}, {\\"time\\": 4, \\"offset\\": 242022}, {\\"time\\": 5, \\"offset\\": 316703}, {\\"time\\": 10, \\"offset\\": 514456}]","format":"mp4","definition":"540p","quality":"low","file_id":"a7c0b99844b141178e061ea551f041a2","applog_map":{"feature_id":"0ea98fd3bdc3c6c14a3d0804cc272721"},"audio_channels":"2.0","audio_sample_rate":"44100","audio_metrics":null,"audio_score":null}', 'format': 'mp4'}, {'gear_name': 'lower_540_0', 'quality_type': 224, 'bit_rate': 410187, 'play_addr': {'uri': 'v0200fg10000d3ds3enog65mpvn026g0', 'url_list': ['https://v5-dy-o-abtest.zjcdn.com/7e1dcf3fc0ffabf6935947af15d0af39/68f66e29/video/tos/cn/tos-cn-ve-15/oQLICE6vgAGqAntG9Ffe8oDB0F2CgEABTh46Qd/?a=6383&ch=10010&cr=3&dr=0&lr=all&cd=0%7C0%7C0%7C3&cv=1&br=400&bt=400&cs=0&ds=6&ft=c2YTctGHQPRUZxfusdr~kwPqYldQIKDEE-TerrNqq_45a&mime_type=video_mp4&qs=4&rc=OmQ8ZGU6Z2Y6aDdpNzg1N0BpMzkzeXA5cmh2NjMzNGkzM0BhXjFjLzBiX2MxMTA1NjQuYSNkL2ttMmRrMGFhLS1kLS9zcw%3D%3D&btag=80000e00028000&cquery=100K_100o_101r_100B_100H&dy_q=1760969609&feature_id=eb29b1b3aca69db49524c333df8caaf7&l=20251020221329FF810B6B17C3D024C6A3', 'https://v5-dy-o-abtest.zjcdn.com/7e1dcf3fc0ffabf6935947af15d0af39/68f66e29/video/tos/cn/tos-cn-ve-15/oQLICE6vgAGqAntG9Ffe8oDB0F2CgEABTh46Qd/?a=6383&ch=10010&cr=3&dr=0&lr=all&cd=0%7C0%7C0%7C3&cv=1&br=400&bt=400&cs=0&ds=6&ft=c2YTctGHQPRUZxfusdr~kwPqYldQIKDEE-TerrNqq_45a&mime_type=video_mp4&qs=4&rc=OmQ8ZGU6Z2Y6aDdpNzg1N0BpMzkzeXA5cmh2NjMzNGkzM0BhXjFjLzBiX2MxMTA1NjQuYSNkL2ttMmRrMGFhLS1kLS9zcw%3D%3D&btag=80000e00028000&cquery=100B_100H_100K_100o_101r&dy_q=1760969609&feature_id=eb29b1b3aca69db49524c333df8caaf7&l=20251020221329FF810B6B17C3D024C6A3', 'https://www.douyin.com/aweme/v1/play/?video_id=v0200fg10000d3ds3enog65mpvn026g0&line=0&file_id=147295843f444ef7bced372bfa49aad7&sign=3e52d038580af62c8ba13854a1026316&is_play_url=1&source=PackSourceEnum_PUBLISH'], 'width': 576, 'height': 1024, 'url_key': 'v0200fg10000d3ds3enog65mpvn026g0_h264_540p_410187', 'data_size': 5786212, 'file_hash': '3e52d038580af62c8ba13854a1026316', 'file_cs': 'c:0-94208-0dcf|a:v0200fg10000d3ds3enog65mpvn026g0'}, 'is_h265': 0, 'is_bytevc1': 0, 'HDR_type': '', 'HDR_bit': '', 'FPS': 30, 'video_extra': '{"PktOffsetMap":"","format":"mp4","definition":"540p","quality":"lower","file_id":"147295843f444ef7bced372bfa49aad7","applog_map":{"feature_id":"eb29b1b3aca69db49524c333df8caaf7"},"audio_channels":"2.0","audio_sample_rate":"44100","audio_metrics":null,"audio_score":null}', 'format': 'mp4'}, {'gear_name': 'adapt_low_540_0', 'quality_type': 291, 'bit_rate': 345009, 'play_addr': {'uri': 'v0200fg10000d3ds3enog65mpvn026g0', 'url_list': ['https://v5-dy-o-abtest.zjcdn.com/a820a81f93212963a29d15b23dfa1ac5/68f66e29/video/tos/cn/tos-cn-ve-15/o8EpG1EEIAgo6r2fetFCtnDBgxG43AAnDB89Qt/?a=6383&ch=10010&cr=3&dr=0&lr=all&cd=0%7C0%7C0%7C3&cv=1&br=336&bt=336&cs=0&ds=6&ft=c2YTctGHQPRUZxfusdr~kwPqYldQIKDEE-TerrNqq_45a&mime_type=video_mp4&qs=12&rc=M2Y7aGk8OTg2NzpkZWc0NkBpMzkzeXA5cmh2NjMzNGkzM0BfLmI2MzMxXmAxMi4zNjQzYSNkL2ttMmRrMGFhLS1kLS9zcw%3D%3D&btag=80000e00028000&cquery=100o_101r_100B_100H_100K&dy_q=1760969609&feature_id=0ea98fd3bdc3c6c14a3d0804cc272721&l=20251020221329FF810B6B17C3D024C6A3', 'https://v5-dy-o-abtest.zjcdn.com/a820a81f93212963a29d15b23dfa1ac5/68f66e29/video/tos/cn/tos-cn-ve-15/o8EpG1EEIAgo6r2fetFCtnDBgxG43AAnDB89Qt/?a=6383&ch=10010&cr=3&dr=0&lr=all&cd=0%7C0%7C0%7C3&cv=1&br=336&bt=336&cs=0&ds=6&ft=c2YTctGHQPRUZxfusdr~kwPqYldQIKDEE-TerrNqq_45a&mime_type=video_mp4&qs=12&rc=M2Y7aGk8OTg2NzpkZWc0NkBpMzkzeXA5cmh2NjMzNGkzM0BfLmI2MzMxXmAxMi4zNjQzYSNkL2ttMmRrMGFhLS1kLS9zcw%3D%3D&btag=80000e00028000&cquery=101r_100B_100H_100K_100o&dy_q=1760969609&feature_id=0ea98fd3bdc3c6c14a3d0804cc272721&l=20251020221329FF810B6B17C3D024C6A3', 'https://www.douyin.com/aweme/v1/play/?video_id=v0200fg10000d3ds3enog65mpvn026g0&line=0&file_id=63719d6b1a5744c3a546696f9ee81cb0&sign=232d2782dcbdd7ac2f6fe23206cfbcdc&is_play_url=1&source=PackSourceEnum_PUBLISH'], 'width': 576, 'height': 1024, 'url_key': 'v0200fg10000d3ds3enog65mpvn026g0_h264_540p_345009', 'data_size': 4866789, 'file_hash': '232d2782dcbdd7ac2f6fe23206cfbcdc', 'file_cs': 'c:0-94279-5e53|a:v0200fg10000d3ds3enog65mpvn026g0'}, 'is_h265': 0, 'is_bytevc1': 0, 'HDR_type': '', 'HDR_bit': '', 'FPS': 30, 'video_extra': '{"PktOffsetMap":"[{\\"time\\": 1, \\"offset\\": 151195}, {\\"time\\": 2, \\"offset\\": 168124}, {\\"time\\": 3, \\"offset\\": 183633}, {\\"time\\": 4, \\"offset\\": 208317}, {\\"time\\": 5, \\"offset\\": 263997}, {\\"time\\": 10, \\"offset\\": 411355}]","format":"mp4","definition":"540p","quality":"adapt_low","file_id":"63719d6b1a5744c3a546696f9ee81cb0","applog_map":{"feature_id":"0ea98fd3bdc3c6c14a3d0804cc272721"},"audio_channels":"2.0","audio_sample_rate":"44100","audio_metrics":null,"audio_score":null}', 'format': 'mp4'}, {'gear_name': 'adapt_lowest_720_1', 'quality_type': 15, 'bit_rate': 293503, 'play_addr': {'uri': 'v0200fg10000d3ds3enog65mpvn026g0', 'url_list': ['https://v5-dy-o-abtest.zjcdn.com/ed6e7ab387aacfd2c2571111482b4893/68f66e29/video/tos/cn/tos-cn-ve-15/oc8Ae2QvnFBgABC84ot694gDGEI8fAGDEbxd3k/?a=6383&ch=10010&cr=3&dr=0&lr=all&cd=0%7C0%7C0%7C3&cv=1&br=286&bt=286&cs=2&ds=3&ft=c2YTctGHQPRUZxfusdr~kwPqYldQIKDEE-TerrNqq_45a&mime_type=video_mp4&qs=15&rc=NDg0aTk5Nmg6aTM8aTtlN0BpMzkzeXA5cmh2NjMzNGkzM0AzMi9jYGAyNjMxNTRfYDRgYSNkL2ttMmRrMGFhLS1kLS9zcw%3D%3D&btag=80000e00028000&cquery=100B_100H_100K_100o_101r&dy_q=1760969609&feature_id=b38008770b4e09863331b14b26bcdc23&l=20251020221329FF810B6B17C3D024C6A3', 'https://v5-dy-o-abtest.zjcdn.com/ed6e7ab387aacfd2c2571111482b4893/68f66e29/video/tos/cn/tos-cn-ve-15/oc8Ae2QvnFBgABC84ot694gDGEI8fAGDEbxd3k/?a=6383&ch=10010&cr=3&dr=0&lr=all&cd=0%7C0%7C0%7C3&cv=1&br=286&bt=286&cs=2&ds=3&ft=c2YTctGHQPRUZxfusdr~kwPqYldQIKDEE-TerrNqq_45a&mime_type=video_mp4&qs=15&rc=NDg0aTk5Nmg6aTM8aTtlN0BpMzkzeXA5cmh2NjMzNGkzM0AzMi9jYGAyNjMxNTRfYDRgYSNkL2ttMmRrMGFhLS1kLS9zcw%3D%3D&btag=80000e00028000&cquery=101r_100B_100H_100K_100o&dy_q=1760969609&feature_id=b38008770b4e09863331b14b26bcdc23&l=20251020221329FF810B6B17C3D024C6A3', 'https://www.douyin.com/aweme/v1/play/?video_id=v0200fg10000d3ds3enog65mpvn026g0&line=0&file_id=c47bc8bf79804f679e53c6c6ff215561&sign=3cdf6adf539b570f907f140ab157e198&is_play_url=1&source=PackSourceEnum_PUBLISH'], 'width': 720, 'height': 1280, 'url_key': 'v0200fg10000d3ds3enog65mpvn026g0_bytevc1_720p_293503', 'data_size': 4140233, 'file_hash': '3cdf6adf539b570f907f140ab157e198', 'file_cs': 'c:0-94474-3966|a:v0200fg10000d3ds3enog65mpvn026g0'}, 'is_h265': 1, 'is_bytevc1': 1, 'HDR_type': '', 'HDR_bit': '', 'FPS': 30, 'video_extra': '{"PktOffsetMap":"[{\\"time\\": 1, \\"offset\\": 140171}, {\\"time\\": 2, \\"offset\\": 152404}, {\\"time\\": 3, \\"offset\\": 165071}, {\\"time\\": 4, \\"offset\\": 182470}, {\\"time\\": 5, \\"offset\\": 219733}, {\\"time\\": 10, \\"offset\\": 339288}]","format":"mp4","definition":"720p","quality":"adapt_lowest","file_id":"c47bc8bf79804f679e53c6c6ff215561","applog_map":{"feature_id":"b38008770b4e09863331b14b26bcdc23"},"sr_sharpness_strength":1,"mvmaf":"{\\"mvmaf_sr_v1080\\":98.168,\\"mvmaf_sr_v960\\":98.877,\\"mvmaf_sr_v864\\":99.169,\\"mvmaf_sr_v720\\":99.504,\\"mvmaf_ori_v1080\\":88.172,\\"mvmaf_ori_v960\\":90.465,\\"mvmaf_ori_v864\\":91.869,\\"mvmaf_ori_v720\\":94.666}","ufq":"{\\"enh\\":88.83,\\"playback\\":{\\"ori\\":81.002,\\"srv1\\":88.143},\\"src\\":88.83,\\"trans\\":81.002,\\"version\\":\\"v1.0\\"}","audio_channels":"2.0","audio_sample_rate":"44100","audio_metrics":null,"audio_score":null}', 'format': 'mp4'}, {'gear_name': 'adapt_540_1', 'quality_type': 28, 'bit_rate': 269145, 'play_addr': {'uri': 'v0200fg10000d3ds3enog65mpvn026g0', 'url_list': ['https://v5-dy-o-abtest.zjcdn.com/3a26fa02d95928f383105d221b69f56c/68f66e29/video/tos/cn/tos-cn-ve-15/osCDgDsnEviQEiFgobGA4x8fnGt9B6A2bIAKeB/?a=6383&ch=10010&cr=3&dr=0&lr=all&cd=0%7C0%7C0%7C3&cv=1&br=262&bt=262&cs=2&ds=6&ft=c2YTctGHQPRUZxfusdr~kwPqYldQIKDEE-TerrNqq_45a&mime_type=video_mp4&qs=11&rc=MzM6aWdoPDY6Z2U0OTo5N0BpMzkzeXA5cmh2NjMzNGkzM0AtYV81Xi1iNl8xL2NgYDUuYSNkL2ttMmRrMGFhLS1kLS9zcw%3D%3D&btag=80000e00028000&cquery=100H_100K_100o_101r_100B&dy_q=1760969609&feature_id=b38008770b4e09863331b14b26bcdc23&l=20251020221329FF810B6B17C3D024C6A3', 'https://v5-dy-o-abtest.zjcdn.com/3a26fa02d95928f383105d221b69f56c/68f66e29/video/tos/cn/tos-cn-ve-15/osCDgDsnEviQEiFgobGA4x8fnGt9B6A2bIAKeB/?a=6383&ch=10010&cr=3&dr=0&lr=all&cd=0%7C0%7C0%7C3&cv=1&br=262&bt=262&cs=2&ds=6&ft=c2YTctGHQPRUZxfusdr~kwPqYldQIKDEE-TerrNqq_45a&mime_type=video_mp4&qs=11&rc=MzM6aWdoPDY6Z2U0OTo5N0BpMzkzeXA5cmh2NjMzNGkzM0AtYV81Xi1iNl8xL2NgYDUuYSNkL2ttMmRrMGFhLS1kLS9zcw%3D%3D&btag=80000e00028000&cquery=100B_100H_100K_100o_101r&dy_q=1760969609&feature_id=b38008770b4e09863331b14b26bcdc23&l=20251020221329FF810B6B17C3D024C6A3', 'https://www.douyin.com/aweme/v1/play/?video_id=v0200fg10000d3ds3enog65mpvn026g0&line=0&file_id=1486c7c6f12b4db793e90ead8fb7d000&sign=1fbfae3611aace7e4a7752fd6c49e2ef&is_play_url=1&source=PackSourceEnum_PUBLISH'], 'width': 576, 'height': 1024, 'url_key': 'v0200fg10000d3ds3enog65mpvn026g0_bytevc1_540p_269145', 'data_size': 3796638, 'file_hash': '1fbfae3611aace7e4a7752fd6c49e2ef', 'file_cs': 'c:0-94474-f44c|a:v0200fg10000d3ds3enog65mpvn026g0'}, 'is_h265': 1, 'is_bytevc1': 1, 'HDR_type': '', 'HDR_bit': '', 'FPS': 30, 'video_extra': '{"PktOffsetMap":"[{\\"time\\": 1, \\"offset\\": 134205}, {\\"time\\": 2, \\"offset\\": 147695}, {\\"time\\": 3, \\"offset\\": 159590}, {\\"time\\": 4, \\"offset\\": 175088}, {\\"time\\": 5, \\"offset\\": 210133}, {\\"time\\": 10, \\"offset\\": 317367}]","format":"mp4","definition":"540p","quality":"adapt","file_id":"1486c7c6f12b4db793e90ead8fb7d000","applog_map":{"feature_id":"b38008770b4e09863331b14b26bcdc23"},"sr_sharpness_strength":1,"mvmaf":"{\\"mvmaf_sr_v1080\\":95.52,\\"mvmaf_sr_v960\\":97.355,\\"mvmaf_sr_v864\\":97.808,\\"mvmaf_sr_v720\\":98.739,\\"mvmaf_ori_v1080\\":83.02,\\"mvmaf_ori_v960\\":86.177,\\"mvmaf_ori_v864\\":88.104,\\"mvmaf_ori_v720\\":90.945}","ufq":"{\\"enh\\":88.83,\\"playback\\":{\\"ori\\":76.345,\\"srv1\\":87.614},\\"src\\":88.83,\\"trans\\":76.345,\\"version\\":\\"v1.0\\"}","audio_channels":"2.0","audio_sample_rate":"44100","audio_metrics":null,"audio_score":null}', 'format': 'mp4'}, {'gear_name': 'adapt_lower_540_1', 'quality_type': 21, 'bit_rate': 233972, 'play_addr': {'uri': 'v0200fg10000d3ds3enog65mpvn026g0', 'url_list': ['https://v5-dy-o-abtest.zjcdn.com/0c2244555f5e1f68ab451488be4a45da/68f66e29/video/tos/cn/tos-cn-ve-15/oo68vCgGwESgnG9oAAgxITQdfGAfkBACNDt92F/?a=6383&ch=10010&cr=3&dr=0&lr=all&cd=0%7C0%7C0%7C3&cv=1&br=228&bt=228&cs=2&ds=6&ft=c2YTctGHQPRUZxfusdr~kwPqYldQIKDEE-TerrNqq_45a&mime_type=video_mp4&qs=14&rc=aDw6NmRnN2Y2OmZmZmY1ZUBpMzkzeXA5cmh2NjMzNGkzM0BeNGNhNF4vXzIxYjEvNi5jYSNkL2ttMmRrMGFhLS1kLS9zcw%3D%3D&btag=80000e00028000&cquery=100B_100H_100K_100o_101r&dy_q=1760969609&feature_id=2ec60419b2ec858b9b1eae59874b17b0&l=20251020221329FF810B6B17C3D024C6A3', 'https://v5-dy-o-abtest.zjcdn.com/0c2244555f5e1f68ab451488be4a45da/68f66e29/video/tos/cn/tos-cn-ve-15/oo68vCgGwESgnG9oAAgxITQdfGAfkBACNDt92F/?a=6383&ch=10010&cr=3&dr=0&lr=all&cd=0%7C0%7C0%7C3&cv=1&br=228&bt=228&cs=2&ds=6&ft=c2YTctGHQPRUZxfusdr~kwPqYldQIKDEE-TerrNqq_45a&mime_type=video_mp4&qs=14&rc=aDw6NmRnN2Y2OmZmZmY1ZUBpMzkzeXA5cmh2NjMzNGkzM0BeNGNhNF4vXzIxYjEvNi5jYSNkL2ttMmRrMGFhLS1kLS9zcw%3D%3D&btag=80000e00028000&cquery=101r_100B_100H_100K_100o&dy_q=1760969609&feature_id=2ec60419b2ec858b9b1eae59874b17b0&l=20251020221329FF810B6B17C3D024C6A3', 'https://www.douyin.com/aweme/v1/play/?video_id=v0200fg10000d3ds3enog65mpvn026g0&line=0&file_id=fb129c2c4cec4753bc24ad7ad3f779ae&sign=51be092fd33283d988984441c0794b5b&is_play_url=1&source=PackSourceEnum_PUBLISH'], 'width': 576, 'height': 1024, 'url_key': 'v0200fg10000d3ds3enog65mpvn026g0_bytevc1_540p_233972', 'data_size': 3300475, 'file_hash': '51be092fd33283d988984441c0794b5b', 'file_cs': 'c:0-94474-ab15|a:v0200fg10000d3ds3enog65mpvn026g0'}, 'is_h265': 1, 'is_bytevc1': 1, 'HDR_type': '', 'HDR_bit': '', 'FPS': 30, 'video_extra': '{"PktOffsetMap":"[{\\"time\\": 1, \\"offset\\": 128340}, {\\"time\\": 2, \\"offset\\": 139849}, {\\"time\\": 3, \\"offset\\": 150129}, {\\"time\\": 4, \\"offset\\": 162903}, {\\"time\\": 5, \\"offset\\": 192318}, {\\"time\\": 10, \\"offset\\": 284899}]","format":"mp4","definition":"540p","quality":"adapt_lower","file_id":"fb129c2c4cec4753bc24ad7ad3f779ae","applog_map":{"feature_id":"2ec60419b2ec858b9b1eae59874b17b0"},"sr_sharpness_strength":1,"mvmaf":"{\\"mvmaf_sr_v1080\\":94.55,\\"mvmaf_sr_v960\\":96.385,\\"mvmaf_sr_v864\\":97.085,\\"mvmaf_sr_v720\\":98.1,\\"mvmaf_ori_v1080\\":82.098,\\"mvmaf_ori_v960\\":85.164,\\"mvmaf_ori_v864\\":87.264,\\"mvmaf_ori_v720\\":90.261}","ufq":"{\\"enh\\":88.83,\\"playback\\":{\\"ori\\":75.653,\\"srv1\\":87.06},\\"src\\":88.83,\\"trans\\":75.653,\\"version\\":\\"v1.0\\"}","audio_channels":"2.0","audio_sample_rate":"44100","audio_metrics":null,"audio_score":null}', 'format': 'mp4'}, {'gear_name': 'normal_1080_0', 'quality_type': 1, 'bit_rate': 716218, 'play_addr': {'uri': 'v0200fg10000d3ds3enog65mpvn026g0', 'url_list': ['https://v5-dy-o-abtest.zjcdn.com/7498874d5be704adf514bf6e57aa93fd/68f79579/video/tos/cn/tos-cn-vd-0026/ocIdgAAA9542AxDonFDSfGGegGtA6EAgCB81BE/media-video-avc1/?a=6383&ch=0&cr=8&dr=0&er=1&lr=default&cd=0%7C0%7C0%7C3&cv=1&br=699&bt=699&cs=0&ds=4&mime_type=video_mp4&qs=0&rc=NzZnNWhlPDM6M2k3Zmk2ZkBpMzkzeXA5cmh2NjMzNGkzM0AzNC1fXy5eXzAxLy01MDJeYSNkL2ttMmRrMGFhLS1kLS9zcw%3D%3D&btag=80000e00028000&cquery=101r_100o&dy_q=1760969609&l=20251020221329FF810B6B17C3D024C6A3', 'https://v5-dy-o-abtest.zjcdn.com/7498874d5be704adf514bf6e57aa93fd/68f79579/video/tos/cn/tos-cn-vd-0026/ocIdgAAA9542AxDonFDSfGGegGtA6EAgCB81BE/media-video-avc1/?a=6383&ch=0&cr=8&dr=0&er=1&lr=default&cd=0%7C0%7C0%7C3&cv=1&br=699&bt=699&cs=0&ds=4&mime_type=video_mp4&qs=0&rc=NzZnNWhlPDM6M2k3Zmk2ZkBpMzkzeXA5cmh2NjMzNGkzM0AzNC1fXy5eXzAxLy01MDJeYSNkL2ttMmRrMGFhLS1kLS9zcw%3D%3D&btag=80000e00028000&cquery=101r_100o&dy_q=1760969609&l=20251020221329FF810B6B17C3D024C6A3', 'https://www.douyin.com/aweme/v1/play/dash/?video_id=v0200fg10000d3ds3enog65mpvn026g0&line=0&file_id=ac533f8c042f4037b0a91bbeb20d7364&sign=ab18b0c698fe80271b20e1e0fc791d09&is_play_url=1&source=PackSourceEnum_PUBLISH'], 'width': 1080, 'height': 1920, 'url_key': 'v0200fg10000d3ds3enog65mpvn026g0_h264_1080p_716218', 'data_size': 10101633, 'file_hash': 'ab18b0c698fe80271b20e1e0fc791d09'}, 'is_h265': 0, 'is_bytevc1': 0, 'HDR_type': '', 'HDR_bit': '', 'FPS': 30, 'video_extra': '{"PktOffsetMap":"","format":"dash","sub_info":"{\\"audio_channels\\":\\"2.0\\",\\"audio_layout\\":\\"C\\",\\"audio_sample_rate\\":\\"44100\\",\\"base_range_info\\":{\\"first_moof_range\\":\\"1113-5212\\",\\"index_range\\":\\"997-1112\\",\\"init_range\\":\\"0-996\\"},\\"check_info\\":{\\"check_info\\":\\"a:v0200fg10000d3ds3enog65mpvn026g0|b:0-1112-15eb44f742254e904bf980d3b7e62329|c:0-1112-7aea\\"},\\"first_segment_range\\":\\"1113-1035236\\",\\"gear_des_key\\":\\"0:DASH|1:normal|2:h264|4:1080p|5:normal|10000:105\\",\\"quality_type\\":1}","definition":"1080p","quality":"normal","quality_desc":"","file_id":"ac533f8c042f4037b0a91bbeb20d7364","real_bitrate":771154,"audio_file_id":"a67cc23210bc3d4611cace88d6712a43","applog_map":{"feature_id":"0ea98fd3bdc3c6c14a3d0804cc272721"},"audio_metrics":null,"audio_score":null}', 'format': 'dash'}, {'gear_name': 'low_720_0', 'quality_type': 211, 'bit_rate': 461111, 'play_addr': {'uri': 'v0200fg10000d3ds3enog65mpvn026g0', 'url_list': ['https://v5-dy-o-abtest.zjcdn.com/89809f6b580bc7fd29818ac6e5fe648c/68f79579/video/tos/cn/tos-cn-vd-0026/o8WDFB4n8AtAGDGtIAAyEfg6Ct2OogAeaAB9gX/media-video-avc1/?a=6383&ch=0&cr=8&dr=0&er=1&lr=default&cd=0%7C0%7C0%7C3&cv=1&br=450&bt=450&cs=0&ds=3&mime_type=video_mp4&qs=1&rc=ZzdkNzg8OmdnNWY5NzQ3ZEBpMzkzeXA5cmh2NjMzNGkzM0AvNl8yLzVfXjAxMWItYTZgYSNkL2ttMmRrMGFhLS1kLS9zcw%3D%3D&btag=80000e00028000&cquery=101r_100o&dy_q=1760969609&l=20251020221329FF810B6B17C3D024C6A3', 'https://v5-dy-o-abtest.zjcdn.com/89809f6b580bc7fd29818ac6e5fe648c/68f79579/video/tos/cn/tos-cn-vd-0026/o8WDFB4n8AtAGDGtIAAyEfg6Ct2OogAeaAB9gX/media-video-avc1/?a=6383&ch=0&cr=8&dr=0&er=1&lr=default&cd=0%7C0%7C0%7C3&cv=1&br=450&bt=450&cs=0&ds=3&mime_type=video_mp4&qs=1&rc=ZzdkNzg8OmdnNWY5NzQ3ZEBpMzkzeXA5cmh2NjMzNGkzM0AvNl8yLzVfXjAxMWItYTZgYSNkL2ttMmRrMGFhLS1kLS9zcw%3D%3D&btag=80000e00028000&cquery=101r_100o&dy_q=1760969609&l=20251020221329FF810B6B17C3D024C6A3', 'https://www.douyin.com/aweme/v1/play/dash/?video_id=v0200fg10000d3ds3enog65mpvn026g0&line=0&file_id=ca94d104e64c423dadb7892554ba942d&sign=dbcd853306de5407b7af815b15e05bbe&is_play_url=1&source=PackSourceEnum_PUBLISH'], 'width': 720, 'height': 1280, 'url_key': 'v0200fg10000d3ds3enog65mpvn026g0_h264_720p_461111', 'data_size': 6503570, 'file_hash': 'dbcd853306de5407b7af815b15e05bbe'}, 'is_h265': 0, 'is_bytevc1': 0, 'HDR_type': '', 'HDR_bit': '', 'FPS': 30, 'video_extra': '{"PktOffsetMap":"","format":"dash","sub_info":"{\\"audio_channels\\":\\"2.0\\",\\"audio_layout\\":\\"C\\",\\"audio_sample_rate\\":\\"44100\\",\\"base_range_info\\":{\\"first_moof_range\\":\\"1111-5210\\",\\"index_range\\":\\"995-1110\\",\\"init_range\\":\\"0-994\\"},\\"check_info\\":{\\"check_info\\":\\"a:v0200fg10000d3ds3enog65mpvn026g0|b:0-1110-2eb6c3b9ea71855ce62d3c02616444ac|c:0-1110-6e14\\"},\\"first_segment_range\\":\\"1111-666127\\",\\"gear_des_key\\":\\"0:DASH|1:normal|2:h264|4:720p|5:low|10000:105\\",\\"quality_type\\":11}","definition":"720p","quality":"low","quality_desc":"","file_id":"ca94d104e64c423dadb7892554ba942d","real_bitrate":516075,"audio_file_id":"a67cc23210bc3d4611cace88d6712a43","applog_map":{"feature_id":"0ea98fd3bdc3c6c14a3d0804cc272721"},"audio_metrics":null,"audio_score":null}', 'format': 'dash'}, {'gear_name': 'low_540_0', 'quality_type': 292, 'bit_rate': 412643, 'play_addr': {'uri': 'v0200fg10000d3ds3enog65mpvn026g0', 'url_list': ['https://v5-dy-o-abtest.zjcdn.com/d792142dc4bbcd4479114bd5ae402c2c/68f79579/video/tos/cn/tos-cn-vd-0026/o4FGyAwo2AWBAG6AEte8D9tBC7tfgu4AAnggID/media-video-avc1/?a=6383&ch=0&cr=8&dr=0&er=1&lr=default&cd=0%7C0%7C0%7C3&cv=1&br=402&bt=402&cs=0&ds=6&mime_type=video_mp4&qs=1&rc=NzczNWQ4NzVmOTRkOTdkM0BpMzkzeXA5cmh2NjMzNGkzM0AwNGEvMy5hXi4xNGJeXzVjYSNkL2ttMmRrMGFhLS1kLS9zcw%3D%3D&btag=80000e00028000&cquery=101r_100o&dy_q=1760969609&l=20251020221329FF810B6B17C3D024C6A3', 'https://v5-dy-o-abtest.zjcdn.com/d792142dc4bbcd4479114bd5ae402c2c/68f79579/video/tos/cn/tos-cn-vd-0026/o4FGyAwo2AWBAG6AEte8D9tBC7tfgu4AAnggID/media-video-avc1/?a=6383&ch=0&cr=8&dr=0&er=1&lr=default&cd=0%7C0%7C0%7C3&cv=1&br=402&bt=402&cs=0&ds=6&mime_type=video_mp4&qs=1&rc=NzczNWQ4NzVmOTRkOTdkM0BpMzkzeXA5cmh2NjMzNGkzM0AwNGEvMy5hXi4xNGJeXzVjYSNkL2ttMmRrMGFhLS1kLS9zcw%3D%3D&btag=80000e00028000&cquery=100o_101r&dy_q=1760969609&l=20251020221329FF810B6B17C3D024C6A3', 'https://www.douyin.com/aweme/v1/play/dash/?video_id=v0200fg10000d3ds3enog65mpvn026g0&line=0&file_id=f08ab4a6ea71461ca2d4156a22d07434&sign=56869237f134a8e369313f478dc1cea2&is_play_url=1&source=PackSourceEnum_PUBLISH'], 'width': 576, 'height': 1024, 'url_key': 'v0200fg10000d3ds3enog65mpvn026g0_h264_540p_412643', 'data_size': 5819962, 'file_hash': '56869237f134a8e369313f478dc1cea2'}, 'is_h265': 0, 'is_bytevc1': 0, 'HDR_type': '', 'HDR_bit': '', 'FPS': 30, 'video_extra': '{"PktOffsetMap":"","format":"dash","sub_info":"{\\"audio_channels\\":\\"2.0\\",\\"audio_layout\\":\\"C\\",\\"audio_sample_rate\\":\\"44100\\",\\"base_range_info\\":{\\"first_moof_range\\":\\"1111-5210\\",\\"index_range\\":\\"995-1110\\",\\"init_range\\":\\"0-994\\"},\\"check_info\\":{\\"check_info\\":\\"a:v0200fg10000d3ds3enog65mpvn026g0|b:0-1110-f469a748c3f39862a4688256d4649230|c:0-1110-2726\\"},\\"first_segment_range\\":\\"1111-593767\\",\\"gear_des_key\\":\\"0:DASH|1:normal|2:h264|4:540p|5:low|10000:105\\"}","definition":"540p","quality":"low","quality_desc":"","file_id":"f08ab4a6ea71461ca2d4156a22d07434","real_bitrate":467613,"audio_file_id":"a67cc23210bc3d4611cace88d6712a43","applog_map":{"feature_id":"0ea98fd3bdc3c6c14a3d0804cc272721"},"audio_metrics":null,"audio_score":null}', 'format': 'dash'}, {'gear_name': 'adapt_low_540_0', 'quality_type': 291, 'bit_rate': 290084, 'play_addr': {'uri': 'v0200fg10000d3ds3enog65mpvn026g0', 'url_list': ['https://v5-dy-o-abtest.zjcdn.com/aa069b12be2d831041aca0e59a02c3db/68f79579/video/tos/cn/tos-cn-vd-0026/o4fFt86C2BAF4dgIAgBAtAA5GnGgxoXeDA9tED/media-video-avc1/?a=6383&ch=0&cr=8&dr=0&er=1&lr=default&cd=0%7C0%7C0%7C3&cv=1&br=283&bt=283&cs=0&ds=6&mime_type=video_mp4&qs=12&rc=aTo5NDY2OWlnM2g8OTw1PEBpMzkzeXA5cmh2NjMzNGkzM0BeNTBhYTFfNS0xNjZjM18zYSNkL2ttMmRrMGFhLS1kLS9zcw%3D%3D&btag=80000e00028000&cquery=101r_100o&dy_q=1760969609&l=20251020221329FF810B6B17C3D024C6A3', 'https://v5-dy-o-abtest.zjcdn.com/aa069b12be2d831041aca0e59a02c3db/68f79579/video/tos/cn/tos-cn-vd-0026/o4fFt86C2BAF4dgIAgBAtAA5GnGgxoXeDA9tED/media-video-avc1/?a=6383&ch=0&cr=8&dr=0&er=1&lr=default&cd=0%7C0%7C0%7C3&cv=1&br=283&bt=283&cs=0&ds=6&mime_type=video_mp4&qs=12&rc=aTo5NDY2OWlnM2g8OTw1PEBpMzkzeXA5cmh2NjMzNGkzM0BeNTBhYTFfNS0xNjZjM18zYSNkL2ttMmRrMGFhLS1kLS9zcw%3D%3D&btag=80000e00028000&cquery=101r_100o&dy_q=1760969609&l=20251020221329FF810B6B17C3D024C6A3', 'https://www.douyin.com/aweme/v1/play/dash/?video_id=v0200fg10000d3ds3enog65mpvn026g0&line=0&file_id=69b269f6999e400d8fb643d3d13687af&sign=81468e2eb339214aa7e4a308a832f82a&is_play_url=1&source=PackSourceEnum_PUBLISH'], 'width': 576, 'height': 1024, 'url_key': 'v0200fg10000d3ds3enog65mpvn026g0_h264_540p_290084', 'data_size': 4091374, 'file_hash': '81468e2eb339214aa7e4a308a832f82a'}, 'is_h265': 0, 'is_bytevc1': 0, 'HDR_type': '', 'HDR_bit': '', 'FPS': 30, 'video_extra': '{"PktOffsetMap":"","format":"dash","sub_info":"{\\"audio_channels\\":\\"2.0\\",\\"audio_layout\\":\\"C\\",\\"audio_sample_rate\\":\\"44100\\",\\"base_range_info\\":{\\"first_moof_range\\":\\"1194-3293\\",\\"index_range\\":\\"994-1193\\",\\"init_range\\":\\"0-993\\"},\\"check_info\\":{\\"check_info\\":\\"a:v0200fg10000d3ds3enog65mpvn026g0|b:0-1193-cd455d9ebdf3f2161152945f400c5109|c:0-1193-ed3b\\"},\\"first_segment_range\\":\\"1194-191003\\",\\"gear_des_key\\":\\"0:DASH|1:normal|2:h264|4:540p|5:adapt_low|10000:105\\",\\"quality_type\\":291}","definition":"540p","quality":"adapt_low","quality_desc":"","file_id":"69b269f6999e400d8fb643d3d13687af","real_bitrate":345009,"audio_file_id":"a67cc23210bc3d4611cace88d6712a43","applog_map":{"feature_id":"0ea98fd3bdc3c6c14a3d0804cc272721"},"audio_metrics":null,"audio_score":null}', 'format': 'dash'}, {'gear_name': 'adapt_lowest_720_1', 'quality_type': 15, 'bit_rate': 238584, 'play_addr': {'uri': 'v0200fg10000d3ds3enog65mpvn026g0', 'url_list': ['https://v5-dy-o-abtest.zjcdn.com/3175bac2ec5919f4dd38b62470efb942/68f79579/video/tos/cn/tos-cn-vd-0026/o0IbgAAA9x42A6DonFDNfGRegGtA6EAgCB8dBN/media-video-hvc1/?a=6383&ch=0&cr=8&dr=0&er=1&lr=default&cd=0%7C0%7C0%7C3&cv=1&br=232&bt=232&cs=4&ds=3&mime_type=video_mp4&qs=15&rc=OjszMztnZDtoMzo2ZGY5ZkBpMzkzeXA5cmh2NjMzNGkzM0AtXjQvNmIxNS0xNDEvNDAtYSNkL2ttMmRrMGFhLS1kLS9zcw%3D%3D&btag=80000e00028000&cquery=100o_101r&dy_q=1760969609&l=20251020221329FF810B6B17C3D024C6A3', 'https://v5-dy-o-abtest.zjcdn.com/3175bac2ec5919f4dd38b62470efb942/68f79579/video/tos/cn/tos-cn-vd-0026/o0IbgAAA9x42A6DonFDNfGRegGtA6EAgCB8dBN/media-video-hvc1/?a=6383&ch=0&cr=8&dr=0&er=1&lr=default&cd=0%7C0%7C0%7C3&cv=1&br=232&bt=232&cs=4&ds=3&mime_type=video_mp4&qs=15&rc=OjszMztnZDtoMzo2ZGY5ZkBpMzkzeXA5cmh2NjMzNGkzM0AtXjQvNmIxNS0xNDEvNDAtYSNkL2ttMmRrMGFhLS1kLS9zcw%3D%3D&btag=80000e00028000&cquery=101r_100o&dy_q=1760969609&l=20251020221329FF810B6B17C3D024C6A3', 'https://www.douyin.com/aweme/v1/play/dash/?video_id=v0200fg10000d3ds3enog65mpvn026g0&line=0&file_id=0c367c2a4377400e884aed982070a807&sign=4b8dd069aa9b904b7db850ab4b68c297&is_play_url=1&source=PackSourceEnum_PUBLISH'], 'width': 720, 'height': 1280, 'url_key': 'v0200fg10000d3ds3enog65mpvn026g0_bytevc1_720p_238584', 'data_size': 3365019, 'file_hash': '4b8dd069aa9b904b7db850ab4b68c297'}, 'is_h265': 1, 'is_bytevc1': 1, 'HDR_type': '', 'HDR_bit': '', 'FPS': 30, 'video_extra': '{"PktOffsetMap":"","format":"dash","sub_info":"{\\"audio_channels\\":\\"2.0\\",\\"audio_layout\\":\\"C\\",\\"audio_sample_rate\\":\\"44100\\",\\"base_range_info\\":{\\"first_moof_range\\":\\"1365-3144\\",\\"index_range\\":\\"1129-1364\\",\\"init_range\\":\\"0-1128\\"},\\"check_info\\":{\\"check_info\\":\\"a:v0200fg10000d3ds3enog65mpvn026g0|b:0-1364-c53e2a921ce6c0ada35fd019602c1e14|c:0-1364-9a39\\"},\\"first_segment_range\\":\\"1365-109780\\",\\"gear_des_key\\":\\"0:DASH|1:normal|2:h265_hvc1|4:720p|5:adapt_lowest|10000:105\\",\\"quality_type\\":15}","definition":"720p","quality":"adapt_lowest","quality_desc":"","file_id":"0c367c2a4377400e884aed982070a807","real_bitrate":290512,"audio_file_id":"a67cc23210bc3d4611cace88d6712a43","applog_map":{"feature_id":"b38008770b4e09863331b14b26bcdc23"},"sr_sharpness_strength":1,"mvmaf":"{\\"mvmaf_sr_v1080\\":98.168,\\"mvmaf_sr_v960\\":98.877,\\"mvmaf_sr_v864\\":99.169,\\"mvmaf_sr_v720\\":99.504,\\"mvmaf_ori_v1080\\":88.172,\\"mvmaf_ori_v960\\":90.465,\\"mvmaf_ori_v864\\":91.869,\\"mvmaf_ori_v720\\":94.666}","ufq":"{\\"enh\\":88.83,\\"playback\\":{\\"ori\\":81.002,\\"srv1\\":88.143},\\"src\\":88.83,\\"trans\\":81.002,\\"version\\":\\"v1.0\\"}","audio_metrics":null,"audio_score":null}', 'format': 'dash'}, {'gear_name': 'adapt_540_1', 'quality_type': 28, 'bit_rate': 214223, 'play_addr': {'uri': 'v0200fg10000d3ds3enog65mpvn026g0', 'url_list': ['https://v5-dy-o-abtest.zjcdn.com/fdf3122a975af012dc8364b23b41490d/68f79579/video/tos/cn/tos-cn-vd-0026/o4noccG4AAAtA9dvgIFg2xCD6feGBi8EAABDbg/media-video-hvc1/?a=6383&ch=0&cr=8&dr=0&er=1&lr=default&cd=0%7C0%7C0%7C3&cv=1&br=209&bt=209&cs=4&ds=6&mime_type=video_mp4&qs=11&rc=ODw6ZjdpOzQ2ZTZoZ2g8aUBpMzkzeXA5cmh2NjMzNGkzM0BeYV9eNDViNjQxMTRgNF5eYSNkL2ttMmRrMGFhLS1kLS9zcw%3D%3D&btag=80000e00028000&cquery=101r_100o&dy_q=1760969609&l=20251020221329FF810B6B17C3D024C6A3', 'https://v5-dy-o-abtest.zjcdn.com/fdf3122a975af012dc8364b23b41490d/68f79579/video/tos/cn/tos-cn-vd-0026/o4noccG4AAAtA9dvgIFg2xCD6feGBi8EAABDbg/media-video-hvc1/?a=6383&ch=0&cr=8&dr=0&er=1&lr=default&cd=0%7C0%7C0%7C3&cv=1&br=209&bt=209&cs=4&ds=6&mime_type=video_mp4&qs=11&rc=ODw6ZjdpOzQ2ZTZoZ2g8aUBpMzkzeXA5cmh2NjMzNGkzM0BeYV9eNDViNjQxMTRgNF5eYSNkL2ttMmRrMGFhLS1kLS9zcw%3D%3D&btag=80000e00028000&cquery=101r_100o&dy_q=1760969609&l=20251020221329FF810B6B17C3D024C6A3', 'https://www.douyin.com/aweme/v1/play/dash/?video_id=v0200fg10000d3ds3enog65mpvn026g0&line=0&file_id=afa97ecd7e434b7391e88f74acb7d9a5&sign=f10cb155a39565339dbbfc017ee54b9c&is_play_url=1&source=PackSourceEnum_PUBLISH'], 'width': 576, 'height': 1024, 'url_key': 'v0200fg10000d3ds3enog65mpvn026g0_bytevc1_540p_214223', 'data_size': 3021424, 'file_hash': 'f10cb155a39565339dbbfc017ee54b9c'}, 'is_h265': 1, 'is_bytevc1': 1, 'HDR_type': '', 'HDR_bit': '', 'FPS': 30, 'video_extra': '{"PktOffsetMap":"","format":"dash","sub_info":"{\\"audio_channels\\":\\"2.0\\",\\"audio_layout\\":\\"C\\",\\"audio_sample_rate\\":\\"44100\\",\\"base_range_info\\":{\\"first_moof_range\\":\\"1365-3144\\",\\"index_range\\":\\"1129-1364\\",\\"init_range\\":\\"0-1128\\"},\\"check_info\\":{\\"check_info\\":\\"a:v0200fg10000d3ds3enog65mpvn026g0|b:0-1364-67f0fb5887f02814a75d0534b799e4a5|c:0-1364-a2e2\\"},\\"first_segment_range\\":\\"1365-99285\\",\\"gear_des_key\\":\\"0:DASH|1:normal|2:h265_hvc1|4:540p|5:adapt|10000:105\\",\\"quality_type\\":28}","definition":"540p","quality":"adapt","quality_desc":"","file_id":"afa97ecd7e434b7391e88f74acb7d9a5","real_bitrate":269145,"audio_file_id":"a67cc23210bc3d4611cace88d6712a43","applog_map":{"feature_id":"b38008770b4e09863331b14b26bcdc23"},"sr_sharpness_strength":1,"mvmaf":"{\\"mvmaf_sr_v1080\\":95.52,\\"mvmaf_sr_v960\\":97.355,\\"mvmaf_sr_v864\\":97.808,\\"mvmaf_sr_v720\\":98.739,\\"mvmaf_ori_v1080\\":83.02,\\"mvmaf_ori_v960\\":86.177,\\"mvmaf_ori_v864\\":88.104,\\"mvmaf_ori_v720\\":90.945}","ufq":"{\\"enh\\":88.83,\\"playback\\":{\\"ori\\":76.345,\\"srv1\\":87.614},\\"src\\":88.83,\\"trans\\":76.345,\\"version\\":\\"v1.0\\"}","audio_metrics":null,"audio_score":null}', 'format': 'dash'}, {'gear_name': 'adapt_lower_540_1', 'quality_type': 21, 'bit_rate': 181387, 'play_addr': {'uri': 'v0200fg10000d3ds3enog65mpvn026g0', 'url_list': ['https://v5-dy-o-abtest.zjcdn.com/52a28fe4a8fe1886f28488c12507fe67/68f79579/video/tos/cn/tos-cn-vd-0026/o8a174AfRiEABABbOCtLRNNIAgGAPJAE1Aevf7/media-video-hvc1/?a=6383&ch=0&cr=8&dr=0&er=1&lr=default&cd=0%7C0%7C0%7C3&cv=1&br=177&bt=177&cs=4&ds=6&mime_type=video_mp4&qs=14&rc=Ozc0OzhoaDZpODo7ZDw2NkBpMzkzeXA5cmh2NjMzNGkzM0AwXi5eYWEvXjMxYGNgMC0tYSNkL2ttMmRrMGFhLS1kLS9zcw%3D%3D&btag=80000e00028000&cquery=101r_100o&dy_q=1760969609&l=20251020221329FF810B6B17C3D024C6A3', 'https://v5-dy-o-abtest.zjcdn.com/52a28fe4a8fe1886f28488c12507fe67/68f79579/video/tos/cn/tos-cn-vd-0026/o8a174AfRiEABABbOCtLRNNIAgGAPJAE1Aevf7/media-video-hvc1/?a=6383&ch=0&cr=8&dr=0&er=1&lr=default&cd=0%7C0%7C0%7C3&cv=1&br=177&bt=177&cs=4&ds=6&mime_type=video_mp4&qs=14&rc=Ozc0OzhoaDZpODo7ZDw2NkBpMzkzeXA5cmh2NjMzNGkzM0AwXi5eYWEvXjMxYGNgMC0tYSNkL2ttMmRrMGFhLS1kLS9zcw%3D%3D&btag=80000e00028000&cquery=101r_100o&dy_q=1760969609&l=20251020221329FF810B6B17C3D024C6A3', 'https://www.douyin.com/aweme/v1/play/dash/?video_id=v0200fg10000d3ds3enog65mpvn026g0&line=0&file_id=030339caf8c7456fa32eded5a811a438&sign=a6a6476e1defa5dbdd01dfd9d41a32d8&is_play_url=1&source=PackSourceEnum_PUBLISH'], 'width': 576, 'height': 1024, 'url_key': 'v0200fg10000d3ds3enog65mpvn026g0_bytevc1_540p_181387', 'data_size': 2558299, 'file_hash': 'a6a6476e1defa5dbdd01dfd9d41a32d8'}, 'is_h265': 1, 'is_bytevc1': 1, 'HDR_type': '', 'HDR_bit': '', 'FPS': 30, 'video_extra': '{"PktOffsetMap":"","format":"dash","sub_info":"{\\"audio_channels\\":\\"2.0\\",\\"audio_layout\\":\\"C\\",\\"audio_sample_rate\\":\\"44100\\",\\"base_range_info\\":{\\"first_moof_range\\":\\"1365-3144\\",\\"index_range\\":\\"1129-1364\\",\\"init_range\\":\\"0-1128\\"},\\"check_info\\":{\\"check_info\\":\\"a:v0200fg10000d3ds3enog65mpvn026g0|b:0-1364-cc00ee6b6cab409b7322dec555d7dbe7|c:0-1364-e73f\\"},\\"first_segment_range\\":\\"1365-78973\\",\\"gear_des_key\\":\\"0:DASH|1:normal|2:h265_hvc1|4:540p|5:adapt_lower|10000:105\\",\\"quality_type\\":21}","definition":"540p","quality":"adapt_lower","quality_desc":"","file_id":"030339caf8c7456fa32eded5a811a438","real_bitrate":233972,"audio_file_id":"a67cc23210bc3d4611cace88d6712a43","applog_map":{"feature_id":"2ec60419b2ec858b9b1eae59874b17b0"},"sr_sharpness_strength":1,"mvmaf":"{\\"mvmaf_sr_v1080\\":94.55,\\"mvmaf_sr_v960\\":96.385,\\"mvmaf_sr_v864\\":97.085,\\"mvmaf_sr_v720\\":98.1,\\"mvmaf_ori_v1080\\":82.098,\\"mvmaf_ori_v960\\":85.164,\\"mvmaf_ori_v864\\":87.264,\\"mvmaf_ori_v720\\":90.261}","audio_metrics":null,"audio_score":null}', 'format': 'dash'}], 'duration': 112850, 'play_addr_265': {'uri': 'v0200fg10000d3ds3enog65mpvn026g0', 'url_list': ['https://v5-dy-o-abtest.zjcdn.com/3a26fa02d95928f383105d221b69f56c/68f66e29/video/tos/cn/tos-cn-ve-15/osCDgDsnEviQEiFgobGA4x8fnGt9B6A2bIAKeB/?a=6383&ch=10010&cr=3&dr=0&lr=all&cd=0%7C0%7C0%7C3&cv=1&br=262&bt=262&cs=2&ds=6&ft=c2YTctGHQPRUZxfusdr~kwPqYldQIKDEE-TerrNqq_45a&mime_type=video_mp4&qs=11&rc=MzM6aWdoPDY6Z2U0OTo5N0BpMzkzeXA5cmh2NjMzNGkzM0AtYV81Xi1iNl8xL2NgYDUuYSNkL2ttMmRrMGFhLS1kLS9zcw%3D%3D&btag=80000e00028000&cquery=100H_100K_100o_101r_100B&dy_q=1760969609&feature_id=b38008770b4e09863331b14b26bcdc23&l=20251020221329FF810B6B17C3D024C6A3', 'https://v5-dy-o-abtest.zjcdn.com/3a26fa02d95928f383105d221b69f56c/68f66e29/video/tos/cn/tos-cn-ve-15/osCDgDsnEviQEiFgobGA4x8fnGt9B6A2bIAKeB/?a=6383&ch=10010&cr=3&dr=0&lr=all&cd=0%7C0%7C0%7C3&cv=1&br=262&bt=262&cs=2&ds=6&ft=c2YTctGHQPRUZxfusdr~kwPqYldQIKDEE-TerrNqq_45a&mime_type=video_mp4&qs=11&rc=MzM6aWdoPDY6Z2U0OTo5N0BpMzkzeXA5cmh2NjMzNGkzM0AtYV81Xi1iNl8xL2NgYDUuYSNkL2ttMmRrMGFhLS1kLS9zcw%3D%3D&btag=80000e00028000&cquery=100B_100H_100K_100o_101r&dy_q=1760969609&feature_id=b38008770b4e09863331b14b26bcdc23&l=20251020221329FF810B6B17C3D024C6A3', 'https://www.douyin.com/aweme/v1/play/?video_id=v0200fg10000d3ds3enog65mpvn026g0&line=0&file_id=1486c7c6f12b4db793e90ead8fb7d000&sign=1fbfae3611aace7e4a7752fd6c49e2ef&is_play_url=1&source=PackSourceEnum_PUBLISH'], 'width': 576, 'height': 1024, 'url_key': 'v0200fg10000d3ds3enog65mpvn026g0_bytevc1_540p_269145', 'data_size': 3796638, 'file_hash': '1fbfae3611aace7e4a7752fd6c49e2ef', 'file_cs': 'c:0-94474-f44c|a:v0200fg10000d3ds3enog65mpvn026g0'}, 'bit_rate_audio': [{'audio_meta': {'url_list': {'main_url': 'https://v5-dy-o-abtest.zjcdn.com/45b2291ceeb479d86159ecb663447975/68f79579/video/tos/cn/tos-cn-vd-0026/ocIdgAAA9542AxDonFDSfGGegGtA6EAgCB81BE/media-audio-und-mp4a/?a=6383&ch=0&cr=8&dr=0&er=1&lr=default&cd=0%7C0%7C0%7C3&cv=1&br=50&bt=50&cs=0&mime_type=video_mp4&qs=0&rc=NmQ0OTtoZDQ5Z2YzNTVmOUBpMzkzeXA5cmh2NjMzNGkzM0AxLzRhNWBgLjEwXy4wYDReYSNkL2ttMmRrMGFhLS1kLS9zcw%3D%3D&btag=80000e00028000&cquery=101r_100o&dy_q=1760969609&l=20251020221329FF810B6B17C3D024C6A3', 'backup_url': 'https://v5-dy-o-abtest.zjcdn.com/45b2291ceeb479d86159ecb663447975/68f79579/video/tos/cn/tos-cn-vd-0026/ocIdgAAA9542AxDonFDSfGGegGtA6EAgCB81BE/media-audio-und-mp4a/?a=6383&ch=0&cr=8&dr=0&er=1&lr=default&cd=0%7C0%7C0%7C3&cv=1&br=50&bt=50&cs=0&mime_type=video_mp4&qs=0&rc=NmQ0OTtoZDQ5Z2YzNTVmOUBpMzkzeXA5cmh2NjMzNGkzM0AxLzRhNWBgLjEwXy4wYDReYSNkL2ttMmRrMGFhLS1kLS9zcw%3D%3D&btag=80000e00028000&cquery=101r_100o&dy_q=1760969609&l=20251020221329FF810B6B17C3D024C6A3', 'fallback_url': 'https://www.douyin.com/aweme/v1/play/dash/?video_id=v0200fg10000d3ds3enog65mpvn026g0&line=0&file_id=a67cc23210bc3d4611cace88d6712a43&sign=a67cc23210bc3d4611cace88d6712a43&is_play_url=1&source=PackSourceEnum_PUBLISH'}, 'encoded_type': 'normal', 'media_type': 'audio', 'logo_type': '', 'quality': 'normal', 'quality_desc': '', 'format': 'dash', 'bitrate': 51928, 'codec_type': 'h264', 'size': 732502, 'fps': 0, 'file_id': 'a67cc23210bc3d4611cace88d6712a43', 'file_hash': 'a67cc23210bc3d4611cace88d6712a43', 'sub_info': '{"audio_channels":"2.0","audio_layout":"C","audio_sample_rate":"44100","base_range_info":{"index_range":"870-985","init_range":"0-869"},"check_info":{"check_info":"a:v0200fg10000d3ds3enog65mpvn026g0|b:0-985-38aa6f42f201cb552f2765056bee9ea7|c:0-985-da0f"},"first_segment_range":"986-108779","gear_des_key":"0:dash|1:normal|2:h264|5:normal|10000:105"}'}, 'audio_quality': 5, 'audio_extra': '{"real_bitrate":771154}'}], 'play_addr_h264': {'uri': 'v0200fg10000d3ds3enog65mpvn026g0', 'url_list': ['https://v5-dy-o-abtest.zjcdn.com/b207b73945aa523363ceec0539cd1cf4/68f66e29/video/tos/cn/tos-cn-ve-15/oQvw58tnDIf1AdtGACFgC996NBfRoUAQEIg9A2/?a=6383&ch=10010&cr=3&dr=0&lr=all&cd=0%7C0%7C0%7C3&cv=1&br=753&bt=753&cs=0&ds=4&ft=c2YTctGHQPRUZxfusdr~kwPqYldQIKDEE-TerrNqq_45a&mime_type=video_mp4&qs=0&rc=ZWllaThmM2Q8PGloOzk1NkBpMzkzeXA5cmh2NjMzNGkzM0AvLl4wYTNjXzExYTYwLy5eYSNkL2ttMmRrMGFhLS1kLS9zcw%3D%3D&btag=80000e00028000&cquery=100o_101r_100B_100H_100K&dy_q=1760969609&feature_id=0ea98fd3bdc3c6c14a3d0804cc272721&l=20251020221329FF810B6B17C3D024C6A3', 'https://v5-dy-o-abtest.zjcdn.com/b207b73945aa523363ceec0539cd1cf4/68f66e29/video/tos/cn/tos-cn-ve-15/oQvw58tnDIf1AdtGACFgC996NBfRoUAQEIg9A2/?a=6383&ch=10010&cr=3&dr=0&lr=all&cd=0%7C0%7C0%7C3&cv=1&br=753&bt=753&cs=0&ds=4&ft=c2YTctGHQPRUZxfusdr~kwPqYldQIKDEE-TerrNqq_45a&mime_type=video_mp4&qs=0&rc=ZWllaThmM2Q8PGloOzk1NkBpMzkzeXA5cmh2NjMzNGkzM0AvLl4wYTNjXzExYTYwLy5eYSNkL2ttMmRrMGFhLS1kLS9zcw%3D%3D&btag=80000e00028000&cquery=100H_100K_100o_101r_100B&dy_q=1760969609&feature_id=0ea98fd3bdc3c6c14a3d0804cc272721&l=20251020221329FF810B6B17C3D024C6A3', 'https://www.douyin.com/aweme/v1/play/?video_id=v0200fg10000d3ds3enog65mpvn026g0&line=0&file_id=a31226389edf4949baf06cd53fab1f2b&sign=453669e9de79554cf43621eaefc32d59&is_play_url=1&source=PackSourceEnum_PUBLISH'], 'width': 1080, 'height': 1920, 'url_key': 'v0200fg10000d3ds3enog65mpvn026g0_h264_1080p_771154', 'data_size': 10878097, 'file_hash': '453669e9de79554cf43621eaefc32d59', 'file_cs': 'c:0-94282-6e94|a:v0200fg10000d3ds3enog65mpvn026g0'}, 'raw_cover': {'uri': 'tos-cn-i-dy/cf28be920acb47ab8f15644bbff5ac66', 'url_list': ['https://p3-pc-sign.douyinpic.com/tos-cn-i-dy/cf28be920acb47ab8f15644bbff5ac66~tplv-dy-cropcenter:323:430.jpeg?lk3s=138a59ce&x-expires=2076328800&x-signature=IVdKLAdr1tJyjiDWn7nnLgCGtAk%3D&from=327834062&s=PackSourceEnum_PUBLISH&se=true&sh=323_430&sc=cover&biz_tag=pcweb_cover&l=20251020221329FF810B6B17C3D024C6A3', 'https://p3-pc-sign.douyinpic.com/obj/tos-cn-i-dy/cf28be920acb47ab8f15644bbff5ac66?lk3s=138a59ce&x-expires=2076328800&x-signature=8iA6dKTZppSwL6y7GeiR8cLzywQ%3D&from=327834062&s=PackSourceEnum_PUBLISH&se=false&sc=cover&biz_tag=pcweb_cover&l=20251020221329FF810B6B17C3D024C6A3'], 'width': 720, 'height': 720}, 'is_long_video': 1, 'animated_cover': {'uri': 'tos-cn-i-dy/cf28be920acb47ab8f15644bbff5ac66', 'url_list': ['https://p3-pc-sign.douyinpic.com/obj/tos-cn-i-dy/cf28be920acb47ab8f15644bbff5ac66?lk3s=138a59ce&x-expires=1762178400&x-signature=A1ioGyLvbdb%2BXOeHvtNUOO%2BHIBw%3D&from=327834062_large&s=PackSourceEnum_PUBLISH&se=false&sc=dynamic_cover&biz_tag=pcweb_cover&l=20251020221329FF810B6B17C3D024C6A3', 'https://p9-pc-sign.douyinpic.com/obj/tos-cn-i-dy/cf28be920acb47ab8f15644bbff5ac66?lk3s=138a59ce&x-expires=1762178400&x-signature=FvfX1EKupy14f%2FY%2FNSxKVDx%2F5w4%3D&from=327834062_large&s=PackSourceEnum_PUBLISH&se=false&sc=dynamic_cover&biz_tag=pcweb_cover&l=20251020221329FF810B6B17C3D024C6A3']}, 'gaussian_cover': {'uri': 'tos-cn-p-0015/osRtebagg74ACEPBg1t3pBA4C7LfMEe7sAgGNI', 'url_list': ['https://p3-pc-sign.douyinpic.com/tos-cn-p-0015/osRtebagg74ACEPBg1t3pBA4C7LfMEe7sAgGNI~tplv-tsj2vxp0zn-gaosi:40.jpeg?lk3s=138a59ce&x-expires=1792504800&x-signature=UxZIp8fTlIksHhK8cszssNN7AQY%3D&from=327834062', 'https://p9-pc-sign.douyinpic.com/tos-cn-p-0015/osRtebagg74ACEPBg1t3pBA4C7LfMEe7sAgGNI~tplv-tsj2vxp0zn-gaosi:40.jpeg?lk3s=138a59ce&x-expires=1792504800&x-signature=WDehY4FIa70cHjAUFRGqdHFTKqw%3D&from=327834062'], 'width': 720, 'height': 720}, 'meta': '{"bright_ratio_mean":"0.4735","brightness_mean":"194.0909","diff_overexposure_ratio":"0.0017","enable_manual_ladder":"1","format":"mp4","gear_vqm":"{\\"1080p_720p\\":-1,\\"720p_540p\\":2}","hrids":"500000002","is_spatial_video":"0","isad":"0","loudness":"-18","overexposure_ratio_mean":"0.2281","peak":"1","qprf":"1.000","sdgs":"[\\"normal_1080_0\\",\\"normal_720_0\\",\\"low_720_0\\",\\"low_540_0\\",\\"lower_540_0\\",\\"adapt_low_540_0\\",\\"adapt_lowest_720_1\\",\\"adapt_540_1\\",\\"adapt_lower_540_1\\"]","sr_potential":"{\\"v1.0\\":{\\"score\\":58.007}}","sr_score":"1.000","std_brightness":"11.5029","strategy_tokens":"[\\"online\\",\\"sexp_0702_0819\\",\\"sexp_reward01_0721\\",\\"sexp_reward02_0721\\",\\"sexp_0701_0819\\"]","title_info":"{\\"avg_br_pc\\":220,\\"bottom_res_add\\":[0,0,0,26.6,43.04,0,0,0,0,0,0,0,0,0,0],\\"bullet_zone\\":14.83,\\"mean_br_l\\":[241.73,233.19,224.02,214.67,205.35,195.86],\\"pc60_br_l\\":[244.52,236,227.43,218.33,209.21,199.78],\\"progress_bar\\":[244,244,244],\\"ratio_br_l\\":[244.52,235.96,226.98,218.01,209,199.12],\\"ratio_br_l_thre220\\":[0.99,0.79,0.6,0.48,0.4,0.34],\\"ratio_edge_l\\":[0,0,0,0.13,0.11,0.12],\\"std_br_l\\":[25.62,20.3,14.74,11.91,10.29,9.86],\\"top_res_add\\":[0,0,0,4.82,35.91,20.36,11.09],\\"version\\":\\"v1.0\\"}","volume_info":"{\\"LoudnessRange\\":8.3,\\"LoudnessRangeEnd\\":-14.7,\\"MaximumShortTermLoudness\\":-12.6,\\"Metrics\\":{\\"Loudness\\":{\\"Integrated\\":-17.962},\\"Phase\\":{\\"RMSDownmixDiff\\":-0.279},\\"RMSStats\\":{\\"LRDiff\\":0.03,\\"LTotal\\":-20.9,\\"Peak\\":1.8,\\"RTotal\\":-20.929},\\"Version\\":\\"1.4.2\\"},\\"Version\\":2,\\"Loudness\\":-18,\\"LoudnessRangeStart\\":-23,\\"MaximumMomentaryLoudness\\":-8,\\"Peak\\":1}","vqs_origin":"71.7"}', 'video_model': '', 'is_source_HDR': 0, 'use_static_cover': True, 'big_thumbs': [{'img_num': 113, 'uri': 'tos-cn-p-0015/ocfdg86C2BAFwCAQDQCSt6AyNnGgfop9DA93EG', 'img_url': 'https://p26-sign.douyinpic.com/tos-cn-p-0015/ocfdg86C2BAFwCAQDQCSt6AyNnGgfop9DA93EG~tplv-noop.image?cquery=100H_100K_100o_101r_100B&dy_q=1760969609&l=20251020221329FF810B6B17C3D024C6A3&x-expires=1760980521&x-signature=Y326VmZ1zPPbB93bU56ubCHAdNM%3D', 'img_x_size': 136, 'img_y_size': 240, 'img_x_len': 5, 'img_y_len': 5, 'duration': 112.833336, 'interval': 1, 'fext': 'jpg', 'uris': ['tos-cn-p-0015/ocfdg86C2BAFwCAQDQCSt6AyNnGgfop9DA93EG', 'tos-cn-p-0015/oA39g2DDxQouFuCG8CfB9n68ftNxg8AwAEAAZQ', 'tos-cn-p-0015/oQN398A0oQCXAGAtgB2FIGGEQwDEnwAC6gf0f9', 'tos-cn-p-0015/osGntAf9C2QEAg92A6gwQCFEO2uN0o3fDYA8By', 'tos-cn-p-0015/oAgtNFnAEQWQgw2C83fGAY6A9x90oDCwACcfBw'], 'img_urls': ['https://p26-sign.douyinpic.com/tos-cn-p-0015/ocfdg86C2BAFwCAQDQCSt6AyNnGgfop9DA93EG~tplv-noop.image?cquery=100H_100K_100o_101r_100B&dy_q=1760969609&l=20251020221329FF810B6B17C3D024C6A3&x-expires=1760980521&x-signature=Y326VmZ1zPPbB93bU56ubCHAdNM%3D', 'https://p26-sign.douyinpic.com/tos-cn-p-0015/oA39g2DDxQouFuCG8CfB9n68ftNxg8AwAEAAZQ~tplv-noop.image?cquery=100o_101r_100B_100H_100K&dy_q=1760969609&l=20251020221329FF810B6B17C3D024C6A3&x-expires=1760980521&x-signature=wbcv1gcOWaSrej9CJnCViY7hHao%3D', 'https://p26-sign.douyinpic.com/tos-cn-p-0015/oQN398A0oQCXAGAtgB2FIGGEQwDEnwAC6gf0f9~tplv-noop.image?cquery=100H_100K_100o_101r_100B&dy_q=1760969609&l=20251020221329FF810B6B17C3D024C6A3&x-expires=1760980521&x-signature=MH2CV%2BQVddK94c7tI5iZDri6FFM%3D', 'https://p26-sign.douyinpic.com/tos-cn-p-0015/osGntAf9C2QEAg92A6gwQCFEO2uN0o3fDYA8By~tplv-noop.image?cquery=100K_100o_101r_100B_100H&dy_q=1760969609&l=20251020221329FF810B6B17C3D024C6A3&x-expires=1760980521&x-signature=bZPEAqgxBlBAij0yuYx8nTmgYBA%3D', 'https://p26-sign.douyinpic.com/tos-cn-p-0015/oAgtNFnAEQWQgw2C83fGAY6A9x90oDCwACcfBw~tplv-noop.image?cquery=100B_100H_100K_100o_101r&dy_q=1760969609&l=20251020221329FF810B6B17C3D024C6A3&x-expires=1760980521&x-signature=pyhtD0WHH6j4T9I71ZQFBSz6WsQ%3D']}]}, 'item_aigc_follow_shot': 1, 'user_digged': 0, 'statistics': {'recommend_count': 288, 'comment_count': 49, 'digg_count': 2529, 'admire_count': 0, 'play_count': 0, 'share_count': 1992, 'collect_count': 897}, 'status': {'not_allow_soft_del_reason': 'ab', 'is_delete': False, 'allow_share': True, 'review_result': {'review_status': 0}, 'allow_friend_recommend_guide': True, 'part_see': 0, 'private_status': 0, 'listen_video_status': 2, 'in_reviewing': False, 'allow_self_recommend_to_friend': True, 'allow_friend_recommend': True, 'is_prohibited': False, 'enable_soft_delete': 0}, 'personal_page_botton_diagnose_style': 0, 'text_extra': [], 'is_top': 0, 'game_tag_info': {'is_game': False}, 'share_info': {'share_url': 'https://www.iesdouyin.com/share/video/7555845974808169762/?region=US&mid=7555846031349009193&u_code=0&did=MS4wLjABAAAAvCMmrvAxedjvycgJ9K0iX5KdtDHpyq-etIWoeicy6xniB0XMxRYv3S-CyP_GdsPs&iid=MS4wLjABAAAANwkJuWIRFOzg5uCpDRpMj4OX-QryoDgn-yYlXQnRwQQ&with_sec_did=1&video_share_track_ver=&titleType=title&share_sign=RCqRSNzrXNobOdm8.2SlvCf576gu_u6lSrE3P_o1SbY-&share_version=290100&ts=1760969609&from_aid=6383&from_ssr=1&share_track_info=%7B%22link_description_type%22%3A%22%22%7D', 'share_link_desc': '3.87 dNW:/ V@y.te 09/14 被接住的孩子，一生都带着舒展的底气 婴儿衣服湿一点就哭闹，可家长嫌 “矫情” 不回应，久而久之孩子就把需求 “扔掉”—— 孩子感觉钝感，都是被忽视出来的！ # 幼儿教育# 父母课堂# 育儿# 亲子关系# 家庭教育# 孙瑞雪  %s 复制此链接，打开Dou音搜索，直接观看视频！'}, 'nearby_hot_comment': None, 'video_labels': None, 'entertainment_video_paid_way': {'paid_ways': [], 'paid_type': 0, 'enable_use_new_ent_data': False}, 'is_ads': False, 'duration': 112850, 'aweme_type': 0, 'select_anchor_expanded_content': 0, 'ai_follow_images': None, 'image_infos': None, 'risk_infos': {'vote': False, 'warn': False, 'risk_sink': False, 'type': 0, 'content': ''}, 'galileo_pad_textcrop': {'ipad_d_h_cut_ratio': [4, 4], 'ipad_d_v_cut_ratio': [2, 2], 'android_d_h_cut_ratio': [4], 'android_d_v_cut_ratio': None, 'version': 1}, 'ent_log_extra': {'log_extra': '{"global_log_extra":null,"page_log_extra":null,"aweme_log_extra":{"ce_current_group_id":"7555845974808169762","author_id":"1965574329213736"},"extra_log_extra":null}'}, 'position': None, 'uniqid_position': None, 'comment_list': None, 'author_user_id': 1965574329213736, 'product_genre_info': {'product_genre_type': 2, 'material_genre_sub_type_set': [4], 'special_info': {'recommend_group_name': 0}}, 'geofencing': [], 'series_basic_info': {}, 'is_moment_history': 0, 'region': '', 'video_text': None, 'trends_infos': None, 'collect_stat': 0, 'label_top_text': None, 'promotions': [], 'group_id': '7555845974808169762', 'prevent_download': False, 'nickname_position': None, 'challenge_position': None, 'entertainment_video_type': 3, 'is_24_story': 0, 'enable_comment_sticker_rec': False, 'long_video': None, 'shoot_way': '', 'trends_event_track': '{}', 'video_share_edit_status': 0, 'follow_shoot_clip_info': {'clip_video_all': 7555846031349009193, 'clip_from_user': 7555846031349009193}, 'interaction_stickers': None, 'publish_plus_alienation': {'alienation_type': 0}, 'origin_comment_ids': None, 'commerce_config_data': None, 'caption_template_id': 0, 'video_control': {'allow_download': False, 'share_type': 0, 'show_progress_bar': 1, 'draft_progress_bar': 1, 'allow_duet': True, 'allow_react': False, 'prevent_download_type': 2, 'allow_dynamic_wallpaper': False, 'timer_status': 1, 'allow_music': True, 'allow_stitch': False, 'allow_douplus': True, 'allow_share': True, 'share_grayed': False, 'download_ignore_visibility': False, 'duet_ignore_visibility': False, 'share_ignore_visibility': False, 'download_info': {'level': 1, 'fail_info': {'code': 290002, 'reason': 'isolation_content', 'msg': '视频暂时无法保存，链接已复制'}}, 'duet_info': {'level': 0}, 'allow_record': True, 'disable_record_reason': '', 'timer_info': {'public_time': 1759312800, 'timer_status': 0}}, 'aweme_control': {'can_forward': True, 'can_share': True, 'can_comment': True, 'can_show_comment': True}, 'douplus_user_type': 0, 'is_25_story': 0, 'can_cache_to_local': True, 'is_moment_story': 0, 'anchors': None, 'hybrid_label': None, 'geofencing_regions': None, 'interest_points': None, 'aweme_acl': {'download_mask_panel': {'code': 1, 'show_type': 0}}, 'aweme_type_tags': '', 'is_story': 0, 'component_control': {'data_source_url': '/aweme/v1/web/aweme/post/'}, 'flash_mob_trends': 0, 'follow_shot_assets': None, 'cover_labels': None, 'is_new_text_mode': 0, 'mv_info': None, 'guide_btn_type': 0, 'is_from_ad_auth': False, 'origin_duet_resource_uri': '', 'images': None, 'relation_labels': None, 'cf_assets_type': 0, 'impression_data': {'group_id_list_a': [], 'group_id_list_b': [], 'similar_id_list_a': None, 'similar_id_list_b': None, 'group_id_list_c': [], 'group_id_list_d': []}, 'aweme_listen_struct': {'trace_info': '{"copyright_not_speech":"false","copyright_reason":"has_listen_cp_new","copyright_tag_hit":"","copyright_use_aed_default":"false","copyright_use_tag_default":"false","cp_ab":"true","desc":"","duration_over":"false","hit_high_risk":"false","media_type":"4","reason":"hit_ab_0","show":"false"}'}, 'chapter_bar_color': None, 'libfinsert_task_id': '', 'social_tag_list': None, 'suggest_words': {'suggest_words': [{'words': [{'word': '高需求宝宝特征', 'word_id': '6715296033041028356', 'info': '{"End":0,"Start":0,"ecpm_boost_tag":false,"log_pb":"","qrec_for_search":"{}"}'}], 'scene': 'feed_bottom_rec', 'icon_url': '', 'hint_text': '相关搜索', 'extra_info': '{"resp_from":"hit_cache"}'}, {'words': [{'word': '捕捉儿童敏感期孙瑞雪书', 'word_id': '6939132636829848839', 'info': '{"End":0,"Start":0,"ecpm_boost_tag":false,"log_pb":"","qrec_for_search":"{\\"query_ecom\\":\\"1\\"}"}'}], 'scene': 'detail_inbox_rex', 'icon_url': '', 'hint_text': '', 'extra_info': '{"resp_from":"hit_cache"}'}, {'words': [{'word': '高需求宝宝特征', 'word_id': '6715296033041028356', 'info': '{"End":0,"Start":0,"ecpm_boost_tag":false,"log_pb":"","qrec_for_search":"{}"}'}, {'word': '刚出生的宝宝怎么抱', 'word_id': '6573947327516579085', 'info': '{"End":0,"Start":0,"ecpm_boost_tag":false,"log_pb":"","qrec_for_search":"{}"}'}, {'word': '宝宝哭声代表的各种需求', 'word_id': '6856011172282373390', 'info': '{"End":0,"Start":0,"ecpm_boost_tag":false,"log_pb":"","qrec_for_search":"{}"}'}], 'scene': 'comment_top_rec', 'icon_url': '', 'hint_text': '大家都在搜：', 'extra_info': '{"resp_from":"hit_cache"}'}]}, 'show_follow_button': {}, 'duet_aggregate_in_music_tab': False, 'is_duet_sing': False, 'comment_permission_info': {'comment_permission_status': 0, 'can_comment': True, 'item_detail_entry': False, 'press_entry': False, 'toast_guide': False}, 'original_images': None, 'series_paid_info': {'series_paid_status': 0, 'item_price': 0}, 'img_bitrate': None, 'comment_gid': 7555845974808169762, 'image_album_music_info': {'begin_time': -1, 'end_time': -1, 'volume': -1}, 'video_tag': [{'tag_id': 2024, 'tag_name': '亲子', 'level': 1}, {'tag_id': 2024006, 'tag_name': '母婴', 'level': 2}, {'tag_id': 2024006003, 'tag_name': '育儿知识', 'level': 3}], 'is_collects_selected': 0, 'chapter_list': None, 'feed_comment_config': {'input_config_text': '善语结善缘，恶言伤人心', 'author_audit_status': 0, 'common_flags': '{"item_author_nickname":"孙瑞雪聊教育","video_labels_v2_tag1":"母婴","video_labels_v2_tag2":"育儿理念"}'}, 'is_image_beat': False, 'dislike_dimension_list': None, 'standard_bar_info_list': None, 'photo_search_entrance': {'ecom_type': 0}, 'is_life_item': False, 'image_list': None, 'component_info_v2': '{"desc_lines_limit":0,"hide_marquee":false}', 'item_warn_notification': {'type': 0, 'show': False, 'content': ''}, 'origin_text_extra': None, 'disable_relation_bar': 0, 'packed_clips': None, 'vtag_search': {'vtag_enable': True, 'vtag_delay_ts': 122850}, 'author_mask_tag': 0, 'user_recommend_status': 1, 'collection_corner_mark': 0, 'is_share_post': False, 'image_comment': {}, 'visual_search_info': {'visual_search_longpress': 1, 'is_show_img_entrance': False, 'is_ecom_img': False, 'is_high_accuracy_ecom': False, 'is_high_recall_ecom': False}, 'tts_id_list': None, 'ref_tts_id_list': None, 'voice_modify_id_list': None, 'ref_voice_modify_id_list': None, 'authentication_token': 'MS4wLjAAAAAAJa_gy6eCrExY9DFvE4BnF9I154umWyMIYsqkkpydP14s-hBVvX7J51j37UHkvpNUmVEUaE38EsmAiP-mBy7M9fQcbGYhvbYXMGv5H0_if7PqU_Cd9ymrqnHl7szzeJZzjOwDlePyJeAINshgLHtL9umVJZJSrwpytRWfhOrSoHfAI738PYNFEXL6gBMNx1pRD0NSbXYSFU5-5FwOdV36ULl0dSq15DtJgGAup0WfbAn493oXZBEO6CnXHhOvkWtt', 'video_game_data_channel_config': {}, 'dislike_dimension_list_v2': None, 'distribute_circle': {'distribute_type': 0, 'campus_block_interaction': False, 'is_campus': False}, 'image_crop_ctrl': 0, 'yumme_recreason': None, 'slides_music_beats': None, 'jump_tab_info_list': None, 'media_type': 4, 'reply_smart_emojis': None, 'activity_video_type': -1, 'boost_status': 0, 'create_scale_type': None, 'entertainment_product_info': {'sub_title': None, 'market_info': {'limit_free': {'in_free': False}, 'marketing_tag': None}}, 'caption': '婴儿衣服湿一点就哭闹，可家长嫌 “矫情” 不回应，久而久之孩子就把需求 “扔掉”—— 孩子感觉钝感，都是被忽视出来的！\n\n\n#幼儿教育#父母课堂#育儿#亲子关系#家庭教育#孙瑞雪', 'item_title': '被接住的孩子，一生都带着舒展的底气', 'is_use_music': False, 'original': 0, 'xigua_base_info': {'status': 0, 'star_altar_order_id': 0, 'star_altar_type': 0, 'item_id': 0}, 'mark_largely_following': False, 'friend_recommend_info': {'friend_recommend_source': 10, 'label_user_list': None, 'disable_friend_recommend_guide_label': False}}, {'aweme_id': '7555843286871624975', 'desc': '告诉孩子真话比抱怨更有力量 “我都不想当妈妈了”—— 这句话藏着多少妈妈的崩溃！ 换种说法，孩子反而更懂事… \n#幼儿教育#父母课堂#育儿#亲子关系#家庭教育#孙瑞雪', 'create_time': 1759239300, 'author': {'uid': '1965574329213736', 'card_entries_not_display': None, 'nickname': '孙瑞雪聊教育', 'personal_tag_list': None, 'homepage_bottom_toast': None, 'avatar_thumb': {'uri': '100x100/aweme-avatar/tos-cn-avt-0015_afee5b125df955a19af4c41159ad1295', 'url_list': ['https://p3-pc.douyinpic.com/aweme/100x100/aweme-avatar/tos-cn-avt-0015_afee5b125df955a19af4c41159ad1295.jpeg?from=327834062'], 'width': 720, 'height': 720}, 'batch_unfollow_contain_tabs': None, 'not_seen_item_id_list': None, 'follow_status': 0, 'contrail_list': None, 'story_interactive': 0, 'data_label_list': None, 'custom_verify': '', 'follower_list_secondary_information_struct': None, 'display_info': None, 'interest_tags': None, 'account_cert_info': '{}', 'user_tags': None, 'share_info': {'share_url': '', 'share_weibo_desc': '', 'share_desc': '', 'share_title': '', 'share_qrcode_url': {'uri': '31b0500316c4e154852bc', 'url_list': ['https://p3-pc-sign.douyinpic.com/obj/31b0500316c4e154852bc?lk3s=138a59ce&x-expires=1760990400&x-signature=VnOegD8kfOkclbkCT%2BIUAVSkQl4%3D&from=327834062'], 'width': 720, 'height': 720}, 'share_title_myself': '', 'share_title_other': '', 'share_desc_info': ''}, 'can_set_geofencing': None, 'sec_uid': 'MS4wLjABAAAAnAFnkWlOm9jteymsi42fanYLMzfbqdGIwCILEUqDNmFyjfK9N8fSJdS_D2UWk_we', 'need_points': None, 'enterprise_verify_reason': '', 'is_ad_fake': False, 'story_ttl': 0, 'user_permissions': None, 'card_entries': None, 'creator_tag_list': None, 'offline_info_list': None, 'text_extra': None, 'card_sort_priority': None, 'prevent_download': False, 'special_people_labels': None, 'white_cover_url': None, 'endorsement_info_list': None, 'follower_status': 0, 'profile_mob_params': None, 'familiar_visitor_user': None, 'avatar_schema_list': None, 'cover_url': [{'uri': 'c8510002be9a3a61aad2', 'url_list': ['https://p3-pc-sign.douyinpic.com/obj/c8510002be9a3a61aad2?lk3s=138a59ce&x-expires=1762178400&x-signature=bEz6E0nbTH1458RtDsUU87G74Mk%3D&from=327834062'], 'width': 720, 'height': 720}], 'cf_list': None, 'im_role_ids': None, 'not_seen_item_id_list_v2': None, 'signature_extra': None, 'risk_notice_text': '', 'ban_user_functions': None, 'profile_component_disabled': None, 'verification_permission_ids': None, 'identity_labels': None, 'private_relation_list': None, 'link_item_list': None, 'batch_unfollow_relation_desc': None}, 'music': {'id': 7376172372692617243, 'id_str': '7376172372692617243', 'title': '唯美古风  空山新雨', 'author': 'Stan立', 'album': '唯美古风  空山新雨', 'cover_hd': {'uri': 'tos-cn-v-2774c002/oA6lLAfazIQFIGQebCIA9nGMAveLIBFtCASy3u', 'url_list': ['https://p3.douyinpic.com/aweme/1080x1080/tos-cn-v-2774c002/oA6lLAfazIQFIGQebCIA9nGMAveLIBFtCASy3u.jpeg', 'https://p6.douyinpic.com/aweme/1080x1080/tos-cn-v-2774c002/oA6lLAfazIQFIGQebCIA9nGMAveLIBFtCASy3u.jpeg'], 'width': 720, 'height': 720}, 'cover_large': {'uri': 'tos-cn-v-2774c002/oA6lLAfazIQFIGQebCIA9nGMAveLIBFtCASy3u', 'url_list': ['https://p3.douyinpic.com/aweme/720x720/tos-cn-v-2774c002/oA6lLAfazIQFIGQebCIA9nGMAveLIBFtCASy3u.jpeg', 'https://p6.douyinpic.com/aweme/720x720/tos-cn-v-2774c002/oA6lLAfazIQFIGQebCIA9nGMAveLIBFtCASy3u.jpeg'], 'width': 720, 'height': 720}, 'cover_medium': {'uri': 'tos-cn-v-2774c002/oA6lLAfazIQFIGQebCIA9nGMAveLIBFtCASy3u', 'url_list': ['https://p3.douyinpic.com/aweme/200x200/tos-cn-v-2774c002/oA6lLAfazIQFIGQebCIA9nGMAveLIBFtCASy3u.jpeg', 'https://p6.douyinpic.com/aweme/200x200/tos-cn-v-2774c002/oA6lLAfazIQFIGQebCIA9nGMAveLIBFtCASy3u.jpeg'], 'width': 720, 'height': 720}, 'cover_thumb': {'uri': 'tos-cn-v-2774c002/oA6lLAfazIQFIGQebCIA9nGMAveLIBFtCASy3u', 'url_list': ['https://p3.douyinpic.com/aweme/100x100/tos-cn-v-2774c002/oA6lLAfazIQFIGQebCIA9nGMAveLIBFtCASy3u.jpeg', 'https://p6.douyinpic.com/aweme/100x100/tos-cn-v-2774c002/oA6lLAfazIQFIGQebCIA9nGMAveLIBFtCASy3u.jpeg'], 'width': 720, 'height': 720}, 'play_url': {'uri': 'https://sf3-cdn-tos.douyinstatic.com/obj/tos-cn-ve-2774/o0F5IIwmXCk5AyBgE1TWCZ3BDe6fYF7Nt90gQD', 'url_list': ['https://sf3-cdn-tos.douyinstatic.com/obj/tos-cn-ve-2774/o0F5IIwmXCk5AyBgE1TWCZ3BDe6fYF7Nt90gQD', 'https://sf5-hl-cdn-tos.douyinstatic.com/obj/tos-cn-ve-2774/o0F5IIwmXCk5AyBgE1TWCZ3BDe6fYF7Nt90gQD'], 'width': 720, 'height': 720, 'url_key': '7376172372692617243'}, 'schema_url': '', 'source_platform': 10036, 'start_time': 0, 'end_time': 0, 'duration': 265, 'extra': '{"dsp_switch":0,"reviewed":0,"image_beats_url":"https://sf5-hl-cdn-tos.douyinstatic.com/obj/tos-cn-v-2774c002/o4wzmvO4aSgAisBAXEgAZroWQDAEIgJBijvIy","hotsoon_review_time":-1,"music_label_id":4424,"loudness":"-20.235464","has_edited":0,"beats":{"audio_effect_onset":"https://sf5-hl-cdn-tos.douyinstatic.com/obj/tos-cn-v-2774c002/oAFBIeU2A0wzFEeoMAEB8KLRauBsGRejChAuGA","beats_tracker":"https://sf5-hl-cdn-tos.douyinstatic.com/obj/tos-cn-v-2774c002/o4wzmvO4aSgAisBAXEgAZroWQDAEIgJBijvIy","energy_trace":"https://sf5-hl-ali-cdn-tos.douyinstatic.com/obj/tos-cn-v-2774c002/oI02GeeFaIQEEojwDAMALCWsE6zRFAcaBBJAeF","merged_beats":"https://sf5-hl-cdn-tos.douyinstatic.com/obj/tos-cn-v-2774c002/ocfsCZ6EAhZDAEKEjBFmCjBDg1DWAA4ofIbtIp"},"douyin_beats_info":{},"schedule_search_time":0,"is_red":0,"is_subsidy_exp":false,"aggregate_exempt_conf":[],"hit_high_follow_extend":false,"is_aed_music":0,"with_aed_model":0,"is_high_follow_user":false,"review_unshelve_reason":0,"cover_colors":{"rgb":[211,141,108]},"music_tagging":{"Languages":["non_vocal"],"Moods":["Healing","Miss","Memory","Chill","Calm"],"Genres":["Easy Listening"],"Themes":["Autumn"],"AEDs":["non_vocal"],"SingingVersions":["Seed"],"Instruments":null},"peak":"0.4778706","hit_high_follow_original":false,"hit_high_follow_auto":false}', 'user_count': 0, 'position': None, 'collect_stat': 0, 'status': 1, 'offline_desc': '', 'owner_nickname': '', 'is_original': False, 'mid': '7376172372692617243', 'binded_challenge_id': 0, 'redirect': False, 'is_restricted': False, 'author_deleted': False, 'is_del_video': False, 'is_video_self_see': False, 'owner_handle': '', 'author_position': None, 'prevent_download': False, 'strong_beat_url': {'uri': 'https://sf5-hl-cdn-tos.douyinstatic.com/obj/tos-cn-v-2774c002/o8zAZBZ9QIAx8iRA4iPVDNZEyWdAPr3ORw5sE', 'url_list': ['https://sf5-hl-cdn-tos.douyinstatic.com/obj/tos-cn-v-2774c002/o8zAZBZ9QIAx8iRA4iPVDNZEyWdAPr3ORw5sE', 'https://sf5-hl-ali-cdn-tos.douyinstatic.com/obj/tos-cn-v-2774c002/o8zAZBZ9QIAx8iRA4iPVDNZEyWdAPr3ORw5sE'], 'width': 720, 'height': 720}, 'unshelve_countries': None, 'prevent_item_download_status': 0, 'external_song_info': [], 'preview_start_time': 0, 'preview_end_time': 0, 'is_commerce_music': True, 'is_original_sound': False, 'audition_duration': 265, 'shoot_duration': 265, 'reason_type': 0, 'artists': [], 'lyric_short_position': None, 'mute_share': False, 'tag_list': None, 'dmv_auto_show': False, 'is_pgc': True, 'is_matched_metadata': False, 'is_audio_url_with_cookie': False, 'music_chart_ranks': None, 'can_background_play': True, 'music_status': 1, 'video_duration': 6000, 'pgc_music_type': 1, 'cover_color_hsv': {'h': 19, 's': 35, 'v': 83}, 'search_impr': {'entity_id': '7376172372692617243'}, 'song': {'id': 7376171428226533403, 'id_str': '7376171428226533403', 'title': '唯美古风  空山新雨', 'artists': None, 'chorus': {'start_ms': 140544, 'duration_ms': 98495}, 'chorus_v3_infos': None}, 'artist_user_infos': None, 'dsp_status': 10, 'musician_user_infos': None, 'music_image_beats': {'music_image_beats_url': {'uri': 'tos-cn-v-2774c002/o4wzmvO4aSgAisBAXEgAZroWQDAEIgJBijvIy', 'url_list': ['https://sf5-hl-cdn-tos.douyinstatic.com/obj/tos-cn-v-2774c002/o4wzmvO4aSgAisBAXEgAZroWQDAEIgJBijvIy'], 'width': 720, 'height': 720}}, 'music_collect_count': 0, 'music_cover_atmosphere_color_value': '', 'show_origin_clip': False}, 'effect_inflow_effects': None, 'video': {'play_addr': {'uri': 'v0300fg10000d3drt27og65jo9j6i0eg', 'url_list': ['https://v5-dy-o-abtest.zjcdn.com/c87a88d92632d469c9dfea539f6b7fdc/68f66def/video/tos/cn/tos-cn-ve-15/os5AdPdbpgceB1DEQZziAiBDvAbiI5bm0AewqP/?a=6383&ch=10010&cr=3&dr=0&lr=all&cd=0%7C0%7C0%7C3&cv=1&br=549&bt=549&cs=0&ds=3&ft=c2YTctGHQPRUZxfusdr~kwPqYldQIKDEE-TerrNqq_45a&mime_type=video_mp4&qs=0&rc=NDloNmdpOGdmMzZmOmYzPEBpajM5PG05cjV1NjMzNGkzM0AuYy9jMjU0XjUxYi5fMDUwYSNiZmdsMmQ0cWFhLS1kLTBzcw%3D%3D&btag=80000e00020000&cquery=100H_100K_100o_101r_100B&dy_q=1760969609&feature_id=fea919893f650a8c49286568590446ef&l=20251020221329FF810B6B17C3D024C6A3', 'https://v5-dy-o-abtest.zjcdn.com/c87a88d92632d469c9dfea539f6b7fdc/68f66def/video/tos/cn/tos-cn-ve-15/os5AdPdbpgceB1DEQZziAiBDvAbiI5bm0AewqP/?a=6383&ch=10010&cr=3&dr=0&lr=all&cd=0%7C0%7C0%7C3&cv=1&br=549&bt=549&cs=0&ds=3&ft=c2YTctGHQPRUZxfusdr~kwPqYldQIKDEE-TerrNqq_45a&mime_type=video_mp4&qs=0&rc=NDloNmdpOGdmMzZmOmYzPEBpajM5PG05cjV1NjMzNGkzM0AuYy9jMjU0XjUxYi5fMDUwYSNiZmdsMmQ0cWFhLS1kLTBzcw%3D%3D&btag=80000e00020000&cquery=100K_100o_101r_100B_100H&dy_q=1760969609&feature_id=fea919893f650a8c49286568590446ef&l=20251020221329FF810B6B17C3D024C6A3', 'https://www.douyin.com/aweme/v1/play/?video_id=v0300fg10000d3drt27og65jo9j6i0eg&line=0&file_id=39803cb71ce3408cad758f5df32ef611&sign=f5637c88eb0e9b60d0387f54e3bbacfa&is_play_url=1&source=PackSourceEnum_PUBLISH'], 'width': 720, 'height': 1280, 'url_key': 'v0300fg10000d3drt27og65jo9j6i0eg_h264_720p_562875', 'data_size': 3837686, 'file_hash': 'f5637c88eb0e9b60d0387f54e3bbacfa', 'file_cs': 'c:0-60741-52ee|d:0-1918842-2672,1918843-3837685-58a1|a:v0300fg10000d3drt27og65jo9j6i0eg'}, 'cover': {'uri': 'tos-cn-p-0015/ocJfeAGt0fdBSL7mRCBR0GGBAgVuCZNgglP3Ik', 'url_list': ['https://p3-pc-sign.douyinpic.com/tos-cn-p-0015/ocJfeAGt0fdBSL7mRCBR0GGBAgVuCZNgglP3Ik~tplv-dy-cropcenter:323:430.jpeg?lk3s=138a59ce&x-expires=2076328800&x-signature=jS6ExIb1EYdxpPWNdoJXpmLTj1I%3D&from=327834062&s=PackSourceEnum_PUBLISH&se=true&sh=323_430&sc=cover&biz_tag=pcweb_cover&l=20251020221329FF810B6B17C3D024C6A3', 'https://p3-pc-sign.douyinpic.com/obj/tos-cn-p-0015/ocJfeAGt0fdBSL7mRCBR0GGBAgVuCZNgglP3Ik?lk3s=138a59ce&x-expires=2076328800&x-signature=MiXepvy%2BweP0sn%2FOle%2BNwm%2FAQlY%3D&from=327834062&s=PackSourceEnum_PUBLISH&se=false&sc=cover&biz_tag=pcweb_cover&l=20251020221329FF810B6B17C3D024C6A3'], 'width': 720, 'height': 720}, 'height': 1920, 'width': 1080, 'dynamic_cover': {'uri': 'tos-cn-p-0015/oIMvBPAmBAD0ijZAibivdjI4bBDIwdpgzPereA', 'url_list': ['https://p3-pc-sign.douyinpic.com/obj/tos-cn-p-0015/oIMvBPAmBAD0ijZAibivdjI4bBDIwdpgzPereA?lk3s=138a59ce&x-expires=1762178400&x-signature=14mnvbjc0gD2Uwk%2Bpc%2BEm%2FH3whY%3D&from=327834062_large&s=PackSourceEnum_PUBLISH&se=false&sc=dynamic_cover&biz_tag=pcweb_cover&l=20251020221329FF810B6B17C3D024C6A3', 'https://p9-pc-sign.douyinpic.com/obj/tos-cn-p-0015/oIMvBPAmBAD0ijZAibivdjI4bBDIwdpgzPereA?lk3s=138a59ce&x-expires=1762178400&x-signature=wHCq31cPirQ8Oe1XD5EFX2iWHqc%3D&from=327834062_large&s=PackSourceEnum_PUBLISH&se=false&sc=dynamic_cover&biz_tag=pcweb_cover&l=20251020221329FF810B6B17C3D024C6A3'], 'width': 720, 'height': 720}, 'origin_cover': {'uri': 'tos-cn-p-0015/okIKb0pA6BdqFgemzZIAPiiAevB2AbALwPdi4D', 'url_list': ['https://p3-pc-sign.douyinpic.com/tos-cn-p-0015/okIKb0pA6BdqFgemzZIAPiiAevB2AbALwPdi4D~tplv-dy-360p.jpeg?lk3s=138a59ce&x-expires=1762178400&x-signature=IcSYfvksiwKZ%2BBz7UMuZylhAerA%3D&from=327834062&s=PackSourceEnum_PUBLISH&se=false&sc=origin_cover&biz_tag=pcweb_cover&l=20251020221329FF810B6B17C3D024C6A3', 'https://p9-pc-sign.douyinpic.com/tos-cn-p-0015/okIKb0pA6BdqFgemzZIAPiiAevB2AbALwPdi4D~tplv-dy-360p.jpeg?lk3s=138a59ce&x-expires=1762178400&x-signature=54dGPgHfnLpxB05xF7XyO6ScgHc%3D&from=327834062&s=PackSourceEnum_PUBLISH&se=false&sc=origin_cover&biz_tag=pcweb_cover&l=20251020221329FF810B6B17C3D024C6A3'], 'width': 360, 'height': 640}, 'ratio': '720p', 'format': 'mp4', 'audio': {'original_sound_infos': None}, 'bit_rate': [{'gear_name': 'normal_720_0', 'quality_type': 10, 'bit_rate': 562875, 'play_addr': {'uri': 'v0300fg10000d3drt27og65jo9j6i0eg', 'url_list': ['https://v5-dy-o-abtest.zjcdn.com/c87a88d92632d469c9dfea539f6b7fdc/68f66def/video/tos/cn/tos-cn-ve-15/os5AdPdbpgceB1DEQZziAiBDvAbiI5bm0AewqP/?a=6383&ch=10010&cr=3&dr=0&lr=all&cd=0%7C0%7C0%7C3&cv=1&br=549&bt=549&cs=0&ds=3&ft=c2YTctGHQPRUZxfusdr~kwPqYldQIKDEE-TerrNqq_45a&mime_type=video_mp4&qs=0&rc=NDloNmdpOGdmMzZmOmYzPEBpajM5PG05cjV1NjMzNGkzM0AuYy9jMjU0XjUxYi5fMDUwYSNiZmdsMmQ0cWFhLS1kLTBzcw%3D%3D&btag=80000e00020000&cquery=100H_100K_100o_101r_100B&dy_q=1760969609&feature_id=fea919893f650a8c49286568590446ef&l=20251020221329FF810B6B17C3D024C6A3', 'https://v5-dy-o-abtest.zjcdn.com/c87a88d92632d469c9dfea539f6b7fdc/68f66def/video/tos/cn/tos-cn-ve-15/os5AdPdbpgceB1DEQZziAiBDvAbiI5bm0AewqP/?a=6383&ch=10010&cr=3&dr=0&lr=all&cd=0%7C0%7C0%7C3&cv=1&br=549&bt=549&cs=0&ds=3&ft=c2YTctGHQPRUZxfusdr~kwPqYldQIKDEE-TerrNqq_45a&mime_type=video_mp4&qs=0&rc=NDloNmdpOGdmMzZmOmYzPEBpajM5PG05cjV1NjMzNGkzM0AuYy9jMjU0XjUxYi5fMDUwYSNiZmdsMmQ0cWFhLS1kLTBzcw%3D%3D&btag=80000e00020000&cquery=100K_100o_101r_100B_100H&dy_q=1760969609&feature_id=fea919893f650a8c49286568590446ef&l=20251020221329FF810B6B17C3D024C6A3', 'https://www.douyin.com/aweme/v1/play/?video_id=v0300fg10000d3drt27og65jo9j6i0eg&line=0&file_id=39803cb71ce3408cad758f5df32ef611&sign=f5637c88eb0e9b60d0387f54e3bbacfa&is_play_url=1&source=PackSourceEnum_PUBLISH'], 'width': 720, 'height': 1280, 'url_key': 'v0300fg10000d3drt27og65jo9j6i0eg_h264_720p_562875', 'data_size': 3837686, 'file_hash': 'f5637c88eb0e9b60d0387f54e3bbacfa', 'file_cs': 'c:0-60741-52ee|d:0-1918842-2672,1918843-3837685-58a1|a:v0300fg10000d3drt27og65jo9j6i0eg'}, 'is_h265': 0, 'is_bytevc1': 0, 'HDR_type': '', 'HDR_bit': '', 'FPS': 30, 'video_extra': '{"PktOffsetMap":"[{\\"time\\": 1, \\"offset\\": 179635}, {\\"time\\": 2, \\"offset\\": 232515}, {\\"time\\": 3, \\"offset\\": 285897}, {\\"time\\": 4, \\"offset\\": 334690}, {\\"time\\": 5, \\"offset\\": 394314}, {\\"time\\": 10, \\"offset\\": 683772}]","format":"mp4","definition":"720p","quality":"normal","file_id":"39803cb71ce3408cad758f5df32ef611","applog_map":{"feature_id":"fea919893f650a8c49286568590446ef"},"audio_channels":"2.0","audio_sample_rate":"44100","audio_metrics":null,"audio_score":null}', 'format': 'mp4'}, {'gear_name': 'low_720_0', 'quality_type': 211, 'bit_rate': 477717, 'play_addr': {'uri': 'v0300fg10000d3drt27og65jo9j6i0eg', 'url_list': ['https://v5-dy-o-abtest.zjcdn.com/9bdd6add7b91439e0703a10de8852984/68f66def/video/tos/cn/tos-cn-ve-15/oU0bzzAtEGddBpwAIiDtCAAYQeiwvDPmJgZBei/?a=6383&ch=10010&cr=3&dr=0&lr=all&cd=0%7C0%7C0%7C3&cv=1&br=466&bt=466&cs=0&ds=3&ft=c2YTctGHQPRUZxfusdr~kwPqYldQIKDEE-TerrNqq_45a&mime_type=video_mp4&qs=1&rc=OTdpOTg0Njc5PDc3Mzw5Z0BpajM5PG05cjV1NjMzNGkzM0AvNV8xYjZgXzQxMl5eYmJiYSNiZmdsMmQ0cWFhLS1kLTBzcw%3D%3D&btag=80000e00020000&cquery=101r_100B_100H_100K_100o&dy_q=1760969609&feature_id=0ea98fd3bdc3c6c14a3d0804cc272721&l=20251020221329FF810B6B17C3D024C6A3', 'https://v5-dy-o-abtest.zjcdn.com/9bdd6add7b91439e0703a10de8852984/68f66def/video/tos/cn/tos-cn-ve-15/oU0bzzAtEGddBpwAIiDtCAAYQeiwvDPmJgZBei/?a=6383&ch=10010&cr=3&dr=0&lr=all&cd=0%7C0%7C0%7C3&cv=1&br=466&bt=466&cs=0&ds=3&ft=c2YTctGHQPRUZxfusdr~kwPqYldQIKDEE-TerrNqq_45a&mime_type=video_mp4&qs=1&rc=OTdpOTg0Njc5PDc3Mzw5Z0BpajM5PG05cjV1NjMzNGkzM0AvNV8xYjZgXzQxMl5eYmJiYSNiZmdsMmQ0cWFhLS1kLTBzcw%3D%3D&btag=80000e00020000&cquery=101r_100B_100H_100K_100o&dy_q=1760969609&feature_id=0ea98fd3bdc3c6c14a3d0804cc272721&l=20251020221329FF810B6B17C3D024C6A3', 'https://www.douyin.com/aweme/v1/play/?video_id=v0300fg10000d3drt27og65jo9j6i0eg&line=0&file_id=ede6e9a0a4544976b4c391e546bf8426&sign=b8d2db8e8004f34cbb505f02905624b5&is_play_url=1&source=PackSourceEnum_PUBLISH'], 'width': 720, 'height': 1280, 'url_key': 'v0300fg10000d3drt27og65jo9j6i0eg_h264_720p_477717', 'data_size': 3257075, 'file_hash': 'b8d2db8e8004f34cbb505f02905624b5', 'file_cs': 'c:0-46388-4976|d:0-1628536-d6cb,1628537-3257074-6b4a|a:v0300fg10000d3drt27og65jo9j6i0eg'}, 'is_h265': 0, 'is_bytevc1': 0, 'HDR_type': '', 'HDR_bit': '', 'FPS': 30, 'video_extra': '{"PktOffsetMap":"[{\\"time\\": 1, \\"offset\\": 157242}, {\\"time\\": 2, \\"offset\\": 202702}, {\\"time\\": 3, \\"offset\\": 243002}, {\\"time\\": 4, \\"offset\\": 284819}, {\\"time\\": 5, \\"offset\\": 330310}, {\\"time\\": 10, \\"offset\\": 572903}]","format":"mp4","definition":"720p","quality":"low","file_id":"ede6e9a0a4544976b4c391e546bf8426","applog_map":{"feature_id":"0ea98fd3bdc3c6c14a3d0804cc272721"},"audio_channels":"2.0","audio_sample_rate":"44100","audio_metrics":null,"audio_score":null}', 'format': 'mp4'}, {'gear_name': 'low_540_0', 'quality_type': 292, 'bit_rate': 438099, 'play_addr': {'uri': 'v0300fg10000d3drt27og65jo9j6i0eg', 'url_list': ['https://v5-dy-o-abtest.zjcdn.com/91b0b4e7ffbf2bbeef53f8949ffafae6/68f66def/video/tos/cn/tos-cn-ve-15/o8CksfGRgLA0RHCt0AIGZ2BLBP3Se7m2RZfOAB/?a=6383&ch=10010&cr=3&dr=0&lr=all&cd=0%7C0%7C0%7C3&cv=1&br=427&bt=427&cs=0&ds=6&ft=c2YTctGHQPRUZxfusdr~kwPqYldQIKDEE-TerrNqq_45a&mime_type=video_mp4&qs=1&rc=OzxpNDk5OjY5OTs6aWVnaUBpajM5PG05cjV1NjMzNGkzM0BiM2I2NGBjNTMxLl4zLTNjYSNiZmdsMmQ0cWFhLS1kLTBzcw%3D%3D&btag=80000e00020000&cquery=101r_100B_100H_100K_100o&dy_q=1760969609&feature_id=0ea98fd3bdc3c6c14a3d0804cc272721&l=20251020221329FF810B6B17C3D024C6A3', 'https://v5-dy-o-abtest.zjcdn.com/91b0b4e7ffbf2bbeef53f8949ffafae6/68f66def/video/tos/cn/tos-cn-ve-15/o8CksfGRgLA0RHCt0AIGZ2BLBP3Se7m2RZfOAB/?a=6383&ch=10010&cr=3&dr=0&lr=all&cd=0%7C0%7C0%7C3&cv=1&br=427&bt=427&cs=0&ds=6&ft=c2YTctGHQPRUZxfusdr~kwPqYldQIKDEE-TerrNqq_45a&mime_type=video_mp4&qs=1&rc=OzxpNDk5OjY5OTs6aWVnaUBpajM5PG05cjV1NjMzNGkzM0BiM2I2NGBjNTMxLl4zLTNjYSNiZmdsMmQ0cWFhLS1kLTBzcw%3D%3D&btag=80000e00020000&cquery=100H_100K_100o_101r_100B&dy_q=1760969609&feature_id=0ea98fd3bdc3c6c14a3d0804cc272721&l=20251020221329FF810B6B17C3D024C6A3', 'https://www.douyin.com/aweme/v1/play/?video_id=v0300fg10000d3drt27og65jo9j6i0eg&line=0&file_id=ff6d0b6fa718466683f7c67691ef69e8&sign=430cd45952c9e21117a32f73e6a57bda&is_play_url=1&source=PackSourceEnum_PUBLISH'], 'width': 576, 'height': 1024, 'url_key': 'v0300fg10000d3drt27og65jo9j6i0eg_h264_540p_438099', 'data_size': 2986960, 'file_hash': '430cd45952c9e21117a32f73e6a57bda', 'file_cs': 'c:0-46372-aabe|d:0-1493479-77e9,1493480-2986959-62b7|a:v0300fg10000d3drt27og65jo9j6i0eg'}, 'is_h265': 0, 'is_bytevc1': 0, 'HDR_type': '', 'HDR_bit': '', 'FPS': 30, 'video_extra': '{"PktOffsetMap":"[{\\"time\\": 1, \\"offset\\": 147116}, {\\"time\\": 2, \\"offset\\": 189036}, {\\"time\\": 3, \\"offset\\": 226312}, {\\"time\\": 4, \\"offset\\": 264924}, {\\"time\\": 5, \\"offset\\": 308861}, {\\"time\\": 10, \\"offset\\": 531666}]","format":"mp4","definition":"540p","quality":"low","file_id":"ff6d0b6fa718466683f7c67691ef69e8","applog_map":{"feature_id":"0ea98fd3bdc3c6c14a3d0804cc272721"},"audio_channels":"2.0","audio_sample_rate":"44100","audio_metrics":null,"audio_score":null}', 'format': 'mp4'}, {'gear_name': 'adapt_low_540_0', 'quality_type': 291, 'bit_rate': 319857, 'play_addr': {'uri': 'v0300fg10000d3drt27og65jo9j6i0eg', 'url_list': ['https://v5-dy-o-abtest.zjcdn.com/5534e3a2c0a738fc17a9b67afca5f20f/68f66def/video/tos/cn/tos-cn-ve-15/owAtiweiFmeZQEnIKBi0AtHBgdDACAdvPdbApz/?a=6383&ch=10010&cr=3&dr=0&lr=all&cd=0%7C0%7C0%7C3&cv=1&br=312&bt=312&cs=0&ds=6&ft=c2YTctGHQPRUZxfusdr~kwPqYldQIKDEE-TerrNqq_45a&mime_type=video_mp4&qs=12&rc=Mzk4MzdnNzQ7N2VpOzllaEBpajM5PG05cjV1NjMzNGkzM0BjLWM0M15hNmAxNTVhMV8uYSNiZmdsMmQ0cWFhLS1kLTBzcw%3D%3D&btag=80000e00020000&cquery=100H_100K_100o_101r_100B&dy_q=1760969609&feature_id=0ea98fd3bdc3c6c14a3d0804cc272721&l=20251020221329FF810B6B17C3D024C6A3', 'https://v5-dy-o-abtest.zjcdn.com/5534e3a2c0a738fc17a9b67afca5f20f/68f66def/video/tos/cn/tos-cn-ve-15/owAtiweiFmeZQEnIKBi0AtHBgdDACAdvPdbApz/?a=6383&ch=10010&cr=3&dr=0&lr=all&cd=0%7C0%7C0%7C3&cv=1&br=312&bt=312&cs=0&ds=6&ft=c2YTctGHQPRUZxfusdr~kwPqYldQIKDEE-TerrNqq_45a&mime_type=video_mp4&qs=12&rc=Mzk4MzdnNzQ7N2VpOzllaEBpajM5PG05cjV1NjMzNGkzM0BjLWM0M15hNmAxNTVhMV8uYSNiZmdsMmQ0cWFhLS1kLTBzcw%3D%3D&btag=80000e00020000&cquery=100o_101r_100B_100H_100K&dy_q=1760969609&feature_id=0ea98fd3bdc3c6c14a3d0804cc272721&l=20251020221329FF810B6B17C3D024C6A3', 'https://www.douyin.com/aweme/v1/play/?video_id=v0300fg10000d3drt27og65jo9j6i0eg&line=0&file_id=1ebb46d88f8b44c891d4ad6470f506f0&sign=fe5833ced4b93d5f4f58c49faaad141b&is_play_url=1&source=PackSourceEnum_PUBLISH'], 'width': 576, 'height': 1024, 'url_key': 'v0300fg10000d3drt27og65jo9j6i0eg_h264_540p_319857', 'data_size': 2180788, 'file_hash': 'fe5833ced4b93d5f4f58c49faaad141b', 'file_cs': 'c:0-46387-7cd8|d:0-1090393-a836,1090394-2180787-7816|a:v0300fg10000d3drt27og65jo9j6i0eg'}, 'is_h265': 0, 'is_bytevc1': 0, 'HDR_type': '', 'HDR_bit': '', 'FPS': 30, 'video_extra': '{"PktOffsetMap":"[{\\"time\\": 1, \\"offset\\": 120254}, {\\"time\\": 2, \\"offset\\": 151103}, {\\"time\\": 3, \\"offset\\": 178164}, {\\"time\\": 4, \\"offset\\": 205895}, {\\"time\\": 5, \\"offset\\": 236050}, {\\"time\\": 10, \\"offset\\": 399070}]","format":"mp4","definition":"540p","quality":"adapt_low","file_id":"1ebb46d88f8b44c891d4ad6470f506f0","applog_map":{"feature_id":"0ea98fd3bdc3c6c14a3d0804cc272721"},"audio_channels":"2.0","audio_sample_rate":"44100","audio_metrics":null,"audio_score":null}', 'format': 'mp4'}, {'gear_name': 'adapt_lowest_1080_1', 'quality_type': 2, 'bit_rate': 258393, 'play_addr': {'uri': 'v0300fg10000d3drt27og65jo9j6i0eg', 'url_list': ['https://v5-dy-o-abtest.zjcdn.com/dbdf05f85a4df04276d7102da01fdd21/68f66def/video/tos/cn/tos-cn-ve-15/oIAQbipiebwUB6KBePmBdoAzgDiMAjrEA0jZId/?a=6383&ch=10010&cr=3&dr=0&lr=all&cd=0%7C0%7C0%7C3&cv=1&br=252&bt=252&cs=2&ds=4&ft=c2YTctGHQPRUZxfusdr~kwPqYldQIKDEE-TerrNqq_45a&mime_type=video_mp4&qs=15&rc=OmVmO2U6Njg4MzQ6Mzs0OEBpajM5PG05cjV1NjMzNGkzM0BfXjY0My1hNV4xMi9iNjBjYSNiZmdsMmQ0cWFhLS1kLTBzcw%3D%3D&btag=80000e00020000&cquery=100K_100o_101r_100B_100H&dy_q=1760969609&feature_id=b38008770b4e09863331b14b26bcdc23&l=20251020221329FF810B6B17C3D024C6A3', 'https://v5-dy-o-abtest.zjcdn.com/dbdf05f85a4df04276d7102da01fdd21/68f66def/video/tos/cn/tos-cn-ve-15/oIAQbipiebwUB6KBePmBdoAzgDiMAjrEA0jZId/?a=6383&ch=10010&cr=3&dr=0&lr=all&cd=0%7C0%7C0%7C3&cv=1&br=252&bt=252&cs=2&ds=4&ft=c2YTctGHQPRUZxfusdr~kwPqYldQIKDEE-TerrNqq_45a&mime_type=video_mp4&qs=15&rc=OmVmO2U6Njg4MzQ6Mzs0OEBpajM5PG05cjV1NjMzNGkzM0BfXjY0My1hNV4xMi9iNjBjYSNiZmdsMmQ0cWFhLS1kLTBzcw%3D%3D&btag=80000e00020000&cquery=100K_100o_101r_100B_100H&dy_q=1760969609&feature_id=b38008770b4e09863331b14b26bcdc23&l=20251020221329FF810B6B17C3D024C6A3', 'https://www.douyin.com/aweme/v1/play/?video_id=v0300fg10000d3drt27og65jo9j6i0eg&line=0&file_id=f53198e0275140a585d3076b789cabb7&sign=fad3aeef5d20083cf595d1c428fc348c&is_play_url=1&source=PackSourceEnum_PUBLISH'], 'width': 1080, 'height': 1920, 'url_key': 'v0300fg10000d3drt27og65jo9j6i0eg_bytevc1_1080p_258393', 'data_size': 1761726, 'file_hash': 'fad3aeef5d20083cf595d1c428fc348c', 'file_cs': 'c:0-46569-1bf2|d:0-880862-6c07,880863-1761725-3494|a:v0300fg10000d3drt27og65jo9j6i0eg'}, 'is_h265': 1, 'is_bytevc1': 1, 'HDR_type': '', 'HDR_bit': '', 'FPS': 30, 'video_extra': '{"PktOffsetMap":"[{\\"time\\": 1, \\"offset\\": 108122}, {\\"time\\": 2, \\"offset\\": 132372}, {\\"time\\": 3, \\"offset\\": 157937}, {\\"time\\": 4, \\"offset\\": 179771}, {\\"time\\": 5, \\"offset\\": 204742}, {\\"time\\": 10, \\"offset\\": 340684}]","format":"mp4","definition":"1080p","quality":"adapt_lowest","file_id":"f53198e0275140a585d3076b789cabb7","applog_map":{"feature_id":"b38008770b4e09863331b14b26bcdc23"},"mvmaf":"{\\"mvmaf_sr_v1080\\":98.613,\\"mvmaf_sr_v960\\":98.551,\\"mvmaf_sr_v864\\":99.056,\\"mvmaf_sr_v720\\":99.13,\\"mvmaf_ori_v1080\\":93.231,\\"mvmaf_ori_v960\\":93.454,\\"mvmaf_ori_v864\\":94.016,\\"mvmaf_ori_v720\\":94.737}","ufq":"{\\"enh\\":93.99,\\"playback\\":{\\"ori\\":91.221,\\"srv1\\":93.573},\\"src\\":93.99,\\"trans\\":91.221,\\"version\\":\\"v1.0\\"}","audio_channels":"2.0","audio_sample_rate":"44100","audio_metrics":null,"audio_score":null}', 'format': 'mp4'}, {'gear_name': 'adapt_lowest_720_1', 'quality_type': 15, 'bit_rate': 256321, 'play_addr': {'uri': 'v0300fg10000d3drt27og65jo9j6i0eg', 'url_list': ['https://v5-dy-o-abtest.zjcdn.com/40a66ab7713d384f1808144573ea79fa/68f66def/video/tos/cn/tos-cn-ve-15/oMrIDEw8gAexAwzAeiPmd0BBNBb2diApdqZiQb/?a=6383&ch=10010&cr=3&dr=0&lr=all&cd=0%7C0%7C0%7C3&cv=1&br=250&bt=250&cs=2&ds=3&ft=c2YTctGHQPRUZxfusdr~kwPqYldQIKDEE-TerrNqq_45a&mime_type=video_mp4&qs=15&rc=ODZpPDY0NWZlODU4OWhlNEBpajM5PG05cjV1NjMzNGkzM0A0NDYvNWBeNTAxL2EwMjFeYSNiZmdsMmQ0cWFhLS1kLTBzcw%3D%3D&btag=80000e00020000&cquery=101r_100B_100H_100K_100o&dy_q=1760969609&feature_id=b38008770b4e09863331b14b26bcdc23&l=20251020221329FF810B6B17C3D024C6A3', 'https://v5-dy-o-abtest.zjcdn.com/40a66ab7713d384f1808144573ea79fa/68f66def/video/tos/cn/tos-cn-ve-15/oMrIDEw8gAexAwzAeiPmd0BBNBb2diApdqZiQb/?a=6383&ch=10010&cr=3&dr=0&lr=all&cd=0%7C0%7C0%7C3&cv=1&br=250&bt=250&cs=2&ds=3&ft=c2YTctGHQPRUZxfusdr~kwPqYldQIKDEE-TerrNqq_45a&mime_type=video_mp4&qs=15&rc=ODZpPDY0NWZlODU4OWhlNEBpajM5PG05cjV1NjMzNGkzM0A0NDYvNWBeNTAxL2EwMjFeYSNiZmdsMmQ0cWFhLS1kLTBzcw%3D%3D&btag=80000e00020000&cquery=101r_100B_100H_100K_100o&dy_q=1760969609&feature_id=b38008770b4e09863331b14b26bcdc23&l=20251020221329FF810B6B17C3D024C6A3', 'https://www.douyin.com/aweme/v1/play/?video_id=v0300fg10000d3drt27og65jo9j6i0eg&line=0&file_id=a14b5e36d522453b8ca2c183299f7375&sign=90ea3132d907f0fb7e37ceb5d3242eb1&is_play_url=1&source=PackSourceEnum_PUBLISH'], 'width': 720, 'height': 1280, 'url_key': 'v0300fg10000d3drt27og65jo9j6i0eg_bytevc1_720p_256321', 'data_size': 1747597, 'file_hash': '90ea3132d907f0fb7e37ceb5d3242eb1', 'file_cs': 'c:0-46570-ec0b|d:0-873797-1aaf,873798-1747596-486d|a:v0300fg10000d3drt27og65jo9j6i0eg'}, 'is_h265': 1, 'is_bytevc1': 1, 'HDR_type': '', 'HDR_bit': '', 'FPS': 30, 'video_extra': '{"PktOffsetMap":"[{\\"time\\": 1, \\"offset\\": 106942}, {\\"time\\": 2, \\"offset\\": 130770}, {\\"time\\": 3, \\"offset\\": 158878}, {\\"time\\": 4, \\"offset\\": 181982}, {\\"time\\": 5, \\"offset\\": 208968}, {\\"time\\": 10, \\"offset\\": 340448}]","format":"mp4","definition":"720p","quality":"adapt_lowest","file_id":"a14b5e36d522453b8ca2c183299f7375","applog_map":{"feature_id":"b38008770b4e09863331b14b26bcdc23"},"mvmaf":"{\\"mvmaf_sr_v1080\\":98.972,\\"mvmaf_sr_v960\\":99.401,\\"mvmaf_sr_v864\\":99.748,\\"mvmaf_sr_v720\\":99.824,\\"mvmaf_ori_v1080\\":88.974,\\"mvmaf_ori_v960\\":91.46,\\"mvmaf_ori_v864\\":92.599,\\"mvmaf_ori_v720\\":95.044}","ufq":"{\\"enh\\":93.99,\\"playback\\":{\\"ori\\":86.964,\\"srv1\\":93.645},\\"src\\":93.99,\\"trans\\":86.964,\\"version\\":\\"v1.0\\"}","audio_channels":"2.0","audio_sample_rate":"44100","audio_metrics":null,"audio_score":null}', 'format': 'mp4'}, {'gear_name': 'adapt_540_1', 'quality_type': 28, 'bit_rate': 239132, 'play_addr': {'uri': 'v0300fg10000d3drt27og65jo9j6i0eg', 'url_list': ['https://v5-dy-o-abtest.zjcdn.com/4a378cf8a96dfb2388759d09c3f3c5c9/68f66def/video/tos/cn/tos-cn-ve-15/o0E9zeI3nGRMHmDSBgf6FhADg6QAZDVIA72ogA/?a=6383&ch=10010&cr=3&dr=0&lr=all&cd=0%7C0%7C0%7C3&cv=1&br=233&bt=233&cs=2&ds=6&ft=c2YTctGHQPRUZxfusdr~kwPqYldQIKDEE-TerrNqq_45a&mime_type=video_mp4&qs=11&rc=OWY1NzM7NDQ8M2ZmPGZkZ0BpajM5PG05cjV1NjMzNGkzM0AyYTY2Ni41XjAxYi8vLS4uYSNiZmdsMmQ0cWFhLS1kLTBzcw%3D%3D&btag=80000e00020000&cquery=100H_100K_100o_101r_100B&dy_q=1760969609&feature_id=b38008770b4e09863331b14b26bcdc23&l=20251020221329FF810B6B17C3D024C6A3', 'https://v5-dy-o-abtest.zjcdn.com/4a378cf8a96dfb2388759d09c3f3c5c9/68f66def/video/tos/cn/tos-cn-ve-15/o0E9zeI3nGRMHmDSBgf6FhADg6QAZDVIA72ogA/?a=6383&ch=10010&cr=3&dr=0&lr=all&cd=0%7C0%7C0%7C3&cv=1&br=233&bt=233&cs=2&ds=6&ft=c2YTctGHQPRUZxfusdr~kwPqYldQIKDEE-TerrNqq_45a&mime_type=video_mp4&qs=11&rc=OWY1NzM7NDQ8M2ZmPGZkZ0BpajM5PG05cjV1NjMzNGkzM0AyYTY2Ni41XjAxYi8vLS4uYSNiZmdsMmQ0cWFhLS1kLTBzcw%3D%3D&btag=80000e00020000&cquery=101r_100B_100H_100K_100o&dy_q=1760969609&feature_id=b38008770b4e09863331b14b26bcdc23&l=20251020221329FF810B6B17C3D024C6A3', 'https://www.douyin.com/aweme/v1/play/?video_id=v0300fg10000d3drt27og65jo9j6i0eg&line=0&file_id=1d1a0c292cec4039a18118909492dc56&sign=ea85aa9ff73ca0755667a9aa4d26bce8&is_play_url=1&source=PackSourceEnum_PUBLISH'], 'width': 576, 'height': 1024, 'url_key': 'v0300fg10000d3drt27og65jo9j6i0eg_bytevc1_540p_239132', 'data_size': 1630406, 'file_hash': 'ea85aa9ff73ca0755667a9aa4d26bce8', 'file_cs': 'c:0-46570-fab4|d:0-815202-325d,815203-1630405-b0b0|a:v0300fg10000d3drt27og65jo9j6i0eg'}, 'is_h265': 1, 'is_bytevc1': 1, 'HDR_type': '', 'HDR_bit': '', 'FPS': 30, 'video_extra': '{"PktOffsetMap":"[{\\"time\\": 1, \\"offset\\": 99830}, {\\"time\\": 2, \\"offset\\": 120775}, {\\"time\\": 3, \\"offset\\": 144739}, {\\"time\\": 4, \\"offset\\": 166843}, {\\"time\\": 5, \\"offset\\": 195563}, {\\"time\\": 10, \\"offset\\": 316088}]","format":"mp4","definition":"540p","quality":"adapt","file_id":"1d1a0c292cec4039a18118909492dc56","applog_map":{"feature_id":"b38008770b4e09863331b14b26bcdc23"},"mvmaf":"{\\"mvmaf_sr_v1080\\":97.028,\\"mvmaf_sr_v960\\":98.539,\\"mvmaf_sr_v864\\":99.104,\\"mvmaf_sr_v720\\":99.624,\\"mvmaf_ori_v1080\\":84.23,\\"mvmaf_ori_v960\\":87.097,\\"mvmaf_ori_v864\\":88.804,\\"mvmaf_ori_v720\\":91.725}","ufq":"{\\"enh\\":93.99,\\"playback\\":{\\"ori\\":82.412,\\"srv1\\":93.256},\\"src\\":93.99,\\"trans\\":82.412,\\"version\\":\\"v1.0\\"}","audio_channels":"2.0","audio_sample_rate":"44100","audio_metrics":null,"audio_score":null}', 'format': 'mp4'}], 'duration': 54544, 'play_addr_265': {'uri': 'v0300fg10000d3drt27og65jo9j6i0eg', 'url_list': ['https://v5-dy-o-abtest.zjcdn.com/4a378cf8a96dfb2388759d09c3f3c5c9/68f66def/video/tos/cn/tos-cn-ve-15/o0E9zeI3nGRMHmDSBgf6FhADg6QAZDVIA72ogA/?a=6383&ch=10010&cr=3&dr=0&lr=all&cd=0%7C0%7C0%7C3&cv=1&br=233&bt=233&cs=2&ds=6&ft=c2YTctGHQPRUZxfusdr~kwPqYldQIKDEE-TerrNqq_45a&mime_type=video_mp4&qs=11&rc=OWY1NzM7NDQ8M2ZmPGZkZ0BpajM5PG05cjV1NjMzNGkzM0AyYTY2Ni41XjAxYi8vLS4uYSNiZmdsMmQ0cWFhLS1kLTBzcw%3D%3D&btag=80000e00020000&cquery=100H_100K_100o_101r_100B&dy_q=1760969609&feature_id=b38008770b4e09863331b14b26bcdc23&l=20251020221329FF810B6B17C3D024C6A3', 'https://v5-dy-o-abtest.zjcdn.com/4a378cf8a96dfb2388759d09c3f3c5c9/68f66def/video/tos/cn/tos-cn-ve-15/o0E9zeI3nGRMHmDSBgf6FhADg6QAZDVIA72ogA/?a=6383&ch=10010&cr=3&dr=0&lr=all&cd=0%7C0%7C0%7C3&cv=1&br=233&bt=233&cs=2&ds=6&ft=c2YTctGHQPRUZxfusdr~kwPqYldQIKDEE-TerrNqq_45a&mime_type=video_mp4&qs=11&rc=OWY1NzM7NDQ8M2ZmPGZkZ0BpajM5PG05cjV1NjMzNGkzM0AyYTY2Ni41XjAxYi8vLS4uYSNiZmdsMmQ0cWFhLS1kLTBzcw%3D%3D&btag=80000e00020000&cquery=101r_100B_100H_100K_100o&dy_q=1760969609&feature_id=b38008770b4e09863331b14b26bcdc23&l=20251020221329FF810B6B17C3D024C6A3', 'https://www.douyin.com/aweme/v1/play/?video_id=v0300fg10000d3drt27og65jo9j6i0eg&line=0&file_id=1d1a0c292cec4039a18118909492dc56&sign=ea85aa9ff73ca0755667a9aa4d26bce8&is_play_url=1&source=PackSourceEnum_PUBLISH'], 'width': 576, 'height': 1024, 'url_key': 'v0300fg10000d3drt27og65jo9j6i0eg_bytevc1_540p_239132', 'data_size': 1630406, 'file_hash': 'ea85aa9ff73ca0755667a9aa4d26bce8', 'file_cs': 'c:0-46570-fab4|d:0-815202-325d,815203-1630405-b0b0|a:v0300fg10000d3drt27og65jo9j6i0eg'}, 'bit_rate_audio': None, 'play_addr_h264': {'uri': 'v0300fg10000d3drt27og65jo9j6i0eg', 'url_list': ['https://v5-dy-o-abtest.zjcdn.com/c87a88d92632d469c9dfea539f6b7fdc/68f66def/video/tos/cn/tos-cn-ve-15/os5AdPdbpgceB1DEQZziAiBDvAbiI5bm0AewqP/?a=6383&ch=10010&cr=3&dr=0&lr=all&cd=0%7C0%7C0%7C3&cv=1&br=549&bt=549&cs=0&ds=3&ft=c2YTctGHQPRUZxfusdr~kwPqYldQIKDEE-TerrNqq_45a&mime_type=video_mp4&qs=0&rc=NDloNmdpOGdmMzZmOmYzPEBpajM5PG05cjV1NjMzNGkzM0AuYy9jMjU0XjUxYi5fMDUwYSNiZmdsMmQ0cWFhLS1kLTBzcw%3D%3D&btag=80000e00020000&cquery=100H_100K_100o_101r_100B&dy_q=1760969609&feature_id=fea919893f650a8c49286568590446ef&l=20251020221329FF810B6B17C3D024C6A3', 'https://v5-dy-o-abtest.zjcdn.com/c87a88d92632d469c9dfea539f6b7fdc/68f66def/video/tos/cn/tos-cn-ve-15/os5AdPdbpgceB1DEQZziAiBDvAbiI5bm0AewqP/?a=6383&ch=10010&cr=3&dr=0&lr=all&cd=0%7C0%7C0%7C3&cv=1&br=549&bt=549&cs=0&ds=3&ft=c2YTctGHQPRUZxfusdr~kwPqYldQIKDEE-TerrNqq_45a&mime_type=video_mp4&qs=0&rc=NDloNmdpOGdmMzZmOmYzPEBpajM5PG05cjV1NjMzNGkzM0AuYy9jMjU0XjUxYi5fMDUwYSNiZmdsMmQ0cWFhLS1kLTBzcw%3D%3D&btag=80000e00020000&cquery=100K_100o_101r_100B_100H&dy_q=1760969609&feature_id=fea919893f650a8c49286568590446ef&l=20251020221329FF810B6B17C3D024C6A3', 'https://www.douyin.com/aweme/v1/play/?video_id=v0300fg10000d3drt27og65jo9j6i0eg&line=0&file_id=39803cb71ce3408cad758f5df32ef611&sign=f5637c88eb0e9b60d0387f54e3bbacfa&is_play_url=1&source=PackSourceEnum_PUBLISH'], 'width': 720, 'height': 1280, 'url_key': 'v0300fg10000d3drt27og65jo9j6i0eg_h264_720p_562875', 'data_size': 3837686, 'file_hash': 'f5637c88eb0e9b60d0387f54e3bbacfa', 'file_cs': 'c:0-60741-52ee|d:0-1918842-2672,1918843-3837685-58a1|a:v0300fg10000d3drt27og65jo9j6i0eg'}, 'raw_cover': {'uri': 'tos-cn-p-0015/ocJfeAGt0fdBSL7mRCBR0GGBAgVuCZNgglP3Ik', 'url_list': ['https://p3-pc-sign.douyinpic.com/tos-cn-p-0015/ocJfeAGt0fdBSL7mRCBR0GGBAgVuCZNgglP3Ik~tplv-dy-cropcenter:323:430.jpeg?lk3s=138a59ce&x-expires=2076328800&x-signature=jS6ExIb1EYdxpPWNdoJXpmLTj1I%3D&from=327834062&s=PackSourceEnum_PUBLISH&se=true&sh=323_430&sc=cover&biz_tag=pcweb_cover&l=20251020221329FF810B6B17C3D024C6A3', 'https://p3-pc-sign.douyinpic.com/obj/tos-cn-p-0015/ocJfeAGt0fdBSL7mRCBR0GGBAgVuCZNgglP3Ik?lk3s=138a59ce&x-expires=2076328800&x-signature=MiXepvy%2BweP0sn%2FOle%2BNwm%2FAQlY%3D&from=327834062&s=PackSourceEnum_PUBLISH&se=false&sc=cover&biz_tag=pcweb_cover&l=20251020221329FF810B6B17C3D024C6A3'], 'width': 720, 'height': 720}, 'animated_cover': {'uri': 'tos-cn-p-0015/oAAbiwei6meZAIPI9Bi0AvbBgdDMxA94PdbApz', 'url_list': ['https://p3-pc-sign.douyinpic.com/obj/tos-cn-p-0015/oAAbiwei6meZAIPI9Bi0AvbBgdDMxA94PdbApz?lk3s=138a59ce&x-expires=1762178400&x-signature=ashpMNw0BhvdurEewHMOwjASVzc%3D&from=327834062_large&s=PackSourceEnum_PUBLISH&se=false&sc=dynamic_cover&biz_tag=pcweb_cover&l=20251020221329FF810B6B17C3D024C6A3', 'https://p9-pc-sign.douyinpic.com/obj/tos-cn-p-0015/oAAbiwei6meZAIPI9Bi0AvbBgdDMxA94PdbApz?lk3s=138a59ce&x-expires=1762178400&x-signature=IZ0RxqpeJKLFPd0xjl9U7xmZwxk%3D&from=327834062_large&s=PackSourceEnum_PUBLISH&se=false&sc=dynamic_cover&biz_tag=pcweb_cover&l=20251020221329FF810B6B17C3D024C6A3']}, 'gaussian_cover': {'uri': 'tos-cn-p-0015/okIKb0pA6BdqFgemzZIAPiiAevB2AbALwPdi4D', 'url_list': ['https://p3-pc-sign.douyinpic.com/tos-cn-p-0015/okIKb0pA6BdqFgemzZIAPiiAevB2AbALwPdi4D~tplv-tsj2vxp0zn-gaosi:40.jpeg?lk3s=138a59ce&x-expires=1792504800&x-signature=OoDFdZza%2BqH9CH0Q6%2BKuFuYFb68%3D&from=327834062', 'https://p9-pc-sign.douyinpic.com/tos-cn-p-0015/okIKb0pA6BdqFgemzZIAPiiAevB2AbALwPdi4D~tplv-tsj2vxp0zn-gaosi:40.jpeg?lk3s=138a59ce&x-expires=1792504800&x-signature=l4gZ%2B2RQUt1m2RioUKGeqVujQc4%3D&from=327834062'], 'width': 720, 'height': 720}, 'meta': '{"enable_manual_ladder":"1","format":"mp4","gear_vqm":"{\\"1080p_720p\\":0,\\"720p_540p\\":2}","hrids":"500000002","is_spatial_video":"0","isad":"0","loudness":"-13","peak":"0.72444","qprf":"1.000","sdgs":"[\\"normal_720_0\\",\\"low_720_0\\",\\"low_540_0\\",\\"adapt_low_540_0\\",\\"adapt_lowest_1080_1\\",\\"adapt_lowest_720_1\\",\\"adapt_540_1\\"]","sr_potential":"{\\"v1.0\\":{\\"score\\":53.48}}","sr_score":"1.000","strategy_tokens":"[\\"online\\",\\"sexp_reward01_0721\\",\\"sexp_0702_0819\\",\\"sexp_0701_0819\\",\\"sexp_reward02_0721\\"]","title_info":"{\\"avg_br_pc\\":221,\\"bottom_res_add\\":[0,0,0,26.64,44.86,0,0,0,0,0,0,0,0,0,0],\\"bullet_zone\\":18.79,\\"mean_br_l\\":[240.13,232.27,224.23,215.89,207.14,197.51],\\"pc60_br_l\\":[244.54,236.02,227.46,218.5,209.25,199.46],\\"progress_bar\\":[244,244,244],\\"ratio_br_l\\":[244.53,236.02,227.45,218.33,209.12,199.33],\\"ratio_br_l_thre220\\":[0.98,0.79,0.6,0.48,0.4,0.34],\\"ratio_edge_l\\":[0,0,0,0.13,0.11,0.14],\\"std_br_l\\":[32.38,25.69,18.61,14.4,11.23,9.04],\\"top_res_add\\":[0,0,0,0,19.5,35.91,14.64],\\"version\\":\\"v1.0\\"}","volume_info":"{\\"LoudnessRange\\":13.5,\\"MaximumMomentaryLoudness\\":-4.6,\\"MaximumShortTermLoudness\\":-8.6,\\"Peak\\":0.72444,\\"Version\\":2,\\"Loudness\\":-13,\\"LoudnessRangeEnd\\":-9.1,\\"LoudnessRangeStart\\":-22.6,\\"Metrics\\":{\\"RMSStats\\":{\\"LRDiff\\":-0.072,\\"LTotal\\":-17.398,\\"Peak\\":-2.806,\\"RTotal\\":-17.326},\\"Version\\":\\"1.4.2\\",\\"Loudness\\":{\\"Integrated\\":-13.041},\\"Phase\\":{\\"RMSDownmixDiff\\":-0.038}}}","vqs_origin":"76.08"}', 'video_model': '', 'is_source_HDR': 0, 'big_thumbs': [{'img_num': 55, 'uri': 'tos-cn-p-0015/oct7GIAmgCRJkvBwgCulBGLqZt0qfBe3PxAf0R', 'img_url': 'https://p3-sign.douyinpic.com/tos-cn-p-0015/oct7GIAmgCRJkvBwgCulBGLqZt0qfBe3PxAf0R~tplv-noop.image?cquery=100B_100H_100K_100o_101r&dy_q=1760969609&l=20251020221329FF810B6B17C3D024C6A3&x-expires=1760980463&x-signature=c0hjkZYC%2FJ40sTx%2FVE3BfnjwkS0%3D', 'img_x_size': 136, 'img_y_size': 240, 'img_x_len': 5, 'img_y_len': 5, 'duration': 54.533333, 'interval': 1, 'fext': 'jpg', 'uris': ['tos-cn-p-0015/oct7GIAmgCRJkvBwgCulBGLqZt0qfBe3PxAf0R', 'tos-cn-p-0015/osie4XU0bAbpAAiCizmdPevBDdbPIiZJAwdgIB', 'tos-cn-p-0015/oEgFe7CRrtuf0LkKP0dGwACBGBBeARC3mgBZI3'], 'img_urls': ['https://p3-sign.douyinpic.com/tos-cn-p-0015/oct7GIAmgCRJkvBwgCulBGLqZt0qfBe3PxAf0R~tplv-noop.image?cquery=100B_100H_100K_100o_101r&dy_q=1760969609&l=20251020221329FF810B6B17C3D024C6A3&x-expires=1760980463&x-signature=c0hjkZYC%2FJ40sTx%2FVE3BfnjwkS0%3D', 'https://p3-sign.douyinpic.com/tos-cn-p-0015/osie4XU0bAbpAAiCizmdPevBDdbPIiZJAwdgIB~tplv-noop.image?cquery=100H_100K_100o_101r_100B&dy_q=1760969609&l=20251020221329FF810B6B17C3D024C6A3&x-expires=1760980463&x-signature=BNKKw41q8XLxmgZ1JIhfw8SXzeI%3D', 'https://p3-sign.douyinpic.com/tos-cn-p-0015/oEgFe7CRrtuf0LkKP0dGwACBGBBeARC3mgBZI3~tplv-noop.image?cquery=100H_100K_100o_101r_100B&dy_q=1760969609&l=20251020221329FF810B6B17C3D024C6A3&x-expires=1760980463&x-signature=6f9TkGG5goKiJjR4OBpinDHQlU4%3D']}]}, 'item_aigc_follow_shot': 1, 'user_digged': 0, 'statistics': {'recommend_count': 3, 'comment_count': 1, 'digg_count': 84, 'admire_count': 0, 'play_count': 0, 'share_count': 15, 'collect_count': 44}, 'status': {'not_allow_soft_del_reason': 'ab', 'is_delete': False, 'allow_share': True, 'review_result': {'review_status': 0}, 'allow_friend_recommend_guide': True, 'part_see': 0, 'private_status': 0, 'listen_video_status': 2, 'in_reviewing': False, 'allow_self_recommend_to_friend': True, 'allow_friend_recommend': True, 'is_prohibited': False, 'enable_soft_delete': 0}, 'personal_page_botton_diagnose_style': 0, 'text_extra': [], 'is_top': 0, 'game_tag_info': {'is_game': False}, 'share_info': {'share_url': 'https://www.iesdouyin.com/share/video/7555843286871624975/?region=US&mid=7376172372692617243&u_code=0&did=MS4wLjABAAAAvCMmrvAxedjvycgJ9K0iX5KdtDHpyq-etIWoeicy6xniB0XMxRYv3S-CyP_GdsPs&iid=MS4wLjABAAAANwkJuWIRFOzg5uCpDRpMj4OX-QryoDgn-yYlXQnRwQQ&with_sec_did=1&video_share_track_ver=&titleType=title&share_sign=AgXSwcckpUKT0yeZQkqmV1yyTLdcwm0myIpR2epI.qI-&share_version=290100&ts=1760969609&from_aid=6383&from_ssr=1&share_track_info=%7B%22link_description_type%22%3A%22%22%7D', 'share_link_desc': '6.43 H@i.Pk 10/24 DHv:/ 告诉孩子真话比抱怨更有力量 “我都不想当妈妈了”—— 这句话藏着多少妈妈的崩溃！ 换种说法，孩子反而更懂事… # 幼儿教育# 父母课堂# 育儿# 亲子关系# 家庭教育# 孙瑞雪  %s 复制此链接，打开Dou音搜索，直接观看视频！'}, 'nearby_hot_comment': None, 'video_labels': None, 'entertainment_video_paid_way': {'paid_ways': [], 'paid_type': 0, 'enable_use_new_ent_data': False}, 'is_ads': False, 'duration': 54544, 'aweme_type': 0, 'select_anchor_expanded_content': 0, 'ai_follow_images': None, 'image_infos': None, 'risk_infos': {'vote': False, 'warn': False, 'risk_sink': False, 'type': 0, 'content': ''}, 'galileo_pad_textcrop': {'ipad_d_h_cut_ratio': [4, 5], 'ipad_d_v_cut_ratio': [1, 2], 'android_d_h_cut_ratio': [5], 'android_d_v_cut_ratio': None, 'version': 1}, 'ent_log_extra': {'log_extra': '{"global_log_extra":null,"page_log_extra":null,"aweme_log_extra":{"ce_current_group_id":"7555843286871624975","author_id":"1965574329213736"},"extra_log_extra":null}'}, 'position': None, 'uniqid_position': None, 'comment_list': None, 'author_user_id': 1965574329213736, 'product_genre_info': {'product_genre_type': 2, 'material_genre_sub_type_set': [4], 'special_info': {'recommend_group_name': 0}}, 'geofencing': [], 'series_basic_info': {}, 'is_moment_history': 0, 'region': '', 'video_text': None, 'trends_infos': None, 'collect_stat': 0, 'label_top_text': None, 'promotions': [], 'group_id': '7555843286871624975', 'prevent_download': False, 'nickname_position': None, 'challenge_position': None, 'entertainment_video_type': 3, 'is_24_story': 0, 'enable_comment_sticker_rec': False, 'long_video': None, 'shoot_way': '', 'trends_event_track': '{}', 'video_share_edit_status': 0, 'follow_shoot_clip_info': {'clip_video_all': 7555843210469903140, 'clip_from_platform': 7376172372692617243, 'origin_clip_id': 7376172372692617243}, 'interaction_stickers': None, 'publish_plus_alienation': {'alienation_type': 0}, 'origin_comment_ids': None, 'commerce_config_data': None, 'caption_template_id': 0, 'video_control': {'allow_download': False, 'share_type': 0, 'show_progress_bar': 1, 'draft_progress_bar': 1, 'allow_duet': True, 'allow_react': True, 'prevent_download_type': 2, 'allow_dynamic_wallpaper': False, 'timer_status': 1, 'allow_music': True, 'allow_stitch': True, 'allow_douplus': True, 'allow_share': True, 'share_grayed': False, 'download_ignore_visibility': False, 'duet_ignore_visibility': False, 'share_ignore_visibility': False, 'download_info': {'level': 1, 'fail_info': {'code': 290002, 'reason': 'isolation_content', 'msg': '视频暂时无法保存，链接已复制'}}, 'duet_info': {'level': 0}, 'allow_record': True, 'disable_record_reason': '', 'timer_info': {'public_time': 1759239300, 'timer_status': 0}}, 'aweme_control': {'can_forward': True, 'can_share': True, 'can_comment': True, 'can_show_comment': True}, 'douplus_user_type': 0, 'is_25_story': 0, 'can_cache_to_local': True, 'is_moment_story': 0, 'anchors': None, 'hybrid_label': None, 'geofencing_regions': None, 'interest_points': None, 'aweme_acl': {'download_mask_panel': {'code': 1, 'show_type': 0}}, 'aweme_type_tags': '', 'is_story': 0, 'component_control': {'data_source_url': '/aweme/v1/web/aweme/post/'}, 'flash_mob_trends': 0, 'follow_shot_assets': None, 'cover_labels': None, 'is_new_text_mode': 0, 'mv_info': None, 'guide_btn_type': 0, 'is_from_ad_auth': False, 'origin_duet_resource_uri': '', 'images': None, 'relation_labels': None, 'cf_assets_type': 0, 'impression_data': {'group_id_list_a': [], 'group_id_list_b': [], 'similar_id_list_a': None, 'similar_id_list_b': None, 'group_id_list_c': [], 'group_id_list_d': []}, 'aweme_listen_struct': {'trace_info': '{"copyright_not_speech":"false","copyright_reason":"not_intercept","copyright_tag_hit":"0","copyright_use_aed_default":"true","copyright_use_tag_default":"false","cp_ab":"true","desc":"","duration_over":"false","hit_high_risk":"false","media_type":"4","reason":"hit_ab_0","show":"false"}'}, 'chapter_bar_color': None, 'libfinsert_task_id': '', 'social_tag_list': None, 'show_follow_button': {}, 'duet_aggregate_in_music_tab': False, 'is_duet_sing': False, 'comment_permission_info': {'comment_permission_status': 0, 'can_comment': True, 'item_detail_entry': False, 'press_entry': False, 'toast_guide': False}, 'original_images': None, 'series_paid_info': {'series_paid_status': 0, 'item_price': 0}, 'img_bitrate': None, 'comment_gid': 7555843286871624975, 'image_album_music_info': {'begin_time': -1, 'end_time': -1, 'volume': -1}, 'video_tag': [{'tag_id': 2024, 'tag_name': '亲子', 'level': 1}, {'tag_id': 2024006, 'tag_name': '母婴', 'level': 2}, {'tag_id': 2024006003, 'tag_name': '育儿知识', 'level': 3}], 'is_collects_selected': 0, 'chapter_list': None, 'feed_comment_config': {'input_config_text': '善语结善缘，恶言伤人心', 'author_audit_status': 0, 'common_flags': '{"item_author_nickname":"孙瑞雪聊教育","video_labels_v2_tag1":"母婴","video_labels_v2_tag2":"育儿理念"}'}, 'is_image_beat': False, 'dislike_dimension_list': None, 'standard_bar_info_list': None, 'photo_search_entrance': {'ecom_type': 0}, 'is_life_item': False, 'image_list': None, 'component_info_v2': '{"desc_lines_limit":0,"hide_marquee":false}', 'item_warn_notification': {'type': 0, 'show': False, 'content': ''}, 'origin_text_extra': None, 'disable_relation_bar': 0, 'packed_clips': None, 'vtag_search': {'vtag_enable': True, 'vtag_delay_ts': 64544}, 'author_mask_tag': 0, 'user_recommend_status': 1, 'collection_corner_mark': 0, 'is_share_post': False, 'image_comment': {}, 'visual_search_info': {'visual_search_longpress': 1, 'is_show_img_entrance': False, 'is_ecom_img': False, 'is_high_accuracy_ecom': False, 'is_high_recall_ecom': False}, 'tts_id_list': None, 'ref_tts_id_list': None, 'voice_modify_id_list': None, 'ref_voice_modify_id_list': None, 'authentication_token': 'MS4wLjAAAAAAtBr-rXUAzEjVsBtR43IygNASyYgJ_LMSHCVxaYDHLInTNNwcejrgFsOnGxLqxtGdV84QhwPQB2XTWzah3dJwP8p6WYAmT2c394zAPJn7egbGIa2jUMEY_PbnLeDg5brMGammYaWL-7Hr_AuYY6LWlbq3qcQZsrmHbJsqLGQuRCZX3s2JNZ_ScqW0lJsiiwzTGKjYR3PQxfzY7vzgBuOEXOqNncgYw_qjldB9fnUs_pQIedo6Y_PmL0qxr7rMzH3y', 'video_game_data_channel_config': {}, 'dislike_dimension_list_v2': None, 'distribute_circle': {'distribute_type': 0, 'campus_block_interaction': False, 'is_campus': False}, 'image_crop_ctrl': 0, 'yumme_recreason': None, 'slides_music_beats': None, 'jump_tab_info_list': None, 'media_type': 4, 'reply_smart_emojis': None, 'activity_video_type': -1, 'boost_status': 0, 'create_scale_type': None, 'entertainment_product_info': {'sub_title': None, 'market_info': {'limit_free': {'in_free': False}, 'marketing_tag': None}}, 'caption': '“我都不想当妈妈了”—— 这句话藏着多少妈妈的崩溃！ 换种说法，孩子反而更懂事…\n\n#幼儿教育#父母课堂#育儿#亲子关系#家庭教育#孙瑞雪', 'item_title': '告诉孩子真话比抱怨更有力量', 'is_use_music': True, 'original': 0, 'xigua_base_info': {'status': 0, 'star_altar_order_id': 0, 'star_altar_type': 0, 'item_id': 0}, 'mark_largely_following': False, 'friend_recommend_info': {'friend_recommend_source': 10, 'label_user_list': None, 'disable_friend_recommend_guide_label': False}}, {'aweme_id': '7555444073327365376', 'desc': '童年没建立安全感孩子会长成讨好型 “我必须拼命努力，才配被爱”—— 缺安全感的人，都懂这种窒息感吧！  \n#幼儿教育#父母课堂#育儿#亲子关系#家庭教育#孙瑞雪', 'create_time': 1759146300, 'author': {'uid': '1965574329213736', 'card_entries_not_display': None, 'nickname': '孙瑞雪聊教育', 'personal_tag_list': None, 'homepage_bottom_toast': None, 'avatar_thumb': {'uri': '100x100/aweme-avatar/tos-cn-avt-0015_afee5b125df955a19af4c41159ad1295', 'url_list': ['https://p3-pc.douyinpic.com/aweme/100x100/aweme-avatar/tos-cn-avt-0015_afee5b125df955a19af4c41159ad1295.jpeg?from=327834062'], 'width': 720, 'height': 720}, 'batch_unfollow_contain_tabs': None, 'not_seen_item_id_list': None, 'follow_status': 0, 'contrail_list': None, 'story_interactive': 0, 'data_label_list': None, 'custom_verify': '', 'follower_list_secondary_information_struct': None, 'display_info': None, 'interest_tags': None, 'account_cert_info': '{}', 'user_tags': None, 'share_info': {'share_url': '', 'share_weibo_desc': '', 'share_desc': '', 'share_title': '', 'share_qrcode_url': {'uri': '31b0500316c4e154852bc', 'url_list': ['https://p3-pc-sign.douyinpic.com/obj/31b0500316c4e154852bc?lk3s=138a59ce&x-expires=1760990400&x-signature=VnOegD8kfOkclbkCT%2BIUAVSkQl4%3D&from=327834062'], 'width': 720, 'height': 720}, 'share_title_myself': '', 'share_title_other': '', 'share_desc_info': ''}, 'can_set_geofencing': None, 'sec_uid': 'MS4wLjABAAAAnAFnkWlOm9jteymsi42fanYLMzfbqdGIwCILEUqDNmFyjfK9N8fSJdS_D2UWk_we', 'need_points': None, 'enterprise_verify_reason': '', 'is_ad_fake': False, 'story_ttl': 0, 'user_permissions': None, 'card_entries': None, 'creator_tag_list': None, 'offline_info_list': None, 'text_extra': None, 'card_sort_priority': None, 'prevent_download': False, 'special_people_labels': None, 'white_cover_url': None, 'endorsement_info_list': None, 'follower_status': 0, 'profile_mob_params': None, 'familiar_visitor_user': None, 'avatar_schema_list': None, 'cover_url': [{'uri': 'c8510002be9a3a61aad2', 'url_list': ['https://p3-pc-sign.douyinpic.com/obj/c8510002be9a3a61aad2?lk3s=138a59ce&x-expires=1762178400&x-signature=bEz6E0nbTH1458RtDsUU87G74Mk%3D&from=327834062'], 'width': 720, 'height': 720}], 'cf_list': None, 'im_role_ids': None, 'not_seen_item_id_list_v2': None, 'signature_extra': None, 'risk_notice_text': '', 'ban_user_functions': None, 'profile_component_disabled': None, 'verification_permission_ids': None, 'identity_labels': None, 'private_relation_list': None, 'link_item_list': None, 'batch_unfollow_relation_desc': None}, 'music': {'id': 7555444072014646056, 'id_str': '7555444072014646056', 'title': '@孙瑞雪聊教育创作的原声', 'author': '孙瑞雪聊教育', 'album': '', 'cover_hd': {'uri': '1080x1080/aweme-avatar/tos-cn-avt-0015_afee5b125df955a19af4c41159ad1295', 'url_list': ['https://p3-pc.douyinpic.com/aweme/1080x1080/aweme-avatar/tos-cn-avt-0015_afee5b125df955a19af4c41159ad1295.jpeg?from=327834062'], 'width': 720, 'height': 720}, 'cover_large': {'uri': '1080x1080/aweme-avatar/tos-cn-avt-0015_afee5b125df955a19af4c41159ad1295', 'url_list': ['https://p3-pc.douyinpic.com/aweme/1080x1080/aweme-avatar/tos-cn-avt-0015_afee5b125df955a19af4c41159ad1295.jpeg?from=327834062'], 'width': 720, 'height': 720}, 'cover_medium': {'uri': '720x720/aweme-avatar/tos-cn-avt-0015_afee5b125df955a19af4c41159ad1295', 'url_list': ['https://p3-pc.douyinpic.com/aweme/720x720/aweme-avatar/tos-cn-avt-0015_afee5b125df955a19af4c41159ad1295.jpeg?from=327834062'], 'width': 720, 'height': 720}, 'cover_thumb': {'uri': '100x100/aweme-avatar/tos-cn-avt-0015_afee5b125df955a19af4c41159ad1295', 'url_list': ['https://p3-pc.douyinpic.com/aweme/100x100/aweme-avatar/tos-cn-avt-0015_afee5b125df955a19af4c41159ad1295.jpeg?from=327834062'], 'width': 720, 'height': 720}, 'play_url': {'uri': 'https://lf26-music-east.douyinstatic.com/obj/ies-music-hj/7555444134690065212.mp3', 'url_list': ['https://lf26-music-east.douyinstatic.com/obj/ies-music-hj/7555444134690065212.mp3', 'https://lf3-music-east.douyinstatic.com/obj/ies-music-hj/7555444134690065212.mp3'], 'width': 720, 'height': 720, 'url_key': '7555444072014646056'}, 'schema_url': '', 'source_platform': 23, 'start_time': 0, 'end_time': 0, 'duration': 84, 'extra': '{"aggregate_exempt_conf":[],"beats":{},"cover_colors":null,"douyin_beats_info":{},"dsp_switch":0,"extract_item_id":7555444073327365376,"has_edited":0,"hit_high_follow_auto":false,"hit_high_follow_extend":false,"hit_high_follow_original":false,"hotsoon_review_time":-1,"is_aed_music":0,"is_high_follow_user":false,"is_red":0,"is_subsidy_exp":false,"music_label_id":null,"music_tagging":{"AEDs":null,"Genres":null,"Instruments":null,"Languages":null,"Moods":null,"SingingVersions":null,"Themes":null},"review_unshelve_reason":0,"reviewed":0,"schedule_search_time":0,"uniqa_speech_score":0.99,"with_aed_model":0}', 'user_count': 0, 'position': None, 'collect_stat': 0, 'status': 1, 'offline_desc': '', 'owner_id': '1965574329213736', 'owner_nickname': '孙瑞雪聊教育', 'is_original': False, 'mid': '7555444072014646056', 'binded_challenge_id': 0, 'redirect': False, 'is_restricted': False, 'author_deleted': False, 'is_del_video': False, 'is_video_self_see': False, 'owner_handle': '63566855132', 'author_position': None, 'prevent_download': False, 'unshelve_countries': None, 'prevent_item_download_status': 0, 'external_song_info': [], 'sec_uid': 'MS4wLjABAAAAnAFnkWlOm9jteymsi42fanYLMzfbqdGIwCILEUqDNmFyjfK9N8fSJdS_D2UWk_we', 'avatar_thumb': {'uri': '100x100/aweme-avatar/tos-cn-avt-0015_afee5b125df955a19af4c41159ad1295', 'url_list': ['https://p3-pc.douyinpic.com/aweme/100x100/aweme-avatar/tos-cn-avt-0015_afee5b125df955a19af4c41159ad1295.jpeg?from=327834062'], 'width': 720, 'height': 720}, 'avatar_medium': {'uri': '720x720/aweme-avatar/tos-cn-avt-0015_afee5b125df955a19af4c41159ad1295', 'url_list': ['https://p3-pc.douyinpic.com/aweme/720x720/aweme-avatar/tos-cn-avt-0015_afee5b125df955a19af4c41159ad1295.jpeg?from=327834062'], 'width': 720, 'height': 720}, 'avatar_large': {'uri': '1080x1080/aweme-avatar/tos-cn-avt-0015_afee5b125df955a19af4c41159ad1295', 'url_list': ['https://p3-pc.douyinpic.com/aweme/1080x1080/aweme-avatar/tos-cn-avt-0015_afee5b125df955a19af4c41159ad1295.jpeg?from=327834062'], 'width': 720, 'height': 720}, 'preview_start_time': 0, 'preview_end_time': 0, 'is_commerce_music': False, 'is_original_sound': True, 'audition_duration': 84, 'shoot_duration': 84, 'reason_type': 0, 'artists': [], 'lyric_short_position': None, 'mute_share': False, 'tag_list': None, 'dmv_auto_show': False, 'is_pgc': False, 'is_matched_metadata': False, 'is_audio_url_with_cookie': False, 'music_chart_ranks': None, 'can_background_play': True, 'music_status': 1, 'video_duration': 84, 'pgc_music_type': 2, 'author_status': 1, 'search_impr': {'entity_id': '7555444072014646056'}, 'artist_user_infos': None, 'dsp_status': 10, 'musician_user_infos': None, 'music_collect_count': 0, 'music_cover_atmosphere_color_value': '', 'show_origin_clip': False}, 'effect_inflow_effects': None, 'video': {'play_addr': {'uri': 'v0200fg10000d3d5867og65ot7kr2pg0', 'url_list': ['https://v5-dy-o-abtest.zjcdn.com/afb97a4630534f7ea2f9a6644dc30627/68f66e0d/video/tos/cn/tos-cn-ve-15/oYQA9QoEaeZDqBmVgYCHlfELFAA9jQ2xPgx0EI/?a=6383&ch=10010&cr=3&dr=0&lr=all&cd=0%7C0%7C0%7C3&cv=1&br=479&bt=479&cs=0&ds=3&ft=c2YTctGHQPRUZxfusdr~kwPqYldQIKDEE-TerrNqq_45a&mime_type=video_mp4&qs=0&rc=OTU3OjM8ZDdkOjM5ZmQ8ZUBpM3N1OnI5cjk4NjMzNGkzM0BfNWAuNDEvNTExYl4vXjQzYSNkL2hxMmQ0NWFhLS1kLS9zcw%3D%3D&btag=80000e00028000&cquery=100B_100H_100K_100o_101r&dy_q=1760969609&feature_id=fea919893f650a8c49286568590446ef&l=20251020221329FF810B6B17C3D024C6A3', 'https://v5-dy-o-abtest.zjcdn.com/afb97a4630534f7ea2f9a6644dc30627/68f66e0d/video/tos/cn/tos-cn-ve-15/oYQA9QoEaeZDqBmVgYCHlfELFAA9jQ2xPgx0EI/?a=6383&ch=10010&cr=3&dr=0&lr=all&cd=0%7C0%7C0%7C3&cv=1&br=479&bt=479&cs=0&ds=3&ft=c2YTctGHQPRUZxfusdr~kwPqYldQIKDEE-TerrNqq_45a&mime_type=video_mp4&qs=0&rc=OTU3OjM8ZDdkOjM5ZmQ8ZUBpM3N1OnI5cjk4NjMzNGkzM0BfNWAuNDEvNTExYl4vXjQzYSNkL2hxMmQ0NWFhLS1kLS9zcw%3D%3D&btag=80000e00028000&cquery=101r_100B_100H_100K_100o&dy_q=1760969609&feature_id=fea919893f650a8c49286568590446ef&l=20251020221329FF810B6B17C3D024C6A3', 'https://www.douyin.com/aweme/v1/play/?video_id=v0200fg10000d3d5867og65ot7kr2pg0&line=0&file_id=6b79aa2ca6e0474a842a497017c482b6&sign=0a62abe962c4006a7006d255a9771b26&is_play_url=1&source=PackSourceEnum_PUBLISH'], 'width': 720, 'height': 1280, 'url_key': 'v0200fg10000d3d5867og65ot7kr2pg0_h264_720p_491075', 'data_size': 5202513, 'file_hash': '0a62abe962c4006a7006d255a9771b26', 'file_cs': 'c:0-93405-8a5b|a:v0200fg10000d3d5867og65ot7kr2pg0'}, 'cover': {'uri': 'tos-cn-i-dy/b7b55499bbd045e2b36e2be5f4306b39', 'url_list': ['https://p3-pc-sign.douyinpic.com/tos-cn-i-dy/b7b55499bbd045e2b36e2be5f4306b39~tplv-dy-cropcenter:323:430.jpeg?lk3s=138a59ce&x-expires=2076328800&x-signature=At8nr5vqKl34C8m8eCVeLHqfphE%3D&from=327834062&s=PackSourceEnum_PUBLISH&se=true&sh=323_430&sc=cover&biz_tag=pcweb_cover&l=20251020221329FF810B6B17C3D024C6A3', 'https://p3-pc-sign.douyinpic.com/obj/tos-cn-i-dy/b7b55499bbd045e2b36e2be5f4306b39?lk3s=138a59ce&x-expires=2076328800&x-signature=%2BON3jVmVpJbeUTjoync9SzoKPFQ%3D&from=327834062&s=PackSourceEnum_PUBLISH&se=false&sc=cover&biz_tag=pcweb_cover&l=20251020221329FF810B6B17C3D024C6A3'], 'width': 720, 'height': 720}, 'height': 1920, 'width': 1080, 'dynamic_cover': {'uri': 'tos-cn-i-dy/b7b55499bbd045e2b36e2be5f4306b39', 'url_list': ['https://p3-pc-sign.douyinpic.com/obj/tos-cn-i-dy/b7b55499bbd045e2b36e2be5f4306b39?lk3s=138a59ce&x-expires=1762178400&x-signature=fKd4Z5sH8nWx%2BmeiA0mX%2BmKsjbY%3D&from=327834062_large&s=PackSourceEnum_PUBLISH&se=false&sc=dynamic_cover&biz_tag=pcweb_cover&l=20251020221329FF810B6B17C3D024C6A3', 'https://p9-pc-sign.douyinpic.com/obj/tos-cn-i-dy/b7b55499bbd045e2b36e2be5f4306b39?lk3s=138a59ce&x-expires=1762178400&x-signature=E1IunEavIqGJ%2BWnpgVZUEGEmP70%3D&from=327834062_large&s=PackSourceEnum_PUBLISH&se=false&sc=dynamic_cover&biz_tag=pcweb_cover&l=20251020221329FF810B6B17C3D024C6A3'], 'width': 720, 'height': 720}, 'origin_cover': {'uri': 'tos-cn-p-0015/ogqloAQxQBDigNAYQpWAB390ACFM92zEeYw0fA', 'url_list': ['https://p9-pc-sign.douyinpic.com/tos-cn-p-0015/ogqloAQxQBDigNAYQpWAB390ACFM92zEeYw0fA~tplv-dy-360p.jpeg?lk3s=138a59ce&x-expires=1762178400&x-signature=4ADvbCGXsAvJ3ynqu0k41%2Bbqve8%3D&from=327834062&s=PackSourceEnum_PUBLISH&se=false&sc=origin_cover&biz_tag=pcweb_cover&l=20251020221329FF810B6B17C3D024C6A3', 'https://p3-pc-sign.douyinpic.com/tos-cn-p-0015/ogqloAQxQBDigNAYQpWAB390ACFM92zEeYw0fA~tplv-dy-360p.jpeg?lk3s=138a59ce&x-expires=1762178400&x-signature=J5eQ5UNrX41WBeDLRQ1lbZ%2FKKQU%3D&from=327834062&s=PackSourceEnum_PUBLISH&se=false&sc=origin_cover&biz_tag=pcweb_cover&l=20251020221329FF810B6B17C3D024C6A3'], 'width': 360, 'height': 640}, 'ratio': '720p', 'format': 'mp4', 'audio': {'original_sound_infos': None}, 'bit_rate': [{'gear_name': 'normal_720_0', 'quality_type': 10, 'bit_rate': 491075, 'play_addr': {'uri': 'v0200fg10000d3d5867og65ot7kr2pg0', 'url_list': ['https://v5-dy-o-abtest.zjcdn.com/afb97a4630534f7ea2f9a6644dc30627/68f66e0d/video/tos/cn/tos-cn-ve-15/oYQA9QoEaeZDqBmVgYCHlfELFAA9jQ2xPgx0EI/?a=6383&ch=10010&cr=3&dr=0&lr=all&cd=0%7C0%7C0%7C3&cv=1&br=479&bt=479&cs=0&ds=3&ft=c2YTctGHQPRUZxfusdr~kwPqYldQIKDEE-TerrNqq_45a&mime_type=video_mp4&qs=0&rc=OTU3OjM8ZDdkOjM5ZmQ8ZUBpM3N1OnI5cjk4NjMzNGkzM0BfNWAuNDEvNTExYl4vXjQzYSNkL2hxMmQ0NWFhLS1kLS9zcw%3D%3D&btag=80000e00028000&cquery=100B_100H_100K_100o_101r&dy_q=1760969609&feature_id=fea919893f650a8c49286568590446ef&l=20251020221329FF810B6B17C3D024C6A3', 'https://v5-dy-o-abtest.zjcdn.com/afb97a4630534f7ea2f9a6644dc30627/68f66e0d/video/tos/cn/tos-cn-ve-15/oYQA9QoEaeZDqBmVgYCHlfELFAA9jQ2xPgx0EI/?a=6383&ch=10010&cr=3&dr=0&lr=all&cd=0%7C0%7C0%7C3&cv=1&br=479&bt=479&cs=0&ds=3&ft=c2YTctGHQPRUZxfusdr~kwPqYldQIKDEE-TerrNqq_45a&mime_type=video_mp4&qs=0&rc=OTU3OjM8ZDdkOjM5ZmQ8ZUBpM3N1OnI5cjk4NjMzNGkzM0BfNWAuNDEvNTExYl4vXjQzYSNkL2hxMmQ0NWFhLS1kLS9zcw%3D%3D&btag=80000e00028000&cquery=101r_100B_100H_100K_100o&dy_q=1760969609&feature_id=fea919893f650a8c49286568590446ef&l=20251020221329FF810B6B17C3D024C6A3', 'https://www.douyin.com/aweme/v1/play/?video_id=v0200fg10000d3d5867og65ot7kr2pg0&line=0&file_id=6b79aa2ca6e0474a842a497017c482b6&sign=0a62abe962c4006a7006d255a9771b26&is_play_url=1&source=PackSourceEnum_PUBLISH'], 'width': 720, 'height': 1280, 'url_key': 'v0200fg10000d3d5867og65ot7kr2pg0_h264_720p_491075', 'data_size': 5202513, 'file_hash': '0a62abe962c4006a7006d255a9771b26', 'file_cs': 'c:0-93405-8a5b|a:v0200fg10000d3d5867og65ot7kr2pg0'}, 'is_h265': 0, 'is_bytevc1': 0, 'HDR_type': '', 'HDR_bit': '', 'FPS': 30, 'video_extra': '{"PktOffsetMap":"[{\\"time\\": 1, \\"offset\\": 186555}, {\\"time\\": 2, \\"offset\\": 213450}, {\\"time\\": 3, \\"offset\\": 239969}, {\\"time\\": 4, \\"offset\\": 287804}, {\\"time\\": 5, \\"offset\\": 356958}, {\\"time\\": 10, \\"offset\\": 610216}]","format":"mp4","definition":"720p","quality":"normal","file_id":"6b79aa2ca6e0474a842a497017c482b6","applog_map":{"feature_id":"fea919893f650a8c49286568590446ef"},"audio_channels":"2.0","audio_sample_rate":"44100","audio_metrics":null,"audio_score":null}', 'format': 'mp4'}, {'gear_name': 'low_720_0', 'quality_type': 211, 'bit_rate': 408980, 'play_addr': {'uri': 'v0200fg10000d3d5867og65ot7kr2pg0', 'url_list': ['https://v5-dy-o-abtest.zjcdn.com/07ac3cf7e4a0ae04f21d29f69e0cfac9/68f66e0d/video/tos/cn/tos-cn-ve-15/owFQVIxo2AziAzYgEx9lf92BC3sfIQNQA0AgQD/?a=6383&ch=10010&cr=3&dr=0&lr=all&cd=0%7C0%7C0%7C3&cv=1&br=399&bt=399&cs=0&ds=3&ft=c2YTctGHQPRUZxfusdr~kwPqYldQIKDEE-TerrNqq_45a&mime_type=video_mp4&qs=1&rc=ZGZmOztoZDtnOjZpN2kzNEBpM3N1OnI5cjk4NjMzNGkzM0BfMF5fMTY1X14xNDEwX2EtYSNkL2hxMmQ0NWFhLS1kLS9zcw%3D%3D&btag=80000e00028000&cquery=101r_100B_100H_100K_100o&dy_q=1760969609&feature_id=0ea98fd3bdc3c6c14a3d0804cc272721&l=20251020221329FF810B6B17C3D024C6A3', 'https://v5-dy-o-abtest.zjcdn.com/07ac3cf7e4a0ae04f21d29f69e0cfac9/68f66e0d/video/tos/cn/tos-cn-ve-15/owFQVIxo2AziAzYgEx9lf92BC3sfIQNQA0AgQD/?a=6383&ch=10010&cr=3&dr=0&lr=all&cd=0%7C0%7C0%7C3&cv=1&br=399&bt=399&cs=0&ds=3&ft=c2YTctGHQPRUZxfusdr~kwPqYldQIKDEE-TerrNqq_45a&mime_type=video_mp4&qs=1&rc=ZGZmOztoZDtnOjZpN2kzNEBpM3N1OnI5cjk4NjMzNGkzM0BfMF5fMTY1X14xNDEwX2EtYSNkL2hxMmQ0NWFhLS1kLS9zcw%3D%3D&btag=80000e00028000&cquery=100o_101r_100B_100H_100K&dy_q=1760969609&feature_id=0ea98fd3bdc3c6c14a3d0804cc272721&l=20251020221329FF810B6B17C3D024C6A3', 'https://www.douyin.com/aweme/v1/play/?video_id=v0200fg10000d3d5867og65ot7kr2pg0&line=0&file_id=01d0bf344f7347adb88a9e48b8ac3cba&sign=c0513d205e6379ce301c0e7511ce80b4&is_play_url=1&source=PackSourceEnum_PUBLISH'], 'width': 720, 'height': 1280, 'url_key': 'v0200fg10000d3d5867og65ot7kr2pg0_h264_720p_408980', 'data_size': 4332791, 'file_hash': 'c0513d205e6379ce301c0e7511ce80b4', 'file_cs': 'c:0-71092-8182|a:v0200fg10000d3d5867og65ot7kr2pg0'}, 'is_h265': 0, 'is_bytevc1': 0, 'HDR_type': '', 'HDR_bit': '', 'FPS': 30, 'video_extra': '{"PktOffsetMap":"[{\\"time\\": 1, \\"offset\\": 153665}, {\\"time\\": 2, \\"offset\\": 169574}, {\\"time\\": 3, \\"offset\\": 185961}, {\\"time\\": 4, \\"offset\\": 221103}, {\\"time\\": 5, \\"offset\\": 283573}, {\\"time\\": 10, \\"offset\\": 491920}]","format":"mp4","definition":"720p","quality":"low","file_id":"01d0bf344f7347adb88a9e48b8ac3cba","applog_map":{"feature_id":"0ea98fd3bdc3c6c14a3d0804cc272721"},"audio_channels":"2.0","audio_sample_rate":"44100","audio_metrics":null,"audio_score":null}', 'format': 'mp4'}, {'gear_name': 'low_540_0', 'quality_type': 292, 'bit_rate': 376102, 'play_addr': {'uri': 'v0200fg10000d3d5867og65ot7kr2pg0', 'url_list': ['https://v5-dy-o-abtest.zjcdn.com/615ba1403b78f27386f946e3361b28df/68f66e0d/video/tos/cn/tos-cn-ve-15/oUAeDolB0xQEA4F97ZEQAgACm2gfgYxszP2IVD/?a=6383&ch=10010&cr=3&dr=0&lr=all&cd=0%7C0%7C0%7C3&cv=1&br=367&bt=367&cs=0&ds=6&ft=c2YTctGHQPRUZxfusdr~kwPqYldQIKDEE-TerrNqq_45a&mime_type=video_mp4&qs=1&rc=PDU7O2QzOjc6PGhpaTw5NkBpM3N1OnI5cjk4NjMzNGkzM0BfYi4yYGAvNWAxNmBfNV8vYSNkL2hxMmQ0NWFhLS1kLS9zcw%3D%3D&btag=80000e00028000&cquery=100B_100H_100K_100o_101r&dy_q=1760969609&feature_id=0ea98fd3bdc3c6c14a3d0804cc272721&l=20251020221329FF810B6B17C3D024C6A3', 'https://v5-dy-o-abtest.zjcdn.com/615ba1403b78f27386f946e3361b28df/68f66e0d/video/tos/cn/tos-cn-ve-15/oUAeDolB0xQEA4F97ZEQAgACm2gfgYxszP2IVD/?a=6383&ch=10010&cr=3&dr=0&lr=all&cd=0%7C0%7C0%7C3&cv=1&br=367&bt=367&cs=0&ds=6&ft=c2YTctGHQPRUZxfusdr~kwPqYldQIKDEE-TerrNqq_45a&mime_type=video_mp4&qs=1&rc=PDU7O2QzOjc6PGhpaTw5NkBpM3N1OnI5cjk4NjMzNGkzM0BfYi4yYGAvNWAxNmBfNV8vYSNkL2hxMmQ0NWFhLS1kLS9zcw%3D%3D&btag=80000e00028000&cquery=100K_100o_101r_100B_100H&dy_q=1760969609&feature_id=0ea98fd3bdc3c6c14a3d0804cc272721&l=20251020221329FF810B6B17C3D024C6A3', 'https://www.douyin.com/aweme/v1/play/?video_id=v0200fg10000d3d5867og65ot7kr2pg0&line=0&file_id=23b689bfcf9e49c78427c0ca5818e2b9&sign=19c4ec20f7ed284a58fe46a494d25c75&is_play_url=1&source=PackSourceEnum_PUBLISH'], 'width': 576, 'height': 1024, 'url_key': 'v0200fg10000d3d5867og65ot7kr2pg0_h264_540p_376102', 'data_size': 3984481, 'file_hash': '19c4ec20f7ed284a58fe46a494d25c75', 'file_cs': 'c:0-71028-707b|a:v0200fg10000d3d5867og65ot7kr2pg0'}, 'is_h265': 0, 'is_bytevc1': 0, 'HDR_type': '', 'HDR_bit': '', 'FPS': 30, 'video_extra': '{"PktOffsetMap":"[{\\"time\\": 1, \\"offset\\": 148265}, {\\"time\\": 2, \\"offset\\": 163125}, {\\"time\\": 3, \\"offset\\": 178661}, {\\"time\\": 4, \\"offset\\": 210251}, {\\"time\\": 5, \\"offset\\": 267669}, {\\"time\\": 10, \\"offset\\": 460345}]","format":"mp4","definition":"540p","quality":"low","file_id":"23b689bfcf9e49c78427c0ca5818e2b9","applog_map":{"feature_id":"0ea98fd3bdc3c6c14a3d0804cc272721"},"audio_channels":"2.0","audio_sample_rate":"44100","audio_metrics":null,"audio_score":null}', 'format': 'mp4'}, {'gear_name': 'adapt_low_540_0', 'quality_type': 291, 'bit_rate': 278490, 'play_addr': {'uri': 'v0200fg10000d3d5867og65ot7kr2pg0', 'url_list': ['https://v5-dy-o-abtest.zjcdn.com/304185362fd09e93a7b42ec3cd890293/68f66e0d/video/tos/cn/tos-cn-ve-15/ocQ2DfxYAEACEW2Z0QogFBesIq9lA0xgHAmCm4/?a=6383&ch=10010&cr=3&dr=0&lr=all&cd=0%7C0%7C0%7C3&cv=1&br=271&bt=271&cs=0&ds=6&ft=c2YTctGHQPRUZxfusdr~kwPqYldQIKDEE-TerrNqq_45a&mime_type=video_mp4&qs=12&rc=O2VoaGdoNDZnNztpaTo2O0BpM3N1OnI5cjk4NjMzNGkzM0AzY14tX2JjXjUxNTE2Ni0tYSNkL2hxMmQ0NWFhLS1kLS9zcw%3D%3D&btag=80000e00028000&cquery=101r_100B_100H_100K_100o&dy_q=1760969609&feature_id=0ea98fd3bdc3c6c14a3d0804cc272721&l=20251020221329FF810B6B17C3D024C6A3', 'https://v5-dy-o-abtest.zjcdn.com/304185362fd09e93a7b42ec3cd890293/68f66e0d/video/tos/cn/tos-cn-ve-15/ocQ2DfxYAEACEW2Z0QogFBesIq9lA0xgHAmCm4/?a=6383&ch=10010&cr=3&dr=0&lr=all&cd=0%7C0%7C0%7C3&cv=1&br=271&bt=271&cs=0&ds=6&ft=c2YTctGHQPRUZxfusdr~kwPqYldQIKDEE-TerrNqq_45a&mime_type=video_mp4&qs=12&rc=O2VoaGdoNDZnNztpaTo2O0BpM3N1OnI5cjk4NjMzNGkzM0AzY14tX2JjXjUxNTE2Ni0tYSNkL2hxMmQ0NWFhLS1kLS9zcw%3D%3D&btag=80000e00028000&cquery=100K_100o_101r_100B_100H&dy_q=1760969609&feature_id=0ea98fd3bdc3c6c14a3d0804cc272721&l=20251020221329FF810B6B17C3D024C6A3', 'https://www.douyin.com/aweme/v1/play/?video_id=v0200fg10000d3d5867og65ot7kr2pg0&line=0&file_id=0803979f4f88448da3f1eebd0eaefb68&sign=654e089ff109f7686b0bd895b6bf8bd0&is_play_url=1&source=PackSourceEnum_PUBLISH'], 'width': 576, 'height': 1024, 'url_key': 'v0200fg10000d3d5867og65ot7kr2pg0_h264_540p_278490', 'data_size': 2950368, 'file_hash': '654e089ff109f7686b0bd895b6bf8bd0', 'file_cs': 'c:0-71091-a043|a:v0200fg10000d3d5867og65ot7kr2pg0'}, 'is_h265': 0, 'is_bytevc1': 0, 'HDR_type': '', 'HDR_bit': '', 'FPS': 30, 'video_extra': '{"PktOffsetMap":"[{\\"time\\": 1, \\"offset\\": 131464}, {\\"time\\": 2, \\"offset\\": 143463}, {\\"time\\": 3, \\"offset\\": 156442}, {\\"time\\": 4, \\"offset\\": 181842}, {\\"time\\": 5, \\"offset\\": 224182}, {\\"time\\": 10, \\"offset\\": 365289}]","format":"mp4","definition":"540p","quality":"adapt_low","file_id":"0803979f4f88448da3f1eebd0eaefb68","applog_map":{"feature_id":"0ea98fd3bdc3c6c14a3d0804cc272721"},"audio_channels":"2.0","audio_sample_rate":"44100","audio_metrics":null,"audio_score":null}', 'format': 'mp4'}, {'gear_name': 'adapt_lowest_720_1', 'quality_type': 15, 'bit_rate': 235615, 'play_addr': {'uri': 'v0200fg10000d3d5867og65ot7kr2pg0', 'url_list': ['https://v5-dy-o-abtest.zjcdn.com/5784fce0fcf2a315b3140011f7327f3b/68f66e0d/video/tos/cn/tos-cn-ve-15/oUBRAVZ2rFXC0AlQIoEDxmfgEYu7gQmeACaYx9/?a=6383&ch=10010&cr=3&dr=0&lr=all&cd=0%7C0%7C0%7C3&cv=1&br=230&bt=230&cs=2&ds=3&ft=c2YTctGHQPRUZxfusdr~kwPqYldQIKDEE-TerrNqq_45a&mime_type=video_mp4&qs=15&rc=NDg0N2Y4Njs4Nmc3N2k6OkBpM3N1OnI5cjk4NjMzNGkzM0BiLzIzL2FiXzMxYzZeLjFeYSNkL2hxMmQ0NWFhLS1kLS9zcw%3D%3D&btag=80000e00028000&cquery=100K_100o_101r_100B_100H&dy_q=1760969609&feature_id=b38008770b4e09863331b14b26bcdc23&l=20251020221329FF810B6B17C3D024C6A3', 'https://v5-dy-o-abtest.zjcdn.com/5784fce0fcf2a315b3140011f7327f3b/68f66e0d/video/tos/cn/tos-cn-ve-15/oUBRAVZ2rFXC0AlQIoEDxmfgEYu7gQmeACaYx9/?a=6383&ch=10010&cr=3&dr=0&lr=all&cd=0%7C0%7C0%7C3&cv=1&br=230&bt=230&cs=2&ds=3&ft=c2YTctGHQPRUZxfusdr~kwPqYldQIKDEE-TerrNqq_45a&mime_type=video_mp4&qs=15&rc=NDg0N2Y4Njs4Nmc3N2k6OkBpM3N1OnI5cjk4NjMzNGkzM0BiLzIzL2FiXzMxYzZeLjFeYSNkL2hxMmQ0NWFhLS1kLS9zcw%3D%3D&btag=80000e00028000&cquery=100K_100o_101r_100B_100H&dy_q=1760969609&feature_id=b38008770b4e09863331b14b26bcdc23&l=20251020221329FF810B6B17C3D024C6A3', 'https://www.douyin.com/aweme/v1/play/?video_id=v0200fg10000d3d5867og65ot7kr2pg0&line=0&file_id=a7471fa494fd4365b8e3d52c645125e1&sign=1e6c529f2a5156cb68d824f1f5fd65a3&is_play_url=1&source=PackSourceEnum_PUBLISH'], 'width': 720, 'height': 1280, 'url_key': 'v0200fg10000d3d5867og65ot7kr2pg0_bytevc1_720p_235615', 'data_size': 2496144, 'file_hash': '1e6c529f2a5156cb68d824f1f5fd65a3', 'file_cs': 'c:0-71354-3a01|a:v0200fg10000d3d5867og65ot7kr2pg0'}, 'is_h265': 1, 'is_bytevc1': 1, 'HDR_type': '', 'HDR_bit': '', 'FPS': 30, 'video_extra': '{"PktOffsetMap":"[{\\"time\\": 1, \\"offset\\": 115219}, {\\"time\\": 2, \\"offset\\": 124148}, {\\"time\\": 3, \\"offset\\": 133535}, {\\"time\\": 4, \\"offset\\": 158739}, {\\"time\\": 5, \\"offset\\": 177345}, {\\"time\\": 10, \\"offset\\": 281491}]","format":"mp4","definition":"720p","quality":"adapt_lowest","file_id":"a7471fa494fd4365b8e3d52c645125e1","applog_map":{"feature_id":"b38008770b4e09863331b14b26bcdc23"},"mvmaf":"{\\"mvmaf_sr_v1080\\":99.002,\\"mvmaf_sr_v960\\":99.49,\\"mvmaf_sr_v864\\":99.735,\\"mvmaf_sr_v720\\":99.905,\\"mvmaf_ori_v1080\\":89.499,\\"mvmaf_ori_v960\\":91.541,\\"mvmaf_ori_v864\\":92.744,\\"mvmaf_ori_v720\\":95.445}","ufq":"{\\"enh\\":93.815,\\"playback\\":{\\"ori\\":87.314,\\"srv1\\":93.257},\\"src\\":93.815,\\"trans\\":87.314,\\"version\\":\\"v1.0\\"}","audio_channels":"2.0","audio_sample_rate":"44100","audio_metrics":null,"audio_score":null}', 'format': 'mp4'}, {'gear_name': 'adapt_lowest_1080_1', 'quality_type': 2, 'bit_rate': 233420, 'play_addr': {'uri': 'v0200fg10000d3d5867og65ot7kr2pg0', 'url_list': ['https://v5-dy-o-abtest.zjcdn.com/4466cd61ac1403a0a281b90fc2ddd3e5/68f66e0d/video/tos/cn/tos-cn-ve-15/oYCVQfZeDA7oFWmAYaEVlUIj2BCE0gxgx99SQA/?a=6383&ch=10010&cr=3&dr=0&lr=all&cd=0%7C0%7C0%7C3&cv=1&br=227&bt=227&cs=2&ds=4&ft=c2YTctGHQPRUZxfusdr~kwPqYldQIKDEE-TerrNqq_45a&mime_type=video_mp4&qs=15&rc=ZjloNzg7Z2doOGdkM2Q4Z0BpM3N1OnI5cjk4NjMzNGkzM0AuMV8uLi4wNS8xLzUwYTY0YSNkL2hxMmQ0NWFhLS1kLS9zcw%3D%3D&btag=80000e00028000&cquery=101r_100B_100H_100K_100o&dy_q=1760969609&feature_id=b38008770b4e09863331b14b26bcdc23&l=20251020221329FF810B6B17C3D024C6A3', 'https://v5-dy-o-abtest.zjcdn.com/4466cd61ac1403a0a281b90fc2ddd3e5/68f66e0d/video/tos/cn/tos-cn-ve-15/oYCVQfZeDA7oFWmAYaEVlUIj2BCE0gxgx99SQA/?a=6383&ch=10010&cr=3&dr=0&lr=all&cd=0%7C0%7C0%7C3&cv=1&br=227&bt=227&cs=2&ds=4&ft=c2YTctGHQPRUZxfusdr~kwPqYldQIKDEE-TerrNqq_45a&mime_type=video_mp4&qs=15&rc=ZjloNzg7Z2doOGdkM2Q4Z0BpM3N1OnI5cjk4NjMzNGkzM0AuMV8uLi4wNS8xLzUwYTY0YSNkL2hxMmQ0NWFhLS1kLS9zcw%3D%3D&btag=80000e00028000&cquery=100K_100o_101r_100B_100H&dy_q=1760969609&feature_id=b38008770b4e09863331b14b26bcdc23&l=20251020221329FF810B6B17C3D024C6A3', 'https://www.douyin.com/aweme/v1/play/?video_id=v0200fg10000d3d5867og65ot7kr2pg0&line=0&file_id=7d95da308a2d452e8d3d181514be461c&sign=bbb0bf714612c4fd287f58e08abffe74&is_play_url=1&source=PackSourceEnum_PUBLISH'], 'width': 1080, 'height': 1920, 'url_key': 'v0200fg10000d3d5867og65ot7kr2pg0_bytevc1_1080p_233420', 'data_size': 2472890, 'file_hash': 'bbb0bf714612c4fd287f58e08abffe74', 'file_cs': 'c:0-71353-c43b|a:v0200fg10000d3d5867og65ot7kr2pg0'}, 'is_h265': 1, 'is_bytevc1': 1, 'HDR_type': '', 'HDR_bit': '', 'FPS': 30, 'video_extra': '{"PktOffsetMap":"[{\\"time\\": 1, \\"offset\\": 120720}, {\\"time\\": 2, \\"offset\\": 129979}, {\\"time\\": 3, \\"offset\\": 139725}, {\\"time\\": 4, \\"offset\\": 167215}, {\\"time\\": 5, \\"offset\\": 185109}, {\\"time\\": 10, \\"offset\\": 289369}]","format":"mp4","definition":"1080p","quality":"adapt_lowest","file_id":"7d95da308a2d452e8d3d181514be461c","applog_map":{"feature_id":"b38008770b4e09863331b14b26bcdc23"},"mvmaf":"{\\"mvmaf_sr_v1080\\":99.358,\\"mvmaf_sr_v960\\":99.191,\\"mvmaf_sr_v864\\":99.343,\\"mvmaf_sr_v720\\":99.463,\\"mvmaf_ori_v1080\\":92.994,\\"mvmaf_ori_v960\\":93.464,\\"mvmaf_ori_v864\\":93.892,\\"mvmaf_ori_v720\\":94.608}","ufq":"{\\"enh\\":93.815,\\"playback\\":{\\"ori\\":90.809,\\"srv1\\":93.328},\\"src\\":93.815,\\"trans\\":90.809,\\"version\\":\\"v1.0\\"}","audio_channels":"2.0","audio_sample_rate":"44100","audio_metrics":null,"audio_score":null}', 'format': 'mp4'}, {'gear_name': 'adapt_540_1', 'quality_type': 28, 'bit_rate': 213562, 'play_addr': {'uri': 'v0200fg10000d3d5867og65ot7kr2pg0', 'url_list': ['https://v5-dy-o-abtest.zjcdn.com/fa24e75e70f9dc04fb065cb0b1e69987/68f66e0d/video/tos/cn/tos-cn-ve-15/oEo2HxZVEKlgBx0AIYCaHAA6Q9Fs5CfevgmDQE/?a=6383&ch=10010&cr=3&dr=0&lr=all&cd=0%7C0%7C0%7C3&cv=1&br=208&bt=208&cs=2&ds=6&ft=c2YTctGHQPRUZxfusdr~kwPqYldQIKDEE-TerrNqq_45a&mime_type=video_mp4&qs=11&rc=NWYzNDc6ZGY5ZjY0NjloNUBpM3N1OnI5cjk4NjMzNGkzM0BgYi9hNjQ0NjMxYDJgXmBfYSNkL2hxMmQ0NWFhLS1kLS9zcw%3D%3D&btag=80000e00028000&cquery=100B_100H_100K_100o_101r&dy_q=1760969609&feature_id=b38008770b4e09863331b14b26bcdc23&l=20251020221329FF810B6B17C3D024C6A3', 'https://v5-dy-o-abtest.zjcdn.com/fa24e75e70f9dc04fb065cb0b1e69987/68f66e0d/video/tos/cn/tos-cn-ve-15/oEo2HxZVEKlgBx0AIYCaHAA6Q9Fs5CfevgmDQE/?a=6383&ch=10010&cr=3&dr=0&lr=all&cd=0%7C0%7C0%7C3&cv=1&br=208&bt=208&cs=2&ds=6&ft=c2YTctGHQPRUZxfusdr~kwPqYldQIKDEE-TerrNqq_45a&mime_type=video_mp4&qs=11&rc=NWYzNDc6ZGY5ZjY0NjloNUBpM3N1OnI5cjk4NjMzNGkzM0BgYi9hNjQ0NjMxYDJgXmBfYSNkL2hxMmQ0NWFhLS1kLS9zcw%3D%3D&btag=80000e00028000&cquery=101r_100B_100H_100K_100o&dy_q=1760969609&feature_id=b38008770b4e09863331b14b26bcdc23&l=20251020221329FF810B6B17C3D024C6A3', 'https://www.douyin.com/aweme/v1/play/?video_id=v0200fg10000d3d5867og65ot7kr2pg0&line=0&file_id=b2cea6c351c34c669c7a7794d120ecc2&sign=5b10a034f4b196855f4dd1d9df2b12f2&is_play_url=1&source=PackSourceEnum_PUBLISH'], 'width': 576, 'height': 1024, 'url_key': 'v0200fg10000d3d5867og65ot7kr2pg0_bytevc1_540p_213562', 'data_size': 2262505, 'file_hash': '5b10a034f4b196855f4dd1d9df2b12f2', 'file_cs': 'c:0-71354-de51|a:v0200fg10000d3d5867og65ot7kr2pg0'}, 'is_h265': 1, 'is_bytevc1': 1, 'HDR_type': '', 'HDR_bit': '', 'FPS': 30, 'video_extra': '{"PktOffsetMap":"[{\\"time\\": 1, \\"offset\\": 110408}, {\\"time\\": 2, \\"offset\\": 119471}, {\\"time\\": 3, \\"offset\\": 128834}, {\\"time\\": 4, \\"offset\\": 152360}, {\\"time\\": 5, \\"offset\\": 170088}, {\\"time\\": 10, \\"offset\\": 268190}]","format":"mp4","definition":"540p","quality":"adapt","file_id":"b2cea6c351c34c669c7a7794d120ecc2","applog_map":{"feature_id":"b38008770b4e09863331b14b26bcdc23"},"mvmaf":"{\\"mvmaf_sr_v1080\\":97.031,\\"mvmaf_sr_v960\\":98.682,\\"mvmaf_sr_v864\\":99.033,\\"mvmaf_sr_v720\\":99.414,\\"mvmaf_ori_v1080\\":84.484,\\"mvmaf_ori_v960\\":87.594,\\"mvmaf_ori_v864\\":89.134,\\"mvmaf_ori_v720\\":92.074}","ufq":"{\\"enh\\":93.815,\\"playback\\":{\\"ori\\":82.428,\\"srv1\\":92.862},\\"src\\":93.815,\\"trans\\":82.428,\\"version\\":\\"v1.0\\"}","audio_channels":"2.0","audio_sample_rate":"44100","audio_metrics":null,"audio_score":null}', 'format': 'mp4'}, {'gear_name': 'low_720_0', 'quality_type': 211, 'bit_rate': 355383, 'play_addr': {'uri': 'v0200fg10000d3d5867og65ot7kr2pg0', 'url_list': ['https://v5-dy-o-abtest.zjcdn.com/02c4a6c64767a1921159daa1e0909823/68f7955d/video/tos/cn/tos-cn-vd-0026/oo9BQFA5AeYfDx20VovPAgCswAIAgAxmDl2ZEg/media-video-avc1/?a=6383&ch=0&cr=8&dr=0&er=1&lr=default&cd=0%7C0%7C0%7C3&cv=1&br=347&bt=347&cs=0&ds=3&mime_type=video_mp4&qs=1&rc=ODplOzk5NTw1PGQ8NWg6ZkBpM3N1OnI5cjk4NjMzNGkzM0AvYF4wYjNjNjExMi5gLl5gYSNkL2hxMmQ0NWFhLS1kLS9zcw%3D%3D&btag=80000e00028000&cquery=101r_100o&dy_q=1760969609&l=20251020221329FF810B6B17C3D024C6A3', 'https://v5-dy-o-abtest.zjcdn.com/02c4a6c64767a1921159daa1e0909823/68f7955d/video/tos/cn/tos-cn-vd-0026/oo9BQFA5AeYfDx20VovPAgCswAIAgAxmDl2ZEg/media-video-avc1/?a=6383&ch=0&cr=8&dr=0&er=1&lr=default&cd=0%7C0%7C0%7C3&cv=1&br=347&bt=347&cs=0&ds=3&mime_type=video_mp4&qs=1&rc=ODplOzk5NTw1PGQ8NWg6ZkBpM3N1OnI5cjk4NjMzNGkzM0AvYF4wYjNjNjExMi5gLl5gYSNkL2hxMmQ0NWFhLS1kLS9zcw%3D%3D&btag=80000e00028000&cquery=101r_100o&dy_q=1760969609&l=20251020221329FF810B6B17C3D024C6A3', 'https://www.douyin.com/aweme/v1/play/dash/?video_id=v0200fg10000d3d5867og65ot7kr2pg0&line=0&file_id=cca71ec2195a494299f266e638abc725&sign=c61254ba67f2bd854407d3d2bb855d13&is_play_url=1&source=PackSourceEnum_PUBLISH'], 'width': 720, 'height': 1280, 'url_key': 'v0200fg10000d3d5867og65ot7kr2pg0_h264_720p_355383', 'data_size': 3764083, 'file_hash': 'c61254ba67f2bd854407d3d2bb855d13'}, 'is_h265': 0, 'is_bytevc1': 0, 'HDR_type': '', 'HDR_bit': '', 'FPS': 30, 'video_extra': '{"PktOffsetMap":"","format":"dash","sub_info":"{\\"audio_channels\\":\\"2.0\\",\\"audio_layout\\":\\"C\\",\\"audio_sample_rate\\":\\"44100\\",\\"base_range_info\\":{\\"first_moof_range\\":\\"1159-3258\\",\\"index_range\\":\\"995-1158\\",\\"init_range\\":\\"0-994\\"},\\"check_info\\":{\\"check_info\\":\\"a:v0200fg10000d3d5867og65ot7kr2pg0|b:0-1158-b192e9aacbf02ab0a0eed9a7f280467a|c:0-1158-1273\\"},\\"first_segment_range\\":\\"1159-258639\\",\\"gear_des_key\\":\\"0:DASH|1:normal|2:h264|4:720p|5:low|10000:105\\",\\"quality_type\\":11}","definition":"720p","quality":"low","quality_desc":"","file_id":"cca71ec2195a494299f266e638abc725","real_bitrate":408980,"audio_file_id":"c4fcc4cc8cfcc2a61d3dd87adf216c21","applog_map":{"feature_id":"0ea98fd3bdc3c6c14a3d0804cc272721"},"audio_metrics":null,"audio_score":null}', 'format': 'dash'}, {'gear_name': 'low_540_0', 'quality_type': 292, 'bit_rate': 322504, 'play_addr': {'uri': 'v0200fg10000d3d5867og65ot7kr2pg0', 'url_list': ['https://v5-dy-o-abtest.zjcdn.com/3fd2a1af7b6c8ca4870a550ed4b42382/68f7955d/video/tos/cn/tos-cn-vd-0026/oMEAACJflrzRNDA9Ys2o0AFQAAfD9HgAAixMZB/media-video-avc1/?a=6383&ch=0&cr=8&dr=0&er=1&lr=default&cd=0%7C0%7C0%7C3&cv=1&br=314&bt=314&cs=0&ds=6&mime_type=video_mp4&qs=1&rc=OGg5aGc3Nmc5ZTNoZ2QzOEBpM3N1OnI5cjk4NjMzNGkzM0BhMDJeLzUuXy0xYmEzLTVjYSNkL2hxMmQ0NWFhLS1kLS9zcw%3D%3D&btag=80000e00028000&cquery=101r_100o&dy_q=1760969609&l=20251020221329FF810B6B17C3D024C6A3', 'https://v5-dy-o-abtest.zjcdn.com/3fd2a1af7b6c8ca4870a550ed4b42382/68f7955d/video/tos/cn/tos-cn-vd-0026/oMEAACJflrzRNDA9Ys2o0AFQAAfD9HgAAixMZB/media-video-avc1/?a=6383&ch=0&cr=8&dr=0&er=1&lr=default&cd=0%7C0%7C0%7C3&cv=1&br=314&bt=314&cs=0&ds=6&mime_type=video_mp4&qs=1&rc=OGg5aGc3Nmc5ZTNoZ2QzOEBpM3N1OnI5cjk4NjMzNGkzM0BhMDJeLzUuXy0xYmEzLTVjYSNkL2hxMmQ0NWFhLS1kLS9zcw%3D%3D&btag=80000e00028000&cquery=101r_100o&dy_q=1760969609&l=20251020221329FF810B6B17C3D024C6A3', 'https://www.douyin.com/aweme/v1/play/dash/?video_id=v0200fg10000d3d5867og65ot7kr2pg0&line=0&file_id=f5800a6ddee04b06bd13842dae563ed5&sign=43f843ca2f45eb773369891a0cd1b2c4&is_play_url=1&source=PackSourceEnum_PUBLISH'], 'width': 576, 'height': 1024, 'url_key': 'v0200fg10000d3d5867og65ot7kr2pg0_h264_540p_322504', 'data_size': 3415837, 'file_hash': '43f843ca2f45eb773369891a0cd1b2c4'}, 'is_h265': 0, 'is_bytevc1': 0, 'HDR_type': '', 'HDR_bit': '', 'FPS': 30, 'video_extra': '{"PktOffsetMap":"","format":"dash","sub_info":"{\\"audio_channels\\":\\"2.0\\",\\"audio_layout\\":\\"C\\",\\"audio_sample_rate\\":\\"44100\\",\\"base_range_info\\":{\\"first_moof_range\\":\\"1159-3258\\",\\"index_range\\":\\"995-1158\\",\\"init_range\\":\\"0-994\\"},\\"check_info\\":{\\"check_info\\":\\"a:v0200fg10000d3d5867og65ot7kr2pg0|b:0-1158-56fd6c01e2aab31cc9f1ec825f0516e1|c:0-1158-5d1c\\"},\\"first_segment_range\\":\\"1159-237791\\",\\"gear_des_key\\":\\"0:DASH|1:normal|2:h264|4:540p|5:low|10000:105\\"}","definition":"540p","quality":"low","quality_desc":"","file_id":"f5800a6ddee04b06bd13842dae563ed5","real_bitrate":376102,"audio_file_id":"c4fcc4cc8cfcc2a61d3dd87adf216c21","applog_map":{"feature_id":"0ea98fd3bdc3c6c14a3d0804cc272721"},"audio_metrics":null,"audio_score":null}', 'format': 'dash'}, {'gear_name': 'adapt_low_540_0', 'quality_type': 291, 'bit_rate': 224863, 'play_addr': {'uri': 'v0200fg10000d3d5867og65ot7kr2pg0', 'url_list': ['https://v5-dy-o-abtest.zjcdn.com/932c4d764867db3ff4691d1fd125cbd5/68f7955d/video/tos/cn/tos-cn-vd-0026/o0BZA2Z2aFDA0AlAIoEDxWfggAkSgQmeACsYx9/media-video-avc1/?a=6383&ch=0&cr=8&dr=0&er=1&lr=default&cd=0%7C0%7C0%7C3&cv=1&br=219&bt=219&cs=0&ds=6&mime_type=video_mp4&qs=12&rc=Ojs1OjlmaDg7OTo0M2doZ0BpM3N1OnI5cjk4NjMzNGkzM0BiYTJeXzRjXi8xL2MvMjIwYSNkL2hxMmQ0NWFhLS1kLS9zcw%3D%3D&btag=80000e00028000&cquery=101r_100o&dy_q=1760969609&l=20251020221329FF810B6B17C3D024C6A3', 'https://v5-dy-o-abtest.zjcdn.com/932c4d764867db3ff4691d1fd125cbd5/68f7955d/video/tos/cn/tos-cn-vd-0026/o0BZA2Z2aFDA0AlAIoEDxWfggAkSgQmeACsYx9/media-video-avc1/?a=6383&ch=0&cr=8&dr=0&er=1&lr=default&cd=0%7C0%7C0%7C3&cv=1&br=219&bt=219&cs=0&ds=6&mime_type=video_mp4&qs=12&rc=Ojs1OjlmaDg7OTo0M2doZ0BpM3N1OnI5cjk4NjMzNGkzM0BiYTJeXzRjXi8xL2MvMjIwYSNkL2hxMmQ0NWFhLS1kLS9zcw%3D%3D&btag=80000e00028000&cquery=101r_100o&dy_q=1760969609&l=20251020221329FF810B6B17C3D024C6A3', 'https://www.douyin.com/aweme/v1/play/dash/?video_id=v0200fg10000d3d5867og65ot7kr2pg0&line=0&file_id=3d5e5d20f1274628a5fe7cb6a752d8e7&sign=31bf87570a3e843fb903227eca4dca60&is_play_url=1&source=PackSourceEnum_PUBLISH'], 'width': 576, 'height': 1024, 'url_key': 'v0200fg10000d3d5867og65ot7kr2pg0_h264_540p_224863', 'data_size': 2381660, 'file_hash': '31bf87570a3e843fb903227eca4dca60'}, 'is_h265': 0, 'is_bytevc1': 0, 'HDR_type': '', 'HDR_bit': '', 'FPS': 30, 'video_extra': '{"PktOffsetMap":"","format":"dash","sub_info":"{\\"audio_channels\\":\\"2.0\\",\\"audio_layout\\":\\"C\\",\\"audio_sample_rate\\":\\"44100\\",\\"base_range_info\\":{\\"first_moof_range\\":\\"1158-3257\\",\\"index_range\\":\\"994-1157\\",\\"init_range\\":\\"0-993\\"},\\"check_info\\":{\\"check_info\\":\\"a:v0200fg10000d3d5867og65ot7kr2pg0|b:0-1157-d41ae897634cdcc8ce16d747209ab828|c:0-1157-e72e\\"},\\"first_segment_range\\":\\"1158-169819\\",\\"gear_des_key\\":\\"0:DASH|1:normal|2:h264|4:540p|5:adapt_low|10000:105\\",\\"quality_type\\":291}","definition":"540p","quality":"adapt_low","quality_desc":"","file_id":"3d5e5d20f1274628a5fe7cb6a752d8e7","real_bitrate":278490,"audio_file_id":"c4fcc4cc8cfcc2a61d3dd87adf216c21","applog_map":{"feature_id":"0ea98fd3bdc3c6c14a3d0804cc272721"},"audio_metrics":null,"audio_score":null}', 'format': 'dash'}, {'gear_name': 'adapt_lowest_720_1', 'quality_type': 15, 'bit_rate': 182019, 'play_addr': {'uri': 'v0200fg10000d3d5867og65ot7kr2pg0', 'url_list': ['https://v5-dy-o-abtest.zjcdn.com/b446ba559fb80a25d74082b8d2f8acd4/68f7955d/video/tos/cn/tos-cn-vd-0026/osZaY0QEAe9mAgwI6BFoAVDDggCEAArmfl2Axx/media-video-hvc1/?a=6383&ch=0&cr=8&dr=0&er=1&lr=default&cd=0%7C0%7C0%7C3&cv=1&br=177&bt=177&cs=4&ds=3&mime_type=video_mp4&qs=15&rc=NGg8NTo7ODw5Nmg3ZzQ0M0BpM3N1OnI5cjk4NjMzNGkzM0AvMzQtMTQvXmMxL18xNC80YSNkL2hxMmQ0NWFhLS1kLS9zcw%3D%3D&btag=80000e00028000&cquery=101r_100o&dy_q=1760969609&l=20251020221329FF810B6B17C3D024C6A3', 'https://v5-dy-o-abtest.zjcdn.com/b446ba559fb80a25d74082b8d2f8acd4/68f7955d/video/tos/cn/tos-cn-vd-0026/osZaY0QEAe9mAgwI6BFoAVDDggCEAArmfl2Axx/media-video-hvc1/?a=6383&ch=0&cr=8&dr=0&er=1&lr=default&cd=0%7C0%7C0%7C3&cv=1&br=177&bt=177&cs=4&ds=3&mime_type=video_mp4&qs=15&rc=NGg8NTo7ODw5Nmg3ZzQ0M0BpM3N1OnI5cjk4NjMzNGkzM0AvMzQtMTQvXmMxL18xNC80YSNkL2hxMmQ0NWFhLS1kLS9zcw%3D%3D&btag=80000e00028000&cquery=100o_101r&dy_q=1760969609&l=20251020221329FF810B6B17C3D024C6A3', 'https://www.douyin.com/aweme/v1/play/dash/?video_id=v0200fg10000d3d5867og65ot7kr2pg0&line=0&file_id=7021714db42e43f6a925784702796e21&sign=188c7df77eb0b4c2026affcae49bd3f7&is_play_url=1&source=PackSourceEnum_PUBLISH'], 'width': 720, 'height': 1280, 'url_key': 'v0200fg10000d3d5867og65ot7kr2pg0_bytevc1_720p_182019', 'data_size': 1927875, 'file_hash': '188c7df77eb0b4c2026affcae49bd3f7'}, 'is_h265': 1, 'is_bytevc1': 1, 'HDR_type': '', 'HDR_bit': '', 'FPS': 30, 'video_extra': '{"PktOffsetMap":"","format":"dash","sub_info":"{\\"audio_channels\\":\\"2.0\\",\\"audio_layout\\":\\"C\\",\\"audio_sample_rate\\":\\"44100\\",\\"base_range_info\\":{\\"first_moof_range\\":\\"1317-3096\\",\\"index_range\\":\\"1129-1316\\",\\"init_range\\":\\"0-1128\\"},\\"check_info\\":{\\"check_info\\":\\"a:v0200fg10000d3d5867og65ot7kr2pg0|b:0-1316-1289da81b9c9cdeace734881608787fa|c:0-1316-de4e\\"},\\"first_segment_range\\":\\"1317-90710\\",\\"gear_des_key\\":\\"0:DASH|1:normal|2:h265_hvc1|4:720p|5:adapt_lowest|10000:105\\",\\"quality_type\\":15}","definition":"720p","quality":"adapt_lowest","quality_desc":"","file_id":"7021714db42e43f6a925784702796e21","real_bitrate":232538,"audio_file_id":"c4fcc4cc8cfcc2a61d3dd87adf216c21","applog_map":{"feature_id":"b38008770b4e09863331b14b26bcdc23"},"mvmaf":"{\\"mvmaf_sr_v1080\\":99.002,\\"mvmaf_sr_v960\\":99.49,\\"mvmaf_sr_v864\\":99.735,\\"mvmaf_sr_v720\\":99.905,\\"mvmaf_ori_v1080\\":89.499,\\"mvmaf_ori_v960\\":91.541,\\"mvmaf_ori_v864\\":92.744,\\"mvmaf_ori_v720\\":95.445}","ufq":"{\\"enh\\":93.815,\\"playback\\":{\\"ori\\":87.314,\\"srv1\\":93.257},\\"src\\":93.815,\\"trans\\":87.314,\\"version\\":\\"v1.0\\"}","audio_metrics":null,"audio_score":null}', 'format': 'dash'}, {'gear_name': 'adapt_lowest_1080_1', 'quality_type': 2, 'bit_rate': 179823, 'play_addr': {'uri': 'v0200fg10000d3d5867og65ot7kr2pg0', 'url_list': ['https://v5-dy-o-abtest.zjcdn.com/271e00b7a9ec37a69a68a98122c0eea3/68f7955d/video/tos/cn/tos-cn-vd-0026/oAgDo2AxCmYlABg00BQAOxAAEDCkaZAIegfF9V/media-video-hvc1/?a=6383&ch=0&cr=8&dr=0&er=1&lr=default&cd=0%7C0%7C0%7C3&cv=1&br=175&bt=175&cs=4&ds=4&mime_type=video_mp4&qs=15&rc=Zmk0NGg5aWU5ODMzZWQ3N0BpM3N1OnI5cjk4NjMzNGkzM0AwY2NeNmE0NS8xYTAtXzEtYSNkL2hxMmQ0NWFhLS1kLS9zcw%3D%3D&btag=80000e00028000&cquery=101r_100o&dy_q=1760969609&l=20251020221329FF810B6B17C3D024C6A3', 'https://v5-dy-o-abtest.zjcdn.com/271e00b7a9ec37a69a68a98122c0eea3/68f7955d/video/tos/cn/tos-cn-vd-0026/oAgDo2AxCmYlABg00BQAOxAAEDCkaZAIegfF9V/media-video-hvc1/?a=6383&ch=0&cr=8&dr=0&er=1&lr=default&cd=0%7C0%7C0%7C3&cv=1&br=175&bt=175&cs=4&ds=4&mime_type=video_mp4&qs=15&rc=Zmk0NGg5aWU5ODMzZWQ3N0BpM3N1OnI5cjk4NjMzNGkzM0AwY2NeNmE0NS8xYTAtXzEtYSNkL2hxMmQ0NWFhLS1kLS9zcw%3D%3D&btag=80000e00028000&cquery=101r_100o&dy_q=1760969609&l=20251020221329FF810B6B17C3D024C6A3', 'https://www.douyin.com/aweme/v1/play/dash/?video_id=v0200fg10000d3d5867og65ot7kr2pg0&line=0&file_id=0444ba0b30d045268b7fd69ea1f1ff3c&sign=42a13f7494a770798a6043382218873f&is_play_url=1&source=PackSourceEnum_PUBLISH'], 'width': 1080, 'height': 1920, 'url_key': 'v0200fg10000d3d5867og65ot7kr2pg0_bytevc1_1080p_179823', 'data_size': 1904621, 'file_hash': '42a13f7494a770798a6043382218873f'}, 'is_h265': 1, 'is_bytevc1': 1, 'HDR_type': '', 'HDR_bit': '', 'FPS': 30, 'video_extra': '{"PktOffsetMap":"","format":"dash","sub_info":"{\\"audio_channels\\":\\"2.0\\",\\"audio_layout\\":\\"C\\",\\"audio_sample_rate\\":\\"44100\\",\\"base_range_info\\":{\\"first_moof_range\\":\\"1316-3095\\",\\"index_range\\":\\"1128-1315\\",\\"init_range\\":\\"0-1127\\"},\\"check_info\\":{\\"check_info\\":\\"a:v0200fg10000d3d5867og65ot7kr2pg0|b:0-1315-f6ccd6302999d57f0c38c1d0aa16fb3e|c:0-1315-61ea\\"},\\"first_segment_range\\":\\"1316-98475\\",\\"gear_des_key\\":\\"0:DASH|1:normal|2:h265_hvc1|4:1080p|5:adapt_lowest|10000:105\\",\\"quality_type\\":2}","definition":"1080p","quality":"adapt_lowest","quality_desc":"","file_id":"0444ba0b30d045268b7fd69ea1f1ff3c","real_bitrate":230342,"audio_file_id":"c4fcc4cc8cfcc2a61d3dd87adf216c21","applog_map":{"feature_id":"b38008770b4e09863331b14b26bcdc23"},"mvmaf":"{\\"mvmaf_sr_v1080\\":99.358,\\"mvmaf_sr_v960\\":99.191,\\"mvmaf_sr_v864\\":99.343,\\"mvmaf_sr_v720\\":99.463,\\"mvmaf_ori_v1080\\":92.994,\\"mvmaf_ori_v960\\":93.464,\\"mvmaf_ori_v864\\":93.892,\\"mvmaf_ori_v720\\":94.608}","ufq":"{\\"enh\\":93.815,\\"playback\\":{\\"ori\\":90.809,\\"srv1\\":93.328},\\"src\\":93.815,\\"trans\\":90.809,\\"version\\":\\"v1.0\\"}","audio_metrics":null,"audio_score":null}', 'format': 'dash'}, {'gear_name': 'adapt_540_1', 'quality_type': 28, 'bit_rate': 159960, 'play_addr': {'uri': 'v0200fg10000d3d5867og65ot7kr2pg0', 'url_list': ['https://v5-dy-o-abtest.zjcdn.com/74f2b4eb73f8e931d39c02b8b72056a4/68f7955d/video/tos/cn/tos-cn-vd-0026/oUEeNA9ARAAfZAG0AoAg9A0iCBFQzr2Dlo3YSx/media-video-hvc1/?a=6383&ch=0&cr=8&dr=0&er=1&lr=default&cd=0%7C0%7C0%7C3&cv=1&br=156&bt=156&cs=4&ds=6&mime_type=video_mp4&qs=11&rc=OGVnZTc0ZDU4aDM1ZmZkPEBpM3N1OnI5cjk4NjMzNGkzM0AtYDEvMTEwNTExYzJeMDBgYSNkL2hxMmQ0NWFhLS1kLS9zcw%3D%3D&btag=80000e00028000&cquery=101r_100o&dy_q=1760969609&l=20251020221329FF810B6B17C3D024C6A3', 'https://v5-dy-o-abtest.zjcdn.com/74f2b4eb73f8e931d39c02b8b72056a4/68f7955d/video/tos/cn/tos-cn-vd-0026/oUEeNA9ARAAfZAG0AoAg9A0iCBFQzr2Dlo3YSx/media-video-hvc1/?a=6383&ch=0&cr=8&dr=0&er=1&lr=default&cd=0%7C0%7C0%7C3&cv=1&br=156&bt=156&cs=4&ds=6&mime_type=video_mp4&qs=11&rc=OGVnZTc0ZDU4aDM1ZmZkPEBpM3N1OnI5cjk4NjMzNGkzM0AtYDEvMTEwNTExYzJeMDBgYSNkL2hxMmQ0NWFhLS1kLS9zcw%3D%3D&btag=80000e00028000&cquery=100o_101r&dy_q=1760969609&l=20251020221329FF810B6B17C3D024C6A3', 'https://www.douyin.com/aweme/v1/play/dash/?video_id=v0200fg10000d3d5867og65ot7kr2pg0&line=0&file_id=c93a3cac52f04e45823a41442b4dcb05&sign=bcb7163412671840c1262f1f404c018c&is_play_url=1&source=PackSourceEnum_PUBLISH'], 'width': 576, 'height': 1024, 'url_key': 'v0200fg10000d3d5867og65ot7kr2pg0_bytevc1_540p_159960', 'data_size': 1694236, 'file_hash': 'bcb7163412671840c1262f1f404c018c'}, 'is_h265': 1, 'is_bytevc1': 1, 'HDR_type': '', 'HDR_bit': '', 'FPS': 30, 'video_extra': '{"PktOffsetMap":"","format":"dash","sub_info":"{\\"audio_channels\\":\\"2.0\\",\\"audio_layout\\":\\"C\\",\\"audio_sample_rate\\":\\"44100\\",\\"base_range_info\\":{\\"first_moof_range\\":\\"1317-3096\\",\\"index_range\\":\\"1129-1316\\",\\"init_range\\":\\"0-1128\\"},\\"check_info\\":{\\"check_info\\":\\"a:v0200fg10000d3d5867og65ot7kr2pg0|b:0-1316-5ea03586b6c88dffa33ad33a46309b56|c:0-1316-44d1\\"},\\"first_segment_range\\":\\"1317-82542\\",\\"gear_des_key\\":\\"0:DASH|1:normal|2:h265_hvc1|4:540p|5:adapt|10000:105\\",\\"quality_type\\":28}","definition":"540p","quality":"adapt","quality_desc":"","file_id":"c93a3cac52f04e45823a41442b4dcb05","real_bitrate":213562,"audio_file_id":"c4fcc4cc8cfcc2a61d3dd87adf216c21","applog_map":{"feature_id":"b38008770b4e09863331b14b26bcdc23"},"mvmaf":"{\\"mvmaf_sr_v1080\\":97.031,\\"mvmaf_sr_v960\\":98.682,\\"mvmaf_sr_v864\\":99.033,\\"mvmaf_sr_v720\\":99.414,\\"mvmaf_ori_v1080\\":84.484,\\"mvmaf_ori_v960\\":87.594,\\"mvmaf_ori_v864\\":89.134,\\"mvmaf_ori_v720\\":92.074}","ufq":"{\\"enh\\":93.815,\\"playback\\":{\\"ori\\":82.428,\\"srv1\\":92.862},\\"src\\":93.815,\\"trans\\":82.428,\\"version\\":\\"v1.0\\"}","audio_metrics":null,"audio_score":null}', 'format': 'dash'}], 'duration': 84753, 'play_addr_265': {'uri': 'v0200fg10000d3d5867og65ot7kr2pg0', 'url_list': ['https://v5-dy-o-abtest.zjcdn.com/fa24e75e70f9dc04fb065cb0b1e69987/68f66e0d/video/tos/cn/tos-cn-ve-15/oEo2HxZVEKlgBx0AIYCaHAA6Q9Fs5CfevgmDQE/?a=6383&ch=10010&cr=3&dr=0&lr=all&cd=0%7C0%7C0%7C3&cv=1&br=208&bt=208&cs=2&ds=6&ft=c2YTctGHQPRUZxfusdr~kwPqYldQIKDEE-TerrNqq_45a&mime_type=video_mp4&qs=11&rc=NWYzNDc6ZGY5ZjY0NjloNUBpM3N1OnI5cjk4NjMzNGkzM0BgYi9hNjQ0NjMxYDJgXmBfYSNkL2hxMmQ0NWFhLS1kLS9zcw%3D%3D&btag=80000e00028000&cquery=100B_100H_100K_100o_101r&dy_q=1760969609&feature_id=b38008770b4e09863331b14b26bcdc23&l=20251020221329FF810B6B17C3D024C6A3', 'https://v5-dy-o-abtest.zjcdn.com/fa24e75e70f9dc04fb065cb0b1e69987/68f66e0d/video/tos/cn/tos-cn-ve-15/oEo2HxZVEKlgBx0AIYCaHAA6Q9Fs5CfevgmDQE/?a=6383&ch=10010&cr=3&dr=0&lr=all&cd=0%7C0%7C0%7C3&cv=1&br=208&bt=208&cs=2&ds=6&ft=c2YTctGHQPRUZxfusdr~kwPqYldQIKDEE-TerrNqq_45a&mime_type=video_mp4&qs=11&rc=NWYzNDc6ZGY5ZjY0NjloNUBpM3N1OnI5cjk4NjMzNGkzM0BgYi9hNjQ0NjMxYDJgXmBfYSNkL2hxMmQ0NWFhLS1kLS9zcw%3D%3D&btag=80000e00028000&cquery=101r_100B_100H_100K_100o&dy_q=1760969609&feature_id=b38008770b4e09863331b14b26bcdc23&l=20251020221329FF810B6B17C3D024C6A3', 'https://www.douyin.com/aweme/v1/play/?video_id=v0200fg10000d3d5867og65ot7kr2pg0&line=0&file_id=b2cea6c351c34c669c7a7794d120ecc2&sign=5b10a034f4b196855f4dd1d9df2b12f2&is_play_url=1&source=PackSourceEnum_PUBLISH'], 'width': 576, 'height': 1024, 'url_key': 'v0200fg10000d3d5867og65ot7kr2pg0_bytevc1_540p_213562', 'data_size': 2262505, 'file_hash': '5b10a034f4b196855f4dd1d9df2b12f2', 'file_cs': 'c:0-71354-de51|a:v0200fg10000d3d5867og65ot7kr2pg0'}, 'bit_rate_audio': [{'audio_meta': {'url_list': {'main_url': 'https://v5-dy-o-abtest.zjcdn.com/4bad370aa00bcd803b29ab316cc06bdc/68f7955d/video/tos/cn/tos-cn-vd-0026/o0BZA2Z2aFDA0AlAIoEDxWfggAkSgQmeACsYx9/media-audio-und-mp4a/?a=6383&ch=0&cr=8&dr=0&er=1&lr=default&cd=0%7C0%7C0%7C3&cv=1&br=49&bt=49&cs=0&mime_type=video_mp4&qs=12&rc=NGY0aWQ7Z2c5NWZmZjdmN0BpM3N1OnI5cjk4NjMzNGkzM0AvMy9hNGEwLl5gYzVgYGNgYSNkL2hxMmQ0NWFhLS1kLS9zcw%3D%3D&btag=80000e00028000&cquery=101r_100o&dy_q=1760969609&l=20251020221329FF810B6B17C3D024C6A3', 'backup_url': 'https://v5-dy-o-abtest.zjcdn.com/4bad370aa00bcd803b29ab316cc06bdc/68f7955d/video/tos/cn/tos-cn-vd-0026/o0BZA2Z2aFDA0AlAIoEDxWfggAkSgQmeACsYx9/media-audio-und-mp4a/?a=6383&ch=0&cr=8&dr=0&er=1&lr=default&cd=0%7C0%7C0%7C3&cv=1&br=49&bt=49&cs=0&mime_type=video_mp4&qs=12&rc=NGY0aWQ7Z2c5NWZmZjdmN0BpM3N1OnI5cjk4NjMzNGkzM0AvMy9hNGEwLl5gYzVgYGNgYSNkL2hxMmQ0NWFhLS1kLS9zcw%3D%3D&btag=80000e00028000&cquery=101r_100o&dy_q=1760969609&l=20251020221329FF810B6B17C3D024C6A3', 'fallback_url': 'https://www.douyin.com/aweme/v1/play/dash/?video_id=v0200fg10000d3d5867og65ot7kr2pg0&line=0&file_id=c4fcc4cc8cfcc2a61d3dd87adf216c21&sign=c4fcc4cc8cfcc2a61d3dd87adf216c21&is_play_url=1&source=PackSourceEnum_PUBLISH'}, 'encoded_type': 'normal', 'media_type': 'audio', 'logo_type': '', 'quality': 'adapt_low', 'quality_desc': '', 'format': 'dash', 'bitrate': 50519, 'codec_type': 'h264', 'size': 535202, 'fps': 0, 'file_id': 'c4fcc4cc8cfcc2a61d3dd87adf216c21', 'file_hash': 'c4fcc4cc8cfcc2a61d3dd87adf216c21', 'sub_info': '{"audio_channels":"2.0","audio_layout":"C","audio_sample_rate":"44100","base_range_info":{"index_range":"870-1033","init_range":"0-869"},"check_info":{"check_info":"a:v0200fg10000d3d5867og65ot7kr2pg0|b:0-1033-eec3ece3ccbd191ac0420d5be363d614|c:0-1033-1e4a"},"first_segment_range":"1034-52718","gear_des_key":"0:dash|1:normal|2:h264|5:adapt_low|10000:105"}'}, 'audio_quality': 5, 'audio_extra': '{"real_bitrate":278490}'}], 'play_addr_h264': {'uri': 'v0200fg10000d3d5867og65ot7kr2pg0', 'url_list': ['https://v5-dy-o-abtest.zjcdn.com/afb97a4630534f7ea2f9a6644dc30627/68f66e0d/video/tos/cn/tos-cn-ve-15/oYQA9QoEaeZDqBmVgYCHlfELFAA9jQ2xPgx0EI/?a=6383&ch=10010&cr=3&dr=0&lr=all&cd=0%7C0%7C0%7C3&cv=1&br=479&bt=479&cs=0&ds=3&ft=c2YTctGHQPRUZxfusdr~kwPqYldQIKDEE-TerrNqq_45a&mime_type=video_mp4&qs=0&rc=OTU3OjM8ZDdkOjM5ZmQ8ZUBpM3N1OnI5cjk4NjMzNGkzM0BfNWAuNDEvNTExYl4vXjQzYSNkL2hxMmQ0NWFhLS1kLS9zcw%3D%3D&btag=80000e00028000&cquery=100B_100H_100K_100o_101r&dy_q=1760969609&feature_id=fea919893f650a8c49286568590446ef&l=20251020221329FF810B6B17C3D024C6A3', 'https://v5-dy-o-abtest.zjcdn.com/afb97a4630534f7ea2f9a6644dc30627/68f66e0d/video/tos/cn/tos-cn-ve-15/oYQA9QoEaeZDqBmVgYCHlfELFAA9jQ2xPgx0EI/?a=6383&ch=10010&cr=3&dr=0&lr=all&cd=0%7C0%7C0%7C3&cv=1&br=479&bt=479&cs=0&ds=3&ft=c2YTctGHQPRUZxfusdr~kwPqYldQIKDEE-TerrNqq_45a&mime_type=video_mp4&qs=0&rc=OTU3OjM8ZDdkOjM5ZmQ8ZUBpM3N1OnI5cjk4NjMzNGkzM0BfNWAuNDEvNTExYl4vXjQzYSNkL2hxMmQ0NWFhLS1kLS9zcw%3D%3D&btag=80000e00028000&cquery=101r_100B_100H_100K_100o&dy_q=1760969609&feature_id=fea919893f650a8c49286568590446ef&l=20251020221329FF810B6B17C3D024C6A3', 'https://www.douyin.com/aweme/v1/play/?video_id=v0200fg10000d3d5867og65ot7kr2pg0&line=0&file_id=6b79aa2ca6e0474a842a497017c482b6&sign=0a62abe962c4006a7006d255a9771b26&is_play_url=1&source=PackSourceEnum_PUBLISH'], 'width': 720, 'height': 1280, 'url_key': 'v0200fg10000d3d5867og65ot7kr2pg0_h264_720p_491075', 'data_size': 5202513, 'file_hash': '0a62abe962c4006a7006d255a9771b26', 'file_cs': 'c:0-93405-8a5b|a:v0200fg10000d3d5867og65ot7kr2pg0'}, 'raw_cover': {'uri': 'tos-cn-i-dy/b7b55499bbd045e2b36e2be5f4306b39', 'url_list': ['https://p3-pc-sign.douyinpic.com/tos-cn-i-dy/b7b55499bbd045e2b36e2be5f4306b39~tplv-dy-cropcenter:323:430.jpeg?lk3s=138a59ce&x-expires=2076328800&x-signature=At8nr5vqKl34C8m8eCVeLHqfphE%3D&from=327834062&s=PackSourceEnum_PUBLISH&se=true&sh=323_430&sc=cover&biz_tag=pcweb_cover&l=20251020221329FF810B6B17C3D024C6A3', 'https://p3-pc-sign.douyinpic.com/obj/tos-cn-i-dy/b7b55499bbd045e2b36e2be5f4306b39?lk3s=138a59ce&x-expires=2076328800&x-signature=%2BON3jVmVpJbeUTjoync9SzoKPFQ%3D&from=327834062&s=PackSourceEnum_PUBLISH&se=false&sc=cover&biz_tag=pcweb_cover&l=20251020221329FF810B6B17C3D024C6A3'], 'width': 720, 'height': 720}, 'is_long_video': 1, 'animated_cover': {'uri': 'tos-cn-i-dy/b7b55499bbd045e2b36e2be5f4306b39', 'url_list': ['https://p3-pc-sign.douyinpic.com/obj/tos-cn-i-dy/b7b55499bbd045e2b36e2be5f4306b39?lk3s=138a59ce&x-expires=1762178400&x-signature=fKd4Z5sH8nWx%2BmeiA0mX%2BmKsjbY%3D&from=327834062_large&s=PackSourceEnum_PUBLISH&se=false&sc=dynamic_cover&biz_tag=pcweb_cover&l=20251020221329FF810B6B17C3D024C6A3', 'https://p9-pc-sign.douyinpic.com/obj/tos-cn-i-dy/b7b55499bbd045e2b36e2be5f4306b39?lk3s=138a59ce&x-expires=1762178400&x-signature=E1IunEavIqGJ%2BWnpgVZUEGEmP70%3D&from=327834062_large&s=PackSourceEnum_PUBLISH&se=false&sc=dynamic_cover&biz_tag=pcweb_cover&l=20251020221329FF810B6B17C3D024C6A3']}, 'gaussian_cover': {'uri': 'tos-cn-p-0015/ogqloAQxQBDigNAYQpWAB390ACFM92zEeYw0fA', 'url_list': ['https://p3-pc-sign.douyinpic.com/tos-cn-p-0015/ogqloAQxQBDigNAYQpWAB390ACFM92zEeYw0fA~tplv-tsj2vxp0zn-gaosi:40.jpeg?lk3s=138a59ce&x-expires=1792504800&x-signature=IloZqWTgIJWGSxJR6a5C8J6hlA4%3D&from=327834062', 'https://p9-pc-sign.douyinpic.com/tos-cn-p-0015/ogqloAQxQBDigNAYQpWAB390ACFM92zEeYw0fA~tplv-tsj2vxp0zn-gaosi:40.jpeg?lk3s=138a59ce&x-expires=1792504800&x-signature=ZblAdX3RUiExb5txbyhY%2FjvQdRg%3D&from=327834062'], 'width': 720, 'height': 720}, 'meta': '{"enable_manual_ladder":"1","format":"mp4","gear_vqm":"{\\"1080p_720p\\":0,\\"720p_540p\\":2}","hrids":"500000002","is_spatial_video":"0","isad":"0","loudness":"-13.3","peak":"0.98855","qprf":"1.000","sdgs":"[\\"normal_720_0\\",\\"low_720_0\\",\\"low_540_0\\",\\"adapt_low_540_0\\",\\"adapt_lowest_720_1\\",\\"adapt_lowest_1080_1\\",\\"adapt_540_1\\"]","sr_potential":"{\\"v1.0\\":{\\"score\\":58.973}}","sr_score":"1.000","strategy_tokens":"[\\"online\\",\\"sexp_reward01_0721\\",\\"sexp_reward02_0721\\",\\"sexp_0701_0819\\",\\"sexp_0702_0819\\"]","title_info":"{\\"avg_br_pc\\":223,\\"bottom_res_add\\":[0.04,0,0,28.32,47.14,0,0,0,0,0,0,0,0,0,0],\\"bullet_zone\\":14.17,\\"mean_br_l\\":[241.69,233.83,226.12,218.83,211.04,202.43],\\"pc60_br_l\\":[244.53,236.02,227.45,219.53,211.09,201.92],\\"progress_bar\\":[244,244,244],\\"ratio_br_l\\":[244.53,236.01,227.44,219.29,210.83,201.2],\\"ratio_br_l_thre220\\":[0.99,0.8,0.61,0.48,0.4,0.35],\\"ratio_edge_l\\":[0,0,0,0.12,0.1,0.13],\\"std_br_l\\":[26.22,20.83,15.14,11.95,9.61,8.2],\\"top_res_add\\":[0,0,0,1.64,48.55,31.36,16.82],\\"version\\":\\"v1.0\\"}","volume_info":"{\\"Loudness\\":-13.3,\\"LoudnessRange\\":7.2,\\"MaximumShortTermLoudness\\":-7.7,\\"Peak\\":0.98855,\\"LoudnessRangeEnd\\":-10.3,\\"LoudnessRangeStart\\":-17.5,\\"MaximumMomentaryLoudness\\":-3.3,\\"Metrics\\":{\\"Loudness\\":{\\"Integrated\\":-13.312},\\"Phase\\":{\\"RMSDownmixDiff\\":-0.044},\\"RMSStats\\":{\\"RTotal\\":-16.784,\\"LRDiff\\":-0.052,\\"LTotal\\":-16.836,\\"Peak\\":-0.108},\\"Version\\":\\"1.4.2\\"},\\"Version\\":2}","vqs_origin":"75.88"}', 'video_model': '', 'is_source_HDR': 0, 'use_static_cover': True, 'big_thumbs': [{'img_num': 85, 'uri': 'tos-cn-p-0015/o0Am4YIgCAAFgElVnt9Zx2fecQDEABIIxCGo0a', 'img_url': 'https://p26-sign.douyinpic.com/tos-cn-p-0015/o0Am4YIgCAAFgElVnt9Zx2fecQDEABIIxCGo0a~tplv-noop.image?cquery=100B_100H_100K_100o_101r&dy_q=1760969609&l=20251020221329FF810B6B17C3D024C6A3&x-expires=1760980493&x-signature=gPNJs%2F%2BbAkdeeymdFsZ49vgcsrs%3D', 'img_x_size': 136, 'img_y_size': 240, 'img_x_len': 5, 'img_y_len': 5, 'duration': 84.73333, 'interval': 1, 'fext': 'jpg', 'uris': ['tos-cn-p-0015/o0Am4YIgCAAFgElVnt9Zx2fecQDEABIIxCGo0a', 'tos-cn-p-0015/ogmLABCFgf7EdgBx8ejppgKbRaPU6Gf2tJIAAB', 'tos-cn-p-0015/o4ANFYQgCNAFAElVfu9zx2f9WQDHABnQiEGo0a', 'tos-cn-p-0015/okAmxYIgC7AFgElVXv9Zx2fesQDhABDIxBGo0a'], 'img_urls': ['https://p26-sign.douyinpic.com/tos-cn-p-0015/o0Am4YIgCAAFgElVnt9Zx2fecQDEABIIxCGo0a~tplv-noop.image?cquery=100B_100H_100K_100o_101r&dy_q=1760969609&l=20251020221329FF810B6B17C3D024C6A3&x-expires=1760980493&x-signature=gPNJs%2F%2BbAkdeeymdFsZ49vgcsrs%3D', 'https://p26-sign.douyinpic.com/tos-cn-p-0015/ogmLABCFgf7EdgBx8ejppgKbRaPU6Gf2tJIAAB~tplv-noop.image?cquery=100B_100H_100K_100o_101r&dy_q=1760969609&l=20251020221329FF810B6B17C3D024C6A3&x-expires=1760980493&x-signature=%2BNBXwxRug7qadnMSqN4xltKIu%2Fo%3D', 'https://p26-sign.douyinpic.com/tos-cn-p-0015/o4ANFYQgCNAFAElVfu9zx2f9WQDHABnQiEGo0a~tplv-noop.image?cquery=100B_100H_100K_100o_101r&dy_q=1760969609&l=20251020221329FF810B6B17C3D024C6A3&x-expires=1760980493&x-signature=aAlDKSF9gLvTu1ss%2BW9MhUUyAhU%3D', 'https://p26-sign.douyinpic.com/tos-cn-p-0015/okAmxYIgC7AFgElVXv9Zx2fesQDhABDIxBGo0a~tplv-noop.image?cquery=100K_100o_101r_100B_100H&dy_q=1760969609&l=20251020221329FF810B6B17C3D024C6A3&x-expires=1760980493&x-signature=oCM%2FHYfteB8ayAKpSAZGZZd9F94%3D']}]}, 'item_aigc_follow_shot': 1, 'user_digged': 0, 'statistics': {'recommend_count': 3, 'comment_count': 0, 'digg_count': 36, 'admire_count': 0, 'play_count': 0, 'share_count': 6, 'collect_count': 12}, 'status': {'not_allow_soft_del_reason': 'ab', 'is_delete': False, 'allow_share': True, 'review_result': {'review_status': 0}, 'allow_friend_recommend_guide': True, 'part_see': 0, 'private_status': 0, 'listen_video_status': 2, 'in_reviewing': False, 'allow_self_recommend_to_friend': True, 'allow_friend_recommend': True, 'is_prohibited': False, 'enable_soft_delete': 0}, 'ent_log_extra': {'log_extra': '{"global_log_extra":null,"page_log_extra":null,"aweme_log_extra":{"ce_current_group_id":"7555444073327365376","author_id":"1965574329213736"},"extra_log_extra":null}'}, 'text_extra': [], 'is_top': 0, 'publish_plus_alienation': {'alienation_type': 0}, 'share_info': {'share_url': 'https://www.iesdouyin.com/share/video/7555444073327365376/?region=US&mid=7555444072014646056&u_code=0&did=MS4wLjABAAAAvCMmrvAxedjvycgJ9K0iX5KdtDHpyq-etIWoeicy6xniB0XMxRYv3S-CyP_GdsPs&iid=MS4wLjABAAAANwkJuWIRFOzg5uCpDRpMj4OX-QryoDgn-yYlXQnRwQQ&with_sec_did=1&video_share_track_ver=&titleType=title&share_sign=fibH0SJ1Y2XFw90olS04kFVSPWyaPIYD5JgzWNyBQ_Y-&share_version=290100&ts=1760969609&from_aid=6383&from_ssr=1&share_track_info=%7B%22link_description_type%22%3A%22%22%7D', 'share_link_desc': '9.71 02/16 JIi:/ m@q.rR 童年没建立安全感孩子会长成讨好型 “我必须拼命努力，才配被爱”—— 缺安全感的人，都懂这种窒息感吧！ # 幼儿教育# 父母课堂# 育儿# 亲子关系# 家庭教育# 孙瑞雪  %s 复制此链接，打开Dou音搜索，直接观看视频！'}, 'nearby_hot_comment': None, 'video_labels': None, 'entertainment_video_type': 3, 'is_ads': False, 'duration': 84753, 'aweme_type': 0, 'select_anchor_expanded_content': 0, 'ai_follow_images': None, 'image_infos': None, 'risk_infos': {'vote': False, 'warn': False, 'risk_sink': False, 'type': 0, 'content': ''}, 'entertainment_video_paid_way': {'paid_ways': [], 'paid_type': 0, 'enable_use_new_ent_data': False}, 'flash_mob_trends': 0, 'position': None, 'uniqid_position': None, 'comment_list': None, 'author_user_id': 1965574329213736, 'product_genre_info': {'product_genre_type': 2, 'material_genre_sub_type_set': [4], 'special_info': {'recommend_group_name': 0}}, 'geofencing': [], 'series_basic_info': {}, 'is_moment_history': 0, 'region': '', 'video_text': None, 'recommend_chapter_info': {'recommend_chapter_list': [{'desc': '安全感的重要性', 'timestamp': 3000, 'detail': '安全感是生命基本要求，影响一生。', 'points': None}, {'desc': '生存策略的形成', 'timestamp': 28000, 'detail': '讨好、努力、竞争、冷漠躲避等都是生存策略。', 'points': None}, {'desc': '建立安全感的必要性', 'timestamp': 71000, 'detail': '孩子需在安全基础上成长，否则永远停留在寻求安全感阶段。', 'points': None}], 'chapter_recommend_type': 1, 'chapter_abstract': '童年时期安全感的建立对孩子至关重要，缺乏安全感可能导致孩子形成讨好型人格或其他生存策略。为了让孩子健康成长，家长应努力为孩子建立安全感。', 'chapter_recommend_source': 2, 'push_scene': [], 'chapter_bar_color': None}, 'collect_stat': 0, 'label_top_text': None, 'promotions': [], 'group_id': '7555444073327365376', 'prevent_download': False, 'nickname_position': None, 'challenge_position': None, 'shoot_way': '', 'is_24_story': 0, 'enable_comment_sticker_rec': False, 'long_video': None, 'trends_event_track': '{}', 'aweme_listen_struct': {'trace_info': '{"copyright_not_speech":"false","copyright_reason":"has_listen_cp_new","copyright_tag_hit":"","copyright_use_aed_default":"false","copyright_use_tag_default":"false","cp_ab":"true","desc":"","duration_over":"false","hit_high_risk":"false","media_type":"4","reason":"hit_ab_0","show":"false"}'}, 'video_share_edit_status': 0, 'follow_shoot_clip_info': {'clip_video_all': 7555444072014646056, 'clip_from_user': 7555444072014646056}, 'interaction_stickers': None, 'mv_info': None, 'origin_comment_ids': None, 'commerce_config_data': None, 'caption_template_id': 0, 'video_control': {'allow_download': False, 'share_type': 0, 'show_progress_bar': 1, 'draft_progress_bar': 1, 'allow_duet': True, 'allow_react': False, 'prevent_download_type': 2, 'allow_dynamic_wallpaper': False, 'timer_status': 1, 'allow_music': True, 'allow_stitch': False, 'allow_douplus': True, 'allow_share': True, 'share_grayed': False, 'download_ignore_visibility': False, 'duet_ignore_visibility': False, 'share_ignore_visibility': False, 'download_info': {'level': 1, 'fail_info': {'code': 290002, 'reason': 'isolation_content', 'msg': '视频暂时无法保存，链接已复制'}}, 'duet_info': {'level': 0}, 'allow_record': True, 'disable_record_reason': '', 'timer_info': {'public_time': 1759146300, 'timer_status': 0}}, 'aweme_control': {'can_forward': True, 'can_share': True, 'can_comment': True, 'can_show_comment': True}, 'douplus_user_type': 0, 'is_25_story': 0, 'origin_duet_resource_uri': '', 'is_moment_story': 0, 'anchors': None, 'hybrid_label': None, 'geofencing_regions': None, 'interest_points': None, 'aweme_acl': {'download_mask_panel': {'code': 1, 'show_type': 0}}, 'personal_page_botton_diagnose_style': 0, 'is_story': 0, 'game_tag_info': {'is_game': False}, 'chapter_bar_color': None, 'follow_shot_assets': None, 'cover_labels': None, 'is_new_text_mode': 0, 'can_cache_to_local': True, 'guide_btn_type': 0, 'is_from_ad_auth': False, 'aweme_type_tags': '', 'images': None, 'relation_labels': None, 'cf_assets_type': 0, 'impression_data': {'group_id_list_a': [], 'group_id_list_b': [], 'similar_id_list_a': None, 'similar_id_list_b': None, 'group_id_list_c': [], 'group_id_list_d': []}, 'component_control': {'data_source_url': '/aweme/v1/web/aweme/post/'}, 'trends_infos': None, 'libfinsert_task_id': '', 'social_tag_list': None, 'suggest_words': {'suggest_words': [{'words': [{'word': '孩子安全感缺失表现', 'word_id': '6660467662323193100', 'info': '{"End":0,"Start":0,"ecpm_boost_tag":false,"log_pb":"","qrec_for_search":"{}"}'}], 'scene': 'detail_inbox_rex', 'icon_url': '', 'hint_text': '', 'extra_info': '{"resp_from":"hit_cache"}'}]}, 'show_follow_button': {}, 'duet_aggregate_in_music_tab': False, 'is_duet_sing': False, 'comment_permission_info': {'comment_permission_status': 0, 'can_comment': True, 'item_detail_entry': False, 'press_entry': False, 'toast_guide': False}, 'original_images': None, 'series_paid_info': {'series_paid_status': 0, 'item_price': 0}, 'img_bitrate': None, 'comment_gid': 7555444073327365376, 'image_album_music_info': {'begin_time': -1, 'end_time': -1, 'volume': -1}, 'video_tag': [{'tag_id': 2024, 'tag_name': '亲子', 'level': 1}, {'tag_id': 2024006, 'tag_name': '母婴', 'level': 2}, {'tag_id': 2024006003, 'tag_name': '育儿知识', 'level': 3}], 'is_collects_selected': 0, 'chapter_list': None, 'feed_comment_config': {'input_config_text': '善语结善缘，恶言伤人心', 'author_audit_status': 0, 'common_flags': '{"item_author_nickname":"孙瑞雪聊教育","video_labels_v2_tag1":"母婴","video_labels_v2_tag2":"育儿理念"}'}, 'is_image_beat': False, 'dislike_dimension_list': None, 'standard_bar_info_list': None, 'photo_search_entrance': {'ecom_type': 0}, 'is_life_item': False, 'image_list': None, 'component_info_v2': '{"desc_lines_limit":0,"hide_marquee":false}', 'item_warn_notification': {'type': 0, 'show': False, 'content': ''}, 'origin_text_extra': None, 'disable_relation_bar': 0, 'packed_clips': None, 'vtag_search': {'vtag_enable': True, 'vtag_delay_ts': 94753, 'default_vtag_data': '{"tag_uid":"search_same_item","tag_name":"搜同款","tag_type":"visual","target_channel":"douyin_general_multi_modality_search","tag_coord":{"x":0.5,"y":0.55}}', 'default_vtag_enable': True}, 'author_mask_tag': 0, 'user_recommend_status': 1, 'collection_corner_mark': 0, 'is_share_post': False, 'image_comment': {}, 'visual_search_info': {'visual_search_longpress': 1, 'is_show_img_entrance': False, 'is_ecom_img': False, 'is_high_accuracy_ecom': True, 'is_high_recall_ecom': True}, 'tts_id_list': None, 'ref_tts_id_list': None, 'voice_modify_id_list': None, 'ref_voice_modify_id_list': None, 'authentication_token': 'MS4wLjAAAAAAOhJZdiVDAiSqiSHeYeLF_a0J25smCamtqaa4YubWhpVe_BJdQOByBpcxHmhDuiJyhjG6KtBBD5eqYZ5sNPKGcylsEKVenSsCtot28TAbrFZHa2Wg78vFhojHuN41Lq7do5GqIVIvXh8oCmDnUPNjvz6NQ1EE1LYT-oed6yVjSuYecDNMbmdWkMGe3OM81rKonjSRzV4TwUjo9whq1njyRRDf75hUHhEBkkEQod6Tgo5736Yn_WkA4ZQKNb1NLHHY', 'video_game_data_channel_config': {}, 'dislike_dimension_list_v2': None, 'distribute_circle': {'distribute_type': 0, 'campus_block_interaction': False, 'is_campus': False}, 'image_crop_ctrl': 0, 'yumme_recreason': None, 'slides_music_beats': None, 'jump_tab_info_list': None, 'media_type': 4, 'reply_smart_emojis': None, 'activity_video_type': -1, 'boost_status': 0, 'create_scale_type': None, 'entertainment_product_info': {'sub_title': None, 'market_info': {'limit_free': {'in_free': False}, 'marketing_tag': None}}, 'caption': '“我必须拼命努力，才配被爱”—— 缺安全感的人，都懂这种窒息感吧！\n\n\n#幼儿教育#父母课堂#育儿#亲子关系#家庭教育#孙瑞雪', 'item_title': '童年没建立安全感孩子会长成讨好型', 'is_use_music': False, 'original': 0, 'xigua_base_info': {'status': 0, 'star_altar_order_id': 0, 'star_altar_type': 0, 'item_id': 0}, 'mark_largely_following': False, 'friend_recommend_info': {'friend_recommend_source': 10, 'label_user_list': None, 'disable_friend_recommend_guide_label': False}}, {'aweme_id': '7555108261536566580', 'desc': '让孩子愿意去幼儿园的关键 你以为孩子不想去幼儿园是“娇气”，其实他是觉得“这里没有自由”，老师不友善，像被扔进了不熟悉的牢笼—— 这些深层恐惧，你真的懂吗？  \n#幼儿教育#父母课堂#育儿#亲子关系#家庭教育#孙瑞雪', 'create_time': 1759068000, 'author': {'uid': '1965574329213736', 'card_entries_not_display': None, 'nickname': '孙瑞雪聊教育', 'personal_tag_list': None, 'homepage_bottom_toast': None, 'avatar_thumb': {'uri': '100x100/aweme-avatar/tos-cn-avt-0015_afee5b125df955a19af4c41159ad1295', 'url_list': ['https://p3-pc.douyinpic.com/aweme/100x100/aweme-avatar/tos-cn-avt-0015_afee5b125df955a19af4c41159ad1295.jpeg?from=327834062'], 'width': 720, 'height': 720}, 'batch_unfollow_contain_tabs': None, 'not_seen_item_id_list': None, 'follow_status': 0, 'contrail_list': None, 'story_interactive': 0, 'data_label_list': None, 'custom_verify': '', 'follower_list_secondary_information_struct': None, 'display_info': None, 'interest_tags': None, 'account_cert_info': '{}', 'user_tags': None, 'share_info': {'share_url': '', 'share_weibo_desc': '', 'share_desc': '', 'share_title': '', 'share_qrcode_url': {'uri': '31b0500316c4e154852bc', 'url_list': ['https://p3-pc-sign.douyinpic.com/obj/31b0500316c4e154852bc?lk3s=138a59ce&x-expires=1760990400&x-signature=VnOegD8kfOkclbkCT%2BIUAVSkQl4%3D&from=327834062'], 'width': 720, 'height': 720}, 'share_title_myself': '', 'share_title_other': '', 'share_desc_info': ''}, 'can_set_geofencing': None, 'sec_uid': 'MS4wLjABAAAAnAFnkWlOm9jteymsi42fanYLMzfbqdGIwCILEUqDNmFyjfK9N8fSJdS_D2UWk_we', 'need_points': None, 'enterprise_verify_reason': '', 'is_ad_fake': False, 'story_ttl': 0, 'user_permissions': None, 'card_entries': None, 'creator_tag_list': None, 'offline_info_list': None, 'text_extra': None, 'card_sort_priority': None, 'prevent_download': False, 'special_people_labels': None, 'white_cover_url': None, 'endorsement_info_list': None, 'follower_status': 0, 'profile_mob_params': None, 'familiar_visitor_user': None, 'avatar_schema_list': None, 'cover_url': [{'uri': 'c8510002be9a3a61aad2', 'url_list': ['https://p3-pc-sign.douyinpic.com/obj/c8510002be9a3a61aad2?lk3s=138a59ce&x-expires=1762178400&x-signature=bEz6E0nbTH1458RtDsUU87G74Mk%3D&from=327834062'], 'width': 720, 'height': 720}], 'cf_list': None, 'im_role_ids': None, 'not_seen_item_id_list_v2': None, 'signature_extra': None, 'risk_notice_text': '', 'ban_user_functions': None, 'profile_component_disabled': None, 'verification_permission_ids': None, 'identity_labels': None, 'private_relation_list': None, 'link_item_list': None, 'batch_unfollow_relation_desc': None}, 'music': {'id': 7555108288786975524, 'id_str': '7555108288786975524', 'title': '@孙瑞雪聊教育创作的原声', 'author': '孙瑞雪聊教育', 'album': '', 'cover_hd': {'uri': '1080x1080/aweme-avatar/tos-cn-avt-0015_afee5b125df955a19af4c41159ad1295', 'url_list': ['https://p3-pc.douyinpic.com/aweme/1080x1080/aweme-avatar/tos-cn-avt-0015_afee5b125df955a19af4c41159ad1295.jpeg?from=327834062'], 'width': 720, 'height': 720}, 'cover_large': {'uri': '1080x1080/aweme-avatar/tos-cn-avt-0015_afee5b125df955a19af4c41159ad1295', 'url_list': ['https://p3-pc.douyinpic.com/aweme/1080x1080/aweme-avatar/tos-cn-avt-0015_afee5b125df955a19af4c41159ad1295.jpeg?from=327834062'], 'width': 720, 'height': 720}, 'cover_medium': {'uri': '720x720/aweme-avatar/tos-cn-avt-0015_afee5b125df955a19af4c41159ad1295', 'url_list': ['https://p3-pc.douyinpic.com/aweme/720x720/aweme-avatar/tos-cn-avt-0015_afee5b125df955a19af4c41159ad1295.jpeg?from=327834062'], 'width': 720, 'height': 720}, 'cover_thumb': {'uri': '100x100/aweme-avatar/tos-cn-avt-0015_afee5b125df955a19af4c41159ad1295', 'url_list': ['https://p3-pc.douyinpic.com/aweme/100x100/aweme-avatar/tos-cn-avt-0015_afee5b125df955a19af4c41159ad1295.jpeg?from=327834062'], 'width': 720, 'height': 720}, 'play_url': {'uri': 'https://lf3-music-east.douyinstatic.com/obj/ies-music-hj/7555108400435186491.mp3', 'url_list': ['https://lf3-music-east.douyinstatic.com/obj/ies-music-hj/7555108400435186491.mp3', 'https://lf26-music-east.douyinstatic.com/obj/ies-music-hj/7555108400435186491.mp3'], 'width': 720, 'height': 720, 'url_key': '7555108288786975524'}, 'schema_url': '', 'source_platform': 23, 'start_time': 0, 'end_time': 0, 'duration': 135, 'extra': '{"aed_singing_score":0.01,"aggregate_exempt_conf":[],"beats":{},"cover_colors":null,"douyin_beats_info":{},"dsp_switch":0,"extract_item_id":7555108261536566580,"has_edited":0,"hit_high_follow_auto":false,"hit_high_follow_extend":false,"hit_high_follow_original":false,"hotsoon_review_time":-1,"is_aed_music":0,"is_high_follow_user":false,"is_red":0,"is_subsidy_exp":false,"music_label_id":null,"music_tagging":{"AEDs":null,"Genres":null,"Instruments":null,"Languages":null,"Moods":null,"SingingVersions":null,"Themes":null},"review_unshelve_reason":0,"reviewed":0,"schedule_search_time":0,"uniqa_speech_score":0.99,"with_aed_model":0}', 'user_count': 0, 'position': None, 'collect_stat': 0, 'status': 1, 'offline_desc': '', 'owner_id': '1965574329213736', 'owner_nickname': '孙瑞雪聊教育', 'is_original': False, 'mid': '7555108288786975524', 'binded_challenge_id': 0, 'redirect': False, 'is_restricted': False, 'author_deleted': False, 'is_del_video': False, 'is_video_self_see': False, 'owner_handle': '63566855132', 'author_position': None, 'prevent_download': False, 'unshelve_countries': None, 'prevent_item_download_status': 0, 'external_song_info': [], 'sec_uid': 'MS4wLjABAAAAnAFnkWlOm9jteymsi42fanYLMzfbqdGIwCILEUqDNmFyjfK9N8fSJdS_D2UWk_we', 'avatar_thumb': {'uri': '100x100/aweme-avatar/tos-cn-avt-0015_afee5b125df955a19af4c41159ad1295', 'url_list': ['https://p3-pc.douyinpic.com/aweme/100x100/aweme-avatar/tos-cn-avt-0015_afee5b125df955a19af4c41159ad1295.jpeg?from=327834062'], 'width': 720, 'height': 720}, 'avatar_medium': {'uri': '720x720/aweme-avatar/tos-cn-avt-0015_afee5b125df955a19af4c41159ad1295', 'url_list': ['https://p3-pc.douyinpic.com/aweme/720x720/aweme-avatar/tos-cn-avt-0015_afee5b125df955a19af4c41159ad1295.jpeg?from=327834062'], 'width': 720, 'height': 720}, 'avatar_large': {'uri': '1080x1080/aweme-avatar/tos-cn-avt-0015_afee5b125df955a19af4c41159ad1295', 'url_list': ['https://p3-pc.douyinpic.com/aweme/1080x1080/aweme-avatar/tos-cn-avt-0015_afee5b125df955a19af4c41159ad1295.jpeg?from=327834062'], 'width': 720, 'height': 720}, 'preview_start_time': 0, 'preview_end_time': 0, 'is_commerce_music': False, 'is_original_sound': True, 'audition_duration': 135, 'shoot_duration': 135, 'reason_type': 0, 'artists': [], 'lyric_short_position': None, 'mute_share': False, 'tag_list': None, 'dmv_auto_show': False, 'is_pgc': False, 'is_matched_metadata': False, 'is_audio_url_with_cookie': False, 'music_chart_ranks': None, 'can_background_play': True, 'music_status': 1, 'video_duration': 135, 'pgc_music_type': 2, 'author_status': 1, 'search_impr': {'entity_id': '7555108288786975524'}, 'artist_user_infos': None, 'dsp_status': 10, 'musician_user_infos': None, 'music_collect_count': 0, 'music_cover_atmosphere_color_value': '', 'show_origin_clip': False}, 'effect_inflow_effects': None, 'video': {'play_addr': {'uri': 'v0200fg10000d3ci38vog65vhk0p5o10', 'url_list': ['https://v5-dy-o-abtest.zjcdn.com/45f048ae7002d2abbf68f575198b2f7f/68f66e40/video/tos/cn/tos-cn-ve-15/ocYASLF24IDujfQAGCHgfQEjoZEF9CGACNzSIB/?a=6383&ch=10010&cr=3&dr=0&lr=all&cd=0%7C0%7C0%7C3&cv=1&br=793&bt=793&cs=0&ds=3&ft=c2YTctGHQPRUZxfusdr~kwPqYldQIKDEE-TerrNqq_45a&mime_type=video_mp4&qs=0&rc=OGY7Z2U1aGUzZzU2OjZpOkBpM3Jzbnk5cjtsNjMzNGkzM0AxNDUyXy82X2AxLzE0LmI0YSMuMi1lMmRzMGBhLS1kLS9zcw%3D%3D&btag=80000e00028000&cquery=101r_100B_100H_100K_100o&dy_q=1760969609&feature_id=fea919893f650a8c49286568590446ef&l=20251020221329FF810B6B17C3D024C6A3', 'https://v5-dy-o-abtest.zjcdn.com/45f048ae7002d2abbf68f575198b2f7f/68f66e40/video/tos/cn/tos-cn-ve-15/ocYASLF24IDujfQAGCHgfQEjoZEF9CGACNzSIB/?a=6383&ch=10010&cr=3&dr=0&lr=all&cd=0%7C0%7C0%7C3&cv=1&br=793&bt=793&cs=0&ds=3&ft=c2YTctGHQPRUZxfusdr~kwPqYldQIKDEE-TerrNqq_45a&mime_type=video_mp4&qs=0&rc=OGY7Z2U1aGUzZzU2OjZpOkBpM3Jzbnk5cjtsNjMzNGkzM0AxNDUyXy82X2AxLzE0LmI0YSMuMi1lMmRzMGBhLS1kLS9zcw%3D%3D&btag=80000e00028000&cquery=100H_100K_100o_101r_100B&dy_q=1760969609&feature_id=fea919893f650a8c49286568590446ef&l=20251020221329FF810B6B17C3D024C6A3', 'https://www.douyin.com/aweme/v1/play/?video_id=v0200fg10000d3ci38vog65vhk0p5o10&line=0&file_id=77ef137743224dc0bb9e22bb5d887c45&sign=bbcd692fda683be1852538fb9b0047bb&is_play_url=1&source=PackSourceEnum_PUBLISH'], 'width': 720, 'height': 1280, 'url_key': 'v0200fg10000d3ci38vog65vhk0p5o10_h264_720p_812478', 'data_size': 13748452, 'file_hash': 'bbcd692fda683be1852538fb9b0047bb', 'file_cs': 'c:0-148553-b19f|a:v0200fg10000d3ci38vog65vhk0p5o10'}, 'cover': {'uri': 'tos-cn-i-dy/9c0f9a6bdc0d4d9d8946a6c613ea3638', 'url_list': ['https://p3-pc-sign.douyinpic.com/tos-cn-i-dy/9c0f9a6bdc0d4d9d8946a6c613ea3638~tplv-dy-cropcenter:323:430.jpeg?lk3s=138a59ce&x-expires=2076328800&x-signature=yfmkHhWl9RPqjdpR8tdpbLxoIF0%3D&from=327834062&s=PackSourceEnum_PUBLISH&se=true&sh=323_430&sc=cover&biz_tag=pcweb_cover&l=20251020221329FF810B6B17C3D024C6A3', 'https://p3-pc-sign.douyinpic.com/obj/tos-cn-i-dy/9c0f9a6bdc0d4d9d8946a6c613ea3638?lk3s=138a59ce&x-expires=2076328800&x-signature=Y%2FFLn1UY5uUFPGVXH98KiMm3070%3D&from=327834062&s=PackSourceEnum_PUBLISH&se=false&sc=cover&biz_tag=pcweb_cover&l=20251020221329FF810B6B17C3D024C6A3'], 'width': 720, 'height': 720}, 'height': 1920, 'width': 1080, 'dynamic_cover': {'uri': 'tos-cn-i-dy/9c0f9a6bdc0d4d9d8946a6c613ea3638', 'url_list': ['https://p3-pc-sign.douyinpic.com/obj/tos-cn-i-dy/9c0f9a6bdc0d4d9d8946a6c613ea3638?lk3s=138a59ce&x-expires=1762178400&x-signature=kmIC7btMpMreLoym%2Be7Bxu0wdiM%3D&from=327834062_large&s=PackSourceEnum_PUBLISH&se=false&sc=dynamic_cover&biz_tag=pcweb_cover&l=20251020221329FF810B6B17C3D024C6A3', 'https://p9-pc-sign.douyinpic.com/obj/tos-cn-i-dy/9c0f9a6bdc0d4d9d8946a6c613ea3638?lk3s=138a59ce&x-expires=1762178400&x-signature=Glzja%2BXbuQvuxsknhLt1%2BRZeTBI%3D&from=327834062_large&s=PackSourceEnum_PUBLISH&se=false&sc=dynamic_cover&biz_tag=pcweb_cover&l=20251020221329FF810B6B17C3D024C6A3'], 'width': 720, 'height': 720}, 'origin_cover': {'uri': 'tos-cn-p-0015/owAAZFSjG2jwDI5q9fQBShAfgCECAjjI4oQGIC', 'url_list': ['https://p3-pc-sign.douyinpic.com/tos-cn-p-0015/owAAZFSjG2jwDI5q9fQBShAfgCECAjjI4oQGIC~tplv-dy-360p.jpeg?lk3s=138a59ce&x-expires=1762178400&x-signature=2wlt7CKKJb3x7pLzvAXrYd0%2FLSg%3D&from=327834062&s=PackSourceEnum_PUBLISH&se=false&sc=origin_cover&biz_tag=pcweb_cover&l=20251020221329FF810B6B17C3D024C6A3', 'https://p9-pc-sign.douyinpic.com/tos-cn-p-0015/owAAZFSjG2jwDI5q9fQBShAfgCECAjjI4oQGIC~tplv-dy-360p.jpeg?lk3s=138a59ce&x-expires=1762178400&x-signature=sTnZKyOx1QqTa2gwwMbZe%2FsBeHU%3D&from=327834062&s=PackSourceEnum_PUBLISH&se=false&sc=origin_cover&biz_tag=pcweb_cover&l=20251020221329FF810B6B17C3D024C6A3'], 'width': 360, 'height': 640}, 'ratio': '720p', 'format': 'mp4', 'audio': {'original_sound_infos': None}, 'bit_rate': [{'gear_name': 'normal_720_0', 'quality_type': 10, 'bit_rate': 812478, 'play_addr': {'uri': 'v0200fg10000d3ci38vog65vhk0p5o10', 'url_list': ['https://v5-dy-o-abtest.zjcdn.com/45f048ae7002d2abbf68f575198b2f7f/68f66e40/video/tos/cn/tos-cn-ve-15/ocYASLF24IDujfQAGCHgfQEjoZEF9CGACNzSIB/?a=6383&ch=10010&cr=3&dr=0&lr=all&cd=0%7C0%7C0%7C3&cv=1&br=793&bt=793&cs=0&ds=3&ft=c2YTctGHQPRUZxfusdr~kwPqYldQIKDEE-TerrNqq_45a&mime_type=video_mp4&qs=0&rc=OGY7Z2U1aGUzZzU2OjZpOkBpM3Jzbnk5cjtsNjMzNGkzM0AxNDUyXy82X2AxLzE0LmI0YSMuMi1lMmRzMGBhLS1kLS9zcw%3D%3D&btag=80000e00028000&cquery=101r_100B_100H_100K_100o&dy_q=1760969609&feature_id=fea919893f650a8c49286568590446ef&l=20251020221329FF810B6B17C3D024C6A3', 'https://v5-dy-o-abtest.zjcdn.com/45f048ae7002d2abbf68f575198b2f7f/68f66e40/video/tos/cn/tos-cn-ve-15/ocYASLF24IDujfQAGCHgfQEjoZEF9CGACNzSIB/?a=6383&ch=10010&cr=3&dr=0&lr=all&cd=0%7C0%7C0%7C3&cv=1&br=793&bt=793&cs=0&ds=3&ft=c2YTctGHQPRUZxfusdr~kwPqYldQIKDEE-TerrNqq_45a&mime_type=video_mp4&qs=0&rc=OGY7Z2U1aGUzZzU2OjZpOkBpM3Jzbnk5cjtsNjMzNGkzM0AxNDUyXy82X2AxLzE0LmI0YSMuMi1lMmRzMGBhLS1kLS9zcw%3D%3D&btag=80000e00028000&cquery=100H_100K_100o_101r_100B&dy_q=1760969609&feature_id=fea919893f650a8c49286568590446ef&l=20251020221329FF810B6B17C3D024C6A3', 'https://www.douyin.com/aweme/v1/play/?video_id=v0200fg10000d3ci38vog65vhk0p5o10&line=0&file_id=77ef137743224dc0bb9e22bb5d887c45&sign=bbcd692fda683be1852538fb9b0047bb&is_play_url=1&source=PackSourceEnum_PUBLISH'], 'width': 720, 'height': 1280, 'url_key': 'v0200fg10000d3ci38vog65vhk0p5o10_h264_720p_812478', 'data_size': 13748452, 'file_hash': 'bbcd692fda683be1852538fb9b0047bb', 'file_cs': 'c:0-148553-b19f|a:v0200fg10000d3ci38vog65vhk0p5o10'}, 'is_h265': 0, 'is_bytevc1': 0, 'HDR_type': '', 'HDR_bit': '', 'FPS': 30, 'video_extra': '{"PktOffsetMap":"[{\\"time\\": 1, \\"offset\\": 270180}, {\\"time\\": 2, \\"offset\\": 327391}, {\\"time\\": 3, \\"offset\\": 374545}, {\\"time\\": 4, \\"offset\\": 549302}, {\\"time\\": 5, \\"offset\\": 746375}, {\\"time\\": 10, \\"offset\\": 1436833}]","format":"mp4","definition":"720p","quality":"normal","file_id":"77ef137743224dc0bb9e22bb5d887c45","applog_map":{"feature_id":"fea919893f650a8c49286568590446ef"},"audio_channels":"2.0","audio_sample_rate":"44100","audio_metrics":null,"audio_score":null}', 'format': 'mp4'}, {'gear_name': 'low_720_0', 'quality_type': 211, 'bit_rate': 721532, 'play_addr': {'uri': 'v0200fg10000d3ci38vog65vhk0p5o10', 'url_list': ['https://v5-dy-o-abtest.zjcdn.com/0e2fe8331ff73985c40d190f9e718848/68f66e40/video/tos/cn/tos-cn-ve-15/o4ApAAgoCEjQL9VEGCsfBF72PDUzjSIf4XSGQg/?a=6383&ch=10010&cr=3&dr=0&lr=all&cd=0%7C0%7C0%7C3&cv=1&br=704&bt=704&cs=0&ds=3&ft=c2YTctGHQPRUZxfusdr~kwPqYldQIKDEE-TerrNqq_45a&mime_type=video_mp4&qs=1&rc=NGhoZzM1ZjlkNTc7ZWRlZUBpM3Jzbnk5cjtsNjMzNGkzM0BeLy40Ml40XzQxLjZiNGIvYSMuMi1lMmRzMGBhLS1kLS9zcw%3D%3D&btag=80000e00028000&cquery=100B_100H_100K_100o_101r&dy_q=1760969609&feature_id=0ea98fd3bdc3c6c14a3d0804cc272721&l=20251020221329FF810B6B17C3D024C6A3', 'https://v5-dy-o-abtest.zjcdn.com/0e2fe8331ff73985c40d190f9e718848/68f66e40/video/tos/cn/tos-cn-ve-15/o4ApAAgoCEjQL9VEGCsfBF72PDUzjSIf4XSGQg/?a=6383&ch=10010&cr=3&dr=0&lr=all&cd=0%7C0%7C0%7C3&cv=1&br=704&bt=704&cs=0&ds=3&ft=c2YTctGHQPRUZxfusdr~kwPqYldQIKDEE-TerrNqq_45a&mime_type=video_mp4&qs=1&rc=NGhoZzM1ZjlkNTc7ZWRlZUBpM3Jzbnk5cjtsNjMzNGkzM0BeLy40Ml40XzQxLjZiNGIvYSMuMi1lMmRzMGBhLS1kLS9zcw%3D%3D&btag=80000e00028000&cquery=100o_101r_100B_100H_100K&dy_q=1760969609&feature_id=0ea98fd3bdc3c6c14a3d0804cc272721&l=20251020221329FF810B6B17C3D024C6A3', 'https://www.douyin.com/aweme/v1/play/?video_id=v0200fg10000d3ci38vog65vhk0p5o10&line=0&file_id=2beb7aeb9814427ab67ca2507d1e2ea1&sign=19e0eadea55305513b592db708c0fabe&is_play_url=1&source=PackSourceEnum_PUBLISH'], 'width': 720, 'height': 1280, 'url_key': 'v0200fg10000d3ci38vog65vhk0p5o10_h264_720p_721532', 'data_size': 12209504, 'file_hash': '19e0eadea55305513b592db708c0fabe', 'file_cs': 'c:0-112844-19ea|a:v0200fg10000d3ci38vog65vhk0p5o10'}, 'is_h265': 0, 'is_bytevc1': 0, 'HDR_type': '', 'HDR_bit': '', 'FPS': 30, 'video_extra': '{"PktOffsetMap":"[{\\"time\\": 1, \\"offset\\": 226597}, {\\"time\\": 2, \\"offset\\": 273998}, {\\"time\\": 3, \\"offset\\": 308582}, {\\"time\\": 4, \\"offset\\": 470899}, {\\"time\\": 5, \\"offset\\": 668827}, {\\"time\\": 10, \\"offset\\": 1290496}]","format":"mp4","definition":"720p","quality":"low","file_id":"2beb7aeb9814427ab67ca2507d1e2ea1","applog_map":{"feature_id":"0ea98fd3bdc3c6c14a3d0804cc272721"},"audio_channels":"2.0","audio_sample_rate":"44100","audio_metrics":null,"audio_score":null}', 'format': 'mp4'}, {'gear_name': 'low_540_0', 'quality_type': 292, 'bit_rate': 664287, 'play_addr': {'uri': 'v0200fg10000d3ci38vog65vhk0p5o10', 'url_list': ['https://v5-dy-o-abtest.zjcdn.com/637e50577021d4ffca93cdf8160e209a/68f66e40/video/tos/cn/tos-cn-ve-15/ockCVlHePZcRLBAfQN9E72wGAIeBE1ggGMsrIc/?a=6383&ch=10010&cr=3&dr=0&lr=all&cd=0%7C0%7C0%7C3&cv=1&br=648&bt=648&cs=0&ds=6&ft=c2YTctGHQPRUZxfusdr~kwPqYldQIKDEE-TerrNqq_45a&mime_type=video_mp4&qs=1&rc=Omc0M2VoO2lpZzg0NGlpNEBpM3Jzbnk5cjtsNjMzNGkzM0AtY2FjL2AxXmMxXjMyLjAyYSMuMi1lMmRzMGBhLS1kLS9zcw%3D%3D&btag=80000e00028000&cquery=100K_100o_101r_100B_100H&dy_q=1760969609&feature_id=0ea98fd3bdc3c6c14a3d0804cc272721&l=20251020221329FF810B6B17C3D024C6A3', 'https://v5-dy-o-abtest.zjcdn.com/637e50577021d4ffca93cdf8160e209a/68f66e40/video/tos/cn/tos-cn-ve-15/ockCVlHePZcRLBAfQN9E72wGAIeBE1ggGMsrIc/?a=6383&ch=10010&cr=3&dr=0&lr=all&cd=0%7C0%7C0%7C3&cv=1&br=648&bt=648&cs=0&ds=6&ft=c2YTctGHQPRUZxfusdr~kwPqYldQIKDEE-TerrNqq_45a&mime_type=video_mp4&qs=1&rc=Omc0M2VoO2lpZzg0NGlpNEBpM3Jzbnk5cjtsNjMzNGkzM0AtY2FjL2AxXmMxXjMyLjAyYSMuMi1lMmRzMGBhLS1kLS9zcw%3D%3D&btag=80000e00028000&cquery=101r_100B_100H_100K_100o&dy_q=1760969609&feature_id=0ea98fd3bdc3c6c14a3d0804cc272721&l=20251020221329FF810B6B17C3D024C6A3', 'https://www.douyin.com/aweme/v1/play/?video_id=v0200fg10000d3ci38vog65vhk0p5o10&line=0&file_id=513f1f5161a54dffaf48ce2bf0d1fd07&sign=36c40d1c7b8a84472792496d322af613&is_play_url=1&source=PackSourceEnum_PUBLISH'], 'width': 576, 'height': 1024, 'url_key': 'v0200fg10000d3ci38vog65vhk0p5o10_h264_540p_664287', 'data_size': 11240828, 'file_hash': '36c40d1c7b8a84472792496d322af613', 'file_cs': 'c:0-112820-263c|a:v0200fg10000d3ci38vog65vhk0p5o10'}, 'is_h265': 0, 'is_bytevc1': 0, 'HDR_type': '', 'HDR_bit': '', 'FPS': 30, 'video_extra': '{"PktOffsetMap":"[{\\"time\\": 1, \\"offset\\": 217091}, {\\"time\\": 2, \\"offset\\": 261524}, {\\"time\\": 3, \\"offset\\": 294041}, {\\"time\\": 4, \\"offset\\": 442710}, {\\"time\\": 5, \\"offset\\": 627553}, {\\"time\\": 10, \\"offset\\": 1194042}]","format":"mp4","definition":"540p","quality":"low","file_id":"513f1f5161a54dffaf48ce2bf0d1fd07","applog_map":{"feature_id":"0ea98fd3bdc3c6c14a3d0804cc272721"},"audio_channels":"2.0","audio_sample_rate":"44100","audio_metrics":null,"audio_score":null}', 'format': 'mp4'}, {'gear_name': 'adapt_low_540_0', 'quality_type': 291, 'bit_rate': 460135, 'play_addr': {'uri': 'v0200fg10000d3ci38vog65vhk0p5o10', 'url_list': ['https://v5-dy-o-abtest.zjcdn.com/caa160c03ebf10b7b16675255e3ebe8d/68f66e40/video/tos/cn/tos-cn-ve-15/ok5ZIZARQHMAsEMXkGCAfR2NedNB7BAsgNeg8L/?a=6383&ch=10010&cr=3&dr=0&lr=all&cd=0%7C0%7C0%7C3&cv=1&br=449&bt=449&cs=0&ds=6&ft=c2YTctGHQPRUZxfusdr~kwPqYldQIKDEE-TerrNqq_45a&mime_type=video_mp4&qs=12&rc=OzQzO2U2Zjg4ZWdpNTo2ZEBpM3Jzbnk5cjtsNjMzNGkzM0BiXjBjX19eNjMxNTViNTUxYSMuMi1lMmRzMGBhLS1kLS9zcw%3D%3D&btag=80000e00028000&cquery=100K_100o_101r_100B_100H&dy_q=1760969609&feature_id=0ea98fd3bdc3c6c14a3d0804cc272721&l=20251020221329FF810B6B17C3D024C6A3', 'https://v5-dy-o-abtest.zjcdn.com/caa160c03ebf10b7b16675255e3ebe8d/68f66e40/video/tos/cn/tos-cn-ve-15/ok5ZIZARQHMAsEMXkGCAfR2NedNB7BAsgNeg8L/?a=6383&ch=10010&cr=3&dr=0&lr=all&cd=0%7C0%7C0%7C3&cv=1&br=449&bt=449&cs=0&ds=6&ft=c2YTctGHQPRUZxfusdr~kwPqYldQIKDEE-TerrNqq_45a&mime_type=video_mp4&qs=12&rc=OzQzO2U2Zjg4ZWdpNTo2ZEBpM3Jzbnk5cjtsNjMzNGkzM0BiXjBjX19eNjMxNTViNTUxYSMuMi1lMmRzMGBhLS1kLS9zcw%3D%3D&btag=80000e00028000&cquery=100K_100o_101r_100B_100H&dy_q=1760969609&feature_id=0ea98fd3bdc3c6c14a3d0804cc272721&l=20251020221329FF810B6B17C3D024C6A3', 'https://www.douyin.com/aweme/v1/play/?video_id=v0200fg10000d3ci38vog65vhk0p5o10&line=0&file_id=4a8387e28f8d4b6595acb3bbf830a1e8&sign=c89e013e743c762926c2e3e8b8e6a3ab&is_play_url=1&source=PackSourceEnum_PUBLISH'], 'width': 576, 'height': 1024, 'url_key': 'v0200fg10000d3ci38vog65vhk0p5o10_h264_540p_460135', 'data_size': 7786234, 'file_hash': 'c89e013e743c762926c2e3e8b8e6a3ab', 'file_cs': 'c:0-112851-ba2a|a:v0200fg10000d3ci38vog65vhk0p5o10'}, 'is_h265': 0, 'is_bytevc1': 0, 'HDR_type': '', 'HDR_bit': '', 'FPS': 30, 'video_extra': '{"PktOffsetMap":"[{\\"time\\": 1, \\"offset\\": 189034}, {\\"time\\": 2, \\"offset\\": 220287}, {\\"time\\": 3, \\"offset\\": 243891}, {\\"time\\": 4, \\"offset\\": 347852}, {\\"time\\": 5, \\"offset\\": 468131}, {\\"time\\": 10, \\"offset\\": 862634}]","format":"mp4","definition":"540p","quality":"adapt_low","file_id":"4a8387e28f8d4b6595acb3bbf830a1e8","applog_map":{"feature_id":"0ea98fd3bdc3c6c14a3d0804cc272721"},"audio_channels":"2.0","audio_sample_rate":"44100","audio_metrics":null,"audio_score":null}', 'format': 'mp4'}, {'gear_name': 'adapt_lowest_1080_1', 'quality_type': 2, 'bit_rate': 442421, 'play_addr': {'uri': 'v0200fg10000d3ci38vog65vhk0p5o10', 'url_list': ['https://v5-dy-o-abtest.zjcdn.com/de510897efb5a79b7695dff137203268/68f66e40/video/tos/cn/tos-cn-ve-15/oIeBNxMUXcgHsmyLj7eIACLBNeZgREA8ARkAyQ/?a=6383&ch=10010&cr=3&dr=0&lr=all&cd=0%7C0%7C0%7C3&cv=1&br=432&bt=432&cs=2&ds=4&ft=c2YTctGHQPRUZxfusdr~kwPqYldQIKDEE-TerrNqq_45a&mime_type=video_mp4&qs=15&rc=aDdnNDM2NTY3aDQ6NDRkOkBpM3Jzbnk5cjtsNjMzNGkzM0AwYC8zNWFeXjQxNjMtLy42YSMuMi1lMmRzMGBhLS1kLS9zcw%3D%3D&btag=80000e00028000&cquery=101r_100B_100H_100K_100o&dy_q=1760969609&feature_id=b38008770b4e09863331b14b26bcdc23&l=20251020221329FF810B6B17C3D024C6A3', 'https://v5-dy-o-abtest.zjcdn.com/de510897efb5a79b7695dff137203268/68f66e40/video/tos/cn/tos-cn-ve-15/oIeBNxMUXcgHsmyLj7eIACLBNeZgREA8ARkAyQ/?a=6383&ch=10010&cr=3&dr=0&lr=all&cd=0%7C0%7C0%7C3&cv=1&br=432&bt=432&cs=2&ds=4&ft=c2YTctGHQPRUZxfusdr~kwPqYldQIKDEE-TerrNqq_45a&mime_type=video_mp4&qs=15&rc=aDdnNDM2NTY3aDQ6NDRkOkBpM3Jzbnk5cjtsNjMzNGkzM0AwYC8zNWFeXjQxNjMtLy42YSMuMi1lMmRzMGBhLS1kLS9zcw%3D%3D&btag=80000e00028000&cquery=100H_100K_100o_101r_100B&dy_q=1760969609&feature_id=b38008770b4e09863331b14b26bcdc23&l=20251020221329FF810B6B17C3D024C6A3', 'https://www.douyin.com/aweme/v1/play/?video_id=v0200fg10000d3ci38vog65vhk0p5o10&line=0&file_id=971a210167914e74a3a2d380612dc43e&sign=75ee0de32f8c2e82c089e341a8730ee5&is_play_url=1&source=PackSourceEnum_PUBLISH'], 'width': 1080, 'height': 1920, 'url_key': 'v0200fg10000d3ci38vog65vhk0p5o10_bytevc1_1080p_442421', 'data_size': 7486488, 'file_hash': '75ee0de32f8c2e82c089e341a8730ee5', 'file_cs': 'c:0-113017-73e0|a:v0200fg10000d3ci38vog65vhk0p5o10'}, 'is_h265': 1, 'is_bytevc1': 1, 'HDR_type': '', 'HDR_bit': '', 'FPS': 30, 'video_extra': '{"PktOffsetMap":"[{\\"time\\": 1, \\"offset\\": 200874}, {\\"time\\": 2, \\"offset\\": 229849}, {\\"time\\": 3, \\"offset\\": 260230}, {\\"time\\": 4, \\"offset\\": 371213}, {\\"time\\": 5, \\"offset\\": 514583}, {\\"time\\": 10, \\"offset\\": 920380}]","format":"mp4","definition":"1080p","quality":"adapt_lowest","file_id":"971a210167914e74a3a2d380612dc43e","applog_map":{"feature_id":"b38008770b4e09863331b14b26bcdc23"},"mvmaf":"{\\"mvmaf_sr_v1080\\":98.612,\\"mvmaf_sr_v960\\":98.795,\\"mvmaf_sr_v864\\":99.04,\\"mvmaf_sr_v720\\":99.191,\\"mvmaf_ori_v1080\\":92.362,\\"mvmaf_ori_v960\\":93.019,\\"mvmaf_ori_v864\\":93.62,\\"mvmaf_ori_v720\\":94.464}","ufq":"{\\"enh\\":93.599,\\"playback\\":{\\"ori\\":89.961,\\"srv1\\":92.63},\\"src\\":93.599,\\"trans\\":89.961,\\"version\\":\\"v1.0\\"}","audio_channels":"2.0","audio_sample_rate":"44100","audio_metrics":null,"audio_score":null}', 'format': 'mp4'}, {'gear_name': 'adapt_lowest_720_1', 'quality_type': 15, 'bit_rate': 360962, 'play_addr': {'uri': 'v0200fg10000d3ci38vog65vhk0p5o10', 'url_list': ['https://v5-dy-o-abtest.zjcdn.com/174f213a260c60b2c30b20aa87fbc730/68f66e40/video/tos/cn/tos-cn-ve-15/oMFGXFIo2ArSA4jQEfQSz9JBCdZfECG0AjCgID/?a=6383&ch=10010&cr=3&dr=0&lr=all&cd=0%7C0%7C0%7C3&cv=1&br=352&bt=352&cs=2&ds=3&ft=c2YTctGHQPRUZxfusdr~kwPqYldQIKDEE-TerrNqq_45a&mime_type=video_mp4&qs=15&rc=Ojg5ZWRpZzplO2dkNGlpOEBpM3Jzbnk5cjtsNjMzNGkzM0BiNGAtNTMxNV4xYDZeLzQ1YSMuMi1lMmRzMGBhLS1kLS9zcw%3D%3D&btag=80000e00028000&cquery=100B_100H_100K_100o_101r&dy_q=1760969609&feature_id=b38008770b4e09863331b14b26bcdc23&l=20251020221329FF810B6B17C3D024C6A3', 'https://v5-dy-o-abtest.zjcdn.com/174f213a260c60b2c30b20aa87fbc730/68f66e40/video/tos/cn/tos-cn-ve-15/oMFGXFIo2ArSA4jQEfQSz9JBCdZfECG0AjCgID/?a=6383&ch=10010&cr=3&dr=0&lr=all&cd=0%7C0%7C0%7C3&cv=1&br=352&bt=352&cs=2&ds=3&ft=c2YTctGHQPRUZxfusdr~kwPqYldQIKDEE-TerrNqq_45a&mime_type=video_mp4&qs=15&rc=Ojg5ZWRpZzplO2dkNGlpOEBpM3Jzbnk5cjtsNjMzNGkzM0BiNGAtNTMxNV4xYDZeLzQ1YSMuMi1lMmRzMGBhLS1kLS9zcw%3D%3D&btag=80000e00028000&cquery=100K_100o_101r_100B_100H&dy_q=1760969609&feature_id=b38008770b4e09863331b14b26bcdc23&l=20251020221329FF810B6B17C3D024C6A3', 'https://www.douyin.com/aweme/v1/play/?video_id=v0200fg10000d3ci38vog65vhk0p5o10&line=0&file_id=857f2fa19acd48ab874d6f8a0bc675e7&sign=6adca6fd1036f753c16ed458e602000b&is_play_url=1&source=PackSourceEnum_PUBLISH'], 'width': 720, 'height': 1280, 'url_key': 'v0200fg10000d3ci38vog65vhk0p5o10_bytevc1_720p_360962', 'data_size': 6108074, 'file_hash': '6adca6fd1036f753c16ed458e602000b', 'file_cs': 'c:0-113018-d3d1|a:v0200fg10000d3ci38vog65vhk0p5o10'}, 'is_h265': 1, 'is_bytevc1': 1, 'HDR_type': '', 'HDR_bit': '', 'FPS': 30, 'video_extra': '{"PktOffsetMap":"[{\\"time\\": 1, \\"offset\\": 178845}, {\\"time\\": 2, \\"offset\\": 202261}, {\\"time\\": 3, \\"offset\\": 226381}, {\\"time\\": 4, \\"offset\\": 303548}, {\\"time\\": 5, \\"offset\\": 403034}, {\\"time\\": 10, \\"offset\\": 709939}]","format":"mp4","definition":"720p","quality":"adapt_lowest","file_id":"857f2fa19acd48ab874d6f8a0bc675e7","applog_map":{"feature_id":"b38008770b4e09863331b14b26bcdc23"},"mvmaf":"{\\"mvmaf_sr_v1080\\":97.194,\\"mvmaf_sr_v960\\":98.241,\\"mvmaf_sr_v864\\":98.686,\\"mvmaf_sr_v720\\":99.222,\\"mvmaf_ori_v1080\\":86.952,\\"mvmaf_ori_v960\\":89.688,\\"mvmaf_ori_v864\\":91.123,\\"mvmaf_ori_v720\\":94.182}","ufq":"{\\"enh\\":93.599,\\"playback\\":{\\"ori\\":84.551,\\"srv1\\":92.346},\\"src\\":93.599,\\"trans\\":84.551,\\"version\\":\\"v1.0\\"}","audio_channels":"2.0","audio_sample_rate":"44100","audio_metrics":null,"audio_score":null}', 'format': 'mp4'}, {'gear_name': 'adapt_540_1', 'quality_type': 28, 'bit_rate': 322748, 'play_addr': {'uri': 'v0200fg10000d3ci38vog65vhk0p5o10', 'url_list': ['https://v5-dy-o-abtest.zjcdn.com/af29982f8607b218ebfbc1e21d5710b4/68f66e40/video/tos/cn/tos-cn-ve-15/oQaMTkeGGIuLEyfNAlLgEX7HwCeBRKBQIjAgBs/?a=6383&ch=10010&cr=3&dr=0&lr=all&cd=0%7C0%7C0%7C3&cv=1&br=315&bt=315&cs=2&ds=6&ft=c2YTctGHQPRUZxfusdr~kwPqYldQIKDEE-TerrNqq_45a&mime_type=video_mp4&qs=11&rc=NDRmN2VlZTY2NGk6Ozw8aUBpM3Jzbnk5cjtsNjMzNGkzM0A0Y14wXzY1NjQxMWI0MTExYSMuMi1lMmRzMGBhLS1kLS9zcw%3D%3D&btag=80000e00028000&cquery=100K_100o_101r_100B_100H&dy_q=1760969609&feature_id=b38008770b4e09863331b14b26bcdc23&l=20251020221329FF810B6B17C3D024C6A3', 'https://v5-dy-o-abtest.zjcdn.com/af29982f8607b218ebfbc1e21d5710b4/68f66e40/video/tos/cn/tos-cn-ve-15/oQaMTkeGGIuLEyfNAlLgEX7HwCeBRKBQIjAgBs/?a=6383&ch=10010&cr=3&dr=0&lr=all&cd=0%7C0%7C0%7C3&cv=1&br=315&bt=315&cs=2&ds=6&ft=c2YTctGHQPRUZxfusdr~kwPqYldQIKDEE-TerrNqq_45a&mime_type=video_mp4&qs=11&rc=NDRmN2VlZTY2NGk6Ozw8aUBpM3Jzbnk5cjtsNjMzNGkzM0A0Y14wXzY1NjQxMWI0MTExYSMuMi1lMmRzMGBhLS1kLS9zcw%3D%3D&btag=80000e00028000&cquery=101r_100B_100H_100K_100o&dy_q=1760969609&feature_id=b38008770b4e09863331b14b26bcdc23&l=20251020221329FF810B6B17C3D024C6A3', 'https://www.douyin.com/aweme/v1/play/?video_id=v0200fg10000d3ci38vog65vhk0p5o10&line=0&file_id=4f494978e74f4173938b9bbb34acf171&sign=71d3361d5e36c9f4bc060557f836580a&is_play_url=1&source=PackSourceEnum_PUBLISH'], 'width': 576, 'height': 1024, 'url_key': 'v0200fg10000d3ci38vog65vhk0p5o10_bytevc1_540p_322748', 'data_size': 5461421, 'file_hash': '71d3361d5e36c9f4bc060557f836580a', 'file_cs': 'c:0-113018-3d4b|a:v0200fg10000d3ci38vog65vhk0p5o10'}, 'is_h265': 1, 'is_bytevc1': 1, 'HDR_type': '', 'HDR_bit': '', 'FPS': 30, 'video_extra': '{"PktOffsetMap":"[{\\"time\\": 1, \\"offset\\": 173244}, {\\"time\\": 2, \\"offset\\": 195978}, {\\"time\\": 3, \\"offset\\": 219728}, {\\"time\\": 4, \\"offset\\": 293628}, {\\"time\\": 5, \\"offset\\": 379356}, {\\"time\\": 10, \\"offset\\": 659091}]","format":"mp4","definition":"540p","quality":"adapt","file_id":"4f494978e74f4173938b9bbb34acf171","applog_map":{"feature_id":"b38008770b4e09863331b14b26bcdc23"},"mvmaf":"{\\"mvmaf_sr_v1080\\":94.576,\\"mvmaf_sr_v960\\":96.45,\\"mvmaf_sr_v864\\":97.442,\\"mvmaf_sr_v720\\":98.451,\\"mvmaf_ori_v1080\\":81.763,\\"mvmaf_ori_v960\\":85.126,\\"mvmaf_ori_v864\\":87.088,\\"mvmaf_ori_v720\\":90.317}","ufq":"{\\"enh\\":93.599,\\"playback\\":{\\"ori\\":80.172,\\"srv1\\":91.483},\\"src\\":93.599,\\"trans\\":80.172,\\"version\\":\\"v1.0\\"}","audio_channels":"2.0","audio_sample_rate":"44100","audio_metrics":null,"audio_score":null}', 'format': 'mp4'}, {'gear_name': 'low_720_0', 'quality_type': 211, 'bit_rate': 665635, 'play_addr': {'uri': 'v0200fg10000d3ci38vog65vhk0p5o10', 'url_list': ['https://v5-dy-o-abtest.zjcdn.com/cd8d66d4ed21a1a1733f55f6367a8287/68f79590/video/tos/cn/tos-cn-vd-0026/osENeAEGRC3fwHlLIAAkdARGBBMZesvAg7ABHH/media-video-avc1/?a=6383&ch=0&cr=8&dr=0&er=1&lr=default&cd=0%7C0%7C0%7C3&cv=1&br=650&bt=650&cs=0&ds=3&mime_type=video_mp4&qs=1&rc=NzRmZzg8ZzhkOmkzZTZmZkBpM3Jzbnk5cjtsNjMzNGkzM0A2YTQxLTYyXzQxMzItXjMtYSMuMi1lMmRzMGBhLS1kLS9zcw%3D%3D&btag=80000e00028000&cquery=101r_100o&dy_q=1760969609&l=20251020221329FF810B6B17C3D024C6A3', 'https://v5-dy-o-abtest.zjcdn.com/cd8d66d4ed21a1a1733f55f6367a8287/68f79590/video/tos/cn/tos-cn-vd-0026/osENeAEGRC3fwHlLIAAkdARGBBMZesvAg7ABHH/media-video-avc1/?a=6383&ch=0&cr=8&dr=0&er=1&lr=default&cd=0%7C0%7C0%7C3&cv=1&br=650&bt=650&cs=0&ds=3&mime_type=video_mp4&qs=1&rc=NzRmZzg8ZzhkOmkzZTZmZkBpM3Jzbnk5cjtsNjMzNGkzM0A2YTQxLTYyXzQxMzItXjMtYSMuMi1lMmRzMGBhLS1kLS9zcw%3D%3D&btag=80000e00028000&cquery=101r_100o&dy_q=1760969609&l=20251020221329FF810B6B17C3D024C6A3', 'https://www.douyin.com/aweme/v1/play/dash/?video_id=v0200fg10000d3ci38vog65vhk0p5o10&line=0&file_id=0c6ca30b506f477ab55d99054d7cd194&sign=9eccb1c19143126fef9167f804587af5&is_play_url=1&source=PackSourceEnum_PUBLISH'], 'width': 720, 'height': 1280, 'url_key': 'v0200fg10000d3ci38vog65vhk0p5o10_h264_720p_665635', 'data_size': 11263135, 'file_hash': '9eccb1c19143126fef9167f804587af5'}, 'is_h265': 0, 'is_bytevc1': 0, 'HDR_type': '', 'HDR_bit': '', 'FPS': 30, 'video_extra': '{"PktOffsetMap":"","format":"dash","sub_info":"{\\"audio_channels\\":\\"2.0\\",\\"audio_layout\\":\\"C\\",\\"audio_sample_rate\\":\\"44100\\",\\"base_range_info\\":{\\"first_moof_range\\":\\"1231-3330\\",\\"index_range\\":\\"995-1230\\",\\"init_range\\":\\"0-994\\"},\\"check_info\\":{\\"check_info\\":\\"a:v0200fg10000d3ci38vog65vhk0p5o10|b:0-1230-91e7cf837bbb2d1a97a67b1e83abd18f|c:0-1230-ec9a\\"},\\"first_segment_range\\":\\"1231-815541\\",\\"gear_des_key\\":\\"0:DASH|1:normal|2:h264|4:720p|5:low|10000:105\\",\\"quality_type\\":11}","definition":"720p","quality":"low","quality_desc":"","file_id":"0c6ca30b506f477ab55d99054d7cd194","real_bitrate":721532,"audio_file_id":"a7fa11006372fe45b683898c81c9cbab","applog_map":{"feature_id":"0ea98fd3bdc3c6c14a3d0804cc272721"},"audio_metrics":null,"audio_score":null}', 'format': 'dash'}, {'gear_name': 'low_540_0', 'quality_type': 292, 'bit_rate': 608390, 'play_addr': {'uri': 'v0200fg10000d3ci38vog65vhk0p5o10', 'url_list': ['https://v5-dy-o-abtest.zjcdn.com/cfaec28d3ff451f01852fc63bc08ad65/68f79590/video/tos/cn/tos-cn-vd-0026/oUAM2k9GGAHeEZfNAlLAEh7HwCexRABRInAgBs/media-video-avc1/?a=6383&ch=0&cr=8&dr=0&er=1&lr=default&cd=0%7C0%7C0%7C3&cv=1&br=594&bt=594&cs=0&ds=6&mime_type=video_mp4&qs=1&rc=aWdpNzk0OGUzOTVpaTlnPEBpM3Jzbnk5cjtsNjMzNGkzM0AzYjZjNl9fX2IxNjZeNGFfYSMuMi1lMmRzMGBhLS1kLS9zcw%3D%3D&btag=80000e00028000&cquery=101r_100o&dy_q=1760969609&l=20251020221329FF810B6B17C3D024C6A3', 'https://v5-dy-o-abtest.zjcdn.com/cfaec28d3ff451f01852fc63bc08ad65/68f79590/video/tos/cn/tos-cn-vd-0026/oUAM2k9GGAHeEZfNAlLAEh7HwCexRABRInAgBs/media-video-avc1/?a=6383&ch=0&cr=8&dr=0&er=1&lr=default&cd=0%7C0%7C0%7C3&cv=1&br=594&bt=594&cs=0&ds=6&mime_type=video_mp4&qs=1&rc=aWdpNzk0OGUzOTVpaTlnPEBpM3Jzbnk5cjtsNjMzNGkzM0AzYjZjNl9fX2IxNjZeNGFfYSMuMi1lMmRzMGBhLS1kLS9zcw%3D%3D&btag=80000e00028000&cquery=100o_101r&dy_q=1760969609&l=20251020221329FF810B6B17C3D024C6A3', 'https://www.douyin.com/aweme/v1/play/dash/?video_id=v0200fg10000d3ci38vog65vhk0p5o10&line=0&file_id=b9dd76af9f9246e0bbb5b196f49fed6f&sign=383e3594ff97a3f2a855a75b6dfcf769&is_play_url=1&source=PackSourceEnum_PUBLISH'], 'width': 576, 'height': 1024, 'url_key': 'v0200fg10000d3ci38vog65vhk0p5o10_h264_540p_608390', 'data_size': 10294483, 'file_hash': '383e3594ff97a3f2a855a75b6dfcf769'}, 'is_h265': 0, 'is_bytevc1': 0, 'HDR_type': '', 'HDR_bit': '', 'FPS': 30, 'video_extra': '{"PktOffsetMap":"","format":"dash","sub_info":"{\\"audio_channels\\":\\"2.0\\",\\"audio_layout\\":\\"C\\",\\"audio_sample_rate\\":\\"44100\\",\\"base_range_info\\":{\\"first_moof_range\\":\\"1231-3330\\",\\"index_range\\":\\"995-1230\\",\\"init_range\\":\\"0-994\\"},\\"check_info\\":{\\"check_info\\":\\"a:v0200fg10000d3ci38vog65vhk0p5o10|b:0-1230-be9f166473457c7bd04b3479205f0cc5|c:0-1230-1fe0\\"},\\"first_segment_range\\":\\"1231-750534\\",\\"gear_des_key\\":\\"0:DASH|1:normal|2:h264|4:540p|5:low|10000:105\\"}","definition":"540p","quality":"low","quality_desc":"","file_id":"b9dd76af9f9246e0bbb5b196f49fed6f","real_bitrate":664287,"audio_file_id":"a7fa11006372fe45b683898c81c9cbab","applog_map":{"feature_id":"0ea98fd3bdc3c6c14a3d0804cc272721"},"audio_metrics":null,"audio_score":null}', 'format': 'dash'}, {'gear_name': 'adapt_low_540_0', 'quality_type': 291, 'bit_rate': 404226, 'play_addr': {'uri': 'v0200fg10000d3ci38vog65vhk0p5o10', 'url_list': ['https://v5-dy-o-abtest.zjcdn.com/4bfbd7d3a72bd2b2ba3e898b5a4566b2/68f79590/video/tos/cn/tos-cn-vd-0026/owGRX1NMAAAfA7dzARLEs2EGHegwlekIBBCHZA/media-video-avc1/?a=6383&ch=0&cr=8&dr=0&er=1&lr=default&cd=0%7C0%7C0%7C3&cv=1&br=394&bt=394&cs=0&ds=6&mime_type=video_mp4&qs=12&rc=N2loNDtmM2dpZmZnaDtoZ0BpM3Jzbnk5cjtsNjMzNGkzM0A2XmAzNmIzNS8xYi4uMmM1YSMuMi1lMmRzMGBhLS1kLS9zcw%3D%3D&btag=80000e00028000&cquery=101r_100o&dy_q=1760969609&l=20251020221329FF810B6B17C3D024C6A3', 'https://v5-dy-o-abtest.zjcdn.com/4bfbd7d3a72bd2b2ba3e898b5a4566b2/68f79590/video/tos/cn/tos-cn-vd-0026/owGRX1NMAAAfA7dzARLEs2EGHegwlekIBBCHZA/media-video-avc1/?a=6383&ch=0&cr=8&dr=0&er=1&lr=default&cd=0%7C0%7C0%7C3&cv=1&br=394&bt=394&cs=0&ds=6&mime_type=video_mp4&qs=12&rc=N2loNDtmM2dpZmZnaDtoZ0BpM3Jzbnk5cjtsNjMzNGkzM0A2XmAzNmIzNS8xYi4uMmM1YSMuMi1lMmRzMGBhLS1kLS9zcw%3D%3D&btag=80000e00028000&cquery=101r_100o&dy_q=1760969609&l=20251020221329FF810B6B17C3D024C6A3', 'https://www.douyin.com/aweme/v1/play/dash/?video_id=v0200fg10000d3ci38vog65vhk0p5o10&line=0&file_id=8dfe581e1dec4c2f8d60ec9861ceaf94&sign=8d384c49a13c8d6670481a3f20df7ea9&is_play_url=1&source=PackSourceEnum_PUBLISH'], 'width': 576, 'height': 1024, 'url_key': 'v0200fg10000d3ci38vog65vhk0p5o10_h264_540p_404226', 'data_size': 6839857, 'file_hash': '8d384c49a13c8d6670481a3f20df7ea9'}, 'is_h265': 0, 'is_bytevc1': 0, 'HDR_type': '', 'HDR_bit': '', 'FPS': 30, 'video_extra': '{"PktOffsetMap":"","format":"dash","sub_info":"{\\"audio_channels\\":\\"2.0\\",\\"audio_layout\\":\\"C\\",\\"audio_sample_rate\\":\\"44100\\",\\"base_range_info\\":{\\"first_moof_range\\":\\"1230-3329\\",\\"index_range\\":\\"994-1229\\",\\"init_range\\":\\"0-993\\"},\\"check_info\\":{\\"check_info\\":\\"a:v0200fg10000d3ci38vog65vhk0p5o10|b:0-1229-ea4209e3ec21e7f5815506aac670dbae|c:0-1229-e6cf\\"},\\"first_segment_range\\":\\"1230-503129\\",\\"gear_des_key\\":\\"0:DASH|1:normal|2:h264|4:540p|5:adapt_low|10000:105\\",\\"quality_type\\":291}","definition":"540p","quality":"adapt_low","quality_desc":"","file_id":"8dfe581e1dec4c2f8d60ec9861ceaf94","real_bitrate":460135,"audio_file_id":"a7fa11006372fe45b683898c81c9cbab","applog_map":{"feature_id":"0ea98fd3bdc3c6c14a3d0804cc272721"},"audio_metrics":null,"audio_score":null}', 'format': 'dash'}, {'gear_name': 'adapt_lowest_1080_1', 'quality_type': 2, 'bit_rate': 386533, 'play_addr': {'uri': 'v0200fg10000d3ci38vog65vhk0p5o10', 'url_list': ['https://v5-dy-o-abtest.zjcdn.com/9a99052321e56bfea3fbf6fb923fdbc5/68f79590/video/tos/cn/tos-cn-vd-0026/oIECsmgAGkMGtGfeAAA7xHeNBwBLymIRAREAlc/media-video-hvc1/?a=6383&ch=0&cr=8&dr=0&er=1&lr=default&cd=0%7C0%7C0%7C3&cv=1&br=377&bt=377&cs=4&ds=4&mime_type=video_mp4&qs=15&rc=NTY5OmU3OTU8aTQ4aDk0aEBpM3Jzbnk5cjtsNjMzNGkzM0AyNjUxNi1jXjQxYGBeXzYwYSMuMi1lMmRzMGBhLS1kLS9zcw%3D%3D&btag=80000e00028000&cquery=100o_101r&dy_q=1760969609&l=20251020221329FF810B6B17C3D024C6A3', 'https://v5-dy-o-abtest.zjcdn.com/9a99052321e56bfea3fbf6fb923fdbc5/68f79590/video/tos/cn/tos-cn-vd-0026/oIECsmgAGkMGtGfeAAA7xHeNBwBLymIRAREAlc/media-video-hvc1/?a=6383&ch=0&cr=8&dr=0&er=1&lr=default&cd=0%7C0%7C0%7C3&cv=1&br=377&bt=377&cs=4&ds=4&mime_type=video_mp4&qs=15&rc=NTY5OmU3OTU8aTQ4aDk0aEBpM3Jzbnk5cjtsNjMzNGkzM0AyNjUxNi1jXjQxYGBeXzYwYSMuMi1lMmRzMGBhLS1kLS9zcw%3D%3D&btag=80000e00028000&cquery=101r_100o&dy_q=1760969609&l=20251020221329FF810B6B17C3D024C6A3', 'https://www.douyin.com/aweme/v1/play/dash/?video_id=v0200fg10000d3ci38vog65vhk0p5o10&line=0&file_id=3e91b6aec5c14f79a2f6049b47869352&sign=03d2231673ee52667c7cee6573ff31cf&is_play_url=1&source=PackSourceEnum_PUBLISH'], 'width': 1080, 'height': 1920, 'url_key': 'v0200fg10000d3ci38vog65vhk0p5o10_bytevc1_1080p_386533', 'data_size': 6540472, 'file_hash': '03d2231673ee52667c7cee6573ff31cf'}, 'is_h265': 1, 'is_bytevc1': 1, 'HDR_type': '', 'HDR_bit': '', 'FPS': 30, 'video_extra': '{"PktOffsetMap":"","format":"dash","sub_info":"{\\"audio_channels\\":\\"2.0\\",\\"audio_layout\\":\\"C\\",\\"audio_sample_rate\\":\\"44100\\",\\"base_range_info\\":{\\"first_moof_range\\":\\"1400-3179\\",\\"index_range\\":\\"1128-1399\\",\\"init_range\\":\\"0-1127\\"},\\"check_info\\":{\\"check_info\\":\\"a:v0200fg10000d3ci38vog65vhk0p5o10|b:0-1399-cc5edb2d6ba2b883ee994fa47cd27b8a|c:0-1399-75a9\\"},\\"first_segment_range\\":\\"1400-501535\\",\\"gear_des_key\\":\\"0:DASH|1:normal|2:h265_hvc1|4:1080p|5:adapt_lowest|10000:105\\",\\"quality_type\\":2}","definition":"1080p","quality":"adapt_lowest","quality_desc":"","file_id":"3e91b6aec5c14f79a2f6049b47869352","real_bitrate":439250,"audio_file_id":"a7fa11006372fe45b683898c81c9cbab","applog_map":{"feature_id":"b38008770b4e09863331b14b26bcdc23"},"mvmaf":"{\\"mvmaf_sr_v1080\\":98.612,\\"mvmaf_sr_v960\\":98.795,\\"mvmaf_sr_v864\\":99.04,\\"mvmaf_sr_v720\\":99.191,\\"mvmaf_ori_v1080\\":92.362,\\"mvmaf_ori_v960\\":93.019,\\"mvmaf_ori_v864\\":93.62,\\"mvmaf_ori_v720\\":94.464}","audio_metrics":null,"audio_score":null}', 'format': 'dash'}, {'gear_name': 'adapt_lowest_720_1', 'quality_type': 15, 'bit_rate': 305231, 'play_addr': {'uri': 'v0200fg10000d3ci38vog65vhk0p5o10', 'url_list': ['https://v5-dy-o-abtest.zjcdn.com/99a22ab7f3ea434aac6be73f57c6b91f/68f79590/video/tos/cn/tos-cn-vd-0026/oAeRml7GBfGsMyGIJSLNHRAvBEAgAACfkwAEGA/media-video-hvc1/?a=6383&ch=0&cr=8&dr=0&er=1&lr=default&cd=0%7C0%7C0%7C3&cv=1&br=298&bt=298&cs=4&ds=3&mime_type=video_mp4&qs=15&rc=ZTY3Omk0NTQ4PGRnaDc0aEBpM3Jzbnk5cjtsNjMzNGkzM0BiMmBiM2NiNl4xLTMxNV5jYSMuMi1lMmRzMGBhLS1kLS9zcw%3D%3D&btag=80000e00028000&cquery=101r_100o&dy_q=1760969609&l=20251020221329FF810B6B17C3D024C6A3', 'https://v5-dy-o-abtest.zjcdn.com/99a22ab7f3ea434aac6be73f57c6b91f/68f79590/video/tos/cn/tos-cn-vd-0026/oAeRml7GBfGsMyGIJSLNHRAvBEAgAACfkwAEGA/media-video-hvc1/?a=6383&ch=0&cr=8&dr=0&er=1&lr=default&cd=0%7C0%7C0%7C3&cv=1&br=298&bt=298&cs=4&ds=3&mime_type=video_mp4&qs=15&rc=ZTY3Omk0NTQ4PGRnaDc0aEBpM3Jzbnk5cjtsNjMzNGkzM0BiMmBiM2NiNl4xLTMxNV5jYSMuMi1lMmRzMGBhLS1kLS9zcw%3D%3D&btag=80000e00028000&cquery=100o_101r&dy_q=1760969609&l=20251020221329FF810B6B17C3D024C6A3', 'https://www.douyin.com/aweme/v1/play/dash/?video_id=v0200fg10000d3ci38vog65vhk0p5o10&line=0&file_id=fea1844e6d0a49a591e2f16fe7c453eb&sign=11ff1224b82a3a123c2074d922c4ead0&is_play_url=1&source=PackSourceEnum_PUBLISH'], 'width': 720, 'height': 1280, 'url_key': 'v0200fg10000d3ci38vog65vhk0p5o10_bytevc1_720p_305231', 'data_size': 5164773, 'file_hash': '11ff1224b82a3a123c2074d922c4ead0'}, 'is_h265': 1, 'is_bytevc1': 1, 'HDR_type': '', 'HDR_bit': '', 'FPS': 30, 'video_extra': '{"PktOffsetMap":"","format":"dash","sub_info":"{\\"audio_channels\\":\\"2.0\\",\\"audio_layout\\":\\"C\\",\\"audio_sample_rate\\":\\"44100\\",\\"base_range_info\\":{\\"first_moof_range\\":\\"1401-3180\\",\\"index_range\\":\\"1129-1400\\",\\"init_range\\":\\"0-1128\\"},\\"check_info\\":{\\"check_info\\":\\"a:v0200fg10000d3ci38vog65vhk0p5o10|b:0-1400-87451c828da1ef90b2f6e95a3e3960d3|c:0-1400-f4ab\\"},\\"first_segment_range\\":\\"1401-349804\\",\\"gear_des_key\\":\\"0:DASH|1:normal|2:h265_hvc1|4:720p|5:adapt_lowest|10000:105\\",\\"quality_type\\":15}","definition":"720p","quality":"adapt_lowest","quality_desc":"","file_id":"fea1844e6d0a49a591e2f16fe7c453eb","real_bitrate":357948,"audio_file_id":"a7fa11006372fe45b683898c81c9cbab","applog_map":{"feature_id":"b38008770b4e09863331b14b26bcdc23"},"mvmaf":"{\\"mvmaf_sr_v1080\\":97.194,\\"mvmaf_sr_v960\\":98.241,\\"mvmaf_sr_v864\\":98.686,\\"mvmaf_sr_v720\\":99.222,\\"mvmaf_ori_v1080\\":86.952,\\"mvmaf_ori_v960\\":89.688,\\"mvmaf_ori_v864\\":91.123,\\"mvmaf_ori_v720\\":94.182}","ufq":"{\\"enh\\":93.599,\\"playback\\":{\\"ori\\":84.551,\\"srv1\\":92.346},\\"src\\":93.599,\\"trans\\":84.551,\\"version\\":\\"v1.0\\"}","audio_metrics":null,"audio_score":null}', 'format': 'dash'}, {'gear_name': 'adapt_540_1', 'quality_type': 28, 'bit_rate': 267015, 'play_addr': {'uri': 'v0200fg10000d3ci38vog65vhk0p5o10', 'url_list': ['https://v5-dy-o-abtest.zjcdn.com/b8200ea08014f89e116c1c0bb1d2a348/68f79590/video/tos/cn/tos-cn-vd-0026/oMFGmAIo2A0SA4jAEfQSD9JBCAZfgkGAAjCgID/media-video-hvc1/?a=6383&ch=0&cr=8&dr=0&er=1&lr=default&cd=0%7C0%7C0%7C3&cv=1&br=260&bt=260&cs=4&ds=6&mime_type=video_mp4&qs=11&rc=ZzY3ZzU3aDw5ZTY3OGhnaEBpM3Jzbnk5cjtsNjMzNGkzM0AwLmJiMjVhXjMxNWEtXzFiYSMuMi1lMmRzMGBhLS1kLS9zcw%3D%3D&btag=80000e00028000&cquery=101r_100o&dy_q=1760969609&l=20251020221329FF810B6B17C3D024C6A3', 'https://v5-dy-o-abtest.zjcdn.com/b8200ea08014f89e116c1c0bb1d2a348/68f79590/video/tos/cn/tos-cn-vd-0026/oMFGmAIo2A0SA4jAEfQSD9JBCAZfgkGAAjCgID/media-video-hvc1/?a=6383&ch=0&cr=8&dr=0&er=1&lr=default&cd=0%7C0%7C0%7C3&cv=1&br=260&bt=260&cs=4&ds=6&mime_type=video_mp4&qs=11&rc=ZzY3ZzU3aDw5ZTY3OGhnaEBpM3Jzbnk5cjtsNjMzNGkzM0AwLmJiMjVhXjMxNWEtXzFiYSMuMi1lMmRzMGBhLS1kLS9zcw%3D%3D&btag=80000e00028000&cquery=101r_100o&dy_q=1760969609&l=20251020221329FF810B6B17C3D024C6A3', 'https://www.douyin.com/aweme/v1/play/dash/?video_id=v0200fg10000d3ci38vog65vhk0p5o10&line=0&file_id=ee4dbe05d4834b66a9de8452ede4133d&sign=313632165767b3caacc440f51a6bf1e7&is_play_url=1&source=PackSourceEnum_PUBLISH'], 'width': 576, 'height': 1024, 'url_key': 'v0200fg10000d3ci38vog65vhk0p5o10_bytevc1_540p_267015', 'data_size': 4518120, 'file_hash': '313632165767b3caacc440f51a6bf1e7'}, 'is_h265': 1, 'is_bytevc1': 1, 'HDR_type': '', 'HDR_bit': '', 'FPS': 30, 'video_extra': '{"PktOffsetMap":"","format":"dash","sub_info":"{\\"audio_channels\\":\\"2.0\\",\\"audio_layout\\":\\"C\\",\\"audio_sample_rate\\":\\"44100\\",\\"base_range_info\\":{\\"first_moof_range\\":\\"1401-3180\\",\\"index_range\\":\\"1129-1400\\",\\"init_range\\":\\"0-1128\\"},\\"check_info\\":{\\"check_info\\":\\"a:v0200fg10000d3ci38vog65vhk0p5o10|b:0-1400-594fc35570cabcc4da839747a1667829|c:0-1400-4812\\"},\\"first_segment_range\\":\\"1401-314978\\",\\"gear_des_key\\":\\"0:DASH|1:normal|2:h265_hvc1|4:540p|5:adapt|10000:105\\",\\"quality_type\\":28}","definition":"540p","quality":"adapt","quality_desc":"","file_id":"ee4dbe05d4834b66a9de8452ede4133d","real_bitrate":322748,"audio_file_id":"a7fa11006372fe45b683898c81c9cbab","applog_map":{"feature_id":"b38008770b4e09863331b14b26bcdc23"},"mvmaf":"{\\"mvmaf_sr_v1080\\":94.576,\\"mvmaf_sr_v960\\":96.45,\\"mvmaf_sr_v864\\":97.442,\\"mvmaf_sr_v720\\":98.451,\\"mvmaf_ori_v1080\\":81.763,\\"mvmaf_ori_v960\\":85.126,\\"mvmaf_ori_v864\\":87.088,\\"mvmaf_ori_v720\\":90.317}","ufq":"{\\"enh\\":93.599,\\"playback\\":{\\"ori\\":80.172,\\"srv1\\":91.483},\\"src\\":93.599,\\"trans\\":80.172,\\"version\\":\\"v1.0\\"}","audio_metrics":null,"audio_score":null}', 'format': 'dash'}], 'duration': 135373, 'play_addr_265': {'uri': 'v0200fg10000d3ci38vog65vhk0p5o10', 'url_list': ['https://v5-dy-o-abtest.zjcdn.com/af29982f8607b218ebfbc1e21d5710b4/68f66e40/video/tos/cn/tos-cn-ve-15/oQaMTkeGGIuLEyfNAlLgEX7HwCeBRKBQIjAgBs/?a=6383&ch=10010&cr=3&dr=0&lr=all&cd=0%7C0%7C0%7C3&cv=1&br=315&bt=315&cs=2&ds=6&ft=c2YTctGHQPRUZxfusdr~kwPqYldQIKDEE-TerrNqq_45a&mime_type=video_mp4&qs=11&rc=NDRmN2VlZTY2NGk6Ozw8aUBpM3Jzbnk5cjtsNjMzNGkzM0A0Y14wXzY1NjQxMWI0MTExYSMuMi1lMmRzMGBhLS1kLS9zcw%3D%3D&btag=80000e00028000&cquery=100K_100o_101r_100B_100H&dy_q=1760969609&feature_id=b38008770b4e09863331b14b26bcdc23&l=20251020221329FF810B6B17C3D024C6A3', 'https://v5-dy-o-abtest.zjcdn.com/af29982f8607b218ebfbc1e21d5710b4/68f66e40/video/tos/cn/tos-cn-ve-15/oQaMTkeGGIuLEyfNAlLgEX7HwCeBRKBQIjAgBs/?a=6383&ch=10010&cr=3&dr=0&lr=all&cd=0%7C0%7C0%7C3&cv=1&br=315&bt=315&cs=2&ds=6&ft=c2YTctGHQPRUZxfusdr~kwPqYldQIKDEE-TerrNqq_45a&mime_type=video_mp4&qs=11&rc=NDRmN2VlZTY2NGk6Ozw8aUBpM3Jzbnk5cjtsNjMzNGkzM0A0Y14wXzY1NjQxMWI0MTExYSMuMi1lMmRzMGBhLS1kLS9zcw%3D%3D&btag=80000e00028000&cquery=101r_100B_100H_100K_100o&dy_q=1760969609&feature_id=b38008770b4e09863331b14b26bcdc23&l=20251020221329FF810B6B17C3D024C6A3', 'https://www.douyin.com/aweme/v1/play/?video_id=v0200fg10000d3ci38vog65vhk0p5o10&line=0&file_id=4f494978e74f4173938b9bbb34acf171&sign=71d3361d5e36c9f4bc060557f836580a&is_play_url=1&source=PackSourceEnum_PUBLISH'], 'width': 576, 'height': 1024, 'url_key': 'v0200fg10000d3ci38vog65vhk0p5o10_bytevc1_540p_322748', 'data_size': 5461421, 'file_hash': '71d3361d5e36c9f4bc060557f836580a', 'file_cs': 'c:0-113018-3d4b|a:v0200fg10000d3ci38vog65vhk0p5o10'}, 'bit_rate_audio': [{'audio_meta': {'url_list': {'main_url': 'https://v5-dy-o-abtest.zjcdn.com/2b0eea6e370907d0257f9f0da3632136/68f79590/video/tos/cn/tos-cn-vd-0026/owGRX1NMAAAfA7dzARLEs2EGHegwlekIBBCHZA/media-audio-und-mp4a/?a=6383&ch=0&cr=8&dr=0&er=1&lr=default&cd=0%7C0%7C0%7C3&cv=1&br=51&bt=51&cs=0&mime_type=video_mp4&qs=12&rc=ZWU8NGY8Njk4aDU2MzRkOkBpM3Jzbnk5cjtsNjMzNGkzM0BeYGA1NTU1XzFjNDMtLmNeYSMuMi1lMmRzMGBhLS1kLS9zcw%3D%3D&btag=80000e00028000&cquery=101r_100o&dy_q=1760969609&l=20251020221329FF810B6B17C3D024C6A3', 'backup_url': 'https://v5-dy-o-abtest.zjcdn.com/2b0eea6e370907d0257f9f0da3632136/68f79590/video/tos/cn/tos-cn-vd-0026/owGRX1NMAAAfA7dzARLEs2EGHegwlekIBBCHZA/media-audio-und-mp4a/?a=6383&ch=0&cr=8&dr=0&er=1&lr=default&cd=0%7C0%7C0%7C3&cv=1&br=51&bt=51&cs=0&mime_type=video_mp4&qs=12&rc=ZWU8NGY8Njk4aDU2MzRkOkBpM3Jzbnk5cjtsNjMzNGkzM0BeYGA1NTU1XzFjNDMtLmNeYSMuMi1lMmRzMGBhLS1kLS9zcw%3D%3D&btag=80000e00028000&cquery=101r_100o&dy_q=1760969609&l=20251020221329FF810B6B17C3D024C6A3', 'fallback_url': 'https://www.douyin.com/aweme/v1/play/dash/?video_id=v0200fg10000d3ci38vog65vhk0p5o10&line=0&file_id=a7fa11006372fe45b683898c81c9cbab&sign=a7fa11006372fe45b683898c81c9cbab&is_play_url=1&source=PackSourceEnum_PUBLISH'}, 'encoded_type': 'normal', 'media_type': 'audio', 'logo_type': '', 'quality': 'adapt_low', 'quality_desc': '', 'format': 'dash', 'bitrate': 52717, 'codec_type': 'h264', 'size': 892055, 'fps': 0, 'file_id': 'a7fa11006372fe45b683898c81c9cbab', 'file_hash': 'a7fa11006372fe45b683898c81c9cbab', 'sub_info': '{"audio_channels":"2.0","audio_layout":"C","audio_sample_rate":"44100","base_range_info":{"index_range":"870-1105","init_range":"0-869"},"check_info":{"check_info":"a:v0200fg10000d3ci38vog65vhk0p5o10|b:0-1105-766828f19239d97fab92d01772236eff|c:0-1105-6adf"},"first_segment_range":"1106-54190","gear_des_key":"0:dash|1:normal|2:h264|5:adapt_low|10000:105"}'}, 'audio_quality': 5, 'audio_extra': '{"real_bitrate":460135}'}], 'play_addr_h264': {'uri': 'v0200fg10000d3ci38vog65vhk0p5o10', 'url_list': ['https://v5-dy-o-abtest.zjcdn.com/45f048ae7002d2abbf68f575198b2f7f/68f66e40/video/tos/cn/tos-cn-ve-15/ocYASLF24IDujfQAGCHgfQEjoZEF9CGACNzSIB/?a=6383&ch=10010&cr=3&dr=0&lr=all&cd=0%7C0%7C0%7C3&cv=1&br=793&bt=793&cs=0&ds=3&ft=c2YTctGHQPRUZxfusdr~kwPqYldQIKDEE-TerrNqq_45a&mime_type=video_mp4&qs=0&rc=OGY7Z2U1aGUzZzU2OjZpOkBpM3Jzbnk5cjtsNjMzNGkzM0AxNDUyXy82X2AxLzE0LmI0YSMuMi1lMmRzMGBhLS1kLS9zcw%3D%3D&btag=80000e00028000&cquery=101r_100B_100H_100K_100o&dy_q=1760969609&feature_id=fea919893f650a8c49286568590446ef&l=20251020221329FF810B6B17C3D024C6A3', 'https://v5-dy-o-abtest.zjcdn.com/45f048ae7002d2abbf68f575198b2f7f/68f66e40/video/tos/cn/tos-cn-ve-15/ocYASLF24IDujfQAGCHgfQEjoZEF9CGACNzSIB/?a=6383&ch=10010&cr=3&dr=0&lr=all&cd=0%7C0%7C0%7C3&cv=1&br=793&bt=793&cs=0&ds=3&ft=c2YTctGHQPRUZxfusdr~kwPqYldQIKDEE-TerrNqq_45a&mime_type=video_mp4&qs=0&rc=OGY7Z2U1aGUzZzU2OjZpOkBpM3Jzbnk5cjtsNjMzNGkzM0AxNDUyXy82X2AxLzE0LmI0YSMuMi1lMmRzMGBhLS1kLS9zcw%3D%3D&btag=80000e00028000&cquery=100H_100K_100o_101r_100B&dy_q=1760969609&feature_id=fea919893f650a8c49286568590446ef&l=20251020221329FF810B6B17C3D024C6A3', 'https://www.douyin.com/aweme/v1/play/?video_id=v0200fg10000d3ci38vog65vhk0p5o10&line=0&file_id=77ef137743224dc0bb9e22bb5d887c45&sign=bbcd692fda683be1852538fb9b0047bb&is_play_url=1&source=PackSourceEnum_PUBLISH'], 'width': 720, 'height': 1280, 'url_key': 'v0200fg10000d3ci38vog65vhk0p5o10_h264_720p_812478', 'data_size': 13748452, 'file_hash': 'bbcd692fda683be1852538fb9b0047bb', 'file_cs': 'c:0-148553-b19f|a:v0200fg10000d3ci38vog65vhk0p5o10'}, 'raw_cover': {'uri': 'tos-cn-i-dy/9c0f9a6bdc0d4d9d8946a6c613ea3638', 'url_list': ['https://p3-pc-sign.douyinpic.com/tos-cn-i-dy/9c0f9a6bdc0d4d9d8946a6c613ea3638~tplv-dy-cropcenter:323:430.jpeg?lk3s=138a59ce&x-expires=2076328800&x-signature=yfmkHhWl9RPqjdpR8tdpbLxoIF0%3D&from=327834062&s=PackSourceEnum_PUBLISH&se=true&sh=323_430&sc=cover&biz_tag=pcweb_cover&l=20251020221329FF810B6B17C3D024C6A3', 'https://p3-pc-sign.douyinpic.com/obj/tos-cn-i-dy/9c0f9a6bdc0d4d9d8946a6c613ea3638?lk3s=138a59ce&x-expires=2076328800&x-signature=Y%2FFLn1UY5uUFPGVXH98KiMm3070%3D&from=327834062&s=PackSourceEnum_PUBLISH&se=false&sc=cover&biz_tag=pcweb_cover&l=20251020221329FF810B6B17C3D024C6A3'], 'width': 720, 'height': 720}, 'is_long_video': 1, 'animated_cover': {'uri': 'tos-cn-i-dy/9c0f9a6bdc0d4d9d8946a6c613ea3638', 'url_list': ['https://p3-pc-sign.douyinpic.com/obj/tos-cn-i-dy/9c0f9a6bdc0d4d9d8946a6c613ea3638?lk3s=138a59ce&x-expires=1762178400&x-signature=kmIC7btMpMreLoym%2Be7Bxu0wdiM%3D&from=327834062_large&s=PackSourceEnum_PUBLISH&se=false&sc=dynamic_cover&biz_tag=pcweb_cover&l=20251020221329FF810B6B17C3D024C6A3', 'https://p9-pc-sign.douyinpic.com/obj/tos-cn-i-dy/9c0f9a6bdc0d4d9d8946a6c613ea3638?lk3s=138a59ce&x-expires=1762178400&x-signature=Glzja%2BXbuQvuxsknhLt1%2BRZeTBI%3D&from=327834062_large&s=PackSourceEnum_PUBLISH&se=false&sc=dynamic_cover&biz_tag=pcweb_cover&l=20251020221329FF810B6B17C3D024C6A3']}, 'gaussian_cover': {'uri': 'tos-cn-p-0015/owAAZFSjG2jwDI5q9fQBShAfgCECAjjI4oQGIC', 'url_list': ['https://p3-pc-sign.douyinpic.com/tos-cn-p-0015/owAAZFSjG2jwDI5q9fQBShAfgCECAjjI4oQGIC~tplv-tsj2vxp0zn-gaosi:40.jpeg?lk3s=138a59ce&x-expires=1792504800&x-signature=mCbmG6fIAz%2B9zadF4JgxxChWuaU%3D&from=327834062', 'https://p9-pc-sign.douyinpic.com/tos-cn-p-0015/owAAZFSjG2jwDI5q9fQBShAfgCECAjjI4oQGIC~tplv-tsj2vxp0zn-gaosi:40.jpeg?lk3s=138a59ce&x-expires=1792504800&x-signature=adwecXBaNBnIGdRvzza%2FRS3uTL8%3D&from=327834062'], 'width': 720, 'height': 720}, 'meta': '{"enable_manual_ladder":"1","format":"mp4","gear_vqm":"{\\"1080p_720p\\":2,\\"720p_540p\\":2}","hrids":"500000002","is_spatial_video":"0","isad":"0","loudness":"-10.9","peak":"1","qprf":"1.000","sdgs":"[\\"normal_720_0\\",\\"low_720_0\\",\\"low_540_0\\",\\"adapt_low_540_0\\",\\"adapt_lowest_1080_1\\",\\"adapt_lowest_720_1\\",\\"adapt_540_1\\"]","sr_potential":"{\\"v1.0\\":{\\"score\\":32.7}}","sr_score":"1.000","strategy_tokens":"[\\"online\\",\\"sexp_0702_0819\\",\\"sexp_reward02_0721\\",\\"sexp_reward01_0721\\",\\"sexp_0701_0819\\"]","title_info":"{\\"avg_br_pc\\":223,\\"bottom_res_add\\":[0,0,0,29.68,49.96,0,0,0,0,0,0,0,0,0,0],\\"bullet_zone\\":11.63,\\"mean_br_l\\":[242.05,234.36,226.23,218.49,211.76,203.45],\\"pc60_br_l\\":[244.78,236.61,228.43,220.7,213.87,205.76],\\"progress_bar\\":[244,244,244],\\"ratio_br_l\\":[244.78,236.61,228.35,220.38,213.63,205.49],\\"ratio_br_l_thre220\\":[0.99,0.82,0.62,0.49,0.41,0.35],\\"ratio_edge_l\\":[0,0,0,0.13,0.11,0.13],\\"std_br_l\\":[25.66,20.41,14.82,11.65,9.64,9.03],\\"top_res_add\\":[0,0,0,0,35.73,21.91,20],\\"version\\":\\"v1.0\\"}","volume_info":"{\\"MaximumMomentaryLoudness\\":-1.5,\\"MaximumShortTermLoudness\\":-4.6,\\"Version\\":2,\\"LoudnessRangeEnd\\":-8.4,\\"LoudnessRange\\":7.7,\\"LoudnessRangeStart\\":-16.1,\\"Metrics\\":{\\"Phase\\":{\\"RMSDownmixDiff\\":-0.084},\\"RMSStats\\":{\\"LTotal\\":-14.205,\\"Peak\\":-0.012,\\"RTotal\\":-14.201,\\"LRDiff\\":-0.003},\\"Version\\":\\"1.4.2\\",\\"Loudness\\":{\\"Integrated\\":-10.889}},\\"Peak\\":1,\\"Loudness\\":-10.9}","vqs_origin":"75.64"}', 'video_model': '', 'is_source_HDR': 0, 'use_static_cover': True, 'big_thumbs': [{'img_num': 68, 'uri': 'tos-cn-p-0015/ooC9f2EnG0j3IZCxAQGjIIgIDfA2FAC4SBGoSI', 'img_url': 'https://p26-sign.douyinpic.com/tos-cn-p-0015/ooC9f2EnG0j3IZCxAQGjIIgIDfA2FAC4SBGoSI~tplv-noop.image?cquery=100H_100K_100o_101r_100B&dy_q=1760969609&l=20251020221329FF810B6B17C3D024C6A3&x-expires=1760980544&x-signature=j5UkuZEf3ajxS7j%2B6oWaGGZDtZQ%3D', 'img_x_size': 136, 'img_y_size': 240, 'img_x_len': 5, 'img_y_len': 5, 'duration': 135.36667, 'interval': 2, 'fext': 'jpg', 'uris': ['tos-cn-p-0015/ooC9f2EnG0j3IZCxAQGjIIgIDfA2FAC4SBGoSI', 'tos-cn-p-0015/osxACfSZSgK9DEdICGfEAjBCIA2FI6HQo4Gj0T', 'tos-cn-p-0015/okMZHwAseAQKBNfiDG7RgxCEIIBELBQlGkdQsf'], 'img_urls': ['https://p26-sign.douyinpic.com/tos-cn-p-0015/ooC9f2EnG0j3IZCxAQGjIIgIDfA2FAC4SBGoSI~tplv-noop.image?cquery=100H_100K_100o_101r_100B&dy_q=1760969609&l=20251020221329FF810B6B17C3D024C6A3&x-expires=1760980544&x-signature=j5UkuZEf3ajxS7j%2B6oWaGGZDtZQ%3D', 'https://p26-sign.douyinpic.com/tos-cn-p-0015/osxACfSZSgK9DEdICGfEAjBCIA2FI6HQo4Gj0T~tplv-noop.image?cquery=101r_100B_100H_100K_100o&dy_q=1760969609&l=20251020221329FF810B6B17C3D024C6A3&x-expires=1760980544&x-signature=22%2BHjYKzQboq14b5noufGgw5K%2Fo%3D', 'https://p26-sign.douyinpic.com/tos-cn-p-0015/okMZHwAseAQKBNfiDG7RgxCEIIBELBQlGkdQsf~tplv-noop.image?cquery=101r_100B_100H_100K_100o&dy_q=1760969609&l=20251020221329FF810B6B17C3D024C6A3&x-expires=1760980544&x-signature=LK1Mgnaw%2BJ48Ce5h2sfdVEt9Nac%3D']}]}, 'item_aigc_follow_shot': 1, 'user_digged': 0, 'statistics': {'recommend_count': 3, 'comment_count': 1, 'digg_count': 51, 'admire_count': 0, 'play_count': 0, 'share_count': 11, 'collect_count': 22}, 'status': {'not_allow_soft_del_reason': 'ab', 'is_delete': False, 'allow_share': True, 'review_result': {'review_status': 0}, 'allow_friend_recommend_guide': True, 'part_see': 0, 'private_status': 0, 'listen_video_status': 2, 'in_reviewing': False, 'allow_self_recommend_to_friend': True, 'allow_friend_recommend': True, 'is_prohibited': False, 'enable_soft_delete': 0}, 'ent_log_extra': {'log_extra': '{"global_log_extra":null,"page_log_extra":null,"aweme_log_extra":{"ce_current_group_id":"7555108261536566580","author_id":"1965574329213736"},"extra_log_extra":null}'}, 'text_extra': [], 'is_top': 0, 'publish_plus_alienation': {'alienation_type': 0}, 'share_info': {'share_url': 'https://www.iesdouyin.com/share/video/7555108261536566580/?region=US&mid=7555108288786975524&u_code=0&did=MS4wLjABAAAAvCMmrvAxedjvycgJ9K0iX5KdtDHpyq-etIWoeicy6xniB0XMxRYv3S-CyP_GdsPs&iid=MS4wLjABAAAANwkJuWIRFOzg5uCpDRpMj4OX-QryoDgn-yYlXQnRwQQ&with_sec_did=1&video_share_track_ver=&titleType=title&share_sign=vVEkT1lw_2MSzx3SeCDll9BFdjX7RyXnK7d1utMjeYE-&share_version=290100&ts=1760969609&from_aid=6383&from_ssr=1&share_track_info=%7B%22link_description_type%22%3A%22%22%7D', 'share_link_desc': '2.30 V@y.Gi 11/15 hod:/ 让孩子愿意去幼儿园的关键 你以为孩子不想去幼儿园是“娇气”，其实他是觉得“这里没有自由”，老师不友善，像被扔进了不熟悉的牢笼—— 这些深层恐惧，你真的懂吗？ # 幼儿教育# 父母课堂# 育儿# 亲子关系# 家庭教育# 孙瑞雪  %s 复制此链接，打开Dou音搜索，直接观看视频！'}, 'nearby_hot_comment': None, 'video_labels': None, 'entertainment_video_type': 3, 'is_ads': False, 'duration': 135373, 'aweme_type': 0, 'select_anchor_expanded_content': 0, 'ai_follow_images': None, 'image_infos': None, 'risk_infos': {'vote': False, 'warn': False, 'risk_sink': False, 'type': 0, 'content': ''}, 'entertainment_video_paid_way': {'paid_ways': [], 'paid_type': 0, 'enable_use_new_ent_data': False}, 'flash_mob_trends': 0, 'position': None, 'uniqid_position': None, 'comment_list': None, 'author_user_id': 1965574329213736, 'product_genre_info': {'product_genre_type': 2, 'material_genre_sub_type_set': [4], 'special_info': {'recommend_group_name': 0}}, 'geofencing': [], 'series_basic_info': {}, 'is_moment_history': 0, 'region': '', 'video_text': None, 'recommend_chapter_info': {'recommend_chapter_list': [{'desc': '熟悉环境', 'timestamp': 1000, 'detail': '孩子离开家庭去幼儿园会感到恐惧，让家长陪伴孩子熟悉幼儿园环境可减少恐惧感。', 'points': None}, {'desc': '自主性', 'timestamp': 35500, 'detail': '孩子在家里有自主性，到幼儿园后自主性可能丧失，这对孩子来说是一种禁锢。', 'points': None}, {'desc': '老师的态度', 'timestamp': 78000, 'detail': '老师对孩子的态度平等友善，孩子会觉得幼儿园安全。', 'points': None}, {'desc': '幼儿园氛围', 'timestamp': 90500, 'detail': '幼儿园氛围温馨，孩子能自主支配环境，环境就会和谐。', 'points': None}, {'desc': '总结', 'timestamp': 108000, 'detail': '孩子选择去幼儿园的原因包括熟悉环境、自主性、老师态度和幼儿园氛围。', 'points': None}], 'chapter_recommend_type': 1, 'chapter_abstract': '让孩子愿意去幼儿园的关键包括让孩子熟悉环境、保持自主性、老师友善的态度和温馨的幼儿园氛围。如果这些方面存在问题，孩子可能会觉得幼儿园是可怕的地方，从而不愿意去。', 'chapter_recommend_source': 2, 'push_scene': [], 'chapter_bar_color': None}, 'collect_stat': 0, 'label_top_text': None, 'promotions': [], 'group_id': '7555108261536566580', 'prevent_download': False, 'nickname_position': None, 'challenge_position': None, 'shoot_way': '', 'is_24_story': 0, 'enable_comment_sticker_rec': False, 'long_video': None, 'trends_event_track': '{}', 'aweme_listen_struct': {'trace_info': '{"copyright_not_speech":"false","copyright_reason":"has_listen_cp_new","copyright_tag_hit":"","copyright_use_aed_default":"false","copyright_use_tag_default":"false","cp_ab":"true","desc":"","duration_over":"false","hit_high_risk":"false","media_type":"4","reason":"hit_ab_0","show":"false"}'}, 'video_share_edit_status': 0, 'follow_shoot_clip_info': {'clip_video_all': 7555108288786975524, 'clip_from_user': 7555108288786975524}, 'interaction_stickers': None, 'mv_info': None, 'origin_comment_ids': None, 'commerce_config_data': None, 'caption_template_id': 0, 'video_control': {'allow_download': False, 'share_type': 0, 'show_progress_bar': 1, 'draft_progress_bar': 1, 'allow_duet': True, 'allow_react': False, 'prevent_download_type': 2, 'allow_dynamic_wallpaper': False, 'timer_status': 1, 'allow_music': True, 'allow_stitch': False, 'allow_douplus': True, 'allow_share': True, 'share_grayed': False, 'download_ignore_visibility': False, 'duet_ignore_visibility': False, 'share_ignore_visibility': False, 'download_info': {'level': 1, 'fail_info': {'code': 290002, 'reason': 'isolation_content', 'msg': '视频暂时无法保存，链接已复制'}}, 'duet_info': {'level': 0}, 'allow_record': True, 'disable_record_reason': '', 'timer_info': {'public_time': 1759068000, 'timer_status': 0}}, 'aweme_control': {'can_forward': True, 'can_share': True, 'can_comment': True, 'can_show_comment': True}, 'douplus_user_type': 0, 'is_25_story': 0, 'origin_duet_resource_uri': '', 'is_moment_story': 0, 'anchors': None, 'hybrid_label': None, 'geofencing_regions': None, 'interest_points': None, 'aweme_acl': {'download_mask_panel': {'code': 1, 'show_type': 0}}, 'personal_page_botton_diagnose_style': 0, 'is_story': 0, 'game_tag_info': {'is_game': False}, 'chapter_bar_color': None, 'follow_shot_assets': None, 'cover_labels': None, 'is_new_text_mode': 0, 'can_cache_to_local': True, 'guide_btn_type': 0, 'is_from_ad_auth': False, 'aweme_type_tags': '', 'images': None, 'relation_labels': None, 'cf_assets_type': 0, 'impression_data': {'group_id_list_a': [], 'group_id_list_b': [], 'similar_id_list_a': None, 'similar_id_list_b': None, 'group_id_list_c': [], 'group_id_list_d': []}, 'component_control': {'data_source_url': '/aweme/v1/web/aweme/post/'}, 'trends_infos': None, 'libfinsert_task_id': '', 'social_tag_list': None, 'suggest_words': {'suggest_words': [{'words': [{'word': '幼儿教育新方法', 'word_id': '6761602372088108295', 'info': '{"End":0,"Start":0,"ecpm_boost_tag":false,"log_pb":"","qrec_for_search":"{}"}'}, {'word': '幼儿入园心理建设', 'word_id': '6844043055339672843', 'info': '{"End":0,"Start":0,"ecpm_boost_tag":false,"log_pb":"","qrec_for_search":"{}"}'}, {'word': '孩子不愿意上幼儿园怎么办', 'word_id': '6581271752909788419', 'info': '{"End":0,"Start":0,"ecpm_boost_tag":false,"log_pb":"","qrec_for_search":"{}"}'}, {'word': '捕捉儿童敏感期孙瑞雪', 'word_id': '6580307050775975172', 'info': '{"End":0,"Start":0,"ecpm_boost_tag":false,"log_pb":"","qrec_for_search":"{}"}'}, {'word': '小孩为什么不愿意去幼儿园', 'word_id': '6715380042337146115', 'info': '{"End":0,"Start":0,"ecpm_boost_tag":false,"log_pb":"","qrec_for_search":"{}"}'}, {'word': '怎么促进幼儿心理发展', 'word_id': '6862852119175877895', 'info': '{"End":0,"Start":0,"ecpm_boost_tag":false,"log_pb":"","qrec_for_search":"{}"}'}], 'scene': 'comment_top_rec', 'icon_url': '', 'hint_text': '大家都在搜：', 'extra_info': '{"resp_from":"hit_cache"}'}, {'words': [{'word': '捕捉儿童敏感期孙瑞雪书', 'word_id': '6939132636829848839', 'info': '{"End":0,"Start":0,"ecpm_boost_tag":false,"log_pb":"","qrec_for_search":"{\\"query_ecom\\":\\"1\\"}"}'}], 'scene': 'detail_inbox_rex', 'icon_url': '', 'hint_text': '', 'extra_info': '{"resp_from":"hit_cache"}'}]}, 'show_follow_button': {}, 'duet_aggregate_in_music_tab': False, 'is_duet_sing': False, 'comment_permission_info': {'comment_permission_status': 0, 'can_comment': True, 'item_detail_entry': False, 'press_entry': False, 'toast_guide': False}, 'original_images': None, 'series_paid_info': {'series_paid_status': 0, 'item_price': 0}, 'img_bitrate': None, 'comment_gid': 7555108261536566580, 'image_album_music_info': {'begin_time': -1, 'end_time': -1, 'volume': -1}, 'video_tag': [{'tag_id': 2024, 'tag_name': '亲子', 'level': 1}, {'tag_id': 2024006, 'tag_name': '母婴', 'level': 2}, {'tag_id': 2024006003, 'tag_name': '育儿知识', 'level': 3}], 'is_collects_selected': 0, 'chapter_list': None, 'feed_comment_config': {'input_config_text': '善语结善缘，恶言伤人心', 'author_audit_status': 0, 'common_flags': '{"item_author_nickname":"孙瑞雪聊教育","video_labels_v2_tag1":"母婴","video_labels_v2_tag2":"育儿理念"}'}, 'is_image_beat': False, 'dislike_dimension_list': None, 'standard_bar_info_list': None, 'photo_search_entrance': {'ecom_type': 0}, 'is_life_item': False, 'image_list': None, 'component_info_v2': '{"desc_lines_limit":0,"hide_marquee":false}', 'item_warn_notification': {'type': 0, 'show': False, 'content': ''}, 'origin_text_extra': None, 'disable_relation_bar': 0, 'packed_clips': None, 'vtag_search': {'vtag_enable': True, 'vtag_delay_ts': 145373}, 'author_mask_tag': 0, 'user_recommend_status': 1, 'collection_corner_mark': 0, 'is_share_post': False, 'image_comment': {}, 'visual_search_info': {'visual_search_longpress': 1, 'is_show_img_entrance': False, 'is_ecom_img': False, 'is_high_accuracy_ecom': False, 'is_high_recall_ecom': False}, 'tts_id_list': None, 'ref_tts_id_list': None, 'voice_modify_id_list': None, 'ref_voice_modify_id_list': None, 'authentication_token': 'MS4wLjAAAAAA_MKyXyt2ag6N0pShyeng7ljf2xzB-8cD61qUenEFfVeqOdXGTRQ6ceHykAAw_gcq462SwLi9H6wE-9sjiziHNU9pYH5i5Tx79SrQRK6pDzYKVcun3N5hg7nd1qgX-y6DZ9_9-JiX3ARLzcMLbELHUqItpOQU_iT83sj3emhnwT1hYayD1Wa4Q8fnVwMw1TikIiamu4PVanBD1FDTxE_DKf-ihAzeGE1IRSm_VL2CLNl-qm9kQG9I7KY7Knn2WNbt', 'video_game_data_channel_config': {}, 'dislike_dimension_list_v2': None, 'distribute_circle': {'distribute_type': 0, 'campus_block_interaction': False, 'is_campus': False}, 'image_crop_ctrl': 0, 'yumme_recreason': None, 'slides_music_beats': None, 'jump_tab_info_list': None, 'media_type': 4, 'reply_smart_emojis': None, 'activity_video_type': -1, 'boost_status': 0, 'create_scale_type': None, 'entertainment_product_info': {'sub_title': None, 'market_info': {'limit_free': {'in_free': False}, 'marketing_tag': None}}, 'caption': '你以为孩子不想去幼儿园是“娇气”，其实他是觉得“这里没有自由”，老师不友善，像被扔进了不熟悉的牢笼—— 这些深层恐惧，你真的懂吗？\n\n\n#幼儿教育#父母课堂#育儿#亲子关系#家庭教育#孙瑞雪', 'item_title': '让孩子愿意去幼儿园的关键', 'is_use_music': False, 'original': 0, 'xigua_base_info': {'status': 0, 'star_altar_order_id': 0, 'star_altar_type': 0, 'item_id': 0}, 'mark_largely_following': False, 'friend_recommend_info': {'friend_recommend_source': 10, 'label_user_list': None, 'disable_friend_recommend_guide_label': False}}, {'aweme_id': '7554730279844187419', 'desc': '妈妈一句话就让孩子不怕上幼儿园 送孩子去幼儿园，别说“你要乖”，试试说“妈妈亲你左脸、右眼，把爱装进口袋，等你爱快用完，妈妈就来了”—— 这种具象化的爱，孩子才懂！  \n#幼儿教育#父母课堂#育儿#亲子关系#家庭教育#孙瑞雪', 'create_time': 1758980100, 'author': {'uid': '1965574329213736', 'card_entries_not_display': None, 'nickname': '孙瑞雪聊教育', 'personal_tag_list': None, 'homepage_bottom_toast': None, 'avatar_thumb': {'uri': '100x100/aweme-avatar/tos-cn-avt-0015_afee5b125df955a19af4c41159ad1295', 'url_list': ['https://p3-pc.douyinpic.com/aweme/100x100/aweme-avatar/tos-cn-avt-0015_afee5b125df955a19af4c41159ad1295.jpeg?from=327834062'], 'width': 720, 'height': 720}, 'batch_unfollow_contain_tabs': None, 'not_seen_item_id_list': None, 'follow_status': 0, 'contrail_list': None, 'story_interactive': 0, 'data_label_list': None, 'custom_verify': '', 'follower_list_secondary_information_struct': None, 'display_info': None, 'interest_tags': None, 'account_cert_info': '{}', 'user_tags': None, 'share_info': {'share_url': '', 'share_weibo_desc': '', 'share_desc': '', 'share_title': '', 'share_qrcode_url': {'uri': '31b0500316c4e154852bc', 'url_list': ['https://p3-pc-sign.douyinpic.com/obj/31b0500316c4e154852bc?lk3s=138a59ce&x-expires=1760990400&x-signature=VnOegD8kfOkclbkCT%2BIUAVSkQl4%3D&from=327834062'], 'width': 720, 'height': 720}, 'share_title_myself': '', 'share_title_other': '', 'share_desc_info': ''}, 'can_set_geofencing': None, 'sec_uid': 'MS4wLjABAAAAnAFnkWlOm9jteymsi42fanYLMzfbqdGIwCILEUqDNmFyjfK9N8fSJdS_D2UWk_we', 'need_points': None, 'enterprise_verify_reason': '', 'is_ad_fake': False, 'story_ttl': 0, 'user_permissions': None, 'card_entries': None, 'creator_tag_list': None, 'offline_info_list': None, 'text_extra': None, 'card_sort_priority': None, 'prevent_download': False, 'special_people_labels': None, 'white_cover_url': None, 'endorsement_info_list': None, 'follower_status': 0, 'profile_mob_params': None, 'familiar_visitor_user': None, 'avatar_schema_list': None, 'cover_url': [{'uri': 'c8510002be9a3a61aad2', 'url_list': ['https://p3-pc-sign.douyinpic.com/obj/c8510002be9a3a61aad2?lk3s=138a59ce&x-expires=1762178400&x-signature=bEz6E0nbTH1458RtDsUU87G74Mk%3D&from=327834062'], 'width': 720, 'height': 720}], 'cf_list': None, 'im_role_ids': None, 'not_seen_item_id_list_v2': None, 'signature_extra': None, 'risk_notice_text': '', 'ban_user_functions': None, 'profile_component_disabled': None, 'verification_permission_ids': None, 'identity_labels': None, 'private_relation_list': None, 'link_item_list': None, 'batch_unfollow_relation_desc': None}, 'music': {'id': 7376188696542021642, 'id_str': '7376188696542021642', 'title': '温柔舒缓钢琴  甜蜜梦乡  Piano Lullaby', 'author': 'Vasco Lourenço', 'album': '温柔舒缓钢琴  甜蜜梦乡  Piano Lullaby', 'cover_hd': {'uri': 'tos-cn-v-2774c002/oAAAKIkeAsZZDbrtebCDwEEnxg0D8AoB3vbZhZ', 'url_list': ['https://p3.douyinpic.com/aweme/1080x1080/tos-cn-v-2774c002/oAAAKIkeAsZZDbrtebCDwEEnxg0D8AoB3vbZhZ.jpeg', 'https://p9.douyinpic.com/aweme/1080x1080/tos-cn-v-2774c002/oAAAKIkeAsZZDbrtebCDwEEnxg0D8AoB3vbZhZ.jpeg'], 'width': 720, 'height': 720}, 'cover_large': {'uri': 'tos-cn-v-2774c002/oAAAKIkeAsZZDbrtebCDwEEnxg0D8AoB3vbZhZ', 'url_list': ['https://p3.douyinpic.com/aweme/720x720/tos-cn-v-2774c002/oAAAKIkeAsZZDbrtebCDwEEnxg0D8AoB3vbZhZ.jpeg', 'https://p9.douyinpic.com/aweme/720x720/tos-cn-v-2774c002/oAAAKIkeAsZZDbrtebCDwEEnxg0D8AoB3vbZhZ.jpeg'], 'width': 720, 'height': 720}, 'cover_medium': {'uri': 'tos-cn-v-2774c002/oAAAKIkeAsZZDbrtebCDwEEnxg0D8AoB3vbZhZ', 'url_list': ['https://p3.douyinpic.com/aweme/200x200/tos-cn-v-2774c002/oAAAKIkeAsZZDbrtebCDwEEnxg0D8AoB3vbZhZ.jpeg', 'https://p9.douyinpic.com/aweme/200x200/tos-cn-v-2774c002/oAAAKIkeAsZZDbrtebCDwEEnxg0D8AoB3vbZhZ.jpeg'], 'width': 720, 'height': 720}, 'cover_thumb': {'uri': 'tos-cn-v-2774c002/oAAAKIkeAsZZDbrtebCDwEEnxg0D8AoB3vbZhZ', 'url_list': ['https://p3.douyinpic.com/aweme/100x100/tos-cn-v-2774c002/oAAAKIkeAsZZDbrtebCDwEEnxg0D8AoB3vbZhZ.jpeg', 'https://p9.douyinpic.com/aweme/100x100/tos-cn-v-2774c002/oAAAKIkeAsZZDbrtebCDwEEnxg0D8AoB3vbZhZ.jpeg'], 'width': 720, 'height': 720}, 'play_url': {'uri': 'https://sf5-hl-cdn-tos.douyinstatic.com/obj/tos-cn-ve-2774/oIk1mgDDmBf9ggzFEDvXhCQDtAE6fX0g0ZYVaa', 'url_list': ['https://sf5-hl-cdn-tos.douyinstatic.com/obj/tos-cn-ve-2774/oIk1mgDDmBf9ggzFEDvXhCQDtAE6fX0g0ZYVaa', 'https://sf5-hl-ali-cdn-tos.douyinstatic.com/obj/tos-cn-ve-2774/oIk1mgDDmBf9ggzFEDvXhCQDtAE6fX0g0ZYVaa'], 'width': 720, 'height': 720, 'url_key': '7376188696542021642'}, 'schema_url': '', 'source_platform': 10036, 'start_time': 0, 'end_time': 0, 'duration': 121, 'extra': '{"music_label_id":4424,"is_aed_music":0,"dsp_switch":0,"reviewed":0,"image_beats_url":"https://sf5-hl-ali-cdn-tos.douyinstatic.com/obj/tos-cn-v-2774c002/oMEzo2IDMAffJYEsaQbD1bAIGeFSLBAHCCAMNI","hotsoon_review_time":-1,"cover_colors":{"rgb":[19,42,63]},"is_red":0,"beats":{"audio_effect_onset":"https://sf5-hl-cdn-tos.douyinstatic.com/obj/tos-cn-v-2774c002/ogIePZBmvbY1tF4I8uDDsgAtDiAfChZAwIAEEG","beats_tracker":"https://sf5-hl-ali-cdn-tos.douyinstatic.com/obj/tos-cn-v-2774c002/oMEzo2IDMAffJYEsaQbD1bAIGeFSLBAHCCAMNI","energy_trace":"https://sf6-cdn-tos.douyinstatic.com/obj/tos-cn-v-2774c002/o88a2AAbzBg06zVsAxiiQWBwWNBswGAEE2fImj","merged_beats":"https://sf5-hl-cdn-tos.douyinstatic.com/obj/tos-cn-v-2774c002/oIABAf8uDABmFAnthsEaGoE2bBDE6BogfFZwtC"},"douyin_beats_info":{},"aggregate_exempt_conf":[],"peak":"0.44510984","hit_high_follow_original":false,"hit_high_follow_extend":false,"schedule_search_time":0,"with_aed_model":0,"hit_high_follow_auto":false,"has_edited":0,"review_unshelve_reason":0,"music_tagging":{"Languages":["non_vocal"],"Moods":["Healing","Calm"],"Genres":["Easy Listening"],"Themes":["Meditation"],"AEDs":["non_vocal"],"SingingVersions":null,"Instruments":null},"is_subsidy_exp":false,"loudness":"-21.834173","is_high_follow_user":false}', 'user_count': 0, 'position': None, 'collect_stat': 0, 'status': 1, 'offline_desc': '', 'owner_nickname': '', 'is_original': False, 'mid': '7376188696542021642', 'binded_challenge_id': 0, 'redirect': False, 'is_restricted': False, 'author_deleted': False, 'is_del_video': False, 'is_video_self_see': False, 'owner_handle': '', 'author_position': None, 'prevent_download': False, 'unshelve_countries': None, 'prevent_item_download_status': 0, 'external_song_info': [], 'preview_start_time': 0, 'preview_end_time': 0, 'is_commerce_music': True, 'is_original_sound': False, 'audition_duration': 121, 'shoot_duration': 121, 'reason_type': 0, 'artists': [], 'lyric_short_position': None, 'mute_share': False, 'tag_list': None, 'dmv_auto_show': False, 'is_pgc': True, 'is_matched_metadata': False, 'is_audio_url_with_cookie': False, 'music_chart_ranks': None, 'can_background_play': True, 'music_status': 1, 'video_duration': 6000, 'pgc_music_type': 1, 'cover_color_hsv': {'h': 209, 's': 35, 'v': 25}, 'search_impr': {'entity_id': '7376188696542021642'}, 'song': {'id': 7376188081039509513, 'id_str': '7376188081039509513', 'title': '温柔舒缓钢琴  甜蜜梦乡  Piano Lullaby', 'artists': None, 'chorus': {'start_ms': 0, 'duration_ms': 19584}, 'chorus_v3_infos': None}, 'artist_user_infos': None, 'dsp_status': 10, 'musician_user_infos': None, 'music_image_beats': {'music_image_beats_url': {'uri': 'tos-cn-v-2774c002/oMEzo2IDMAffJYEsaQbD1bAIGeFSLBAHCCAMNI', 'url_list': ['https://sf5-hl-ali-cdn-tos.douyinstatic.com/obj/tos-cn-v-2774c002/oMEzo2IDMAffJYEsaQbD1bAIGeFSLBAHCCAMNI'], 'width': 720, 'height': 720}}, 'music_collect_count': 0, 'music_cover_atmosphere_color_value': '', 'show_origin_clip': False}, 'effect_inflow_effects': None, 'video': {'play_addr': {'uri': 'v0200fg10000d3bskufog65hhn1opuag', 'url_list': ['https://v5-dy-o-abtest.zjcdn.com/b209168dcec80be50b222784d72ab681/68f66e10/video/tos/cn/tos-cn-ve-15/o0CqAl5rqLeYNB5AgRIGGqeURojfAT4wBEvzz7/?a=6383&ch=10010&cr=3&dr=0&lr=all&cd=0%7C0%7C0%7C3&cv=1&br=578&bt=578&cs=0&ds=3&ft=c2YTctGHQPRUZxfusdr~kwPqYldQIKDEE-TerrNqq_45a&mime_type=video_mp4&qs=0&rc=OmY5ZTM8NzxpZzYzNmZpNEBpanhycWs5cnh2NjMzNGkzM0AxLmEzL2NjXl4xX2JiXmMxYSNebS5lMmRjaF9hLS1kLS9zcw%3D%3D&btag=80000e00028000&cquery=100B_100H_100K_100o_101r&dy_q=1760969609&feature_id=fea919893f650a8c49286568590446ef&l=20251020221329FF810B6B17C3D024C6A3', 'https://v5-dy-o-abtest.zjcdn.com/b209168dcec80be50b222784d72ab681/68f66e10/video/tos/cn/tos-cn-ve-15/o0CqAl5rqLeYNB5AgRIGGqeURojfAT4wBEvzz7/?a=6383&ch=10010&cr=3&dr=0&lr=all&cd=0%7C0%7C0%7C3&cv=1&br=578&bt=578&cs=0&ds=3&ft=c2YTctGHQPRUZxfusdr~kwPqYldQIKDEE-TerrNqq_45a&mime_type=video_mp4&qs=0&rc=OmY5ZTM8NzxpZzYzNmZpNEBpanhycWs5cnh2NjMzNGkzM0AxLmEzL2NjXl4xX2JiXmMxYSNebS5lMmRjaF9hLS1kLS9zcw%3D%3D&btag=80000e00028000&cquery=100o_101r_100B_100H_100K&dy_q=1760969609&feature_id=fea919893f650a8c49286568590446ef&l=20251020221329FF810B6B17C3D024C6A3', 'https://www.douyin.com/aweme/v1/play/?video_id=v0200fg10000d3bskufog65hhn1opuag&line=0&file_id=41fface3e0b34dafa9f4f9206bd61c47&sign=120e1ce1705e78dd9570c9bd4d96af6c&is_play_url=1&source=PackSourceEnum_PUBLISH'], 'width': 720, 'height': 1280, 'url_key': 'v0200fg10000d3bskufog65hhn1opuag_h264_720p_592028', 'data_size': 6459328, 'file_hash': '120e1ce1705e78dd9570c9bd4d96af6c', 'file_cs': 'c:0-96217-65c9|a:v0200fg10000d3bskufog65hhn1opuag'}, 'cover': {'uri': 'tos-cn-p-0015/oUPzTMQpBQyxte4B5KRBfMnCrAehEnF8AAbW67', 'url_list': ['https://p3-pc-sign.douyinpic.com/tos-cn-p-0015/oUPzTMQpBQyxte4B5KRBfMnCrAehEnF8AAbW67~tplv-dy-cropcenter:323:430.jpeg?lk3s=138a59ce&x-expires=2076328800&x-signature=H3ot3EnCsMJwFS0N7QDhoYw%2FLoc%3D&from=327834062&s=PackSourceEnum_PUBLISH&se=true&sh=323_430&sc=cover&biz_tag=pcweb_cover&l=20251020221329FF810B6B17C3D024C6A3', 'https://p3-pc-sign.douyinpic.com/obj/tos-cn-p-0015/oUPzTMQpBQyxte4B5KRBfMnCrAehEnF8AAbW67?lk3s=138a59ce&x-expires=2076328800&x-signature=ADxE0LabUmwCt1CZyE6uM2WlPe8%3D&from=327834062&s=PackSourceEnum_PUBLISH&se=false&sc=cover&biz_tag=pcweb_cover&l=20251020221329FF810B6B17C3D024C6A3'], 'width': 720, 'height': 720}, 'height': 1920, 'width': 1080, 'dynamic_cover': {'uri': 'tos-cn-p-0015/ooB1Al81eFmaGA8CQoEDjnfqQyM0gpc4ACv5Z9', 'url_list': ['https://p3-pc-sign.douyinpic.com/obj/tos-cn-p-0015/ooB1Al81eFmaGA8CQoEDjnfqQyM0gpc4ACv5Z9?lk3s=138a59ce&x-expires=1762178400&x-signature=QIy1C1p3mMDZFRO%2FkhaAMW%2FVuTc%3D&from=327834062_large&s=PackSourceEnum_PUBLISH&se=false&sc=dynamic_cover&biz_tag=pcweb_cover&l=20251020221329FF810B6B17C3D024C6A3', 'https://p9-pc-sign.douyinpic.com/obj/tos-cn-p-0015/ooB1Al81eFmaGA8CQoEDjnfqQyM0gpc4ACv5Z9?lk3s=138a59ce&x-expires=1762178400&x-signature=LQFAN6v40UScs%2F%2BDxcRRunj37os%3D&from=327834062_large&s=PackSourceEnum_PUBLISH&se=false&sc=dynamic_cover&biz_tag=pcweb_cover&l=20251020221329FF810B6B17C3D024C6A3'], 'width': 720, 'height': 720}, 'origin_cover': {'uri': 'tos-cn-p-0015/o82f8FpjAzZ9mDjeIVyA5GFc73EA1ogCgABXI4', 'url_list': ['https://p3-pc-sign.douyinpic.com/tos-cn-p-0015/o82f8FpjAzZ9mDjeIVyA5GFc73EA1ogCgABXI4~tplv-dy-360p.jpeg?lk3s=138a59ce&x-expires=1762178400&x-signature=RlxoMO0JLcHQWFmoanYs7DsKKoM%3D&from=327834062&s=PackSourceEnum_PUBLISH&se=false&sc=origin_cover&biz_tag=pcweb_cover&l=20251020221329FF810B6B17C3D024C6A3', 'https://p9-pc-sign.douyinpic.com/tos-cn-p-0015/o82f8FpjAzZ9mDjeIVyA5GFc73EA1ogCgABXI4~tplv-dy-360p.jpeg?lk3s=138a59ce&x-expires=1762178400&x-signature=9i5Tgo84PpXIRzjQ%2FfNfSipq2tw%3D&from=327834062&s=PackSourceEnum_PUBLISH&se=false&sc=origin_cover&biz_tag=pcweb_cover&l=20251020221329FF810B6B17C3D024C6A3'], 'width': 360, 'height': 640}, 'ratio': '720p', 'format': 'mp4', 'audio': {'original_sound_infos': None}, 'bit_rate': [{'gear_name': 'normal_720_0', 'quality_type': 10, 'bit_rate': 592028, 'play_addr': {'uri': 'v0200fg10000d3bskufog65hhn1opuag', 'url_list': ['https://v5-dy-o-abtest.zjcdn.com/b209168dcec80be50b222784d72ab681/68f66e10/video/tos/cn/tos-cn-ve-15/o0CqAl5rqLeYNB5AgRIGGqeURojfAT4wBEvzz7/?a=6383&ch=10010&cr=3&dr=0&lr=all&cd=0%7C0%7C0%7C3&cv=1&br=578&bt=578&cs=0&ds=3&ft=c2YTctGHQPRUZxfusdr~kwPqYldQIKDEE-TerrNqq_45a&mime_type=video_mp4&qs=0&rc=OmY5ZTM8NzxpZzYzNmZpNEBpanhycWs5cnh2NjMzNGkzM0AxLmEzL2NjXl4xX2JiXmMxYSNebS5lMmRjaF9hLS1kLS9zcw%3D%3D&btag=80000e00028000&cquery=100B_100H_100K_100o_101r&dy_q=1760969609&feature_id=fea919893f650a8c49286568590446ef&l=20251020221329FF810B6B17C3D024C6A3', 'https://v5-dy-o-abtest.zjcdn.com/b209168dcec80be50b222784d72ab681/68f66e10/video/tos/cn/tos-cn-ve-15/o0CqAl5rqLeYNB5AgRIGGqeURojfAT4wBEvzz7/?a=6383&ch=10010&cr=3&dr=0&lr=all&cd=0%7C0%7C0%7C3&cv=1&br=578&bt=578&cs=0&ds=3&ft=c2YTctGHQPRUZxfusdr~kwPqYldQIKDEE-TerrNqq_45a&mime_type=video_mp4&qs=0&rc=OmY5ZTM8NzxpZzYzNmZpNEBpanhycWs5cnh2NjMzNGkzM0AxLmEzL2NjXl4xX2JiXmMxYSNebS5lMmRjaF9hLS1kLS9zcw%3D%3D&btag=80000e00028000&cquery=100o_101r_100B_100H_100K&dy_q=1760969609&feature_id=fea919893f650a8c49286568590446ef&l=20251020221329FF810B6B17C3D024C6A3', 'https://www.douyin.com/aweme/v1/play/?video_id=v0200fg10000d3bskufog65hhn1opuag&line=0&file_id=41fface3e0b34dafa9f4f9206bd61c47&sign=120e1ce1705e78dd9570c9bd4d96af6c&is_play_url=1&source=PackSourceEnum_PUBLISH'], 'width': 720, 'height': 1280, 'url_key': 'v0200fg10000d3bskufog65hhn1opuag_h264_720p_592028', 'data_size': 6459328, 'file_hash': '120e1ce1705e78dd9570c9bd4d96af6c', 'file_cs': 'c:0-96217-65c9|a:v0200fg10000d3bskufog65hhn1opuag'}, 'is_h265': 0, 'is_bytevc1': 0, 'HDR_type': '', 'HDR_bit': '', 'FPS': 30, 'video_extra': '{"PktOffsetMap":"[{\\"time\\": 1, \\"offset\\": 207147}, {\\"time\\": 2, \\"offset\\": 248469}, {\\"time\\": 3, \\"offset\\": 284581}, {\\"time\\": 4, \\"offset\\": 318979}, {\\"time\\": 5, \\"offset\\": 445921}, {\\"time\\": 10, \\"offset\\": 869056}]","format":"mp4","definition":"720p","quality":"normal","file_id":"41fface3e0b34dafa9f4f9206bd61c47","applog_map":{"feature_id":"fea919893f650a8c49286568590446ef"},"audio_channels":"2.0","audio_sample_rate":"44100","audio_metrics":null,"audio_score":null}', 'format': 'mp4'}, {'gear_name': 'low_720_0', 'quality_type': 211, 'bit_rate': 506594, 'play_addr': {'uri': 'v0200fg10000d3bskufog65hhn1opuag', 'url_list': ['https://v5-dy-o-abtest.zjcdn.com/2cf358e9c27f9e2553e7a72456b84996/68f66e10/video/tos/cn/tos-cn-ve-15/oIBB9RDt1X8fpFoctGZ4CA5EQVjFIAoZAEgA2e/?a=6383&ch=10010&cr=3&dr=0&lr=all&cd=0%7C0%7C0%7C3&cv=1&br=494&bt=494&cs=0&ds=3&ft=c2YTctGHQPRUZxfusdr~kwPqYldQIKDEE-TerrNqq_45a&mime_type=video_mp4&qs=1&rc=aTxmZWlkM2Y5N2hlaTw0ZUBpanhycWs5cnh2NjMzNGkzM0AwM2E2M2A1XjUxLy1iXzExYSNebS5lMmRjaF9hLS1kLS9zcw%3D%3D&btag=80000e00028000&cquery=100K_100o_101r_100B_100H&dy_q=1760969609&feature_id=0ea98fd3bdc3c6c14a3d0804cc272721&l=20251020221329FF810B6B17C3D024C6A3', 'https://v5-dy-o-abtest.zjcdn.com/2cf358e9c27f9e2553e7a72456b84996/68f66e10/video/tos/cn/tos-cn-ve-15/oIBB9RDt1X8fpFoctGZ4CA5EQVjFIAoZAEgA2e/?a=6383&ch=10010&cr=3&dr=0&lr=all&cd=0%7C0%7C0%7C3&cv=1&br=494&bt=494&cs=0&ds=3&ft=c2YTctGHQPRUZxfusdr~kwPqYldQIKDEE-TerrNqq_45a&mime_type=video_mp4&qs=1&rc=aTxmZWlkM2Y5N2hlaTw0ZUBpanhycWs5cnh2NjMzNGkzM0AwM2E2M2A1XjUxLy1iXzExYSNebS5lMmRjaF9hLS1kLS9zcw%3D%3D&btag=80000e00028000&cquery=101r_100B_100H_100K_100o&dy_q=1760969609&feature_id=0ea98fd3bdc3c6c14a3d0804cc272721&l=20251020221329FF810B6B17C3D024C6A3', 'https://www.douyin.com/aweme/v1/play/?video_id=v0200fg10000d3bskufog65hhn1opuag&line=0&file_id=4b41b9ef0b2e4486ac80ca6f9bdc693f&sign=24c739b899cdc65558d6f2a9337600c9&is_play_url=1&source=PackSourceEnum_PUBLISH'], 'width': 720, 'height': 1280, 'url_key': 'v0200fg10000d3bskufog65hhn1opuag_h264_720p_506594', 'data_size': 5527203, 'file_hash': '24c739b899cdc65558d6f2a9337600c9', 'file_cs': 'c:0-73288-07e0|a:v0200fg10000d3bskufog65hhn1opuag'}, 'is_h265': 0, 'is_bytevc1': 0, 'HDR_type': '', 'HDR_bit': '', 'FPS': 30, 'video_extra': '{"PktOffsetMap":"[{\\"time\\": 1, \\"offset\\": 178735}, {\\"time\\": 2, \\"offset\\": 211307}, {\\"time\\": 3, \\"offset\\": 237631}, {\\"time\\": 4, \\"offset\\": 261830}, {\\"time\\": 5, \\"offset\\": 378827}, {\\"time\\": 10, \\"offset\\": 748416}]","format":"mp4","definition":"720p","quality":"low","file_id":"4b41b9ef0b2e4486ac80ca6f9bdc693f","applog_map":{"feature_id":"0ea98fd3bdc3c6c14a3d0804cc272721"},"audio_channels":"2.0","audio_sample_rate":"44100","audio_metrics":null,"audio_score":null}', 'format': 'mp4'}, {'gear_name': 'low_540_0', 'quality_type': 292, 'bit_rate': 468418, 'play_addr': {'uri': 'v0200fg10000d3bskufog65hhn1opuag', 'url_list': ['https://v5-dy-o-abtest.zjcdn.com/db8961e496741acea7784478b12eab1c/68f66e10/video/tos/cn/tos-cn-ve-15/ocet98V6oICEA3AjtB1F37pEEcDQG1AZ5gf1z4/?a=6383&ch=10010&cr=3&dr=0&lr=all&cd=0%7C0%7C0%7C3&cv=1&br=457&bt=457&cs=0&ds=6&ft=c2YTctGHQPRUZxfusdr~kwPqYldQIKDEE-TerrNqq_45a&mime_type=video_mp4&qs=1&rc=Zmc3aWk0NTZlOzo1Zmk0Z0BpanhycWs5cnh2NjMzNGkzM0BhNGM2MC5jNWExXzYwXjFjYSNebS5lMmRjaF9hLS1kLS9zcw%3D%3D&btag=80000e00028000&cquery=100B_100H_100K_100o_101r&dy_q=1760969609&feature_id=0ea98fd3bdc3c6c14a3d0804cc272721&l=20251020221329FF810B6B17C3D024C6A3', 'https://v5-dy-o-abtest.zjcdn.com/db8961e496741acea7784478b12eab1c/68f66e10/video/tos/cn/tos-cn-ve-15/ocet98V6oICEA3AjtB1F37pEEcDQG1AZ5gf1z4/?a=6383&ch=10010&cr=3&dr=0&lr=all&cd=0%7C0%7C0%7C3&cv=1&br=457&bt=457&cs=0&ds=6&ft=c2YTctGHQPRUZxfusdr~kwPqYldQIKDEE-TerrNqq_45a&mime_type=video_mp4&qs=1&rc=Zmc3aWk0NTZlOzo1Zmk0Z0BpanhycWs5cnh2NjMzNGkzM0BhNGM2MC5jNWExXzYwXjFjYSNebS5lMmRjaF9hLS1kLS9zcw%3D%3D&btag=80000e00028000&cquery=100K_100o_101r_100B_100H&dy_q=1760969609&feature_id=0ea98fd3bdc3c6c14a3d0804cc272721&l=20251020221329FF810B6B17C3D024C6A3', 'https://www.douyin.com/aweme/v1/play/?video_id=v0200fg10000d3bskufog65hhn1opuag&line=0&file_id=fd41af3c92b748db83f2113f9ff47ddc&sign=478b6ae963213421c6ee0ed269c3fd55&is_play_url=1&source=PackSourceEnum_PUBLISH'], 'width': 576, 'height': 1024, 'url_key': 'v0200fg10000d3bskufog65hhn1opuag_h264_540p_468418', 'data_size': 5110679, 'file_hash': '478b6ae963213421c6ee0ed269c3fd55', 'file_cs': 'c:0-73304-4fb4|a:v0200fg10000d3bskufog65hhn1opuag'}, 'is_h265': 0, 'is_bytevc1': 0, 'HDR_type': '', 'HDR_bit': '', 'FPS': 30, 'video_extra': '{"PktOffsetMap":"[{\\"time\\": 1, \\"offset\\": 167880}, {\\"time\\": 2, \\"offset\\": 198726}, {\\"time\\": 3, \\"offset\\": 223758}, {\\"time\\": 4, \\"offset\\": 246493}, {\\"time\\": 5, \\"offset\\": 355258}, {\\"time\\": 10, \\"offset\\": 707883}]","format":"mp4","definition":"540p","quality":"low","file_id":"fd41af3c92b748db83f2113f9ff47ddc","applog_map":{"feature_id":"0ea98fd3bdc3c6c14a3d0804cc272721"},"audio_channels":"2.0","audio_sample_rate":"44100","audio_metrics":null,"audio_score":null}', 'format': 'mp4'}, {'gear_name': 'adapt_low_540_0', 'quality_type': 291, 'bit_rate': 336876, 'play_addr': {'uri': 'v0200fg10000d3bskufog65hhn1opuag', 'url_list': ['https://v5-dy-o-abtest.zjcdn.com/ff2439a7dbab070c58d4d8fd5a6f3585/68f66e10/video/tos/cn/tos-cn-ve-15/o0o1XjetEg8VBZGAI5DtcAABQ9F1RCf4ygcDpE/?a=6383&ch=10010&cr=3&dr=0&lr=all&cd=0%7C0%7C0%7C3&cv=1&br=328&bt=328&cs=0&ds=6&ft=c2YTctGHQPRUZxfusdr~kwPqYldQIKDEE-TerrNqq_45a&mime_type=video_mp4&qs=12&rc=ZGllOzU5M2Q8Mzk1NTxpPEBpanhycWs5cnh2NjMzNGkzM0BiNl4zX2FiNV4xY18vYV4xYSNebS5lMmRjaF9hLS1kLS9zcw%3D%3D&btag=80000e00028000&cquery=101r_100B_100H_100K_100o&dy_q=1760969609&feature_id=0ea98fd3bdc3c6c14a3d0804cc272721&l=20251020221329FF810B6B17C3D024C6A3', 'https://v5-dy-o-abtest.zjcdn.com/ff2439a7dbab070c58d4d8fd5a6f3585/68f66e10/video/tos/cn/tos-cn-ve-15/o0o1XjetEg8VBZGAI5DtcAABQ9F1RCf4ygcDpE/?a=6383&ch=10010&cr=3&dr=0&lr=all&cd=0%7C0%7C0%7C3&cv=1&br=328&bt=328&cs=0&ds=6&ft=c2YTctGHQPRUZxfusdr~kwPqYldQIKDEE-TerrNqq_45a&mime_type=video_mp4&qs=12&rc=ZGllOzU5M2Q8Mzk1NTxpPEBpanhycWs5cnh2NjMzNGkzM0BiNl4zX2FiNV4xY18vYV4xYSNebS5lMmRjaF9hLS1kLS9zcw%3D%3D&btag=80000e00028000&cquery=101r_100B_100H_100K_100o&dy_q=1760969609&feature_id=0ea98fd3bdc3c6c14a3d0804cc272721&l=20251020221329FF810B6B17C3D024C6A3', 'https://www.douyin.com/aweme/v1/play/?video_id=v0200fg10000d3bskufog65hhn1opuag&line=0&file_id=49afd922b2f640a98ae0d6b268ab9fea&sign=65a524681abd5d1d8079b36984c6a6d0&is_play_url=1&source=PackSourceEnum_PUBLISH'], 'width': 576, 'height': 1024, 'url_key': 'v0200fg10000d3bskufog65hhn1opuag_h264_540p_336876', 'data_size': 3675493, 'file_hash': '65a524681abd5d1d8079b36984c6a6d0', 'file_cs': 'c:0-73303-666d|a:v0200fg10000d3bskufog65hhn1opuag'}, 'is_h265': 0, 'is_bytevc1': 0, 'HDR_type': '', 'HDR_bit': '', 'FPS': 30, 'video_extra': '{"PktOffsetMap":"[{\\"time\\": 1, \\"offset\\": 142664}, {\\"time\\": 2, \\"offset\\": 164501}, {\\"time\\": 3, \\"offset\\": 182076}, {\\"time\\": 4, \\"offset\\": 198005}, {\\"time\\": 5, \\"offset\\": 276559}, {\\"time\\": 10, \\"offset\\": 525701}]","format":"mp4","definition":"540p","quality":"adapt_low","file_id":"49afd922b2f640a98ae0d6b268ab9fea","applog_map":{"feature_id":"0ea98fd3bdc3c6c14a3d0804cc272721"},"audio_channels":"2.0","audio_sample_rate":"44100","audio_metrics":null,"audio_score":null}', 'format': 'mp4'}, {'gear_name': 'adapt_lowest_1080_1', 'quality_type': 2, 'bit_rate': 270826, 'play_addr': {'uri': 'v0200fg10000d3bskufog65hhn1opuag', 'url_list': ['https://v5-dy-o-abtest.zjcdn.com/8255f049e3acf1bdc2a3fd67dc82d259/68f66e10/video/tos/cn/tos-cn-ve-15/ooCDVCP0EX2QEbFgoxeAcA8fGpj9B5A1YIAF4Z/?a=6383&ch=10010&cr=3&dr=0&lr=all&cd=0%7C0%7C0%7C3&cv=1&br=264&bt=264&cs=2&ds=4&ft=c2YTctGHQPRUZxfusdr~kwPqYldQIKDEE-TerrNqq_45a&mime_type=video_mp4&qs=15&rc=ZjtkZjkzaGhlZDY0ODM0Z0BpanhycWs5cnh2NjMzNGkzM0AxYTM2NF8vNi4xLTEyMl8tYSNebS5lMmRjaF9hLS1kLS9zcw%3D%3D&btag=80000e00028000&cquery=100B_100H_100K_100o_101r&dy_q=1760969609&feature_id=b38008770b4e09863331b14b26bcdc23&l=20251020221329FF810B6B17C3D024C6A3', 'https://v5-dy-o-abtest.zjcdn.com/8255f049e3acf1bdc2a3fd67dc82d259/68f66e10/video/tos/cn/tos-cn-ve-15/ooCDVCP0EX2QEbFgoxeAcA8fGpj9B5A1YIAF4Z/?a=6383&ch=10010&cr=3&dr=0&lr=all&cd=0%7C0%7C0%7C3&cv=1&br=264&bt=264&cs=2&ds=4&ft=c2YTctGHQPRUZxfusdr~kwPqYldQIKDEE-TerrNqq_45a&mime_type=video_mp4&qs=15&rc=ZjtkZjkzaGhlZDY0ODM0Z0BpanhycWs5cnh2NjMzNGkzM0AxYTM2NF8vNi4xLTEyMl8tYSNebS5lMmRjaF9hLS1kLS9zcw%3D%3D&btag=80000e00028000&cquery=101r_100B_100H_100K_100o&dy_q=1760969609&feature_id=b38008770b4e09863331b14b26bcdc23&l=20251020221329FF810B6B17C3D024C6A3', 'https://www.douyin.com/aweme/v1/play/?video_id=v0200fg10000d3bskufog65hhn1opuag&line=0&file_id=0db1505541034a1b9e2eb0769c6ad84c&sign=26b269188d17468dccfac8ce6ed53c74&is_play_url=1&source=PackSourceEnum_PUBLISH'], 'width': 1080, 'height': 1920, 'url_key': 'v0200fg10000d3bskufog65hhn1opuag_bytevc1_1080p_270826', 'data_size': 2954851, 'file_hash': '26b269188d17468dccfac8ce6ed53c74', 'file_cs': 'c:0-73445-38c9|a:v0200fg10000d3bskufog65hhn1opuag'}, 'is_h265': 1, 'is_bytevc1': 1, 'HDR_type': '', 'HDR_bit': '', 'FPS': 30, 'video_extra': '{"PktOffsetMap":"[{\\"time\\": 1, \\"offset\\": 130906}, {\\"time\\": 2, \\"offset\\": 146720}, {\\"time\\": 3, \\"offset\\": 162182}, {\\"time\\": 4, \\"offset\\": 177917}, {\\"time\\": 5, \\"offset\\": 237231}, {\\"time\\": 10, \\"offset\\": 360893}]","format":"mp4","definition":"1080p","quality":"adapt_lowest","file_id":"0db1505541034a1b9e2eb0769c6ad84c","applog_map":{"feature_id":"b38008770b4e09863331b14b26bcdc23"},"mvmaf":"{\\"mvmaf_sr_v1080\\":99.207,\\"mvmaf_sr_v960\\":99.282,\\"mvmaf_sr_v864\\":99.421,\\"mvmaf_sr_v720\\":99.468,\\"mvmaf_ori_v1080\\":92.855,\\"mvmaf_ori_v960\\":93.336,\\"mvmaf_ori_v864\\":93.924,\\"mvmaf_ori_v720\\":94.685}","ufq":"{\\"enh\\":94.708,\\"playback\\":{\\"ori\\":91.563,\\"srv1\\":94.295},\\"src\\":94.708,\\"trans\\":91.563,\\"version\\":\\"v1.0\\"}","audio_channels":"2.0","audio_sample_rate":"44100","audio_metrics":null,"audio_score":null}', 'format': 'mp4'}, {'gear_name': 'adapt_lowest_720_1', 'quality_type': 15, 'bit_rate': 264285, 'play_addr': {'uri': 'v0200fg10000d3bskufog65hhn1opuag', 'url_list': ['https://v5-dy-o-abtest.zjcdn.com/f1a493aa7c4e7759d4f4e0ea868b2e2c/68f66e10/video/tos/cn/tos-cn-ve-15/ogUTbAEGRCzG5kzLIKf5FAgNBB4XertAw7RNfz/?a=6383&ch=10010&cr=3&dr=0&lr=all&cd=0%7C0%7C0%7C3&cv=1&br=258&bt=258&cs=2&ds=3&ft=c2YTctGHQPRUZxfusdr~kwPqYldQIKDEE-TerrNqq_45a&mime_type=video_mp4&qs=15&rc=NDdmOjxmPDY8Zjo6NWc4NUBpanhycWs5cnh2NjMzNGkzM0AvLS9hYS82NWAxMS5eNGA2YSNebS5lMmRjaF9hLS1kLS9zcw%3D%3D&btag=80000e00028000&cquery=100K_100o_101r_100B_100H&dy_q=1760969609&feature_id=b38008770b4e09863331b14b26bcdc23&l=20251020221329FF810B6B17C3D024C6A3', 'https://v5-dy-o-abtest.zjcdn.com/f1a493aa7c4e7759d4f4e0ea868b2e2c/68f66e10/video/tos/cn/tos-cn-ve-15/ogUTbAEGRCzG5kzLIKf5FAgNBB4XertAw7RNfz/?a=6383&ch=10010&cr=3&dr=0&lr=all&cd=0%7C0%7C0%7C3&cv=1&br=258&bt=258&cs=2&ds=3&ft=c2YTctGHQPRUZxfusdr~kwPqYldQIKDEE-TerrNqq_45a&mime_type=video_mp4&qs=15&rc=NDdmOjxmPDY8Zjo6NWc4NUBpanhycWs5cnh2NjMzNGkzM0AvLS9hYS82NWAxMS5eNGA2YSNebS5lMmRjaF9hLS1kLS9zcw%3D%3D&btag=80000e00028000&cquery=100o_101r_100B_100H_100K&dy_q=1760969609&feature_id=b38008770b4e09863331b14b26bcdc23&l=20251020221329FF810B6B17C3D024C6A3', 'https://www.douyin.com/aweme/v1/play/?video_id=v0200fg10000d3bskufog65hhn1opuag&line=0&file_id=92c57da217474cc983992cd9d72c0421&sign=352f00ff397d5ae290510666c772f3ce&is_play_url=1&source=PackSourceEnum_PUBLISH'], 'width': 720, 'height': 1280, 'url_key': 'v0200fg10000d3bskufog65hhn1opuag_bytevc1_720p_264285', 'data_size': 2883487, 'file_hash': '352f00ff397d5ae290510666c772f3ce', 'file_cs': 'c:0-73446-45ef|a:v0200fg10000d3bskufog65hhn1opuag'}, 'is_h265': 1, 'is_bytevc1': 1, 'HDR_type': '', 'HDR_bit': '', 'FPS': 30, 'video_extra': '{"PktOffsetMap":"[{\\"time\\": 1, \\"offset\\": 131947}, {\\"time\\": 2, \\"offset\\": 148535}, {\\"time\\": 3, \\"offset\\": 165228}, {\\"time\\": 4, \\"offset\\": 180539}, {\\"time\\": 5, \\"offset\\": 237173}, {\\"time\\": 10, \\"offset\\": 354030}]","format":"mp4","definition":"720p","quality":"adapt_lowest","file_id":"92c57da217474cc983992cd9d72c0421","applog_map":{"feature_id":"b38008770b4e09863331b14b26bcdc23"},"mvmaf":"{\\"mvmaf_sr_v1080\\":98.791,\\"mvmaf_sr_v960\\":99.46,\\"mvmaf_sr_v864\\":99.669,\\"mvmaf_sr_v720\\":99.804,\\"mvmaf_ori_v1080\\":88.826,\\"mvmaf_ori_v960\\":91.256,\\"mvmaf_ori_v864\\":92.503,\\"mvmaf_ori_v720\\":95.139}","ufq":"{\\"enh\\":94.708,\\"playback\\":{\\"ori\\":87.534,\\"srv1\\":94.212},\\"src\\":94.708,\\"trans\\":87.534,\\"version\\":\\"v1.0\\"}","audio_channels":"2.0","audio_sample_rate":"44100","audio_metrics":null,"audio_score":null}', 'format': 'mp4'}, {'gear_name': 'adapt_540_1', 'quality_type': 28, 'bit_rate': 238670, 'play_addr': {'uri': 'v0200fg10000d3bskufog65hhn1opuag', 'url_list': ['https://v5-dy-o-abtest.zjcdn.com/8b60018d839f330dd891719176e2a1b6/68f66e10/video/tos/cn/tos-cn-ve-15/oEq9j1E7cEGghXCLA4p5zqgQDfAQFAg8ZBeo8I/?a=6383&ch=10010&cr=3&dr=0&lr=all&cd=0%7C0%7C0%7C3&cv=1&br=233&bt=233&cs=2&ds=6&ft=c2YTctGHQPRUZxfusdr~kwPqYldQIKDEE-TerrNqq_45a&mime_type=video_mp4&qs=11&rc=ZWg5ZTkzZ2U6Zjs4ZjdlZ0BpanhycWs5cnh2NjMzNGkzM0BeMzQ1YDYtNWAxNjBeNmE2YSNebS5lMmRjaF9hLS1kLS9zcw%3D%3D&btag=80000e00028000&cquery=100H_100K_100o_101r_100B&dy_q=1760969609&feature_id=b38008770b4e09863331b14b26bcdc23&l=20251020221329FF810B6B17C3D024C6A3', 'https://v5-dy-o-abtest.zjcdn.com/8b60018d839f330dd891719176e2a1b6/68f66e10/video/tos/cn/tos-cn-ve-15/oEq9j1E7cEGghXCLA4p5zqgQDfAQFAg8ZBeo8I/?a=6383&ch=10010&cr=3&dr=0&lr=all&cd=0%7C0%7C0%7C3&cv=1&br=233&bt=233&cs=2&ds=6&ft=c2YTctGHQPRUZxfusdr~kwPqYldQIKDEE-TerrNqq_45a&mime_type=video_mp4&qs=11&rc=ZWg5ZTkzZ2U6Zjs4ZjdlZ0BpanhycWs5cnh2NjMzNGkzM0BeMzQ1YDYtNWAxNjBeNmE2YSNebS5lMmRjaF9hLS1kLS9zcw%3D%3D&btag=80000e00028000&cquery=100B_100H_100K_100o_101r&dy_q=1760969609&feature_id=b38008770b4e09863331b14b26bcdc23&l=20251020221329FF810B6B17C3D024C6A3', 'https://www.douyin.com/aweme/v1/play/?video_id=v0200fg10000d3bskufog65hhn1opuag&line=0&file_id=9ddb94ac35984cc78b0d90c68b766eab&sign=061b982d1bcb10111c5933878b0eb663&is_play_url=1&source=PackSourceEnum_PUBLISH'], 'width': 576, 'height': 1024, 'url_key': 'v0200fg10000d3bskufog65hhn1opuag_bytevc1_540p_238670', 'data_size': 2604018, 'file_hash': '061b982d1bcb10111c5933878b0eb663', 'file_cs': 'c:0-73446-b8a3|a:v0200fg10000d3bskufog65hhn1opuag'}, 'is_h265': 1, 'is_bytevc1': 1, 'HDR_type': '', 'HDR_bit': '', 'FPS': 30, 'video_extra': '{"PktOffsetMap":"[{\\"time\\": 1, \\"offset\\": 123257}, {\\"time\\": 2, \\"offset\\": 138602}, {\\"time\\": 3, \\"offset\\": 154557}, {\\"time\\": 4, \\"offset\\": 168655}, {\\"time\\": 5, \\"offset\\": 213939}, {\\"time\\": 10, \\"offset\\": 309433}]","format":"mp4","definition":"540p","quality":"adapt","file_id":"9ddb94ac35984cc78b0d90c68b766eab","applog_map":{"feature_id":"b38008770b4e09863331b14b26bcdc23"},"mvmaf":"{\\"mvmaf_sr_v1080\\":96.946,\\"mvmaf_sr_v960\\":98.539,\\"mvmaf_sr_v864\\":98.991,\\"mvmaf_sr_v720\\":99.473,\\"mvmaf_ori_v1080\\":83.98,\\"mvmaf_ori_v960\\":87.224,\\"mvmaf_ori_v864\\":88.742,\\"mvmaf_ori_v720\\":91.761}","ufq":"{\\"enh\\":94.708,\\"playback\\":{\\"ori\\":82.943,\\"srv1\\":93.843},\\"src\\":94.708,\\"trans\\":82.943,\\"version\\":\\"v1.0\\"}","audio_channels":"2.0","audio_sample_rate":"44100","audio_metrics":null,"audio_score":null}', 'format': 'mp4'}, {'gear_name': 'low_720_0', 'quality_type': 211, 'bit_rate': 451896, 'play_addr': {'uri': 'v0200fg10000d3bskufog65hhn1opuag', 'url_list': ['https://v5-dy-o-abtest.zjcdn.com/73c42d4d57afacc1f4fca08327fa71c3/68f79560/video/tos/cn/tos-cn-vd-0026/o8tjeFGAEgDIgL1Z8tfpVA5A9A4FoDCcAAc2Ba/media-video-avc1/?a=6383&ch=0&cr=8&dr=0&er=1&lr=default&cd=0%7C0%7C0%7C3&cv=1&br=441&bt=441&cs=0&ds=3&mime_type=video_mp4&qs=1&rc=OTNlOTM4ODRmOWk5aDNpaEBpanhycWs5cnh2NjMzNGkzM0BeMS8vLi8xNS0xLWE1YTBjYSNebS5lMmRjaF9hLS1kLS9zcw%3D%3D&btag=80000e00028000&cquery=101r_100o&dy_q=1760969609&l=20251020221329FF810B6B17C3D024C6A3', 'https://v5-dy-o-abtest.zjcdn.com/73c42d4d57afacc1f4fca08327fa71c3/68f79560/video/tos/cn/tos-cn-vd-0026/o8tjeFGAEgDIgL1Z8tfpVA5A9A4FoDCcAAc2Ba/media-video-avc1/?a=6383&ch=0&cr=8&dr=0&er=1&lr=default&cd=0%7C0%7C0%7C3&cv=1&br=441&bt=441&cs=0&ds=3&mime_type=video_mp4&qs=1&rc=OTNlOTM4ODRmOWk5aDNpaEBpanhycWs5cnh2NjMzNGkzM0BeMS8vLi8xNS0xLWE1YTBjYSNebS5lMmRjaF9hLS1kLS9zcw%3D%3D&btag=80000e00028000&cquery=100o_101r&dy_q=1760969609&l=20251020221329FF810B6B17C3D024C6A3', 'https://www.douyin.com/aweme/v1/play/dash/?video_id=v0200fg10000d3bskufog65hhn1opuag&line=0&file_id=fe3fd08ed60f460c81452510262b40a6&sign=f1f8124700b3ef8cf5c415bba24ebe63&is_play_url=1&source=PackSourceEnum_PUBLISH'], 'width': 720, 'height': 1280, 'url_key': 'v0200fg10000d3bskufog65hhn1opuag_h264_720p_451896', 'data_size': 4929452, 'file_hash': 'f1f8124700b3ef8cf5c415bba24ebe63'}, 'is_h265': 0, 'is_bytevc1': 0, 'HDR_type': '', 'HDR_bit': '', 'FPS': 30, 'video_extra': '{"PktOffsetMap":"","format":"dash","sub_info":"{\\"audio_channels\\":\\"2.0\\",\\"audio_layout\\":\\"C\\",\\"audio_sample_rate\\":\\"44100\\",\\"base_range_info\\":{\\"first_moof_range\\":\\"1159-3258\\",\\"index_range\\":\\"995-1158\\",\\"init_range\\":\\"0-994\\"},\\"check_info\\":{\\"check_info\\":\\"a:v0200fg10000d3bskufog65hhn1opuag|b:0-1158-66a1fe37b6a9c21ac5b76732094529d6|c:0-1158-8b7e\\"},\\"first_segment_range\\":\\"1159-481111\\",\\"gear_des_key\\":\\"0:DASH|1:normal|2:h264|4:720p|5:low|10000:105\\",\\"quality_type\\":11}","definition":"720p","quality":"low","quality_desc":"","file_id":"fe3fd08ed60f460c81452510262b40a6","real_bitrate":506594,"audio_file_id":"a9b1ebfb912825bac6ddb36f49ecc2da","applog_map":{"feature_id":"0ea98fd3bdc3c6c14a3d0804cc272721"},"audio_metrics":null,"audio_score":null}', 'format': 'dash'}, {'gear_name': 'low_540_0', 'quality_type': 292, 'bit_rate': 413711, 'play_addr': {'uri': 'v0200fg10000d3bskufog65hhn1opuag', 'url_list': ['https://v5-dy-o-abtest.zjcdn.com/ea89f515c77bacfb8b2c537b7376f532/68f79560/video/tos/cn/tos-cn-vd-0026/ogeFVABZIt9CDpA5CfjGtg8cozAt4D5n1AEgAA/media-video-avc1/?a=6383&ch=0&cr=8&dr=0&er=1&lr=default&cd=0%7C0%7C0%7C3&cv=1&br=404&bt=404&cs=0&ds=6&mime_type=video_mp4&qs=1&rc=OjNnNTg0NTQ3OGk2OjwzaUBpanhycWs5cnh2NjMzNGkzM0BhYTRjMzZjX18xMDQ2MmBiYSNebS5lMmRjaF9hLS1kLS9zcw%3D%3D&btag=80000e00028000&cquery=101r_100o&dy_q=1760969609&l=20251020221329FF810B6B17C3D024C6A3', 'https://v5-dy-o-abtest.zjcdn.com/ea89f515c77bacfb8b2c537b7376f532/68f79560/video/tos/cn/tos-cn-vd-0026/ogeFVABZIt9CDpA5CfjGtg8cozAt4D5n1AEgAA/media-video-avc1/?a=6383&ch=0&cr=8&dr=0&er=1&lr=default&cd=0%7C0%7C0%7C3&cv=1&br=404&bt=404&cs=0&ds=6&mime_type=video_mp4&qs=1&rc=OjNnNTg0NTQ3OGk2OjwzaUBpanhycWs5cnh2NjMzNGkzM0BhYTRjMzZjX18xMDQ2MmBiYSNebS5lMmRjaF9hLS1kLS9zcw%3D%3D&btag=80000e00028000&cquery=100o_101r&dy_q=1760969609&l=20251020221329FF810B6B17C3D024C6A3', 'https://www.douyin.com/aweme/v1/play/dash/?video_id=v0200fg10000d3bskufog65hhn1opuag&line=0&file_id=efc05997733f45b4b1f29165f27dd0d7&sign=0d10c983f9c45d2ba756eebcbd83d328&is_play_url=1&source=PackSourceEnum_PUBLISH'], 'width': 576, 'height': 1024, 'url_key': 'v0200fg10000d3bskufog65hhn1opuag_h264_540p_413711', 'data_size': 4512912, 'file_hash': '0d10c983f9c45d2ba756eebcbd83d328'}, 'is_h265': 0, 'is_bytevc1': 0, 'HDR_type': '', 'HDR_bit': '', 'FPS': 30, 'video_extra': '{"PktOffsetMap":"","format":"dash","sub_info":"{\\"audio_channels\\":\\"2.0\\",\\"audio_layout\\":\\"C\\",\\"audio_sample_rate\\":\\"44100\\",\\"base_range_info\\":{\\"first_moof_range\\":\\"1159-3258\\",\\"index_range\\":\\"995-1158\\",\\"init_range\\":\\"0-994\\"},\\"check_info\\":{\\"check_info\\":\\"a:v0200fg10000d3bskufog65hhn1opuag|b:0-1158-7cb760cdc90953474548bae68a50a94f|c:0-1158-83eb\\"},\\"first_segment_range\\":\\"1159-449482\\",\\"gear_des_key\\":\\"0:DASH|1:normal|2:h264|4:540p|5:low|10000:105\\"}","definition":"540p","quality":"low","quality_desc":"","file_id":"efc05997733f45b4b1f29165f27dd0d7","real_bitrate":468418,"audio_file_id":"a9b1ebfb912825bac6ddb36f49ecc2da","applog_map":{"feature_id":"0ea98fd3bdc3c6c14a3d0804cc272721"},"audio_metrics":null,"audio_score":null}', 'format': 'dash'}, {'gear_name': 'adapt_low_540_0', 'quality_type': 291, 'bit_rate': 282143, 'play_addr': {'uri': 'v0200fg10000d3bskufog65hhn1opuag', 'url_list': ['https://v5-dy-o-abtest.zjcdn.com/2daafc9ef598053ee0248aec79007086/68f79560/video/tos/cn/tos-cn-vd-0026/okqpFACDoBbj87ZFEAA8eARGAAcbf1og49AqH5/media-video-avc1/?a=6383&ch=0&cr=8&dr=0&er=1&lr=default&cd=0%7C0%7C0%7C3&cv=1&br=275&bt=275&cs=0&ds=6&mime_type=video_mp4&qs=12&rc=ODM8Ojg8MzlmaDozZjVpZUBpanhycWs5cnh2NjMzNGkzM0AwYi82MjQvNjIxLjZfXjReYSNebS5lMmRjaF9hLS1kLS9zcw%3D%3D&btag=80000e00028000&cquery=101r_100o&dy_q=1760969609&l=20251020221329FF810B6B17C3D024C6A3', 'https://v5-dy-o-abtest.zjcdn.com/2daafc9ef598053ee0248aec79007086/68f79560/video/tos/cn/tos-cn-vd-0026/okqpFACDoBbj87ZFEAA8eARGAAcbf1og49AqH5/media-video-avc1/?a=6383&ch=0&cr=8&dr=0&er=1&lr=default&cd=0%7C0%7C0%7C3&cv=1&br=275&bt=275&cs=0&ds=6&mime_type=video_mp4&qs=12&rc=ODM8Ojg8MzlmaDozZjVpZUBpanhycWs5cnh2NjMzNGkzM0AwYi82MjQvNjIxLjZfXjReYSNebS5lMmRjaF9hLS1kLS9zcw%3D%3D&btag=80000e00028000&cquery=100o_101r&dy_q=1760969609&l=20251020221329FF810B6B17C3D024C6A3', 'https://www.douyin.com/aweme/v1/play/dash/?video_id=v0200fg10000d3bskufog65hhn1opuag&line=0&file_id=ab7fa2bc90174e5c962079559729e035&sign=46d4ba0d1aeb9b71d43ad0c0e117e235&is_play_url=1&source=PackSourceEnum_PUBLISH'], 'width': 576, 'height': 1024, 'url_key': 'v0200fg10000d3bskufog65hhn1opuag_h264_540p_282143', 'data_size': 3077726, 'file_hash': '46d4ba0d1aeb9b71d43ad0c0e117e235'}, 'is_h265': 0, 'is_bytevc1': 0, 'HDR_type': '', 'HDR_bit': '', 'FPS': 30, 'video_extra': '{"PktOffsetMap":"","format":"dash","sub_info":"{\\"audio_channels\\":\\"2.0\\",\\"audio_layout\\":\\"C\\",\\"audio_sample_rate\\":\\"44100\\",\\"base_range_info\\":{\\"first_moof_range\\":\\"1158-3257\\",\\"index_range\\":\\"994-1157\\",\\"init_range\\":\\"0-993\\"},\\"check_info\\":{\\"check_info\\":\\"a:v0200fg10000d3bskufog65hhn1opuag|b:0-1157-08d6ec9f6246515f4845de8650c2b4a5|c:0-1157-4a61\\"},\\"first_segment_range\\":\\"1158-304646\\",\\"gear_des_key\\":\\"0:DASH|1:normal|2:h264|4:540p|5:adapt_low|10000:105\\",\\"quality_type\\":291}","definition":"540p","quality":"adapt_low","quality_desc":"","file_id":"ab7fa2bc90174e5c962079559729e035","real_bitrate":336876,"audio_file_id":"a9b1ebfb912825bac6ddb36f49ecc2da","applog_map":{"feature_id":"0ea98fd3bdc3c6c14a3d0804cc272721"},"audio_metrics":null,"audio_score":null}', 'format': 'dash'}, {'gear_name': 'adapt_lowest_1080_1', 'quality_type': 2, 'bit_rate': 216163, 'play_addr': {'uri': 'v0200fg10000d3bskufog65hhn1opuag', 'url_list': ['https://v5-dy-o-abtest.zjcdn.com/0da976a065a2a02346333855b7acf913/68f79560/video/tos/cn/tos-cn-vd-0026/oQ58bZg6cEA2GA4oAVAcgAIYfpADLBACeDj91F/media-video-hvc1/?a=6383&ch=0&cr=8&dr=0&er=1&lr=default&cd=0%7C0%7C0%7C3&cv=1&br=211&bt=211&cs=4&ds=4&mime_type=video_mp4&qs=15&rc=Ozk3Nmk7N2c1ZDtlNzg7ZUBpanhycWs5cnh2NjMzNGkzM0A0MGFjLTReNi4xYy9iY2ExYSNebS5lMmRjaF9hLS1kLS9zcw%3D%3D&btag=80000e00028000&cquery=101r_100o&dy_q=1760969609&l=20251020221329FF810B6B17C3D024C6A3', 'https://v5-dy-o-abtest.zjcdn.com/0da976a065a2a02346333855b7acf913/68f79560/video/tos/cn/tos-cn-vd-0026/oQ58bZg6cEA2GA4oAVAcgAIYfpADLBACeDj91F/media-video-hvc1/?a=6383&ch=0&cr=8&dr=0&er=1&lr=default&cd=0%7C0%7C0%7C3&cv=1&br=211&bt=211&cs=4&ds=4&mime_type=video_mp4&qs=15&rc=Ozk3Nmk7N2c1ZDtlNzg7ZUBpanhycWs5cnh2NjMzNGkzM0A0MGFjLTReNi4xYy9iY2ExYSNebS5lMmRjaF9hLS1kLS9zcw%3D%3D&btag=80000e00028000&cquery=100o_101r&dy_q=1760969609&l=20251020221329FF810B6B17C3D024C6A3', 'https://www.douyin.com/aweme/v1/play/dash/?video_id=v0200fg10000d3bskufog65hhn1opuag&line=0&file_id=4bd8f5e42bf84a129da4780ff3d43678&sign=c91403e5b34a09d5037cbe32422d766f&is_play_url=1&source=PackSourceEnum_PUBLISH'], 'width': 1080, 'height': 1920, 'url_key': 'v0200fg10000d3bskufog65hhn1opuag_bytevc1_1080p_216163', 'data_size': 2357990, 'file_hash': 'c91403e5b34a09d5037cbe32422d766f'}, 'is_h265': 1, 'is_bytevc1': 1, 'HDR_type': '', 'HDR_bit': '', 'FPS': 30, 'video_extra': '{"PktOffsetMap":"","format":"dash","sub_info":"{\\"audio_channels\\":\\"2.0\\",\\"audio_layout\\":\\"C\\",\\"audio_sample_rate\\":\\"44100\\",\\"base_range_info\\":{\\"first_moof_range\\":\\"1316-3095\\",\\"index_range\\":\\"1128-1315\\",\\"init_range\\":\\"0-1127\\"},\\"check_info\\":{\\"check_info\\":\\"a:v0200fg10000d3bskufog65hhn1opuag|b:0-1315-3bb36602cad9b6827eaf3c0b42d25114|c:0-1315-789a\\"},\\"first_segment_range\\":\\"1316-144518\\",\\"gear_des_key\\":\\"0:DASH|1:normal|2:h265_hvc1|4:1080p|5:adapt_lowest|10000:105\\",\\"quality_type\\":2}","definition":"1080p","quality":"adapt_lowest","quality_desc":"","file_id":"4bd8f5e42bf84a129da4780ff3d43678","real_bitrate":267727,"audio_file_id":"a9b1ebfb912825bac6ddb36f49ecc2da","applog_map":{"feature_id":"b38008770b4e09863331b14b26bcdc23"},"mvmaf":"{\\"mvmaf_sr_v1080\\":99.207,\\"mvmaf_sr_v960\\":99.282,\\"mvmaf_sr_v864\\":99.421,\\"mvmaf_sr_v720\\":99.468,\\"mvmaf_ori_v1080\\":92.855,\\"mvmaf_ori_v960\\":93.336,\\"mvmaf_ori_v864\\":93.924,\\"mvmaf_ori_v720\\":94.685}","audio_metrics":null,"audio_score":null}', 'format': 'dash'}, {'gear_name': 'adapt_lowest_720_1', 'quality_type': 15, 'bit_rate': 209621, 'play_addr': {'uri': 'v0200fg10000d3bskufog65hhn1opuag', 'url_list': ['https://v5-dy-o-abtest.zjcdn.com/54dbe338924682c4c3031a80f96dc9ec/68f79560/video/tos/cn/tos-cn-vd-0026/owEAgCGf8NeIc3A95z1oGAFpVApD4DgAAZjyXB/media-video-hvc1/?a=6383&ch=0&cr=8&dr=0&er=1&lr=default&cd=0%7C0%7C0%7C3&cv=1&br=204&bt=204&cs=4&ds=3&mime_type=video_mp4&qs=15&rc=PDM3OWdmNGlkNTQ6NmQ1NEBpanhycWs5cnh2NjMzNGkzM0AvNTQwLjYzX2ExMjMxYDAvYSNebS5lMmRjaF9hLS1kLS9zcw%3D%3D&btag=80000e00028000&cquery=101r_100o&dy_q=1760969609&l=20251020221329FF810B6B17C3D024C6A3', 'https://v5-dy-o-abtest.zjcdn.com/54dbe338924682c4c3031a80f96dc9ec/68f79560/video/tos/cn/tos-cn-vd-0026/owEAgCGf8NeIc3A95z1oGAFpVApD4DgAAZjyXB/media-video-hvc1/?a=6383&ch=0&cr=8&dr=0&er=1&lr=default&cd=0%7C0%7C0%7C3&cv=1&br=204&bt=204&cs=4&ds=3&mime_type=video_mp4&qs=15&rc=PDM3OWdmNGlkNTQ6NmQ1NEBpanhycWs5cnh2NjMzNGkzM0AvNTQwLjYzX2ExMjMxYDAvYSNebS5lMmRjaF9hLS1kLS9zcw%3D%3D&btag=80000e00028000&cquery=100o_101r&dy_q=1760969609&l=20251020221329FF810B6B17C3D024C6A3', 'https://www.douyin.com/aweme/v1/play/dash/?video_id=v0200fg10000d3bskufog65hhn1opuag&line=0&file_id=2132ca43675142dabf619c1d36748029&sign=162f947d6d495490f221a386e2f6843a&is_play_url=1&source=PackSourceEnum_PUBLISH'], 'width': 720, 'height': 1280, 'url_key': 'v0200fg10000d3bskufog65hhn1opuag_bytevc1_720p_209621', 'data_size': 2286626, 'file_hash': '162f947d6d495490f221a386e2f6843a'}, 'is_h265': 1, 'is_bytevc1': 1, 'HDR_type': '', 'HDR_bit': '', 'FPS': 30, 'video_extra': '{"PktOffsetMap":"","format":"dash","sub_info":"{\\"audio_channels\\":\\"2.0\\",\\"audio_layout\\":\\"C\\",\\"audio_sample_rate\\":\\"44100\\",\\"base_range_info\\":{\\"first_moof_range\\":\\"1317-3096\\",\\"index_range\\":\\"1129-1316\\",\\"init_range\\":\\"0-1128\\"},\\"check_info\\":{\\"check_info\\":\\"a:v0200fg10000d3bskufog65hhn1opuag|b:0-1316-8b3bc4060d1a0e9c7e0bcb456da49b8a|c:0-1316-2ef2\\"},\\"first_segment_range\\":\\"1317-150237\\",\\"gear_des_key\\":\\"0:DASH|1:normal|2:h265_hvc1|4:720p|5:adapt_lowest|10000:105\\",\\"quality_type\\":15}","definition":"720p","quality":"adapt_lowest","quality_desc":"","file_id":"2132ca43675142dabf619c1d36748029","real_bitrate":261185,"audio_file_id":"a9b1ebfb912825bac6ddb36f49ecc2da","applog_map":{"feature_id":"b38008770b4e09863331b14b26bcdc23"},"mvmaf":"{\\"mvmaf_sr_v1080\\":98.791,\\"mvmaf_sr_v960\\":99.46,\\"mvmaf_sr_v864\\":99.669,\\"mvmaf_sr_v720\\":99.804,\\"mvmaf_ori_v1080\\":88.826,\\"mvmaf_ori_v960\\":91.256,\\"mvmaf_ori_v864\\":92.503,\\"mvmaf_ori_v720\\":95.139}","ufq":"{\\"enh\\":94.708,\\"playback\\":{\\"ori\\":87.534,\\"srv1\\":94.212},\\"src\\":94.708,\\"trans\\":87.534,\\"version\\":\\"v1.0\\"}","audio_metrics":null,"audio_score":null}', 'format': 'dash'}, {'gear_name': 'adapt_540_1', 'quality_type': 28, 'bit_rate': 183942, 'play_addr': {'uri': 'v0200fg10000d3bskufog65hhn1opuag', 'url_list': ['https://v5-dy-o-abtest.zjcdn.com/e5da88815f099fe3e9f2f205141dac66/68f79560/video/tos/cn/tos-cn-vd-0026/owl4AcfDCIjo9ZoAGziVD1e8XBLA1EpAFAA5gg/media-video-hvc1/?a=6383&ch=0&cr=8&dr=0&er=1&lr=default&cd=0%7C0%7C0%7C3&cv=1&br=179&bt=179&cs=4&ds=6&mime_type=video_mp4&qs=11&rc=NDk7NmU5NDU1MzZlNDk7N0BpanhycWs5cnh2NjMzNGkzM0AxLmNiXmA2NjIxNTQ1YDMyYSNebS5lMmRjaF9hLS1kLS9zcw%3D%3D&btag=80000e00028000&cquery=100o_101r&dy_q=1760969609&l=20251020221329FF810B6B17C3D024C6A3', 'https://v5-dy-o-abtest.zjcdn.com/e5da88815f099fe3e9f2f205141dac66/68f79560/video/tos/cn/tos-cn-vd-0026/owl4AcfDCIjo9ZoAGziVD1e8XBLA1EpAFAA5gg/media-video-hvc1/?a=6383&ch=0&cr=8&dr=0&er=1&lr=default&cd=0%7C0%7C0%7C3&cv=1&br=179&bt=179&cs=4&ds=6&mime_type=video_mp4&qs=11&rc=NDk7NmU5NDU1MzZlNDk7N0BpanhycWs5cnh2NjMzNGkzM0AxLmNiXmA2NjIxNTQ1YDMyYSNebS5lMmRjaF9hLS1kLS9zcw%3D%3D&btag=80000e00028000&cquery=101r_100o&dy_q=1760969609&l=20251020221329FF810B6B17C3D024C6A3', 'https://www.douyin.com/aweme/v1/play/dash/?video_id=v0200fg10000d3bskufog65hhn1opuag&line=0&file_id=5468c6817b8340529291c6abe3f81641&sign=be1dd755d74d7e0d073c64baab473f56&is_play_url=1&source=PackSourceEnum_PUBLISH'], 'width': 576, 'height': 1024, 'url_key': 'v0200fg10000d3bskufog65hhn1opuag_bytevc1_540p_183942', 'data_size': 2006505, 'file_hash': 'be1dd755d74d7e0d073c64baab473f56'}, 'is_h265': 1, 'is_bytevc1': 1, 'HDR_type': '', 'HDR_bit': '', 'FPS': 30, 'video_extra': '{"PktOffsetMap":"","format":"dash","sub_info":"{\\"audio_channels\\":\\"2.0\\",\\"audio_layout\\":\\"C\\",\\"audio_sample_rate\\":\\"44100\\",\\"base_range_info\\":{\\"first_moof_range\\":\\"1317-3096\\",\\"index_range\\":\\"1129-1316\\",\\"init_range\\":\\"0-1128\\"},\\"check_info\\":{\\"check_info\\":\\"a:v0200fg10000d3bskufog65hhn1opuag|b:0-1316-779a272f896f8a5a7571748cccda6e18|c:0-1316-1a2f\\"},\\"first_segment_range\\":\\"1317-118814\\",\\"gear_des_key\\":\\"0:DASH|1:normal|2:h265_hvc1|4:540p|5:adapt|10000:105\\",\\"quality_type\\":28}","definition":"540p","quality":"adapt","quality_desc":"","file_id":"5468c6817b8340529291c6abe3f81641","real_bitrate":238670,"audio_file_id":"a9b1ebfb912825bac6ddb36f49ecc2da","applog_map":{"feature_id":"b38008770b4e09863331b14b26bcdc23"},"mvmaf":"{\\"mvmaf_sr_v1080\\":96.946,\\"mvmaf_sr_v960\\":98.539,\\"mvmaf_sr_v864\\":98.991,\\"mvmaf_sr_v720\\":99.473,\\"mvmaf_ori_v1080\\":83.98,\\"mvmaf_ori_v960\\":87.224,\\"mvmaf_ori_v864\\":88.742,\\"mvmaf_ori_v720\\":91.761}","ufq":"{\\"enh\\":94.708,\\"playback\\":{\\"ori\\":82.943,\\"srv1\\":93.843},\\"src\\":94.708,\\"trans\\":82.943,\\"version\\":\\"v1.0\\"}","audio_metrics":null,"audio_score":null}', 'format': 'dash'}], 'duration': 87284, 'play_addr_265': {'uri': 'v0200fg10000d3bskufog65hhn1opuag', 'url_list': ['https://v5-dy-o-abtest.zjcdn.com/8b60018d839f330dd891719176e2a1b6/68f66e10/video/tos/cn/tos-cn-ve-15/oEq9j1E7cEGghXCLA4p5zqgQDfAQFAg8ZBeo8I/?a=6383&ch=10010&cr=3&dr=0&lr=all&cd=0%7C0%7C0%7C3&cv=1&br=233&bt=233&cs=2&ds=6&ft=c2YTctGHQPRUZxfusdr~kwPqYldQIKDEE-TerrNqq_45a&mime_type=video_mp4&qs=11&rc=ZWg5ZTkzZ2U6Zjs4ZjdlZ0BpanhycWs5cnh2NjMzNGkzM0BeMzQ1YDYtNWAxNjBeNmE2YSNebS5lMmRjaF9hLS1kLS9zcw%3D%3D&btag=80000e00028000&cquery=100H_100K_100o_101r_100B&dy_q=1760969609&feature_id=b38008770b4e09863331b14b26bcdc23&l=20251020221329FF810B6B17C3D024C6A3', 'https://v5-dy-o-abtest.zjcdn.com/8b60018d839f330dd891719176e2a1b6/68f66e10/video/tos/cn/tos-cn-ve-15/oEq9j1E7cEGghXCLA4p5zqgQDfAQFAg8ZBeo8I/?a=6383&ch=10010&cr=3&dr=0&lr=all&cd=0%7C0%7C0%7C3&cv=1&br=233&bt=233&cs=2&ds=6&ft=c2YTctGHQPRUZxfusdr~kwPqYldQIKDEE-TerrNqq_45a&mime_type=video_mp4&qs=11&rc=ZWg5ZTkzZ2U6Zjs4ZjdlZ0BpanhycWs5cnh2NjMzNGkzM0BeMzQ1YDYtNWAxNjBeNmE2YSNebS5lMmRjaF9hLS1kLS9zcw%3D%3D&btag=80000e00028000&cquery=100B_100H_100K_100o_101r&dy_q=1760969609&feature_id=b38008770b4e09863331b14b26bcdc23&l=20251020221329FF810B6B17C3D024C6A3', 'https://www.douyin.com/aweme/v1/play/?video_id=v0200fg10000d3bskufog65hhn1opuag&line=0&file_id=9ddb94ac35984cc78b0d90c68b766eab&sign=061b982d1bcb10111c5933878b0eb663&is_play_url=1&source=PackSourceEnum_PUBLISH'], 'width': 576, 'height': 1024, 'url_key': 'v0200fg10000d3bskufog65hhn1opuag_bytevc1_540p_238670', 'data_size': 2604018, 'file_hash': '061b982d1bcb10111c5933878b0eb663', 'file_cs': 'c:0-73446-b8a3|a:v0200fg10000d3bskufog65hhn1opuag'}, 'bit_rate_audio': [{'audio_meta': {'url_list': {'main_url': 'https://v5-dy-o-abtest.zjcdn.com/6bce0491d2deaa8eb9cbfc3ee9e859ae/68f79560/video/tos/cn/tos-cn-vd-0026/owl4AcfDCIjo9ZoAGziVD1e8XBLA1EpAFAA5gg/media-audio-und-mp4a/?a=6383&ch=0&cr=8&dr=0&er=1&lr=default&cd=0%7C0%7C0%7C3&cv=1&br=50&bt=50&cs=4&mime_type=video_mp4&qs=11&rc=ZDVmPGk2ZzlkODs0ZWU0PEBpanhycWs5cnh2NjMzNGkzM0BhYGIxM19hYF8vLzZjYl9eYSNebS5lMmRjaF9hLS1kLS9zcw%3D%3D&btag=80000e00028000&cquery=101r_100o&dy_q=1760969609&l=20251020221329FF810B6B17C3D024C6A3', 'backup_url': 'https://v5-dy-o-abtest.zjcdn.com/6bce0491d2deaa8eb9cbfc3ee9e859ae/68f79560/video/tos/cn/tos-cn-vd-0026/owl4AcfDCIjo9ZoAGziVD1e8XBLA1EpAFAA5gg/media-audio-und-mp4a/?a=6383&ch=0&cr=8&dr=0&er=1&lr=default&cd=0%7C0%7C0%7C3&cv=1&br=50&bt=50&cs=4&mime_type=video_mp4&qs=11&rc=ZDVmPGk2ZzlkODs0ZWU0PEBpanhycWs5cnh2NjMzNGkzM0BhYGIxM19hYF8vLzZjYl9eYSNebS5lMmRjaF9hLS1kLS9zcw%3D%3D&btag=80000e00028000&cquery=101r_100o&dy_q=1760969609&l=20251020221329FF810B6B17C3D024C6A3', 'fallback_url': 'https://www.douyin.com/aweme/v1/play/dash/?video_id=v0200fg10000d3bskufog65hhn1opuag&line=0&file_id=a9b1ebfb912825bac6ddb36f49ecc2da&sign=a9b1ebfb912825bac6ddb36f49ecc2da&is_play_url=1&source=PackSourceEnum_PUBLISH'}, 'encoded_type': 'normal', 'media_type': 'audio', 'logo_type': '', 'quality': 'adapt', 'quality_desc': '', 'format': 'dash', 'bitrate': 51564, 'codec_type': 'bytevc1', 'size': 562594, 'fps': 0, 'file_id': 'a9b1ebfb912825bac6ddb36f49ecc2da', 'file_hash': 'a9b1ebfb912825bac6ddb36f49ecc2da', 'sub_info': '{"audio_channels":"2.0","audio_layout":"C","audio_sample_rate":"44100","base_range_info":{"index_range":"866-1065","init_range":"0-865"},"check_info":{"check_info":"a:v0200fg10000d3bskufog65hhn1opuag|b:0-1065-e8d472e365278c5879ff619248eb93d4|c:0-1065-6c13"},"first_segment_range":"1066-46208","gear_des_key":"0:dash|1:normal|2:bytevc1|5:adapt|10000:105"}'}, 'audio_quality': 5, 'audio_extra': '{"real_bitrate":238670}'}], 'play_addr_h264': {'uri': 'v0200fg10000d3bskufog65hhn1opuag', 'url_list': ['https://v5-dy-o-abtest.zjcdn.com/b209168dcec80be50b222784d72ab681/68f66e10/video/tos/cn/tos-cn-ve-15/o0CqAl5rqLeYNB5AgRIGGqeURojfAT4wBEvzz7/?a=6383&ch=10010&cr=3&dr=0&lr=all&cd=0%7C0%7C0%7C3&cv=1&br=578&bt=578&cs=0&ds=3&ft=c2YTctGHQPRUZxfusdr~kwPqYldQIKDEE-TerrNqq_45a&mime_type=video_mp4&qs=0&rc=OmY5ZTM8NzxpZzYzNmZpNEBpanhycWs5cnh2NjMzNGkzM0AxLmEzL2NjXl4xX2JiXmMxYSNebS5lMmRjaF9hLS1kLS9zcw%3D%3D&btag=80000e00028000&cquery=100B_100H_100K_100o_101r&dy_q=1760969609&feature_id=fea919893f650a8c49286568590446ef&l=20251020221329FF810B6B17C3D024C6A3', 'https://v5-dy-o-abtest.zjcdn.com/b209168dcec80be50b222784d72ab681/68f66e10/video/tos/cn/tos-cn-ve-15/o0CqAl5rqLeYNB5AgRIGGqeURojfAT4wBEvzz7/?a=6383&ch=10010&cr=3&dr=0&lr=all&cd=0%7C0%7C0%7C3&cv=1&br=578&bt=578&cs=0&ds=3&ft=c2YTctGHQPRUZxfusdr~kwPqYldQIKDEE-TerrNqq_45a&mime_type=video_mp4&qs=0&rc=OmY5ZTM8NzxpZzYzNmZpNEBpanhycWs5cnh2NjMzNGkzM0AxLmEzL2NjXl4xX2JiXmMxYSNebS5lMmRjaF9hLS1kLS9zcw%3D%3D&btag=80000e00028000&cquery=100o_101r_100B_100H_100K&dy_q=1760969609&feature_id=fea919893f650a8c49286568590446ef&l=20251020221329FF810B6B17C3D024C6A3', 'https://www.douyin.com/aweme/v1/play/?video_id=v0200fg10000d3bskufog65hhn1opuag&line=0&file_id=41fface3e0b34dafa9f4f9206bd61c47&sign=120e1ce1705e78dd9570c9bd4d96af6c&is_play_url=1&source=PackSourceEnum_PUBLISH'], 'width': 720, 'height': 1280, 'url_key': 'v0200fg10000d3bskufog65hhn1opuag_h264_720p_592028', 'data_size': 6459328, 'file_hash': '120e1ce1705e78dd9570c9bd4d96af6c', 'file_cs': 'c:0-96217-65c9|a:v0200fg10000d3bskufog65hhn1opuag'}, 'raw_cover': {'uri': 'tos-cn-p-0015/oUPzTMQpBQyxte4B5KRBfMnCrAehEnF8AAbW67', 'url_list': ['https://p3-pc-sign.douyinpic.com/tos-cn-p-0015/oUPzTMQpBQyxte4B5KRBfMnCrAehEnF8AAbW67~tplv-dy-cropcenter:323:430.jpeg?lk3s=138a59ce&x-expires=2076328800&x-signature=H3ot3EnCsMJwFS0N7QDhoYw%2FLoc%3D&from=327834062&s=PackSourceEnum_PUBLISH&se=true&sh=323_430&sc=cover&biz_tag=pcweb_cover&l=20251020221329FF810B6B17C3D024C6A3', 'https://p3-pc-sign.douyinpic.com/obj/tos-cn-p-0015/oUPzTMQpBQyxte4B5KRBfMnCrAehEnF8AAbW67?lk3s=138a59ce&x-expires=2076328800&x-signature=ADxE0LabUmwCt1CZyE6uM2WlPe8%3D&from=327834062&s=PackSourceEnum_PUBLISH&se=false&sc=cover&biz_tag=pcweb_cover&l=20251020221329FF810B6B17C3D024C6A3'], 'width': 720, 'height': 720}, 'is_long_video': 1, 'animated_cover': {'uri': 'tos-cn-p-0015/oYvZ8mfA9QGAnCIfjmQB4cDo0TqFEA58Bgcpl1', 'url_list': ['https://p3-pc-sign.douyinpic.com/obj/tos-cn-p-0015/oYvZ8mfA9QGAnCIfjmQB4cDo0TqFEA58Bgcpl1?lk3s=138a59ce&x-expires=1762178400&x-signature=%2FYbWP9%2FJ4iNRhN2MuUcPncI5k9Y%3D&from=327834062_large&s=PackSourceEnum_PUBLISH&se=false&sc=dynamic_cover&biz_tag=pcweb_cover&l=20251020221329FF810B6B17C3D024C6A3', 'https://p9-pc-sign.douyinpic.com/obj/tos-cn-p-0015/oYvZ8mfA9QGAnCIfjmQB4cDo0TqFEA58Bgcpl1?lk3s=138a59ce&x-expires=1762178400&x-signature=VVwuZ0w%2BV9J7PAiCC1Dmz3PYhew%3D&from=327834062_large&s=PackSourceEnum_PUBLISH&se=false&sc=dynamic_cover&biz_tag=pcweb_cover&l=20251020221329FF810B6B17C3D024C6A3']}, 'gaussian_cover': {'uri': 'tos-cn-p-0015/o82f8FpjAzZ9mDjeIVyA5GFc73EA1ogCgABXI4', 'url_list': ['https://p3-pc-sign.douyinpic.com/tos-cn-p-0015/o82f8FpjAzZ9mDjeIVyA5GFc73EA1ogCgABXI4~tplv-tsj2vxp0zn-gaosi:40.jpeg?lk3s=138a59ce&x-expires=1792504800&x-signature=6h2DyG9t4iHpdK4%2F2v%2BStRLQcOo%3D&from=327834062', 'https://p9-pc-sign.douyinpic.com/tos-cn-p-0015/o82f8FpjAzZ9mDjeIVyA5GFc73EA1ogCgABXI4~tplv-tsj2vxp0zn-gaosi:40.jpeg?lk3s=138a59ce&x-expires=1792504800&x-signature=Oup9gdQ%2BmgHk8Y5IrZprq1SFiJ4%3D&from=327834062'], 'width': 720, 'height': 720}, 'meta': '{"enable_manual_ladder":"1","format":"mp4","gear_vqm":"{\\"1080p_720p\\":0,\\"720p_540p\\":2}","hrids":"500000002","is_spatial_video":"0","isad":"0","loudness":"-12.7","peak":"1","qprf":"1.000","sdgs":"[\\"normal_720_0\\",\\"low_720_0\\",\\"low_540_0\\",\\"adapt_low_540_0\\",\\"adapt_lowest_1080_1\\",\\"adapt_lowest_720_1\\",\\"adapt_540_1\\"]","sr_potential":"{\\"v1.0\\":{\\"score\\":56.345}}","sr_score":"1.000","strategy_tokens":"[\\"online\\",\\"sexp_0701_0819\\",\\"sexp_reward02_0721\\",\\"sexp_reward01_0721\\",\\"sexp_0702_0819\\"]","title_info":"{\\"avg_br_pc\\":225,\\"bottom_res_add\\":[0,0,0,24.09,38.86,0,0,0,0,0,0,0,0,0,0],\\"bullet_zone\\":16.53,\\"mean_br_l\\":[241.99,234.49,227.28,220.8,215.05,207.79],\\"pc60_br_l\\":[244.78,236.72,228.84,222.13,215.03,206.79],\\"progress_bar\\":[244,244,244],\\"ratio_br_l\\":[244.78,236.71,228.83,221.6,214.77,206.49],\\"ratio_br_l_thre220\\":[0.99,0.82,0.62,0.5,0.42,0.36],\\"ratio_edge_l\\":[0,0,0,0.12,0.11,0.13],\\"std_br_l\\":[25.94,20.66,15.05,11.99,9.89,8.61],\\"top_res_add\\":[0,0,0,11.55,51.45,27.73,25.27],\\"version\\":\\"v1.0\\"}","volume_info":"{\\"LoudnessRange\\":5.7,\\"LoudnessRangeEnd\\":-10.5,\\"Peak\\":1,\\"Version\\":2,\\"Loudness\\":-12.7,\\"MaximumMomentaryLoudness\\":-3.2,\\"MaximumShortTermLoudness\\":-9.6,\\"Metrics\\":{\\"Loudness\\":{\\"Integrated\\":-12.714},\\"Phase\\":{\\"RMSDownmixDiff\\":-0.044},\\"RMSStats\\":{\\"Peak\\":-0.008,\\"RTotal\\":-16.051,\\"LRDiff\\":0.003,\\"LTotal\\":-16.048},\\"Version\\":\\"1.4.2\\"},\\"LoudnessRangeStart\\":-16.3}","vqs_origin":"76.97"}', 'video_model': '', 'is_source_HDR': 0, 'big_thumbs': [{'img_num': 87, 'uri': 'tos-cn-p-0015/oMy8oAIjpCDZgcA5I6bABz4XVCFz91eEnjgGfK', 'img_url': 'https://p3-sign.douyinpic.com/tos-cn-p-0015/oMy8oAIjpCDZgcA5I6bABz4XVCFz91eEnjgGfK~tplv-noop.image?cquery=100B_100H_100K_100o_101r&dy_q=1760969609&l=20251020221329FF810B6B17C3D024C6A3&x-expires=1760980496&x-signature=0RL4vOlaI432T80hPRbC52vJIOE%3D', 'img_x_size': 136, 'img_y_size': 240, 'img_x_len': 5, 'img_y_len': 5, 'duration': 87.26667, 'interval': 1, 'fext': 'jpg', 'uris': ['tos-cn-p-0015/oMy8oAIjpCDZgcA5I6bABz4XVCFz91eEnjgGfK', 'tos-cn-p-0015/oIQXQEAT9yc1A7DoGFDXf8U4qpjA5EegCZ8zBn', 'tos-cn-p-0015/o4LApzD6Fae51yXhK9nVABZAGjcIICCfgo84rE', 'tos-cn-p-0015/og9rpA5cAjJIeBzoV8CFEpZ1IB4fGP4X4gDyAG'], 'img_urls': ['https://p3-sign.douyinpic.com/tos-cn-p-0015/oMy8oAIjpCDZgcA5I6bABz4XVCFz91eEnjgGfK~tplv-noop.image?cquery=100B_100H_100K_100o_101r&dy_q=1760969609&l=20251020221329FF810B6B17C3D024C6A3&x-expires=1760980496&x-signature=0RL4vOlaI432T80hPRbC52vJIOE%3D', 'https://p3-sign.douyinpic.com/tos-cn-p-0015/oIQXQEAT9yc1A7DoGFDXf8U4qpjA5EegCZ8zBn~tplv-noop.image?cquery=101r_100B_100H_100K_100o&dy_q=1760969609&l=20251020221329FF810B6B17C3D024C6A3&x-expires=1760980496&x-signature=TkxWNUaYeNat3J2Nyfc8Q6S9sXk%3D', 'https://p3-sign.douyinpic.com/tos-cn-p-0015/o4LApzD6Fae51yXhK9nVABZAGjcIICCfgo84rE~tplv-noop.image?cquery=100o_101r_100B_100H_100K&dy_q=1760969609&l=20251020221329FF810B6B17C3D024C6A3&x-expires=1760980496&x-signature=Vef4dBPmUkJmAZUzl%2FS4MqiYl48%3D', 'https://p3-sign.douyinpic.com/tos-cn-p-0015/og9rpA5cAjJIeBzoV8CFEpZ1IB4fGP4X4gDyAG~tplv-noop.image?cquery=100o_101r_100B_100H_100K&dy_q=1760969609&l=20251020221329FF810B6B17C3D024C6A3&x-expires=1760980496&x-signature=tk3S7ylYLNxM4d7L%2Fp%2B55ZFk7JY%3D']}]}, 'item_aigc_follow_shot': 1, 'user_digged': 0, 'statistics': {'recommend_count': 0, 'comment_count': 5, 'digg_count': 124, 'admire_count': 0, 'play_count': 0, 'share_count': 20, 'collect_count': 66}, 'status': {'not_allow_soft_del_reason': 'ab', 'is_delete': False, 'allow_share': True, 'review_result': {'review_status': 0}, 'allow_friend_recommend_guide': True, 'part_see': 0, 'private_status': 0, 'listen_video_status': 2, 'in_reviewing': False, 'allow_self_recommend_to_friend': True, 'allow_friend_recommend': True, 'is_prohibited': False, 'enable_soft_delete': 0}, 'personal_page_botton_diagnose_style': 0, 'text_extra': [], 'is_top': 0, 'game_tag_info': {'is_game': False}, 'share_info': {'share_url': 'https://www.iesdouyin.com/share/video/7554730279844187419/?region=US&mid=7376188696542021642&u_code=0&did=MS4wLjABAAAAvCMmrvAxedjvycgJ9K0iX5KdtDHpyq-etIWoeicy6xniB0XMxRYv3S-CyP_GdsPs&iid=MS4wLjABAAAANwkJuWIRFOzg5uCpDRpMj4OX-QryoDgn-yYlXQnRwQQ&with_sec_did=1&video_share_track_ver=&titleType=title&share_sign=zJv5oyZ5qA3Y930iQY_BTcs6BSK10abVbR0t6vm7_wc-&share_version=290100&ts=1760969609&from_aid=6383&from_ssr=1&share_track_info=%7B%22link_description_type%22%3A%22%22%7D', 'share_link_desc': '6.64 KJI:/ X@m.Du 09/28 妈妈一句话就让孩子不怕上幼儿园 送孩子去幼儿园，别说“你要乖”，试试说“妈妈亲你左脸、右眼，把爱装进口袋，等你爱快用完，妈妈就来了”—— 这种具象化的爱，孩子才懂！ # 幼儿教育# 父母课堂# 育儿# 亲子关系# 家庭教育# 孙瑞雪  %s 复制此链接，打开Dou音搜索，直接观看视频！'}, 'nearby_hot_comment': None, 'video_labels': None, 'entertainment_video_paid_way': {'paid_ways': [], 'paid_type': 0, 'enable_use_new_ent_data': False}, 'is_ads': False, 'duration': 87284, 'aweme_type': 0, 'select_anchor_expanded_content': 0, 'ai_follow_images': None, 'image_infos': None, 'risk_infos': {'vote': False, 'warn': False, 'risk_sink': False, 'type': 0, 'content': ''}, 'galileo_pad_textcrop': {'ipad_d_h_cut_ratio': [5, 5], 'ipad_d_v_cut_ratio': [2, 2], 'android_d_h_cut_ratio': [5], 'android_d_v_cut_ratio': None, 'version': 1}, 'ent_log_extra': {'log_extra': '{"global_log_extra":null,"page_log_extra":null,"aweme_log_extra":{"ce_current_group_id":"7554730279844187419","author_id":"1965574329213736"},"extra_log_extra":null}'}, 'position': None, 'uniqid_position': None, 'comment_list': None, 'author_user_id': 1965574329213736, 'product_genre_info': {'product_genre_type': 2, 'material_genre_sub_type_set': [4], 'special_info': {'recommend_group_name': 0}}, 'geofencing': [], 'series_basic_info': {}, 'is_moment_history': 0, 'region': '', 'video_text': None, 'trends_infos': None, 'collect_stat': 0, 'label_top_text': None, 'promotions': [], 'group_id': '7554730279844187419', 'prevent_download': False, 'nickname_position': None, 'challenge_position': None, 'entertainment_video_type': 3, 'recommend_chapter_info': {'recommend_chapter_list': [{'desc': '表达爱和支持', 'timestamp': 1000, 'detail': '用具体的语言表达爱和支持，让孩子知道妈妈的爱会一直陪伴着他。', 'points': None}, {'desc': '给予安全感', 'timestamp': 80500, 'detail': '让孩子知道在幼儿园是安全的，妈妈会保护他。', 'points': None}], 'chapter_recommend_type': 1, 'chapter_abstract': '如何让孩子安心上幼儿园？可以用具体的语言表达爱和支持，让孩子知道妈妈的爱会一直陪伴着他，同时让孩子知道在幼儿园是安全的，妈妈会保护他。', 'chapter_recommend_source': 2, 'push_scene': [], 'chapter_bar_color': None}, 'video_share_edit_status': 0, 'long_video': None, 'shoot_way': '', 'trends_event_track': '{}', 'is_24_story': 0, 'follow_shoot_clip_info': {'clip_video_all': 7554730346076523318, 'clip_from_platform': 7376188696542021642, 'origin_clip_id': 7376188696542021642}, 'interaction_stickers': None, 'publish_plus_alienation': {'alienation_type': 0}, 'origin_comment_ids': None, 'commerce_config_data': None, 'caption_template_id': 0, 'video_control': {'allow_download': False, 'share_type': 0, 'show_progress_bar': 1, 'draft_progress_bar': 1, 'allow_duet': True, 'allow_react': False, 'prevent_download_type': 2, 'allow_dynamic_wallpaper': False, 'timer_status': 1, 'allow_music': True, 'allow_stitch': False, 'allow_douplus': True, 'allow_share': True, 'share_grayed': False, 'download_ignore_visibility': False, 'duet_ignore_visibility': False, 'share_ignore_visibility': False, 'download_info': {'level': 1, 'fail_info': {'code': 290002, 'reason': 'isolation_content', 'msg': '视频暂时无法保存，链接已复制'}}, 'duet_info': {'level': 0}, 'allow_record': True, 'disable_record_reason': '', 'timer_info': {'public_time': 1758980100, 'timer_status': 0}}, 'aweme_control': {'can_forward': True, 'can_share': True, 'can_comment': True, 'can_show_comment': True}, 'douplus_user_type': 0, 'is_25_story': 0, 'can_cache_to_local': True, 'is_moment_story': 0, 'anchors': None, 'hybrid_label': None, 'geofencing_regions': None, 'interest_points': None, 'aweme_acl': {'download_mask_panel': {'code': 1, 'show_type': 0}}, 'aweme_type_tags': '', 'is_story': 0, 'component_control': {'data_source_url': '/aweme/v1/web/aweme/post/'}, 'flash_mob_trends': 0, 'follow_shot_assets': None, 'cover_labels': None, 'is_new_text_mode': 0, 'mv_info': None, 'guide_btn_type': 0, 'is_from_ad_auth': False, 'origin_duet_resource_uri': '', 'images': None, 'relation_labels': None, 'cf_assets_type': 0, 'impression_data': {'group_id_list_a': [], 'group_id_list_b': [], 'similar_id_list_a': None, 'similar_id_list_b': None, 'group_id_list_c': [], 'group_id_list_d': []}, 'aweme_listen_struct': {'trace_info': '{"copyright_not_speech":"false","copyright_reason":"not_intercept","copyright_tag_hit":"0","copyright_use_aed_default":"true","copyright_use_tag_default":"false","cp_ab":"true","desc":"","duration_over":"false","hit_high_risk":"false","media_type":"4","reason":"hit_ab_0","show":"false"}'}, 'chapter_bar_color': None, 'libfinsert_task_id': '', 'social_tag_list': None, 'show_follow_button': {}, 'duet_aggregate_in_music_tab': False, 'is_duet_sing': False, 'comment_permission_info': {'comment_permission_status': 0, 'can_comment': True, 'item_detail_entry': False, 'press_entry': False, 'toast_guide': False}, 'original_images': None, 'series_paid_info': {'series_paid_status': 0, 'item_price': 0}, 'img_bitrate': None, 'comment_gid': 7554730279844187419, 'image_album_music_info': {'begin_time': -1, 'end_time': -1, 'volume': -1}, 'video_tag': [{'tag_id': 2024, 'tag_name': '亲子', 'level': 1}, {'tag_id': 2024006, 'tag_name': '母婴', 'level': 2}, {'tag_id': 2024006003, 'tag_name': '育儿知识', 'level': 3}], 'is_collects_selected': 0, 'chapter_list': None, 'feed_comment_config': {'input_config_text': '善语结善缘，恶言伤人心', 'author_audit_status': 0, 'common_flags': '{"item_author_nickname":"孙瑞雪聊教育","video_labels_v2_tag1":"母婴","video_labels_v2_tag2":"育儿理念"}'}, 'is_image_beat': False, 'dislike_dimension_list': None, 'standard_bar_info_list': None, 'photo_search_entrance': {'ecom_type': 0}, 'is_life_item': False, 'image_list': None, 'component_info_v2': '{"desc_lines_limit":0,"hide_marquee":false}', 'item_warn_notification': {'type': 0, 'show': False, 'content': ''}, 'origin_text_extra': None, 'disable_relation_bar': 0, 'packed_clips': None, 'vtag_search': {'vtag_enable': True, 'vtag_delay_ts': 97284}, 'author_mask_tag': 0, 'user_recommend_status': 1, 'collection_corner_mark': 0, 'is_share_post': False, 'image_comment': {}, 'visual_search_info': {'visual_search_longpress': 1, 'is_show_img_entrance': False, 'is_ecom_img': False, 'is_high_accuracy_ecom': False, 'is_high_recall_ecom': False}, 'tts_id_list': None, 'ref_tts_id_list': None, 'voice_modify_id_list': None, 'ref_voice_modify_id_list': None, 'authentication_token': 'MS4wLjAAAAAAfW_itU-7esVBOu7JPiabFBo4ZnwxD0v83OopiV3sDKY-6YO155L7ifSknn7OfT1gmQl_10OhWsKXMwBhdZxYaGywMJ0jGyB-2BRh3bZXuLWlhpnANSPeLUcNHGgVauNOApuRhr91VvU9ininpdEnnQimRU4VEp0OIp5Cr57xmPJa5j7ctFnOYTCt8RzbFe9eaRc1LpJMGy3kGeCTosMSs-aMBEwm3__w906GKLnBhf5KEHwPo1fPesCU8olY-iTk', 'video_game_data_channel_config': {}, 'dislike_dimension_list_v2': None, 'distribute_circle': {'distribute_type': 0, 'campus_block_interaction': False, 'is_campus': False}, 'image_crop_ctrl': 0, 'yumme_recreason': None, 'slides_music_beats': None, 'jump_tab_info_list': None, 'media_type': 4, 'reply_smart_emojis': None, 'activity_video_type': -1, 'boost_status': 0, 'create_scale_type': None, 'entertainment_product_info': {'sub_title': None, 'market_info': {'limit_free': {'in_free': False}, 'marketing_tag': None}}, 'caption': '送孩子去幼儿园，别说“你要乖”，试试说“妈妈亲你左脸、右眼，把爱装进口袋，等你爱快用完，妈妈就来了”—— 这种具象化的爱，孩子才懂！\n\n\n#幼儿教育#父母课堂#育儿#亲子关系#家庭教育#孙瑞雪', 'item_title': '妈妈一句话就让孩子不怕上幼儿园', 'is_use_music': True, 'original': 0, 'xigua_base_info': {'status': 0, 'star_altar_order_id': 0, 'star_altar_type': 0, 'item_id': 0}, 'mark_largely_following': False, 'friend_recommend_info': {'friend_recommend_source': 10, 'label_user_list': None, 'disable_friend_recommend_guide_label': False}, 'enable_comment_sticker_rec': False}, {'aweme_id': '7553979109831937330', 'desc': '一句话成孩子的恐惧来源 “再哭就不接你”你以为是管用的‘妙招’，但在孩子心里是“死亡的威胁”  \n#幼儿教育#父母课堂#育儿#亲子关系#家庭教育#孙瑞雪', 'create_time': 1758805200, 'author': {'uid': '1965574329213736', 'card_entries_not_display': None, 'nickname': '孙瑞雪聊教育', 'personal_tag_list': None, 'homepage_bottom_toast': None, 'avatar_thumb': {'uri': '100x100/aweme-avatar/tos-cn-avt-0015_afee5b125df955a19af4c41159ad1295', 'url_list': ['https://p3-pc.douyinpic.com/aweme/100x100/aweme-avatar/tos-cn-avt-0015_afee5b125df955a19af4c41159ad1295.jpeg?from=327834062'], 'width': 720, 'height': 720}, 'batch_unfollow_contain_tabs': None, 'not_seen_item_id_list': None, 'follow_status': 0, 'contrail_list': None, 'story_interactive': 0, 'data_label_list': None, 'custom_verify': '', 'follower_list_secondary_information_struct': None, 'display_info': None, 'interest_tags': None, 'account_cert_info': '{}', 'user_tags': None, 'share_info': {'share_url': '', 'share_weibo_desc': '', 'share_desc': '', 'share_title': '', 'share_qrcode_url': {'uri': '31b0500316c4e154852bc', 'url_list': ['https://p3-pc-sign.douyinpic.com/obj/31b0500316c4e154852bc?lk3s=138a59ce&x-expires=1760990400&x-signature=VnOegD8kfOkclbkCT%2BIUAVSkQl4%3D&from=327834062'], 'width': 720, 'height': 720}, 'share_title_myself': '', 'share_title_other': '', 'share_desc_info': ''}, 'can_set_geofencing': None, 'sec_uid': 'MS4wLjABAAAAnAFnkWlOm9jteymsi42fanYLMzfbqdGIwCILEUqDNmFyjfK9N8fSJdS_D2UWk_we', 'need_points': None, 'enterprise_verify_reason': '', 'is_ad_fake': False, 'story_ttl': 0, 'user_permissions': None, 'card_entries': None, 'creator_tag_list': None, 'offline_info_list': None, 'text_extra': None, 'card_sort_priority': None, 'prevent_download': False, 'special_people_labels': None, 'white_cover_url': None, 'endorsement_info_list': None, 'follower_status': 0, 'profile_mob_params': None, 'familiar_visitor_user': None, 'avatar_schema_list': None, 'cover_url': [{'uri': 'c8510002be9a3a61aad2', 'url_list': ['https://p3-pc-sign.douyinpic.com/obj/c8510002be9a3a61aad2?lk3s=138a59ce&x-expires=1762178400&x-signature=bEz6E0nbTH1458RtDsUU87G74Mk%3D&from=327834062'], 'width': 720, 'height': 720}], 'cf_list': None, 'im_role_ids': None, 'not_seen_item_id_list_v2': None, 'signature_extra': None, 'risk_notice_text': '', 'ban_user_functions': None, 'profile_component_disabled': None, 'verification_permission_ids': None, 'identity_labels': None, 'private_relation_list': None, 'link_item_list': None, 'batch_unfollow_relation_desc': None}, 'music': {'id': 7553979167862164250, 'id_str': '7553979167862164250', 'title': '@孙瑞雪聊教育创作的原声', 'author': '孙瑞雪聊教育', 'album': '', 'cover_hd': {'uri': '1080x1080/aweme-avatar/tos-cn-avt-0015_afee5b125df955a19af4c41159ad1295', 'url_list': ['https://p3-pc.douyinpic.com/aweme/1080x1080/aweme-avatar/tos-cn-avt-0015_afee5b125df955a19af4c41159ad1295.jpeg?from=327834062'], 'width': 720, 'height': 720}, 'cover_large': {'uri': '1080x1080/aweme-avatar/tos-cn-avt-0015_afee5b125df955a19af4c41159ad1295', 'url_list': ['https://p3-pc.douyinpic.com/aweme/1080x1080/aweme-avatar/tos-cn-avt-0015_afee5b125df955a19af4c41159ad1295.jpeg?from=327834062'], 'width': 720, 'height': 720}, 'cover_medium': {'uri': '720x720/aweme-avatar/tos-cn-avt-0015_afee5b125df955a19af4c41159ad1295', 'url_list': ['https://p3-pc.douyinpic.com/aweme/720x720/aweme-avatar/tos-cn-avt-0015_afee5b125df955a19af4c41159ad1295.jpeg?from=327834062'], 'width': 720, 'height': 720}, 'cover_thumb': {'uri': '100x100/aweme-avatar/tos-cn-avt-0015_afee5b125df955a19af4c41159ad1295', 'url_list': ['https://p3-pc.douyinpic.com/aweme/100x100/aweme-avatar/tos-cn-avt-0015_afee5b125df955a19af4c41159ad1295.jpeg?from=327834062'], 'width': 720, 'height': 720}, 'play_url': {'uri': 'https://lf26-music-east.douyinstatic.com/obj/ies-music-hj/7553979204551936827.mp3', 'url_list': ['https://lf26-music-east.douyinstatic.com/obj/ies-music-hj/7553979204551936827.mp3', 'https://lf9-music-east.douyinstatic.com/obj/ies-music-hj/7553979204551936827.mp3'], 'width': 720, 'height': 720, 'url_key': '7553979167862164250'}, 'schema_url': '', 'source_platform': 23, 'start_time': 0, 'end_time': 0, 'duration': 108, 'extra': '{"aed_singing_score":0.02,"aggregate_exempt_conf":[],"beats":{},"cover_colors":null,"douyin_beats_info":{},"dsp_switch":0,"extract_item_id":7553979109831937330,"has_edited":0,"hit_high_follow_auto":false,"hit_high_follow_extend":false,"hit_high_follow_original":false,"hotsoon_review_time":-1,"is_aed_music":0,"is_high_follow_user":false,"is_red":0,"is_subsidy_exp":false,"music_label_id":null,"music_tagging":{"AEDs":null,"Genres":null,"Instruments":null,"Languages":null,"Moods":null,"SingingVersions":null,"Themes":null},"review_unshelve_reason":0,"reviewed":0,"schedule_search_time":0,"uniqa_speech_score":0.97,"with_aed_model":0}', 'user_count': 0, 'position': None, 'collect_stat': 0, 'status': 1, 'offline_desc': '', 'owner_id': '1965574329213736', 'owner_nickname': '孙瑞雪聊教育', 'is_original': False, 'mid': '7553979167862164250', 'binded_challenge_id': 0, 'redirect': False, 'is_restricted': False, 'author_deleted': False, 'is_del_video': False, 'is_video_self_see': False, 'owner_handle': '63566855132', 'author_position': None, 'prevent_download': False, 'unshelve_countries': None, 'prevent_item_download_status': 0, 'external_song_info': [], 'sec_uid': 'MS4wLjABAAAAnAFnkWlOm9jteymsi42fanYLMzfbqdGIwCILEUqDNmFyjfK9N8fSJdS_D2UWk_we', 'avatar_thumb': {'uri': '100x100/aweme-avatar/tos-cn-avt-0015_afee5b125df955a19af4c41159ad1295', 'url_list': ['https://p3-pc.douyinpic.com/aweme/100x100/aweme-avatar/tos-cn-avt-0015_afee5b125df955a19af4c41159ad1295.jpeg?from=327834062'], 'width': 720, 'height': 720}, 'avatar_medium': {'uri': '720x720/aweme-avatar/tos-cn-avt-0015_afee5b125df955a19af4c41159ad1295', 'url_list': ['https://p3-pc.douyinpic.com/aweme/720x720/aweme-avatar/tos-cn-avt-0015_afee5b125df955a19af4c41159ad1295.jpeg?from=327834062'], 'width': 720, 'height': 720}, 'avatar_large': {'uri': '1080x1080/aweme-avatar/tos-cn-avt-0015_afee5b125df955a19af4c41159ad1295', 'url_list': ['https://p3-pc.douyinpic.com/aweme/1080x1080/aweme-avatar/tos-cn-avt-0015_afee5b125df955a19af4c41159ad1295.jpeg?from=327834062'], 'width': 720, 'height': 720}, 'preview_start_time': 0, 'preview_end_time': 0, 'is_commerce_music': False, 'is_original_sound': True, 'audition_duration': 108, 'shoot_duration': 108, 'reason_type': 0, 'artists': [], 'lyric_short_position': None, 'mute_share': False, 'tag_list': None, 'dmv_auto_show': False, 'is_pgc': False, 'is_matched_metadata': False, 'is_audio_url_with_cookie': False, 'music_chart_ranks': None, 'can_background_play': True, 'music_status': 1, 'video_duration': 108, 'pgc_music_type': 2, 'author_status': 1, 'search_impr': {'entity_id': '7553979167862164250'}, 'artist_user_infos': None, 'dsp_status': 10, 'musician_user_infos': None, 'music_collect_count': 0, 'music_cover_atmosphere_color_value': '', 'show_origin_clip': False}, 'effect_inflow_effects': None, 'video': {'play_addr': {'uri': 'v0d00fg10000d3ahsvvog65jvbhf7g30', 'url_list': ['https://v5-dy-o-abtest.zjcdn.com/f53fc217cef68adbd41928c7f08b2bc5/68f66e25/video/tos/cn/tos-cn-ve-15/oIGVQfwuDBbRF0LBfVEIjPIDqCaEeGzAnE7tzA/?a=6383&ch=10010&cr=3&dr=0&lr=all&cd=0%7C0%7C0%7C3&cv=1&br=516&bt=516&cs=0&ds=3&ft=c2YTctGHQPRUZxfusdr~kwPqYldQIKDEE-TerrNqq_45a&mime_type=video_mp4&qs=0&rc=PGgzN2c1ZTk2MztpZjk0aEBpM2ppZW05cnlrNjMzNGkzM0AzMDMtMl8vXi4xLjAxNjIuYSMwNGVzMmRzcF5hLS1kLWFzcw%3D%3D&btag=80000e00028000&cquery=101r_100B_100H_100K_100o&dy_q=1760969609&feature_id=fea919893f650a8c49286568590446ef&l=20251020221329FF810B6B17C3D024C6A3', 'https://v5-dy-o-abtest.zjcdn.com/f53fc217cef68adbd41928c7f08b2bc5/68f66e25/video/tos/cn/tos-cn-ve-15/oIGVQfwuDBbRF0LBfVEIjPIDqCaEeGzAnE7tzA/?a=6383&ch=10010&cr=3&dr=0&lr=all&cd=0%7C0%7C0%7C3&cv=1&br=516&bt=516&cs=0&ds=3&ft=c2YTctGHQPRUZxfusdr~kwPqYldQIKDEE-TerrNqq_45a&mime_type=video_mp4&qs=0&rc=PGgzN2c1ZTk2MztpZjk0aEBpM2ppZW05cnlrNjMzNGkzM0AzMDMtMl8vXi4xLjAxNjIuYSMwNGVzMmRzcF5hLS1kLWFzcw%3D%3D&btag=80000e00028000&cquery=100B_100H_100K_100o_101r&dy_q=1760969609&feature_id=fea919893f650a8c49286568590446ef&l=20251020221329FF810B6B17C3D024C6A3', 'https://www.douyin.com/aweme/v1/play/?video_id=v0d00fg10000d3ahsvvog65jvbhf7g30&line=0&file_id=1e51964c3f184013a62bb25d04603e69&sign=76d5f7aa504b61383ec348de5b8bb180&is_play_url=1&source=PackSourceEnum_PUBLISH'], 'width': 720, 'height': 1280, 'url_key': 'v0d00fg10000d3ahsvvog65jvbhf7g30_h264_720p_529113', 'data_size': 7150512, 'file_hash': '76d5f7aa504b61383ec348de5b8bb180', 'file_cs': 'c:0-118893-e58b|a:v0d00fg10000d3ahsvvog65jvbhf7g30'}, 'cover': {'uri': 'tos-cn-i-dy/86da6e8b89bb41229454a0dcd1376b54', 'url_list': ['https://p3-pc-sign.douyinpic.com/tos-cn-i-dy/86da6e8b89bb41229454a0dcd1376b54~tplv-dy-cropcenter:323:430.jpeg?lk3s=138a59ce&x-expires=2076328800&x-signature=CVJ%2BV2tkMY%2FTye4xi7isI4J8Fk4%3D&from=327834062&s=PackSourceEnum_PUBLISH&se=true&sh=323_430&sc=cover&biz_tag=pcweb_cover&l=20251020221329FF810B6B17C3D024C6A3', 'https://p3-pc-sign.douyinpic.com/obj/tos-cn-i-dy/86da6e8b89bb41229454a0dcd1376b54?lk3s=138a59ce&x-expires=2076328800&x-signature=YC4RkaZoyxm9UztpOwFrByvnHHQ%3D&from=327834062&s=PackSourceEnum_PUBLISH&se=false&sc=cover&biz_tag=pcweb_cover&l=20251020221329FF810B6B17C3D024C6A3'], 'width': 720, 'height': 720}, 'height': 1920, 'width': 1080, 'dynamic_cover': {'uri': 'tos-cn-i-dy/86da6e8b89bb41229454a0dcd1376b54', 'url_list': ['https://p9-pc-sign.douyinpic.com/obj/tos-cn-i-dy/86da6e8b89bb41229454a0dcd1376b54?lk3s=138a59ce&x-expires=1762178400&x-signature=jieEZr4qLe10sQ5rqJB6R4V%2BMrk%3D&from=327834062_large&s=PackSourceEnum_PUBLISH&se=false&sc=dynamic_cover&biz_tag=pcweb_cover&l=20251020221329FF810B6B17C3D024C6A3', 'https://p3-pc-sign.douyinpic.com/obj/tos-cn-i-dy/86da6e8b89bb41229454a0dcd1376b54?lk3s=138a59ce&x-expires=1762178400&x-signature=t3NlF3p6em5gTzGREJntdcEVXYg%3D&from=327834062_large&s=PackSourceEnum_PUBLISH&se=false&sc=dynamic_cover&biz_tag=pcweb_cover&l=20251020221329FF810B6B17C3D024C6A3'], 'width': 720, 'height': 720}, 'origin_cover': {'uri': 'tos-cn-p-0015/oIVGnFC7aDRzqLBzIAzuA1AzIfwfenBEXiIujA', 'url_list': ['https://p3-pc-sign.douyinpic.com/tos-cn-p-0015/oIVGnFC7aDRzqLBzIAzuA1AzIfwfenBEXiIujA~tplv-dy-360p.jpeg?lk3s=138a59ce&x-expires=1762178400&x-signature=Ul5wyJguFcgZ3mysKGePi3GRffc%3D&from=327834062&s=PackSourceEnum_PUBLISH&se=false&sc=origin_cover&biz_tag=pcweb_cover&l=20251020221329FF810B6B17C3D024C6A3', 'https://p9-pc-sign.douyinpic.com/tos-cn-p-0015/oIVGnFC7aDRzqLBzIAzuA1AzIfwfenBEXiIujA~tplv-dy-360p.jpeg?lk3s=138a59ce&x-expires=1762178400&x-signature=ubsPor1VabjTo%2B%2FgWbY2mxoMG80%3D&from=327834062&s=PackSourceEnum_PUBLISH&se=false&sc=origin_cover&biz_tag=pcweb_cover&l=20251020221329FF810B6B17C3D024C6A3'], 'width': 360, 'height': 640}, 'ratio': '720p', 'format': 'mp4', 'audio': {'original_sound_infos': None}, 'bit_rate': [{'gear_name': 'normal_720_0', 'quality_type': 10, 'bit_rate': 529113, 'play_addr': {'uri': 'v0d00fg10000d3ahsvvog65jvbhf7g30', 'url_list': ['https://v5-dy-o-abtest.zjcdn.com/f53fc217cef68adbd41928c7f08b2bc5/68f66e25/video/tos/cn/tos-cn-ve-15/oIGVQfwuDBbRF0LBfVEIjPIDqCaEeGzAnE7tzA/?a=6383&ch=10010&cr=3&dr=0&lr=all&cd=0%7C0%7C0%7C3&cv=1&br=516&bt=516&cs=0&ds=3&ft=c2YTctGHQPRUZxfusdr~kwPqYldQIKDEE-TerrNqq_45a&mime_type=video_mp4&qs=0&rc=PGgzN2c1ZTk2MztpZjk0aEBpM2ppZW05cnlrNjMzNGkzM0AzMDMtMl8vXi4xLjAxNjIuYSMwNGVzMmRzcF5hLS1kLWFzcw%3D%3D&btag=80000e00028000&cquery=101r_100B_100H_100K_100o&dy_q=1760969609&feature_id=fea919893f650a8c49286568590446ef&l=20251020221329FF810B6B17C3D024C6A3', 'https://v5-dy-o-abtest.zjcdn.com/f53fc217cef68adbd41928c7f08b2bc5/68f66e25/video/tos/cn/tos-cn-ve-15/oIGVQfwuDBbRF0LBfVEIjPIDqCaEeGzAnE7tzA/?a=6383&ch=10010&cr=3&dr=0&lr=all&cd=0%7C0%7C0%7C3&cv=1&br=516&bt=516&cs=0&ds=3&ft=c2YTctGHQPRUZxfusdr~kwPqYldQIKDEE-TerrNqq_45a&mime_type=video_mp4&qs=0&rc=PGgzN2c1ZTk2MztpZjk0aEBpM2ppZW05cnlrNjMzNGkzM0AzMDMtMl8vXi4xLjAxNjIuYSMwNGVzMmRzcF5hLS1kLWFzcw%3D%3D&btag=80000e00028000&cquery=100B_100H_100K_100o_101r&dy_q=1760969609&feature_id=fea919893f650a8c49286568590446ef&l=20251020221329FF810B6B17C3D024C6A3', 'https://www.douyin.com/aweme/v1/play/?video_id=v0d00fg10000d3ahsvvog65jvbhf7g30&line=0&file_id=1e51964c3f184013a62bb25d04603e69&sign=76d5f7aa504b61383ec348de5b8bb180&is_play_url=1&source=PackSourceEnum_PUBLISH'], 'width': 720, 'height': 1280, 'url_key': 'v0d00fg10000d3ahsvvog65jvbhf7g30_h264_720p_529113', 'data_size': 7150512, 'file_hash': '76d5f7aa504b61383ec348de5b8bb180', 'file_cs': 'c:0-118893-e58b|a:v0d00fg10000d3ahsvvog65jvbhf7g30'}, 'is_h265': 0, 'is_bytevc1': 0, 'HDR_type': '', 'HDR_bit': '', 'FPS': 30, 'video_extra': '{"PktOffsetMap":"[{\\"time\\": 1, \\"offset\\": 228106}, {\\"time\\": 2, \\"offset\\": 268122}, {\\"time\\": 3, \\"offset\\": 308323}, {\\"time\\": 4, \\"offset\\": 356997}, {\\"time\\": 5, \\"offset\\": 402317}, {\\"time\\": 10, \\"offset\\": 757278}]","format":"mp4","definition":"720p","quality":"normal","file_id":"1e51964c3f184013a62bb25d04603e69","applog_map":{"feature_id":"fea919893f650a8c49286568590446ef"},"audio_channels":"2.0","audio_sample_rate":"44100","audio_metrics":null,"audio_score":null}', 'format': 'mp4'}, {'gear_name': 'low_720_0', 'quality_type': 211, 'bit_rate': 450581, 'play_addr': {'uri': 'v0d00fg10000d3ahsvvog65jvbhf7g30', 'url_list': ['https://v5-dy-o-abtest.zjcdn.com/59bc7797235e29a340002212da5f7239/68f66e25/video/tos/cn/tos-cn-ve-15/oYfxcjfaqCBFLlGIQEzznFArwezAaREuDB7XEr/?a=6383&ch=10010&cr=3&dr=0&lr=all&cd=0%7C0%7C0%7C3&cv=1&br=440&bt=440&cs=0&ds=3&ft=c2YTctGHQPRUZxfusdr~kwPqYldQIKDEE-TerrNqq_45a&mime_type=video_mp4&qs=1&rc=ZjtoN2dlaGQ0aDw0aDM8PEBpM2ppZW05cnlrNjMzNGkzM0A1YmAvLzAyNTMxM181XjEyYSMwNGVzMmRzcF5hLS1kLWFzcw%3D%3D&btag=80000e00028000&cquery=100H_100K_100o_101r_100B&dy_q=1760969609&feature_id=0ea98fd3bdc3c6c14a3d0804cc272721&l=20251020221329FF810B6B17C3D024C6A3', 'https://v5-dy-o-abtest.zjcdn.com/59bc7797235e29a340002212da5f7239/68f66e25/video/tos/cn/tos-cn-ve-15/oYfxcjfaqCBFLlGIQEzznFArwezAaREuDB7XEr/?a=6383&ch=10010&cr=3&dr=0&lr=all&cd=0%7C0%7C0%7C3&cv=1&br=440&bt=440&cs=0&ds=3&ft=c2YTctGHQPRUZxfusdr~kwPqYldQIKDEE-TerrNqq_45a&mime_type=video_mp4&qs=1&rc=ZjtoN2dlaGQ0aDw0aDM8PEBpM2ppZW05cnlrNjMzNGkzM0A1YmAvLzAyNTMxM181XjEyYSMwNGVzMmRzcF5hLS1kLWFzcw%3D%3D&btag=80000e00028000&cquery=101r_100B_100H_100K_100o&dy_q=1760969609&feature_id=0ea98fd3bdc3c6c14a3d0804cc272721&l=20251020221329FF810B6B17C3D024C6A3', 'https://www.douyin.com/aweme/v1/play/?video_id=v0d00fg10000d3ahsvvog65jvbhf7g30&line=0&file_id=5949a08eb1694e618a5e3b2d24cee88c&sign=435cda07cda70cd7ea873385933bf81b&is_play_url=1&source=PackSourceEnum_PUBLISH'], 'width': 720, 'height': 1280, 'url_key': 'v0d00fg10000d3ahsvvog65jvbhf7g30_h264_720p_450581', 'data_size': 6089215, 'file_hash': '435cda07cda70cd7ea873385933bf81b', 'file_cs': 'c:0-90432-a6c0|a:v0d00fg10000d3ahsvvog65jvbhf7g30'}, 'is_h265': 0, 'is_bytevc1': 0, 'HDR_type': '', 'HDR_bit': '', 'FPS': 30, 'video_extra': '{"PktOffsetMap":"[{\\"time\\": 1, \\"offset\\": 192998}, {\\"time\\": 2, \\"offset\\": 224598}, {\\"time\\": 3, \\"offset\\": 254952}, {\\"time\\": 4, \\"offset\\": 293808}, {\\"time\\": 5, \\"offset\\": 328204}, {\\"time\\": 10, \\"offset\\": 634789}]","format":"mp4","definition":"720p","quality":"low","file_id":"5949a08eb1694e618a5e3b2d24cee88c","applog_map":{"feature_id":"0ea98fd3bdc3c6c14a3d0804cc272721"},"audio_channels":"2.0","audio_sample_rate":"44100","audio_metrics":null,"audio_score":null}', 'format': 'mp4'}, {'gear_name': 'low_540_0', 'quality_type': 292, 'bit_rate': 414597, 'play_addr': {'uri': 'v0d00fg10000d3ahsvvog65jvbhf7g30', 'url_list': ['https://v5-dy-o-abtest.zjcdn.com/1c6219aa84542ffcd9533a8f311a2c27/68f66e25/video/tos/cn/tos-cn-ve-15/oQAgXFnfzq9bDcsK7fcCjNBnAaEjBfrIgRxXQM/?a=6383&ch=10010&cr=3&dr=0&lr=all&cd=0%7C0%7C0%7C3&cv=1&br=404&bt=404&cs=0&ds=6&ft=c2YTctGHQPRUZxfusdr~kwPqYldQIKDEE-TerrNqq_45a&mime_type=video_mp4&qs=1&rc=ZmczZWc6Zzw6PDg4ZTYzPEBpM2ppZW05cnlrNjMzNGkzM0AyLjUyMF8xXmMxMi1hMS1fYSMwNGVzMmRzcF5hLS1kLWFzcw%3D%3D&btag=80000e00028000&cquery=101r_100B_100H_100K_100o&dy_q=1760969609&feature_id=0ea98fd3bdc3c6c14a3d0804cc272721&l=20251020221329FF810B6B17C3D024C6A3', 'https://v5-dy-o-abtest.zjcdn.com/1c6219aa84542ffcd9533a8f311a2c27/68f66e25/video/tos/cn/tos-cn-ve-15/oQAgXFnfzq9bDcsK7fcCjNBnAaEjBfrIgRxXQM/?a=6383&ch=10010&cr=3&dr=0&lr=all&cd=0%7C0%7C0%7C3&cv=1&br=404&bt=404&cs=0&ds=6&ft=c2YTctGHQPRUZxfusdr~kwPqYldQIKDEE-TerrNqq_45a&mime_type=video_mp4&qs=1&rc=ZmczZWc6Zzw6PDg4ZTYzPEBpM2ppZW05cnlrNjMzNGkzM0AyLjUyMF8xXmMxMi1hMS1fYSMwNGVzMmRzcF5hLS1kLWFzcw%3D%3D&btag=80000e00028000&cquery=100B_100H_100K_100o_101r&dy_q=1760969609&feature_id=0ea98fd3bdc3c6c14a3d0804cc272721&l=20251020221329FF810B6B17C3D024C6A3', 'https://www.douyin.com/aweme/v1/play/?video_id=v0d00fg10000d3ahsvvog65jvbhf7g30&line=0&file_id=b90043db055549f7a94db73d5b801d5c&sign=49afa4278fe7091b2b8e2c284ca0e8e2&is_play_url=1&source=PackSourceEnum_PUBLISH'], 'width': 576, 'height': 1024, 'url_key': 'v0d00fg10000d3ahsvvog65jvbhf7g30_h264_540p_414597', 'data_size': 5602927, 'file_hash': '49afa4278fe7091b2b8e2c284ca0e8e2', 'file_cs': 'c:0-90120-c1af|a:v0d00fg10000d3ahsvvog65jvbhf7g30'}, 'is_h265': 0, 'is_bytevc1': 0, 'HDR_type': '', 'HDR_bit': '', 'FPS': 30, 'video_extra': '{"PktOffsetMap":"[{\\"time\\": 1, \\"offset\\": 184042}, {\\"time\\": 2, \\"offset\\": 214376}, {\\"time\\": 3, \\"offset\\": 243365}, {\\"time\\": 4, \\"offset\\": 279832}, {\\"time\\": 5, \\"offset\\": 312083}, {\\"time\\": 10, \\"offset\\": 593610}]","format":"mp4","definition":"540p","quality":"low","file_id":"b90043db055549f7a94db73d5b801d5c","applog_map":{"feature_id":"0ea98fd3bdc3c6c14a3d0804cc272721"},"audio_channels":"2.0","audio_sample_rate":"44100","audio_metrics":null,"audio_score":null}', 'format': 'mp4'}, {'gear_name': 'adapt_low_540_0', 'quality_type': 291, 'bit_rate': 298966, 'play_addr': {'uri': 'v0d00fg10000d3ahsvvog65jvbhf7g30', 'url_list': ['https://v5-dy-o-abtest.zjcdn.com/61a41a241b95d5318547753c6d2a414a/68f66e25/video/tos/cn/tos-cn-ve-15/ooHBznFqwIDPfnQAzG2AfuEeRXES77LBaDbjcC/?a=6383&ch=10010&cr=3&dr=0&lr=all&cd=0%7C0%7C0%7C3&cv=1&br=291&bt=291&cs=0&ds=6&ft=c2YTctGHQPRUZxfusdr~kwPqYldQIKDEE-TerrNqq_45a&mime_type=video_mp4&qs=12&rc=NDU2ZTVnaDpnZDZoNTo3PEBpM2ppZW05cnlrNjMzNGkzM0AyNmBiLS5fNjQxMDQ0YTFjYSMwNGVzMmRzcF5hLS1kLWFzcw%3D%3D&btag=80000e00028000&cquery=101r_100B_100H_100K_100o&dy_q=1760969609&feature_id=0ea98fd3bdc3c6c14a3d0804cc272721&l=20251020221329FF810B6B17C3D024C6A3', 'https://v5-dy-o-abtest.zjcdn.com/61a41a241b95d5318547753c6d2a414a/68f66e25/video/tos/cn/tos-cn-ve-15/ooHBznFqwIDPfnQAzG2AfuEeRXES77LBaDbjcC/?a=6383&ch=10010&cr=3&dr=0&lr=all&cd=0%7C0%7C0%7C3&cv=1&br=291&bt=291&cs=0&ds=6&ft=c2YTctGHQPRUZxfusdr~kwPqYldQIKDEE-TerrNqq_45a&mime_type=video_mp4&qs=12&rc=NDU2ZTVnaDpnZDZoNTo3PEBpM2ppZW05cnlrNjMzNGkzM0AyNmBiLS5fNjQxMDQ0YTFjYSMwNGVzMmRzcF5hLS1kLWFzcw%3D%3D&btag=80000e00028000&cquery=100B_100H_100K_100o_101r&dy_q=1760969609&feature_id=0ea98fd3bdc3c6c14a3d0804cc272721&l=20251020221329FF810B6B17C3D024C6A3', 'https://www.douyin.com/aweme/v1/play/?video_id=v0d00fg10000d3ahsvvog65jvbhf7g30&line=0&file_id=f944d7727e334a7d97be1d02ebc39251&sign=19967717defc1a8c2c9ac0bdfde24ee4&is_play_url=1&source=PackSourceEnum_PUBLISH'], 'width': 576, 'height': 1024, 'url_key': 'v0d00fg10000d3ahsvvog65jvbhf7g30_h264_540p_298966', 'data_size': 4040276, 'file_hash': '19967717defc1a8c2c9ac0bdfde24ee4', 'file_cs': 'c:0-90303-13ef|a:v0d00fg10000d3ahsvvog65jvbhf7g30'}, 'is_h265': 0, 'is_bytevc1': 0, 'HDR_type': '', 'HDR_bit': '', 'FPS': 30, 'video_extra': '{"PktOffsetMap":"[{\\"time\\": 1, \\"offset\\": 158562}, {\\"time\\": 2, \\"offset\\": 179534}, {\\"time\\": 3, \\"offset\\": 200133}, {\\"time\\": 4, \\"offset\\": 225966}, {\\"time\\": 5, \\"offset\\": 249207}, {\\"time\\": 10, \\"offset\\": 451204}]","format":"mp4","definition":"540p","quality":"adapt_low","file_id":"f944d7727e334a7d97be1d02ebc39251","applog_map":{"feature_id":"0ea98fd3bdc3c6c14a3d0804cc272721"},"audio_channels":"2.0","audio_sample_rate":"44100","audio_metrics":null,"audio_score":null}', 'format': 'mp4'}, {'gear_name': 'adapt_lowest_1080_1', 'quality_type': 2, 'bit_rate': 236340, 'play_addr': {'uri': 'v0d00fg10000d3ahsvvog65jvbhf7g30', 'url_list': ['https://v5-dy-o-abtest.zjcdn.com/012233efe989c460ca875e28599aee28/68f66e25/video/tos/cn/tos-cn-ve-15/o4vDVIYGAAMEvnPLeLj2CAAPg6q4hVRjHfJee0/?a=6383&ch=10010&cr=3&dr=0&lr=all&cd=0%7C0%7C0%7C3&cv=1&br=230&bt=230&cs=2&ds=4&ft=c2YTctGHQPRUZxfusdr~kwPqYldQIKDEE-TerrNqq_45a&mime_type=video_mp4&qs=15&rc=aDpnPGhmPGc3ZWhmNWU6ZUBpM2ppZW05cnlrNjMzNGkzM0BjNi9iMjIuNS4xY19eYmBiYSMwNGVzMmRzcF5hLS1kLWFzcw%3D%3D&btag=80000e00028000&cquery=100H_100K_100o_101r_100B&dy_q=1760969609&feature_id=b38008770b4e09863331b14b26bcdc23&l=20251020221329FF810B6B17C3D024C6A3', 'https://v5-dy-o-abtest.zjcdn.com/012233efe989c460ca875e28599aee28/68f66e25/video/tos/cn/tos-cn-ve-15/o4vDVIYGAAMEvnPLeLj2CAAPg6q4hVRjHfJee0/?a=6383&ch=10010&cr=3&dr=0&lr=all&cd=0%7C0%7C0%7C3&cv=1&br=230&bt=230&cs=2&ds=4&ft=c2YTctGHQPRUZxfusdr~kwPqYldQIKDEE-TerrNqq_45a&mime_type=video_mp4&qs=15&rc=aDpnPGhmPGc3ZWhmNWU6ZUBpM2ppZW05cnlrNjMzNGkzM0BjNi9iMjIuNS4xY19eYmBiYSMwNGVzMmRzcF5hLS1kLWFzcw%3D%3D&btag=80000e00028000&cquery=101r_100B_100H_100K_100o&dy_q=1760969609&feature_id=b38008770b4e09863331b14b26bcdc23&l=20251020221329FF810B6B17C3D024C6A3', 'https://www.douyin.com/aweme/v1/play/?video_id=v0d00fg10000d3ahsvvog65jvbhf7g30&line=0&file_id=ebc7eba2bcfe4b148d195c5ee92d97fe&sign=e3c7706ed847d421251a1f8ee1b2ce53&is_play_url=1&source=PackSourceEnum_PUBLISH'], 'width': 1080, 'height': 1920, 'url_key': 'v0d00fg10000d3ahsvvog65jvbhf7g30_bytevc1_1080p_236340', 'data_size': 3193931, 'file_hash': 'e3c7706ed847d421251a1f8ee1b2ce53', 'file_cs': 'c:0-90573-4902|a:v0d00fg10000d3ahsvvog65jvbhf7g30'}, 'is_h265': 1, 'is_bytevc1': 1, 'HDR_type': '', 'HDR_bit': '', 'FPS': 30, 'video_extra': '{"PktOffsetMap":"[{\\"time\\": 1, \\"offset\\": 147011}, {\\"time\\": 2, \\"offset\\": 161392}, {\\"time\\": 3, \\"offset\\": 179025}, {\\"time\\": 4, \\"offset\\": 199865}, {\\"time\\": 5, \\"offset\\": 222679}, {\\"time\\": 10, \\"offset\\": 371676}]","format":"mp4","definition":"1080p","quality":"adapt_lowest","file_id":"ebc7eba2bcfe4b148d195c5ee92d97fe","applog_map":{"feature_id":"b38008770b4e09863331b14b26bcdc23"},"mvmaf":"{\\"mvmaf_sr_v1080\\":99.212,\\"mvmaf_sr_v960\\":99.258,\\"mvmaf_sr_v864\\":99.348,\\"mvmaf_sr_v720\\":99.485,\\"mvmaf_ori_v1080\\":92.867,\\"mvmaf_ori_v960\\":93.423,\\"mvmaf_ori_v864\\":93.9,\\"mvmaf_ori_v720\\":94.709}","ufq":"{\\"enh\\":94.499,\\"playback\\":{\\"ori\\":91.366,\\"srv1\\":93.829},\\"src\\":94.499,\\"trans\\":91.366,\\"version\\":\\"v1.0\\"}","audio_channels":"2.0","audio_sample_rate":"44100","audio_metrics":null,"audio_score":null}', 'format': 'mp4'}, {'gear_name': 'adapt_lowest_720_1', 'quality_type': 15, 'bit_rate': 233658, 'play_addr': {'uri': 'v0d00fg10000d3ahsvvog65jvbhf7g30', 'url_list': ['https://v5-dy-o-abtest.zjcdn.com/adaa8b21aeade57ec67b0aaa5a5fab8c/68f66e25/video/tos/cn/tos-cn-ve-15/okI2v4RqPed4CeGPEAeYL6A0AngAJMTfCHVjgD/?a=6383&ch=10010&cr=3&dr=0&lr=all&cd=0%7C0%7C0%7C3&cv=1&br=228&bt=228&cs=2&ds=3&ft=c2YTctGHQPRUZxfusdr~kwPqYldQIKDEE-TerrNqq_45a&mime_type=video_mp4&qs=15&rc=Ojk2aTg3aDQ5NGQ3OjhmaUBpM2ppZW05cnlrNjMzNGkzM0BgNjBgXzYwNTAxLzEvMy0tYSMwNGVzMmRzcF5hLS1kLWFzcw%3D%3D&btag=80000e00028000&cquery=100K_100o_101r_100B_100H&dy_q=1760969609&feature_id=b38008770b4e09863331b14b26bcdc23&l=20251020221329FF810B6B17C3D024C6A3', 'https://v5-dy-o-abtest.zjcdn.com/adaa8b21aeade57ec67b0aaa5a5fab8c/68f66e25/video/tos/cn/tos-cn-ve-15/okI2v4RqPed4CeGPEAeYL6A0AngAJMTfCHVjgD/?a=6383&ch=10010&cr=3&dr=0&lr=all&cd=0%7C0%7C0%7C3&cv=1&br=228&bt=228&cs=2&ds=3&ft=c2YTctGHQPRUZxfusdr~kwPqYldQIKDEE-TerrNqq_45a&mime_type=video_mp4&qs=15&rc=Ojk2aTg3aDQ5NGQ3OjhmaUBpM2ppZW05cnlrNjMzNGkzM0BgNjBgXzYwNTAxLzEvMy0tYSMwNGVzMmRzcF5hLS1kLWFzcw%3D%3D&btag=80000e00028000&cquery=100B_100H_100K_100o_101r&dy_q=1760969609&feature_id=b38008770b4e09863331b14b26bcdc23&l=20251020221329FF810B6B17C3D024C6A3', 'https://www.douyin.com/aweme/v1/play/?video_id=v0d00fg10000d3ahsvvog65jvbhf7g30&line=0&file_id=0f0c6527442a4136813e94b5cf3396c7&sign=13df4ff3bfac697869049d5a47c06824&is_play_url=1&source=PackSourceEnum_PUBLISH'], 'width': 720, 'height': 1280, 'url_key': 'v0d00fg10000d3ahsvvog65jvbhf7g30_bytevc1_720p_233658', 'data_size': 3157689, 'file_hash': '13df4ff3bfac697869049d5a47c06824', 'file_cs': 'c:0-90574-b4ab|a:v0d00fg10000d3ahsvvog65jvbhf7g30'}, 'is_h265': 1, 'is_bytevc1': 1, 'HDR_type': '', 'HDR_bit': '', 'FPS': 30, 'video_extra': '{"PktOffsetMap":"[{\\"time\\": 1, \\"offset\\": 144416}, {\\"time\\": 2, \\"offset\\": 159565}, {\\"time\\": 3, \\"offset\\": 179602}, {\\"time\\": 4, \\"offset\\": 201180}, {\\"time\\": 5, \\"offset\\": 224387}, {\\"time\\": 10, \\"offset\\": 372050}]","format":"mp4","definition":"720p","quality":"adapt_lowest","file_id":"0f0c6527442a4136813e94b5cf3396c7","applog_map":{"feature_id":"b38008770b4e09863331b14b26bcdc23"},"mvmaf":"{\\"mvmaf_sr_v1080\\":98.711,\\"mvmaf_sr_v960\\":99.472,\\"mvmaf_sr_v864\\":99.642,\\"mvmaf_sr_v720\\":99.877,\\"mvmaf_ori_v1080\\":89.01,\\"mvmaf_ori_v960\\":91.371,\\"mvmaf_ori_v864\\":92.758,\\"mvmaf_ori_v720\\":95.404}","ufq":"{\\"enh\\":94.499,\\"playback\\":{\\"ori\\":87.509,\\"srv1\\":93.729},\\"src\\":94.499,\\"trans\\":87.509,\\"version\\":\\"v1.0\\"}","audio_channels":"2.0","audio_sample_rate":"44100","audio_metrics":null,"audio_score":null}', 'format': 'mp4'}, {'gear_name': 'adapt_540_1', 'quality_type': 28, 'bit_rate': 209435, 'play_addr': {'uri': 'v0d00fg10000d3ahsvvog65jvbhf7g30', 'url_list': ['https://v5-dy-o-abtest.zjcdn.com/3e631c08f79147920c551fce76cd0aed/68f66e25/video/tos/cn/tos-cn-ve-15/oQIsVRzBwCjC2A7unLEAzFEBzQDOwqQmefGfSa/?a=6383&ch=10010&cr=3&dr=0&lr=all&cd=0%7C0%7C0%7C3&cv=1&br=204&bt=204&cs=2&ds=6&ft=c2YTctGHQPRUZxfusdr~kwPqYldQIKDEE-TerrNqq_45a&mime_type=video_mp4&qs=11&rc=Z2U7MzdkNTY8Ozo1NjU5aEBpM2ppZW05cnlrNjMzNGkzM0AwMmMyLTVeXy8xMS8vMmBeYSMwNGVzMmRzcF5hLS1kLWFzcw%3D%3D&btag=80000e00028000&cquery=101r_100B_100H_100K_100o&dy_q=1760969609&feature_id=b38008770b4e09863331b14b26bcdc23&l=20251020221329FF810B6B17C3D024C6A3', 'https://v5-dy-o-abtest.zjcdn.com/3e631c08f79147920c551fce76cd0aed/68f66e25/video/tos/cn/tos-cn-ve-15/oQIsVRzBwCjC2A7unLEAzFEBzQDOwqQmefGfSa/?a=6383&ch=10010&cr=3&dr=0&lr=all&cd=0%7C0%7C0%7C3&cv=1&br=204&bt=204&cs=2&ds=6&ft=c2YTctGHQPRUZxfusdr~kwPqYldQIKDEE-TerrNqq_45a&mime_type=video_mp4&qs=11&rc=Z2U7MzdkNTY8Ozo1NjU5aEBpM2ppZW05cnlrNjMzNGkzM0AwMmMyLTVeXy8xMS8vMmBeYSMwNGVzMmRzcF5hLS1kLWFzcw%3D%3D&btag=80000e00028000&cquery=100B_100H_100K_100o_101r&dy_q=1760969609&feature_id=b38008770b4e09863331b14b26bcdc23&l=20251020221329FF810B6B17C3D024C6A3', 'https://www.douyin.com/aweme/v1/play/?video_id=v0d00fg10000d3ahsvvog65jvbhf7g30&line=0&file_id=aec6522322474829b3a28a0450f85b3d&sign=f984b41b2cb73375ec582bcd275a482c&is_play_url=1&source=PackSourceEnum_PUBLISH'], 'width': 576, 'height': 1024, 'url_key': 'v0d00fg10000d3ahsvvog65jvbhf7g30_bytevc1_540p_209435', 'data_size': 2830339, 'file_hash': 'f984b41b2cb73375ec582bcd275a482c', 'file_cs': 'c:0-90574-5e68|a:v0d00fg10000d3ahsvvog65jvbhf7g30'}, 'is_h265': 1, 'is_bytevc1': 1, 'HDR_type': '', 'HDR_bit': '', 'FPS': 30, 'video_extra': '{"PktOffsetMap":"[{\\"time\\": 1, \\"offset\\": 138404}, {\\"time\\": 2, \\"offset\\": 151859}, {\\"time\\": 3, \\"offset\\": 166886}, {\\"time\\": 4, \\"offset\\": 186880}, {\\"time\\": 5, \\"offset\\": 207950}, {\\"time\\": 10, \\"offset\\": 342176}]","format":"mp4","definition":"540p","quality":"adapt","file_id":"aec6522322474829b3a28a0450f85b3d","applog_map":{"feature_id":"b38008770b4e09863331b14b26bcdc23"},"mvmaf":"{\\"mvmaf_sr_v1080\\":96.741,\\"mvmaf_sr_v960\\":98.4,\\"mvmaf_sr_v864\\":98.844,\\"mvmaf_sr_v720\\":99.387,\\"mvmaf_ori_v1080\\":84.209,\\"mvmaf_ori_v960\\":87.196,\\"mvmaf_ori_v864\\":88.696,\\"mvmaf_ori_v720\\":91.884}","ufq":"{\\"enh\\":94.499,\\"playback\\":{\\"ori\\":82.906,\\"srv1\\":93.335},\\"src\\":94.499,\\"trans\\":82.906,\\"version\\":\\"v1.0\\"}","audio_channels":"2.0","audio_sample_rate":"44100","audio_metrics":null,"audio_score":null}', 'format': 'mp4'}, {'gear_name': 'low_720_0', 'quality_type': 211, 'bit_rate': 395677, 'play_addr': {'uri': 'v0d00fg10000d3ahsvvog65jvbhf7g30', 'url_list': ['https://v5-dy-o-abtest.zjcdn.com/21d3f5e97e85ddcea557454e9f730239/68f79575/video/tos/cn/tos-cn-vd-0026/oQfjazAsLEAqeAuRAGAFgcIXfzBDYCBawDn7qF/media-video-avc1/?a=6383&ch=0&cr=8&dr=0&er=1&lr=default&cd=0%7C0%7C0%7C3&cv=1&br=386&bt=386&cs=0&ds=3&mime_type=video_mp4&qs=1&rc=ZTxkOTtlN2RkZTc7OmYzNUBpM2ppZW05cnlrNjMzNGkzM0A0YGAuMzA1NV8xNDE0Yi8vYSMwNGVzMmRzcF5hLS1kLWFzcw%3D%3D&btag=80000e00028000&cquery=101r_100o&dy_q=1760969609&l=20251020221329FF810B6B17C3D024C6A3', 'https://v5-dy-o-abtest.zjcdn.com/21d3f5e97e85ddcea557454e9f730239/68f79575/video/tos/cn/tos-cn-vd-0026/oQfjazAsLEAqeAuRAGAFgcIXfzBDYCBawDn7qF/media-video-avc1/?a=6383&ch=0&cr=8&dr=0&er=1&lr=default&cd=0%7C0%7C0%7C3&cv=1&br=386&bt=386&cs=0&ds=3&mime_type=video_mp4&qs=1&rc=ZTxkOTtlN2RkZTc7OmYzNUBpM2ppZW05cnlrNjMzNGkzM0A0YGAuMzA1NV8xNDE0Yi8vYSMwNGVzMmRzcF5hLS1kLWFzcw%3D%3D&btag=80000e00028000&cquery=101r_100o&dy_q=1760969609&l=20251020221329FF810B6B17C3D024C6A3', 'https://www.douyin.com/aweme/v1/play/dash/?video_id=v0d00fg10000d3ahsvvog65jvbhf7g30&line=0&file_id=2220ec7748744bba8a843b6816cac97b&sign=dc8ad0d807328608eb20995b28ee147e&is_play_url=1&source=PackSourceEnum_PUBLISH'], 'width': 720, 'height': 1280, 'url_key': 'v0d00fg10000d3ahsvvog65jvbhf7g30_h264_720p_395677', 'data_size': 5346588, 'file_hash': 'dc8ad0d807328608eb20995b28ee147e'}, 'is_h265': 0, 'is_bytevc1': 0, 'HDR_type': '', 'HDR_bit': '', 'FPS': 30, 'video_extra': '{"PktOffsetMap":"","format":"dash","sub_info":"{\\"audio_channels\\":\\"2.0\\",\\"audio_layout\\":\\"C\\",\\"audio_sample_rate\\":\\"44100\\",\\"base_range_info\\":{\\"first_moof_range\\":\\"1183-3282\\",\\"index_range\\":\\"995-1182\\",\\"init_range\\":\\"0-994\\"},\\"check_info\\":{\\"check_info\\":\\"a:v0d00fg10000d3ahsvvog65jvbhf7g30|b:0-1182-a447d5feaba452465942efe2bfb8a5a7|c:0-1182-5fe9\\"},\\"first_segment_range\\":\\"1183-312444\\",\\"gear_des_key\\":\\"0:DASH|1:normal|2:h264|4:720p|5:low|10000:105\\",\\"quality_type\\":11}","definition":"720p","quality":"low","quality_desc":"","file_id":"2220ec7748744bba8a843b6816cac97b","real_bitrate":450581,"audio_file_id":"9cbacb9b32409363767a4f1e77ed76f9","applog_map":{"feature_id":"0ea98fd3bdc3c6c14a3d0804cc272721"},"audio_metrics":null,"audio_score":null}', 'format': 'dash'}, {'gear_name': 'low_540_0', 'quality_type': 292, 'bit_rate': 359712, 'play_addr': {'uri': 'v0d00fg10000d3ahsvvog65jvbhf7g30', 'url_list': ['https://v5-dy-o-abtest.zjcdn.com/c4bee9daf9a45d1fe1580b8e4953f548/68f79575/video/tos/cn/tos-cn-vd-0026/oEcnwFeBEgDIAPqzjXfzGAfA7AuTRDaLBAEbCI/media-video-avc1/?a=6383&ch=0&cr=8&dr=0&er=1&lr=default&cd=0%7C0%7C0%7C3&cv=1&br=351&bt=351&cs=0&ds=6&mime_type=video_mp4&qs=1&rc=OztnZjo5PDplPDNmZzk6Z0BpM2ppZW05cnlrNjMzNGkzM0AvYTU0XjMwXl4xY2JgNTFfYSMwNGVzMmRzcF5hLS1kLWFzcw%3D%3D&btag=80000e00028000&cquery=101r_100o&dy_q=1760969609&l=20251020221329FF810B6B17C3D024C6A3', 'https://v5-dy-o-abtest.zjcdn.com/c4bee9daf9a45d1fe1580b8e4953f548/68f79575/video/tos/cn/tos-cn-vd-0026/oEcnwFeBEgDIAPqzjXfzGAfA7AuTRDaLBAEbCI/media-video-avc1/?a=6383&ch=0&cr=8&dr=0&er=1&lr=default&cd=0%7C0%7C0%7C3&cv=1&br=351&bt=351&cs=0&ds=6&mime_type=video_mp4&qs=1&rc=OztnZjo5PDplPDNmZzk6Z0BpM2ppZW05cnlrNjMzNGkzM0AvYTU0XjMwXl4xY2JgNTFfYSMwNGVzMmRzcF5hLS1kLWFzcw%3D%3D&btag=80000e00028000&cquery=101r_100o&dy_q=1760969609&l=20251020221329FF810B6B17C3D024C6A3', 'https://www.douyin.com/aweme/v1/play/dash/?video_id=v0d00fg10000d3ahsvvog65jvbhf7g30&line=0&file_id=bd4786cdecf049aba73966a77c8dd828&sign=42cc0d0a1e315f6cc5920f4aed45f4d2&is_play_url=1&source=PackSourceEnum_PUBLISH'], 'width': 576, 'height': 1024, 'url_key': 'v0d00fg10000d3ahsvvog65jvbhf7g30_h264_540p_359712', 'data_size': 4860612, 'file_hash': '42cc0d0a1e315f6cc5920f4aed45f4d2'}, 'is_h265': 0, 'is_bytevc1': 0, 'HDR_type': '', 'HDR_bit': '', 'FPS': 30, 'video_extra': '{"PktOffsetMap":"","format":"dash","sub_info":"{\\"audio_channels\\":\\"2.0\\",\\"audio_layout\\":\\"C\\",\\"audio_sample_rate\\":\\"44100\\",\\"base_range_info\\":{\\"first_moof_range\\":\\"1183-3282\\",\\"index_range\\":\\"995-1182\\",\\"init_range\\":\\"0-994\\"},\\"check_info\\":{\\"check_info\\":\\"a:v0d00fg10000d3ahsvvog65jvbhf7g30|b:0-1182-364b64a85fbde3a9d675db1ff7725e3c|c:0-1182-3837\\"},\\"first_segment_range\\":\\"1183-290143\\",\\"gear_des_key\\":\\"0:DASH|1:normal|2:h264|4:540p|5:low|10000:105\\"}","definition":"540p","quality":"low","quality_desc":"","file_id":"bd4786cdecf049aba73966a77c8dd828","real_bitrate":414597,"audio_file_id":"9cbacb9b32409363767a4f1e77ed76f9","applog_map":{"feature_id":"0ea98fd3bdc3c6c14a3d0804cc272721"},"audio_metrics":null,"audio_score":null}', 'format': 'dash'}, {'gear_name': 'adapt_low_540_0', 'quality_type': 291, 'bit_rate': 244054, 'play_addr': {'uri': 'v0d00fg10000d3ahsvvog65jvbhf7g30', 'url_list': ['https://v5-dy-o-abtest.zjcdn.com/77a78365804d0b29f45d8deee22fdb06/68f79575/video/tos/cn/tos-cn-vd-0026/osBcARjC9nzEBSF7LgAAfrAaX4AfMfnuAGqR2D/media-video-avc1/?a=6383&ch=0&cr=8&dr=0&er=1&lr=default&cd=0%7C0%7C0%7C3&cv=1&br=238&bt=238&cs=0&ds=6&mime_type=video_mp4&qs=12&rc=PGRkNzY0ODc2Z2lkN2Q6ZUBpM2ppZW05cnlrNjMzNGkzM0AwLzAuLzU0Xy4xLTViYy8yYSMwNGVzMmRzcF5hLS1kLWFzcw%3D%3D&btag=80000e00028000&cquery=101r_100o&dy_q=1760969609&l=20251020221329FF810B6B17C3D024C6A3', 'https://v5-dy-o-abtest.zjcdn.com/77a78365804d0b29f45d8deee22fdb06/68f79575/video/tos/cn/tos-cn-vd-0026/osBcARjC9nzEBSF7LgAAfrAaX4AfMfnuAGqR2D/media-video-avc1/?a=6383&ch=0&cr=8&dr=0&er=1&lr=default&cd=0%7C0%7C0%7C3&cv=1&br=238&bt=238&cs=0&ds=6&mime_type=video_mp4&qs=12&rc=PGRkNzY0ODc2Z2lkN2Q6ZUBpM2ppZW05cnlrNjMzNGkzM0AwLzAuLzU0Xy4xLTViYy8yYSMwNGVzMmRzcF5hLS1kLWFzcw%3D%3D&btag=80000e00028000&cquery=101r_100o&dy_q=1760969609&l=20251020221329FF810B6B17C3D024C6A3', 'https://www.douyin.com/aweme/v1/play/dash/?video_id=v0d00fg10000d3ahsvvog65jvbhf7g30&line=0&file_id=5b27fae48a0f4d13b4758123143a2a39&sign=59bb94e28dfc343b95ac2c9860a8a7e8&is_play_url=1&source=PackSourceEnum_PUBLISH'], 'width': 576, 'height': 1024, 'url_key': 'v0d00fg10000d3ahsvvog65jvbhf7g30_h264_540p_244054', 'data_size': 3297777, 'file_hash': '59bb94e28dfc343b95ac2c9860a8a7e8'}, 'is_h265': 0, 'is_bytevc1': 0, 'HDR_type': '', 'HDR_bit': '', 'FPS': 30, 'video_extra': '{"PktOffsetMap":"","format":"dash","sub_info":"{\\"audio_channels\\":\\"2.0\\",\\"audio_layout\\":\\"C\\",\\"audio_sample_rate\\":\\"44100\\",\\"base_range_info\\":{\\"first_moof_range\\":\\"1182-3281\\",\\"index_range\\":\\"994-1181\\",\\"init_range\\":\\"0-993\\"},\\"check_info\\":{\\"check_info\\":\\"a:v0d00fg10000d3ahsvvog65jvbhf7g30|b:0-1181-ae861e32b0d5b1817b6ef8824b16ef17|c:0-1181-8ff0\\"},\\"first_segment_range\\":\\"1182-194616\\",\\"gear_des_key\\":\\"0:DASH|1:normal|2:h264|4:540p|5:adapt_low|10000:105\\",\\"quality_type\\":291}","definition":"540p","quality":"adapt_low","quality_desc":"","file_id":"5b27fae48a0f4d13b4758123143a2a39","real_bitrate":298966,"audio_file_id":"9cbacb9b32409363767a4f1e77ed76f9","applog_map":{"feature_id":"0ea98fd3bdc3c6c14a3d0804cc272721"},"audio_metrics":null,"audio_score":null}', 'format': 'dash'}, {'gear_name': 'adapt_lowest_1080_1', 'quality_type': 2, 'bit_rate': 181439, 'play_addr': {'uri': 'v0d00fg10000d3ahsvvog65jvbhf7g30', 'url_list': ['https://v5-dy-o-abtest.zjcdn.com/8bc05dc7e8ff369b5b2081e6ce6a20ce/68f79575/video/tos/cn/tos-cn-vd-0026/owM7nqEGXA9MXqahBczfvIARDfAeFBAgnCARjA/media-video-hvc1/?a=6383&ch=0&cr=8&dr=0&er=1&lr=default&cd=0%7C0%7C0%7C3&cv=1&br=177&bt=177&cs=4&ds=4&mime_type=video_mp4&qs=15&rc=ZjVoZDwzO2Q1Nzk8OmhlOEBpM2ppZW05cnlrNjMzNGkzM0BgYDBiLmMuNS8xMTAtLzIwYSMwNGVzMmRzcF5hLS1kLWFzcw%3D%3D&btag=80000e00028000&cquery=101r_100o&dy_q=1760969609&l=20251020221329FF810B6B17C3D024C6A3', 'https://v5-dy-o-abtest.zjcdn.com/8bc05dc7e8ff369b5b2081e6ce6a20ce/68f79575/video/tos/cn/tos-cn-vd-0026/owM7nqEGXA9MXqahBczfvIARDfAeFBAgnCARjA/media-video-hvc1/?a=6383&ch=0&cr=8&dr=0&er=1&lr=default&cd=0%7C0%7C0%7C3&cv=1&br=177&bt=177&cs=4&ds=4&mime_type=video_mp4&qs=15&rc=ZjVoZDwzO2Q1Nzk8OmhlOEBpM2ppZW05cnlrNjMzNGkzM0BgYDBiLmMuNS8xMTAtLzIwYSMwNGVzMmRzcF5hLS1kLWFzcw%3D%3D&btag=80000e00028000&cquery=101r_100o&dy_q=1760969609&l=20251020221329FF810B6B17C3D024C6A3', 'https://www.douyin.com/aweme/v1/play/dash/?video_id=v0d00fg10000d3ahsvvog65jvbhf7g30&line=0&file_id=355b2e07394644228a18f019ea3ec2cc&sign=91efa1395643c89c66a822a1c64ef361&is_play_url=1&source=PackSourceEnum_PUBLISH'], 'width': 1080, 'height': 1920, 'url_key': 'v0d00fg10000d3ahsvvog65jvbhf7g30_bytevc1_1080p_181439', 'data_size': 2451689, 'file_hash': '91efa1395643c89c66a822a1c64ef361'}, 'is_h265': 1, 'is_bytevc1': 1, 'HDR_type': '', 'HDR_bit': '', 'FPS': 30, 'video_extra': '{"PktOffsetMap":"","format":"dash","sub_info":"{\\"audio_channels\\":\\"2.0\\",\\"audio_layout\\":\\"C\\",\\"audio_sample_rate\\":\\"44100\\",\\"base_range_info\\":{\\"first_moof_range\\":\\"1352-3131\\",\\"index_range\\":\\"1128-1351\\",\\"init_range\\":\\"0-1127\\"},\\"check_info\\":{\\"check_info\\":\\"a:v0d00fg10000d3ahsvvog65jvbhf7g30|b:0-1351-35122c5ef9d8b829c35736f8bb5c010c|c:0-1351-e718\\"},\\"first_segment_range\\":\\"1352-124666\\",\\"gear_des_key\\":\\"0:DASH|1:normal|2:h265_hvc1|4:1080p|5:adapt_lowest|10000:105\\",\\"quality_type\\":2}","definition":"1080p","quality":"adapt_lowest","quality_desc":"","file_id":"355b2e07394644228a18f019ea3ec2cc","real_bitrate":233139,"audio_file_id":"9cbacb9b32409363767a4f1e77ed76f9","applog_map":{"feature_id":"b38008770b4e09863331b14b26bcdc23"},"mvmaf":"{\\"mvmaf_sr_v1080\\":99.212,\\"mvmaf_sr_v960\\":99.258,\\"mvmaf_sr_v864\\":99.348,\\"mvmaf_sr_v720\\":99.485,\\"mvmaf_ori_v1080\\":92.867,\\"mvmaf_ori_v960\\":93.423,\\"mvmaf_ori_v864\\":93.9,\\"mvmaf_ori_v720\\":94.709}","audio_metrics":null,"audio_score":null}', 'format': 'dash'}, {'gear_name': 'adapt_lowest_720_1', 'quality_type': 15, 'bit_rate': 178744, 'play_addr': {'uri': 'v0d00fg10000d3ahsvvog65jvbhf7g30', 'url_list': ['https://v5-dy-o-abtest.zjcdn.com/645b841f3f23abfcbac4a52fddb53eb1/68f79575/video/tos/cn/tos-cn-vd-0026/oYfjEzAhLEAveAuRAGAggQIVfzBDtCBawDn7qF/media-video-hvc1/?a=6383&ch=0&cr=8&dr=0&er=1&lr=default&cd=0%7C0%7C0%7C3&cv=1&br=174&bt=174&cs=4&ds=3&mime_type=video_mp4&qs=15&rc=OjQ8NWU3ZDRoOjc3NDo1ZUBpM2ppZW05cnlrNjMzNGkzM0AxNTFjL2MyNTUxYDQyMjVgYSMwNGVzMmRzcF5hLS1kLWFzcw%3D%3D&btag=80000e00028000&cquery=101r_100o&dy_q=1760969609&l=20251020221329FF810B6B17C3D024C6A3', 'https://v5-dy-o-abtest.zjcdn.com/645b841f3f23abfcbac4a52fddb53eb1/68f79575/video/tos/cn/tos-cn-vd-0026/oYfjEzAhLEAveAuRAGAggQIVfzBDtCBawDn7qF/media-video-hvc1/?a=6383&ch=0&cr=8&dr=0&er=1&lr=default&cd=0%7C0%7C0%7C3&cv=1&br=174&bt=174&cs=4&ds=3&mime_type=video_mp4&qs=15&rc=OjQ8NWU3ZDRoOjc3NDo1ZUBpM2ppZW05cnlrNjMzNGkzM0AxNTFjL2MyNTUxYDQyMjVgYSMwNGVzMmRzcF5hLS1kLWFzcw%3D%3D&btag=80000e00028000&cquery=101r_100o&dy_q=1760969609&l=20251020221329FF810B6B17C3D024C6A3', 'https://www.douyin.com/aweme/v1/play/dash/?video_id=v0d00fg10000d3ahsvvog65jvbhf7g30&line=0&file_id=cb82575174c4478e815af42bf2498147&sign=46accce15f0c775c9968aec17a66a5d2&is_play_url=1&source=PackSourceEnum_PUBLISH'], 'width': 720, 'height': 1280, 'url_key': 'v0d00fg10000d3ahsvvog65jvbhf7g30_bytevc1_720p_178744', 'data_size': 2415282, 'file_hash': '46accce15f0c775c9968aec17a66a5d2'}, 'is_h265': 1, 'is_bytevc1': 1, 'HDR_type': '', 'HDR_bit': '', 'FPS': 30, 'video_extra': '{"PktOffsetMap":"","format":"dash","sub_info":"{\\"audio_channels\\":\\"2.0\\",\\"audio_layout\\":\\"C\\",\\"audio_sample_rate\\":\\"44100\\",\\"base_range_info\\":{\\"first_moof_range\\":\\"1353-3132\\",\\"index_range\\":\\"1129-1352\\",\\"init_range\\":\\"0-1128\\"},\\"check_info\\":{\\"check_info\\":\\"a:v0d00fg10000d3ahsvvog65jvbhf7g30|b:0-1352-c41cc5e09c25df8f72927361be65985d|c:0-1352-3cf0\\"},\\"first_segment_range\\":\\"1353-126249\\",\\"gear_des_key\\":\\"0:DASH|1:normal|2:h265_hvc1|4:720p|5:adapt_lowest|10000:105\\",\\"quality_type\\":15}","definition":"720p","quality":"adapt_lowest","quality_desc":"","file_id":"cb82575174c4478e815af42bf2498147","real_bitrate":230444,"audio_file_id":"9cbacb9b32409363767a4f1e77ed76f9","applog_map":{"feature_id":"b38008770b4e09863331b14b26bcdc23"},"mvmaf":"{\\"mvmaf_sr_v1080\\":98.711,\\"mvmaf_sr_v960\\":99.472,\\"mvmaf_sr_v864\\":99.642,\\"mvmaf_sr_v720\\":99.877,\\"mvmaf_ori_v1080\\":89.01,\\"mvmaf_ori_v960\\":91.371,\\"mvmaf_ori_v864\\":92.758,\\"mvmaf_ori_v720\\":95.404}","ufq":"{\\"enh\\":94.499,\\"playback\\":{\\"ori\\":87.509,\\"srv1\\":93.729},\\"src\\":94.499,\\"trans\\":87.509,\\"version\\":\\"v1.0\\"}","audio_metrics":null,"audio_score":null}', 'format': 'dash'}, {'gear_name': 'adapt_540_1', 'quality_type': 28, 'bit_rate': 154519, 'play_addr': {'uri': 'v0d00fg10000d3ahsvvog65jvbhf7g30', 'url_list': ['https://v5-dy-o-abtest.zjcdn.com/f43559f18a980a1f8de5b9b94a0022bc/68f79575/video/tos/cn/tos-cn-vd-0026/okALQjpeDgDSGVnzAzFAau7fwCfiRABIEkAuBq/media-video-hvc1/?a=6383&ch=0&cr=8&dr=0&er=1&lr=default&cd=0%7C0%7C0%7C3&cv=1&br=150&bt=150&cs=4&ds=6&mime_type=video_mp4&qs=11&rc=OWQ2NzxlNjM2Ozo7OjU3OEBpM2ppZW05cnlrNjMzNGkzM0AyMzYvNTIvNS8xYy8zMWI2YSMwNGVzMmRzcF5hLS1kLWFzcw%3D%3D&btag=80000e00028000&cquery=100o_101r&dy_q=1760969609&l=20251020221329FF810B6B17C3D024C6A3', 'https://v5-dy-o-abtest.zjcdn.com/f43559f18a980a1f8de5b9b94a0022bc/68f79575/video/tos/cn/tos-cn-vd-0026/okALQjpeDgDSGVnzAzFAau7fwCfiRABIEkAuBq/media-video-hvc1/?a=6383&ch=0&cr=8&dr=0&er=1&lr=default&cd=0%7C0%7C0%7C3&cv=1&br=150&bt=150&cs=4&ds=6&mime_type=video_mp4&qs=11&rc=OWQ2NzxlNjM2Ozo7OjU3OEBpM2ppZW05cnlrNjMzNGkzM0AyMzYvNTIvNS8xYy8zMWI2YSMwNGVzMmRzcF5hLS1kLWFzcw%3D%3D&btag=80000e00028000&cquery=101r_100o&dy_q=1760969609&l=20251020221329FF810B6B17C3D024C6A3', 'https://www.douyin.com/aweme/v1/play/dash/?video_id=v0d00fg10000d3ahsvvog65jvbhf7g30&line=0&file_id=95e4426728f7482380235b8924936a56&sign=8b5eeeebf3e4beb555c600ee0e64b623&is_play_url=1&source=PackSourceEnum_PUBLISH'], 'width': 576, 'height': 1024, 'url_key': 'v0d00fg10000d3ahsvvog65jvbhf7g30_bytevc1_540p_154519', 'data_size': 2087932, 'file_hash': '8b5eeeebf3e4beb555c600ee0e64b623'}, 'is_h265': 1, 'is_bytevc1': 1, 'HDR_type': '', 'HDR_bit': '', 'FPS': 30, 'video_extra': '{"PktOffsetMap":"","format":"dash","sub_info":"{\\"audio_channels\\":\\"2.0\\",\\"audio_layout\\":\\"C\\",\\"audio_sample_rate\\":\\"44100\\",\\"base_range_info\\":{\\"first_moof_range\\":\\"1353-3132\\",\\"index_range\\":\\"1129-1352\\",\\"init_range\\":\\"0-1128\\"},\\"check_info\\":{\\"check_info\\":\\"a:v0d00fg10000d3ahsvvog65jvbhf7g30|b:0-1352-34f89e250e926af81db3108c950dc987|c:0-1352-d18c\\"},\\"first_segment_range\\":\\"1353-107648\\",\\"gear_des_key\\":\\"0:DASH|1:normal|2:h265_hvc1|4:540p|5:adapt|10000:105\\",\\"quality_type\\":28}","definition":"540p","quality":"adapt","quality_desc":"","file_id":"95e4426728f7482380235b8924936a56","real_bitrate":209435,"audio_file_id":"9cbacb9b32409363767a4f1e77ed76f9","applog_map":{"feature_id":"b38008770b4e09863331b14b26bcdc23"},"mvmaf":"{\\"mvmaf_sr_v1080\\":96.741,\\"mvmaf_sr_v960\\":98.4,\\"mvmaf_sr_v864\\":98.844,\\"mvmaf_sr_v720\\":99.387,\\"mvmaf_ori_v1080\\":84.209,\\"mvmaf_ori_v960\\":87.196,\\"mvmaf_ori_v864\\":88.696,\\"mvmaf_ori_v720\\":91.884}","ufq":"{\\"enh\\":94.499,\\"playback\\":{\\"ori\\":82.906,\\"srv1\\":93.335},\\"src\\":94.499,\\"trans\\":82.906,\\"version\\":\\"v1.0\\"}","audio_metrics":null,"audio_score":null}', 'format': 'dash'}], 'duration': 108113, 'play_addr_265': {'uri': 'v0d00fg10000d3ahsvvog65jvbhf7g30', 'url_list': ['https://v5-dy-o-abtest.zjcdn.com/3e631c08f79147920c551fce76cd0aed/68f66e25/video/tos/cn/tos-cn-ve-15/oQIsVRzBwCjC2A7unLEAzFEBzQDOwqQmefGfSa/?a=6383&ch=10010&cr=3&dr=0&lr=all&cd=0%7C0%7C0%7C3&cv=1&br=204&bt=204&cs=2&ds=6&ft=c2YTctGHQPRUZxfusdr~kwPqYldQIKDEE-TerrNqq_45a&mime_type=video_mp4&qs=11&rc=Z2U7MzdkNTY8Ozo1NjU5aEBpM2ppZW05cnlrNjMzNGkzM0AwMmMyLTVeXy8xMS8vMmBeYSMwNGVzMmRzcF5hLS1kLWFzcw%3D%3D&btag=80000e00028000&cquery=101r_100B_100H_100K_100o&dy_q=1760969609&feature_id=b38008770b4e09863331b14b26bcdc23&l=20251020221329FF810B6B17C3D024C6A3', 'https://v5-dy-o-abtest.zjcdn.com/3e631c08f79147920c551fce76cd0aed/68f66e25/video/tos/cn/tos-cn-ve-15/oQIsVRzBwCjC2A7unLEAzFEBzQDOwqQmefGfSa/?a=6383&ch=10010&cr=3&dr=0&lr=all&cd=0%7C0%7C0%7C3&cv=1&br=204&bt=204&cs=2&ds=6&ft=c2YTctGHQPRUZxfusdr~kwPqYldQIKDEE-TerrNqq_45a&mime_type=video_mp4&qs=11&rc=Z2U7MzdkNTY8Ozo1NjU5aEBpM2ppZW05cnlrNjMzNGkzM0AwMmMyLTVeXy8xMS8vMmBeYSMwNGVzMmRzcF5hLS1kLWFzcw%3D%3D&btag=80000e00028000&cquery=100B_100H_100K_100o_101r&dy_q=1760969609&feature_id=b38008770b4e09863331b14b26bcdc23&l=20251020221329FF810B6B17C3D024C6A3', 'https://www.douyin.com/aweme/v1/play/?video_id=v0d00fg10000d3ahsvvog65jvbhf7g30&line=0&file_id=aec6522322474829b3a28a0450f85b3d&sign=f984b41b2cb73375ec582bcd275a482c&is_play_url=1&source=PackSourceEnum_PUBLISH'], 'width': 576, 'height': 1024, 'url_key': 'v0d00fg10000d3ahsvvog65jvbhf7g30_bytevc1_540p_209435', 'data_size': 2830339, 'file_hash': 'f984b41b2cb73375ec582bcd275a482c', 'file_cs': 'c:0-90574-5e68|a:v0d00fg10000d3ahsvvog65jvbhf7g30'}, 'bit_rate_audio': [{'audio_meta': {'url_list': {'main_url': 'https://v5-dy-o-abtest.zjcdn.com/4bbd07e3fd1255a4d7ccdb9955f68aca/68f79575/video/tos/cn/tos-cn-vd-0026/owM7nqEGXA9MXqahBczfvIARDfAeFBAgnCARjA/media-audio-und-mp4a/?a=6383&ch=0&cr=8&dr=0&er=1&lr=default&cd=0%7C0%7C0%7C3&cv=1&br=50&bt=50&cs=4&mime_type=video_mp4&qs=15&rc=PDlnOmhpZDk2NjM1ZWVkZkBpM2ppZW05cnlrNjMzNGkzM0BjNGI0LjE0NDM2MTA2YF82YSMwNGVzMmRzcF5hLS1kLWFzcw%3D%3D&btag=80000e00028000&cquery=101r_100o&dy_q=1760969609&l=20251020221329FF810B6B17C3D024C6A3', 'backup_url': 'https://v5-dy-o-abtest.zjcdn.com/4bbd07e3fd1255a4d7ccdb9955f68aca/68f79575/video/tos/cn/tos-cn-vd-0026/owM7nqEGXA9MXqahBczfvIARDfAeFBAgnCARjA/media-audio-und-mp4a/?a=6383&ch=0&cr=8&dr=0&er=1&lr=default&cd=0%7C0%7C0%7C3&cv=1&br=50&bt=50&cs=4&mime_type=video_mp4&qs=15&rc=PDlnOmhpZDk2NjM1ZWVkZkBpM2ppZW05cnlrNjMzNGkzM0BjNGI0LjE0NDM2MTA2YF82YSMwNGVzMmRzcF5hLS1kLWFzcw%3D%3D&btag=80000e00028000&cquery=101r_100o&dy_q=1760969609&l=20251020221329FF810B6B17C3D024C6A3', 'fallback_url': 'https://www.douyin.com/aweme/v1/play/dash/?video_id=v0d00fg10000d3ahsvvog65jvbhf7g30&line=0&file_id=9cbacb9b32409363767a4f1e77ed76f9&sign=9cbacb9b32409363767a4f1e77ed76f9&is_play_url=1&source=PackSourceEnum_PUBLISH'}, 'encoded_type': 'normal', 'media_type': 'audio', 'logo_type': '', 'quality': 'adapt_lowest', 'quality_desc': '', 'format': 'dash', 'bitrate': 51700, 'codec_type': 'bytevc1', 'size': 698677, 'fps': 0, 'file_id': '9cbacb9b32409363767a4f1e77ed76f9', 'file_hash': '9cbacb9b32409363767a4f1e77ed76f9', 'sub_info': '{"audio_channels":"2.0","audio_layout":"C","audio_sample_rate":"44100","base_range_info":{"index_range":"866-1101","init_range":"0-865"},"check_info":{"check_info":"a:v0d00fg10000d3ahsvvog65jvbhf7g30|b:0-1101-33009696d15b13cc07a3850ce7094919|c:0-1101-6c53"},"first_segment_range":"1102-45441","gear_des_key":"0:dash|1:normal|2:bytevc1|5:adapt_lowest|10000:105"}'}, 'audio_quality': 5, 'audio_extra': '{"real_bitrate":236340}'}], 'play_addr_h264': {'uri': 'v0d00fg10000d3ahsvvog65jvbhf7g30', 'url_list': ['https://v5-dy-o-abtest.zjcdn.com/f53fc217cef68adbd41928c7f08b2bc5/68f66e25/video/tos/cn/tos-cn-ve-15/oIGVQfwuDBbRF0LBfVEIjPIDqCaEeGzAnE7tzA/?a=6383&ch=10010&cr=3&dr=0&lr=all&cd=0%7C0%7C0%7C3&cv=1&br=516&bt=516&cs=0&ds=3&ft=c2YTctGHQPRUZxfusdr~kwPqYldQIKDEE-TerrNqq_45a&mime_type=video_mp4&qs=0&rc=PGgzN2c1ZTk2MztpZjk0aEBpM2ppZW05cnlrNjMzNGkzM0AzMDMtMl8vXi4xLjAxNjIuYSMwNGVzMmRzcF5hLS1kLWFzcw%3D%3D&btag=80000e00028000&cquery=101r_100B_100H_100K_100o&dy_q=1760969609&feature_id=fea919893f650a8c49286568590446ef&l=20251020221329FF810B6B17C3D024C6A3', 'https://v5-dy-o-abtest.zjcdn.com/f53fc217cef68adbd41928c7f08b2bc5/68f66e25/video/tos/cn/tos-cn-ve-15/oIGVQfwuDBbRF0LBfVEIjPIDqCaEeGzAnE7tzA/?a=6383&ch=10010&cr=3&dr=0&lr=all&cd=0%7C0%7C0%7C3&cv=1&br=516&bt=516&cs=0&ds=3&ft=c2YTctGHQPRUZxfusdr~kwPqYldQIKDEE-TerrNqq_45a&mime_type=video_mp4&qs=0&rc=PGgzN2c1ZTk2MztpZjk0aEBpM2ppZW05cnlrNjMzNGkzM0AzMDMtMl8vXi4xLjAxNjIuYSMwNGVzMmRzcF5hLS1kLWFzcw%3D%3D&btag=80000e00028000&cquery=100B_100H_100K_100o_101r&dy_q=1760969609&feature_id=fea919893f650a8c49286568590446ef&l=20251020221329FF810B6B17C3D024C6A3', 'https://www.douyin.com/aweme/v1/play/?video_id=v0d00fg10000d3ahsvvog65jvbhf7g30&line=0&file_id=1e51964c3f184013a62bb25d04603e69&sign=76d5f7aa504b61383ec348de5b8bb180&is_play_url=1&source=PackSourceEnum_PUBLISH'], 'width': 720, 'height': 1280, 'url_key': 'v0d00fg10000d3ahsvvog65jvbhf7g30_h264_720p_529113', 'data_size': 7150512, 'file_hash': '76d5f7aa504b61383ec348de5b8bb180', 'file_cs': 'c:0-118893-e58b|a:v0d00fg10000d3ahsvvog65jvbhf7g30'}, 'raw_cover': {'uri': 'tos-cn-i-dy/86da6e8b89bb41229454a0dcd1376b54', 'url_list': ['https://p3-pc-sign.douyinpic.com/tos-cn-i-dy/86da6e8b89bb41229454a0dcd1376b54~tplv-dy-cropcenter:323:430.jpeg?lk3s=138a59ce&x-expires=2076328800&x-signature=CVJ%2BV2tkMY%2FTye4xi7isI4J8Fk4%3D&from=327834062&s=PackSourceEnum_PUBLISH&se=true&sh=323_430&sc=cover&biz_tag=pcweb_cover&l=20251020221329FF810B6B17C3D024C6A3', 'https://p3-pc-sign.douyinpic.com/obj/tos-cn-i-dy/86da6e8b89bb41229454a0dcd1376b54?lk3s=138a59ce&x-expires=2076328800&x-signature=YC4RkaZoyxm9UztpOwFrByvnHHQ%3D&from=327834062&s=PackSourceEnum_PUBLISH&se=false&sc=cover&biz_tag=pcweb_cover&l=20251020221329FF810B6B17C3D024C6A3'], 'width': 720, 'height': 720}, 'is_long_video': 1, 'animated_cover': {'uri': 'tos-cn-i-dy/86da6e8b89bb41229454a0dcd1376b54', 'url_list': ['https://p9-pc-sign.douyinpic.com/obj/tos-cn-i-dy/86da6e8b89bb41229454a0dcd1376b54?lk3s=138a59ce&x-expires=1762178400&x-signature=jieEZr4qLe10sQ5rqJB6R4V%2BMrk%3D&from=327834062_large&s=PackSourceEnum_PUBLISH&se=false&sc=dynamic_cover&biz_tag=pcweb_cover&l=20251020221329FF810B6B17C3D024C6A3', 'https://p3-pc-sign.douyinpic.com/obj/tos-cn-i-dy/86da6e8b89bb41229454a0dcd1376b54?lk3s=138a59ce&x-expires=1762178400&x-signature=t3NlF3p6em5gTzGREJntdcEVXYg%3D&from=327834062_large&s=PackSourceEnum_PUBLISH&se=false&sc=dynamic_cover&biz_tag=pcweb_cover&l=20251020221329FF810B6B17C3D024C6A3']}, 'gaussian_cover': {'uri': 'tos-cn-p-0015/oIVGnFC7aDRzqLBzIAzuA1AzIfwfenBEXiIujA', 'url_list': ['https://p3-pc-sign.douyinpic.com/tos-cn-p-0015/oIVGnFC7aDRzqLBzIAzuA1AzIfwfenBEXiIujA~tplv-tsj2vxp0zn-gaosi:40.jpeg?lk3s=138a59ce&x-expires=1792504800&x-signature=NxF9yQdNLnLnWKYwVL0v8u27l50%3D&from=327834062', 'https://p9-pc-sign.douyinpic.com/tos-cn-p-0015/oIVGnFC7aDRzqLBzIAzuA1AzIfwfenBEXiIujA~tplv-tsj2vxp0zn-gaosi:40.jpeg?lk3s=138a59ce&x-expires=1792504800&x-signature=nFx1jBHhpk1srV9GeCUI2YSYwVs%3D&from=327834062'], 'width': 720, 'height': 720}, 'meta': '{"enable_manual_ladder":"1","format":"mp4","gear_vqm":"{\\"1080p_720p\\":0,\\"720p_540p\\":2}","hrids":"500000002","is_spatial_video":"0","isad":"0","loudness":"-21","peak":"0.80353","qprf":"1.000","sdgs":"[\\"normal_720_0\\",\\"low_720_0\\",\\"low_540_0\\",\\"adapt_low_540_0\\",\\"adapt_lowest_1080_1\\",\\"adapt_lowest_720_1\\",\\"adapt_540_1\\"]","sr_potential":"{\\"v1.0\\":{\\"score\\":62.805}}","sr_score":"1.000","strategy_tokens":"[\\"online\\",\\"sexp_0701_0819\\",\\"sexp_reward02_0721\\",\\"sexp_reward01_0721\\",\\"sexp_0702_0819\\"]","title_info":"{\\"avg_br_pc\\":220,\\"bottom_res_add\\":[0,0.18,0,27.18,43.09,0,0,0,0,0,0,0,0,0,0],\\"bullet_zone\\":17.42,\\"mean_br_l\\":[241.35,232.78,224.31,216.35,207.43,197.8],\\"pc60_br_l\\":[244.12,235.07,225.92,218.14,208.07,196.86],\\"progress_bar\\":[244,244,244],\\"ratio_br_l\\":[244.12,235.07,225.91,217.95,207.87,196.22],\\"ratio_br_l_thre220\\":[0.99,0.78,0.59,0.47,0.39,0.34],\\"ratio_edge_l\\":[0,0,0,0.13,0.11,0.11],\\"std_br_l\\":[25.58,20.25,14.62,11.56,9.18,8.4],\\"top_res_add\\":[0,0,0,0,30.82,22.91,47.73],\\"version\\":\\"v1.0\\"}","volume_info":"{\\"LoudnessRange\\":7.8,\\"LoudnessRangeEnd\\":-17.8,\\"LoudnessRangeStart\\":-25.6,\\"MaximumMomentaryLoudness\\":-10,\\"MaximumShortTermLoudness\\":-16.7,\\"Version\\":2,\\"Loudness\\":-21,\\"Metrics\\":{\\"Loudness\\":{\\"Integrated\\":-21.025},\\"Phase\\":{\\"RMSDownmixDiff\\":-0.387},\\"RMSStats\\":{\\"LRDiff\\":0.082,\\"LTotal\\":-24.058,\\"Peak\\":-1.95,\\"RTotal\\":-24.14},\\"Version\\":\\"1.4.2\\"},\\"Peak\\":0.80353}","vqs_origin":"76.7"}', 'video_model': '', 'is_source_HDR': 0, 'use_static_cover': True, 'big_thumbs': [{'img_num': 108, 'uri': 'tos-cn-p-0015/oU2TgPEQQBARfeqfcQFaqCmnMEzX1BA9DCj7En', 'img_url': 'https://p26-sign.douyinpic.com/tos-cn-p-0015/oU2TgPEQQBARfeqfcQFaqCmnMEzX1BA9DCj7En~tplv-noop.image?cquery=100o_101r_100B_100H_100K&dy_q=1760969609&l=20251020221329FF810B6B17C3D024C6A3&x-expires=1760980517&x-signature=HympRCOJwiTxmOv5k00Nus8ra9s%3D', 'img_x_size': 136, 'img_y_size': 240, 'img_x_len': 5, 'img_y_len': 5, 'duration': 108.1, 'interval': 1, 'fext': 'jpg', 'uris': ['tos-cn-p-0015/oU2TgPEQQBARfeqfcQFaqCmnMEzX1BA9DCj7En', 'tos-cn-p-0015/oQfXVHfABECE7nA9nKDgaRQCqQfzZI7ujFMBDc', 'tos-cn-p-0015/ocDcrEnEzQQqfFfBgaPfOXXEPnXMC7A9qRQjAB', 'tos-cn-p-0015/oECBGfjVzAF7DnTICLnEAfCaIBqFI2OuRwzeMb', 'tos-cn-p-0015/ogG7nqELL2eHEVaCBuzfIPAIDfAhFBAwzC1RjI'], 'img_urls': ['https://p26-sign.douyinpic.com/tos-cn-p-0015/oU2TgPEQQBARfeqfcQFaqCmnMEzX1BA9DCj7En~tplv-noop.image?cquery=100o_101r_100B_100H_100K&dy_q=1760969609&l=20251020221329FF810B6B17C3D024C6A3&x-expires=1760980517&x-signature=HympRCOJwiTxmOv5k00Nus8ra9s%3D', 'https://p26-sign.douyinpic.com/tos-cn-p-0015/oQfXVHfABECE7nA9nKDgaRQCqQfzZI7ujFMBDc~tplv-noop.image?cquery=100o_101r_100B_100H_100K&dy_q=1760969609&l=20251020221329FF810B6B17C3D024C6A3&x-expires=1760980517&x-signature=Dhu326XPKSrJKk%2BLn7tFJESdK10%3D', 'https://p26-sign.douyinpic.com/tos-cn-p-0015/ocDcrEnEzQQqfFfBgaPfOXXEPnXMC7A9qRQjAB~tplv-noop.image?cquery=100H_100K_100o_101r_100B&dy_q=1760969609&l=20251020221329FF810B6B17C3D024C6A3&x-expires=1760980517&x-signature=F5kHhTAB1BajShEWy1EMn3IU694%3D', 'https://p26-sign.douyinpic.com/tos-cn-p-0015/oECBGfjVzAF7DnTICLnEAfCaIBqFI2OuRwzeMb~tplv-noop.image?cquery=101r_100B_100H_100K_100o&dy_q=1760969609&l=20251020221329FF810B6B17C3D024C6A3&x-expires=1760980517&x-signature=grwfU%2Bqtbj5PGOuPzbn5gjAr9fE%3D', 'https://p26-sign.douyinpic.com/tos-cn-p-0015/ogG7nqELL2eHEVaCBuzfIPAIDfAhFBAwzC1RjI~tplv-noop.image?cquery=101r_100B_100H_100K_100o&dy_q=1760969609&l=20251020221329FF810B6B17C3D024C6A3&x-expires=1760980517&x-signature=yH8iQahb%2BgEuWkL%2FoyqZ8He8XQI%3D']}]}, 'item_aigc_follow_shot': 1, 'user_digged': 0, 'statistics': {'recommend_count': 1, 'comment_count': 0, 'digg_count': 29, 'admire_count': 0, 'play_count': 0, 'share_count': 15, 'collect_count': 5}, 'status': {'not_allow_soft_del_reason': 'ab', 'is_delete': False, 'allow_share': True, 'review_result': {'review_status': 0}, 'allow_friend_recommend_guide': True, 'part_see': 0, 'private_status': 0, 'listen_video_status': 2, 'in_reviewing': False, 'allow_self_recommend_to_friend': True, 'allow_friend_recommend': True, 'is_prohibited': False, 'enable_soft_delete': 0}, 'ent_log_extra': {'log_extra': '{"global_log_extra":null,"page_log_extra":null,"aweme_log_extra":{"ce_current_group_id":"7553979109831937330","author_id":"1965574329213736"},"extra_log_extra":null}'}, 'text_extra': [], 'is_top': 0, 'publish_plus_alienation': {'alienation_type': 0}, 'share_info': {'share_url': 'https://www.iesdouyin.com/share/video/7553979109831937330/?region=US&mid=7553979167862164250&u_code=0&did=MS4wLjABAAAAvCMmrvAxedjvycgJ9K0iX5KdtDHpyq-etIWoeicy6xniB0XMxRYv3S-CyP_GdsPs&iid=MS4wLjABAAAANwkJuWIRFOzg5uCpDRpMj4OX-QryoDgn-yYlXQnRwQQ&with_sec_did=1&video_share_track_ver=&titleType=title&share_sign=m_hNGC8pg2htO2CilbFHtGV9tNnpxpyuIR5PqwUKnfI-&share_version=290100&ts=1760969609&from_aid=6383&from_ssr=1&share_track_info=%7B%22link_description_type%22%3A%22%22%7D', 'share_link_desc': '7.92 s@r.Rk TLw:/ 09/11 一句话成孩子的恐惧来源 “再哭就不接你”你以为是管用的‘妙招’，但在孩子心里是“死亡的威胁” # 幼儿教育# 父母课堂# 育儿# 亲子关系# 家庭教育# 孙瑞雪  %s 复制此链接，打开Dou音搜索，直接观看视频！'}, 'nearby_hot_comment': None, 'video_labels': None, 'entertainment_video_type': 3, 'is_ads': False, 'duration': 108113, 'aweme_type': 0, 'select_anchor_expanded_content': 0, 'ai_follow_images': None, 'image_infos': None, 'risk_infos': {'vote': False, 'warn': False, 'risk_sink': False, 'type': 0, 'content': ''}, 'entertainment_video_paid_way': {'paid_ways': [], 'paid_type': 0, 'enable_use_new_ent_data': False}, 'flash_mob_trends': 0, 'position': None, 'uniqid_position': None, 'comment_list': None, 'author_user_id': 1965574329213736, 'product_genre_info': {'product_genre_type': 2, 'material_genre_sub_type_set': [4], 'special_info': {'recommend_group_name': 0}}, 'geofencing': [], 'series_basic_info': {}, 'is_moment_history': 0, 'region': '', 'video_text': None, 'recommend_chapter_info': {'recommend_chapter_list': [{'desc': '“再哭就不接你”的威胁', 'timestamp': 1000, 'detail': '“再哭就不接你”对孩子来说是一种死亡威胁，会让他们立刻停止哭泣。', 'points': None}, {'desc': '大人的威胁', 'timestamp': 39500, 'detail': '大人常用类似威胁让孩子安静，如“警察叔叔会把你抓走”。', 'points': None}, {'desc': '儿童的感受', 'timestamp': 53000, 'detail': '孩子在无助时会感受到威胁，他们的理解比大人更深刻、敏感。', 'points': None}, {'desc': '结语', 'timestamp': 101000, 'detail': '这种语言会给孩子带来巨大创伤。', 'points': None}], 'chapter_recommend_type': 1, 'chapter_abstract': '“再哭就不接你”这句话对孩子来说是一种死亡威胁，会让他们感到被抛弃和恐惧。孩子在无助时会更容易受到威胁，这种语言可能会给他们带来巨大的创伤。因此，家长应该避免使用这种威胁性的语言，而是用更温和的方式引导孩子。', 'chapter_recommend_source': 2, 'push_scene': [], 'chapter_bar_color': None}, 'collect_stat': 0, 'label_top_text': None, 'promotions': [], 'group_id': '7553979109831937330', 'prevent_download': False, 'nickname_position': None, 'challenge_position': None, 'shoot_way': '', 'is_24_story': 0, 'enable_comment_sticker_rec': False, 'long_video': None, 'trends_event_track': '{}', 'aweme_listen_struct': {'trace_info': '{"copyright_not_speech":"false","copyright_reason":"has_listen_cp_new","copyright_tag_hit":"","copyright_use_aed_default":"false","copyright_use_tag_default":"false","cp_ab":"true","desc":"","duration_over":"false","hit_high_risk":"false","media_type":"4","reason":"hit_ab_0","show":"false"}'}, 'video_share_edit_status': 0, 'follow_shoot_clip_info': {'clip_video_all': 7553979167862164250, 'clip_from_user': 7553979167862164250}, 'interaction_stickers': None, 'mv_info': None, 'origin_comment_ids': None, 'commerce_config_data': None, 'caption_template_id': 0, 'video_control': {'allow_download': False, 'share_type': 0, 'show_progress_bar': 1, 'draft_progress_bar': 1, 'allow_duet': True, 'allow_react': False, 'prevent_download_type': 2, 'allow_dynamic_wallpaper': False, 'timer_status': 1, 'allow_music': True, 'allow_stitch': False, 'allow_douplus': True, 'allow_share': True, 'share_grayed': False, 'download_ignore_visibility': False, 'duet_ignore_visibility': False, 'share_ignore_visibility': False, 'download_info': {'level': 1, 'fail_info': {'code': 290002, 'reason': 'isolation_content', 'msg': '视频暂时无法保存，链接已复制'}}, 'duet_info': {'level': 0}, 'allow_record': True, 'disable_record_reason': '', 'timer_info': {'public_time': 1758805200, 'timer_status': 0}}, 'aweme_control': {'can_forward': True, 'can_share': True, 'can_comment': True, 'can_show_comment': True}, 'douplus_user_type': 0, 'is_25_story': 0, 'origin_duet_resource_uri': '', 'is_moment_story': 0, 'anchors': None, 'hybrid_label': None, 'geofencing_regions': None, 'interest_points': None, 'aweme_acl': {'download_mask_panel': {'code': 1, 'show_type': 0}}, 'personal_page_botton_diagnose_style': 0, 'is_story': 0, 'game_tag_info': {'is_game': False}, 'chapter_bar_color': None, 'follow_shot_assets': None, 'cover_labels': None, 'is_new_text_mode': 0, 'can_cache_to_local': True, 'guide_btn_type': 0, 'is_from_ad_auth': False, 'aweme_type_tags': '', 'images': None, 'relation_labels': None, 'cf_assets_type': 0, 'impression_data': {'group_id_list_a': [], 'group_id_list_b': [], 'similar_id_list_a': None, 'similar_id_list_b': None, 'group_id_list_c': [], 'group_id_list_d': []}, 'component_control': {'data_source_url': '/aweme/v1/web/aweme/post/'}, 'trends_infos': None, 'libfinsert_task_id': '', 'social_tag_list': None, 'suggest_words': {'suggest_words': [{'words': [{'word': '引导孩子不哭方法', 'word_id': '7462379383714780443', 'info': '{"End":0,"Start":0,"ecpm_boost_tag":false,"log_pb":"","qrec_for_search":"{}"}'}], 'scene': 'comment_top_rec', 'icon_url': '', 'hint_text': '大家都在搜：', 'extra_info': '{"resp_from":"hit_cache"}'}, {'words': [{'word': '引导孩子不哭方法', 'word_id': '7462379383714780443', 'info': '{"End":0,"Start":0,"ecpm_boost_tag":false,"log_pb":"","qrec_for_search":"{}"}'}], 'scene': 'detail_inbox_rex', 'icon_url': '', 'hint_text': '', 'extra_info': '{"resp_from":"hit_cache"}'}]}, 'show_follow_button': {}, 'duet_aggregate_in_music_tab': False, 'is_duet_sing': False, 'comment_permission_info': {'comment_permission_status': 0, 'can_comment': True, 'item_detail_entry': False, 'press_entry': False, 'toast_guide': False}, 'original_images': None, 'series_paid_info': {'series_paid_status': 0, 'item_price': 0}, 'img_bitrate': None, 'comment_gid': 7553979109831937330, 'image_album_music_info': {'begin_time': -1, 'end_time': -1, 'volume': -1}, 'video_tag': [{'tag_id': 2024, 'tag_name': '亲子', 'level': 1}, {'tag_id': 2024006, 'tag_name': '母婴', 'level': 2}, {'tag_id': 2024006003, 'tag_name': '育儿知识', 'level': 3}], 'is_collects_selected': 0, 'chapter_list': None, 'feed_comment_config': {'input_config_text': '善语结善缘，恶言伤人心', 'author_audit_status': 0, 'common_flags': '{"item_author_nickname":"孙瑞雪聊教育","video_labels_v2_tag1":"母婴","video_labels_v2_tag2":"育儿理念"}'}, 'is_image_beat': False, 'dislike_dimension_list': None, 'standard_bar_info_list': None, 'photo_search_entrance': {'ecom_type': 0}, 'is_life_item': False, 'image_list': None, 'component_info_v2': '{"desc_lines_limit":0,"hide_marquee":false}', 'item_warn_notification': {'type': 0, 'show': False, 'content': ''}, 'origin_text_extra': None, 'disable_relation_bar': 0, 'packed_clips': None, 'author_mask_tag': 0, 'user_recommend_status': 1, 'collection_corner_mark': 0, 'is_share_post': False, 'image_comment': {}, 'visual_search_info': {'is_show_img_entrance': False, 'is_ecom_img': False, 'is_high_accuracy_ecom': False, 'is_high_recall_ecom': False}, 'tts_id_list': None, 'ref_tts_id_list': None, 'voice_modify_id_list': None, 'ref_voice_modify_id_list': None, 'authentication_token': 'MS4wLjAAAAAA8qe71bVtGDTM5YodMsJIH0AOzxlJGSvEB9mdAJJcR7QXd_4sjJoFrnYHlhuU2hX7We0HwsZ4jwK8uJ0RUrw1VPP9BAelIbNnyBhjXAOoc_bR3v6jBp1LyE-nVczjwYp6VCcNCxTs-ulXsqMX1wjO1srNn5JYjBk0kGWJs6FUpYCrDlfZZPy2DWxTJZ7ZLW4NzMxp0tLFnG2VwSHJ7MmyFGjuDOWvtKKpVdOM02pLQoqMIFoSD_FQjy47qlK6NeMd', 'video_game_data_channel_config': {}, 'dislike_dimension_list_v2': None, 'distribute_circle': {'distribute_type': 0, 'campus_block_interaction': False, 'is_campus': False}, 'image_crop_ctrl': 0, 'yumme_recreason': None, 'slides_music_beats': None, 'jump_tab_info_list': None, 'media_type': 4, 'reply_smart_emojis': None, 'activity_video_type': -1, 'boost_status': 0, 'create_scale_type': None, 'entertainment_product_info': {'sub_title': None, 'market_info': {'limit_free': {'in_free': False}, 'marketing_tag': None}}, 'caption': '“再哭就不接你”你以为是管用的‘妙招’，但在孩子心里是“死亡的威胁”\n\n\n#幼儿教育#父母课堂#育儿#亲子关系#家庭教育#孙瑞雪', 'item_title': '一句话成孩子的恐惧来源', 'is_use_music': False, 'original': 0, 'xigua_base_info': {'status': 0, 'star_altar_order_id': 0, 'star_altar_type': 0, 'item_id': 0}, 'mark_largely_following': False, 'friend_recommend_info': {'friend_recommend_source': 10, 'label_user_list': None, 'disable_friend_recommend_guide_label': False}}, {'aweme_id': '7553605440500796723', 'desc': '当负面情绪来了你能"看见"它吗 我们总在负面情绪里长大——不由自主冒出的消极想法、突然袭来的低落情绪...\n其实，终止情绪的开关，藏在你的"觉察"里  \n#幼儿教育#父母课堂#育儿#亲子关系#家庭教育#孙瑞雪', 'create_time': 1758718200, 'author': {'uid': '1965574329213736', 'card_entries_not_display': None, 'nickname': '孙瑞雪聊教育', 'personal_tag_list': None, 'homepage_bottom_toast': None, 'avatar_thumb': {'uri': '100x100/aweme-avatar/tos-cn-avt-0015_afee5b125df955a19af4c41159ad1295', 'url_list': ['https://p3-pc.douyinpic.com/aweme/100x100/aweme-avatar/tos-cn-avt-0015_afee5b125df955a19af4c41159ad1295.jpeg?from=327834062'], 'width': 720, 'height': 720}, 'batch_unfollow_contain_tabs': None, 'not_seen_item_id_list': None, 'follow_status': 0, 'contrail_list': None, 'story_interactive': 0, 'data_label_list': None, 'custom_verify': '', 'follower_list_secondary_information_struct': None, 'display_info': None, 'interest_tags': None, 'account_cert_info': '{}', 'user_tags': None, 'share_info': {'share_url': '', 'share_weibo_desc': '', 'share_desc': '', 'share_title': '', 'share_qrcode_url': {'uri': '31b0500316c4e154852bc', 'url_list': ['https://p3-pc-sign.douyinpic.com/obj/31b0500316c4e154852bc?lk3s=138a59ce&x-expires=1760990400&x-signature=VnOegD8kfOkclbkCT%2BIUAVSkQl4%3D&from=327834062'], 'width': 720, 'height': 720}, 'share_title_myself': '', 'share_title_other': '', 'share_desc_info': ''}, 'can_set_geofencing': None, 'sec_uid': 'MS4wLjABAAAAnAFnkWlOm9jteymsi42fanYLMzfbqdGIwCILEUqDNmFyjfK9N8fSJdS_D2UWk_we', 'need_points': None, 'enterprise_verify_reason': '', 'is_ad_fake': False, 'story_ttl': 0, 'user_permissions': None, 'card_entries': None, 'creator_tag_list': None, 'offline_info_list': None, 'text_extra': None, 'card_sort_priority': None, 'prevent_download': False, 'special_people_labels': None, 'white_cover_url': None, 'endorsement_info_list': None, 'follower_status': 0, 'profile_mob_params': None, 'familiar_visitor_user': None, 'avatar_schema_list': None, 'cover_url': [{'uri': 'c8510002be9a3a61aad2', 'url_list': ['https://p3-pc-sign.douyinpic.com/obj/c8510002be9a3a61aad2?lk3s=138a59ce&x-expires=1762178400&x-signature=bEz6E0nbTH1458RtDsUU87G74Mk%3D&from=327834062'], 'width': 720, 'height': 720}], 'cf_list': None, 'im_role_ids': None, 'not_seen_item_id_list_v2': None, 'signature_extra': None, 'risk_notice_text': '', 'ban_user_functions': None, 'profile_component_disabled': None, 'verification_permission_ids': None, 'identity_labels': None, 'private_relation_list': None, 'link_item_list': None, 'batch_unfollow_relation_desc': None}, 'music': {'id': 7553605440345541428, 'id_str': '7553605440345541428', 'title': '@孙瑞雪聊教育创作的原声', 'author': '孙瑞雪聊教育', 'album': '', 'cover_hd': {'uri': '1080x1080/aweme-avatar/tos-cn-avt-0015_afee5b125df955a19af4c41159ad1295', 'url_list': ['https://p3-pc.douyinpic.com/aweme/1080x1080/aweme-avatar/tos-cn-avt-0015_afee5b125df955a19af4c41159ad1295.jpeg?from=327834062'], 'width': 720, 'height': 720}, 'cover_large': {'uri': '1080x1080/aweme-avatar/tos-cn-avt-0015_afee5b125df955a19af4c41159ad1295', 'url_list': ['https://p3-pc.douyinpic.com/aweme/1080x1080/aweme-avatar/tos-cn-avt-0015_afee5b125df955a19af4c41159ad1295.jpeg?from=327834062'], 'width': 720, 'height': 720}, 'cover_medium': {'uri': '720x720/aweme-avatar/tos-cn-avt-0015_afee5b125df955a19af4c41159ad1295', 'url_list': ['https://p3-pc.douyinpic.com/aweme/720x720/aweme-avatar/tos-cn-avt-0015_afee5b125df955a19af4c41159ad1295.jpeg?from=327834062'], 'width': 720, 'height': 720}, 'cover_thumb': {'uri': '100x100/aweme-avatar/tos-cn-avt-0015_afee5b125df955a19af4c41159ad1295', 'url_list': ['https://p3-pc.douyinpic.com/aweme/100x100/aweme-avatar/tos-cn-avt-0015_afee5b125df955a19af4c41159ad1295.jpeg?from=327834062'], 'width': 720, 'height': 720}, 'play_url': {'uri': 'https://lf9-music-east.douyinstatic.com/obj/ies-music-hj/7553605507815131963.mp3', 'url_list': ['https://lf9-music-east.douyinstatic.com/obj/ies-music-hj/7553605507815131963.mp3', 'https://lf3-music-east.douyinstatic.com/obj/ies-music-hj/7553605507815131963.mp3'], 'width': 720, 'height': 720, 'url_key': '7553605440345541428'}, 'schema_url': '', 'source_platform': 23, 'start_time': 0, 'end_time': 0, 'duration': 51, 'extra': '{"aed_music_score":0.01,"aed_singing_score":0.01,"aggregate_exempt_conf":[],"beats":{},"cover_colors":null,"douyin_beats_info":{},"dsp_switch":0,"extract_item_id":7553605440500796723,"has_edited":0,"hit_high_follow_auto":false,"hit_high_follow_extend":false,"hit_high_follow_original":false,"hotsoon_review_time":-1,"is_aed_music":0,"is_high_follow_user":false,"is_red":0,"is_subsidy_exp":false,"music_label_id":null,"music_tagging":{"AEDs":null,"Genres":null,"Instruments":null,"Languages":null,"Moods":null,"SingingVersions":null,"Themes":null},"review_unshelve_reason":0,"reviewed":0,"schedule_search_time":0,"uniqa_speech_score":0.98,"with_aed_model":1}', 'user_count': 0, 'position': None, 'collect_stat': 0, 'status': 1, 'offline_desc': '', 'owner_id': '1965574329213736', 'owner_nickname': '孙瑞雪聊教育', 'is_original': False, 'mid': '7553605440345541428', 'binded_challenge_id': 0, 'redirect': False, 'is_restricted': False, 'author_deleted': False, 'is_del_video': False, 'is_video_self_see': False, 'owner_handle': '63566855132', 'author_position': None, 'prevent_download': False, 'unshelve_countries': None, 'prevent_item_download_status': 0, 'external_song_info': [], 'sec_uid': 'MS4wLjABAAAAnAFnkWlOm9jteymsi42fanYLMzfbqdGIwCILEUqDNmFyjfK9N8fSJdS_D2UWk_we', 'avatar_thumb': {'uri': '100x100/aweme-avatar/tos-cn-avt-0015_afee5b125df955a19af4c41159ad1295', 'url_list': ['https://p3-pc.douyinpic.com/aweme/100x100/aweme-avatar/tos-cn-avt-0015_afee5b125df955a19af4c41159ad1295.jpeg?from=327834062'], 'width': 720, 'height': 720}, 'avatar_medium': {'uri': '720x720/aweme-avatar/tos-cn-avt-0015_afee5b125df955a19af4c41159ad1295', 'url_list': ['https://p3-pc.douyinpic.com/aweme/720x720/aweme-avatar/tos-cn-avt-0015_afee5b125df955a19af4c41159ad1295.jpeg?from=327834062'], 'width': 720, 'height': 720}, 'avatar_large': {'uri': '1080x1080/aweme-avatar/tos-cn-avt-0015_afee5b125df955a19af4c41159ad1295', 'url_list': ['https://p3-pc.douyinpic.com/aweme/1080x1080/aweme-avatar/tos-cn-avt-0015_afee5b125df955a19af4c41159ad1295.jpeg?from=327834062'], 'width': 720, 'height': 720}, 'preview_start_time': 0, 'preview_end_time': 0, 'is_commerce_music': False, 'is_original_sound': True, 'audition_duration': 51, 'shoot_duration': 51, 'reason_type': 0, 'artists': [], 'lyric_short_position': None, 'mute_share': False, 'tag_list': None, 'dmv_auto_show': False, 'is_pgc': False, 'is_matched_metadata': False, 'is_audio_url_with_cookie': False, 'music_chart_ranks': None, 'can_background_play': True, 'music_status': 1, 'video_duration': 51, 'pgc_music_type': 2, 'author_status': 1, 'search_impr': {'entity_id': '7553605440345541428'}, 'artist_user_infos': None, 'dsp_status': 10, 'musician_user_infos': None, 'music_collect_count': 0, 'music_cover_atmosphere_color_value': '', 'show_origin_clip': False}, 'effect_inflow_effects': None, 'video': {'play_addr': {'uri': 'v0300fg10000d39sks7og65lhqm9ung0', 'url_list': ['https://v5-dy-o-abtest.zjcdn.com/f159bd9a3e32f3282e1bf64ba84ec4df/68f66dec/video/tos/cn/tos-cn-ve-15/oIvn75AJRQGHBFBWmCpLBuTIIJGgOeAehAeTIr/?a=6383&ch=10010&cr=3&dr=0&lr=all&cd=0%7C0%7C0%7C3&cv=1&br=560&bt=560&cs=0&ds=3&ft=c2YTctGHQPRUZxfusdr~kwPqYldQIKDEE-TerrNqq_45a&mime_type=video_mp4&qs=0&rc=ZGUzZWU2PDk5Mzo2ZTpmZkBpM3E8dG85cnZ2NjMzNGkzM0BiYWFgNDNiXi0xYGBhNDFiYSNkcmplMmQ0aDZhLS1kLTBzcw%3D%3D&btag=80000e00020000&cquery=101r_100B_100H_100K_100o&dy_q=1760969609&feature_id=fea919893f650a8c49286568590446ef&l=20251020221329FF810B6B17C3D024C6A3', 'https://v5-dy-o-abtest.zjcdn.com/f159bd9a3e32f3282e1bf64ba84ec4df/68f66dec/video/tos/cn/tos-cn-ve-15/oIvn75AJRQGHBFBWmCpLBuTIIJGgOeAehAeTIr/?a=6383&ch=10010&cr=3&dr=0&lr=all&cd=0%7C0%7C0%7C3&cv=1&br=560&bt=560&cs=0&ds=3&ft=c2YTctGHQPRUZxfusdr~kwPqYldQIKDEE-TerrNqq_45a&mime_type=video_mp4&qs=0&rc=ZGUzZWU2PDk5Mzo2ZTpmZkBpM3E8dG85cnZ2NjMzNGkzM0BiYWFgNDNiXi0xYGBhNDFiYSNkcmplMmQ0aDZhLS1kLTBzcw%3D%3D&btag=80000e00020000&cquery=100B_100H_100K_100o_101r&dy_q=1760969609&feature_id=fea919893f650a8c49286568590446ef&l=20251020221329FF810B6B17C3D024C6A3', 'https://www.douyin.com/aweme/v1/play/?video_id=v0300fg10000d39sks7og65lhqm9ung0&line=0&file_id=ec4c77dbc3c74006a6e9637bcbd0dbea&sign=26ed4676a48b587340cee0d6e07678c5&is_play_url=1&source=PackSourceEnum_PUBLISH'], 'width': 720, 'height': 1280, 'url_key': 'v0300fg10000d39sks7og65lhqm9ung0_h264_720p_574017', 'data_size': 3717053, 'file_hash': '26ed4676a48b587340cee0d6e07678c5', 'file_cs': 'c:0-57753-5c7a|d:0-1858525-9106,1858526-3717052-39f1|a:v0300fg10000d39sks7og65lhqm9ung0'}, 'cover': {'uri': 'tos-cn-i-dy/782edfcef6044b6289a865a7bc55eb85', 'url_list': ['https://p3-pc-sign.douyinpic.com/tos-cn-i-dy/782edfcef6044b6289a865a7bc55eb85~tplv-dy-cropcenter:323:430.jpeg?lk3s=138a59ce&x-expires=2076328800&x-signature=zscNfplbxsH93pH8ZRis7kl22U8%3D&from=327834062&s=PackSourceEnum_PUBLISH&se=true&sh=323_430&sc=cover&biz_tag=pcweb_cover&l=20251020221329FF810B6B17C3D024C6A3', 'https://p3-pc-sign.douyinpic.com/obj/tos-cn-i-dy/782edfcef6044b6289a865a7bc55eb85?lk3s=138a59ce&x-expires=2076328800&x-signature=k3Pj4Ba7mf9X8wJMiPQIkKxTZnI%3D&from=327834062&s=PackSourceEnum_PUBLISH&se=false&sc=cover&biz_tag=pcweb_cover&l=20251020221329FF810B6B17C3D024C6A3'], 'width': 720, 'height': 720}, 'height': 1920, 'width': 1080, 'dynamic_cover': {'uri': 'tos-cn-i-dy/782edfcef6044b6289a865a7bc55eb85', 'url_list': ['https://p3-pc-sign.douyinpic.com/obj/tos-cn-i-dy/782edfcef6044b6289a865a7bc55eb85?lk3s=138a59ce&x-expires=1762178400&x-signature=gpba60TZzZq6D2ryhP6AyOGoabQ%3D&from=327834062_large&s=PackSourceEnum_PUBLISH&se=false&sc=dynamic_cover&biz_tag=pcweb_cover&l=20251020221329FF810B6B17C3D024C6A3', 'https://p9-pc-sign.douyinpic.com/obj/tos-cn-i-dy/782edfcef6044b6289a865a7bc55eb85?lk3s=138a59ce&x-expires=1762178400&x-signature=xjPQ9LrQcKaP%2F6IRyQ1gZCBlxvc%3D&from=327834062_large&s=PackSourceEnum_PUBLISH&se=false&sc=dynamic_cover&biz_tag=pcweb_cover&l=20251020221329FF810B6B17C3D024C6A3'], 'width': 720, 'height': 720}, 'origin_cover': {'uri': 'tos-cn-p-0015/osCAgf8Tfg99DQsIAkrEAwBDzA0FIVkVoXpHhz', 'url_list': ['https://p9-pc-sign.douyinpic.com/tos-cn-p-0015/osCAgf8Tfg99DQsIAkrEAwBDzA0FIVkVoXpHhz~tplv-dy-360p.jpeg?lk3s=138a59ce&x-expires=1762178400&x-signature=5YieCBcQQZhOqoGdRbVqadyecHI%3D&from=327834062&s=PackSourceEnum_PUBLISH&se=false&sc=origin_cover&biz_tag=pcweb_cover&l=20251020221329FF810B6B17C3D024C6A3', 'https://p3-pc-sign.douyinpic.com/tos-cn-p-0015/osCAgf8Tfg99DQsIAkrEAwBDzA0FIVkVoXpHhz~tplv-dy-360p.jpeg?lk3s=138a59ce&x-expires=1762178400&x-signature=h8JKgPg3PulGfzslbsiRjgduppQ%3D&from=327834062&s=PackSourceEnum_PUBLISH&se=false&sc=origin_cover&biz_tag=pcweb_cover&l=20251020221329FF810B6B17C3D024C6A3'], 'width': 360, 'height': 640}, 'ratio': '720p', 'format': 'mp4', 'audio': {'original_sound_infos': None}, 'bit_rate': [{'gear_name': 'normal_720_0', 'quality_type': 10, 'bit_rate': 574017, 'play_addr': {'uri': 'v0300fg10000d39sks7og65lhqm9ung0', 'url_list': ['https://v5-dy-o-abtest.zjcdn.com/f159bd9a3e32f3282e1bf64ba84ec4df/68f66dec/video/tos/cn/tos-cn-ve-15/oIvn75AJRQGHBFBWmCpLBuTIIJGgOeAehAeTIr/?a=6383&ch=10010&cr=3&dr=0&lr=all&cd=0%7C0%7C0%7C3&cv=1&br=560&bt=560&cs=0&ds=3&ft=c2YTctGHQPRUZxfusdr~kwPqYldQIKDEE-TerrNqq_45a&mime_type=video_mp4&qs=0&rc=ZGUzZWU2PDk5Mzo2ZTpmZkBpM3E8dG85cnZ2NjMzNGkzM0BiYWFgNDNiXi0xYGBhNDFiYSNkcmplMmQ0aDZhLS1kLTBzcw%3D%3D&btag=80000e00020000&cquery=101r_100B_100H_100K_100o&dy_q=1760969609&feature_id=fea919893f650a8c49286568590446ef&l=20251020221329FF810B6B17C3D024C6A3', 'https://v5-dy-o-abtest.zjcdn.com/f159bd9a3e32f3282e1bf64ba84ec4df/68f66dec/video/tos/cn/tos-cn-ve-15/oIvn75AJRQGHBFBWmCpLBuTIIJGgOeAehAeTIr/?a=6383&ch=10010&cr=3&dr=0&lr=all&cd=0%7C0%7C0%7C3&cv=1&br=560&bt=560&cs=0&ds=3&ft=c2YTctGHQPRUZxfusdr~kwPqYldQIKDEE-TerrNqq_45a&mime_type=video_mp4&qs=0&rc=ZGUzZWU2PDk5Mzo2ZTpmZkBpM3E8dG85cnZ2NjMzNGkzM0BiYWFgNDNiXi0xYGBhNDFiYSNkcmplMmQ0aDZhLS1kLTBzcw%3D%3D&btag=80000e00020000&cquery=100B_100H_100K_100o_101r&dy_q=1760969609&feature_id=fea919893f650a8c49286568590446ef&l=20251020221329FF810B6B17C3D024C6A3', 'https://www.douyin.com/aweme/v1/play/?video_id=v0300fg10000d39sks7og65lhqm9ung0&line=0&file_id=ec4c77dbc3c74006a6e9637bcbd0dbea&sign=26ed4676a48b587340cee0d6e07678c5&is_play_url=1&source=PackSourceEnum_PUBLISH'], 'width': 720, 'height': 1280, 'url_key': 'v0300fg10000d39sks7og65lhqm9ung0_h264_720p_574017', 'data_size': 3717053, 'file_hash': '26ed4676a48b587340cee0d6e07678c5', 'file_cs': 'c:0-57753-5c7a|d:0-1858525-9106,1858526-3717052-39f1|a:v0300fg10000d39sks7og65lhqm9ung0'}, 'is_h265': 0, 'is_bytevc1': 0, 'HDR_type': '', 'HDR_bit': '', 'FPS': 30, 'video_extra': '{"PktOffsetMap":"[{\\"time\\": 1, \\"offset\\": 157884}, {\\"time\\": 2, \\"offset\\": 281847}, {\\"time\\": 3, \\"offset\\": 383771}, {\\"time\\": 4, \\"offset\\": 488343}, {\\"time\\": 5, \\"offset\\": 602818}, {\\"time\\": 10, \\"offset\\": 1214081}]","format":"mp4","definition":"720p","quality":"normal","file_id":"ec4c77dbc3c74006a6e9637bcbd0dbea","applog_map":{"feature_id":"fea919893f650a8c49286568590446ef"},"audio_channels":"2.0","audio_sample_rate":"44100","audio_metrics":null,"audio_score":null}', 'format': 'mp4'}, {'gear_name': 'low_720_0', 'quality_type': 211, 'bit_rate': 486570, 'play_addr': {'uri': 'v0300fg10000d39sks7og65lhqm9ung0', 'url_list': ['https://v5-dy-o-abtest.zjcdn.com/c463d7fc508fbafc1a1ae78b3ba754f0/68f66dec/video/tos/cn/tos-cn-ve-15/ooTEktf0IHrADL0BXt3DfAg9pwAFQA8gDHuoEV/?a=6383&ch=10010&cr=3&dr=0&lr=all&cd=0%7C0%7C0%7C3&cv=1&br=475&bt=475&cs=0&ds=3&ft=c2YTctGHQPRUZxfusdr~kwPqYldQIKDEE-TerrNqq_45a&mime_type=video_mp4&qs=1&rc=NjRpaWk4OTU5OztpOWdpZEBpM3E8dG85cnZ2NjMzNGkzM0AxYS4zYWIxXjExMV5jL2MuYSNkcmplMmQ0aDZhLS1kLTBzcw%3D%3D&btag=80000e00020000&cquery=100K_100o_101r_100B_100H&dy_q=1760969609&feature_id=0ea98fd3bdc3c6c14a3d0804cc272721&l=20251020221329FF810B6B17C3D024C6A3', 'https://v5-dy-o-abtest.zjcdn.com/c463d7fc508fbafc1a1ae78b3ba754f0/68f66dec/video/tos/cn/tos-cn-ve-15/ooTEktf0IHrADL0BXt3DfAg9pwAFQA8gDHuoEV/?a=6383&ch=10010&cr=3&dr=0&lr=all&cd=0%7C0%7C0%7C3&cv=1&br=475&bt=475&cs=0&ds=3&ft=c2YTctGHQPRUZxfusdr~kwPqYldQIKDEE-TerrNqq_45a&mime_type=video_mp4&qs=1&rc=NjRpaWk4OTU5OztpOWdpZEBpM3E8dG85cnZ2NjMzNGkzM0AxYS4zYWIxXjExMV5jL2MuYSNkcmplMmQ0aDZhLS1kLTBzcw%3D%3D&btag=80000e00020000&cquery=100B_100H_100K_100o_101r&dy_q=1760969609&feature_id=0ea98fd3bdc3c6c14a3d0804cc272721&l=20251020221329FF810B6B17C3D024C6A3', 'https://www.douyin.com/aweme/v1/play/?video_id=v0300fg10000d39sks7og65lhqm9ung0&line=0&file_id=1aff2df6af484846a246e5df6f1fd143&sign=25e3aedc71ea90d46db7657231026b4c&is_play_url=1&source=PackSourceEnum_PUBLISH'], 'width': 720, 'height': 1280, 'url_key': 'v0300fg10000d39sks7og65lhqm9ung0_h264_720p_486570', 'data_size': 3150785, 'file_hash': '25e3aedc71ea90d46db7657231026b4c', 'file_cs': 'c:0-44100-186b|d:0-1575391-75b9,1575392-3150784-fba4|a:v0300fg10000d39sks7og65lhqm9ung0'}, 'is_h265': 0, 'is_bytevc1': 0, 'HDR_type': '', 'HDR_bit': '', 'FPS': 30, 'video_extra': '{"PktOffsetMap":"[{\\"time\\": 1, \\"offset\\": 135761}, {\\"time\\": 2, \\"offset\\": 247222}, {\\"time\\": 3, \\"offset\\": 336404}, {\\"time\\": 4, \\"offset\\": 425609}, {\\"time\\": 5, \\"offset\\": 524630}, {\\"time\\": 10, \\"offset\\": 1065288}]","format":"mp4","definition":"720p","quality":"low","file_id":"1aff2df6af484846a246e5df6f1fd143","applog_map":{"feature_id":"0ea98fd3bdc3c6c14a3d0804cc272721"},"audio_channels":"2.0","audio_sample_rate":"44100","audio_metrics":null,"audio_score":null}', 'format': 'mp4'}, {'gear_name': 'low_540_0', 'quality_type': 292, 'bit_rate': 448566, 'play_addr': {'uri': 'v0300fg10000d39sks7og65lhqm9ung0', 'url_list': ['https://v5-dy-o-abtest.zjcdn.com/73087ff0acfc03e428af83359f48ab75/68f66dec/video/tos/cn/tos-cn-ve-15/oAfodf9TA7D0kt1EltFpwIxzAgCVEgBr8XQDHA/?a=6383&ch=10010&cr=3&dr=0&lr=all&cd=0%7C0%7C0%7C3&cv=1&br=438&bt=438&cs=0&ds=6&ft=c2YTctGHQPRUZxfusdr~kwPqYldQIKDEE-TerrNqq_45a&mime_type=video_mp4&qs=1&rc=aDs8Z2lmOjc1OGczODs5ZEBpM3E8dG85cnZ2NjMzNGkzM0AvXmA1Y2FgNV8xNjBjX2MvYSNkcmplMmQ0aDZhLS1kLTBzcw%3D%3D&btag=80000e00020000&cquery=101r_100B_100H_100K_100o&dy_q=1760969609&feature_id=0ea98fd3bdc3c6c14a3d0804cc272721&l=20251020221329FF810B6B17C3D024C6A3', 'https://v5-dy-o-abtest.zjcdn.com/73087ff0acfc03e428af83359f48ab75/68f66dec/video/tos/cn/tos-cn-ve-15/oAfodf9TA7D0kt1EltFpwIxzAgCVEgBr8XQDHA/?a=6383&ch=10010&cr=3&dr=0&lr=all&cd=0%7C0%7C0%7C3&cv=1&br=438&bt=438&cs=0&ds=6&ft=c2YTctGHQPRUZxfusdr~kwPqYldQIKDEE-TerrNqq_45a&mime_type=video_mp4&qs=1&rc=aDs8Z2lmOjc1OGczODs5ZEBpM3E8dG85cnZ2NjMzNGkzM0AvXmA1Y2FgNV8xNjBjX2MvYSNkcmplMmQ0aDZhLS1kLTBzcw%3D%3D&btag=80000e00020000&cquery=100B_100H_100K_100o_101r&dy_q=1760969609&feature_id=0ea98fd3bdc3c6c14a3d0804cc272721&l=20251020221329FF810B6B17C3D024C6A3', 'https://www.douyin.com/aweme/v1/play/?video_id=v0300fg10000d39sks7og65lhqm9ung0&line=0&file_id=2af6b8f5309d45b284c7dcff8dc9a82e&sign=d37327bec10dd11f64ca0eb4e12c7cd1&is_play_url=1&source=PackSourceEnum_PUBLISH'], 'width': 576, 'height': 1024, 'url_key': 'v0300fg10000d39sks7og65lhqm9ung0_h264_540p_448566', 'data_size': 2904694, 'file_hash': 'd37327bec10dd11f64ca0eb4e12c7cd1', 'file_cs': 'c:0-44100-216d|d:0-1452346-05ce,1452347-2904693-5ba9|a:v0300fg10000d39sks7og65lhqm9ung0'}, 'is_h265': 0, 'is_bytevc1': 0, 'HDR_type': '', 'HDR_bit': '', 'FPS': 30, 'video_extra': '{"PktOffsetMap":"[{\\"time\\": 1, \\"offset\\": 126639}, {\\"time\\": 2, \\"offset\\": 228330}, {\\"time\\": 3, \\"offset\\": 308857}, {\\"time\\": 4, \\"offset\\": 389346}, {\\"time\\": 5, \\"offset\\": 480581}, {\\"time\\": 10, \\"offset\\": 965108}]","format":"mp4","definition":"540p","quality":"low","file_id":"2af6b8f5309d45b284c7dcff8dc9a82e","applog_map":{"feature_id":"0ea98fd3bdc3c6c14a3d0804cc272721"},"audio_channels":"2.0","audio_sample_rate":"44100","audio_metrics":null,"audio_score":null}', 'format': 'mp4'}, {'gear_name': 'adapt_low_540_0', 'quality_type': 291, 'bit_rate': 319499, 'play_addr': {'uri': 'v0300fg10000d39sks7og65lhqm9ung0', 'url_list': ['https://v5-dy-o-abtest.zjcdn.com/5cc41a6577dc77bbf0ea8abea447344e/68f66dec/video/tos/cn/tos-cn-ve-15/oceh8vnn5RroQAIubJeLOBfGCkDApI7bTWGAgB/?a=6383&ch=10010&cr=3&dr=0&lr=all&cd=0%7C0%7C0%7C3&cv=1&br=312&bt=312&cs=0&ds=6&ft=c2YTctGHQPRUZxfusdr~kwPqYldQIKDEE-TerrNqq_45a&mime_type=video_mp4&qs=12&rc=NmVmNjY7N2dmOWdoNGg8ZkBpM3E8dG85cnZ2NjMzNGkzM0A0YF8vMzRfNTIxMjUvMzUzYSNkcmplMmQ0aDZhLS1kLTBzcw%3D%3D&btag=80000e00020000&cquery=100B_100H_100K_100o_101r&dy_q=1760969609&feature_id=0ea98fd3bdc3c6c14a3d0804cc272721&l=20251020221329FF810B6B17C3D024C6A3', 'https://v5-dy-o-abtest.zjcdn.com/5cc41a6577dc77bbf0ea8abea447344e/68f66dec/video/tos/cn/tos-cn-ve-15/oceh8vnn5RroQAIubJeLOBfGCkDApI7bTWGAgB/?a=6383&ch=10010&cr=3&dr=0&lr=all&cd=0%7C0%7C0%7C3&cv=1&br=312&bt=312&cs=0&ds=6&ft=c2YTctGHQPRUZxfusdr~kwPqYldQIKDEE-TerrNqq_45a&mime_type=video_mp4&qs=12&rc=NmVmNjY7N2dmOWdoNGg8ZkBpM3E8dG85cnZ2NjMzNGkzM0A0YF8vMzRfNTIxMjUvMzUzYSNkcmplMmQ0aDZhLS1kLTBzcw%3D%3D&btag=80000e00020000&cquery=100o_101r_100B_100H_100K&dy_q=1760969609&feature_id=0ea98fd3bdc3c6c14a3d0804cc272721&l=20251020221329FF810B6B17C3D024C6A3', 'https://www.douyin.com/aweme/v1/play/?video_id=v0300fg10000d39sks7og65lhqm9ung0&line=0&file_id=6c896e218e5d465c8db4786323bccb73&sign=45b364648a8886bb1b23b107dcb7a2db&is_play_url=1&source=PackSourceEnum_PUBLISH'], 'width': 576, 'height': 1024, 'url_key': 'v0300fg10000d39sks7og65lhqm9ung0_h264_540p_319499', 'data_size': 2068917, 'file_hash': '45b364648a8886bb1b23b107dcb7a2db', 'file_cs': 'c:0-44107-cb80|d:0-1034457-765d,1034458-2068916-052b|a:v0300fg10000d39sks7og65lhqm9ung0'}, 'is_h265': 0, 'is_bytevc1': 0, 'HDR_type': '', 'HDR_bit': '', 'FPS': 30, 'video_extra': '{"PktOffsetMap":"[{\\"time\\": 1, \\"offset\\": 104957}, {\\"time\\": 2, \\"offset\\": 172403}, {\\"time\\": 3, \\"offset\\": 226089}, {\\"time\\": 4, \\"offset\\": 279144}, {\\"time\\": 5, \\"offset\\": 339823}, {\\"time\\": 10, \\"offset\\": 665347}]","format":"mp4","definition":"540p","quality":"adapt_low","file_id":"6c896e218e5d465c8db4786323bccb73","applog_map":{"feature_id":"0ea98fd3bdc3c6c14a3d0804cc272721"},"audio_channels":"2.0","audio_sample_rate":"44100","audio_metrics":null,"audio_score":null}', 'format': 'mp4'}, {'gear_name': 'adapt_lowest_1080_1', 'quality_type': 2, 'bit_rate': 277166, 'play_addr': {'uri': 'v0300fg10000d39sks7og65lhqm9ung0', 'url_list': ['https://v5-dy-o-abtest.zjcdn.com/5f62f58c48d8a4a799981ed5f7f22c17/68f66dec/video/tos/cn/tos-cn-ve-15/o0EDFBkH8ArtXjpUIQBDEfgwDA0zoEAVzAf9gk/?a=6383&ch=10010&cr=3&dr=0&lr=all&cd=0%7C0%7C0%7C3&cv=1&br=270&bt=270&cs=2&ds=4&ft=c2YTctGHQPRUZxfusdr~kwPqYldQIKDEE-TerrNqq_45a&mime_type=video_mp4&qs=15&rc=aWU6Zzc0OWk3OTg6NzhnOkBpM3E8dG85cnZ2NjMzNGkzM0BgMy01Yy1fX2ExMTNgYV4wYSNkcmplMmQ0aDZhLS1kLTBzcw%3D%3D&btag=80000e00020000&cquery=101r_100B_100H_100K_100o&dy_q=1760969609&feature_id=b38008770b4e09863331b14b26bcdc23&l=20251020221329FF810B6B17C3D024C6A3', 'https://v5-dy-o-abtest.zjcdn.com/5f62f58c48d8a4a799981ed5f7f22c17/68f66dec/video/tos/cn/tos-cn-ve-15/o0EDFBkH8ArtXjpUIQBDEfgwDA0zoEAVzAf9gk/?a=6383&ch=10010&cr=3&dr=0&lr=all&cd=0%7C0%7C0%7C3&cv=1&br=270&bt=270&cs=2&ds=4&ft=c2YTctGHQPRUZxfusdr~kwPqYldQIKDEE-TerrNqq_45a&mime_type=video_mp4&qs=15&rc=aWU6Zzc0OWk3OTg6NzhnOkBpM3E8dG85cnZ2NjMzNGkzM0BgMy01Yy1fX2ExMTNgYV4wYSNkcmplMmQ0aDZhLS1kLTBzcw%3D%3D&btag=80000e00020000&cquery=101r_100B_100H_100K_100o&dy_q=1760969609&feature_id=b38008770b4e09863331b14b26bcdc23&l=20251020221329FF810B6B17C3D024C6A3', 'https://www.douyin.com/aweme/v1/play/?video_id=v0300fg10000d39sks7og65lhqm9ung0&line=0&file_id=37add5c4674546d4bfb601f48d076bcf&sign=5236afce51f227a194646c99eeaab364&is_play_url=1&source=PackSourceEnum_PUBLISH'], 'width': 1080, 'height': 1920, 'url_key': 'v0300fg10000d39sks7og65lhqm9ung0_bytevc1_1080p_277166', 'data_size': 1794794, 'file_hash': '5236afce51f227a194646c99eeaab364', 'file_cs': 'c:0-44313-e117|d:0-897396-26ca,897397-1794793-42fd|a:v0300fg10000d39sks7og65lhqm9ung0'}, 'is_h265': 1, 'is_bytevc1': 1, 'HDR_type': '', 'HDR_bit': '', 'FPS': 30, 'video_extra': '{"PktOffsetMap":"[{\\"time\\": 1, \\"offset\\": 114160}, {\\"time\\": 2, \\"offset\\": 175501}, {\\"time\\": 3, \\"offset\\": 226848}, {\\"time\\": 4, \\"offset\\": 284280}, {\\"time\\": 5, \\"offset\\": 342440}, {\\"time\\": 10, \\"offset\\": 631942}]","format":"mp4","definition":"1080p","quality":"adapt_lowest","file_id":"37add5c4674546d4bfb601f48d076bcf","applog_map":{"feature_id":"b38008770b4e09863331b14b26bcdc23"},"mvmaf":"{\\"mvmaf_sr_v1080\\":98.583,\\"mvmaf_sr_v960\\":98.737,\\"mvmaf_sr_v864\\":98.936,\\"mvmaf_sr_v720\\":99.067,\\"mvmaf_ori_v1080\\":92.839,\\"mvmaf_ori_v960\\":93.196,\\"mvmaf_ori_v864\\":93.942,\\"mvmaf_ori_v720\\":94.888}","ufq":"{\\"enh\\":94.639,\\"playback\\":{\\"ori\\":91.478,\\"srv1\\":94.232},\\"src\\":94.639,\\"trans\\":91.478,\\"version\\":\\"v1.0\\"}","audio_channels":"2.0","audio_sample_rate":"44100","audio_metrics":null,"audio_score":null}', 'format': 'mp4'}, {'gear_name': 'adapt_lowest_720_1', 'quality_type': 15, 'bit_rate': 268417, 'play_addr': {'uri': 'v0300fg10000d39sks7og65lhqm9ung0', 'url_list': ['https://v5-dy-o-abtest.zjcdn.com/3c77151822adc43766cb930feaf4157c/68f66dec/video/tos/cn/tos-cn-ve-15/oUXT98gyoIDBAqArzB0F9HpEEkDQHrAfwgfKQV/?a=6383&ch=10010&cr=3&dr=0&lr=all&cd=0%7C0%7C0%7C3&cv=1&br=262&bt=262&cs=2&ds=3&ft=c2YTctGHQPRUZxfusdr~kwPqYldQIKDEE-TerrNqq_45a&mime_type=video_mp4&qs=15&rc=OTQ4NDs2aWQ4ZmY8aTRlaUBpM3E8dG85cnZ2NjMzNGkzM0AzLi01LV4tNmExMF5eXzY2YSNkcmplMmQ0aDZhLS1kLTBzcw%3D%3D&btag=80000e00020000&cquery=100B_100H_100K_100o_101r&dy_q=1760969609&feature_id=b38008770b4e09863331b14b26bcdc23&l=20251020221329FF810B6B17C3D024C6A3', 'https://v5-dy-o-abtest.zjcdn.com/3c77151822adc43766cb930feaf4157c/68f66dec/video/tos/cn/tos-cn-ve-15/oUXT98gyoIDBAqArzB0F9HpEEkDQHrAfwgfKQV/?a=6383&ch=10010&cr=3&dr=0&lr=all&cd=0%7C0%7C0%7C3&cv=1&br=262&bt=262&cs=2&ds=3&ft=c2YTctGHQPRUZxfusdr~kwPqYldQIKDEE-TerrNqq_45a&mime_type=video_mp4&qs=15&rc=OTQ4NDs2aWQ4ZmY8aTRlaUBpM3E8dG85cnZ2NjMzNGkzM0AzLi01LV4tNmExMF5eXzY2YSNkcmplMmQ0aDZhLS1kLTBzcw%3D%3D&btag=80000e00020000&cquery=100K_100o_101r_100B_100H&dy_q=1760969609&feature_id=b38008770b4e09863331b14b26bcdc23&l=20251020221329FF810B6B17C3D024C6A3', 'https://www.douyin.com/aweme/v1/play/?video_id=v0300fg10000d39sks7og65lhqm9ung0&line=0&file_id=9f9bb1afa93c4cd59a0fa30881051166&sign=f2fcf183ae4bc5daf2ebe4880462bd2e&is_play_url=1&source=PackSourceEnum_PUBLISH'], 'width': 720, 'height': 1280, 'url_key': 'v0300fg10000d39sks7og65lhqm9ung0_bytevc1_720p_268417', 'data_size': 1738139, 'file_hash': 'f2fcf183ae4bc5daf2ebe4880462bd2e', 'file_cs': 'c:0-44314-25b0|d:0-869068-ca98,869069-1738138-b7c4|a:v0300fg10000d39sks7og65lhqm9ung0'}, 'is_h265': 1, 'is_bytevc1': 1, 'HDR_type': '', 'HDR_bit': '', 'FPS': 30, 'video_extra': '{"PktOffsetMap":"[{\\"time\\": 1, \\"offset\\": 95699}, {\\"time\\": 2, \\"offset\\": 141145}, {\\"time\\": 3, \\"offset\\": 177989}, {\\"time\\": 4, \\"offset\\": 219373}, {\\"time\\": 5, \\"offset\\": 263418}, {\\"time\\": 10, \\"offset\\": 503682}]","format":"mp4","definition":"720p","quality":"adapt_lowest","file_id":"9f9bb1afa93c4cd59a0fa30881051166","applog_map":{"feature_id":"b38008770b4e09863331b14b26bcdc23"},"mvmaf":"{\\"mvmaf_sr_v1080\\":98.54,\\"mvmaf_sr_v960\\":99.02,\\"mvmaf_sr_v864\\":99.271,\\"mvmaf_sr_v720\\":99.706,\\"mvmaf_ori_v1080\\":88.346,\\"mvmaf_ori_v960\\":90.851,\\"mvmaf_ori_v864\\":92.209,\\"mvmaf_ori_v720\\":94.942}","ufq":"{\\"enh\\":94.639,\\"playback\\":{\\"ori\\":86.985,\\"srv1\\":94.223},\\"src\\":94.639,\\"trans\\":86.985,\\"version\\":\\"v1.0\\"}","audio_channels":"2.0","audio_sample_rate":"44100","audio_metrics":null,"audio_score":null}', 'format': 'mp4'}, {'gear_name': 'adapt_540_1', 'quality_type': 28, 'bit_rate': 250565, 'play_addr': {'uri': 'v0300fg10000d39sks7og65lhqm9ung0', 'url_list': ['https://v5-dy-o-abtest.zjcdn.com/b56b39747bf9034772c27894702ea914/68f66dec/video/tos/cn/tos-cn-ve-15/oYDGveIIQBARhqpermLGnUGeArTJoBAOGC57gW/?a=6383&ch=10010&cr=3&dr=0&lr=all&cd=0%7C0%7C0%7C3&cv=1&br=244&bt=244&cs=2&ds=6&ft=c2YTctGHQPRUZxfusdr~kwPqYldQIKDEE-TerrNqq_45a&mime_type=video_mp4&qs=11&rc=OjdnaGVnOjs3aTxpPDo6ZkBpM3E8dG85cnZ2NjMzNGkzM0AtYTZiLjE1NS0xMC9jYy4uYSNkcmplMmQ0aDZhLS1kLTBzcw%3D%3D&btag=80000e00020000&cquery=100o_101r_100B_100H_100K&dy_q=1760969609&feature_id=b38008770b4e09863331b14b26bcdc23&l=20251020221329FF810B6B17C3D024C6A3', 'https://v5-dy-o-abtest.zjcdn.com/b56b39747bf9034772c27894702ea914/68f66dec/video/tos/cn/tos-cn-ve-15/oYDGveIIQBARhqpermLGnUGeArTJoBAOGC57gW/?a=6383&ch=10010&cr=3&dr=0&lr=all&cd=0%7C0%7C0%7C3&cv=1&br=244&bt=244&cs=2&ds=6&ft=c2YTctGHQPRUZxfusdr~kwPqYldQIKDEE-TerrNqq_45a&mime_type=video_mp4&qs=11&rc=OjdnaGVnOjs3aTxpPDo6ZkBpM3E8dG85cnZ2NjMzNGkzM0AtYTZiLjE1NS0xMC9jYy4uYSNkcmplMmQ0aDZhLS1kLTBzcw%3D%3D&btag=80000e00020000&cquery=101r_100B_100H_100K_100o&dy_q=1760969609&feature_id=b38008770b4e09863331b14b26bcdc23&l=20251020221329FF810B6B17C3D024C6A3', 'https://www.douyin.com/aweme/v1/play/?video_id=v0300fg10000d39sks7og65lhqm9ung0&line=0&file_id=1c17f7f92f394f0488874d1bee9dd407&sign=79e96defd268b88d7229ee5085d17729&is_play_url=1&source=PackSourceEnum_PUBLISH'], 'width': 576, 'height': 1024, 'url_key': 'v0300fg10000d39sks7og65lhqm9ung0_bytevc1_540p_250565', 'data_size': 1622534, 'file_hash': '79e96defd268b88d7229ee5085d17729', 'file_cs': 'c:0-44314-ce6f|d:0-811266-b50f,811267-1622533-a1e8|a:v0300fg10000d39sks7og65lhqm9ung0'}, 'is_h265': 1, 'is_bytevc1': 1, 'HDR_type': '', 'HDR_bit': '', 'FPS': 30, 'video_extra': '{"PktOffsetMap":"[{\\"time\\": 1, \\"offset\\": 91885}, {\\"time\\": 2, \\"offset\\": 134712}, {\\"time\\": 3, \\"offset\\": 172881}, {\\"time\\": 4, \\"offset\\": 215725}, {\\"time\\": 5, \\"offset\\": 256911}, {\\"time\\": 10, \\"offset\\": 468572}]","format":"mp4","definition":"540p","quality":"adapt","file_id":"1c17f7f92f394f0488874d1bee9dd407","applog_map":{"feature_id":"b38008770b4e09863331b14b26bcdc23"},"mvmaf":"{\\"mvmaf_sr_v1080\\":96.063,\\"mvmaf_sr_v960\\":98.154,\\"mvmaf_sr_v864\\":98.658,\\"mvmaf_sr_v720\\":99.182,\\"mvmaf_ori_v1080\\":83.687,\\"mvmaf_ori_v960\\":86.749,\\"mvmaf_ori_v864\\":88.067,\\"mvmaf_ori_v720\\":91.529}","ufq":"{\\"enh\\":94.639,\\"playback\\":{\\"ori\\":82.654,\\"srv1\\":93.728},\\"src\\":94.639,\\"trans\\":82.654,\\"version\\":\\"v1.0\\"}","audio_channels":"2.0","audio_sample_rate":"44100","audio_metrics":null,"audio_score":null}', 'format': 'mp4'}], 'duration': 51804, 'play_addr_265': {'uri': 'v0300fg10000d39sks7og65lhqm9ung0', 'url_list': ['https://v5-dy-o-abtest.zjcdn.com/b56b39747bf9034772c27894702ea914/68f66dec/video/tos/cn/tos-cn-ve-15/oYDGveIIQBARhqpermLGnUGeArTJoBAOGC57gW/?a=6383&ch=10010&cr=3&dr=0&lr=all&cd=0%7C0%7C0%7C3&cv=1&br=244&bt=244&cs=2&ds=6&ft=c2YTctGHQPRUZxfusdr~kwPqYldQIKDEE-TerrNqq_45a&mime_type=video_mp4&qs=11&rc=OjdnaGVnOjs3aTxpPDo6ZkBpM3E8dG85cnZ2NjMzNGkzM0AtYTZiLjE1NS0xMC9jYy4uYSNkcmplMmQ0aDZhLS1kLTBzcw%3D%3D&btag=80000e00020000&cquery=100o_101r_100B_100H_100K&dy_q=1760969609&feature_id=b38008770b4e09863331b14b26bcdc23&l=20251020221329FF810B6B17C3D024C6A3', 'https://v5-dy-o-abtest.zjcdn.com/b56b39747bf9034772c27894702ea914/68f66dec/video/tos/cn/tos-cn-ve-15/oYDGveIIQBARhqpermLGnUGeArTJoBAOGC57gW/?a=6383&ch=10010&cr=3&dr=0&lr=all&cd=0%7C0%7C0%7C3&cv=1&br=244&bt=244&cs=2&ds=6&ft=c2YTctGHQPRUZxfusdr~kwPqYldQIKDEE-TerrNqq_45a&mime_type=video_mp4&qs=11&rc=OjdnaGVnOjs3aTxpPDo6ZkBpM3E8dG85cnZ2NjMzNGkzM0AtYTZiLjE1NS0xMC9jYy4uYSNkcmplMmQ0aDZhLS1kLTBzcw%3D%3D&btag=80000e00020000&cquery=101r_100B_100H_100K_100o&dy_q=1760969609&feature_id=b38008770b4e09863331b14b26bcdc23&l=20251020221329FF810B6B17C3D024C6A3', 'https://www.douyin.com/aweme/v1/play/?video_id=v0300fg10000d39sks7og65lhqm9ung0&line=0&file_id=1c17f7f92f394f0488874d1bee9dd407&sign=79e96defd268b88d7229ee5085d17729&is_play_url=1&source=PackSourceEnum_PUBLISH'], 'width': 576, 'height': 1024, 'url_key': 'v0300fg10000d39sks7og65lhqm9ung0_bytevc1_540p_250565', 'data_size': 1622534, 'file_hash': '79e96defd268b88d7229ee5085d17729', 'file_cs': 'c:0-44314-ce6f|d:0-811266-b50f,811267-1622533-a1e8|a:v0300fg10000d39sks7og65lhqm9ung0'}, 'bit_rate_audio': None, 'play_addr_h264': {'uri': 'v0300fg10000d39sks7og65lhqm9ung0', 'url_list': ['https://v5-dy-o-abtest.zjcdn.com/f159bd9a3e32f3282e1bf64ba84ec4df/68f66dec/video/tos/cn/tos-cn-ve-15/oIvn75AJRQGHBFBWmCpLBuTIIJGgOeAehAeTIr/?a=6383&ch=10010&cr=3&dr=0&lr=all&cd=0%7C0%7C0%7C3&cv=1&br=560&bt=560&cs=0&ds=3&ft=c2YTctGHQPRUZxfusdr~kwPqYldQIKDEE-TerrNqq_45a&mime_type=video_mp4&qs=0&rc=ZGUzZWU2PDk5Mzo2ZTpmZkBpM3E8dG85cnZ2NjMzNGkzM0BiYWFgNDNiXi0xYGBhNDFiYSNkcmplMmQ0aDZhLS1kLTBzcw%3D%3D&btag=80000e00020000&cquery=101r_100B_100H_100K_100o&dy_q=1760969609&feature_id=fea919893f650a8c49286568590446ef&l=20251020221329FF810B6B17C3D024C6A3', 'https://v5-dy-o-abtest.zjcdn.com/f159bd9a3e32f3282e1bf64ba84ec4df/68f66dec/video/tos/cn/tos-cn-ve-15/oIvn75AJRQGHBFBWmCpLBuTIIJGgOeAehAeTIr/?a=6383&ch=10010&cr=3&dr=0&lr=all&cd=0%7C0%7C0%7C3&cv=1&br=560&bt=560&cs=0&ds=3&ft=c2YTctGHQPRUZxfusdr~kwPqYldQIKDEE-TerrNqq_45a&mime_type=video_mp4&qs=0&rc=ZGUzZWU2PDk5Mzo2ZTpmZkBpM3E8dG85cnZ2NjMzNGkzM0BiYWFgNDNiXi0xYGBhNDFiYSNkcmplMmQ0aDZhLS1kLTBzcw%3D%3D&btag=80000e00020000&cquery=100B_100H_100K_100o_101r&dy_q=1760969609&feature_id=fea919893f650a8c49286568590446ef&l=20251020221329FF810B6B17C3D024C6A3', 'https://www.douyin.com/aweme/v1/play/?video_id=v0300fg10000d39sks7og65lhqm9ung0&line=0&file_id=ec4c77dbc3c74006a6e9637bcbd0dbea&sign=26ed4676a48b587340cee0d6e07678c5&is_play_url=1&source=PackSourceEnum_PUBLISH'], 'width': 720, 'height': 1280, 'url_key': 'v0300fg10000d39sks7og65lhqm9ung0_h264_720p_574017', 'data_size': 3717053, 'file_hash': '26ed4676a48b587340cee0d6e07678c5', 'file_cs': 'c:0-57753-5c7a|d:0-1858525-9106,1858526-3717052-39f1|a:v0300fg10000d39sks7og65lhqm9ung0'}, 'raw_cover': {'uri': 'tos-cn-i-dy/782edfcef6044b6289a865a7bc55eb85', 'url_list': ['https://p3-pc-sign.douyinpic.com/tos-cn-i-dy/782edfcef6044b6289a865a7bc55eb85~tplv-dy-cropcenter:323:430.jpeg?lk3s=138a59ce&x-expires=2076328800&x-signature=zscNfplbxsH93pH8ZRis7kl22U8%3D&from=327834062&s=PackSourceEnum_PUBLISH&se=true&sh=323_430&sc=cover&biz_tag=pcweb_cover&l=20251020221329FF810B6B17C3D024C6A3', 'https://p3-pc-sign.douyinpic.com/obj/tos-cn-i-dy/782edfcef6044b6289a865a7bc55eb85?lk3s=138a59ce&x-expires=2076328800&x-signature=k3Pj4Ba7mf9X8wJMiPQIkKxTZnI%3D&from=327834062&s=PackSourceEnum_PUBLISH&se=false&sc=cover&biz_tag=pcweb_cover&l=20251020221329FF810B6B17C3D024C6A3'], 'width': 720, 'height': 720}, 'animated_cover': {'uri': 'tos-cn-i-dy/782edfcef6044b6289a865a7bc55eb85', 'url_list': ['https://p3-pc-sign.douyinpic.com/obj/tos-cn-i-dy/782edfcef6044b6289a865a7bc55eb85?lk3s=138a59ce&x-expires=1762178400&x-signature=gpba60TZzZq6D2ryhP6AyOGoabQ%3D&from=327834062_large&s=PackSourceEnum_PUBLISH&se=false&sc=dynamic_cover&biz_tag=pcweb_cover&l=20251020221329FF810B6B17C3D024C6A3', 'https://p9-pc-sign.douyinpic.com/obj/tos-cn-i-dy/782edfcef6044b6289a865a7bc55eb85?lk3s=138a59ce&x-expires=1762178400&x-signature=xjPQ9LrQcKaP%2F6IRyQ1gZCBlxvc%3D&from=327834062_large&s=PackSourceEnum_PUBLISH&se=false&sc=dynamic_cover&biz_tag=pcweb_cover&l=20251020221329FF810B6B17C3D024C6A3']}, 'gaussian_cover': {'uri': 'tos-cn-p-0015/osCAgf8Tfg99DQsIAkrEAwBDzA0FIVkVoXpHhz', 'url_list': ['https://p3-pc-sign.douyinpic.com/tos-cn-p-0015/osCAgf8Tfg99DQsIAkrEAwBDzA0FIVkVoXpHhz~tplv-tsj2vxp0zn-gaosi:40.jpeg?lk3s=138a59ce&x-expires=1792504800&x-signature=4vNNOWlwTLnxRz81ubPXrfL3lHk%3D&from=327834062', 'https://p9-pc-sign.douyinpic.com/tos-cn-p-0015/osCAgf8Tfg99DQsIAkrEAwBDzA0FIVkVoXpHhz~tplv-tsj2vxp0zn-gaosi:40.jpeg?lk3s=138a59ce&x-expires=1792504800&x-signature=lLdtJzEgDJHP076s95JscwWwwmk%3D&from=327834062'], 'width': 720, 'height': 720}, 'meta': '{"enable_manual_ladder":"1","format":"mp4","gear_vqm":"{\\"1080p_720p\\":0,\\"720p_540p\\":2}","hrids":"500000002","is_spatial_video":"0","isad":"0","loudness":"-13.9","peak":"0.77625","qprf":"1.000","sdgs":"[\\"normal_720_0\\",\\"low_720_0\\",\\"low_540_0\\",\\"adapt_low_540_0\\",\\"adapt_lowest_1080_1\\",\\"adapt_lowest_720_1\\",\\"adapt_540_1\\"]","sr_potential":"{\\"v1.0\\":{\\"score\\":46.908}}","sr_score":"1.000","strategy_tokens":"[\\"online\\",\\"sexp_reward01_0721\\",\\"sexp_0701_0819\\",\\"sexp_0702_0819\\",\\"sexp_reward02_0721\\"]","title_info":"{\\"avg_br_pc\\":225,\\"bottom_res_add\\":[0.82,0.27,0,28.18,42.91,0,0,0,0,0,0,0,0,0,0],\\"bullet_zone\\":16.17,\\"mean_br_l\\":[240.18,233.27,226.84,220.35,216.48,211.15],\\"pc60_br_l\\":[244.8,237.16,230.54,224.18,221.26,216.43],\\"progress_bar\\":[244,244,244],\\"ratio_br_l\\":[244.8,237.16,230.54,224.06,220.87,216.01],\\"ratio_br_l_thre220\\":[0.98,0.82,0.62,0.49,0.41,0.36],\\"ratio_edge_l\\":[0,0,0,0.14,0.17,0.19],\\"std_br_l\\":[33.31,26.55,19.54,15.86,14,12.57],\\"top_res_add\\":[0,0,0,0,21.55,33,5.73],\\"version\\":\\"v1.0\\"}","volume_info":"{\\"LoudnessRange\\":5.7,\\"LoudnessRangeEnd\\":-11.9,\\"MaximumMomentaryLoudness\\":-6.3,\\"Metrics\\":{\\"Version\\":\\"1.4.2\\",\\"Loudness\\":{\\"Integrated\\":-13.906},\\"Phase\\":{\\"RMSDownmixDiff\\":-0.077},\\"RMSStats\\":{\\"LRDiff\\":-0.005,\\"LTotal\\":-17.371,\\"Peak\\":-2.196,\\"RTotal\\":-17.365}},\\"Peak\\":0.77625,\\"Version\\":2,\\"Loudness\\":-13.9,\\"LoudnessRangeStart\\":-17.5,\\"MaximumShortTermLoudness\\":-11.1}","vqs_origin":"76.88"}', 'video_model': '', 'is_source_HDR': 0, 'use_static_cover': True, 'big_thumbs': [{'img_num': 52, 'uri': 'tos-cn-p-0015/o4Cf7rGmpW5eTuyJnOPrG4hIEAWLQBReBQAAGv', 'img_url': 'https://p26-sign.douyinpic.com/tos-cn-p-0015/o4Cf7rGmpW5eTuyJnOPrG4hIEAWLQBReBQAAGv~tplv-noop.image?cquery=101r_100B_100H_100K_100o&dy_q=1760969609&l=20251020221329FF810B6B17C3D024C6A3&x-expires=1760980460&x-signature=6SHUrJARZTcv2rcR7LY4BvwMoRk%3D', 'img_x_size': 136, 'img_y_size': 240, 'img_x_len': 5, 'img_y_len': 5, 'duration': 51.8, 'interval': 1, 'fext': 'jpg', 'uris': ['tos-cn-p-0015/o4Cf7rGmpW5eTuyJnOPrG4hIEAWLQBReBQAAGv', 'tos-cn-p-0015/oYQnQEB27mJpAfGROLOYevVrATWBhIRAGe5GCP', 'tos-cn-p-0015/oohlAevrGBWRL0JBhnIm5aQGpCGQOAeAWe7PTA'], 'img_urls': ['https://p26-sign.douyinpic.com/tos-cn-p-0015/o4Cf7rGmpW5eTuyJnOPrG4hIEAWLQBReBQAAGv~tplv-noop.image?cquery=101r_100B_100H_100K_100o&dy_q=1760969609&l=20251020221329FF810B6B17C3D024C6A3&x-expires=1760980460&x-signature=6SHUrJARZTcv2rcR7LY4BvwMoRk%3D', 'https://p26-sign.douyinpic.com/tos-cn-p-0015/oYQnQEB27mJpAfGROLOYevVrATWBhIRAGe5GCP~tplv-noop.image?cquery=101r_100B_100H_100K_100o&dy_q=1760969609&l=20251020221329FF810B6B17C3D024C6A3&x-expires=1760980460&x-signature=oPWwFx%2BsJyCHYh8rQ1ZnbSmX1Nw%3D', 'https://p26-sign.douyinpic.com/tos-cn-p-0015/oohlAevrGBWRL0JBhnIm5aQGpCGQOAeAWe7PTA~tplv-noop.image?cquery=100K_100o_101r_100B_100H&dy_q=1760969609&l=20251020221329FF810B6B17C3D024C6A3&x-expires=1760980460&x-signature=FixM05P41FF0lXmRQ59nQRL3F8I%3D']}]}, 'item_aigc_follow_shot': 1, 'user_digged': 0, 'statistics': {'recommend_count': 1, 'comment_count': 0, 'digg_count': 28, 'admire_count': 0, 'play_count': 0, 'share_count': 4, 'collect_count': 8}, 'status': {'not_allow_soft_del_reason': 'ab', 'is_delete': False, 'allow_share': True, 'review_result': {'review_status': 0}, 'allow_friend_recommend_guide': True, 'part_see': 0, 'private_status': 0, 'listen_video_status': 2, 'in_reviewing': False, 'allow_self_recommend_to_friend': True, 'allow_friend_recommend': True, 'is_prohibited': False, 'enable_soft_delete': 0}, 'personal_page_botton_diagnose_style': 0, 'text_extra': [], 'is_top': 0, 'game_tag_info': {'is_game': False}, 'share_info': {'share_url': 'https://www.iesdouyin.com/share/video/7553605440500796723/?region=US&mid=7553605440345541428&u_code=0&did=MS4wLjABAAAAvCMmrvAxedjvycgJ9K0iX5KdtDHpyq-etIWoeicy6xniB0XMxRYv3S-CyP_GdsPs&iid=MS4wLjABAAAANwkJuWIRFOzg5uCpDRpMj4OX-QryoDgn-yYlXQnRwQQ&with_sec_did=1&video_share_track_ver=&titleType=title&share_sign=p5y8ILtYLC7mjJqVJ2OJNW34ox6UflduYBodXW5RbvI-&share_version=290100&ts=1760969609&from_aid=6383&from_ssr=1&share_track_info=%7B%22link_description_type%22%3A%22%22%7D', 'share_link_desc': '7.92 07/22 FuS:/ O@X.mD 当负面情绪来了你能"看见"它吗 我们总在负面情绪里长大——不由自主冒出的消极想法、突然袭来的低落情绪... 其实，终止情绪的开关，藏在你的"觉察"里 # 幼儿教育# 父母课堂# 育儿# 亲子关系# 家庭教育# 孙瑞雪  %s 复制此链接，打开Dou音搜索，直接观看视频！'}, 'nearby_hot_comment': None, 'video_labels': None, 'entertainment_video_paid_way': {'paid_ways': [], 'paid_type': 0, 'enable_use_new_ent_data': False}, 'is_ads': False, 'duration': 51804, 'aweme_type': 0, 'select_anchor_expanded_content': 0, 'ai_follow_images': None, 'image_infos': None, 'risk_infos': {'vote': False, 'warn': False, 'risk_sink': False, 'type': 0, 'content': ''}, 'galileo_pad_textcrop': {'ipad_d_h_cut_ratio': [5, 5], 'ipad_d_v_cut_ratio': [1, 2], 'android_d_h_cut_ratio': [5], 'android_d_v_cut_ratio': None, 'version': 1}, 'ent_log_extra': {'log_extra': '{"global_log_extra":null,"page_log_extra":null,"aweme_log_extra":{"ce_current_group_id":"7553605440500796723","author_id":"1965574329213736"},"extra_log_extra":null}'}, 'position': None, 'uniqid_position': None, 'comment_list': None, 'author_user_id': 1965574329213736, 'product_genre_info': {'product_genre_type': 2, 'material_genre_sub_type_set': [4], 'special_info': {'recommend_group_name': 0}}, 'geofencing': [], 'series_basic_info': {}, 'is_moment_history': 0, 'region': '', 'video_text': None, 'trends_infos': None, 'collect_stat': 0, 'label_top_text': None, 'promotions': [], 'group_id': '7547862696289914112', 'prevent_download': False, 'nickname_position': None, 'challenge_position': None, 'entertainment_video_type': 3, 'is_24_story': 0, 'enable_comment_sticker_rec': False, 'long_video': None, 'shoot_way': '', 'trends_event_track': '{}', 'video_share_edit_status': 0, 'follow_shoot_clip_info': {'clip_video_all': 7553605440345541428, 'clip_from_user': 7553605440345541428}, 'interaction_stickers': None, 'publish_plus_alienation': {'alienation_type': 0}, 'origin_comment_ids': None, 'commerce_config_data': None, 'caption_template_id': 0, 'video_control': {'allow_download': False, 'share_type': 0, 'show_progress_bar': 1, 'draft_progress_bar': 1, 'allow_duet': True, 'allow_react': True, 'prevent_download_type': 2, 'allow_dynamic_wallpaper': False, 'timer_status': 1, 'allow_music': True, 'allow_stitch': True, 'allow_douplus': True, 'allow_share': True, 'share_grayed': False, 'download_ignore_visibility': False, 'duet_ignore_visibility': False, 'share_ignore_visibility': False, 'download_info': {'level': 1, 'fail_info': {'code': 290002, 'reason': 'isolation_content', 'msg': '视频暂时无法保存，链接已复制'}}, 'duet_info': {'level': 0}, 'allow_record': True, 'disable_record_reason': '', 'timer_info': {'public_time': 1758718200, 'timer_status': 0}}, 'aweme_control': {'can_forward': True, 'can_share': True, 'can_comment': True, 'can_show_comment': True}, 'douplus_user_type': 0, 'is_25_story': 0, 'can_cache_to_local': True, 'is_moment_story': 0, 'anchors': None, 'hybrid_label': None, 'geofencing_regions': None, 'interest_points': None, 'aweme_acl': {'download_mask_panel': {'code': 1, 'show_type': 0}}, 'aweme_type_tags': '', 'is_story': 0, 'component_control': {'data_source_url': '/aweme/v1/web/aweme/post/'}, 'flash_mob_trends': 0, 'follow_shot_assets': None, 'cover_labels': None, 'is_new_text_mode': 0, 'mv_info': None, 'guide_btn_type': 0, 'is_from_ad_auth': False, 'origin_duet_resource_uri': '', 'images': None, 'relation_labels': None, 'cf_assets_type': 0, 'impression_data': {'group_id_list_a': [], 'group_id_list_b': [], 'similar_id_list_a': None, 'similar_id_list_b': None, 'group_id_list_c': [], 'group_id_list_d': []}, 'aweme_listen_struct': {'trace_info': '{"copyright_not_speech":"false","copyright_reason":"has_listen_cp_new","copyright_tag_hit":"","copyright_use_aed_default":"false","copyright_use_tag_default":"false","cp_ab":"true","desc":"","duration_over":"false","hit_high_risk":"false","media_type":"4","reason":"hit_ab_0","show":"false"}'}, 'chapter_bar_color': None, 'libfinsert_task_id': '', 'social_tag_list': None, 'suggest_words': {'suggest_words': [{'words': [{'word': '怎么控制自己的负面情绪', 'word_id': '6580316548836119821', 'info': '{"End":0,"Start":0,"ecpm_boost_tag":false,"log_pb":"","qrec_for_search":"{}"}'}], 'scene': 'comment_top_rec', 'icon_url': '', 'hint_text': '大家都在搜：', 'extra_info': '{"resp_from":"hit_cache"}'}, {'words': [{'word': '怎么控制自己的负面情绪', 'word_id': '6580316548836119821', 'info': '{"End":0,"Start":0,"ecpm_boost_tag":false,"log_pb":"","qrec_for_search":"{}"}'}], 'scene': 'detail_inbox_rex', 'icon_url': '', 'hint_text': '', 'extra_info': '{"resp_from":"hit_cache"}'}]}, 'show_follow_button': {}, 'duet_aggregate_in_music_tab': False, 'is_duet_sing': False, 'comment_permission_info': {'comment_permission_status': 0, 'can_comment': True, 'item_detail_entry': False, 'press_entry': False, 'toast_guide': False}, 'original_images': None, 'series_paid_info': {'series_paid_status': 0, 'item_price': 0}, 'img_bitrate': None, 'comment_gid': 7553605440500796723, 'image_album_music_info': {'begin_time': -1, 'end_time': -1, 'volume': -1}, 'video_tag': [{'tag_id': 2024, 'tag_name': '亲子', 'level': 1}, {'tag_id': 2024006, 'tag_name': '母婴', 'level': 2}, {'tag_id': 2024006003, 'tag_name': '育儿知识', 'level': 3}], 'is_collects_selected': 0, 'chapter_list': None, 'feed_comment_config': {'input_config_text': '善语结善缘，恶言伤人心', 'author_audit_status': 0, 'common_flags': '{"item_author_nickname":"孙瑞雪聊教育","video_labels_v2_tag1":"情感","video_labels_v2_tag2":"心理"}'}, 'is_image_beat': False, 'dislike_dimension_list': None, 'standard_bar_info_list': None, 'photo_search_entrance': {'ecom_type': 0}, 'is_life_item': False, 'image_list': None, 'component_info_v2': '{"desc_lines_limit":0,"hide_marquee":false}', 'item_warn_notification': {'type': 0, 'show': False, 'content': ''}, 'origin_text_extra': None, 'disable_relation_bar': 0, 'packed_clips': None, 'author_mask_tag': 0, 'user_recommend_status': 1, 'collection_corner_mark': 0, 'is_share_post': False, 'image_comment': {}, 'visual_search_info': {'is_show_img_entrance': False, 'is_ecom_img': False, 'is_high_accuracy_ecom': False, 'is_high_recall_ecom': False}, 'tts_id_list': None, 'ref_tts_id_list': None, 'voice_modify_id_list': None, 'ref_voice_modify_id_list': None, 'authentication_token': 'MS4wLjAAAAAAT51YzW7KUkc0H5JkCY1DfpNe-trgkiGxcsgxNH2128PbMy8JFwsJN-c2zd4Jtyn4vNk3ukOFUa1yrm3ii9sj-j9SzdpB9lQ_h53cQnmVBP9eSaRGTvPRHbQ55rktldqldCagfQK7wOnE3TDdFTiCnzTXl6F8ihb50VtVBwNr0hAlJ5lZNgBEiXyhKvAg34vb2lZnVEnoi1J1Am42xYVperrTFSDFsv8G6czQwcODDI79ynbHR0a9Ms3_Y61_2BJd', 'video_game_data_channel_config': {}, 'dislike_dimension_list_v2': None, 'distribute_circle': {'distribute_type': 0, 'campus_block_interaction': False, 'is_campus': False}, 'image_crop_ctrl': 0, 'yumme_recreason': None, 'slides_music_beats': None, 'jump_tab_info_list': None, 'media_type': 4, 'reply_smart_emojis': None, 'activity_video_type': -1, 'boost_status': 0, 'create_scale_type': None, 'entertainment_product_info': {'sub_title': None, 'market_info': {'limit_free': {'in_free': False}, 'marketing_tag': None}}, 'caption': '我们总在负面情绪里长大——不由自主冒出的消极想法、突然袭来的低落情绪...\n其实，终止情绪的开关，藏在你的"觉察"里\n\n\n#幼儿教育#父母课堂#育儿#亲子关系#家庭教育#孙瑞雪', 'item_title': '当负面情绪来了你能"看见"它吗', 'is_use_music': False, 'original': 0, 'xigua_base_info': {'status': 0, 'star_altar_order_id': 0, 'star_altar_type': 0, 'item_id': 0}, 'mark_largely_following': False, 'friend_recommend_info': {'friend_recommend_source': 10, 'label_user_list': None, 'disable_friend_recommend_guide_label': False}}, {'aweme_id': '7553223351074917682', 'desc': '6-12岁孩子的社交必修课 当孩子哭着问"妈妈我是不是很丑？"这位妈妈的回答太赞了！  \n#幼儿教育#父母课堂#育儿#亲子关系#家庭教育#孙瑞雪', 'create_time': 1758629100, 'author': {'uid': '1965574329213736', 'card_entries_not_display': None, 'nickname': '孙瑞雪聊教育', 'personal_tag_list': None, 'homepage_bottom_toast': None, 'avatar_thumb': {'uri': '100x100/aweme-avatar/tos-cn-avt-0015_afee5b125df955a19af4c41159ad1295', 'url_list': ['https://p3-pc.douyinpic.com/aweme/100x100/aweme-avatar/tos-cn-avt-0015_afee5b125df955a19af4c41159ad1295.jpeg?from=327834062'], 'width': 720, 'height': 720}, 'batch_unfollow_contain_tabs': None, 'not_seen_item_id_list': None, 'follow_status': 0, 'contrail_list': None, 'story_interactive': 0, 'data_label_list': None, 'custom_verify': '', 'follower_list_secondary_information_struct': None, 'display_info': None, 'interest_tags': None, 'account_cert_info': '{}', 'user_tags': None, 'share_info': {'share_url': '', 'share_weibo_desc': '', 'share_desc': '', 'share_title': '', 'share_qrcode_url': {'uri': '31b0500316c4e154852bc', 'url_list': ['https://p3-pc-sign.douyinpic.com/obj/31b0500316c4e154852bc?lk3s=138a59ce&x-expires=1760990400&x-signature=VnOegD8kfOkclbkCT%2BIUAVSkQl4%3D&from=327834062'], 'width': 720, 'height': 720}, 'share_title_myself': '', 'share_title_other': '', 'share_desc_info': ''}, 'can_set_geofencing': None, 'sec_uid': 'MS4wLjABAAAAnAFnkWlOm9jteymsi42fanYLMzfbqdGIwCILEUqDNmFyjfK9N8fSJdS_D2UWk_we', 'need_points': None, 'enterprise_verify_reason': '', 'is_ad_fake': False, 'story_ttl': 0, 'user_permissions': None, 'card_entries': None, 'creator_tag_list': None, 'offline_info_list': None, 'text_extra': None, 'card_sort_priority': None, 'prevent_download': False, 'special_people_labels': None, 'white_cover_url': None, 'endorsement_info_list': None, 'follower_status': 0, 'profile_mob_params': None, 'familiar_visitor_user': None, 'avatar_schema_list': None, 'cover_url': [{'uri': 'c8510002be9a3a61aad2', 'url_list': ['https://p3-pc-sign.douyinpic.com/obj/c8510002be9a3a61aad2?lk3s=138a59ce&x-expires=1762178400&x-signature=bEz6E0nbTH1458RtDsUU87G74Mk%3D&from=327834062'], 'width': 720, 'height': 720}], 'cf_list': None, 'im_role_ids': None, 'not_seen_item_id_list_v2': None, 'signature_extra': None, 'risk_notice_text': '', 'ban_user_functions': None, 'profile_component_disabled': None, 'verification_permission_ids': None, 'identity_labels': None, 'private_relation_list': None, 'link_item_list': None, 'batch_unfollow_relation_desc': None}, 'music': {'id': 7376188696542021642, 'id_str': '7376188696542021642', 'title': '温柔舒缓钢琴  甜蜜梦乡  Piano Lullaby', 'author': 'Vasco Lourenço', 'album': '温柔舒缓钢琴  甜蜜梦乡  Piano Lullaby', 'cover_hd': {'uri': 'tos-cn-v-2774c002/oAAAKIkeAsZZDbrtebCDwEEnxg0D8AoB3vbZhZ', 'url_list': ['https://p3.douyinpic.com/aweme/1080x1080/tos-cn-v-2774c002/oAAAKIkeAsZZDbrtebCDwEEnxg0D8AoB3vbZhZ.jpeg', 'https://p9.douyinpic.com/aweme/1080x1080/tos-cn-v-2774c002/oAAAKIkeAsZZDbrtebCDwEEnxg0D8AoB3vbZhZ.jpeg'], 'width': 720, 'height': 720}, 'cover_large': {'uri': 'tos-cn-v-2774c002/oAAAKIkeAsZZDbrtebCDwEEnxg0D8AoB3vbZhZ', 'url_list': ['https://p3.douyinpic.com/aweme/720x720/tos-cn-v-2774c002/oAAAKIkeAsZZDbrtebCDwEEnxg0D8AoB3vbZhZ.jpeg', 'https://p9.douyinpic.com/aweme/720x720/tos-cn-v-2774c002/oAAAKIkeAsZZDbrtebCDwEEnxg0D8AoB3vbZhZ.jpeg'], 'width': 720, 'height': 720}, 'cover_medium': {'uri': 'tos-cn-v-2774c002/oAAAKIkeAsZZDbrtebCDwEEnxg0D8AoB3vbZhZ', 'url_list': ['https://p3.douyinpic.com/aweme/200x200/tos-cn-v-2774c002/oAAAKIkeAsZZDbrtebCDwEEnxg0D8AoB3vbZhZ.jpeg', 'https://p9.douyinpic.com/aweme/200x200/tos-cn-v-2774c002/oAAAKIkeAsZZDbrtebCDwEEnxg0D8AoB3vbZhZ.jpeg'], 'width': 720, 'height': 720}, 'cover_thumb': {'uri': 'tos-cn-v-2774c002/oAAAKIkeAsZZDbrtebCDwEEnxg0D8AoB3vbZhZ', 'url_list': ['https://p3.douyinpic.com/aweme/100x100/tos-cn-v-2774c002/oAAAKIkeAsZZDbrtebCDwEEnxg0D8AoB3vbZhZ.jpeg', 'https://p9.douyinpic.com/aweme/100x100/tos-cn-v-2774c002/oAAAKIkeAsZZDbrtebCDwEEnxg0D8AoB3vbZhZ.jpeg'], 'width': 720, 'height': 720}, 'play_url': {'uri': 'https://sf5-hl-cdn-tos.douyinstatic.com/obj/tos-cn-ve-2774/oIk1mgDDmBf9ggzFEDvXhCQDtAE6fX0g0ZYVaa', 'url_list': ['https://sf5-hl-cdn-tos.douyinstatic.com/obj/tos-cn-ve-2774/oIk1mgDDmBf9ggzFEDvXhCQDtAE6fX0g0ZYVaa', 'https://sf5-hl-ali-cdn-tos.douyinstatic.com/obj/tos-cn-ve-2774/oIk1mgDDmBf9ggzFEDvXhCQDtAE6fX0g0ZYVaa'], 'width': 720, 'height': 720, 'url_key': '7376188696542021642'}, 'schema_url': '', 'source_platform': 10036, 'start_time': 0, 'end_time': 0, 'duration': 121, 'extra': '{"music_label_id":4424,"is_aed_music":0,"dsp_switch":0,"reviewed":0,"image_beats_url":"https://sf5-hl-ali-cdn-tos.douyinstatic.com/obj/tos-cn-v-2774c002/oMEzo2IDMAffJYEsaQbD1bAIGeFSLBAHCCAMNI","hotsoon_review_time":-1,"cover_colors":{"rgb":[19,42,63]},"is_red":0,"beats":{"audio_effect_onset":"https://sf5-hl-cdn-tos.douyinstatic.com/obj/tos-cn-v-2774c002/ogIePZBmvbY1tF4I8uDDsgAtDiAfChZAwIAEEG","beats_tracker":"https://sf5-hl-ali-cdn-tos.douyinstatic.com/obj/tos-cn-v-2774c002/oMEzo2IDMAffJYEsaQbD1bAIGeFSLBAHCCAMNI","energy_trace":"https://sf6-cdn-tos.douyinstatic.com/obj/tos-cn-v-2774c002/o88a2AAbzBg06zVsAxiiQWBwWNBswGAEE2fImj","merged_beats":"https://sf5-hl-cdn-tos.douyinstatic.com/obj/tos-cn-v-2774c002/oIABAf8uDABmFAnthsEaGoE2bBDE6BogfFZwtC"},"douyin_beats_info":{},"aggregate_exempt_conf":[],"peak":"0.44510984","hit_high_follow_original":false,"hit_high_follow_extend":false,"schedule_search_time":0,"with_aed_model":0,"hit_high_follow_auto":false,"has_edited":0,"review_unshelve_reason":0,"music_tagging":{"Languages":["non_vocal"],"Moods":["Healing","Calm"],"Genres":["Easy Listening"],"Themes":["Meditation"],"AEDs":["non_vocal"],"SingingVersions":null,"Instruments":null},"is_subsidy_exp":false,"loudness":"-21.834173","is_high_follow_user":false}', 'user_count': 0, 'position': None, 'collect_stat': 0, 'status': 1, 'offline_desc': '', 'owner_nickname': '', 'is_original': False, 'mid': '7376188696542021642', 'binded_challenge_id': 0, 'redirect': False, 'is_restricted': False, 'author_deleted': False, 'is_del_video': False, 'is_video_self_see': False, 'owner_handle': '', 'author_position': None, 'prevent_download': False, 'unshelve_countries': None, 'prevent_item_download_status': 0, 'external_song_info': [], 'preview_start_time': 0, 'preview_end_time': 0, 'is_commerce_music': True, 'is_original_sound': False, 'audition_duration': 121, 'shoot_duration': 121, 'reason_type': 0, 'artists': [], 'lyric_short_position': None, 'mute_share': False, 'tag_list': None, 'dmv_auto_show': False, 'is_pgc': True, 'is_matched_metadata': False, 'is_audio_url_with_cookie': False, 'music_chart_ranks': None, 'can_background_play': True, 'music_status': 1, 'video_duration': 6000, 'pgc_music_type': 1, 'cover_color_hsv': {'h': 209, 's': 35, 'v': 25}, 'search_impr': {'entity_id': '7376188696542021642'}, 'song': {'id': 7376188081039509513, 'id_str': '7376188081039509513', 'title': '温柔舒缓钢琴  甜蜜梦乡  Piano Lullaby', 'artists': None, 'chorus': {'start_ms': 0, 'duration_ms': 19584}, 'chorus_v3_infos': None}, 'artist_user_infos': None, 'dsp_status': 10, 'musician_user_infos': None, 'music_image_beats': {'music_image_beats_url': {'uri': 'tos-cn-v-2774c002/oMEzo2IDMAffJYEsaQbD1bAIGeFSLBAHCCAMNI', 'url_list': ['https://sf5-hl-ali-cdn-tos.douyinstatic.com/obj/tos-cn-v-2774c002/oMEzo2IDMAffJYEsaQbD1bAIGeFSLBAHCCAMNI'], 'width': 720, 'height': 720}}, 'music_collect_count': 0, 'music_cover_atmosphere_color_value': '', 'show_origin_clip': False}, 'effect_inflow_effects': None, 'video': {'play_addr': {'uri': 'v0300fg10000d396smfog65luild0leg', 'url_list': ['https://v5-dy-o-abtest.zjcdn.com/3fd6003ab4e96ffc0c0b465fd935611b/68f66e2d/video/tos/cn/tos-cn-ve-15/o0KcLQHd0vAwFVrSB1iigcBsAaAe1qbEI9fQDT/?a=6383&ch=10010&cr=3&dr=0&lr=all&cd=0%7C0%7C0%7C3&cv=1&br=520&bt=520&cs=0&ds=3&ft=c2YTctGHQPRUZxfusdr~kwPqYldQIKDEE-TerrNqq_45a&mime_type=video_mp4&qs=0&rc=ZTlpODdpOjs1N2g0Zzk5ZEBpam9nbG85cnA5NjMzNGkzM0AzYF4yYmBiXzExNDU0MjVfYSNiLWlyMmRjcDZhLS1kLTBzcw%3D%3D&btag=80000e00028000&cquery=100o_101r_100B_100H_100K&dy_q=1760969609&feature_id=fea919893f650a8c49286568590446ef&l=20251020221329FF810B6B17C3D024C6A3', 'https://v5-dy-o-abtest.zjcdn.com/3fd6003ab4e96ffc0c0b465fd935611b/68f66e2d/video/tos/cn/tos-cn-ve-15/o0KcLQHd0vAwFVrSB1iigcBsAaAe1qbEI9fQDT/?a=6383&ch=10010&cr=3&dr=0&lr=all&cd=0%7C0%7C0%7C3&cv=1&br=520&bt=520&cs=0&ds=3&ft=c2YTctGHQPRUZxfusdr~kwPqYldQIKDEE-TerrNqq_45a&mime_type=video_mp4&qs=0&rc=ZTlpODdpOjs1N2g0Zzk5ZEBpam9nbG85cnA5NjMzNGkzM0AzYF4yYmBiXzExNDU0MjVfYSNiLWlyMmRjcDZhLS1kLTBzcw%3D%3D&btag=80000e00028000&cquery=101r_100B_100H_100K_100o&dy_q=1760969609&feature_id=fea919893f650a8c49286568590446ef&l=20251020221329FF810B6B17C3D024C6A3', 'https://www.douyin.com/aweme/v1/play/?video_id=v0300fg10000d396smfog65luild0leg&line=0&file_id=ba86567d817e4442b8e7cfe455afc66b&sign=ff6a1d8b03db373826d5413cf889a370&is_play_url=1&source=PackSourceEnum_PUBLISH'], 'width': 720, 'height': 1280, 'url_key': 'v0300fg10000d396smfog65luild0leg_h264_720p_533036', 'data_size': 7794519, 'file_hash': 'ff6a1d8b03db373826d5413cf889a370', 'file_cs': 'c:0-128565-8bec|a:v0300fg10000d396smfog65luild0leg'}, 'cover': {'uri': 'tos-cn-p-0015/osQIgDaI9r7bAu0dKiTsAhisSB1mfqAVeBBczD', 'url_list': ['https://p3-pc-sign.douyinpic.com/tos-cn-p-0015/osQIgDaI9r7bAu0dKiTsAhisSB1mfqAVeBBczD~tplv-dy-cropcenter:323:430.jpeg?lk3s=138a59ce&x-expires=2076328800&x-signature=v%2BCzDH%2FsqqE2Q5p%2Fo1ZkWAFtRrQ%3D&from=327834062&s=PackSourceEnum_PUBLISH&se=true&sh=323_430&sc=cover&biz_tag=pcweb_cover&l=20251020221329FF810B6B17C3D024C6A3', 'https://p3-pc-sign.douyinpic.com/obj/tos-cn-p-0015/osQIgDaI9r7bAu0dKiTsAhisSB1mfqAVeBBczD?lk3s=138a59ce&x-expires=2076328800&x-signature=WITG41tsLRVlHQopZ0bXC2gFL2U%3D&from=327834062&s=PackSourceEnum_PUBLISH&se=false&sc=cover&biz_tag=pcweb_cover&l=20251020221329FF810B6B17C3D024C6A3'], 'width': 720, 'height': 720}, 'height': 1920, 'width': 1080, 'dynamic_cover': {'uri': 'tos-cn-p-0015/oAISIBAIecraAZB09iDLfVgKdc1AsiKgDQTKBj', 'url_list': ['https://p3-pc-sign.douyinpic.com/obj/tos-cn-p-0015/oAISIBAIecraAZB09iDLfVgKdc1AsiKgDQTKBj?lk3s=138a59ce&x-expires=1762178400&x-signature=WuRWKnnAsLDxmyMP%2FV2YwrGeQdY%3D&from=327834062_large&s=PackSourceEnum_PUBLISH&se=false&sc=dynamic_cover&biz_tag=pcweb_cover&l=20251020221329FF810B6B17C3D024C6A3', 'https://p9-pc-sign.douyinpic.com/obj/tos-cn-p-0015/oAISIBAIecraAZB09iDLfVgKdc1AsiKgDQTKBj?lk3s=138a59ce&x-expires=1762178400&x-signature=u5PeHW9OlkZBzStEqu9kDqsIU%2FA%3D&from=327834062_large&s=PackSourceEnum_PUBLISH&se=false&sc=dynamic_cover&biz_tag=pcweb_cover&l=20251020221329FF810B6B17C3D024C6A3'], 'width': 720, 'height': 720}, 'origin_cover': {'uri': 'tos-cn-p-0015/owjIA88diiA9VaAgIe3BDsrQTVcrc10S1AKfBK', 'url_list': ['https://p3-pc-sign.douyinpic.com/tos-cn-p-0015/owjIA88diiA9VaAgIe3BDsrQTVcrc10S1AKfBK~tplv-dy-360p.jpeg?lk3s=138a59ce&x-expires=1762178400&x-signature=KSjL6VY3xNneJ7iUY0N98cNKSzs%3D&from=327834062&s=PackSourceEnum_PUBLISH&se=false&sc=origin_cover&biz_tag=pcweb_cover&l=20251020221329FF810B6B17C3D024C6A3', 'https://p9-pc-sign.douyinpic.com/tos-cn-p-0015/owjIA88diiA9VaAgIe3BDsrQTVcrc10S1AKfBK~tplv-dy-360p.jpeg?lk3s=138a59ce&x-expires=1762178400&x-signature=LvQ1iVUYosp6bF1ZXcQdTVyRPbE%3D&from=327834062&s=PackSourceEnum_PUBLISH&se=false&sc=origin_cover&biz_tag=pcweb_cover&l=20251020221329FF810B6B17C3D024C6A3'], 'width': 360, 'height': 640}, 'ratio': '720p', 'format': 'mp4', 'audio': {'original_sound_infos': None}, 'bit_rate': [{'gear_name': 'normal_720_0', 'quality_type': 10, 'bit_rate': 533036, 'play_addr': {'uri': 'v0300fg10000d396smfog65luild0leg', 'url_list': ['https://v5-dy-o-abtest.zjcdn.com/3fd6003ab4e96ffc0c0b465fd935611b/68f66e2d/video/tos/cn/tos-cn-ve-15/o0KcLQHd0vAwFVrSB1iigcBsAaAe1qbEI9fQDT/?a=6383&ch=10010&cr=3&dr=0&lr=all&cd=0%7C0%7C0%7C3&cv=1&br=520&bt=520&cs=0&ds=3&ft=c2YTctGHQPRUZxfusdr~kwPqYldQIKDEE-TerrNqq_45a&mime_type=video_mp4&qs=0&rc=ZTlpODdpOjs1N2g0Zzk5ZEBpam9nbG85cnA5NjMzNGkzM0AzYF4yYmBiXzExNDU0MjVfYSNiLWlyMmRjcDZhLS1kLTBzcw%3D%3D&btag=80000e00028000&cquery=100o_101r_100B_100H_100K&dy_q=1760969609&feature_id=fea919893f650a8c49286568590446ef&l=20251020221329FF810B6B17C3D024C6A3', 'https://v5-dy-o-abtest.zjcdn.com/3fd6003ab4e96ffc0c0b465fd935611b/68f66e2d/video/tos/cn/tos-cn-ve-15/o0KcLQHd0vAwFVrSB1iigcBsAaAe1qbEI9fQDT/?a=6383&ch=10010&cr=3&dr=0&lr=all&cd=0%7C0%7C0%7C3&cv=1&br=520&bt=520&cs=0&ds=3&ft=c2YTctGHQPRUZxfusdr~kwPqYldQIKDEE-TerrNqq_45a&mime_type=video_mp4&qs=0&rc=ZTlpODdpOjs1N2g0Zzk5ZEBpam9nbG85cnA5NjMzNGkzM0AzYF4yYmBiXzExNDU0MjVfYSNiLWlyMmRjcDZhLS1kLTBzcw%3D%3D&btag=80000e00028000&cquery=101r_100B_100H_100K_100o&dy_q=1760969609&feature_id=fea919893f650a8c49286568590446ef&l=20251020221329FF810B6B17C3D024C6A3', 'https://www.douyin.com/aweme/v1/play/?video_id=v0300fg10000d396smfog65luild0leg&line=0&file_id=ba86567d817e4442b8e7cfe455afc66b&sign=ff6a1d8b03db373826d5413cf889a370&is_play_url=1&source=PackSourceEnum_PUBLISH'], 'width': 720, 'height': 1280, 'url_key': 'v0300fg10000d396smfog65luild0leg_h264_720p_533036', 'data_size': 7794519, 'file_hash': 'ff6a1d8b03db373826d5413cf889a370', 'file_cs': 'c:0-128565-8bec|a:v0300fg10000d396smfog65luild0leg'}, 'is_h265': 0, 'is_bytevc1': 0, 'HDR_type': '', 'HDR_bit': '', 'FPS': 30, 'video_extra': '{"PktOffsetMap":"[{\\"time\\": 1, \\"offset\\": 252665}, {\\"time\\": 2, \\"offset\\": 314650}, {\\"time\\": 3, \\"offset\\": 382842}, {\\"time\\": 4, \\"offset\\": 432487}, {\\"time\\": 5, \\"offset\\": 494927}, {\\"time\\": 10, \\"offset\\": 822029}]","format":"mp4","definition":"720p","quality":"normal","file_id":"ba86567d817e4442b8e7cfe455afc66b","applog_map":{"feature_id":"fea919893f650a8c49286568590446ef"},"audio_channels":"2.0","audio_sample_rate":"44100","audio_metrics":null,"audio_score":null}', 'format': 'mp4'}, {'gear_name': 'low_720_0', 'quality_type': 211, 'bit_rate': 450748, 'play_addr': {'uri': 'v0300fg10000d396smfog65luild0leg', 'url_list': ['https://v5-dy-o-abtest.zjcdn.com/a1219096038ea42b690636f3efdab6c5/68f66e2d/video/tos/cn/tos-cn-ve-15/ocGArc0KQteVis9AiTAT6IEBtgyDaSQBdWfG11/?a=6383&ch=10010&cr=3&dr=0&lr=all&cd=0%7C0%7C0%7C3&cv=1&br=440&bt=440&cs=0&ds=3&ft=c2YTctGHQPRUZxfusdr~kwPqYldQIKDEE-TerrNqq_45a&mime_type=video_mp4&qs=1&rc=N2ZlZTs1OGhoMztnZjdkaEBpam9nbG85cnA5NjMzNGkzM0AtYi0yYjViNTUxLTUwMGA2YSNiLWlyMmRjcDZhLS1kLTBzcw%3D%3D&btag=80000e00028000&cquery=100K_100o_101r_100B_100H&dy_q=1760969609&feature_id=0ea98fd3bdc3c6c14a3d0804cc272721&l=20251020221329FF810B6B17C3D024C6A3', 'https://v5-dy-o-abtest.zjcdn.com/a1219096038ea42b690636f3efdab6c5/68f66e2d/video/tos/cn/tos-cn-ve-15/ocGArc0KQteVis9AiTAT6IEBtgyDaSQBdWfG11/?a=6383&ch=10010&cr=3&dr=0&lr=all&cd=0%7C0%7C0%7C3&cv=1&br=440&bt=440&cs=0&ds=3&ft=c2YTctGHQPRUZxfusdr~kwPqYldQIKDEE-TerrNqq_45a&mime_type=video_mp4&qs=1&rc=N2ZlZTs1OGhoMztnZjdkaEBpam9nbG85cnA5NjMzNGkzM0AtYi0yYjViNTUxLTUwMGA2YSNiLWlyMmRjcDZhLS1kLTBzcw%3D%3D&btag=80000e00028000&cquery=101r_100B_100H_100K_100o&dy_q=1760969609&feature_id=0ea98fd3bdc3c6c14a3d0804cc272721&l=20251020221329FF810B6B17C3D024C6A3', 'https://www.douyin.com/aweme/v1/play/?video_id=v0300fg10000d396smfog65luild0leg&line=0&file_id=9eca343c8d08408e8ee582e85b0bec04&sign=75f9545603c476129c2642b678fbb23d&is_play_url=1&source=PackSourceEnum_PUBLISH'], 'width': 720, 'height': 1280, 'url_key': 'v0300fg10000d396smfog65luild0leg_h264_720p_450748', 'data_size': 6591242, 'file_hash': '75f9545603c476129c2642b678fbb23d', 'file_cs': 'c:0-97680-357c|a:v0300fg10000d396smfog65luild0leg'}, 'is_h265': 0, 'is_bytevc1': 0, 'HDR_type': '', 'HDR_bit': '', 'FPS': 30, 'video_extra': '{"PktOffsetMap":"[{\\"time\\": 1, \\"offset\\": 213475}, {\\"time\\": 2, \\"offset\\": 264321}, {\\"time\\": 3, \\"offset\\": 320257}, {\\"time\\": 4, \\"offset\\": 363160}, {\\"time\\": 5, \\"offset\\": 413040}, {\\"time\\": 10, \\"offset\\": 689553}]","format":"mp4","definition":"720p","quality":"low","file_id":"9eca343c8d08408e8ee582e85b0bec04","applog_map":{"feature_id":"0ea98fd3bdc3c6c14a3d0804cc272721"},"audio_channels":"2.0","audio_sample_rate":"44100","audio_metrics":null,"audio_score":null}', 'format': 'mp4'}, {'gear_name': 'low_540_0', 'quality_type': 292, 'bit_rate': 415612, 'play_addr': {'uri': 'v0300fg10000d396smfog65luild0leg', 'url_list': ['https://v5-dy-o-abtest.zjcdn.com/d1a820e9d5f9d1affac43a86dd2f3c06/68f66e2d/video/tos/cn/tos-cn-ve-15/oQCMAbVpiLfX0BNAgRIGXoe0RLeFAytqBGbzB7/?a=6383&ch=10010&cr=3&dr=0&lr=all&cd=0%7C0%7C0%7C3&cv=1&br=405&bt=405&cs=0&ds=6&ft=c2YTctGHQPRUZxfusdr~kwPqYldQIKDEE-TerrNqq_45a&mime_type=video_mp4&qs=1&rc=aDY7OTU0N2hoNjgzOzc8O0Bpam9nbG85cnA5NjMzNGkzM0BiXjBfL2EwX2ExYS41YWFgYSNiLWlyMmRjcDZhLS1kLTBzcw%3D%3D&btag=80000e00028000&cquery=100o_101r_100B_100H_100K&dy_q=1760969609&feature_id=0ea98fd3bdc3c6c14a3d0804cc272721&l=20251020221329FF810B6B17C3D024C6A3', 'https://v5-dy-o-abtest.zjcdn.com/d1a820e9d5f9d1affac43a86dd2f3c06/68f66e2d/video/tos/cn/tos-cn-ve-15/oQCMAbVpiLfX0BNAgRIGXoe0RLeFAytqBGbzB7/?a=6383&ch=10010&cr=3&dr=0&lr=all&cd=0%7C0%7C0%7C3&cv=1&br=405&bt=405&cs=0&ds=6&ft=c2YTctGHQPRUZxfusdr~kwPqYldQIKDEE-TerrNqq_45a&mime_type=video_mp4&qs=1&rc=aDY7OTU0N2hoNjgzOzc8O0Bpam9nbG85cnA5NjMzNGkzM0BiXjBfL2EwX2ExYS41YWFgYSNiLWlyMmRjcDZhLS1kLTBzcw%3D%3D&btag=80000e00028000&cquery=100B_100H_100K_100o_101r&dy_q=1760969609&feature_id=0ea98fd3bdc3c6c14a3d0804cc272721&l=20251020221329FF810B6B17C3D024C6A3', 'https://www.douyin.com/aweme/v1/play/?video_id=v0300fg10000d396smfog65luild0leg&line=0&file_id=c8d9d48810d543debe34d122b638a3ee&sign=ee3c10a656356d95a5f81319e86151cc&is_play_url=1&source=PackSourceEnum_PUBLISH'], 'width': 576, 'height': 1024, 'url_key': 'v0300fg10000d396smfog65luild0leg_h264_540p_415612', 'data_size': 6077452, 'file_hash': 'ee3c10a656356d95a5f81319e86151cc', 'file_cs': 'c:0-97696-b81e|a:v0300fg10000d396smfog65luild0leg'}, 'is_h265': 0, 'is_bytevc1': 0, 'HDR_type': '', 'HDR_bit': '', 'FPS': 30, 'video_extra': '{"PktOffsetMap":"[{\\"time\\": 1, \\"offset\\": 202396}, {\\"time\\": 2, \\"offset\\": 248812}, {\\"time\\": 3, \\"offset\\": 301392}, {\\"time\\": 4, \\"offset\\": 341672}, {\\"time\\": 5, \\"offset\\": 387885}, {\\"time\\": 10, \\"offset\\": 644322}]","format":"mp4","definition":"540p","quality":"low","file_id":"c8d9d48810d543debe34d122b638a3ee","applog_map":{"feature_id":"0ea98fd3bdc3c6c14a3d0804cc272721"},"audio_channels":"2.0","audio_sample_rate":"44100","audio_metrics":null,"audio_score":null}', 'format': 'mp4'}, {'gear_name': 'adapt_low_540_0', 'quality_type': 291, 'bit_rate': 302453, 'play_addr': {'uri': 'v0300fg10000d396smfog65luild0leg', 'url_list': ['https://v5-dy-o-abtest.zjcdn.com/fdceae6bbdb2cdb7bae6528599076434/68f66e2d/video/tos/cn/tos-cn-ve-15/oUpA0CINogGQ7HAVy03BLibBeXGAfRRBbtgzqf/?a=6383&ch=10010&cr=3&dr=0&lr=all&cd=0%7C0%7C0%7C3&cv=1&br=295&bt=295&cs=0&ds=6&ft=c2YTctGHQPRUZxfusdr~kwPqYldQIKDEE-TerrNqq_45a&mime_type=video_mp4&qs=12&rc=OjRoaDY0NTc2ZWc5OTNkN0Bpam9nbG85cnA5NjMzNGkzM0BeMzQxNDI1XjUxNjVgMWJhYSNiLWlyMmRjcDZhLS1kLTBzcw%3D%3D&btag=80000e00028000&cquery=101r_100B_100H_100K_100o&dy_q=1760969609&feature_id=0ea98fd3bdc3c6c14a3d0804cc272721&l=20251020221329FF810B6B17C3D024C6A3', 'https://v5-dy-o-abtest.zjcdn.com/fdceae6bbdb2cdb7bae6528599076434/68f66e2d/video/tos/cn/tos-cn-ve-15/oUpA0CINogGQ7HAVy03BLibBeXGAfRRBbtgzqf/?a=6383&ch=10010&cr=3&dr=0&lr=all&cd=0%7C0%7C0%7C3&cv=1&br=295&bt=295&cs=0&ds=6&ft=c2YTctGHQPRUZxfusdr~kwPqYldQIKDEE-TerrNqq_45a&mime_type=video_mp4&qs=12&rc=OjRoaDY0NTc2ZWc5OTNkN0Bpam9nbG85cnA5NjMzNGkzM0BeMzQxNDI1XjUxNjVgMWJhYSNiLWlyMmRjcDZhLS1kLTBzcw%3D%3D&btag=80000e00028000&cquery=100B_100H_100K_100o_101r&dy_q=1760969609&feature_id=0ea98fd3bdc3c6c14a3d0804cc272721&l=20251020221329FF810B6B17C3D024C6A3', 'https://www.douyin.com/aweme/v1/play/?video_id=v0300fg10000d396smfog65luild0leg&line=0&file_id=d4ea40c6869d4b83a48251734e7e61a7&sign=028875aabf56420ee0c8fb6bf32bbf40&is_play_url=1&source=PackSourceEnum_PUBLISH'], 'width': 576, 'height': 1024, 'url_key': 'v0300fg10000d396smfog65luild0leg_h264_540p_302453', 'data_size': 4422735, 'file_hash': '028875aabf56420ee0c8fb6bf32bbf40', 'file_cs': 'c:0-97703-6d15|a:v0300fg10000d396smfog65luild0leg'}, 'is_h265': 0, 'is_bytevc1': 0, 'HDR_type': '', 'HDR_bit': '', 'FPS': 30, 'video_extra': '{"PktOffsetMap":"[{\\"time\\": 1, \\"offset\\": 174068}, {\\"time\\": 2, \\"offset\\": 208066}, {\\"time\\": 3, \\"offset\\": 246174}, {\\"time\\": 4, \\"offset\\": 274063}, {\\"time\\": 5, \\"offset\\": 307680}, {\\"time\\": 10, \\"offset\\": 492152}]","format":"mp4","definition":"540p","quality":"adapt_low","file_id":"d4ea40c6869d4b83a48251734e7e61a7","applog_map":{"feature_id":"0ea98fd3bdc3c6c14a3d0804cc272721"},"audio_channels":"2.0","audio_sample_rate":"44100","audio_metrics":null,"audio_score":null}', 'format': 'mp4'}, {'gear_name': 'adapt_lowest_720_1', 'quality_type': 15, 'bit_rate': 260523, 'play_addr': {'uri': 'v0300fg10000d396smfog65luild0leg', 'url_list': ['https://v5-dy-o-abtest.zjcdn.com/ac8d21ddcecfa686c4da5231b6d0fa03/68f66e2d/video/tos/cn/tos-cn-ve-15/o0VSs9cioKerQEMI7Bi0AcjBgdD9DAX2fTaAQ1/?a=6383&ch=10010&cr=3&dr=0&lr=all&cd=0%7C0%7C0%7C3&cv=1&br=254&bt=254&cs=2&ds=3&ft=c2YTctGHQPRUZxfusdr~kwPqYldQIKDEE-TerrNqq_45a&mime_type=video_mp4&qs=15&rc=NDw0ZGhnOzc8ZTk6ZzxoNkBpam9nbG85cnA5NjMzNGkzM0AuYzYvXzEvNWExNjMyMF4yYSNiLWlyMmRjcDZhLS1kLTBzcw%3D%3D&btag=80000e00028000&cquery=101r_100B_100H_100K_100o&dy_q=1760969609&feature_id=b38008770b4e09863331b14b26bcdc23&l=20251020221329FF810B6B17C3D024C6A3', 'https://v5-dy-o-abtest.zjcdn.com/ac8d21ddcecfa686c4da5231b6d0fa03/68f66e2d/video/tos/cn/tos-cn-ve-15/o0VSs9cioKerQEMI7Bi0AcjBgdD9DAX2fTaAQ1/?a=6383&ch=10010&cr=3&dr=0&lr=all&cd=0%7C0%7C0%7C3&cv=1&br=254&bt=254&cs=2&ds=3&ft=c2YTctGHQPRUZxfusdr~kwPqYldQIKDEE-TerrNqq_45a&mime_type=video_mp4&qs=15&rc=NDw0ZGhnOzc8ZTk6ZzxoNkBpam9nbG85cnA5NjMzNGkzM0AuYzYvXzEvNWExNjMyMF4yYSNiLWlyMmRjcDZhLS1kLTBzcw%3D%3D&btag=80000e00028000&cquery=101r_100B_100H_100K_100o&dy_q=1760969609&feature_id=b38008770b4e09863331b14b26bcdc23&l=20251020221329FF810B6B17C3D024C6A3', 'https://www.douyin.com/aweme/v1/play/?video_id=v0300fg10000d396smfog65luild0leg&line=0&file_id=53ae395d67964bd984284dbe2a91f911&sign=3b4754f88e4f470d13074131ec00d542&is_play_url=1&source=PackSourceEnum_PUBLISH'], 'width': 720, 'height': 1280, 'url_key': 'v0300fg10000d396smfog65luild0leg_bytevc1_720p_260523', 'data_size': 3809596, 'file_hash': '3b4754f88e4f470d13074131ec00d542', 'file_cs': 'c:0-97870-74d3|a:v0300fg10000d396smfog65luild0leg'}, 'is_h265': 1, 'is_bytevc1': 1, 'HDR_type': '', 'HDR_bit': '', 'FPS': 30, 'video_extra': '{"PktOffsetMap":"[{\\"time\\": 1, \\"offset\\": 173782}, {\\"time\\": 2, \\"offset\\": 199437}, {\\"time\\": 3, \\"offset\\": 234783}, {\\"time\\": 4, \\"offset\\": 264114}, {\\"time\\": 5, \\"offset\\": 296594}, {\\"time\\": 10, \\"offset\\": 442800}]","format":"mp4","definition":"720p","quality":"adapt_lowest","file_id":"53ae395d67964bd984284dbe2a91f911","applog_map":{"feature_id":"b38008770b4e09863331b14b26bcdc23"},"mvmaf":"{\\"mvmaf_sr_v1080\\":98.741,\\"mvmaf_sr_v960\\":99.104,\\"mvmaf_sr_v864\\":99.418,\\"mvmaf_sr_v720\\":99.694,\\"mvmaf_ori_v1080\\":88.885,\\"mvmaf_ori_v960\\":91.277,\\"mvmaf_ori_v864\\":92.695,\\"mvmaf_ori_v720\\":95.14}","ufq":"{\\"enh\\":92.803,\\"playback\\":{\\"ori\\":85.688,\\"srv1\\":92.118},\\"src\\":92.803,\\"trans\\":85.688,\\"version\\":\\"v1.0\\"}","audio_channels":"2.0","audio_sample_rate":"44100","audio_metrics":null,"audio_score":null}', 'format': 'mp4'}, {'gear_name': 'adapt_lowest_1080_1', 'quality_type': 2, 'bit_rate': 254633, 'play_addr': {'uri': 'v0300fg10000d396smfog65luild0leg', 'url_list': ['https://v5-dy-o-abtest.zjcdn.com/82aa464d73df1df8e343925a1c2f55dd/68f66e2d/video/tos/cn/tos-cn-ve-15/o0DQadreVI9rAVKAi0Tg3cB1isfQABYDTEoTju/?a=6383&ch=10010&cr=3&dr=0&lr=all&cd=0%7C0%7C0%7C3&cv=1&br=248&bt=248&cs=2&ds=4&ft=c2YTctGHQPRUZxfusdr~kwPqYldQIKDEE-TerrNqq_45a&mime_type=video_mp4&qs=15&rc=OmY1OGlpPDU3ZGk5Nzc0NEBpam9nbG85cnA5NjMzNGkzM0BeYWM2NS4vNWExX14uMV8uYSNiLWlyMmRjcDZhLS1kLTBzcw%3D%3D&btag=80000e00028000&cquery=100H_100K_100o_101r_100B&dy_q=1760969609&feature_id=b38008770b4e09863331b14b26bcdc23&l=20251020221329FF810B6B17C3D024C6A3', 'https://v5-dy-o-abtest.zjcdn.com/82aa464d73df1df8e343925a1c2f55dd/68f66e2d/video/tos/cn/tos-cn-ve-15/o0DQadreVI9rAVKAi0Tg3cB1isfQABYDTEoTju/?a=6383&ch=10010&cr=3&dr=0&lr=all&cd=0%7C0%7C0%7C3&cv=1&br=248&bt=248&cs=2&ds=4&ft=c2YTctGHQPRUZxfusdr~kwPqYldQIKDEE-TerrNqq_45a&mime_type=video_mp4&qs=15&rc=OmY1OGlpPDU3ZGk5Nzc0NEBpam9nbG85cnA5NjMzNGkzM0BeYWM2NS4vNWExX14uMV8uYSNiLWlyMmRjcDZhLS1kLTBzcw%3D%3D&btag=80000e00028000&cquery=101r_100B_100H_100K_100o&dy_q=1760969609&feature_id=b38008770b4e09863331b14b26bcdc23&l=20251020221329FF810B6B17C3D024C6A3', 'https://www.douyin.com/aweme/v1/play/?video_id=v0300fg10000d396smfog65luild0leg&line=0&file_id=11b14414a6bf4ad482291f8f95f2dca7&sign=81f46470ea864ab01228cfaa264e54a8&is_play_url=1&source=PackSourceEnum_PUBLISH'], 'width': 1080, 'height': 1920, 'url_key': 'v0300fg10000d396smfog65luild0leg_bytevc1_1080p_254633', 'data_size': 3723480, 'file_hash': '81f46470ea864ab01228cfaa264e54a8', 'file_cs': 'c:0-97869-0c63|a:v0300fg10000d396smfog65luild0leg'}, 'is_h265': 1, 'is_bytevc1': 1, 'HDR_type': '', 'HDR_bit': '', 'FPS': 30, 'video_extra': '{"PktOffsetMap":"[{\\"time\\": 1, \\"offset\\": 180900}, {\\"time\\": 2, \\"offset\\": 207559}, {\\"time\\": 3, \\"offset\\": 242680}, {\\"time\\": 4, \\"offset\\": 269910}, {\\"time\\": 5, \\"offset\\": 301162}, {\\"time\\": 10, \\"offset\\": 447116}]","format":"mp4","definition":"1080p","quality":"adapt_lowest","file_id":"11b14414a6bf4ad482291f8f95f2dca7","applog_map":{"feature_id":"b38008770b4e09863331b14b26bcdc23"},"mvmaf":"{\\"mvmaf_sr_v1080\\":98.818,\\"mvmaf_sr_v960\\":98.74,\\"mvmaf_sr_v864\\":98.956,\\"mvmaf_sr_v720\\":99.047,\\"mvmaf_ori_v1080\\":92.904,\\"mvmaf_ori_v960\\":93.348,\\"mvmaf_ori_v864\\":93.822,\\"mvmaf_ori_v720\\":94.457}","ufq":"{\\"enh\\":92.803,\\"playback\\":{\\"ori\\":89.707,\\"srv1\\":92.134},\\"src\\":92.803,\\"trans\\":89.707,\\"version\\":\\"v1.0\\"}","audio_channels":"2.0","audio_sample_rate":"44100","audio_metrics":null,"audio_score":null}', 'format': 'mp4'}, {'gear_name': 'adapt_540_1', 'quality_type': 28, 'bit_rate': 241895, 'play_addr': {'uri': 'v0300fg10000d396smfog65luild0leg', 'url_list': ['https://v5-dy-o-abtest.zjcdn.com/16560a460c6eb456aac97681191b1a54/68f66e2d/video/tos/cn/tos-cn-ve-15/o47cIDiBX9fAQ1pQd0TSAVdEGDiYKeAarsBFVg/?a=6383&ch=10010&cr=3&dr=0&lr=all&cd=0%7C0%7C0%7C3&cv=1&br=236&bt=236&cs=2&ds=6&ft=c2YTctGHQPRUZxfusdr~kwPqYldQIKDEE-TerrNqq_45a&mime_type=video_mp4&qs=11&rc=aGQ2Omk5NDllOWloM2ZoNUBpam9nbG85cnA5NjMzNGkzM0A2NDNgXjZiNi8xNS80Yi8xYSNiLWlyMmRjcDZhLS1kLTBzcw%3D%3D&btag=80000e00028000&cquery=100H_100K_100o_101r_100B&dy_q=1760969609&feature_id=b38008770b4e09863331b14b26bcdc23&l=20251020221329FF810B6B17C3D024C6A3', 'https://v5-dy-o-abtest.zjcdn.com/16560a460c6eb456aac97681191b1a54/68f66e2d/video/tos/cn/tos-cn-ve-15/o47cIDiBX9fAQ1pQd0TSAVdEGDiYKeAarsBFVg/?a=6383&ch=10010&cr=3&dr=0&lr=all&cd=0%7C0%7C0%7C3&cv=1&br=236&bt=236&cs=2&ds=6&ft=c2YTctGHQPRUZxfusdr~kwPqYldQIKDEE-TerrNqq_45a&mime_type=video_mp4&qs=11&rc=aGQ2Omk5NDllOWloM2ZoNUBpam9nbG85cnA5NjMzNGkzM0A2NDNgXjZiNi8xNS80Yi8xYSNiLWlyMmRjcDZhLS1kLTBzcw%3D%3D&btag=80000e00028000&cquery=101r_100B_100H_100K_100o&dy_q=1760969609&feature_id=b38008770b4e09863331b14b26bcdc23&l=20251020221329FF810B6B17C3D024C6A3', 'https://www.douyin.com/aweme/v1/play/?video_id=v0300fg10000d396smfog65luild0leg&line=0&file_id=422eec702e8f462b96e196afc7637a9e&sign=d072532198bd833ce1ef2b64081d506d&is_play_url=1&source=PackSourceEnum_PUBLISH'], 'width': 576, 'height': 1024, 'url_key': 'v0300fg10000d396smfog65luild0leg_bytevc1_540p_241895', 'data_size': 3537213, 'file_hash': 'd072532198bd833ce1ef2b64081d506d', 'file_cs': 'c:0-97870-6bbe|a:v0300fg10000d396smfog65luild0leg'}, 'is_h265': 1, 'is_bytevc1': 1, 'HDR_type': '', 'HDR_bit': '', 'FPS': 30, 'video_extra': '{"PktOffsetMap":"[{\\"time\\": 1, \\"offset\\": 163158}, {\\"time\\": 2, \\"offset\\": 187295}, {\\"time\\": 3, \\"offset\\": 222468}, {\\"time\\": 4, \\"offset\\": 248579}, {\\"time\\": 5, \\"offset\\": 278095}, {\\"time\\": 10, \\"offset\\": 410495}]","format":"mp4","definition":"540p","quality":"adapt","file_id":"422eec702e8f462b96e196afc7637a9e","applog_map":{"feature_id":"b38008770b4e09863331b14b26bcdc23"},"mvmaf":"{\\"mvmaf_sr_v1080\\":96.078,\\"mvmaf_sr_v960\\":98.03,\\"mvmaf_sr_v864\\":98.228,\\"mvmaf_sr_v720\\":99.202,\\"mvmaf_ori_v1080\\":83.855,\\"mvmaf_ori_v960\\":86.926,\\"mvmaf_ori_v864\\":88.441,\\"mvmaf_ori_v720\\":91.603}","ufq":"{\\"enh\\":92.803,\\"playback\\":{\\"ori\\":80.945,\\"srv1\\":91.586},\\"src\\":92.803,\\"trans\\":80.945,\\"version\\":\\"v1.0\\"}","audio_channels":"2.0","audio_sample_rate":"44100","audio_metrics":null,"audio_score":null}', 'format': 'mp4'}, {'gear_name': 'low_720_0', 'quality_type': 211, 'bit_rate': 395657, 'play_addr': {'uri': 'v0300fg10000d396smfog65luild0leg', 'url_list': ['https://v5-dy-o-abtest.zjcdn.com/fed25649cbe46ef05ef55b663fc9ba67/68f7957d/video/tos/cn/tos-cn-vd-0026/oI1QIdiYAKDsHVStAABAgca1e90gtBDAATirfB/media-video-avc1/?a=6383&ch=0&cr=8&dr=0&er=1&lr=default&cd=0%7C0%7C0%7C3&cv=1&br=386&bt=386&cs=0&ds=3&mime_type=video_mp4&qs=1&rc=NztnOzw1aWU8Ojs0aTgzOEBpam9nbG85cnA5NjMzNGkzM0BfNi8xM2AuXi4xMjFiM2JgYSNiLWlyMmRjcDZhLS1kLTBzcw%3D%3D&btag=80000e00028000&cquery=101r_100o&dy_q=1760969609&l=20251020221329FF810B6B17C3D024C6A3', 'https://v5-dy-o-abtest.zjcdn.com/fed25649cbe46ef05ef55b663fc9ba67/68f7957d/video/tos/cn/tos-cn-vd-0026/oI1QIdiYAKDsHVStAABAgca1e90gtBDAATirfB/media-video-avc1/?a=6383&ch=0&cr=8&dr=0&er=1&lr=default&cd=0%7C0%7C0%7C3&cv=1&br=386&bt=386&cs=0&ds=3&mime_type=video_mp4&qs=1&rc=NztnOzw1aWU8Ojs0aTgzOEBpam9nbG85cnA5NjMzNGkzM0BfNi8xM2AuXi4xMjFiM2JgYSNiLWlyMmRjcDZhLS1kLTBzcw%3D%3D&btag=80000e00028000&cquery=100o_101r&dy_q=1760969609&l=20251020221329FF810B6B17C3D024C6A3', 'https://www.douyin.com/aweme/v1/play/dash/?video_id=v0300fg10000d396smfog65luild0leg&line=0&file_id=c5e065ef41584719ab1fc269482d98b4&sign=1180dca3c1117ea95a7d8e3e60d73e45&is_play_url=1&source=PackSourceEnum_PUBLISH'], 'width': 720, 'height': 1280, 'url_key': 'v0300fg10000d396smfog65luild0leg_h264_720p_395657', 'data_size': 5784851, 'file_hash': '1180dca3c1117ea95a7d8e3e60d73e45'}, 'is_h265': 0, 'is_bytevc1': 0, 'HDR_type': '', 'HDR_bit': '', 'FPS': 30, 'video_extra': '{"PktOffsetMap":"","format":"dash","sub_info":"{\\"audio_channels\\":\\"2.0\\",\\"audio_layout\\":\\"C\\",\\"audio_sample_rate\\":\\"44100\\",\\"base_range_info\\":{\\"first_moof_range\\":\\"1207-3306\\",\\"index_range\\":\\"995-1206\\",\\"init_range\\":\\"0-994\\"},\\"check_info\\":{\\"check_info\\":\\"a:v0300fg10000d396smfog65luild0leg|b:0-1206-4d5042b2bfa824733d4f39da0b51a3b4|c:0-1206-1cf0\\"},\\"first_segment_range\\":\\"1207-410941\\",\\"gear_des_key\\":\\"0:DASH|1:normal|2:h264|4:720p|5:low|10000:105\\",\\"quality_type\\":11}","definition":"720p","quality":"low","quality_desc":"","file_id":"c5e065ef41584719ab1fc269482d98b4","real_bitrate":450748,"audio_file_id":"37c4a4e760825ec5bb4ae613f1bcaea5","applog_map":{"feature_id":"0ea98fd3bdc3c6c14a3d0804cc272721"},"audio_metrics":null,"audio_score":null}', 'format': 'dash'}, {'gear_name': 'low_540_0', 'quality_type': 292, 'bit_rate': 360515, 'play_addr': {'uri': 'v0300fg10000d396smfog65luild0leg', 'url_list': ['https://v5-dy-o-abtest.zjcdn.com/46fa4384eb98c718d31b19888c4c2660/68f7957d/video/tos/cn/tos-cn-vd-0026/o0iAgDHfT0VIrXAesta09AicdA6BKDgAAQ1itB/media-video-avc1/?a=6383&ch=0&cr=8&dr=0&er=1&lr=default&cd=0%7C0%7C0%7C3&cv=1&br=352&bt=352&cs=0&ds=6&mime_type=video_mp4&qs=1&rc=NjxkMzg0NTppZzczODU1NEBpam9nbG85cnA5NjMzNGkzM0BhXjYyNjUxNTMxLTYvNC41YSNiLWlyMmRjcDZhLS1kLTBzcw%3D%3D&btag=80000e00028000&cquery=101r_100o&dy_q=1760969609&l=20251020221329FF810B6B17C3D024C6A3', 'https://v5-dy-o-abtest.zjcdn.com/46fa4384eb98c718d31b19888c4c2660/68f7957d/video/tos/cn/tos-cn-vd-0026/o0iAgDHfT0VIrXAesta09AicdA6BKDgAAQ1itB/media-video-avc1/?a=6383&ch=0&cr=8&dr=0&er=1&lr=default&cd=0%7C0%7C0%7C3&cv=1&br=352&bt=352&cs=0&ds=6&mime_type=video_mp4&qs=1&rc=NjxkMzg0NTppZzczODU1NEBpam9nbG85cnA5NjMzNGkzM0BhXjYyNjUxNTMxLTYvNC41YSNiLWlyMmRjcDZhLS1kLTBzcw%3D%3D&btag=80000e00028000&cquery=101r_100o&dy_q=1760969609&l=20251020221329FF810B6B17C3D024C6A3', 'https://www.douyin.com/aweme/v1/play/dash/?video_id=v0300fg10000d396smfog65luild0leg&line=0&file_id=8112722590044d6f87428195509aa9d3&sign=d6ddc99a04bb578738e139b4bd1669e2&is_play_url=1&source=PackSourceEnum_PUBLISH'], 'width': 576, 'height': 1024, 'url_key': 'v0300fg10000d396smfog65luild0leg_h264_540p_360515', 'data_size': 5271045, 'file_hash': 'd6ddc99a04bb578738e139b4bd1669e2'}, 'is_h265': 0, 'is_bytevc1': 0, 'HDR_type': '', 'HDR_bit': '', 'FPS': 30, 'video_extra': '{"PktOffsetMap":"","format":"dash","sub_info":"{\\"audio_channels\\":\\"2.0\\",\\"audio_layout\\":\\"C\\",\\"audio_sample_rate\\":\\"44100\\",\\"base_range_info\\":{\\"first_moof_range\\":\\"1207-3306\\",\\"index_range\\":\\"995-1206\\",\\"init_range\\":\\"0-994\\"},\\"check_info\\":{\\"check_info\\":\\"a:v0300fg10000d396smfog65luild0leg|b:0-1206-e26e861f8979937e244dc2cb14cdceac|c:0-1206-ae1b\\"},\\"first_segment_range\\":\\"1207-377356\\",\\"gear_des_key\\":\\"0:DASH|1:normal|2:h264|4:540p|5:low|10000:105\\"}","definition":"540p","quality":"low","quality_desc":"","file_id":"8112722590044d6f87428195509aa9d3","real_bitrate":415612,"audio_file_id":"37c4a4e760825ec5bb4ae613f1bcaea5","applog_map":{"feature_id":"0ea98fd3bdc3c6c14a3d0804cc272721"},"audio_metrics":null,"audio_score":null}', 'format': 'dash'}, {'gear_name': 'adapt_low_540_0', 'quality_type': 291, 'bit_rate': 247340, 'play_addr': {'uri': 'v0300fg10000d396smfog65luild0leg', 'url_list': ['https://v5-dy-o-abtest.zjcdn.com/497e739a7bccaa8c248b63cf797df03e/68f7957d/video/tos/cn/tos-cn-vd-0026/o4AAVXigIAg0sPafKtiDtDDQd0cr5AA9BBTeA1/media-video-avc1/?a=6383&ch=0&cr=8&dr=0&er=1&lr=default&cd=0%7C0%7C0%7C3&cv=1&br=241&bt=241&cs=0&ds=6&mime_type=video_mp4&qs=12&rc=PDo6OWUzODo6OjlnZTw5ZEBpam9nbG85cnA5NjMzNGkzM0A2LjJiYDUxXmExMGNfLWJeYSNiLWlyMmRjcDZhLS1kLTBzcw%3D%3D&btag=80000e00028000&cquery=101r_100o&dy_q=1760969609&l=20251020221329FF810B6B17C3D024C6A3', 'https://v5-dy-o-abtest.zjcdn.com/497e739a7bccaa8c248b63cf797df03e/68f7957d/video/tos/cn/tos-cn-vd-0026/o4AAVXigIAg0sPafKtiDtDDQd0cr5AA9BBTeA1/media-video-avc1/?a=6383&ch=0&cr=8&dr=0&er=1&lr=default&cd=0%7C0%7C0%7C3&cv=1&br=241&bt=241&cs=0&ds=6&mime_type=video_mp4&qs=12&rc=PDo6OWUzODo6OjlnZTw5ZEBpam9nbG85cnA5NjMzNGkzM0A2LjJiYDUxXmExMGNfLWJeYSNiLWlyMmRjcDZhLS1kLTBzcw%3D%3D&btag=80000e00028000&cquery=101r_100o&dy_q=1760969609&l=20251020221329FF810B6B17C3D024C6A3', 'https://www.douyin.com/aweme/v1/play/dash/?video_id=v0300fg10000d396smfog65luild0leg&line=0&file_id=aae609bbfd3647d7a74580cbe6571799&sign=2c23167b0fa0b13d370fad6908a025b6&is_play_url=1&source=PackSourceEnum_PUBLISH'], 'width': 576, 'height': 1024, 'url_key': 'v0300fg10000d396smfog65luild0leg_h264_540p_247340', 'data_size': 3616320, 'file_hash': '2c23167b0fa0b13d370fad6908a025b6'}, 'is_h265': 0, 'is_bytevc1': 0, 'HDR_type': '', 'HDR_bit': '', 'FPS': 30, 'video_extra': '{"PktOffsetMap":"","format":"dash","sub_info":"{\\"audio_channels\\":\\"2.0\\",\\"audio_layout\\":\\"C\\",\\"audio_sample_rate\\":\\"44100\\",\\"base_range_info\\":{\\"first_moof_range\\":\\"1206-3305\\",\\"index_range\\":\\"994-1205\\",\\"init_range\\":\\"0-993\\"},\\"check_info\\":{\\"check_info\\":\\"a:v0300fg10000d396smfog65luild0leg|b:0-1205-0698d744ba837a8298a43a683459f5f0|c:0-1205-f46b\\"},\\"first_segment_range\\":\\"1206-257200\\",\\"gear_des_key\\":\\"0:DASH|1:normal|2:h264|4:540p|5:adapt_low|10000:105\\",\\"quality_type\\":291}","definition":"540p","quality":"adapt_low","quality_desc":"","file_id":"aae609bbfd3647d7a74580cbe6571799","real_bitrate":302453,"audio_file_id":"37c4a4e760825ec5bb4ae613f1bcaea5","applog_map":{"feature_id":"0ea98fd3bdc3c6c14a3d0804cc272721"},"audio_metrics":null,"audio_score":null}', 'format': 'dash'}, {'gear_name': 'adapt_lowest_720_1', 'quality_type': 15, 'bit_rate': 205364, 'play_addr': {'uri': 'v0300fg10000d396smfog65luild0leg', 'url_list': ['https://v5-dy-o-abtest.zjcdn.com/4f4c41c2da2a56ae49dfa24c78a67cc5/68f7957d/video/tos/cn/tos-cn-vd-0026/owm6DFDs9AAkzAAZekERV5BA5AggsrAW0of6qG/media-video-hvc1/?a=6383&ch=0&cr=8&dr=0&er=1&lr=default&cd=0%7C0%7C0%7C3&cv=1&br=200&bt=200&cs=4&ds=3&mime_type=video_mp4&qs=15&rc=O2k6Z2hkaDtoaWg4NGc4O0Bpam9nbG85cnA5NjMzNGkzM0AtXl8zYDMwNmExLS02YGE2YSNiLWlyMmRjcDZhLS1kLTBzcw%3D%3D&btag=80000e00028000&cquery=101r_100o&dy_q=1760969609&l=20251020221329FF810B6B17C3D024C6A3', 'https://v5-dy-o-abtest.zjcdn.com/4f4c41c2da2a56ae49dfa24c78a67cc5/68f7957d/video/tos/cn/tos-cn-vd-0026/owm6DFDs9AAkzAAZekERV5BA5AggsrAW0of6qG/media-video-hvc1/?a=6383&ch=0&cr=8&dr=0&er=1&lr=default&cd=0%7C0%7C0%7C3&cv=1&br=200&bt=200&cs=4&ds=3&mime_type=video_mp4&qs=15&rc=O2k6Z2hkaDtoaWg4NGc4O0Bpam9nbG85cnA5NjMzNGkzM0AtXl8zYDMwNmExLS02YGE2YSNiLWlyMmRjcDZhLS1kLTBzcw%3D%3D&btag=80000e00028000&cquery=100o_101r&dy_q=1760969609&l=20251020221329FF810B6B17C3D024C6A3', 'https://www.douyin.com/aweme/v1/play/dash/?video_id=v0300fg10000d396smfog65luild0leg&line=0&file_id=98d5cd91050e4fde983e6ace6db7af08&sign=a23b4276841b984d9d17d34e2291c89b&is_play_url=1&source=PackSourceEnum_PUBLISH'], 'width': 720, 'height': 1280, 'url_key': 'v0300fg10000d396smfog65luild0leg_bytevc1_720p_205364', 'data_size': 3002605, 'file_hash': 'a23b4276841b984d9d17d34e2291c89b'}, 'is_h265': 1, 'is_bytevc1': 1, 'HDR_type': '', 'HDR_bit': '', 'FPS': 30, 'video_extra': '{"PktOffsetMap":"","format":"dash","sub_info":"{\\"audio_channels\\":\\"2.0\\",\\"audio_layout\\":\\"C\\",\\"audio_sample_rate\\":\\"44100\\",\\"base_range_info\\":{\\"first_moof_range\\":\\"1365-3144\\",\\"index_range\\":\\"1129-1364\\",\\"init_range\\":\\"0-1128\\"},\\"check_info\\":{\\"check_info\\":\\"a:v0300fg10000d396smfog65luild0leg|b:0-1364-d711d860cb25294388ea8bb218638326|c:0-1364-1237\\"},\\"first_segment_range\\":\\"1365-205271\\",\\"gear_des_key\\":\\"0:DASH|1:normal|2:h265_hvc1|4:720p|5:adapt_lowest|10000:105\\",\\"quality_type\\":15}","definition":"720p","quality":"adapt_lowest","quality_desc":"","file_id":"98d5cd91050e4fde983e6ace6db7af08","real_bitrate":257274,"audio_file_id":"37c4a4e760825ec5bb4ae613f1bcaea5","applog_map":{"feature_id":"b38008770b4e09863331b14b26bcdc23"},"mvmaf":"{\\"mvmaf_sr_v1080\\":98.741,\\"mvmaf_sr_v960\\":99.104,\\"mvmaf_sr_v864\\":99.418,\\"mvmaf_sr_v720\\":99.694,\\"mvmaf_ori_v1080\\":88.885,\\"mvmaf_ori_v960\\":91.277,\\"mvmaf_ori_v864\\":92.695,\\"mvmaf_ori_v720\\":95.14}","ufq":"{\\"enh\\":92.803,\\"playback\\":{\\"ori\\":85.688,\\"srv1\\":92.118},\\"src\\":92.803,\\"trans\\":85.688,\\"version\\":\\"v1.0\\"}","audio_metrics":null,"audio_score":null}', 'format': 'dash'}, {'gear_name': 'adapt_lowest_1080_1', 'quality_type': 2, 'bit_rate': 199529, 'play_addr': {'uri': 'v0300fg10000d396smfog65luild0leg', 'url_list': ['https://v5-dy-o-abtest.zjcdn.com/7858d0bc4d749ec760b3cf95576c92a2/68f7957d/video/tos/cn/tos-cn-vd-0026/ogAAAYVTs90gfBLA1DBTQIsUDaVeicigAdrAdK/media-video-hvc1/?a=6383&ch=0&cr=8&dr=0&er=1&lr=default&cd=0%7C0%7C0%7C3&cv=1&br=194&bt=194&cs=4&ds=4&mime_type=video_mp4&qs=15&rc=ZjY6ODMzN2hpZWc6N2dmOkBpam9nbG85cnA5NjMzNGkzM0BfYTNeNTYxX18xNDYyXi8tYSNiLWlyMmRjcDZhLS1kLTBzcw%3D%3D&btag=80000e00028000&cquery=101r_100o&dy_q=1760969609&l=20251020221329FF810B6B17C3D024C6A3', 'https://v5-dy-o-abtest.zjcdn.com/7858d0bc4d749ec760b3cf95576c92a2/68f7957d/video/tos/cn/tos-cn-vd-0026/ogAAAYVTs90gfBLA1DBTQIsUDaVeicigAdrAdK/media-video-hvc1/?a=6383&ch=0&cr=8&dr=0&er=1&lr=default&cd=0%7C0%7C0%7C3&cv=1&br=194&bt=194&cs=4&ds=4&mime_type=video_mp4&qs=15&rc=ZjY6ODMzN2hpZWc6N2dmOkBpam9nbG85cnA5NjMzNGkzM0BfYTNeNTYxX18xNDYyXi8tYSNiLWlyMmRjcDZhLS1kLTBzcw%3D%3D&btag=80000e00028000&cquery=101r_100o&dy_q=1760969609&l=20251020221329FF810B6B17C3D024C6A3', 'https://www.douyin.com/aweme/v1/play/dash/?video_id=v0300fg10000d396smfog65luild0leg&line=0&file_id=072cad54977d4bbfbe449080a567d3bc&sign=8242d567adfc09b1632ec0eb45425897&is_play_url=1&source=PackSourceEnum_PUBLISH'], 'width': 1080, 'height': 1920, 'url_key': 'v0300fg10000d396smfog65luild0leg_bytevc1_1080p_199529', 'data_size': 2917295, 'file_hash': '8242d567adfc09b1632ec0eb45425897'}, 'is_h265': 1, 'is_bytevc1': 1, 'HDR_type': '', 'HDR_bit': '', 'FPS': 30, 'video_extra': '{"PktOffsetMap":"","format":"dash","sub_info":"{\\"audio_channels\\":\\"2.0\\",\\"audio_layout\\":\\"C\\",\\"audio_sample_rate\\":\\"44100\\",\\"base_range_info\\":{\\"first_moof_range\\":\\"1364-3143\\",\\"index_range\\":\\"1128-1363\\",\\"init_range\\":\\"0-1127\\"},\\"check_info\\":{\\"check_info\\":\\"a:v0300fg10000d396smfog65luild0leg|b:0-1363-8e744f287003eec348d9840d7b1197bd|c:0-1363-959a\\"},\\"first_segment_range\\":\\"1364-210055\\",\\"gear_des_key\\":\\"0:DASH|1:normal|2:h265_hvc1|4:1080p|5:adapt_lowest|10000:105\\",\\"quality_type\\":2}","definition":"1080p","quality":"adapt_lowest","quality_desc":"","file_id":"072cad54977d4bbfbe449080a567d3bc","real_bitrate":251439,"audio_file_id":"37c4a4e760825ec5bb4ae613f1bcaea5","applog_map":{"feature_id":"b38008770b4e09863331b14b26bcdc23"},"mvmaf":"{\\"mvmaf_sr_v1080\\":98.818,\\"mvmaf_sr_v960\\":98.74,\\"mvmaf_sr_v864\\":98.956,\\"mvmaf_sr_v720\\":99.047,\\"mvmaf_ori_v1080\\":92.904,\\"mvmaf_ori_v960\\":93.348,\\"mvmaf_ori_v864\\":93.822,\\"mvmaf_ori_v720\\":94.457}","audio_metrics":null,"audio_score":null}', 'format': 'dash'}, {'gear_name': 'adapt_540_1', 'quality_type': 28, 'bit_rate': 186735, 'play_addr': {'uri': 'v0300fg10000d396smfog65luild0leg', 'url_list': ['https://v5-dy-o-abtest.zjcdn.com/a9d9c90529da0e18920ceb4c4debf16a/68f7957d/video/tos/cn/tos-cn-vd-0026/okeDDAsrA1AgVAG0dTDiicQaIBKfsAySvgBdA9/media-video-hvc1/?a=6383&ch=0&cr=8&dr=0&er=1&lr=default&cd=0%7C0%7C0%7C3&cv=1&br=182&bt=182&cs=4&ds=6&mime_type=video_mp4&qs=11&rc=aDtoNDk5aGU5OWVmOjNnZEBpam9nbG85cnA5NjMzNGkzM0AzYF9eNGM0NmExXmIzYDEvYSNiLWlyMmRjcDZhLS1kLTBzcw%3D%3D&btag=80000e00028000&cquery=101r_100o&dy_q=1760969609&l=20251020221329FF810B6B17C3D024C6A3', 'https://v5-dy-o-abtest.zjcdn.com/a9d9c90529da0e18920ceb4c4debf16a/68f7957d/video/tos/cn/tos-cn-vd-0026/okeDDAsrA1AgVAG0dTDiicQaIBKfsAySvgBdA9/media-video-hvc1/?a=6383&ch=0&cr=8&dr=0&er=1&lr=default&cd=0%7C0%7C0%7C3&cv=1&br=182&bt=182&cs=4&ds=6&mime_type=video_mp4&qs=11&rc=aDtoNDk5aGU5OWVmOjNnZEBpam9nbG85cnA5NjMzNGkzM0AzYF9eNGM0NmExXmIzYDEvYSNiLWlyMmRjcDZhLS1kLTBzcw%3D%3D&btag=80000e00028000&cquery=101r_100o&dy_q=1760969609&l=20251020221329FF810B6B17C3D024C6A3', 'https://www.douyin.com/aweme/v1/play/dash/?video_id=v0300fg10000d396smfog65luild0leg&line=0&file_id=2a4dc067ecab46d69b7ef676a1bec86e&sign=72e4fe1ba7cd37486d3183bd572db7cb&is_play_url=1&source=PackSourceEnum_PUBLISH'], 'width': 576, 'height': 1024, 'url_key': 'v0300fg10000d396smfog65luild0leg_bytevc1_540p_186735', 'data_size': 2730222, 'file_hash': '72e4fe1ba7cd37486d3183bd572db7cb'}, 'is_h265': 1, 'is_bytevc1': 1, 'HDR_type': '', 'HDR_bit': '', 'FPS': 30, 'video_extra': '{"PktOffsetMap":"","format":"dash","sub_info":"{\\"audio_channels\\":\\"2.0\\",\\"audio_layout\\":\\"C\\",\\"audio_sample_rate\\":\\"44100\\",\\"base_range_info\\":{\\"first_moof_range\\":\\"1365-3144\\",\\"index_range\\":\\"1129-1364\\",\\"init_range\\":\\"0-1128\\"},\\"check_info\\":{\\"check_info\\":\\"a:v0300fg10000d396smfog65luild0leg|b:0-1364-f3ec936b5e00993fd9ed191430c5e9ff|c:0-1364-4eb9\\"},\\"first_segment_range\\":\\"1365-179685\\",\\"gear_des_key\\":\\"0:DASH|1:normal|2:h265_hvc1|4:540p|5:adapt|10000:105\\",\\"quality_type\\":28}","definition":"540p","quality":"adapt","quality_desc":"","file_id":"2a4dc067ecab46d69b7ef676a1bec86e","real_bitrate":241895,"audio_file_id":"37c4a4e760825ec5bb4ae613f1bcaea5","applog_map":{"feature_id":"b38008770b4e09863331b14b26bcdc23"},"mvmaf":"{\\"mvmaf_sr_v1080\\":96.078,\\"mvmaf_sr_v960\\":98.03,\\"mvmaf_sr_v864\\":98.228,\\"mvmaf_sr_v720\\":99.202,\\"mvmaf_ori_v1080\\":83.855,\\"mvmaf_ori_v960\\":86.926,\\"mvmaf_ori_v864\\":88.441,\\"mvmaf_ori_v720\\":91.603}","ufq":"{\\"enh\\":92.803,\\"playback\\":{\\"ori\\":80.945,\\"srv1\\":91.586},\\"src\\":92.803,\\"trans\\":80.945,\\"version\\":\\"v1.0\\"}","audio_metrics":null,"audio_score":null}', 'format': 'dash'}], 'duration': 116983, 'play_addr_265': {'uri': 'v0300fg10000d396smfog65luild0leg', 'url_list': ['https://v5-dy-o-abtest.zjcdn.com/16560a460c6eb456aac97681191b1a54/68f66e2d/video/tos/cn/tos-cn-ve-15/o47cIDiBX9fAQ1pQd0TSAVdEGDiYKeAarsBFVg/?a=6383&ch=10010&cr=3&dr=0&lr=all&cd=0%7C0%7C0%7C3&cv=1&br=236&bt=236&cs=2&ds=6&ft=c2YTctGHQPRUZxfusdr~kwPqYldQIKDEE-TerrNqq_45a&mime_type=video_mp4&qs=11&rc=aGQ2Omk5NDllOWloM2ZoNUBpam9nbG85cnA5NjMzNGkzM0A2NDNgXjZiNi8xNS80Yi8xYSNiLWlyMmRjcDZhLS1kLTBzcw%3D%3D&btag=80000e00028000&cquery=100H_100K_100o_101r_100B&dy_q=1760969609&feature_id=b38008770b4e09863331b14b26bcdc23&l=20251020221329FF810B6B17C3D024C6A3', 'https://v5-dy-o-abtest.zjcdn.com/16560a460c6eb456aac97681191b1a54/68f66e2d/video/tos/cn/tos-cn-ve-15/o47cIDiBX9fAQ1pQd0TSAVdEGDiYKeAarsBFVg/?a=6383&ch=10010&cr=3&dr=0&lr=all&cd=0%7C0%7C0%7C3&cv=1&br=236&bt=236&cs=2&ds=6&ft=c2YTctGHQPRUZxfusdr~kwPqYldQIKDEE-TerrNqq_45a&mime_type=video_mp4&qs=11&rc=aGQ2Omk5NDllOWloM2ZoNUBpam9nbG85cnA5NjMzNGkzM0A2NDNgXjZiNi8xNS80Yi8xYSNiLWlyMmRjcDZhLS1kLTBzcw%3D%3D&btag=80000e00028000&cquery=101r_100B_100H_100K_100o&dy_q=1760969609&feature_id=b38008770b4e09863331b14b26bcdc23&l=20251020221329FF810B6B17C3D024C6A3', 'https://www.douyin.com/aweme/v1/play/?video_id=v0300fg10000d396smfog65luild0leg&line=0&file_id=422eec702e8f462b96e196afc7637a9e&sign=d072532198bd833ce1ef2b64081d506d&is_play_url=1&source=PackSourceEnum_PUBLISH'], 'width': 576, 'height': 1024, 'url_key': 'v0300fg10000d396smfog65luild0leg_bytevc1_540p_241895', 'data_size': 3537213, 'file_hash': 'd072532198bd833ce1ef2b64081d506d', 'file_cs': 'c:0-97870-6bbe|a:v0300fg10000d396smfog65luild0leg'}, 'bit_rate_audio': [{'audio_meta': {'url_list': {'main_url': 'https://v5-dy-o-abtest.zjcdn.com/11d1e477e75cfd4d53961911a93514dc/68f7957d/video/tos/cn/tos-cn-vd-0026/ogAAAYVTs90gfBLA1DBTQIsUDaVeicigAdrAdK/media-audio-und-mp4a/?a=6383&ch=0&cr=8&dr=0&er=1&lr=default&cd=0%7C0%7C0%7C3&cv=1&br=50&bt=50&cs=4&mime_type=video_mp4&qs=15&rc=OGhmNDY5ZGU4aDUzOjc3OkBpam9nbG85cnA5NjMzNGkzM0BeXl9jLmIxX2AyNTNiXmAwYSNiLWlyMmRjcDZhLS1kLTBzcw%3D%3D&btag=80000e00028000&cquery=101r_100o&dy_q=1760969609&l=20251020221329FF810B6B17C3D024C6A3', 'backup_url': 'https://v5-dy-o-abtest.zjcdn.com/11d1e477e75cfd4d53961911a93514dc/68f7957d/video/tos/cn/tos-cn-vd-0026/ogAAAYVTs90gfBLA1DBTQIsUDaVeicigAdrAdK/media-audio-und-mp4a/?a=6383&ch=0&cr=8&dr=0&er=1&lr=default&cd=0%7C0%7C0%7C3&cv=1&br=50&bt=50&cs=4&mime_type=video_mp4&qs=15&rc=OGhmNDY5ZGU4aDUzOjc3OkBpam9nbG85cnA5NjMzNGkzM0BeXl9jLmIxX2AyNTNiXmAwYSNiLWlyMmRjcDZhLS1kLTBzcw%3D%3D&btag=80000e00028000&cquery=101r_100o&dy_q=1760969609&l=20251020221329FF810B6B17C3D024C6A3', 'fallback_url': 'https://www.douyin.com/aweme/v1/play/dash/?video_id=v0300fg10000d396smfog65luild0leg&line=0&file_id=37c4a4e760825ec5bb4ae613f1bcaea5&sign=37c4a4e760825ec5bb4ae613f1bcaea5&is_play_url=1&source=PackSourceEnum_PUBLISH'}, 'encoded_type': 'normal', 'media_type': 'audio', 'logo_type': '', 'quality': 'adapt_lowest', 'quality_desc': '', 'format': 'dash', 'bitrate': 51910, 'codec_type': 'bytevc1', 'size': 759070, 'fps': 0, 'file_id': '37c4a4e760825ec5bb4ae613f1bcaea5', 'file_hash': '37c4a4e760825ec5bb4ae613f1bcaea5', 'sub_info': '{"audio_channels":"2.0","audio_layout":"C","audio_sample_rate":"44100","base_range_info":{"index_range":"866-1113","init_range":"0-865"},"check_info":{"check_info":"a:v0300fg10000d396smfog65luild0leg|b:0-1113-4a7109bf21f6b7e2719b2cdef8d1a921|c:0-1113-6b36"},"first_segment_range":"1114-46768","gear_des_key":"0:dash|1:normal|2:bytevc1|5:adapt_lowest|10000:105"}'}, 'audio_quality': 5, 'audio_extra': '{"real_bitrate":254633}'}], 'play_addr_h264': {'uri': 'v0300fg10000d396smfog65luild0leg', 'url_list': ['https://v5-dy-o-abtest.zjcdn.com/3fd6003ab4e96ffc0c0b465fd935611b/68f66e2d/video/tos/cn/tos-cn-ve-15/o0KcLQHd0vAwFVrSB1iigcBsAaAe1qbEI9fQDT/?a=6383&ch=10010&cr=3&dr=0&lr=all&cd=0%7C0%7C0%7C3&cv=1&br=520&bt=520&cs=0&ds=3&ft=c2YTctGHQPRUZxfusdr~kwPqYldQIKDEE-TerrNqq_45a&mime_type=video_mp4&qs=0&rc=ZTlpODdpOjs1N2g0Zzk5ZEBpam9nbG85cnA5NjMzNGkzM0AzYF4yYmBiXzExNDU0MjVfYSNiLWlyMmRjcDZhLS1kLTBzcw%3D%3D&btag=80000e00028000&cquery=100o_101r_100B_100H_100K&dy_q=1760969609&feature_id=fea919893f650a8c49286568590446ef&l=20251020221329FF810B6B17C3D024C6A3', 'https://v5-dy-o-abtest.zjcdn.com/3fd6003ab4e96ffc0c0b465fd935611b/68f66e2d/video/tos/cn/tos-cn-ve-15/o0KcLQHd0vAwFVrSB1iigcBsAaAe1qbEI9fQDT/?a=6383&ch=10010&cr=3&dr=0&lr=all&cd=0%7C0%7C0%7C3&cv=1&br=520&bt=520&cs=0&ds=3&ft=c2YTctGHQPRUZxfusdr~kwPqYldQIKDEE-TerrNqq_45a&mime_type=video_mp4&qs=0&rc=ZTlpODdpOjs1N2g0Zzk5ZEBpam9nbG85cnA5NjMzNGkzM0AzYF4yYmBiXzExNDU0MjVfYSNiLWlyMmRjcDZhLS1kLTBzcw%3D%3D&btag=80000e00028000&cquery=101r_100B_100H_100K_100o&dy_q=1760969609&feature_id=fea919893f650a8c49286568590446ef&l=20251020221329FF810B6B17C3D024C6A3', 'https://www.douyin.com/aweme/v1/play/?video_id=v0300fg10000d396smfog65luild0leg&line=0&file_id=ba86567d817e4442b8e7cfe455afc66b&sign=ff6a1d8b03db373826d5413cf889a370&is_play_url=1&source=PackSourceEnum_PUBLISH'], 'width': 720, 'height': 1280, 'url_key': 'v0300fg10000d396smfog65luild0leg_h264_720p_533036', 'data_size': 7794519, 'file_hash': 'ff6a1d8b03db373826d5413cf889a370', 'file_cs': 'c:0-128565-8bec|a:v0300fg10000d396smfog65luild0leg'}, 'raw_cover': {'uri': 'tos-cn-p-0015/osQIgDaI9r7bAu0dKiTsAhisSB1mfqAVeBBczD', 'url_list': ['https://p3-pc-sign.douyinpic.com/tos-cn-p-0015/osQIgDaI9r7bAu0dKiTsAhisSB1mfqAVeBBczD~tplv-dy-cropcenter:323:430.jpeg?lk3s=138a59ce&x-expires=2076328800&x-signature=v%2BCzDH%2FsqqE2Q5p%2Fo1ZkWAFtRrQ%3D&from=327834062&s=PackSourceEnum_PUBLISH&se=true&sh=323_430&sc=cover&biz_tag=pcweb_cover&l=20251020221329FF810B6B17C3D024C6A3', 'https://p3-pc-sign.douyinpic.com/obj/tos-cn-p-0015/osQIgDaI9r7bAu0dKiTsAhisSB1mfqAVeBBczD?lk3s=138a59ce&x-expires=2076328800&x-signature=WITG41tsLRVlHQopZ0bXC2gFL2U%3D&from=327834062&s=PackSourceEnum_PUBLISH&se=false&sc=cover&biz_tag=pcweb_cover&l=20251020221329FF810B6B17C3D024C6A3'], 'width': 720, 'height': 720}, 'is_long_video': 1, 'animated_cover': {'uri': 'tos-cn-p-0015/oQUNOGpfgAGz0VDBXB4IYByB1gW7AfLtRkCq0e', 'url_list': ['https://p3-pc-sign.douyinpic.com/obj/tos-cn-p-0015/oQUNOGpfgAGz0VDBXB4IYByB1gW7AfLtRkCq0e?lk3s=138a59ce&x-expires=1762178400&x-signature=wB7aOFoyVjiDPeRZrzlBt8byG5E%3D&from=327834062_large&s=PackSourceEnum_PUBLISH&se=false&sc=dynamic_cover&biz_tag=pcweb_cover&l=20251020221329FF810B6B17C3D024C6A3', 'https://p9-pc-sign.douyinpic.com/obj/tos-cn-p-0015/oQUNOGpfgAGz0VDBXB4IYByB1gW7AfLtRkCq0e?lk3s=138a59ce&x-expires=1762178400&x-signature=rBSbe0I9hfc6LGyG1NKGoNyDfEA%3D&from=327834062_large&s=PackSourceEnum_PUBLISH&se=false&sc=dynamic_cover&biz_tag=pcweb_cover&l=20251020221329FF810B6B17C3D024C6A3']}, 'gaussian_cover': {'uri': 'tos-cn-p-0015/owjIA88diiA9VaAgIe3BDsrQTVcrc10S1AKfBK', 'url_list': ['https://p3-pc-sign.douyinpic.com/tos-cn-p-0015/owjIA88diiA9VaAgIe3BDsrQTVcrc10S1AKfBK~tplv-tsj2vxp0zn-gaosi:40.jpeg?lk3s=138a59ce&x-expires=1792504800&x-signature=5FR3%2BnarLiEI19%2FrhoB7Y7%2FtXWE%3D&from=327834062', 'https://p9-pc-sign.douyinpic.com/tos-cn-p-0015/owjIA88diiA9VaAgIe3BDsrQTVcrc10S1AKfBK~tplv-tsj2vxp0zn-gaosi:40.jpeg?lk3s=138a59ce&x-expires=1792504800&x-signature=LaFWpGl3Lulnx8bRKo4U3MQRuao%3D&from=327834062'], 'width': 720, 'height': 720}, 'meta': '{"enable_manual_ladder":"1","format":"mp4","gear_vqm":"{\\"1080p_720p\\":0,\\"720p_540p\\":2}","hrids":"500000002","is_spatial_video":"0","isad":"0","loudness":"-15.9","peak":"0.74989","qprf":"1.000","sdgs":"[\\"normal_720_0\\",\\"low_720_0\\",\\"low_540_0\\",\\"adapt_low_540_0\\",\\"adapt_lowest_720_1\\",\\"adapt_lowest_1080_1\\",\\"adapt_540_1\\"]","sr_potential":"{\\"v1.0\\":{\\"score\\":60.835}}","sr_score":"1.000","strategy_tokens":"[\\"online\\",\\"sexp_0701_0819\\",\\"sexp_reward01_0721\\",\\"sexp_reward02_0721\\",\\"sexp_0702_0819\\"]","title_info":"{\\"avg_br_pc\\":227,\\"bottom_res_add\\":[0.55,0,0,26.09,43,0,0,0,0,0,0,0,0,0,0],\\"bullet_zone\\":17.12,\\"mean_br_l\\":[242.08,234.79,228.78,223.67,220.89,216.83],\\"pc60_br_l\\":[244.8,237.13,231.25,226.22,224.48,221.1],\\"progress_bar\\":[244,244,244],\\"ratio_br_l\\":[244.8,237.13,231.25,226.08,224.28,220.71],\\"ratio_br_l_thre220\\":[0.99,0.82,0.62,0.5,0.43,0.37],\\"ratio_edge_l\\":[0,0,0,0.14,0.12,0.16],\\"std_br_l\\":[25.66,20.46,15.12,12.47,11.25,10.62],\\"top_res_add\\":[0,0,0,0,27.18,20.27,40],\\"version\\":\\"v1.0\\"}","volume_info":"{\\"LoudnessRange\\":6.4,\\"LoudnessRangeStart\\":-20.3,\\"MaximumShortTermLoudness\\":-11.5,\\"Version\\":2,\\"Loudness\\":-15.9,\\"LoudnessRangeEnd\\":-13.9,\\"MaximumMomentaryLoudness\\":-6,\\"Metrics\\":{\\"Loudness\\":{\\"Integrated\\":-15.886},\\"Phase\\":{\\"RMSDownmixDiff\\":-0.123},\\"RMSStats\\":{\\"LRDiff\\":0.007,\\"LTotal\\":-19.44,\\"Peak\\":-2.54,\\"RTotal\\":-19.447},\\"Version\\":\\"1.4.2\\"},\\"Peak\\":0.74989}","vqs_origin":"74.82"}', 'video_model': '', 'is_source_HDR': 0, 'big_thumbs': [{'img_num': 117, 'uri': 'tos-cn-p-0015/oYArCsIgDSAidiTcz5eV1afKycBSABVIQCK09S', 'img_url': 'https://p3-sign.douyinpic.com/tos-cn-p-0015/oYArCsIgDSAidiTcz5eV1afKycBSABVIQCK09S~tplv-noop.image?cquery=101r_100B_100H_100K_100o&dy_q=1760969609&l=20251020221329FF810B6B17C3D024C6A3&x-expires=1760980525&x-signature=dFc92QBNhYttdkzw11l04FAy8Eg%3D', 'img_x_size': 136, 'img_y_size': 240, 'img_x_len': 5, 'img_y_len': 5, 'duration': 116.96667, 'interval': 1, 'fext': 'jpg', 'uris': ['tos-cn-p-0015/oYArCsIgDSAidiTcz5eV1afKycBSABVIQCK09S', 'tos-cn-p-0015/oMCVKsdfe0ibLDAxBrBSQciTiKUagA1I94cMIA', 'tos-cn-p-0015/o00aT1VcIkTdBQ9AIsPSWAAjCeiK4DfKjgrBci', 'tos-cn-p-0015/ooeIt4BVg0XBGfpCVk0GeB07yzALI2NA18nRgq', 'tos-cn-p-0015/oAcBTIisS10AdE5cKjiEBiaAeAKB9gcDrIf7QV'], 'img_urls': ['https://p3-sign.douyinpic.com/tos-cn-p-0015/oYArCsIgDSAidiTcz5eV1afKycBSABVIQCK09S~tplv-noop.image?cquery=101r_100B_100H_100K_100o&dy_q=1760969609&l=20251020221329FF810B6B17C3D024C6A3&x-expires=1760980525&x-signature=dFc92QBNhYttdkzw11l04FAy8Eg%3D', 'https://p3-sign.douyinpic.com/tos-cn-p-0015/oMCVKsdfe0ibLDAxBrBSQciTiKUagA1I94cMIA~tplv-noop.image?cquery=101r_100B_100H_100K_100o&dy_q=1760969609&l=20251020221329FF810B6B17C3D024C6A3&x-expires=1760980525&x-signature=E2c8X%2BJ2ga90VJm30SDSK8qFjqE%3D', 'https://p3-sign.douyinpic.com/tos-cn-p-0015/o00aT1VcIkTdBQ9AIsPSWAAjCeiK4DfKjgrBci~tplv-noop.image?cquery=100H_100K_100o_101r_100B&dy_q=1760969609&l=20251020221329FF810B6B17C3D024C6A3&x-expires=1760980525&x-signature=SRZb5H5L7z2pKJRwb8xTz6qaulE%3D', 'https://p3-sign.douyinpic.com/tos-cn-p-0015/ooeIt4BVg0XBGfpCVk0GeB07yzALI2NA18nRgq~tplv-noop.image?cquery=100H_100K_100o_101r_100B&dy_q=1760969609&l=20251020221329FF810B6B17C3D024C6A3&x-expires=1760980525&x-signature=6JJjaVDegoN726eGyAF%2F9RtMBgc%3D', 'https://p3-sign.douyinpic.com/tos-cn-p-0015/oAcBTIisS10AdE5cKjiEBiaAeAKB9gcDrIf7QV~tplv-noop.image?cquery=101r_100B_100H_100K_100o&dy_q=1760969609&l=20251020221329FF810B6B17C3D024C6A3&x-expires=1760980525&x-signature=w9T%2BmxbllwniJCnFMlV2MgHtP3U%3D']}]}, 'item_aigc_follow_shot': 1, 'user_digged': 0, 'statistics': {'recommend_count': 0, 'comment_count': 0, 'digg_count': 25, 'admire_count': 0, 'play_count': 0, 'share_count': 2, 'collect_count': 14}, 'status': {'not_allow_soft_del_reason': 'ab', 'is_delete': False, 'allow_share': True, 'review_result': {'review_status': 0}, 'allow_friend_recommend_guide': True, 'part_see': 0, 'private_status': 0, 'listen_video_status': 2, 'in_reviewing': False, 'allow_self_recommend_to_friend': True, 'allow_friend_recommend': True, 'is_prohibited': False, 'enable_soft_delete': 0}, 'personal_page_botton_diagnose_style': 0, 'text_extra': [], 'is_top': 0, 'game_tag_info': {'is_game': False}, 'share_info': {'share_url': 'https://www.iesdouyin.com/share/video/7553223351074917682/?region=US&mid=7376188696542021642&u_code=0&did=MS4wLjABAAAAvCMmrvAxedjvycgJ9K0iX5KdtDHpyq-etIWoeicy6xniB0XMxRYv3S-CyP_GdsPs&iid=MS4wLjABAAAANwkJuWIRFOzg5uCpDRpMj4OX-QryoDgn-yYlXQnRwQQ&with_sec_did=1&video_share_track_ver=&titleType=title&share_sign=x.owEyktdPx3T0sAojNo8i5RDBN7FFs2pMLbRRTC5MM-&share_version=290100&ts=1760969609&from_aid=6383&from_ssr=1&share_track_info=%7B%22link_description_type%22%3A%22%22%7D', 'share_link_desc': '3.30 05/31 T@y.gb cnQ:/ 6-12岁孩子的社交必修课 当孩子哭着问"妈妈我是不是很丑？"这位妈妈的回答太赞了！ # 幼儿教育# 父母课堂# 育儿# 亲子关系# 家庭教育# 孙瑞雪  %s 复制此链接，打开Dou音搜索，直接观看视频！'}, 'nearby_hot_comment': None, 'video_labels': None, 'entertainment_video_paid_way': {'paid_ways': [], 'paid_type': 0, 'enable_use_new_ent_data': False}, 'is_ads': False, 'duration': 116983, 'aweme_type': 0, 'select_anchor_expanded_content': 0, 'ai_follow_images': None, 'image_infos': None, 'risk_infos': {'vote': False, 'warn': False, 'risk_sink': False, 'type': 0, 'content': ''}, 'galileo_pad_textcrop': {'ipad_d_h_cut_ratio': [5, 5], 'ipad_d_v_cut_ratio': [2, 2], 'android_d_h_cut_ratio': [5], 'android_d_v_cut_ratio': None, 'version': 1}, 'ent_log_extra': {'log_extra': '{"global_log_extra":null,"page_log_extra":null,"aweme_log_extra":{"ce_current_group_id":"7553223351074917682","author_id":"1965574329213736"},"extra_log_extra":null}'}, 'position': None, 'uniqid_position': None, 'comment_list': None, 'author_user_id': 1965574329213736, 'product_genre_info': {'product_genre_type': 2, 'material_genre_sub_type_set': [4], 'special_info': {'recommend_group_name': 0}}, 'geofencing': [], 'series_basic_info': {}, 'is_moment_history': 0, 'region': '', 'video_text': None, 'trends_infos': None, 'collect_stat': 0, 'label_top_text': None, 'promotions': [], 'group_id': '7553223351074917682', 'prevent_download': False, 'nickname_position': None, 'challenge_position': None, 'entertainment_video_type': 3, 'recommend_chapter_info': {'recommend_chapter_list': [{'desc': '引言', 'timestamp': 0, 'detail': '', 'points': None}, {'desc': '案例分享', 'timestamp': 13500, 'detail': '小女孩因男孩说她丑而焦虑，妈妈观察到她的情绪。', 'points': None}, {'desc': '妈妈的回答', 'timestamp': 47000, 'detail': '妈妈回答：一个人完全地做自己是最美的。', 'points': None}, {'desc': '美学导向', 'timestamp': 69000, 'detail': '美学导向强调表达自我，成为自己就是最美的。', 'points': None}], 'chapter_recommend_type': 1, 'chapter_abstract': '6-12岁孩子在社交中可能会遇到问题，需要父母帮助梳理。一位妈妈通过回答女儿关于美的问题，引导她认识到做自己就是最美的，帮助她建立自信。', 'chapter_recommend_source': 2, 'push_scene': [], 'chapter_bar_color': None}, 'video_share_edit_status': 0, 'long_video': None, 'shoot_way': '', 'trends_event_track': '{}', 'is_24_story': 0, 'follow_shoot_clip_info': {'clip_video_all': 7553223294300277567, 'clip_from_platform': 7376188696542021642, 'origin_clip_id': 7376188696542021642}, 'interaction_stickers': None, 'publish_plus_alienation': {'alienation_type': 0}, 'origin_comment_ids': None, 'commerce_config_data': None, 'caption_template_id': 0, 'video_control': {'allow_download': False, 'share_type': 0, 'show_progress_bar': 1, 'draft_progress_bar': 1, 'allow_duet': True, 'allow_react': False, 'prevent_download_type': 2, 'allow_dynamic_wallpaper': False, 'timer_status': 1, 'allow_music': True, 'allow_stitch': False, 'allow_douplus': True, 'allow_share': True, 'share_grayed': False, 'download_ignore_visibility': False, 'duet_ignore_visibility': False, 'share_ignore_visibility': False, 'download_info': {'level': 1, 'fail_info': {'code': 290002, 'reason': 'isolation_content', 'msg': '视频暂时无法保存，链接已复制'}}, 'duet_info': {'level': 0}, 'allow_record': True, 'disable_record_reason': '', 'timer_info': {'public_time': 1758629100, 'timer_status': 0}}, 'aweme_control': {'can_forward': True, 'can_share': True, 'can_comment': True, 'can_show_comment': True}, 'douplus_user_type': 0, 'is_25_story': 0, 'can_cache_to_local': True, 'is_moment_story': 0, 'anchors': None, 'hybrid_label': None, 'geofencing_regions': None, 'interest_points': None, 'aweme_acl': {'download_mask_panel': {'code': 1, 'show_type': 0}}, 'aweme_type_tags': '', 'is_story': 0, 'component_control': {'data_source_url': '/aweme/v1/web/aweme/post/'}, 'flash_mob_trends': 0, 'follow_shot_assets': None, 'cover_labels': None, 'is_new_text_mode': 0, 'mv_info': None, 'guide_btn_type': 0, 'is_from_ad_auth': False, 'origin_duet_resource_uri': '', 'images': None, 'relation_labels': None, 'cf_assets_type': 0, 'impression_data': {'group_id_list_a': [], 'group_id_list_b': [], 'similar_id_list_a': None, 'similar_id_list_b': None, 'group_id_list_c': [], 'group_id_list_d': []}, 'aweme_listen_struct': {'trace_info': '{"copyright_not_speech":"false","copyright_reason":"not_intercept","copyright_tag_hit":"0","copyright_use_aed_default":"true","copyright_use_tag_default":"false","cp_ab":"true","desc":"","duration_over":"false","hit_high_risk":"false","media_type":"4","reason":"hit_ab_0","show":"false"}'}, 'chapter_bar_color': None, 'libfinsert_task_id': '', 'social_tag_list': None, 'show_follow_button': {}, 'duet_aggregate_in_music_tab': False, 'is_duet_sing': False, 'comment_permission_info': {'comment_permission_status': 0, 'can_comment': True, 'item_detail_entry': False, 'press_entry': False, 'toast_guide': False}, 'original_images': None, 'series_paid_info': {'series_paid_status': 0, 'item_price': 0}, 'img_bitrate': None, 'comment_gid': 7553223351074917682, 'image_album_music_info': {'begin_time': -1, 'end_time': -1, 'volume': -1}, 'video_tag': [{'tag_id': 2024, 'tag_name': '亲子', 'level': 1}, {'tag_id': 2024006, 'tag_name': '母婴', 'level': 2}, {'tag_id': 2024006003, 'tag_name': '育儿知识', 'level': 3}], 'is_collects_selected': 0, 'chapter_list': None, 'feed_comment_config': {'input_config_text': '善语结善缘，恶言伤人心', 'author_audit_status': 0, 'common_flags': '{"item_author_nickname":"孙瑞雪聊教育","video_labels_v2_tag1":"母婴","video_labels_v2_tag2":"育儿理念"}'}, 'is_image_beat': False, 'dislike_dimension_list': None, 'standard_bar_info_list': None, 'photo_search_entrance': {'ecom_type': 0}, 'is_life_item': False, 'image_list': None, 'component_info_v2': '{"desc_lines_limit":0,"hide_marquee":false}', 'item_warn_notification': {'type': 0, 'show': False, 'content': ''}, 'origin_text_extra': None, 'disable_relation_bar': 0, 'packed_clips': None, 'author_mask_tag': 0, 'user_recommend_status': 1, 'collection_corner_mark': 0, 'is_share_post': False, 'image_comment': {}, 'visual_search_info': {'is_show_img_entrance': False, 'is_ecom_img': False, 'is_high_accuracy_ecom': False, 'is_high_recall_ecom': False}, 'tts_id_list': None, 'ref_tts_id_list': None, 'voice_modify_id_list': None, 'ref_voice_modify_id_list': None, 'authentication_token': 'MS4wLjAAAAAAJtElJITws6RMH7NGEuvacC-vnOpL-WcDIh3DdqaqzAUw_8zQkZcuUGfOGDDxofj6-RL4A8rFjJS5DXcaNzz6uQICnOFb_eT6aqIINDyi0OhJZN1h5OqTYDDSqXr5DwqF2GewU2m1QYhknbV3tV5KCHTXyHwYJaasgSTlkMHP8y7h8Cbz67Cd-4w-OMAmTpDDAydwXmIM9ffgG9VHgI9gJGTQ_TSIlRQ9rkzpFyfTxJzQtMGId3lzVKekqWCg4Yyd', 'video_game_data_channel_config': {}, 'dislike_dimension_list_v2': None, 'distribute_circle': {'distribute_type': 0, 'campus_block_interaction': False, 'is_campus': False}, 'image_crop_ctrl': 0, 'yumme_recreason': None, 'slides_music_beats': None, 'jump_tab_info_list': None, 'media_type': 4, 'reply_smart_emojis': None, 'activity_video_type': -1, 'boost_status': 0, 'create_scale_type': None, 'entertainment_product_info': {'sub_title': None, 'market_info': {'limit_free': {'in_free': False}, 'marketing_tag': None}}, 'caption': '当孩子哭着问"妈妈我是不是很丑？"这位妈妈的回答太赞了！\n\n\n#幼儿教育#父母课堂#育儿#亲子关系#家庭教育#孙瑞雪', 'item_title': '6-12岁孩子的社交必修课', 'is_use_music': True, 'original': 0, 'xigua_base_info': {'status': 0, 'star_altar_order_id': 0, 'star_altar_type': 0, 'item_id': 0}, 'mark_largely_following': False, 'friend_recommend_info': {'friend_recommend_source': 10, 'label_user_list': None, 'disable_friend_recommend_guide_label': False}, 'enable_comment_sticker_rec': False}, {'aweme_id': '7552825957611048230', 'desc': '孩子看你的眼神，藏着他成长的秘密 生命每个阶段都有特点，要了解孩子不同阶段的发展。  \n#幼儿教育#父母课堂#育儿#亲子关系#家庭教育#孙瑞雪', 'create_time': 1758536700, 'author': {'uid': '1965574329213736', 'card_entries_not_display': None, 'nickname': '孙瑞雪聊教育', 'personal_tag_list': None, 'homepage_bottom_toast': None, 'avatar_thumb': {'uri': '100x100/aweme-avatar/tos-cn-avt-0015_afee5b125df955a19af4c41159ad1295', 'url_list': ['https://p3-pc.douyinpic.com/aweme/100x100/aweme-avatar/tos-cn-avt-0015_afee5b125df955a19af4c41159ad1295.jpeg?from=327834062'], 'width': 720, 'height': 720}, 'batch_unfollow_contain_tabs': None, 'not_seen_item_id_list': None, 'follow_status': 0, 'contrail_list': None, 'story_interactive': 0, 'data_label_list': None, 'custom_verify': '', 'follower_list_secondary_information_struct': None, 'display_info': None, 'interest_tags': None, 'account_cert_info': '{}', 'user_tags': None, 'share_info': {'share_url': '', 'share_weibo_desc': '', 'share_desc': '', 'share_title': '', 'share_qrcode_url': {'uri': '31b0500316c4e154852bc', 'url_list': ['https://p3-pc-sign.douyinpic.com/obj/31b0500316c4e154852bc?lk3s=138a59ce&x-expires=1760990400&x-signature=VnOegD8kfOkclbkCT%2BIUAVSkQl4%3D&from=327834062'], 'width': 720, 'height': 720}, 'share_title_myself': '', 'share_title_other': '', 'share_desc_info': ''}, 'can_set_geofencing': None, 'sec_uid': 'MS4wLjABAAAAnAFnkWlOm9jteymsi42fanYLMzfbqdGIwCILEUqDNmFyjfK9N8fSJdS_D2UWk_we', 'need_points': None, 'enterprise_verify_reason': '', 'is_ad_fake': False, 'story_ttl': 0, 'user_permissions': None, 'card_entries': None, 'creator_tag_list': None, 'offline_info_list': None, 'text_extra': None, 'card_sort_priority': None, 'prevent_download': False, 'special_people_labels': None, 'white_cover_url': None, 'endorsement_info_list': None, 'follower_status': 0, 'profile_mob_params': None, 'familiar_visitor_user': None, 'avatar_schema_list': None, 'cover_url': [{'uri': 'c8510002be9a3a61aad2', 'url_list': ['https://p3-pc-sign.douyinpic.com/obj/c8510002be9a3a61aad2?lk3s=138a59ce&x-expires=1762178400&x-signature=bEz6E0nbTH1458RtDsUU87G74Mk%3D&from=327834062'], 'width': 720, 'height': 720}], 'cf_list': None, 'im_role_ids': None, 'not_seen_item_id_list_v2': None, 'signature_extra': None, 'risk_notice_text': '', 'ban_user_functions': None, 'profile_component_disabled': None, 'verification_permission_ids': None, 'identity_labels': None, 'private_relation_list': None, 'link_item_list': None, 'batch_unfollow_relation_desc': None}, 'music': {'id': 7552825911201123072, 'id_str': '7552825911201123072', 'title': '@孙瑞雪聊教育创作的原声', 'author': '孙瑞雪聊教育', 'album': '', 'cover_hd': {'uri': '1080x1080/aweme-avatar/tos-cn-avt-0015_afee5b125df955a19af4c41159ad1295', 'url_list': ['https://p3-pc.douyinpic.com/aweme/1080x1080/aweme-avatar/tos-cn-avt-0015_afee5b125df955a19af4c41159ad1295.jpeg?from=327834062'], 'width': 720, 'height': 720}, 'cover_large': {'uri': '1080x1080/aweme-avatar/tos-cn-avt-0015_afee5b125df955a19af4c41159ad1295', 'url_list': ['https://p3-pc.douyinpic.com/aweme/1080x1080/aweme-avatar/tos-cn-avt-0015_afee5b125df955a19af4c41159ad1295.jpeg?from=327834062'], 'width': 720, 'height': 720}, 'cover_medium': {'uri': '720x720/aweme-avatar/tos-cn-avt-0015_afee5b125df955a19af4c41159ad1295', 'url_list': ['https://p3-pc.douyinpic.com/aweme/720x720/aweme-avatar/tos-cn-avt-0015_afee5b125df955a19af4c41159ad1295.jpeg?from=327834062'], 'width': 720, 'height': 720}, 'cover_thumb': {'uri': '100x100/aweme-avatar/tos-cn-avt-0015_afee5b125df955a19af4c41159ad1295', 'url_list': ['https://p3-pc.douyinpic.com/aweme/100x100/aweme-avatar/tos-cn-avt-0015_afee5b125df955a19af4c41159ad1295.jpeg?from=327834062'], 'width': 720, 'height': 720}, 'play_url': {'uri': 'https://lf3-music-east.douyinstatic.com/obj/ies-music-hj/7552826013688875833.mp3', 'url_list': ['https://lf3-music-east.douyinstatic.com/obj/ies-music-hj/7552826013688875833.mp3', 'https://lf9-music-east.douyinstatic.com/obj/ies-music-hj/7552826013688875833.mp3'], 'width': 720, 'height': 720, 'url_key': '7552825911201123072'}, 'schema_url': '', 'source_platform': 23, 'start_time': 0, 'end_time': 0, 'duration': 157, 'extra': '{"aed_music_score":0.02,"aed_singing_score":0.01,"aggregate_exempt_conf":[],"beats":{},"cover_colors":null,"douyin_beats_info":{},"dsp_switch":0,"extract_item_id":7552825957611048230,"has_edited":0,"hit_high_follow_auto":false,"hit_high_follow_extend":false,"hit_high_follow_original":false,"hotsoon_review_time":-1,"is_aed_music":0,"is_high_follow_user":false,"is_red":0,"is_subsidy_exp":false,"music_label_id":null,"music_tagging":{"AEDs":null,"Genres":null,"Instruments":null,"Languages":null,"Moods":null,"SingingVersions":null,"Themes":null},"review_unshelve_reason":0,"reviewed":0,"schedule_search_time":0,"uniqa_speech_score":0.99,"with_aed_model":1}', 'user_count': 0, 'position': None, 'collect_stat': 0, 'status': 1, 'offline_desc': '', 'owner_id': '1965574329213736', 'owner_nickname': '孙瑞雪聊教育', 'is_original': False, 'mid': '7552825911201123072', 'binded_challenge_id': 0, 'redirect': False, 'is_restricted': False, 'author_deleted': False, 'is_del_video': False, 'is_video_self_see': False, 'owner_handle': '63566855132', 'author_position': None, 'prevent_download': False, 'unshelve_countries': None, 'prevent_item_download_status': 0, 'external_song_info': [], 'sec_uid': 'MS4wLjABAAAAnAFnkWlOm9jteymsi42fanYLMzfbqdGIwCILEUqDNmFyjfK9N8fSJdS_D2UWk_we', 'avatar_thumb': {'uri': '100x100/aweme-avatar/tos-cn-avt-0015_afee5b125df955a19af4c41159ad1295', 'url_list': ['https://p3-pc.douyinpic.com/aweme/100x100/aweme-avatar/tos-cn-avt-0015_afee5b125df955a19af4c41159ad1295.jpeg?from=327834062'], 'width': 720, 'height': 720}, 'avatar_medium': {'uri': '720x720/aweme-avatar/tos-cn-avt-0015_afee5b125df955a19af4c41159ad1295', 'url_list': ['https://p3-pc.douyinpic.com/aweme/720x720/aweme-avatar/tos-cn-avt-0015_afee5b125df955a19af4c41159ad1295.jpeg?from=327834062'], 'width': 720, 'height': 720}, 'avatar_large': {'uri': '1080x1080/aweme-avatar/tos-cn-avt-0015_afee5b125df955a19af4c41159ad1295', 'url_list': ['https://p3-pc.douyinpic.com/aweme/1080x1080/aweme-avatar/tos-cn-avt-0015_afee5b125df955a19af4c41159ad1295.jpeg?from=327834062'], 'width': 720, 'height': 720}, 'preview_start_time': 0, 'preview_end_time': 0, 'is_commerce_music': False, 'is_original_sound': True, 'audition_duration': 157, 'shoot_duration': 157, 'reason_type': 0, 'artists': [], 'lyric_short_position': None, 'mute_share': False, 'tag_list': None, 'dmv_auto_show': False, 'is_pgc': False, 'is_matched_metadata': False, 'is_audio_url_with_cookie': False, 'music_chart_ranks': None, 'can_background_play': True, 'music_status': 1, 'video_duration': 157, 'pgc_music_type': 2, 'author_status': 1, 'search_impr': {'entity_id': '7552825911201123072'}, 'artist_user_infos': None, 'dsp_status': 10, 'musician_user_infos': None, 'music_collect_count': 0, 'music_cover_atmosphere_color_value': '', 'show_origin_clip': False}, 'effect_inflow_effects': None, 'video': {'play_addr': {'uri': 'v0200fg10000d38gbdvog65jr4mu0vhg', 'url_list': ['https://v5-dy-o-abtest.zjcdn.com/261db4a694403de1d55dcede0a31fff9/68f66e56/video/tos/cn/tos-cn-ve-15/oAqAA3F0fIDx3nQAWjogflEsoREj9DvACL2QBB/?a=6383&ch=10010&cr=3&dr=0&lr=all&cd=0%7C0%7C0%7C3&cv=1&br=604&bt=604&cs=0&ds=3&ft=c2YTctGHQPRUZxfusdr~kwPqYldQIKDEE-TerrNqq_45a&mime_type=video_mp4&qs=0&rc=PGQ1NWloNmZpNWhpZWc5OkBpanl4N205cmdqNjMzNGkzM0AvMl5gLTZiNTUxM14zYTEyYSNlLWpvMmRzXzVhLS1kLS9zcw%3D%3D&btag=80000e00028000&cquery=100H_100K_100o_101r_100B&dy_q=1760969609&feature_id=fea919893f650a8c49286568590446ef&l=20251020221329FF810B6B17C3D024C6A3', 'https://v5-dy-o-abtest.zjcdn.com/261db4a694403de1d55dcede0a31fff9/68f66e56/video/tos/cn/tos-cn-ve-15/oAqAA3F0fIDx3nQAWjogflEsoREj9DvACL2QBB/?a=6383&ch=10010&cr=3&dr=0&lr=all&cd=0%7C0%7C0%7C3&cv=1&br=604&bt=604&cs=0&ds=3&ft=c2YTctGHQPRUZxfusdr~kwPqYldQIKDEE-TerrNqq_45a&mime_type=video_mp4&qs=0&rc=PGQ1NWloNmZpNWhpZWc5OkBpanl4N205cmdqNjMzNGkzM0AvMl5gLTZiNTUxM14zYTEyYSNlLWpvMmRzXzVhLS1kLS9zcw%3D%3D&btag=80000e00028000&cquery=100o_101r_100B_100H_100K&dy_q=1760969609&feature_id=fea919893f650a8c49286568590446ef&l=20251020221329FF810B6B17C3D024C6A3', 'https://www.douyin.com/aweme/v1/play/?video_id=v0200fg10000d38gbdvog65jr4mu0vhg&line=0&file_id=5746dd6baf6e428f8ce39e0fc2a25a29&sign=523720c35f0751a6411a91e0196f9b83&is_play_url=1&source=PackSourceEnum_PUBLISH'], 'width': 720, 'height': 1280, 'url_key': 'v0200fg10000d38gbdvog65jr4mu0vhg_h264_720p_619374', 'data_size': 12203076, 'file_hash': '523720c35f0751a6411a91e0196f9b83', 'file_cs': 'c:0-172677-9819|a:v0200fg10000d38gbdvog65jr4mu0vhg'}, 'cover': {'uri': 'tos-cn-i-dy/cf4e3eb8463744a2adbb514a6e6158b9', 'url_list': ['https://p3-pc-sign.douyinpic.com/tos-cn-i-dy/cf4e3eb8463744a2adbb514a6e6158b9~tplv-dy-cropcenter:323:430.jpeg?lk3s=138a59ce&x-expires=2076328800&x-signature=hZwqKzH7mGVC4E3zToePY2CvcMg%3D&from=327834062&s=PackSourceEnum_PUBLISH&se=true&sh=323_430&sc=cover&biz_tag=pcweb_cover&l=20251020221329FF810B6B17C3D024C6A3', 'https://p3-pc-sign.douyinpic.com/obj/tos-cn-i-dy/cf4e3eb8463744a2adbb514a6e6158b9?lk3s=138a59ce&x-expires=2076328800&x-signature=lo10F7XQho09eTzop8ypCv1%2FQOQ%3D&from=327834062&s=PackSourceEnum_PUBLISH&se=false&sc=cover&biz_tag=pcweb_cover&l=20251020221329FF810B6B17C3D024C6A3'], 'width': 720, 'height': 720}, 'height': 1920, 'width': 1080, 'dynamic_cover': {'uri': 'tos-cn-i-dy/cf4e3eb8463744a2adbb514a6e6158b9', 'url_list': ['https://p3-pc-sign.douyinpic.com/obj/tos-cn-i-dy/cf4e3eb8463744a2adbb514a6e6158b9?lk3s=138a59ce&x-expires=1762178400&x-signature=v9hLnebrh%2B2FHYzA%2B2lpcSnfMBE%3D&from=327834062_large&s=PackSourceEnum_PUBLISH&se=false&sc=dynamic_cover&biz_tag=pcweb_cover&l=20251020221329FF810B6B17C3D024C6A3', 'https://p9-pc-sign.douyinpic.com/obj/tos-cn-i-dy/cf4e3eb8463744a2adbb514a6e6158b9?lk3s=138a59ce&x-expires=1762178400&x-signature=lwUnpGR1NNqIZO7hc4jqXOePkc0%3D&from=327834062_large&s=PackSourceEnum_PUBLISH&se=false&sc=dynamic_cover&biz_tag=pcweb_cover&l=20251020221329FF810B6B17C3D024C6A3'], 'width': 720, 'height': 720}, 'origin_cover': {'uri': 'tos-cn-p-0015/o8f0BQ3C0BAFvajIAIAbntAhfsWgzoElDA9REL', 'url_list': ['https://p3-pc-sign.douyinpic.com/tos-cn-p-0015/o8f0BQ3C0BAFvajIAIAbntAhfsWgzoElDA9REL~tplv-dy-360p.jpeg?lk3s=138a59ce&x-expires=1762178400&x-signature=LW6t%2BUnBqVvTZneAIJQvT7xk0tE%3D&from=327834062&s=PackSourceEnum_PUBLISH&se=false&sc=origin_cover&biz_tag=pcweb_cover&l=20251020221329FF810B6B17C3D024C6A3', 'https://p9-pc-sign.douyinpic.com/tos-cn-p-0015/o8f0BQ3C0BAFvajIAIAbntAhfsWgzoElDA9REL~tplv-dy-360p.jpeg?lk3s=138a59ce&x-expires=1762178400&x-signature=3iXXAlE5VktPa9tkdpRTmga0mPg%3D&from=327834062&s=PackSourceEnum_PUBLISH&se=false&sc=origin_cover&biz_tag=pcweb_cover&l=20251020221329FF810B6B17C3D024C6A3'], 'width': 360, 'height': 640}, 'ratio': '720p', 'format': 'mp4', 'audio': {'original_sound_infos': None}, 'bit_rate': [{'gear_name': 'normal_720_0', 'quality_type': 10, 'bit_rate': 619374, 'play_addr': {'uri': 'v0200fg10000d38gbdvog65jr4mu0vhg', 'url_list': ['https://v5-dy-o-abtest.zjcdn.com/261db4a694403de1d55dcede0a31fff9/68f66e56/video/tos/cn/tos-cn-ve-15/oAqAA3F0fIDx3nQAWjogflEsoREj9DvACL2QBB/?a=6383&ch=10010&cr=3&dr=0&lr=all&cd=0%7C0%7C0%7C3&cv=1&br=604&bt=604&cs=0&ds=3&ft=c2YTctGHQPRUZxfusdr~kwPqYldQIKDEE-TerrNqq_45a&mime_type=video_mp4&qs=0&rc=PGQ1NWloNmZpNWhpZWc5OkBpanl4N205cmdqNjMzNGkzM0AvMl5gLTZiNTUxM14zYTEyYSNlLWpvMmRzXzVhLS1kLS9zcw%3D%3D&btag=80000e00028000&cquery=100H_100K_100o_101r_100B&dy_q=1760969609&feature_id=fea919893f650a8c49286568590446ef&l=20251020221329FF810B6B17C3D024C6A3', 'https://v5-dy-o-abtest.zjcdn.com/261db4a694403de1d55dcede0a31fff9/68f66e56/video/tos/cn/tos-cn-ve-15/oAqAA3F0fIDx3nQAWjogflEsoREj9DvACL2QBB/?a=6383&ch=10010&cr=3&dr=0&lr=all&cd=0%7C0%7C0%7C3&cv=1&br=604&bt=604&cs=0&ds=3&ft=c2YTctGHQPRUZxfusdr~kwPqYldQIKDEE-TerrNqq_45a&mime_type=video_mp4&qs=0&rc=PGQ1NWloNmZpNWhpZWc5OkBpanl4N205cmdqNjMzNGkzM0AvMl5gLTZiNTUxM14zYTEyYSNlLWpvMmRzXzVhLS1kLS9zcw%3D%3D&btag=80000e00028000&cquery=100o_101r_100B_100H_100K&dy_q=1760969609&feature_id=fea919893f650a8c49286568590446ef&l=20251020221329FF810B6B17C3D024C6A3', 'https://www.douyin.com/aweme/v1/play/?video_id=v0200fg10000d38gbdvog65jr4mu0vhg&line=0&file_id=5746dd6baf6e428f8ce39e0fc2a25a29&sign=523720c35f0751a6411a91e0196f9b83&is_play_url=1&source=PackSourceEnum_PUBLISH'], 'width': 720, 'height': 1280, 'url_key': 'v0200fg10000d38gbdvog65jr4mu0vhg_h264_720p_619374', 'data_size': 12203076, 'file_hash': '523720c35f0751a6411a91e0196f9b83', 'file_cs': 'c:0-172677-9819|a:v0200fg10000d38gbdvog65jr4mu0vhg'}, 'is_h265': 0, 'is_bytevc1': 0, 'HDR_type': '', 'HDR_bit': '', 'FPS': 30, 'video_extra': '{"PktOffsetMap":"[{\\"time\\": 1, \\"offset\\": 322142}, {\\"time\\": 2, \\"offset\\": 435412}, {\\"time\\": 3, \\"offset\\": 494136}, {\\"time\\": 4, \\"offset\\": 575328}, {\\"time\\": 5, \\"offset\\": 690729}, {\\"time\\": 10, \\"offset\\": 1171631}]","format":"mp4","definition":"720p","quality":"normal","file_id":"5746dd6baf6e428f8ce39e0fc2a25a29","applog_map":{"feature_id":"fea919893f650a8c49286568590446ef"},"audio_channels":"2.0","audio_sample_rate":"44100","audio_metrics":null,"audio_score":null}', 'format': 'mp4'}, {'gear_name': 'low_720_0', 'quality_type': 211, 'bit_rate': 531987, 'play_addr': {'uri': 'v0200fg10000d38gbdvog65jr4mu0vhg', 'url_list': ['https://v5-dy-o-abtest.zjcdn.com/ff76de6af53e82e5f4ae3c5f9e6f22bd/68f66e56/video/tos/cn/tos-cn-ve-15/oETYsI8yCHee8f2bABPsg4ZfQbieGiAWdEDtAg/?a=6383&ch=10010&cr=3&dr=0&lr=all&cd=0%7C0%7C0%7C3&cv=1&br=519&bt=519&cs=0&ds=3&ft=c2YTctGHQPRUZxfusdr~kwPqYldQIKDEE-TerrNqq_45a&mime_type=video_mp4&qs=1&rc=PDo8Mzo6ZTNkNzpnMzYzOEBpanl4N205cmdqNjMzNGkzM0BhNF8vMzRjNWMxYC4yNl8xYSNlLWpvMmRzXzVhLS1kLS9zcw%3D%3D&btag=80000e00028000&cquery=100B_100H_100K_100o_101r&dy_q=1760969609&feature_id=0ea98fd3bdc3c6c14a3d0804cc272721&l=20251020221329FF810B6B17C3D024C6A3', 'https://v5-dy-o-abtest.zjcdn.com/ff76de6af53e82e5f4ae3c5f9e6f22bd/68f66e56/video/tos/cn/tos-cn-ve-15/oETYsI8yCHee8f2bABPsg4ZfQbieGiAWdEDtAg/?a=6383&ch=10010&cr=3&dr=0&lr=all&cd=0%7C0%7C0%7C3&cv=1&br=519&bt=519&cs=0&ds=3&ft=c2YTctGHQPRUZxfusdr~kwPqYldQIKDEE-TerrNqq_45a&mime_type=video_mp4&qs=1&rc=PDo8Mzo6ZTNkNzpnMzYzOEBpanl4N205cmdqNjMzNGkzM0BhNF8vMzRjNWMxYC4yNl8xYSNlLWpvMmRzXzVhLS1kLS9zcw%3D%3D&btag=80000e00028000&cquery=100B_100H_100K_100o_101r&dy_q=1760969609&feature_id=0ea98fd3bdc3c6c14a3d0804cc272721&l=20251020221329FF810B6B17C3D024C6A3', 'https://www.douyin.com/aweme/v1/play/?video_id=v0200fg10000d38gbdvog65jr4mu0vhg&line=0&file_id=45b093501dc744fa80fb776720b977d9&sign=98c32bb8cd7a79ab8b4450b3073dce1d&is_play_url=1&source=PackSourceEnum_PUBLISH'], 'width': 720, 'height': 1280, 'url_key': 'v0200fg10000d38gbdvog65jr4mu0vhg_h264_720p_531987', 'data_size': 10481352, 'file_hash': '98c32bb8cd7a79ab8b4450b3073dce1d', 'file_cs': 'c:0-131088-482e|a:v0200fg10000d38gbdvog65jr4mu0vhg'}, 'is_h265': 0, 'is_bytevc1': 0, 'HDR_type': '', 'HDR_bit': '', 'FPS': 30, 'video_extra': '{"PktOffsetMap":"[{\\"time\\": 1, \\"offset\\": 269576}, {\\"time\\": 2, \\"offset\\": 366937}, {\\"time\\": 3, \\"offset\\": 419144}, {\\"time\\": 4, \\"offset\\": 484358}, {\\"time\\": 5, \\"offset\\": 608315}, {\\"time\\": 10, \\"offset\\": 1025451}]","format":"mp4","definition":"720p","quality":"low","file_id":"45b093501dc744fa80fb776720b977d9","applog_map":{"feature_id":"0ea98fd3bdc3c6c14a3d0804cc272721"},"audio_channels":"2.0","audio_sample_rate":"44100","audio_metrics":null,"audio_score":null}', 'format': 'mp4'}, {'gear_name': 'low_540_0', 'quality_type': 292, 'bit_rate': 492238, 'play_addr': {'uri': 'v0200fg10000d38gbdvog65jr4mu0vhg', 'url_list': ['https://v5-dy-o-abtest.zjcdn.com/19ec9fe8e7f2ce13e0bdcb31fde2e65d/68f66e56/video/tos/cn/tos-cn-ve-15/oco07nftEPQjBAsAI3JtoAAXQ9F3ECflogvDWE/?a=6383&ch=10010&cr=3&dr=0&lr=all&cd=0%7C0%7C0%7C3&cv=1&br=480&bt=480&cs=0&ds=6&ft=c2YTctGHQPRUZxfusdr~kwPqYldQIKDEE-TerrNqq_45a&mime_type=video_mp4&qs=1&rc=OTo2M2RmOjw7N2g8PDYzNEBpanl4N205cmdqNjMzNGkzM0A0Y15gYjM1NmMxL2A0YWMuYSNlLWpvMmRzXzVhLS1kLS9zcw%3D%3D&btag=80000e00028000&cquery=101r_100B_100H_100K_100o&dy_q=1760969609&feature_id=0ea98fd3bdc3c6c14a3d0804cc272721&l=20251020221329FF810B6B17C3D024C6A3', 'https://v5-dy-o-abtest.zjcdn.com/19ec9fe8e7f2ce13e0bdcb31fde2e65d/68f66e56/video/tos/cn/tos-cn-ve-15/oco07nftEPQjBAsAI3JtoAAXQ9F3ECflogvDWE/?a=6383&ch=10010&cr=3&dr=0&lr=all&cd=0%7C0%7C0%7C3&cv=1&br=480&bt=480&cs=0&ds=6&ft=c2YTctGHQPRUZxfusdr~kwPqYldQIKDEE-TerrNqq_45a&mime_type=video_mp4&qs=1&rc=OTo2M2RmOjw7N2g8PDYzNEBpanl4N205cmdqNjMzNGkzM0A0Y15gYjM1NmMxL2A0YWMuYSNlLWpvMmRzXzVhLS1kLS9zcw%3D%3D&btag=80000e00028000&cquery=100o_101r_100B_100H_100K&dy_q=1760969609&feature_id=0ea98fd3bdc3c6c14a3d0804cc272721&l=20251020221329FF810B6B17C3D024C6A3', 'https://www.douyin.com/aweme/v1/play/?video_id=v0200fg10000d38gbdvog65jr4mu0vhg&line=0&file_id=11f0d379c92e44f899876ceac0a3f776&sign=9a5e094f33888c8678fb2186e87a28c4&is_play_url=1&source=PackSourceEnum_PUBLISH'], 'width': 576, 'height': 1024, 'url_key': 'v0200fg10000d38gbdvog65jr4mu0vhg_h264_540p_492238', 'data_size': 9698198, 'file_hash': '9a5e094f33888c8678fb2186e87a28c4', 'file_cs': 'c:0-131048-9450|a:v0200fg10000d38gbdvog65jr4mu0vhg'}, 'is_h265': 0, 'is_bytevc1': 0, 'HDR_type': '', 'HDR_bit': '', 'FPS': 30, 'video_extra': '{"PktOffsetMap":"[{\\"time\\": 1, \\"offset\\": 255770}, {\\"time\\": 2, \\"offset\\": 345438}, {\\"time\\": 3, \\"offset\\": 393306}, {\\"time\\": 4, \\"offset\\": 451780}, {\\"time\\": 5, \\"offset\\": 564537}, {\\"time\\": 10, \\"offset\\": 946610}]","format":"mp4","definition":"540p","quality":"low","file_id":"11f0d379c92e44f899876ceac0a3f776","applog_map":{"feature_id":"0ea98fd3bdc3c6c14a3d0804cc272721"},"audio_channels":"2.0","audio_sample_rate":"44100","audio_metrics":null,"audio_score":null}', 'format': 'mp4'}, {'gear_name': 'adapt_low_540_0', 'quality_type': 291, 'bit_rate': 351540, 'play_addr': {'uri': 'v0200fg10000d38gbdvog65jr4mu0vhg', 'url_list': ['https://v5-dy-o-abtest.zjcdn.com/12df287818375f4a35a822210650b725/68f66e56/video/tos/cn/tos-cn-ve-15/o0vWICEDmsfAAn9QtoQtAfjE2GFql9A0v3B2Kg/?a=6383&ch=10010&cr=3&dr=0&lr=all&cd=0%7C0%7C0%7C3&cv=1&br=343&bt=343&cs=0&ds=6&ft=c2YTctGHQPRUZxfusdr~kwPqYldQIKDEE-TerrNqq_45a&mime_type=video_mp4&qs=12&rc=OzQ6ZDg3Omc5Z2c1Z2llOkBpanl4N205cmdqNjMzNGkzM0BfLV81Ml9jXl4xXmEtXi1jYSNlLWpvMmRzXzVhLS1kLS9zcw%3D%3D&btag=80000e00028000&cquery=100o_101r_100B_100H_100K&dy_q=1760969609&feature_id=0ea98fd3bdc3c6c14a3d0804cc272721&l=20251020221329FF810B6B17C3D024C6A3', 'https://v5-dy-o-abtest.zjcdn.com/12df287818375f4a35a822210650b725/68f66e56/video/tos/cn/tos-cn-ve-15/o0vWICEDmsfAAn9QtoQtAfjE2GFql9A0v3B2Kg/?a=6383&ch=10010&cr=3&dr=0&lr=all&cd=0%7C0%7C0%7C3&cv=1&br=343&bt=343&cs=0&ds=6&ft=c2YTctGHQPRUZxfusdr~kwPqYldQIKDEE-TerrNqq_45a&mime_type=video_mp4&qs=12&rc=OzQ6ZDg3Omc5Z2c1Z2llOkBpanl4N205cmdqNjMzNGkzM0BfLV81Ml9jXl4xXmEtXi1jYSNlLWpvMmRzXzVhLS1kLS9zcw%3D%3D&btag=80000e00028000&cquery=100o_101r_100B_100H_100K&dy_q=1760969609&feature_id=0ea98fd3bdc3c6c14a3d0804cc272721&l=20251020221329FF810B6B17C3D024C6A3', 'https://www.douyin.com/aweme/v1/play/?video_id=v0200fg10000d38gbdvog65jr4mu0vhg&line=0&file_id=f70baf0dd2ad4da6adf7b4558ab701b8&sign=075cb3fd3f242c96e98eac2d77d4ae30&is_play_url=1&source=PackSourceEnum_PUBLISH'], 'width': 576, 'height': 1024, 'url_key': 'v0200fg10000d38gbdvog65jr4mu0vhg_h264_540p_351540', 'data_size': 6926136, 'file_hash': '075cb3fd3f242c96e98eac2d77d4ae30', 'file_cs': 'c:0-131055-a1f0|a:v0200fg10000d38gbdvog65jr4mu0vhg'}, 'is_h265': 0, 'is_bytevc1': 0, 'HDR_type': '', 'HDR_bit': '', 'FPS': 30, 'video_extra': '{"PktOffsetMap":"[{\\"time\\": 1, \\"offset\\": 222823}, {\\"time\\": 2, \\"offset\\": 288888}, {\\"time\\": 3, \\"offset\\": 323552}, {\\"time\\": 4, \\"offset\\": 363982}, {\\"time\\": 5, \\"offset\\": 447866}, {\\"time\\": 10, \\"offset\\": 722582}]","format":"mp4","definition":"540p","quality":"adapt_low","file_id":"f70baf0dd2ad4da6adf7b4558ab701b8","applog_map":{"feature_id":"0ea98fd3bdc3c6c14a3d0804cc272721"},"audio_channels":"2.0","audio_sample_rate":"44100","audio_metrics":null,"audio_score":null}', 'format': 'mp4'}, {'gear_name': 'adapt_lowest_720_1', 'quality_type': 15, 'bit_rate': 292321, 'play_addr': {'uri': 'v0200fg10000d38gbdvog65jr4mu0vhg', 'url_list': ['https://v5-dy-o-abtest.zjcdn.com/3d79ec7883451c3d50fa97d412e9cd0b/68f66e56/video/tos/cn/tos-cn-ve-15/oUyg9MeWEYGi8QDiQMsGA2RgtAeeAIf4HVIGfC/?a=6383&ch=10010&cr=3&dr=0&lr=all&cd=0%7C0%7C0%7C3&cv=1&br=285&bt=285&cs=2&ds=3&ft=c2YTctGHQPRUZxfusdr~kwPqYldQIKDEE-TerrNqq_45a&mime_type=video_mp4&qs=15&rc=OWc0OjVnNWc0ZTo5Mzs8ZEBpanl4N205cmdqNjMzNGkzM0AxLmFjLS80NTYxYTEuYTBeYSNlLWpvMmRzXzVhLS1kLS9zcw%3D%3D&btag=80000e00028000&cquery=101r_100B_100H_100K_100o&dy_q=1760969609&feature_id=b38008770b4e09863331b14b26bcdc23&l=20251020221329FF810B6B17C3D024C6A3', 'https://v5-dy-o-abtest.zjcdn.com/3d79ec7883451c3d50fa97d412e9cd0b/68f66e56/video/tos/cn/tos-cn-ve-15/oUyg9MeWEYGi8QDiQMsGA2RgtAeeAIf4HVIGfC/?a=6383&ch=10010&cr=3&dr=0&lr=all&cd=0%7C0%7C0%7C3&cv=1&br=285&bt=285&cs=2&ds=3&ft=c2YTctGHQPRUZxfusdr~kwPqYldQIKDEE-TerrNqq_45a&mime_type=video_mp4&qs=15&rc=OWc0OjVnNWc0ZTo5Mzs8ZEBpanl4N205cmdqNjMzNGkzM0AxLmFjLS80NTYxYTEuYTBeYSNlLWpvMmRzXzVhLS1kLS9zcw%3D%3D&btag=80000e00028000&cquery=100o_101r_100B_100H_100K&dy_q=1760969609&feature_id=b38008770b4e09863331b14b26bcdc23&l=20251020221329FF810B6B17C3D024C6A3', 'https://www.douyin.com/aweme/v1/play/?video_id=v0200fg10000d38gbdvog65jr4mu0vhg&line=0&file_id=aa39d81046d74b918d722d02f7d11d46&sign=1f9e1cabbd4d802d07f7fae759eae5f9&is_play_url=1&source=PackSourceEnum_PUBLISH'], 'width': 720, 'height': 1280, 'url_key': 'v0200fg10000d38gbdvog65jr4mu0vhg_bytevc1_720p_292321', 'data_size': 5759386, 'file_hash': '1f9e1cabbd4d802d07f7fae759eae5f9', 'file_cs': 'c:0-131286-13c9|a:v0200fg10000d38gbdvog65jr4mu0vhg'}, 'is_h265': 1, 'is_bytevc1': 1, 'HDR_type': '', 'HDR_bit': '', 'FPS': 30, 'video_extra': '{"PktOffsetMap":"[{\\"time\\": 1, \\"offset\\": 215385}, {\\"time\\": 2, \\"offset\\": 263993}, {\\"time\\": 3, \\"offset\\": 299728}, {\\"time\\": 4, \\"offset\\": 351001}, {\\"time\\": 5, \\"offset\\": 413732}, {\\"time\\": 10, \\"offset\\": 642585}]","format":"mp4","definition":"720p","quality":"adapt_lowest","file_id":"aa39d81046d74b918d722d02f7d11d46","applog_map":{"feature_id":"b38008770b4e09863331b14b26bcdc23"},"mvmaf":"{\\"mvmaf_sr_v1080\\":98.612,\\"mvmaf_sr_v960\\":99.069,\\"mvmaf_sr_v864\\":99.386,\\"mvmaf_sr_v720\\":99.725,\\"mvmaf_ori_v1080\\":88.558,\\"mvmaf_ori_v960\\":91.022,\\"mvmaf_ori_v864\\":92.264,\\"mvmaf_ori_v720\\":94.912}","ufq":"{\\"enh\\":93.771,\\"playback\\":{\\"ori\\":86.329,\\"srv1\\":92.992},\\"src\\":93.771,\\"trans\\":86.329,\\"version\\":\\"v1.0\\"}","audio_channels":"2.0","audio_sample_rate":"44100","audio_metrics":null,"audio_score":null}', 'format': 'mp4'}, {'gear_name': 'adapt_540_1', 'quality_type': 28, 'bit_rate': 272815, 'play_addr': {'uri': 'v0200fg10000d38gbdvog65jr4mu0vhg', 'url_list': ['https://v5-dy-o-abtest.zjcdn.com/1791bc4aaeaa427fce17c3347c329928/68f66e56/video/tos/cn/tos-cn-ve-15/oQgfXtIGiiEN2sDeeMdYGAAHQeE4Afyg8RUWgC/?a=6383&ch=10010&cr=3&dr=0&lr=all&cd=0%7C0%7C0%7C3&cv=1&br=266&bt=266&cs=2&ds=6&ft=c2YTctGHQPRUZxfusdr~kwPqYldQIKDEE-TerrNqq_45a&mime_type=video_mp4&qs=11&rc=Z2U0ZzM7ODk1ODY1ZTs5M0Bpanl4N205cmdqNjMzNGkzM0AxMTEyNjAyX18xXzNiYDM1YSNlLWpvMmRzXzVhLS1kLS9zcw%3D%3D&btag=80000e00028000&cquery=100H_100K_100o_101r_100B&dy_q=1760969609&feature_id=b38008770b4e09863331b14b26bcdc23&l=20251020221329FF810B6B17C3D024C6A3', 'https://v5-dy-o-abtest.zjcdn.com/1791bc4aaeaa427fce17c3347c329928/68f66e56/video/tos/cn/tos-cn-ve-15/oQgfXtIGiiEN2sDeeMdYGAAHQeE4Afyg8RUWgC/?a=6383&ch=10010&cr=3&dr=0&lr=all&cd=0%7C0%7C0%7C3&cv=1&br=266&bt=266&cs=2&ds=6&ft=c2YTctGHQPRUZxfusdr~kwPqYldQIKDEE-TerrNqq_45a&mime_type=video_mp4&qs=11&rc=Z2U0ZzM7ODk1ODY1ZTs5M0Bpanl4N205cmdqNjMzNGkzM0AxMTEyNjAyX18xXzNiYDM1YSNlLWpvMmRzXzVhLS1kLS9zcw%3D%3D&btag=80000e00028000&cquery=100o_101r_100B_100H_100K&dy_q=1760969609&feature_id=b38008770b4e09863331b14b26bcdc23&l=20251020221329FF810B6B17C3D024C6A3', 'https://www.douyin.com/aweme/v1/play/?video_id=v0200fg10000d38gbdvog65jr4mu0vhg&line=0&file_id=8066c8eb62b345b2b65538905d414b4d&sign=de1afe16f37a4c13b5a4102b304f7355&is_play_url=1&source=PackSourceEnum_PUBLISH'], 'width': 576, 'height': 1024, 'url_key': 'v0200fg10000d38gbdvog65jr4mu0vhg_bytevc1_540p_272815', 'data_size': 5375088, 'file_hash': 'de1afe16f37a4c13b5a4102b304f7355', 'file_cs': 'c:0-131286-0c28|a:v0200fg10000d38gbdvog65jr4mu0vhg'}, 'is_h265': 1, 'is_bytevc1': 1, 'HDR_type': '', 'HDR_bit': '', 'FPS': 30, 'video_extra': '{"PktOffsetMap":"[{\\"time\\": 1, \\"offset\\": 205948}, {\\"time\\": 2, \\"offset\\": 247307}, {\\"time\\": 3, \\"offset\\": 279413}, {\\"time\\": 4, \\"offset\\": 323591}, {\\"time\\": 5, \\"offset\\": 380877}, {\\"time\\": 10, \\"offset\\": 587416}]","format":"mp4","definition":"540p","quality":"adapt","file_id":"8066c8eb62b345b2b65538905d414b4d","applog_map":{"feature_id":"b38008770b4e09863331b14b26bcdc23"},"mvmaf":"{\\"mvmaf_sr_v1080\\":96.292,\\"mvmaf_sr_v960\\":97.935,\\"mvmaf_sr_v864\\":98.393,\\"mvmaf_sr_v720\\":99.203,\\"mvmaf_ori_v1080\\":83.563,\\"mvmaf_ori_v960\\":86.936,\\"mvmaf_ori_v864\\":88.247,\\"mvmaf_ori_v720\\":91.364}","ufq":"{\\"enh\\":93.771,\\"playback\\":{\\"ori\\":81.693,\\"srv1\\":92.528},\\"src\\":93.771,\\"trans\\":81.693,\\"version\\":\\"v1.0\\"}","audio_channels":"2.0","audio_sample_rate":"44100","audio_metrics":null,"audio_score":null}', 'format': 'mp4'}, {'gear_name': 'low_720_0', 'quality_type': 211, 'bit_rate': 477671, 'play_addr': {'uri': 'v0200fg10000d38gbdvog65jr4mu0vhg', 'url_list': ['https://v5-dy-o-abtest.zjcdn.com/5b3ebc2ce01e10f0dd56862c13862a50/68f795a6/video/tos/cn/tos-cn-vd-0026/oYsAM7D3IFAWgEB0jAECAtAAAnQCf9vtol2Dgf/media-video-avc1/?a=6383&ch=0&cr=8&dr=0&er=1&lr=default&cd=0%7C0%7C0%7C3&cv=1&br=466&bt=466&cs=0&ds=3&mime_type=video_mp4&qs=1&rc=Nzc6NThnOGU3Nzc8PGU8Z0Bpanl4N205cmdqNjMzNGkzM0BiLS1iLWMzNTIxNDM2YjNiYSNlLWpvMmRzXzVhLS1kLS9zcw%3D%3D&btag=80000e00028000&cquery=100o_101r&dy_q=1760969609&l=20251020221329FF810B6B17C3D024C6A3', 'https://v5-dy-o-abtest.zjcdn.com/5b3ebc2ce01e10f0dd56862c13862a50/68f795a6/video/tos/cn/tos-cn-vd-0026/oYsAM7D3IFAWgEB0jAECAtAAAnQCf9vtol2Dgf/media-video-avc1/?a=6383&ch=0&cr=8&dr=0&er=1&lr=default&cd=0%7C0%7C0%7C3&cv=1&br=466&bt=466&cs=0&ds=3&mime_type=video_mp4&qs=1&rc=Nzc6NThnOGU3Nzc8PGU8Z0Bpanl4N205cmdqNjMzNGkzM0BiLS1iLWMzNTIxNDM2YjNiYSNlLWpvMmRzXzVhLS1kLS9zcw%3D%3D&btag=80000e00028000&cquery=101r_100o&dy_q=1760969609&l=20251020221329FF810B6B17C3D024C6A3', 'https://www.douyin.com/aweme/v1/play/dash/?video_id=v0200fg10000d38gbdvog65jr4mu0vhg&line=0&file_id=ed69eb99697444548b65fd05e20704e4&sign=a1d62f67a00678124c3fe11ffec90d48&is_play_url=1&source=PackSourceEnum_PUBLISH'], 'width': 720, 'height': 1280, 'url_key': 'v0200fg10000d38gbdvog65jr4mu0vhg_h264_720p_477671', 'data_size': 9410121, 'file_hash': 'a1d62f67a00678124c3fe11ffec90d48'}, 'is_h265': 0, 'is_bytevc1': 0, 'HDR_type': '', 'HDR_bit': '', 'FPS': 30, 'video_extra': '{"PktOffsetMap":"","format":"dash","sub_info":"{\\"audio_channels\\":\\"2.0\\",\\"audio_layout\\":\\"C\\",\\"audio_sample_rate\\":\\"44100\\",\\"base_range_info\\":{\\"first_moof_range\\":\\"1255-3354\\",\\"index_range\\":\\"995-1254\\",\\"init_range\\":\\"0-994\\"},\\"check_info\\":{\\"check_info\\":\\"a:v0200fg10000d38gbdvog65jr4mu0vhg|b:0-1254-9f32f7a7c88048a31401301600e60528|c:0-1254-c388\\"},\\"first_segment_range\\":\\"1255-687307\\",\\"gear_des_key\\":\\"0:DASH|1:normal|2:h264|4:720p|5:low|10000:105\\",\\"quality_type\\":11}","definition":"720p","quality":"low","quality_desc":"","file_id":"ed69eb99697444548b65fd05e20704e4","real_bitrate":531987,"audio_file_id":"b2dca8e4502cd4b6475b28a3a283dd58","applog_map":{"feature_id":"0ea98fd3bdc3c6c14a3d0804cc272721"},"audio_metrics":null,"audio_score":null}', 'format': 'dash'}, {'gear_name': 'low_540_0', 'quality_type': 292, 'bit_rate': 437919, 'play_addr': {'uri': 'v0200fg10000d38gbdvog65jr4mu0vhg', 'url_list': ['https://v5-dy-o-abtest.zjcdn.com/897172bd77b19b7a77413c8e61788cb7/68f795a6/video/tos/cn/tos-cn-vd-0026/ocG2TAQYGIbefeBsgAACtARyHEeb4iWAWtAuHf/media-video-avc1/?a=6383&ch=0&cr=8&dr=0&er=1&lr=default&cd=0%7C0%7C0%7C3&cv=1&br=427&bt=427&cs=0&ds=6&mime_type=video_mp4&qs=1&rc=NDY3aTg5OGdnNzNlZTk1PEBpanl4N205cmdqNjMzNGkzM0AzMjE2NmBjX2AxM2FjYy8yYSNlLWpvMmRzXzVhLS1kLS9zcw%3D%3D&btag=80000e00028000&cquery=100o_101r&dy_q=1760969609&l=20251020221329FF810B6B17C3D024C6A3', 'https://v5-dy-o-abtest.zjcdn.com/897172bd77b19b7a77413c8e61788cb7/68f795a6/video/tos/cn/tos-cn-vd-0026/ocG2TAQYGIbefeBsgAACtARyHEeb4iWAWtAuHf/media-video-avc1/?a=6383&ch=0&cr=8&dr=0&er=1&lr=default&cd=0%7C0%7C0%7C3&cv=1&br=427&bt=427&cs=0&ds=6&mime_type=video_mp4&qs=1&rc=NDY3aTg5OGdnNzNlZTk1PEBpanl4N205cmdqNjMzNGkzM0AzMjE2NmBjX2AxM2FjYy8yYSNlLWpvMmRzXzVhLS1kLS9zcw%3D%3D&btag=80000e00028000&cquery=101r_100o&dy_q=1760969609&l=20251020221329FF810B6B17C3D024C6A3', 'https://www.douyin.com/aweme/v1/play/dash/?video_id=v0200fg10000d38gbdvog65jr4mu0vhg&line=0&file_id=5922f6fbdb6044cdbdf5c6959f445361&sign=57e5f926f9723dd860023538fe07013a&is_play_url=1&source=PackSourceEnum_PUBLISH'], 'width': 576, 'height': 1024, 'url_key': 'v0200fg10000d38gbdvog65jr4mu0vhg_h264_540p_437919', 'data_size': 8627007, 'file_hash': '57e5f926f9723dd860023538fe07013a'}, 'is_h265': 0, 'is_bytevc1': 0, 'HDR_type': '', 'HDR_bit': '', 'FPS': 30, 'video_extra': '{"PktOffsetMap":"","format":"dash","sub_info":"{\\"audio_channels\\":\\"2.0\\",\\"audio_layout\\":\\"C\\",\\"audio_sample_rate\\":\\"44100\\",\\"base_range_info\\":{\\"first_moof_range\\":\\"1255-3354\\",\\"index_range\\":\\"995-1254\\",\\"init_range\\":\\"0-994\\"},\\"check_info\\":{\\"check_info\\":\\"a:v0200fg10000d38gbdvog65jr4mu0vhg|b:0-1254-400f1d3691f826373c91809f94d0eb38|c:0-1254-1d8f\\"},\\"first_segment_range\\":\\"1255-622348\\",\\"gear_des_key\\":\\"0:DASH|1:normal|2:h264|4:540p|5:low|10000:105\\"}","definition":"540p","quality":"low","quality_desc":"","file_id":"5922f6fbdb6044cdbdf5c6959f445361","real_bitrate":492238,"audio_file_id":"b2dca8e4502cd4b6475b28a3a283dd58","applog_map":{"feature_id":"0ea98fd3bdc3c6c14a3d0804cc272721"},"audio_metrics":null,"audio_score":null}', 'format': 'dash'}, {'gear_name': 'adapt_low_540_0', 'quality_type': 291, 'bit_rate': 297205, 'play_addr': {'uri': 'v0200fg10000d38gbdvog65jr4mu0vhg', 'url_list': ['https://v5-dy-o-abtest.zjcdn.com/8d85e5d6f5bb091a7cd541189099ff3b/68f795a6/video/tos/cn/tos-cn-vd-0026/oUYybu42AefCGsAHoeeIAfQGgiAEbRWAtBHAGM/media-video-avc1/?a=6383&ch=0&cr=8&dr=0&er=1&lr=default&cd=0%7C0%7C0%7C3&cv=1&br=290&bt=290&cs=0&ds=6&mime_type=video_mp4&qs=12&rc=ZTNmNzVpN2RkOWhlNDk2OkBpanl4N205cmdqNjMzNGkzM0AxNTAxYGIuX14xYDBeYTZeYSNlLWpvMmRzXzVhLS1kLS9zcw%3D%3D&btag=80000e00028000&cquery=101r_100o&dy_q=1760969609&l=20251020221329FF810B6B17C3D024C6A3', 'https://v5-dy-o-abtest.zjcdn.com/8d85e5d6f5bb091a7cd541189099ff3b/68f795a6/video/tos/cn/tos-cn-vd-0026/oUYybu42AefCGsAHoeeIAfQGgiAEbRWAtBHAGM/media-video-avc1/?a=6383&ch=0&cr=8&dr=0&er=1&lr=default&cd=0%7C0%7C0%7C3&cv=1&br=290&bt=290&cs=0&ds=6&mime_type=video_mp4&qs=12&rc=ZTNmNzVpN2RkOWhlNDk2OkBpanl4N205cmdqNjMzNGkzM0AxNTAxYGIuX14xYDBeYTZeYSNlLWpvMmRzXzVhLS1kLS9zcw%3D%3D&btag=80000e00028000&cquery=101r_100o&dy_q=1760969609&l=20251020221329FF810B6B17C3D024C6A3', 'https://www.douyin.com/aweme/v1/play/dash/?video_id=v0200fg10000d38gbdvog65jr4mu0vhg&line=0&file_id=a793d6a13bce46aaba14efc2443c804b&sign=69b2f846f336f8317273e3606c8d7cd0&is_play_url=1&source=PackSourceEnum_PUBLISH'], 'width': 576, 'height': 1024, 'url_key': 'v0200fg10000d38gbdvog65jr4mu0vhg_h264_540p_297205', 'data_size': 5854937, 'file_hash': '69b2f846f336f8317273e3606c8d7cd0'}, 'is_h265': 0, 'is_bytevc1': 0, 'HDR_type': '', 'HDR_bit': '', 'FPS': 30, 'video_extra': '{"PktOffsetMap":"","format":"dash","sub_info":"{\\"audio_channels\\":\\"2.0\\",\\"audio_layout\\":\\"C\\",\\"audio_sample_rate\\":\\"44100\\",\\"base_range_info\\":{\\"first_moof_range\\":\\"1254-3353\\",\\"index_range\\":\\"994-1253\\",\\"init_range\\":\\"0-993\\"},\\"check_info\\":{\\"check_info\\":\\"a:v0200fg10000d38gbdvog65jr4mu0vhg|b:0-1253-b99f858beb3471d96d46942444e0a42b|c:0-1253-c8b2\\"},\\"first_segment_range\\":\\"1254-436724\\",\\"gear_des_key\\":\\"0:DASH|1:normal|2:h264|4:540p|5:adapt_low|10000:105\\",\\"quality_type\\":291}","definition":"540p","quality":"adapt_low","quality_desc":"","file_id":"a793d6a13bce46aaba14efc2443c804b","real_bitrate":351540,"audio_file_id":"b2dca8e4502cd4b6475b28a3a283dd58","applog_map":{"feature_id":"0ea98fd3bdc3c6c14a3d0804cc272721"},"audio_metrics":null,"audio_score":null}', 'format': 'dash'}, {'gear_name': 'adapt_lowest_720_1', 'quality_type': 15, 'bit_rate': 237977, 'play_addr': {'uri': 'v0200fg10000d38gbdvog65jr4mu0vhg', 'url_list': ['https://v5-dy-o-abtest.zjcdn.com/8932ecdf2483c55b6318496f8c3a4f6e/68f795a6/video/tos/cn/tos-cn-vd-0026/o4GHqgGYAfAIe2Bs4AGtEAAeRyiWfiAcCfBGzQ/media-video-hvc1/?a=6383&ch=0&cr=8&dr=0&er=1&lr=default&cd=0%7C0%7C0%7C3&cv=1&br=232&bt=232&cs=4&ds=3&mime_type=video_mp4&qs=15&rc=OzNpMzM2NTU8ZGg0ZWdlOkBpanl4N205cmdqNjMzNGkzM0AtNTU2X14vNTYxMC9gYGMtYSNlLWpvMmRzXzVhLS1kLS9zcw%3D%3D&btag=80000e00028000&cquery=101r_100o&dy_q=1760969609&l=20251020221329FF810B6B17C3D024C6A3', 'https://v5-dy-o-abtest.zjcdn.com/8932ecdf2483c55b6318496f8c3a4f6e/68f795a6/video/tos/cn/tos-cn-vd-0026/o4GHqgGYAfAIe2Bs4AGtEAAeRyiWfiAcCfBGzQ/media-video-hvc1/?a=6383&ch=0&cr=8&dr=0&er=1&lr=default&cd=0%7C0%7C0%7C3&cv=1&br=232&bt=232&cs=4&ds=3&mime_type=video_mp4&qs=15&rc=OzNpMzM2NTU8ZGg0ZWdlOkBpanl4N205cmdqNjMzNGkzM0AtNTU2X14vNTYxMC9gYGMtYSNlLWpvMmRzXzVhLS1kLS9zcw%3D%3D&btag=80000e00028000&cquery=100o_101r&dy_q=1760969609&l=20251020221329FF810B6B17C3D024C6A3', 'https://www.douyin.com/aweme/v1/play/dash/?video_id=v0200fg10000d38gbdvog65jr4mu0vhg&line=0&file_id=07fbcdcb213e4a998222a3b0908f8008&sign=435a850c3c2c7589dc150e1157ea072f&is_play_url=1&source=PackSourceEnum_PUBLISH'], 'width': 720, 'height': 1280, 'url_key': 'v0200fg10000d38gbdvog65jr4mu0vhg_bytevc1_720p_237977', 'data_size': 4688148, 'file_hash': '435a850c3c2c7589dc150e1157ea072f'}, 'is_h265': 1, 'is_bytevc1': 1, 'HDR_type': '', 'HDR_bit': '', 'FPS': 30, 'video_extra': '{"PktOffsetMap":"","format":"dash","sub_info":"{\\"audio_channels\\":\\"2.0\\",\\"audio_layout\\":\\"C\\",\\"audio_sample_rate\\":\\"44100\\",\\"base_range_info\\":{\\"first_moof_range\\":\\"1437-3216\\",\\"index_range\\":\\"1129-1436\\",\\"init_range\\":\\"0-1128\\"},\\"check_info\\":{\\"check_info\\":\\"a:v0200fg10000d38gbdvog65jr4mu0vhg|b:0-1436-32638930a04764271d3a233443b090cd|c:0-1436-5eeb\\"},\\"first_segment_range\\":\\"1437-303969\\",\\"gear_des_key\\":\\"0:DASH|1:normal|2:h265_hvc1|4:720p|5:adapt_lowest|10000:105\\",\\"quality_type\\":15}","definition":"720p","quality":"adapt_lowest","quality_desc":"","file_id":"07fbcdcb213e4a998222a3b0908f8008","real_bitrate":289156,"audio_file_id":"b2dca8e4502cd4b6475b28a3a283dd58","applog_map":{"feature_id":"b38008770b4e09863331b14b26bcdc23"},"mvmaf":"{\\"mvmaf_sr_v1080\\":98.612,\\"mvmaf_sr_v960\\":99.069,\\"mvmaf_sr_v864\\":99.386,\\"mvmaf_sr_v720\\":99.725,\\"mvmaf_ori_v1080\\":88.558,\\"mvmaf_ori_v960\\":91.022,\\"mvmaf_ori_v864\\":92.264,\\"mvmaf_ori_v720\\":94.912}","ufq":"{\\"enh\\":93.771,\\"playback\\":{\\"ori\\":86.329,\\"srv1\\":92.992},\\"src\\":93.771,\\"trans\\":86.329,\\"version\\":\\"v1.0\\"}","audio_metrics":null,"audio_score":null}', 'format': 'dash'}, {'gear_name': 'adapt_540_1', 'quality_type': 28, 'bit_rate': 218470, 'play_addr': {'uri': 'v0200fg10000d38gbdvog65jr4mu0vhg', 'url_list': ['https://v5-dy-o-abtest.zjcdn.com/11f494a36cae1cd19bed9e4b7dcf73cb/68f795a6/video/tos/cn/tos-cn-vd-0026/oM6AfAfEWg0Ro3jCsgBW9AAbAlItFvAADnDQDR/media-video-hvc1/?a=6383&ch=0&cr=8&dr=0&er=1&lr=default&cd=0%7C0%7C0%7C3&cv=1&br=213&bt=213&cs=4&ds=6&mime_type=video_mp4&qs=11&rc=OmRlZDVpNGdnZjtpODVkZEBpanl4N205cmdqNjMzNGkzM0A2X19hYDUzNTAxMzMxLTBhYSNlLWpvMmRzXzVhLS1kLS9zcw%3D%3D&btag=80000e00028000&cquery=101r_100o&dy_q=1760969609&l=20251020221329FF810B6B17C3D024C6A3', 'https://v5-dy-o-abtest.zjcdn.com/11f494a36cae1cd19bed9e4b7dcf73cb/68f795a6/video/tos/cn/tos-cn-vd-0026/oM6AfAfEWg0Ro3jCsgBW9AAbAlItFvAADnDQDR/media-video-hvc1/?a=6383&ch=0&cr=8&dr=0&er=1&lr=default&cd=0%7C0%7C0%7C3&cv=1&br=213&bt=213&cs=4&ds=6&mime_type=video_mp4&qs=11&rc=OmRlZDVpNGdnZjtpODVkZEBpanl4N205cmdqNjMzNGkzM0A2X19hYDUzNTAxMzMxLTBhYSNlLWpvMmRzXzVhLS1kLS9zcw%3D%3D&btag=80000e00028000&cquery=100o_101r&dy_q=1760969609&l=20251020221329FF810B6B17C3D024C6A3', 'https://www.douyin.com/aweme/v1/play/dash/?video_id=v0200fg10000d38gbdvog65jr4mu0vhg&line=0&file_id=da3a02456f684c3d8d618fc2dabbba97&sign=92535226341c0642404f5aaf7342975a&is_play_url=1&source=PackSourceEnum_PUBLISH'], 'width': 576, 'height': 1024, 'url_key': 'v0200fg10000d38gbdvog65jr4mu0vhg_bytevc1_540p_218470', 'data_size': 4303850, 'file_hash': '92535226341c0642404f5aaf7342975a'}, 'is_h265': 1, 'is_bytevc1': 1, 'HDR_type': '', 'HDR_bit': '', 'FPS': 30, 'video_extra': '{"PktOffsetMap":"","format":"dash","sub_info":"{\\"audio_channels\\":\\"2.0\\",\\"audio_layout\\":\\"C\\",\\"audio_sample_rate\\":\\"44100\\",\\"base_range_info\\":{\\"first_moof_range\\":\\"1437-3216\\",\\"index_range\\":\\"1129-1436\\",\\"init_range\\":\\"0-1128\\"},\\"check_info\\":{\\"check_info\\":\\"a:v0200fg10000d38gbdvog65jr4mu0vhg|b:0-1436-0162923a1e393555abd6dfb84db457f3|c:0-1436-7bfb\\"},\\"first_segment_range\\":\\"1437-268105\\",\\"gear_des_key\\":\\"0:DASH|1:normal|2:h265_hvc1|4:540p|5:adapt|10000:105\\",\\"quality_type\\":28}","definition":"540p","quality":"adapt","quality_desc":"","file_id":"da3a02456f684c3d8d618fc2dabbba97","real_bitrate":272815,"audio_file_id":"b2dca8e4502cd4b6475b28a3a283dd58","applog_map":{"feature_id":"b38008770b4e09863331b14b26bcdc23"},"mvmaf":"{\\"mvmaf_sr_v1080\\":96.292,\\"mvmaf_sr_v960\\":97.935,\\"mvmaf_sr_v864\\":98.393,\\"mvmaf_sr_v720\\":99.203,\\"mvmaf_ori_v1080\\":83.563,\\"mvmaf_ori_v960\\":86.936,\\"mvmaf_ori_v864\\":88.247,\\"mvmaf_ori_v720\\":91.364}","ufq":"{\\"enh\\":93.771,\\"playback\\":{\\"ori\\":81.693,\\"srv1\\":92.528},\\"src\\":93.771,\\"trans\\":81.693,\\"version\\":\\"v1.0\\"}","audio_metrics":null,"audio_score":null}', 'format': 'dash'}], 'duration': 157618, 'play_addr_265': {'uri': 'v0200fg10000d38gbdvog65jr4mu0vhg', 'url_list': ['https://v5-dy-o-abtest.zjcdn.com/1791bc4aaeaa427fce17c3347c329928/68f66e56/video/tos/cn/tos-cn-ve-15/oQgfXtIGiiEN2sDeeMdYGAAHQeE4Afyg8RUWgC/?a=6383&ch=10010&cr=3&dr=0&lr=all&cd=0%7C0%7C0%7C3&cv=1&br=266&bt=266&cs=2&ds=6&ft=c2YTctGHQPRUZxfusdr~kwPqYldQIKDEE-TerrNqq_45a&mime_type=video_mp4&qs=11&rc=Z2U0ZzM7ODk1ODY1ZTs5M0Bpanl4N205cmdqNjMzNGkzM0AxMTEyNjAyX18xXzNiYDM1YSNlLWpvMmRzXzVhLS1kLS9zcw%3D%3D&btag=80000e00028000&cquery=100H_100K_100o_101r_100B&dy_q=1760969609&feature_id=b38008770b4e09863331b14b26bcdc23&l=20251020221329FF810B6B17C3D024C6A3', 'https://v5-dy-o-abtest.zjcdn.com/1791bc4aaeaa427fce17c3347c329928/68f66e56/video/tos/cn/tos-cn-ve-15/oQgfXtIGiiEN2sDeeMdYGAAHQeE4Afyg8RUWgC/?a=6383&ch=10010&cr=3&dr=0&lr=all&cd=0%7C0%7C0%7C3&cv=1&br=266&bt=266&cs=2&ds=6&ft=c2YTctGHQPRUZxfusdr~kwPqYldQIKDEE-TerrNqq_45a&mime_type=video_mp4&qs=11&rc=Z2U0ZzM7ODk1ODY1ZTs5M0Bpanl4N205cmdqNjMzNGkzM0AxMTEyNjAyX18xXzNiYDM1YSNlLWpvMmRzXzVhLS1kLS9zcw%3D%3D&btag=80000e00028000&cquery=100o_101r_100B_100H_100K&dy_q=1760969609&feature_id=b38008770b4e09863331b14b26bcdc23&l=20251020221329FF810B6B17C3D024C6A3', 'https://www.douyin.com/aweme/v1/play/?video_id=v0200fg10000d38gbdvog65jr4mu0vhg&line=0&file_id=8066c8eb62b345b2b65538905d414b4d&sign=de1afe16f37a4c13b5a4102b304f7355&is_play_url=1&source=PackSourceEnum_PUBLISH'], 'width': 576, 'height': 1024, 'url_key': 'v0200fg10000d38gbdvog65jr4mu0vhg_bytevc1_540p_272815', 'data_size': 5375088, 'file_hash': 'de1afe16f37a4c13b5a4102b304f7355', 'file_cs': 'c:0-131286-0c28|a:v0200fg10000d38gbdvog65jr4mu0vhg'}, 'bit_rate_audio': [{'audio_meta': {'url_list': {'main_url': 'https://v5-dy-o-abtest.zjcdn.com/17694b93543cb2c19dd066dada24058f/68f795a6/video/tos/cn/tos-cn-vd-0026/ocG2TAQYGIbefeBsgAACtARyHEeb4iWAWtAuHf/media-audio-und-mp4a/?a=6383&ch=0&cr=8&dr=0&er=1&lr=default&cd=0%7C0%7C0%7C3&cv=1&br=49&bt=49&cs=0&mime_type=video_mp4&qs=1&rc=O2c2NTY7ZTo5N2YzNztmNUBpanl4N205cmdqNjMzNGkzM0AyYTVeXi8yMV9hLzJiXmFfYSNlLWpvMmRzXzVhLS1kLS9zcw%3D%3D&btag=80000e00028000&cquery=101r_100o&dy_q=1760969609&l=20251020221329FF810B6B17C3D024C6A3', 'backup_url': 'https://v5-dy-o-abtest.zjcdn.com/17694b93543cb2c19dd066dada24058f/68f795a6/video/tos/cn/tos-cn-vd-0026/ocG2TAQYGIbefeBsgAACtARyHEeb4iWAWtAuHf/media-audio-und-mp4a/?a=6383&ch=0&cr=8&dr=0&er=1&lr=default&cd=0%7C0%7C0%7C3&cv=1&br=49&bt=49&cs=0&mime_type=video_mp4&qs=1&rc=O2c2NTY7ZTo5N2YzNztmNUBpanl4N205cmdqNjMzNGkzM0AyYTVeXi8yMV9hLzJiXmFfYSNlLWpvMmRzXzVhLS1kLS9zcw%3D%3D&btag=80000e00028000&cquery=100o_101r&dy_q=1760969609&l=20251020221329FF810B6B17C3D024C6A3', 'fallback_url': 'https://www.douyin.com/aweme/v1/play/dash/?video_id=v0200fg10000d38gbdvog65jr4mu0vhg&line=0&file_id=b2dca8e4502cd4b6475b28a3a283dd58&sign=b2dca8e4502cd4b6475b28a3a283dd58&is_play_url=1&source=PackSourceEnum_PUBLISH'}, 'encoded_type': 'normal', 'media_type': 'audio', 'logo_type': '', 'quality': 'low', 'quality_desc': '', 'format': 'dash', 'bitrate': 51179, 'codec_type': 'h264', 'size': 1008341, 'fps': 0, 'file_id': 'b2dca8e4502cd4b6475b28a3a283dd58', 'file_hash': 'b2dca8e4502cd4b6475b28a3a283dd58', 'sub_info': '{"audio_channels":"2.0","audio_layout":"C","audio_sample_rate":"44100","base_range_info":{"index_range":"870-1129","init_range":"0-869"},"check_info":{"check_info":"a:v0200fg10000d38gbdvog65jr4mu0vhg|b:0-1129-0bfc5ca5ec8d12d7bac95cadee4839ef|c:0-1129-9f69"},"first_segment_range":"1130-54497","gear_des_key":"0:dash|1:normal|2:h264|5:low|10000:105"}'}, 'audio_quality': 5, 'audio_extra': '{"real_bitrate":492238}'}], 'play_addr_h264': {'uri': 'v0200fg10000d38gbdvog65jr4mu0vhg', 'url_list': ['https://v5-dy-o-abtest.zjcdn.com/261db4a694403de1d55dcede0a31fff9/68f66e56/video/tos/cn/tos-cn-ve-15/oAqAA3F0fIDx3nQAWjogflEsoREj9DvACL2QBB/?a=6383&ch=10010&cr=3&dr=0&lr=all&cd=0%7C0%7C0%7C3&cv=1&br=604&bt=604&cs=0&ds=3&ft=c2YTctGHQPRUZxfusdr~kwPqYldQIKDEE-TerrNqq_45a&mime_type=video_mp4&qs=0&rc=PGQ1NWloNmZpNWhpZWc5OkBpanl4N205cmdqNjMzNGkzM0AvMl5gLTZiNTUxM14zYTEyYSNlLWpvMmRzXzVhLS1kLS9zcw%3D%3D&btag=80000e00028000&cquery=100H_100K_100o_101r_100B&dy_q=1760969609&feature_id=fea919893f650a8c49286568590446ef&l=20251020221329FF810B6B17C3D024C6A3', 'https://v5-dy-o-abtest.zjcdn.com/261db4a694403de1d55dcede0a31fff9/68f66e56/video/tos/cn/tos-cn-ve-15/oAqAA3F0fIDx3nQAWjogflEsoREj9DvACL2QBB/?a=6383&ch=10010&cr=3&dr=0&lr=all&cd=0%7C0%7C0%7C3&cv=1&br=604&bt=604&cs=0&ds=3&ft=c2YTctGHQPRUZxfusdr~kwPqYldQIKDEE-TerrNqq_45a&mime_type=video_mp4&qs=0&rc=PGQ1NWloNmZpNWhpZWc5OkBpanl4N205cmdqNjMzNGkzM0AvMl5gLTZiNTUxM14zYTEyYSNlLWpvMmRzXzVhLS1kLS9zcw%3D%3D&btag=80000e00028000&cquery=100o_101r_100B_100H_100K&dy_q=1760969609&feature_id=fea919893f650a8c49286568590446ef&l=20251020221329FF810B6B17C3D024C6A3', 'https://www.douyin.com/aweme/v1/play/?video_id=v0200fg10000d38gbdvog65jr4mu0vhg&line=0&file_id=5746dd6baf6e428f8ce39e0fc2a25a29&sign=523720c35f0751a6411a91e0196f9b83&is_play_url=1&source=PackSourceEnum_PUBLISH'], 'width': 720, 'height': 1280, 'url_key': 'v0200fg10000d38gbdvog65jr4mu0vhg_h264_720p_619374', 'data_size': 12203076, 'file_hash': '523720c35f0751a6411a91e0196f9b83', 'file_cs': 'c:0-172677-9819|a:v0200fg10000d38gbdvog65jr4mu0vhg'}, 'raw_cover': {'uri': 'tos-cn-i-dy/cf4e3eb8463744a2adbb514a6e6158b9', 'url_list': ['https://p3-pc-sign.douyinpic.com/tos-cn-i-dy/cf4e3eb8463744a2adbb514a6e6158b9~tplv-dy-cropcenter:323:430.jpeg?lk3s=138a59ce&x-expires=2076328800&x-signature=hZwqKzH7mGVC4E3zToePY2CvcMg%3D&from=327834062&s=PackSourceEnum_PUBLISH&se=true&sh=323_430&sc=cover&biz_tag=pcweb_cover&l=20251020221329FF810B6B17C3D024C6A3', 'https://p3-pc-sign.douyinpic.com/obj/tos-cn-i-dy/cf4e3eb8463744a2adbb514a6e6158b9?lk3s=138a59ce&x-expires=2076328800&x-signature=lo10F7XQho09eTzop8ypCv1%2FQOQ%3D&from=327834062&s=PackSourceEnum_PUBLISH&se=false&sc=cover&biz_tag=pcweb_cover&l=20251020221329FF810B6B17C3D024C6A3'], 'width': 720, 'height': 720}, 'is_long_video': 1, 'animated_cover': {'uri': 'tos-cn-i-dy/cf4e3eb8463744a2adbb514a6e6158b9', 'url_list': ['https://p3-pc-sign.douyinpic.com/obj/tos-cn-i-dy/cf4e3eb8463744a2adbb514a6e6158b9?lk3s=138a59ce&x-expires=1762178400&x-signature=v9hLnebrh%2B2FHYzA%2B2lpcSnfMBE%3D&from=327834062_large&s=PackSourceEnum_PUBLISH&se=false&sc=dynamic_cover&biz_tag=pcweb_cover&l=20251020221329FF810B6B17C3D024C6A3', 'https://p9-pc-sign.douyinpic.com/obj/tos-cn-i-dy/cf4e3eb8463744a2adbb514a6e6158b9?lk3s=138a59ce&x-expires=1762178400&x-signature=lwUnpGR1NNqIZO7hc4jqXOePkc0%3D&from=327834062_large&s=PackSourceEnum_PUBLISH&se=false&sc=dynamic_cover&biz_tag=pcweb_cover&l=20251020221329FF810B6B17C3D024C6A3']}, 'gaussian_cover': {'uri': 'tos-cn-p-0015/o8f0BQ3C0BAFvajIAIAbntAhfsWgzoElDA9REL', 'url_list': ['https://p3-pc-sign.douyinpic.com/tos-cn-p-0015/o8f0BQ3C0BAFvajIAIAbntAhfsWgzoElDA9REL~tplv-tsj2vxp0zn-gaosi:40.jpeg?lk3s=138a59ce&x-expires=1792504800&x-signature=N1bcYcBb3Bx8bNz32pb7B2TJTgg%3D&from=327834062', 'https://p9-pc-sign.douyinpic.com/tos-cn-p-0015/o8f0BQ3C0BAFvajIAIAbntAhfsWgzoElDA9REL~tplv-tsj2vxp0zn-gaosi:40.jpeg?lk3s=138a59ce&x-expires=1792504800&x-signature=%2FzNiY8P%2FRUH1eTCLZVnXqr%2B1894%3D&from=327834062'], 'width': 720, 'height': 720}, 'meta': '{"enable_manual_ladder":"1","format":"mp4","gear_vqm":"{\\"1080p_720p\\":-1,\\"720p_540p\\":2}","hrids":"500000002","is_spatial_video":"0","isad":"0","loudness":"-15.2","peak":"0.5821","qprf":"1.000","sdgs":"[\\"normal_720_0\\",\\"low_720_0\\",\\"low_540_0\\",\\"adapt_low_540_0\\",\\"adapt_lowest_720_1\\",\\"adapt_540_1\\"]","sr_potential":"{\\"v1.0\\":{\\"score\\":62.542}}","sr_score":"1.000","strategy_tokens":"[\\"online\\",\\"sexp_reward02_0721\\",\\"sexp_reward01_0721\\",\\"sexp_0702_0819\\",\\"sexp_0701_0819\\"]","title_info":"{\\"avg_br_pc\\":227,\\"bottom_res_add\\":[1.04,0.22,0,27.09,43.46,0,0,0,0,0,0,0,0,0,0],\\"bullet_zone\\":22.46,\\"mean_br_l\\":[242.07,234.85,228.94,223.39,220.09,215.34],\\"pc60_br_l\\":[244.8,237.17,231.32,226.01,224.03,220.68],\\"progress_bar\\":[244,244,244],\\"ratio_br_l\\":[244.8,237.16,231.32,225.86,223.77,220.45],\\"ratio_br_l_thre220\\":[0.99,0.83,0.62,0.5,0.43,0.37],\\"ratio_edge_l\\":[0,0,0,0.13,0.14,0.19],\\"std_br_l\\":[25.66,20.47,15.34,12.75,12.03,12.76],\\"top_res_add\\":[0,0,0,3,54.09,49.27,9.55],\\"version\\":\\"v1.0\\"}","volume_info":"{\\"Peak\\":0.5821,\\"MaximumMomentaryLoudness\\":-7.7,\\"MaximumShortTermLoudness\\":-10.7,\\"Metrics\\":{\\"Loudness\\":{\\"Integrated\\":-15.23},\\"Phase\\":{\\"RMSDownmixDiff\\":-0.015},\\"RMSStats\\":{\\"LTotal\\":-18.981,\\"Peak\\":-4.749,\\"RTotal\\":-18.973,\\"LRDiff\\":-0.008},\\"Version\\":\\"1.4.2\\"},\\"LoudnessRangeStart\\":-19.4,\\"Version\\":2,\\"Loudness\\":-15.2,\\"LoudnessRange\\":5.8,\\"LoudnessRangeEnd\\":-13.6}","vqs_origin":"75.83"}', 'video_model': '', 'is_source_HDR': 0, 'use_static_cover': True, 'big_thumbs': [{'img_num': 79, 'uri': 'tos-cn-p-0015/oMQoBRZhE30FArBAdg5I0js69WlvDACnAfPIfC', 'img_url': 'https://p3-sign.douyinpic.com/tos-cn-p-0015/oMQoBRZhE30FArBAdg5I0js69WlvDACnAfPIfC~tplv-noop.image?cquery=100K_100o_101r_100B_100H&dy_q=1760969609&l=20251020221329FF810B6B17C3D024C6A3&x-expires=1760980566&x-signature=gVmt0HbObg1INFVyBnaKKIwnvDg%3D', 'img_x_size': 136, 'img_y_size': 240, 'img_x_len': 5, 'img_y_len': 5, 'duration': 157.6, 'interval': 2, 'fext': 'jpg', 'uris': ['tos-cn-p-0015/oMQoBRZhE30FArBAdg5I0js69WlvDACnAfPIfC', 'tos-cn-p-0015/ocVECQ4fieGAGfcDWngPIsiHtEoYyA2QeQ4mBf', 'tos-cn-p-0015/ocPDFBvsQAnCfLWRICU0Efj3CB0XoIAlwAA9gs', 'tos-cn-p-0015/oonvqRWEQ3If0d0oAsAI9BlFof7PtMACADjBgA'], 'img_urls': ['https://p3-sign.douyinpic.com/tos-cn-p-0015/oMQoBRZhE30FArBAdg5I0js69WlvDACnAfPIfC~tplv-noop.image?cquery=100K_100o_101r_100B_100H&dy_q=1760969609&l=20251020221329FF810B6B17C3D024C6A3&x-expires=1760980566&x-signature=gVmt0HbObg1INFVyBnaKKIwnvDg%3D', 'https://p3-sign.douyinpic.com/tos-cn-p-0015/ocVECQ4fieGAGfcDWngPIsiHtEoYyA2QeQ4mBf~tplv-noop.image?cquery=101r_100B_100H_100K_100o&dy_q=1760969609&l=20251020221329FF810B6B17C3D024C6A3&x-expires=1760980566&x-signature=w4l3e2I1F44AWK4%2B3jadANJeHm0%3D', 'https://p3-sign.douyinpic.com/tos-cn-p-0015/ocPDFBvsQAnCfLWRICU0Efj3CB0XoIAlwAA9gs~tplv-noop.image?cquery=100B_100H_100K_100o_101r&dy_q=1760969609&l=20251020221329FF810B6B17C3D024C6A3&x-expires=1760980566&x-signature=K%2BHn%2FOi1fnbNvocL11LcrGNjB%2BE%3D', 'https://p3-sign.douyinpic.com/tos-cn-p-0015/oonvqRWEQ3If0d0oAsAI9BlFof7PtMACADjBgA~tplv-noop.image?cquery=101r_100B_100H_100K_100o&dy_q=1760969609&l=20251020221329FF810B6B17C3D024C6A3&x-expires=1760980566&x-signature=1wJUmZY%2FRCCn2bWhq6BxNu6noXA%3D']}]}, 'item_aigc_follow_shot': 1, 'user_digged': 0, 'statistics': {'recommend_count': 0, 'comment_count': 0, 'digg_count': 23, 'admire_count': 0, 'play_count': 0, 'share_count': 3, 'collect_count': 4}, 'status': {'not_allow_soft_del_reason': 'ab', 'is_delete': False, 'allow_share': True, 'review_result': {'review_status': 0}, 'allow_friend_recommend_guide': True, 'part_see': 0, 'private_status': 0, 'listen_video_status': 2, 'in_reviewing': False, 'allow_self_recommend_to_friend': True, 'allow_friend_recommend': True, 'is_prohibited': False, 'enable_soft_delete': 0}, 'personal_page_botton_diagnose_style': 0, 'text_extra': [], 'is_top': 0, 'game_tag_info': {'is_game': False}, 'share_info': {'share_url': 'https://www.iesdouyin.com/share/video/7552825957611048230/?region=US&mid=7552825911201123072&u_code=0&did=MS4wLjABAAAAvCMmrvAxedjvycgJ9K0iX5KdtDHpyq-etIWoeicy6xniB0XMxRYv3S-CyP_GdsPs&iid=MS4wLjABAAAANwkJuWIRFOzg5uCpDRpMj4OX-QryoDgn-yYlXQnRwQQ&with_sec_did=1&video_share_track_ver=&titleType=title&share_sign=IAeitLWVb0n2C70dHL2.srBtXn5fGoyRO3awcKvbM2Y-&share_version=290100&ts=1760969609&from_aid=6383&from_ssr=1&share_track_info=%7B%22link_description_type%22%3A%22%22%7D', 'share_link_desc': '0.20 G@I.vS wsE:/ 12/20 孩子看你的眼神，藏着他成长的秘密 生命每个阶段都有特点，要了解孩子不同阶段的发展。 # 幼儿教育# 父母课堂# 育儿# 亲子关系# 家庭教育# 孙瑞雪  %s 复制此链接，打开Dou音搜索，直接观看视频！'}, 'nearby_hot_comment': None, 'video_labels': None, 'entertainment_video_paid_way': {'paid_ways': [], 'paid_type': 0, 'enable_use_new_ent_data': False}, 'is_ads': False, 'duration': 157618, 'aweme_type': 0, 'select_anchor_expanded_content': 0, 'ai_follow_images': None, 'image_infos': None, 'risk_infos': {'vote': False, 'warn': False, 'risk_sink': False, 'type': 0, 'content': ''}, 'galileo_pad_textcrop': {'ipad_d_h_cut_ratio': [6, 6], 'ipad_d_v_cut_ratio': [2, 2], 'android_d_h_cut_ratio': [6], 'android_d_v_cut_ratio': None, 'version': 1}, 'ent_log_extra': {'log_extra': '{"global_log_extra":null,"page_log_extra":null,"aweme_log_extra":{"ce_current_group_id":"7552825957611048230","author_id":"1965574329213736"},"extra_log_extra":null}'}, 'position': None, 'uniqid_position': None, 'comment_list': None, 'author_user_id': 1965574329213736, 'product_genre_info': {'product_genre_type': 2, 'material_genre_sub_type_set': [4], 'special_info': {'recommend_group_name': 0}}, 'geofencing': [], 'series_basic_info': {}, 'is_moment_history': 0, 'region': '', 'video_text': None, 'trends_infos': None, 'collect_stat': 0, 'label_top_text': None, 'promotions': [], 'group_id': '7552825957611048230', 'prevent_download': False, 'nickname_position': None, 'challenge_position': None, 'entertainment_video_type': 3, 'recommend_chapter_info': {'recommend_chapter_list': [{'desc': '不同阶段孩子的眼神变化', 'timestamp': 4000, 'detail': '幼儿园孩子眼神直愣，小学孩子情感羞涩，五六年级孩子眼神又变得直愣。', 'points': None}, {'desc': '小学低年级孩子的沟通', 'timestamp': 45500, 'detail': '小学低年级孩子沟通可爱，知道什么话该说，什么话不该说。', 'points': None}, {'desc': '了解儿童心理的重要性', 'timestamp': 128000, 'detail': '了解儿童心理有助于把握其发展阶段和敏感点。', 'points': None}], 'chapter_recommend_type': 1, 'chapter_abstract': '孩子看父母的眼神反映了他们成长的不同阶段。幼儿园孩子眼神直愣，小学孩子情感羞涩，五六年级孩子眼神又变得直愣。了解儿童心理有助于把握他们在每个阶段的发展特点和敏感点，从而更好地与孩子沟通和教育。', 'chapter_recommend_source': 2, 'push_scene': [], 'chapter_bar_color': None}, 'video_share_edit_status': 0, 'long_video': None, 'shoot_way': '', 'trends_event_track': '{}', 'is_24_story': 0, 'follow_shoot_clip_info': {'clip_video_all': 7552825911201123072, 'clip_from_user': 7552825911201123072}, 'interaction_stickers': None, 'publish_plus_alienation': {'alienation_type': 0}, 'origin_comment_ids': None, 'commerce_config_data': None, 'caption_template_id': 0, 'video_control': {'allow_download': False, 'share_type': 0, 'show_progress_bar': 1, 'draft_progress_bar': 1, 'allow_duet': True, 'allow_react': False, 'prevent_download_type': 2, 'allow_dynamic_wallpaper': False, 'timer_status': 1, 'allow_music': True, 'allow_stitch': False, 'allow_douplus': True, 'allow_share': True, 'share_grayed': False, 'download_ignore_visibility': False, 'duet_ignore_visibility': False, 'share_ignore_visibility': False, 'download_info': {'level': 1, 'fail_info': {'code': 290002, 'reason': 'isolation_content', 'msg': '视频暂时无法保存，链接已复制'}}, 'duet_info': {'level': 0}, 'allow_record': True, 'disable_record_reason': '', 'timer_info': {'public_time': 1758536700, 'timer_status': 0}}, 'aweme_control': {'can_forward': True, 'can_share': True, 'can_comment': True, 'can_show_comment': True}, 'douplus_user_type': 0, 'is_25_story': 0, 'can_cache_to_local': True, 'is_moment_story': 0, 'anchors': None, 'hybrid_label': None, 'geofencing_regions': None, 'interest_points': None, 'aweme_acl': {'download_mask_panel': {'code': 1, 'show_type': 0}}, 'aweme_type_tags': '', 'is_story': 0, 'component_control': {'data_source_url': '/aweme/v1/web/aweme/post/'}, 'flash_mob_trends': 0, 'follow_shot_assets': None, 'cover_labels': None, 'is_new_text_mode': 0, 'mv_info': None, 'guide_btn_type': 0, 'is_from_ad_auth': False, 'origin_duet_resource_uri': '', 'images': None, 'relation_labels': None, 'cf_assets_type': 0, 'impression_data': {'group_id_list_a': [], 'group_id_list_b': [], 'similar_id_list_a': None, 'similar_id_list_b': None, 'group_id_list_c': [], 'group_id_list_d': []}, 'aweme_listen_struct': {'trace_info': '{"copyright_not_speech":"false","copyright_reason":"has_listen_cp_new","copyright_tag_hit":"","copyright_use_aed_default":"false","copyright_use_tag_default":"false","cp_ab":"true","desc":"","duration_over":"false","hit_high_risk":"false","media_type":"4","reason":"hit_ab_0","show":"false"}'}, 'chapter_bar_color': None, 'libfinsert_task_id': '', 'social_tag_list': None, 'suggest_words': {'suggest_words': [{'words': [{'word': '孩子成长的关键期', 'word_id': '6605257389262247175', 'info': '{"End":0,"Start":0,"ecpm_boost_tag":false,"log_pb":"","qrec_for_search":"{}"}'}, {'word': '捕捉儿童敏感期孙瑞雪', 'word_id': '6580307050775975172', 'info': '{"End":0,"Start":0,"ecpm_boost_tag":false,"log_pb":"","qrec_for_search":"{}"}'}], 'scene': 'comment_top_rec', 'icon_url': '', 'hint_text': '大家都在搜：', 'extra_info': '{"resp_from":"hit_cache"}'}, {'words': [{'word': '孩子成长的关键期', 'word_id': '6605257389262247175', 'info': '{"End":0,"Start":0,"ecpm_boost_tag":false,"log_pb":"","qrec_for_search":"{}"}'}], 'scene': 'detail_inbox_rex', 'icon_url': '', 'hint_text': '', 'extra_info': '{"resp_from":"hit_cache"}'}]}, 'show_follow_button': {}, 'duet_aggregate_in_music_tab': False, 'is_duet_sing': False, 'comment_permission_info': {'comment_permission_status': 0, 'can_comment': True, 'item_detail_entry': False, 'press_entry': False, 'toast_guide': False}, 'original_images': None, 'series_paid_info': {'series_paid_status': 0, 'item_price': 0}, 'img_bitrate': None, 'comment_gid': 7552825957611048230, 'image_album_music_info': {'begin_time': -1, 'end_time': -1, 'volume': -1}, 'video_tag': [{'tag_id': 2024, 'tag_name': '亲子', 'level': 1}, {'tag_id': 2024006, 'tag_name': '母婴', 'level': 2}, {'tag_id': 2024006003, 'tag_name': '育儿知识', 'level': 3}], 'is_collects_selected': 0, 'chapter_list': None, 'feed_comment_config': {'input_config_text': '善语结善缘，恶言伤人心', 'author_audit_status': 0, 'common_flags': '{"item_author_nickname":"孙瑞雪聊教育","video_labels_v2_tag1":"母婴","video_labels_v2_tag2":"育儿理念"}'}, 'is_image_beat': False, 'dislike_dimension_list': None, 'standard_bar_info_list': None, 'photo_search_entrance': {'ecom_type': 0}, 'is_life_item': False, 'image_list': None, 'component_info_v2': '{"desc_lines_limit":0,"hide_marquee":false}', 'item_warn_notification': {'type': 0, 'show': False, 'content': ''}, 'origin_text_extra': None, 'disable_relation_bar': 0, 'packed_clips': None, 'author_mask_tag': 0, 'user_recommend_status': 1, 'collection_corner_mark': 0, 'is_share_post': False, 'image_comment': {}, 'visual_search_info': {'is_show_img_entrance': False, 'is_ecom_img': False, 'is_high_accuracy_ecom': False, 'is_high_recall_ecom': False}, 'tts_id_list': None, 'ref_tts_id_list': None, 'voice_modify_id_list': None, 'ref_voice_modify_id_list': None, 'authentication_token': 'MS4wLjAAAAAAA_yFT9Vuf7IFyrUQEjC4KlEMrQcNH4zN5i_oGIwutlui4pTH7qUXvfenMDs-44W4QJ3xwKUrv8aidLqwt7Hay-uXp5c5i3erSt9hQbrG5-MFrMwwDkzILYAw4OTULFpNTjSj-eq1eEc5qWcxq66K80rQ5BSkOjg0s8-38mOgva6q4WHzdsFlFKnCXVZGWqBJj0MjPLKgKpUF_iSFsfLwv0gWxelugVTME2ptp9KyZYrh4ifvfkDhNHDk7ZmyMWjf', 'video_game_data_channel_config': {}, 'dislike_dimension_list_v2': None, 'distribute_circle': {'distribute_type': 0, 'campus_block_interaction': False, 'is_campus': False}, 'image_crop_ctrl': 0, 'yumme_recreason': None, 'slides_music_beats': None, 'jump_tab_info_list': None, 'media_type': 4, 'reply_smart_emojis': None, 'activity_video_type': -1, 'boost_status': 0, 'create_scale_type': None, 'entertainment_product_info': {'sub_title': None, 'market_info': {'limit_free': {'in_free': False}, 'marketing_tag': None}}, 'caption': '生命每个阶段都有特点，要了解孩子不同阶段的发展。\n\n\n#幼儿教育#父母课堂#育儿#亲子关系#家庭教育#孙瑞雪', 'item_title': '孩子看你的眼神，藏着他成长的秘密', 'is_use_music': False, 'original': 0, 'xigua_base_info': {'status': 0, 'star_altar_order_id': 0, 'star_altar_type': 0, 'item_id': 0}, 'mark_largely_following': False, 'friend_recommend_info': {'friend_recommend_source': 10, 'label_user_list': None, 'disable_friend_recommend_guide_label': False}, 'enable_comment_sticker_rec': False}, {'aweme_id': '7417702898215275816', 'desc': '在孤独中与自己相遇 #育儿 #家庭教育 #亲子关系 #父母课堂 #自我疗愈', 'create_time': 1728118800, 'author': {'uid': '1965574329213736', 'card_entries_not_display': None, 'nickname': '孙瑞雪聊教育', 'personal_tag_list': None, 'homepage_bottom_toast': None, 'avatar_thumb': {'uri': '100x100/aweme-avatar/tos-cn-avt-0015_afee5b125df955a19af4c41159ad1295', 'url_list': ['https://p3-pc.douyinpic.com/aweme/100x100/aweme-avatar/tos-cn-avt-0015_afee5b125df955a19af4c41159ad1295.jpeg?from=327834062'], 'width': 720, 'height': 720}, 'batch_unfollow_contain_tabs': None, 'not_seen_item_id_list': None, 'follow_status': 0, 'contrail_list': None, 'story_interactive': 0, 'data_label_list': None, 'custom_verify': '', 'follower_list_secondary_information_struct': None, 'display_info': None, 'interest_tags': None, 'account_cert_info': '{}', 'user_tags': None, 'share_info': {'share_url': '', 'share_weibo_desc': '', 'share_desc': '', 'share_title': '', 'share_qrcode_url': {'uri': '31b0500316c4e154852bc', 'url_list': ['https://p3-pc-sign.douyinpic.com/obj/31b0500316c4e154852bc?lk3s=138a59ce&x-expires=1760990400&x-signature=VnOegD8kfOkclbkCT%2BIUAVSkQl4%3D&from=327834062'], 'width': 720, 'height': 720}, 'share_title_myself': '', 'share_title_other': '', 'share_desc_info': ''}, 'can_set_geofencing': None, 'sec_uid': 'MS4wLjABAAAAnAFnkWlOm9jteymsi42fanYLMzfbqdGIwCILEUqDNmFyjfK9N8fSJdS_D2UWk_we', 'need_points': None, 'enterprise_verify_reason': '', 'is_ad_fake': False, 'story_ttl': 0, 'user_permissions': None, 'card_entries': None, 'creator_tag_list': None, 'offline_info_list': None, 'text_extra': None, 'card_sort_priority': None, 'prevent_download': False, 'special_people_labels': None, 'white_cover_url': None, 'endorsement_info_list': None, 'follower_status': 0, 'profile_mob_params': None, 'familiar_visitor_user': None, 'avatar_schema_list': None, 'cover_url': [{'uri': 'c8510002be9a3a61aad2', 'url_list': ['https://p3-pc-sign.douyinpic.com/obj/c8510002be9a3a61aad2?lk3s=138a59ce&x-expires=1762178400&x-signature=bEz6E0nbTH1458RtDsUU87G74Mk%3D&from=327834062'], 'width': 720, 'height': 720}], 'cf_list': None, 'im_role_ids': None, 'not_seen_item_id_list_v2': None, 'signature_extra': None, 'risk_notice_text': '', 'ban_user_functions': None, 'profile_component_disabled': None, 'verification_permission_ids': None, 'identity_labels': None, 'private_relation_list': None, 'link_item_list': None, 'batch_unfollow_relation_desc': None}, 'music': {'id': 7417702137221663522, 'id_str': '7417702137221663522', 'title': '@孙瑞雪聊教育创作的原声', 'author': '孙瑞雪聊教育', 'album': '', 'cover_hd': {'uri': '1080x1080/aweme-avatar/tos-cn-avt-0015_afee5b125df955a19af4c41159ad1295', 'url_list': ['https://p3-pc.douyinpic.com/aweme/1080x1080/aweme-avatar/tos-cn-avt-0015_afee5b125df955a19af4c41159ad1295.jpeg?from=327834062'], 'width': 720, 'height': 720}, 'cover_large': {'uri': '1080x1080/aweme-avatar/tos-cn-avt-0015_afee5b125df955a19af4c41159ad1295', 'url_list': ['https://p3-pc.douyinpic.com/aweme/1080x1080/aweme-avatar/tos-cn-avt-0015_afee5b125df955a19af4c41159ad1295.jpeg?from=327834062'], 'width': 720, 'height': 720}, 'cover_medium': {'uri': '720x720/aweme-avatar/tos-cn-avt-0015_afee5b125df955a19af4c41159ad1295', 'url_list': ['https://p3-pc.douyinpic.com/aweme/720x720/aweme-avatar/tos-cn-avt-0015_afee5b125df955a19af4c41159ad1295.jpeg?from=327834062'], 'width': 720, 'height': 720}, 'cover_thumb': {'uri': '100x100/aweme-avatar/tos-cn-avt-0015_afee5b125df955a19af4c41159ad1295', 'url_list': ['https://p3-pc.douyinpic.com/aweme/100x100/aweme-avatar/tos-cn-avt-0015_afee5b125df955a19af4c41159ad1295.jpeg?from=327834062'], 'width': 720, 'height': 720}, 'play_url': {'uri': 'https://lf3-music-east.douyinstatic.com/obj/ies-music-hj/7417702981883136826.mp3', 'url_list': ['https://lf3-music-east.douyinstatic.com/obj/ies-music-hj/7417702981883136826.mp3', 'https://lf26-music-east.douyinstatic.com/obj/ies-music-hj/7417702981883136826.mp3'], 'width': 720, 'height': 720, 'url_key': '7417702137221663522'}, 'schema_url': '', 'source_platform': 23, 'start_time': 0, 'end_time': 0, 'duration': 176, 'extra': '{"aed_music_score":0.1,"aed_singing_score":0.05,"aggregate_exempt_conf":[],"beats":{},"cover_colors":null,"douyin_beats_info":{},"dsp_switch":0,"extract_item_id":7417702898215275816,"has_edited":0,"hit_high_follow_auto":false,"hit_high_follow_extend":false,"hit_high_follow_original":false,"hotsoon_review_time":-1,"is_aed_music":0,"is_high_follow_user":false,"is_red":0,"is_subsidy_exp":false,"music_label_id":null,"music_tagging":{"AEDs":["non_vocal"],"Genres":["BGM","Others"],"Instruments":null,"Languages":["non_vocal"],"Moods":["Memory","Miss"],"SingingVersions":null,"Themes":["SoundTrack","Autumn"]},"review_unshelve_reason":0,"reviewed":0,"schedule_search_time":0,"uniqa_speech_score":0.63,"with_aed_model":1}', 'user_count': 0, 'position': None, 'collect_stat': 0, 'status': 1, 'offline_desc': '', 'owner_id': '1965574329213736', 'owner_nickname': '孙瑞雪聊教育', 'is_original': False, 'mid': '7417702137221663522', 'binded_challenge_id': 0, 'redirect': False, 'is_restricted': False, 'author_deleted': False, 'is_del_video': False, 'is_video_self_see': False, 'owner_handle': '63566855132', 'author_position': None, 'prevent_download': False, 'unshelve_countries': None, 'prevent_item_download_status': 0, 'external_song_info': [], 'sec_uid': 'MS4wLjABAAAAnAFnkWlOm9jteymsi42fanYLMzfbqdGIwCILEUqDNmFyjfK9N8fSJdS_D2UWk_we', 'avatar_thumb': {'uri': '100x100/aweme-avatar/tos-cn-avt-0015_afee5b125df955a19af4c41159ad1295', 'url_list': ['https://p3-pc.douyinpic.com/aweme/100x100/aweme-avatar/tos-cn-avt-0015_afee5b125df955a19af4c41159ad1295.jpeg?from=327834062'], 'width': 720, 'height': 720}, 'avatar_medium': {'uri': '720x720/aweme-avatar/tos-cn-avt-0015_afee5b125df955a19af4c41159ad1295', 'url_list': ['https://p3-pc.douyinpic.com/aweme/720x720/aweme-avatar/tos-cn-avt-0015_afee5b125df955a19af4c41159ad1295.jpeg?from=327834062'], 'width': 720, 'height': 720}, 'avatar_large': {'uri': '1080x1080/aweme-avatar/tos-cn-avt-0015_afee5b125df955a19af4c41159ad1295', 'url_list': ['https://p3-pc.douyinpic.com/aweme/1080x1080/aweme-avatar/tos-cn-avt-0015_afee5b125df955a19af4c41159ad1295.jpeg?from=327834062'], 'width': 720, 'height': 720}, 'preview_start_time': 0, 'preview_end_time': 0, 'is_commerce_music': False, 'is_original_sound': True, 'audition_duration': 176, 'shoot_duration': 176, 'reason_type': 0, 'artists': [], 'lyric_short_position': None, 'mute_share': False, 'tag_list': None, 'dmv_auto_show': False, 'is_pgc': False, 'is_matched_metadata': False, 'is_audio_url_with_cookie': False, 'music_chart_ranks': None, 'can_background_play': True, 'music_status': 1, 'video_duration': 176, 'pgc_music_type': 2, 'author_status': 1, 'search_impr': {'entity_id': '7417702137221663522'}, 'artist_user_infos': None, 'dsp_status': 10, 'musician_user_infos': None, 'music_collect_count': 0, 'music_cover_atmosphere_color_value': '', 'show_origin_clip': False}, 'effect_inflow_effects': None, 'video': {'play_addr': {'uri': 'v0d00fg10000crofiivog65pl22lovn0', 'url_list': ['https://v5-dy-o-abtest.zjcdn.com/1b10cff8de2a459cd3e6391471e70e43/68f66e69/video/tos/cn/tos-cn-ve-15/oo0GLEVofDmufXKhQhCcIecX0ewObIAh9Cx2AV/?a=6383&ch=10010&cr=3&dr=0&lr=all&cd=0%7C0%7C0%7C3&cv=1&br=1551&bt=1551&cs=0&ds=3&ft=c2YTctGHQPRUZxfusdr~kwPqYldQIKDEE-TerrNqq_45a&mime_type=video_mp4&qs=0&rc=ZmllaTw3ZjtoOjxpOzo6ZUBpM3lvNXM5cmxpdTMzNGkzM0A1YTFjNWE0XjYxXjMvNF4vYSNrbC9pMmRzZmxgLS1kLWFzcw%3D%3D&btag=80000e00028000&cquery=100H_100K_100o_101r_100B&dy_q=1760969609&feature_id=2e1813f3872a2105acee44623dff2864&l=20251020221329FF810B6B17C3D024C6A3', 'https://v5-dy-o-abtest.zjcdn.com/1b10cff8de2a459cd3e6391471e70e43/68f66e69/video/tos/cn/tos-cn-ve-15/oo0GLEVofDmufXKhQhCcIecX0ewObIAh9Cx2AV/?a=6383&ch=10010&cr=3&dr=0&lr=all&cd=0%7C0%7C0%7C3&cv=1&br=1551&bt=1551&cs=0&ds=3&ft=c2YTctGHQPRUZxfusdr~kwPqYldQIKDEE-TerrNqq_45a&mime_type=video_mp4&qs=0&rc=ZmllaTw3ZjtoOjxpOzo6ZUBpM3lvNXM5cmxpdTMzNGkzM0A1YTFjNWE0XjYxXjMvNF4vYSNrbC9pMmRzZmxgLS1kLWFzcw%3D%3D&btag=80000e00028000&cquery=101r_100B_100H_100K_100o&dy_q=1760969609&feature_id=2e1813f3872a2105acee44623dff2864&l=20251020221329FF810B6B17C3D024C6A3', 'https://www.douyin.com/aweme/v1/play/?video_id=v0d00fg10000crofiivog65pl22lovn0&line=0&file_id=2ba777286fa9479ea87cd489ff4bdf8c&sign=38a491feaf5d79fd8f834bdf6d0bae3b&is_play_url=1&source=PackSourceEnum_PUBLISH'], 'width': 720, 'height': 1280, 'url_key': 'v0d00fg10000crofiivog65pl22lovn0_h264_720p_1588489', 'data_size': 34982305, 'file_hash': '38a491feaf5d79fd8f834bdf6d0bae3b', 'file_cs': 'c:0-192001-3347'}, 'cover': {'uri': 'tos-cn-i-dy/1c3aa745789e4d33915ead5eb69ec4fa', 'url_list': ['https://p3-pc-sign.douyinpic.com/tos-cn-i-dy/1c3aa745789e4d33915ead5eb69ec4fa~tplv-dy-cropcenter:323:430.jpeg?lk3s=138a59ce&x-expires=2076328800&x-signature=zG0sNiYkD5FkAGeU3TH9Y8Qa574%3D&from=327834062&s=PackSourceEnum_PUBLISH&se=true&sh=323_430&sc=cover&biz_tag=pcweb_cover&l=20251020221329FF810B6B17C3D024C6A3', 'https://p3-pc-sign.douyinpic.com/obj/tos-cn-i-dy/1c3aa745789e4d33915ead5eb69ec4fa?lk3s=138a59ce&x-expires=2076328800&x-signature=y1tBSqWfIPoOmV7gWwgWdFxzElk%3D&from=327834062&s=PackSourceEnum_PUBLISH&se=false&sc=cover&biz_tag=pcweb_cover&l=20251020221329FF810B6B17C3D024C6A3'], 'width': 720, 'height': 720}, 'height': 1920, 'width': 1080, 'dynamic_cover': {'uri': 'tos-cn-i-dy/1c3aa745789e4d33915ead5eb69ec4fa', 'url_list': ['https://p3-pc-sign.douyinpic.com/obj/tos-cn-i-dy/1c3aa745789e4d33915ead5eb69ec4fa?lk3s=138a59ce&x-expires=1762178400&x-signature=x%2Fn5JYvP92To3p0hDMD0834L008%3D&from=327834062_large&s=PackSourceEnum_PUBLISH&se=false&sc=dynamic_cover&biz_tag=pcweb_cover&l=20251020221329FF810B6B17C3D024C6A3', 'https://p9-pc-sign.douyinpic.com/obj/tos-cn-i-dy/1c3aa745789e4d33915ead5eb69ec4fa?lk3s=138a59ce&x-expires=1762178400&x-signature=L59qL%2F5eBPbGuRqLpH%2B12zV6iOI%3D&from=327834062_large&s=PackSourceEnum_PUBLISH&se=false&sc=dynamic_cover&biz_tag=pcweb_cover&l=20251020221329FF810B6B17C3D024C6A3'], 'width': 720, 'height': 720}, 'origin_cover': {'uri': 'tos-cn-p-0015/okfCKyMVXjeXw8hDq2B4AEjDRNrgg0D8AbfCfQ', 'url_list': ['https://p9-pc-sign.douyinpic.com/tos-cn-p-0015/okfCKyMVXjeXw8hDq2B4AEjDRNrgg0D8AbfCfQ~tplv-dy-360p.jpeg?lk3s=138a59ce&x-expires=1762178400&x-signature=B2wtoa2RkolUW1SrAQqklwhlPtM%3D&from=327834062&s=PackSourceEnum_PUBLISH&se=false&sc=origin_cover&biz_tag=pcweb_cover&l=20251020221329FF810B6B17C3D024C6A3', 'https://p3-pc-sign.douyinpic.com/tos-cn-p-0015/okfCKyMVXjeXw8hDq2B4AEjDRNrgg0D8AbfCfQ~tplv-dy-360p.jpeg?lk3s=138a59ce&x-expires=1762178400&x-signature=%2BiGXIqc2t8P9uXxrqycjC8GJUN8%3D&from=327834062&s=PackSourceEnum_PUBLISH&se=false&sc=origin_cover&biz_tag=pcweb_cover&l=20251020221329FF810B6B17C3D024C6A3'], 'width': 360, 'height': 640}, 'ratio': '720p', 'format': 'mp4', 'audio': {'original_sound_infos': None}, 'bit_rate': [{'gear_name': 'low_720_0', 'quality_type': 211, 'bit_rate': 1718509, 'play_addr': {'uri': 'v0d00fg10000crofiivog65pl22lovn0', 'url_list': ['https://v5-dy-o-abtest.zjcdn.com/5ddb1c05464443ea9bd749e311c085e8/68f66e69/video/tos/cn/tos-cn-ve-15/oEUIdIfQADG8qN4BvuF4glEE9AzwQXLfAkBmFP/?a=6383&ch=10010&cr=3&dr=0&lr=all&cd=0%7C0%7C0%7C3&cv=1&br=1678&bt=1678&cs=0&ds=3&ft=c2YTctGHQPRUZxfusdr~kwPqYldQIKDEE-TerrNqq_45a&mime_type=video_mp4&qs=1&rc=Njs7NDc0ZzQ5NmQ6PGg6OUBpM3lvNXM5cmxpdTMzNGkzM0BeLzMwXy9hX2ExMGA2MGFfYSNrbC9pMmRzZmxgLS1kLWFzcw%3D%3D&btag=80000e00028000&cquery=100K_100o_101r_100B_100H&dy_q=1760969609&feature_id=46a7bb47b4fd1280f3d3825bf2b29388&l=20251020221329FF810B6B17C3D024C6A3', 'https://v5-dy-o-abtest.zjcdn.com/5ddb1c05464443ea9bd749e311c085e8/68f66e69/video/tos/cn/tos-cn-ve-15/oEUIdIfQADG8qN4BvuF4glEE9AzwQXLfAkBmFP/?a=6383&ch=10010&cr=3&dr=0&lr=all&cd=0%7C0%7C0%7C3&cv=1&br=1678&bt=1678&cs=0&ds=3&ft=c2YTctGHQPRUZxfusdr~kwPqYldQIKDEE-TerrNqq_45a&mime_type=video_mp4&qs=1&rc=Njs7NDc0ZzQ5NmQ6PGg6OUBpM3lvNXM5cmxpdTMzNGkzM0BeLzMwXy9hX2ExMGA2MGFfYSNrbC9pMmRzZmxgLS1kLWFzcw%3D%3D&btag=80000e00028000&cquery=100H_100K_100o_101r_100B&dy_q=1760969609&feature_id=46a7bb47b4fd1280f3d3825bf2b29388&l=20251020221329FF810B6B17C3D024C6A3', 'https://www.douyin.com/aweme/v1/play/?video_id=v0d00fg10000crofiivog65pl22lovn0&line=0&file_id=b6d73e99c73a43d6b1dd21b4316828a3&sign=d758d5039a3b4cd27ff35a56fbfb6259&is_play_url=1&source=PackSourceEnum_PUBLISH'], 'width': 720, 'height': 1280, 'url_key': 'v0d00fg10000crofiivog65pl22lovn0_h264_720p_1718509', 'data_size': 37845669, 'file_hash': 'd758d5039a3b4cd27ff35a56fbfb6259', 'file_cs': 'c:0-145576-a931|a:v0d00fg10000crofiivog65pl22lovn0'}, 'is_h265': 0, 'is_bytevc1': 0, 'HDR_type': '', 'HDR_bit': '', 'FPS': 30, 'video_extra': '{"PktOffsetMap":"[{\\"time\\": 1, \\"offset\\": 371719}, {\\"time\\": 2, \\"offset\\": 434450}, {\\"time\\": 3, \\"offset\\": 497837}, {\\"time\\": 4, \\"offset\\": 543624}, {\\"time\\": 5, \\"offset\\": 597752}, {\\"time\\": 10, \\"offset\\": 3190077}]","format":"mp4","definition":"720p","quality":"low","file_id":"b6d73e99c73a43d6b1dd21b4316828a3","applog_map":{"feature_id":"46a7bb47b4fd1280f3d3825bf2b29388"},"audio_channels":"2.0","audio_sample_rate":"44100","audio_metrics":null,"audio_score":null}', 'format': 'mp4'}, {'gear_name': 'low_540_0', 'quality_type': 292, 'bit_rate': 1672421, 'play_addr': {'uri': 'v0d00fg10000crofiivog65pl22lovn0', 'url_list': ['https://v5-dy-o-abtest.zjcdn.com/ac500f4cf123ee684ee37d781b434b83/68f66e69/video/tos/cn/tos-cn-ve-15/os0EwOhA4fVGeombhGP23XeKDfCLCMIbAQcIx3/?a=6383&ch=10010&cr=3&dr=0&lr=all&cd=0%7C0%7C0%7C3&cv=1&br=1633&bt=1633&cs=0&ds=6&ft=c2YTctGHQPRUZxfusdr~kwPqYldQIKDEE-TerrNqq_45a&mime_type=video_mp4&qs=1&rc=Zzw4OzZmPDg2NDY1OjkzZkBpM3lvNXM5cmxpdTMzNGkzM0BgNjQ0MGAzNTAxLl80Xy9jYSNrbC9pMmRzZmxgLS1kLWFzcw%3D%3D&btag=80000e00028000&cquery=100B_100H_100K_100o_101r&dy_q=1760969609&feature_id=46a7bb47b4fd1280f3d3825bf2b29388&l=20251020221329FF810B6B17C3D024C6A3', 'https://v5-dy-o-abtest.zjcdn.com/ac500f4cf123ee684ee37d781b434b83/68f66e69/video/tos/cn/tos-cn-ve-15/os0EwOhA4fVGeombhGP23XeKDfCLCMIbAQcIx3/?a=6383&ch=10010&cr=3&dr=0&lr=all&cd=0%7C0%7C0%7C3&cv=1&br=1633&bt=1633&cs=0&ds=6&ft=c2YTctGHQPRUZxfusdr~kwPqYldQIKDEE-TerrNqq_45a&mime_type=video_mp4&qs=1&rc=Zzw4OzZmPDg2NDY1OjkzZkBpM3lvNXM5cmxpdTMzNGkzM0BgNjQ0MGAzNTAxLl80Xy9jYSNrbC9pMmRzZmxgLS1kLWFzcw%3D%3D&btag=80000e00028000&cquery=100K_100o_101r_100B_100H&dy_q=1760969609&feature_id=46a7bb47b4fd1280f3d3825bf2b29388&l=20251020221329FF810B6B17C3D024C6A3', 'https://www.douyin.com/aweme/v1/play/?video_id=v0d00fg10000crofiivog65pl22lovn0&line=0&file_id=fc20b677b21341338569cc33787599cd&sign=7debf4852bcd330281966d26f688c41d&is_play_url=1&source=PackSourceEnum_PUBLISH'], 'width': 576, 'height': 1024, 'url_key': 'v0d00fg10000crofiivog65pl22lovn0_h264_540p_1672421', 'data_size': 36830698, 'file_hash': '7debf4852bcd330281966d26f688c41d', 'file_cs': 'c:0-145328-8321|a:v0d00fg10000crofiivog65pl22lovn0'}, 'is_h265': 0, 'is_bytevc1': 0, 'HDR_type': '', 'HDR_bit': '', 'FPS': 30, 'video_extra': '{"PktOffsetMap":"[{\\"time\\": 1, \\"offset\\": 359378}, {\\"time\\": 2, \\"offset\\": 427788}, {\\"time\\": 3, \\"offset\\": 492692}, {\\"time\\": 4, \\"offset\\": 538107}, {\\"time\\": 5, \\"offset\\": 588625}, {\\"time\\": 10, \\"offset\\": 3179457}]","format":"mp4","definition":"540p","quality":"low","file_id":"fc20b677b21341338569cc33787599cd","applog_map":{"feature_id":"46a7bb47b4fd1280f3d3825bf2b29388"},"audio_channels":"2.0","audio_sample_rate":"44100","audio_metrics":null,"audio_score":null}', 'format': 'mp4'}, {'gear_name': 'normal_720_0', 'quality_type': 10, 'bit_rate': 1588489, 'play_addr': {'uri': 'v0d00fg10000crofiivog65pl22lovn0', 'url_list': ['https://v5-dy-o-abtest.zjcdn.com/1b10cff8de2a459cd3e6391471e70e43/68f66e69/video/tos/cn/tos-cn-ve-15/oo0GLEVofDmufXKhQhCcIecX0ewObIAh9Cx2AV/?a=6383&ch=10010&cr=3&dr=0&lr=all&cd=0%7C0%7C0%7C3&cv=1&br=1551&bt=1551&cs=0&ds=3&ft=c2YTctGHQPRUZxfusdr~kwPqYldQIKDEE-TerrNqq_45a&mime_type=video_mp4&qs=0&rc=ZmllaTw3ZjtoOjxpOzo6ZUBpM3lvNXM5cmxpdTMzNGkzM0A1YTFjNWE0XjYxXjMvNF4vYSNrbC9pMmRzZmxgLS1kLWFzcw%3D%3D&btag=80000e00028000&cquery=100H_100K_100o_101r_100B&dy_q=1760969609&feature_id=2e1813f3872a2105acee44623dff2864&l=20251020221329FF810B6B17C3D024C6A3', 'https://v5-dy-o-abtest.zjcdn.com/1b10cff8de2a459cd3e6391471e70e43/68f66e69/video/tos/cn/tos-cn-ve-15/oo0GLEVofDmufXKhQhCcIecX0ewObIAh9Cx2AV/?a=6383&ch=10010&cr=3&dr=0&lr=all&cd=0%7C0%7C0%7C3&cv=1&br=1551&bt=1551&cs=0&ds=3&ft=c2YTctGHQPRUZxfusdr~kwPqYldQIKDEE-TerrNqq_45a&mime_type=video_mp4&qs=0&rc=ZmllaTw3ZjtoOjxpOzo6ZUBpM3lvNXM5cmxpdTMzNGkzM0A1YTFjNWE0XjYxXjMvNF4vYSNrbC9pMmRzZmxgLS1kLWFzcw%3D%3D&btag=80000e00028000&cquery=101r_100B_100H_100K_100o&dy_q=1760969609&feature_id=2e1813f3872a2105acee44623dff2864&l=20251020221329FF810B6B17C3D024C6A3', 'https://www.douyin.com/aweme/v1/play/?video_id=v0d00fg10000crofiivog65pl22lovn0&line=0&file_id=2ba777286fa9479ea87cd489ff4bdf8c&sign=38a491feaf5d79fd8f834bdf6d0bae3b&is_play_url=1&source=PackSourceEnum_PUBLISH'], 'width': 720, 'height': 1280, 'url_key': 'v0d00fg10000crofiivog65pl22lovn0_h264_720p_1588489', 'data_size': 34982305, 'file_hash': '38a491feaf5d79fd8f834bdf6d0bae3b', 'file_cs': 'c:0-192001-3347'}, 'is_h265': 0, 'is_bytevc1': 0, 'HDR_type': '', 'HDR_bit': '', 'FPS': 30, 'video_extra': '{"PktOffsetMap":"[{\\"time\\": 1, \\"offset\\": 396905}, {\\"time\\": 2, \\"offset\\": 458081}, {\\"time\\": 3, \\"offset\\": 511413}, {\\"time\\": 4, \\"offset\\": 558703}, {\\"time\\": 5, \\"offset\\": 611734}, {\\"time\\": 10, \\"offset\\": 2725451}]","format":"mp4","definition":"720p","quality":"normal","file_id":"2ba777286fa9479ea87cd489ff4bdf8c","applog_map":{"feature_id":"2e1813f3872a2105acee44623dff2864"},"audio_channels":"2.0","audio_sample_rate":"44100","audio_metrics":null,"audio_score":null}', 'format': 'mp4'}, {'gear_name': 'adapt_low_540_0', 'quality_type': 291, 'bit_rate': 1051847, 'play_addr': {'uri': 'v0d00fg10000crofiivog65pl22lovn0', 'url_list': ['https://v5-dy-o-abtest.zjcdn.com/28e5363d23fc7cdbd5ae7ea4e3c2f3ad/68f66e69/video/tos/cn/tos-cn-ve-15/ocfmi490ABD8qBYE7EFlLIFcAuWQEgBzPfQNUA/?a=6383&ch=10010&cr=3&dr=0&lr=all&cd=0%7C0%7C0%7C3&cv=1&br=1027&bt=1027&cs=0&ds=6&ft=c2YTctGHQPRUZxfusdr~kwPqYldQIKDEE-TerrNqq_45a&mime_type=video_mp4&qs=12&rc=aTY4N2ZnPDk8ZjVkaGU1Z0BpM3lvNXM5cmxpdTMzNGkzM0BiYS0tNTM1NWIxYi42Ll5jYSNrbC9pMmRzZmxgLS1kLWFzcw%3D%3D&btag=80000e00028000&cquery=100B_100H_100K_100o_101r&dy_q=1760969609&feature_id=46a7bb47b4fd1280f3d3825bf2b29388&l=20251020221329FF810B6B17C3D024C6A3', 'https://v5-dy-o-abtest.zjcdn.com/28e5363d23fc7cdbd5ae7ea4e3c2f3ad/68f66e69/video/tos/cn/tos-cn-ve-15/ocfmi490ABD8qBYE7EFlLIFcAuWQEgBzPfQNUA/?a=6383&ch=10010&cr=3&dr=0&lr=all&cd=0%7C0%7C0%7C3&cv=1&br=1027&bt=1027&cs=0&ds=6&ft=c2YTctGHQPRUZxfusdr~kwPqYldQIKDEE-TerrNqq_45a&mime_type=video_mp4&qs=12&rc=aTY4N2ZnPDk8ZjVkaGU1Z0BpM3lvNXM5cmxpdTMzNGkzM0BiYS0tNTM1NWIxYi42Ll5jYSNrbC9pMmRzZmxgLS1kLWFzcw%3D%3D&btag=80000e00028000&cquery=100H_100K_100o_101r_100B&dy_q=1760969609&feature_id=46a7bb47b4fd1280f3d3825bf2b29388&l=20251020221329FF810B6B17C3D024C6A3', 'https://www.douyin.com/aweme/v1/play/?video_id=v0d00fg10000crofiivog65pl22lovn0&line=0&file_id=fda21b9e1ae24ce986896d8c0405d3ef&sign=09d2ed1212aa06820ee97292e12d5a43&is_play_url=1&source=PackSourceEnum_PUBLISH'], 'width': 576, 'height': 1024, 'url_key': 'v0d00fg10000crofiivog65pl22lovn0_h264_540p_1051847', 'data_size': 23164187, 'file_hash': '09d2ed1212aa06820ee97292e12d5a43', 'file_cs': 'c:0-145327-ebbe|a:v0d00fg10000crofiivog65pl22lovn0'}, 'is_h265': 0, 'is_bytevc1': 0, 'HDR_type': '', 'HDR_bit': '', 'FPS': 30, 'video_extra': '{"PktOffsetMap":"[{\\"time\\": 1, \\"offset\\": 295876}, {\\"time\\": 2, \\"offset\\": 340585}, {\\"time\\": 3, \\"offset\\": 382024}, {\\"time\\": 4, \\"offset\\": 411249}, {\\"time\\": 5, \\"offset\\": 444257}, {\\"time\\": 10, \\"offset\\": 2243208}]","format":"mp4","definition":"540p","quality":"adapt_low","file_id":"fda21b9e1ae24ce986896d8c0405d3ef","applog_map":{"feature_id":"46a7bb47b4fd1280f3d3825bf2b29388"},"audio_channels":"2.0","audio_sample_rate":"44100","audio_metrics":null,"audio_score":null}', 'format': 'mp4'}, {'gear_name': 'adapt_lowest_1080_1', 'quality_type': 2, 'bit_rate': 906239, 'play_addr': {'uri': 'v0d00fg10000crofiivog65pl22lovn0', 'url_list': ['https://v5-dy-o-abtest.zjcdn.com/35593e442ac574a9c570d823d8a6ab3e/68f66e69/video/tos/cn/tos-cn-ve-15/owmCNGBULBfIPAF9zA4EQXxQT8AqgufETlXDEu/?a=6383&ch=10010&cr=3&dr=0&lr=all&cd=0%7C0%7C0%7C3&cv=1&br=884&bt=884&cs=2&ds=4&ft=c2YTctGHQPRUZxfusdr~kwPqYldQIKDEE-TerrNqq_45a&mime_type=video_mp4&qs=15&rc=ZWRpODZmaDo8M2Q7NDY0OUBpM3lvNXM5cmxpdTMzNGkzM0AwYTJeNi4uXjExLWM0MDQ1YSNrbC9pMmRzZmxgLS1kLWFzcw%3D%3D&btag=80000e00028000&cquery=100B_100H_100K_100o_101r&dy_q=1760969609&feature_id=c6de0308cacfd993ef282c8e1c646267&l=20251020221329FF810B6B17C3D024C6A3', 'https://v5-dy-o-abtest.zjcdn.com/35593e442ac574a9c570d823d8a6ab3e/68f66e69/video/tos/cn/tos-cn-ve-15/owmCNGBULBfIPAF9zA4EQXxQT8AqgufETlXDEu/?a=6383&ch=10010&cr=3&dr=0&lr=all&cd=0%7C0%7C0%7C3&cv=1&br=884&bt=884&cs=2&ds=4&ft=c2YTctGHQPRUZxfusdr~kwPqYldQIKDEE-TerrNqq_45a&mime_type=video_mp4&qs=15&rc=ZWRpODZmaDo8M2Q7NDY0OUBpM3lvNXM5cmxpdTMzNGkzM0AwYTJeNi4uXjExLWM0MDQ1YSNrbC9pMmRzZmxgLS1kLWFzcw%3D%3D&btag=80000e00028000&cquery=101r_100B_100H_100K_100o&dy_q=1760969609&feature_id=c6de0308cacfd993ef282c8e1c646267&l=20251020221329FF810B6B17C3D024C6A3', 'https://www.douyin.com/aweme/v1/play/?video_id=v0d00fg10000crofiivog65pl22lovn0&line=0&file_id=86713371f80a4049a71e1c93a55fda3b&sign=022caf19e5d962445212749b6e8c90a5&is_play_url=1&source=PackSourceEnum_PUBLISH'], 'width': 1080, 'height': 1920, 'url_key': 'v0d00fg10000crofiivog65pl22lovn0_bytevc1_1080p_906239', 'data_size': 19957553, 'file_hash': '022caf19e5d962445212749b6e8c90a5', 'file_cs': 'c:0-146273-27ca'}, 'is_h265': 1, 'is_bytevc1': 1, 'HDR_type': '', 'HDR_bit': '', 'FPS': 30, 'video_extra': '{"PktOffsetMap":"[{\\"time\\": 1, \\"offset\\": 276840}, {\\"time\\": 2, \\"offset\\": 302998}, {\\"time\\": 3, \\"offset\\": 331504}, {\\"time\\": 4, \\"offset\\": 354122}, {\\"time\\": 5, \\"offset\\": 382063}, {\\"time\\": 10, \\"offset\\": 1695019}]","format":"mp4","definition":"1080p","quality":"adapt_lowest","file_id":"86713371f80a4049a71e1c93a55fda3b","applog_map":{"feature_id":"c6de0308cacfd993ef282c8e1c646267"},"mvmaf":"{\\"mvmaf_sr_v1080\\":-1,\\"mvmaf_sr_v960\\":-1,\\"mvmaf_sr_v864\\":-1,\\"mvmaf_sr_v720\\":-1,\\"mvmaf_ori_v1080\\":90.275,\\"mvmaf_ori_v960\\":91.234,\\"mvmaf_ori_v864\\":92.399,\\"mvmaf_ori_v720\\":92.851}","audio_channels":"2.0","audio_sample_rate":"44100","audio_metrics":null,"audio_score":null}', 'format': 'mp4'}, {'gear_name': 'adapt_lowest_720_1', 'quality_type': 15, 'bit_rate': 630869, 'play_addr': {'uri': 'v0d00fg10000crofiivog65pl22lovn0', 'url_list': ['https://v5-dy-o-abtest.zjcdn.com/745ef5645e6db2d5bab3521b41b105cc/68f66e69/video/tos/cn/tos-cn-ve-15/oIxuEuN9PAjPU8D4ANgFf8MkIfBqmLEBQQlzBA/?a=6383&ch=10010&cr=3&dr=0&lr=all&cd=0%7C0%7C0%7C3&cv=1&br=616&bt=616&cs=2&ds=3&ft=c2YTctGHQPRUZxfusdr~kwPqYldQIKDEE-TerrNqq_45a&mime_type=video_mp4&qs=15&rc=aDo3OGRnNztoZjhnNGZoOkBpM3lvNXM5cmxpdTMzNGkzM0BeYGJgLmIuNmAxL2FjLl40YSNrbC9pMmRzZmxgLS1kLWFzcw%3D%3D&btag=80000e00028000&cquery=100H_100K_100o_101r_100B&dy_q=1760969609&feature_id=c6de0308cacfd993ef282c8e1c646267&l=20251020221329FF810B6B17C3D024C6A3', 'https://v5-dy-o-abtest.zjcdn.com/745ef5645e6db2d5bab3521b41b105cc/68f66e69/video/tos/cn/tos-cn-ve-15/oIxuEuN9PAjPU8D4ANgFf8MkIfBqmLEBQQlzBA/?a=6383&ch=10010&cr=3&dr=0&lr=all&cd=0%7C0%7C0%7C3&cv=1&br=616&bt=616&cs=2&ds=3&ft=c2YTctGHQPRUZxfusdr~kwPqYldQIKDEE-TerrNqq_45a&mime_type=video_mp4&qs=15&rc=aDo3OGRnNztoZjhnNGZoOkBpM3lvNXM5cmxpdTMzNGkzM0BeYGJgLmIuNmAxL2FjLl40YSNrbC9pMmRzZmxgLS1kLWFzcw%3D%3D&btag=80000e00028000&cquery=100K_100o_101r_100B_100H&dy_q=1760969609&feature_id=c6de0308cacfd993ef282c8e1c646267&l=20251020221329FF810B6B17C3D024C6A3', 'https://www.douyin.com/aweme/v1/play/?video_id=v0d00fg10000crofiivog65pl22lovn0&line=0&file_id=77ae1cf1dd254cce9814ed1ac5e4c7ae&sign=a731f36443a8a3fdbae6197317cde5b8&is_play_url=1&source=PackSourceEnum_PUBLISH'], 'width': 720, 'height': 1280, 'url_key': 'v0d00fg10000crofiivog65pl22lovn0_bytevc1_720p_630869', 'data_size': 13893235, 'file_hash': 'a731f36443a8a3fdbae6197317cde5b8', 'file_cs': 'c:0-146273-6068'}, 'is_h265': 1, 'is_bytevc1': 1, 'HDR_type': '', 'HDR_bit': '', 'FPS': 30, 'video_extra': '{"PktOffsetMap":"[{\\"time\\": 1, \\"offset\\": 242790}, {\\"time\\": 2, \\"offset\\": 267660}, {\\"time\\": 3, \\"offset\\": 289498}, {\\"time\\": 4, \\"offset\\": 307904}, {\\"time\\": 5, \\"offset\\": 331613}, {\\"time\\": 10, \\"offset\\": 1293160}]","format":"mp4","definition":"720p","quality":"adapt_lowest","file_id":"77ae1cf1dd254cce9814ed1ac5e4c7ae","applog_map":{"feature_id":"c6de0308cacfd993ef282c8e1c646267"},"mvmaf":"{\\"mvmaf_sr_v1080\\":94.625,\\"mvmaf_sr_v960\\":95.689,\\"mvmaf_sr_v864\\":96.603,\\"mvmaf_sr_v720\\":98.271,\\"mvmaf_ori_v1080\\":82.13,\\"mvmaf_ori_v960\\":86.744,\\"mvmaf_ori_v864\\":88.609,\\"mvmaf_ori_v720\\":91.785}","audio_channels":"2.0","audio_sample_rate":"44100","audio_metrics":null,"audio_score":null}', 'format': 'mp4'}, {'gear_name': 'adapt_540_1', 'quality_type': 28, 'bit_rate': 546830, 'play_addr': {'uri': 'v0d00fg10000crofiivog65pl22lovn0', 'url_list': ['https://v5-dy-o-abtest.zjcdn.com/95abbf62a8dc489d1be60180278a2101/68f66e69/video/tos/cn/tos-cn-ve-15/oQCCtbfERjKQDbX2DeRAemA0rCA84XNCeAwgFM/?a=6383&ch=10010&cr=3&dr=0&lr=all&cd=0%7C0%7C0%7C3&cv=1&br=534&bt=534&cs=2&ds=6&ft=c2YTctGHQPRUZxfusdr~kwPqYldQIKDEE-TerrNqq_45a&mime_type=video_mp4&qs=11&rc=PDw5NjszOGQ3OWc1aDo1OEBpM3lvNXM5cmxpdTMzNGkzM0AvX2MxLzIuXi4xYWBjY2JhYSNrbC9pMmRzZmxgLS1kLWFzcw%3D%3D&btag=80000e00028000&cquery=101r_100B_100H_100K_100o&dy_q=1760969609&feature_id=c6de0308cacfd993ef282c8e1c646267&l=20251020221329FF810B6B17C3D024C6A3', 'https://v5-dy-o-abtest.zjcdn.com/95abbf62a8dc489d1be60180278a2101/68f66e69/video/tos/cn/tos-cn-ve-15/oQCCtbfERjKQDbX2DeRAemA0rCA84XNCeAwgFM/?a=6383&ch=10010&cr=3&dr=0&lr=all&cd=0%7C0%7C0%7C3&cv=1&br=534&bt=534&cs=2&ds=6&ft=c2YTctGHQPRUZxfusdr~kwPqYldQIKDEE-TerrNqq_45a&mime_type=video_mp4&qs=11&rc=PDw5NjszOGQ3OWc1aDo1OEBpM3lvNXM5cmxpdTMzNGkzM0AvX2MxLzIuXi4xYWBjY2JhYSNrbC9pMmRzZmxgLS1kLWFzcw%3D%3D&btag=80000e00028000&cquery=100o_101r_100B_100H_100K&dy_q=1760969609&feature_id=c6de0308cacfd993ef282c8e1c646267&l=20251020221329FF810B6B17C3D024C6A3', 'https://www.douyin.com/aweme/v1/play/?video_id=v0d00fg10000crofiivog65pl22lovn0&line=0&file_id=d5e2f7fec2dd4614aa15502843f6b929&sign=e0f3c587603249a24fe2d9fc96a459cc&is_play_url=1&source=PackSourceEnum_PUBLISH'], 'width': 576, 'height': 1024, 'url_key': 'v0d00fg10000crofiivog65pl22lovn0_bytevc1_540p_546830', 'data_size': 12042516, 'file_hash': 'e0f3c587603249a24fe2d9fc96a459cc', 'file_cs': 'c:0-146273-5e08'}, 'is_h265': 1, 'is_bytevc1': 1, 'HDR_type': '', 'HDR_bit': '', 'FPS': 30, 'video_extra': '{"PktOffsetMap":"[{\\"time\\": 1, \\"offset\\": 233919}, {\\"time\\": 2, \\"offset\\": 256758}, {\\"time\\": 3, \\"offset\\": 279401}, {\\"time\\": 4, \\"offset\\": 297987}, {\\"time\\": 5, \\"offset\\": 319415}, {\\"time\\": 10, \\"offset\\": 1133161}]","format":"mp4","definition":"540p","quality":"adapt","file_id":"d5e2f7fec2dd4614aa15502843f6b929","applog_map":{"feature_id":"c6de0308cacfd993ef282c8e1c646267"},"mvmaf":"{\\"mvmaf_sr_v1080\\":92.26,\\"mvmaf_sr_v960\\":94.63,\\"mvmaf_sr_v864\\":94.523,\\"mvmaf_sr_v720\\":97.476,\\"mvmaf_ori_v1080\\":78.623,\\"mvmaf_ori_v960\\":82.951,\\"mvmaf_ori_v864\\":85.571,\\"mvmaf_ori_v720\\":88.039}","audio_channels":"2.0","audio_sample_rate":"44100","audio_metrics":null,"audio_score":null}', 'format': 'mp4'}, {'gear_name': 'adapt_lowest_1080_1', 'quality_type': 2, 'bit_rate': 853219, 'play_addr': {'uri': 'v0d00fg10000crofiivog65pl22lovn0', 'url_list': ['https://v5-dy-o-abtest.zjcdn.com/97621f8d0b20b957d84e7165039c51d8/68f795b9/video/tos/cn/tos-cn-vd-0026/oEXPmAgzlAD4gqALI2AABRQBuNFX98fEBAhUfA/media-video-hvc1/?a=6383&ch=0&cr=8&dr=0&er=1&lr=default&cd=0%7C0%7C0%7C3&cv=1&br=833&bt=833&cs=4&ds=4&mime_type=video_mp4&qs=15&rc=ODs1Mzc0NDw4NTNoNmRoOEBpM3lvNXM5cmxpdTMzNGkzM0AuYWEtLTNfXzAxMi5fMzMuYSNrbC9pMmRzZmxgLS1kLWFzcw%3D%3D&btag=80000e00028000&cquery=101r_100o&dy_q=1760969609&l=20251020221329FF810B6B17C3D024C6A3', 'https://v5-dy-o-abtest.zjcdn.com/97621f8d0b20b957d84e7165039c51d8/68f795b9/video/tos/cn/tos-cn-vd-0026/oEXPmAgzlAD4gqALI2AABRQBuNFX98fEBAhUfA/media-video-hvc1/?a=6383&ch=0&cr=8&dr=0&er=1&lr=default&cd=0%7C0%7C0%7C3&cv=1&br=833&bt=833&cs=4&ds=4&mime_type=video_mp4&qs=15&rc=ODs1Mzc0NDw4NTNoNmRoOEBpM3lvNXM5cmxpdTMzNGkzM0AuYWEtLTNfXzAxMi5fMzMuYSNrbC9pMmRzZmxgLS1kLWFzcw%3D%3D&btag=80000e00028000&cquery=101r_100o&dy_q=1760969609&l=20251020221329FF810B6B17C3D024C6A3', 'https://www.douyin.com/aweme/v1/play/dash/?video_id=v0d00fg10000crofiivog65pl22lovn0&line=0&file_id=156e6ab31e504235b9b1610400d2d815&sign=5674d11140e0b6133188c579fa9ea64b&is_play_url=1&source=PackSourceEnum_PUBLISH'], 'width': 1080, 'height': 1920, 'url_key': 'v0d00fg10000crofiivog65pl22lovn0_bytevc1_1080p_853219', 'data_size': 18777955, 'file_hash': '5674d11140e0b6133188c579fa9ea64b'}, 'is_h265': 1, 'is_bytevc1': 1, 'HDR_type': '', 'HDR_bit': '', 'FPS': 30, 'video_extra': '{"PktOffsetMap":"","format":"dash","sub_info":"{\\"audio_channels\\":\\"2.0\\",\\"audio_layout\\":\\"C\\",\\"audio_sample_rate\\":\\"44100\\",\\"base_range_info\\":{\\"first_moof_range\\":\\"1492-3271\\",\\"index_range\\":\\"1148-1491\\",\\"init_range\\":\\"0-1147\\"},\\"check_info\\":{\\"check_info\\":\\"a:v0d00fg10000crofiivog65pl22lovn0|b:0-1491-96ce849016d36bba61e6f504567c03dc|c:0-1491-4204\\"},\\"gear_des_key\\":\\"0:DASH|1:normal|2:h265_hvc1|4:1080p|5:adapt_lowest|10000:105\\",\\"quality_type\\":2}","definition":"1080p","quality":"adapt_lowest","quality_desc":"","file_id":"156e6ab31e504235b9b1610400d2d815","real_bitrate":903181,"audio_file_id":"38380b9b36970aa1362469381dd39d75","applog_map":{"feature_id":"c6de0308cacfd993ef282c8e1c646267"},"mvmaf":"{\\"mvmaf_sr_v1080\\":-1,\\"mvmaf_sr_v960\\":-1,\\"mvmaf_sr_v864\\":-1,\\"mvmaf_sr_v720\\":-1,\\"mvmaf_ori_v1080\\":90.275,\\"mvmaf_ori_v960\\":91.234,\\"mvmaf_ori_v864\\":92.399,\\"mvmaf_ori_v720\\":92.851}","audio_metrics":null,"audio_score":null}', 'format': 'dash'}, {'gear_name': 'adapt_lowest_720_1', 'quality_type': 15, 'bit_rate': 577673, 'play_addr': {'uri': 'v0d00fg10000crofiivog65pl22lovn0', 'url_list': ['https://v5-dy-o-abtest.zjcdn.com/6f1701876137f2fdcfb308b85afc7f50/68f795b9/video/tos/cn/tos-cn-vd-0026/oIIBgAAA9Bq8AiDmUFAAff8QulzALEAgN4PMBb/media-video-hvc1/?a=6383&ch=0&cr=8&dr=0&er=1&lr=default&cd=0%7C0%7C0%7C3&cv=1&br=564&bt=564&cs=4&ds=3&mime_type=video_mp4&qs=15&rc=NGk2NzxnZGhpaDozaWg5O0BpM3lvNXM5cmxpdTMzNGkzM0BiYDQwLjM2XjQxL14wNDYyYSNrbC9pMmRzZmxgLS1kLWFzcw%3D%3D&btag=80000e00028000&cquery=101r_100o&dy_q=1760969609&l=20251020221329FF810B6B17C3D024C6A3', 'https://v5-dy-o-abtest.zjcdn.com/6f1701876137f2fdcfb308b85afc7f50/68f795b9/video/tos/cn/tos-cn-vd-0026/oIIBgAAA9Bq8AiDmUFAAff8QulzALEAgN4PMBb/media-video-hvc1/?a=6383&ch=0&cr=8&dr=0&er=1&lr=default&cd=0%7C0%7C0%7C3&cv=1&br=564&bt=564&cs=4&ds=3&mime_type=video_mp4&qs=15&rc=NGk2NzxnZGhpaDozaWg5O0BpM3lvNXM5cmxpdTMzNGkzM0BiYDQwLjM2XjQxL14wNDYyYSNrbC9pMmRzZmxgLS1kLWFzcw%3D%3D&btag=80000e00028000&cquery=101r_100o&dy_q=1760969609&l=20251020221329FF810B6B17C3D024C6A3', 'https://www.douyin.com/aweme/v1/play/dash/?video_id=v0d00fg10000crofiivog65pl22lovn0&line=0&file_id=58967e3fa0274e7fae9a6d193473cfe1&sign=93fde2d617f3a8ee2a40c21e3a7396db&is_play_url=1&source=PackSourceEnum_PUBLISH'], 'width': 720, 'height': 1280, 'url_key': 'v0d00fg10000crofiivog65pl22lovn0_bytevc1_720p_577673', 'data_size': 12713637, 'file_hash': '93fde2d617f3a8ee2a40c21e3a7396db'}, 'is_h265': 1, 'is_bytevc1': 1, 'HDR_type': '', 'HDR_bit': '', 'FPS': 30, 'video_extra': '{"PktOffsetMap":"","format":"dash","sub_info":"{\\"audio_channels\\":\\"2.0\\",\\"audio_layout\\":\\"C\\",\\"audio_sample_rate\\":\\"44100\\",\\"base_range_info\\":{\\"first_moof_range\\":\\"1492-3271\\",\\"index_range\\":\\"1148-1491\\",\\"init_range\\":\\"0-1147\\"},\\"check_info\\":{\\"check_info\\":\\"a:v0d00fg10000crofiivog65pl22lovn0|b:0-1491-aebff1c0da75e35fb862e0c227922b44|c:0-1491-a360\\"},\\"gear_des_key\\":\\"0:DASH|1:normal|2:h265_hvc1|4:720p|5:adapt_lowest|10000:105\\",\\"quality_type\\":15}","definition":"720p","quality":"adapt_lowest","quality_desc":"","file_id":"58967e3fa0274e7fae9a6d193473cfe1","real_bitrate":627635,"audio_file_id":"38380b9b36970aa1362469381dd39d75","applog_map":{"feature_id":"c6de0308cacfd993ef282c8e1c646267"},"mvmaf":"{\\"mvmaf_sr_v1080\\":94.625,\\"mvmaf_sr_v960\\":95.689,\\"mvmaf_sr_v864\\":96.603,\\"mvmaf_sr_v720\\":98.271,\\"mvmaf_ori_v1080\\":82.13,\\"mvmaf_ori_v960\\":86.744,\\"mvmaf_ori_v864\\":88.609,\\"mvmaf_ori_v720\\":91.785}","audio_metrics":null,"audio_score":null}', 'format': 'dash'}, {'gear_name': 'adapt_540_1', 'quality_type': 28, 'bit_rate': 493581, 'play_addr': {'uri': 'v0d00fg10000crofiivog65pl22lovn0', 'url_list': ['https://v5-dy-o-abtest.zjcdn.com/0c6c5ca3056b2a184cad61fe05326116/68f795b9/video/tos/cn/tos-cn-vd-0026/oIulYANDmBBzfg4FEAAPgAIUAAqBf80gQ9gCAL/media-video-hvc1/?a=6383&ch=0&cr=8&dr=0&er=1&lr=default&cd=0%7C0%7C0%7C3&cv=1&br=482&bt=482&cs=4&ds=6&mime_type=video_mp4&qs=11&rc=OTdmNDdnaGVoZDw7ZDo1OkBpM3lvNXM5cmxpdTMzNGkzM0A1MWAxMGNeX14xNmI0NjIwYSNrbC9pMmRzZmxgLS1kLWFzcw%3D%3D&btag=80000e00028000&cquery=101r_100o&dy_q=1760969609&l=20251020221329FF810B6B17C3D024C6A3', 'https://v5-dy-o-abtest.zjcdn.com/0c6c5ca3056b2a184cad61fe05326116/68f795b9/video/tos/cn/tos-cn-vd-0026/oIulYANDmBBzfg4FEAAPgAIUAAqBf80gQ9gCAL/media-video-hvc1/?a=6383&ch=0&cr=8&dr=0&er=1&lr=default&cd=0%7C0%7C0%7C3&cv=1&br=482&bt=482&cs=4&ds=6&mime_type=video_mp4&qs=11&rc=OTdmNDdnaGVoZDw7ZDo1OkBpM3lvNXM5cmxpdTMzNGkzM0A1MWAxMGNeX14xNmI0NjIwYSNrbC9pMmRzZmxgLS1kLWFzcw%3D%3D&btag=80000e00028000&cquery=101r_100o&dy_q=1760969609&l=20251020221329FF810B6B17C3D024C6A3', 'https://www.douyin.com/aweme/v1/play/dash/?video_id=v0d00fg10000crofiivog65pl22lovn0&line=0&file_id=3752977ae8994aaebbaefd3441cc4486&sign=34cd48e9d7061552a45756a75ce04d8f&is_play_url=1&source=PackSourceEnum_PUBLISH'], 'width': 576, 'height': 1024, 'url_key': 'v0d00fg10000crofiivog65pl22lovn0_bytevc1_540p_493581', 'data_size': 10862918, 'file_hash': '34cd48e9d7061552a45756a75ce04d8f'}, 'is_h265': 1, 'is_bytevc1': 1, 'HDR_type': '', 'HDR_bit': '', 'FPS': 30, 'video_extra': '{"PktOffsetMap":"","format":"dash","sub_info":"{\\"audio_channels\\":\\"2.0\\",\\"audio_layout\\":\\"C\\",\\"audio_sample_rate\\":\\"44100\\",\\"base_range_info\\":{\\"first_moof_range\\":\\"1492-3271\\",\\"index_range\\":\\"1148-1491\\",\\"init_range\\":\\"0-1147\\"},\\"check_info\\":{\\"check_info\\":\\"a:v0d00fg10000crofiivog65pl22lovn0|b:0-1491-a3fcc6f6e915e5bf9e1670d891304a9c|c:0-1491-adfa\\"},\\"gear_des_key\\":\\"0:DASH|1:normal|2:h265_hvc1|4:540p|5:adapt|10000:105\\",\\"quality_type\\":28}","definition":"540p","quality":"adapt","quality_desc":"","file_id":"3752977ae8994aaebbaefd3441cc4486","real_bitrate":546830,"audio_file_id":"38380b9b36970aa1362469381dd39d75","applog_map":{"feature_id":"c6de0308cacfd993ef282c8e1c646267"},"mvmaf":"{\\"mvmaf_sr_v1080\\":92.26,\\"mvmaf_sr_v960\\":94.63,\\"mvmaf_sr_v864\\":94.523,\\"mvmaf_sr_v720\\":97.476,\\"mvmaf_ori_v1080\\":78.623,\\"mvmaf_ori_v960\\":82.951,\\"mvmaf_ori_v864\\":85.571,\\"mvmaf_ori_v720\\":88.039}","audio_metrics":null,"audio_score":null}', 'format': 'dash'}], 'duration': 176179, 'play_addr_265': {'uri': 'v0d00fg10000crofiivog65pl22lovn0', 'url_list': ['https://v5-dy-o-abtest.zjcdn.com/95abbf62a8dc489d1be60180278a2101/68f66e69/video/tos/cn/tos-cn-ve-15/oQCCtbfERjKQDbX2DeRAemA0rCA84XNCeAwgFM/?a=6383&ch=10010&cr=3&dr=0&lr=all&cd=0%7C0%7C0%7C3&cv=1&br=534&bt=534&cs=2&ds=6&ft=c2YTctGHQPRUZxfusdr~kwPqYldQIKDEE-TerrNqq_45a&mime_type=video_mp4&qs=11&rc=PDw5NjszOGQ3OWc1aDo1OEBpM3lvNXM5cmxpdTMzNGkzM0AvX2MxLzIuXi4xYWBjY2JhYSNrbC9pMmRzZmxgLS1kLWFzcw%3D%3D&btag=80000e00028000&cquery=101r_100B_100H_100K_100o&dy_q=1760969609&feature_id=c6de0308cacfd993ef282c8e1c646267&l=20251020221329FF810B6B17C3D024C6A3', 'https://v5-dy-o-abtest.zjcdn.com/95abbf62a8dc489d1be60180278a2101/68f66e69/video/tos/cn/tos-cn-ve-15/oQCCtbfERjKQDbX2DeRAemA0rCA84XNCeAwgFM/?a=6383&ch=10010&cr=3&dr=0&lr=all&cd=0%7C0%7C0%7C3&cv=1&br=534&bt=534&cs=2&ds=6&ft=c2YTctGHQPRUZxfusdr~kwPqYldQIKDEE-TerrNqq_45a&mime_type=video_mp4&qs=11&rc=PDw5NjszOGQ3OWc1aDo1OEBpM3lvNXM5cmxpdTMzNGkzM0AvX2MxLzIuXi4xYWBjY2JhYSNrbC9pMmRzZmxgLS1kLWFzcw%3D%3D&btag=80000e00028000&cquery=100o_101r_100B_100H_100K&dy_q=1760969609&feature_id=c6de0308cacfd993ef282c8e1c646267&l=20251020221329FF810B6B17C3D024C6A3', 'https://www.douyin.com/aweme/v1/play/?video_id=v0d00fg10000crofiivog65pl22lovn0&line=0&file_id=d5e2f7fec2dd4614aa15502843f6b929&sign=e0f3c587603249a24fe2d9fc96a459cc&is_play_url=1&source=PackSourceEnum_PUBLISH'], 'width': 576, 'height': 1024, 'url_key': 'v0d00fg10000crofiivog65pl22lovn0_bytevc1_540p_546830', 'data_size': 12042516, 'file_hash': 'e0f3c587603249a24fe2d9fc96a459cc', 'file_cs': 'c:0-146273-5e08'}, 'bit_rate_audio': [{'audio_meta': {'url_list': {'main_url': 'https://v5-dy-o-abtest.zjcdn.com/36c4478333aca7a2e6fb1be3d4c7f8b6/68f795b9/video/tos/cn/tos-cn-vd-0026/oIulYANDmBBzfg4FEAAPgAIUAAqBf80gQ9gCAL/media-audio-und-mp4a/?a=6383&ch=0&cr=8&dr=0&er=1&lr=default&cd=0%7C0%7C0%7C3&cv=1&br=48&bt=48&cs=4&mime_type=video_mp4&qs=11&rc=OGc2Zzs8Nzk0ZDo5ZWU7O0BpM3lvNXM5cmxpdTMzNGkzM0A0NmEuMDMvMF4tNjA2LTAwYSNrbC9pMmRzZmxgLS1kLWFzcw%3D%3D&btag=80000e00028000&cquery=101r_100o&dy_q=1760969609&l=20251020221329FF810B6B17C3D024C6A3', 'backup_url': 'https://v5-dy-o-abtest.zjcdn.com/36c4478333aca7a2e6fb1be3d4c7f8b6/68f795b9/video/tos/cn/tos-cn-vd-0026/oIulYANDmBBzfg4FEAAPgAIUAAqBf80gQ9gCAL/media-audio-und-mp4a/?a=6383&ch=0&cr=8&dr=0&er=1&lr=default&cd=0%7C0%7C0%7C3&cv=1&br=48&bt=48&cs=4&mime_type=video_mp4&qs=11&rc=OGc2Zzs8Nzk0ZDo5ZWU7O0BpM3lvNXM5cmxpdTMzNGkzM0A0NmEuMDMvMF4tNjA2LTAwYSNrbC9pMmRzZmxgLS1kLWFzcw%3D%3D&btag=80000e00028000&cquery=100o_101r&dy_q=1760969609&l=20251020221329FF810B6B17C3D024C6A3', 'fallback_url': 'https://www.douyin.com/aweme/v1/play/dash/?video_id=v0d00fg10000crofiivog65pl22lovn0&line=0&file_id=38380b9b36970aa1362469381dd39d75&sign=38380b9b36970aa1362469381dd39d75&is_play_url=1&source=PackSourceEnum_PUBLISH'}, 'encoded_type': 'normal', 'media_type': 'audio', 'logo_type': '', 'quality': 'adapt', 'quality_desc': '', 'format': 'dash', 'bitrate': 49962, 'codec_type': 'bytevc1', 'size': 1100277, 'fps': 0, 'file_id': '38380b9b36970aa1362469381dd39d75', 'file_hash': '38380b9b36970aa1362469381dd39d75', 'sub_info': '{"audio_channels":"2.0","audio_layout":"C","audio_sample_rate":"44100","base_range_info":{"index_range":"866-1221","init_range":"0-865"},"check_info":{"check_info":"a:v0d00fg10000crofiivog65pl22lovn0|b:0-1221-82133a240584c4333baf2b1853868ff7|c:0-1221-e2d0"},"gear_des_key":"0:dash|1:normal|2:bytevc1|5:adapt|10000:105"}'}, 'audio_quality': 5, 'audio_extra': '{"real_bitrate":546830}'}], 'play_addr_h264': {'uri': 'v0d00fg10000crofiivog65pl22lovn0', 'url_list': ['https://v5-dy-o-abtest.zjcdn.com/1b10cff8de2a459cd3e6391471e70e43/68f66e69/video/tos/cn/tos-cn-ve-15/oo0GLEVofDmufXKhQhCcIecX0ewObIAh9Cx2AV/?a=6383&ch=10010&cr=3&dr=0&lr=all&cd=0%7C0%7C0%7C3&cv=1&br=1551&bt=1551&cs=0&ds=3&ft=c2YTctGHQPRUZxfusdr~kwPqYldQIKDEE-TerrNqq_45a&mime_type=video_mp4&qs=0&rc=ZmllaTw3ZjtoOjxpOzo6ZUBpM3lvNXM5cmxpdTMzNGkzM0A1YTFjNWE0XjYxXjMvNF4vYSNrbC9pMmRzZmxgLS1kLWFzcw%3D%3D&btag=80000e00028000&cquery=100H_100K_100o_101r_100B&dy_q=1760969609&feature_id=2e1813f3872a2105acee44623dff2864&l=20251020221329FF810B6B17C3D024C6A3', 'https://v5-dy-o-abtest.zjcdn.com/1b10cff8de2a459cd3e6391471e70e43/68f66e69/video/tos/cn/tos-cn-ve-15/oo0GLEVofDmufXKhQhCcIecX0ewObIAh9Cx2AV/?a=6383&ch=10010&cr=3&dr=0&lr=all&cd=0%7C0%7C0%7C3&cv=1&br=1551&bt=1551&cs=0&ds=3&ft=c2YTctGHQPRUZxfusdr~kwPqYldQIKDEE-TerrNqq_45a&mime_type=video_mp4&qs=0&rc=ZmllaTw3ZjtoOjxpOzo6ZUBpM3lvNXM5cmxpdTMzNGkzM0A1YTFjNWE0XjYxXjMvNF4vYSNrbC9pMmRzZmxgLS1kLWFzcw%3D%3D&btag=80000e00028000&cquery=101r_100B_100H_100K_100o&dy_q=1760969609&feature_id=2e1813f3872a2105acee44623dff2864&l=20251020221329FF810B6B17C3D024C6A3', 'https://www.douyin.com/aweme/v1/play/?video_id=v0d00fg10000crofiivog65pl22lovn0&line=0&file_id=2ba777286fa9479ea87cd489ff4bdf8c&sign=38a491feaf5d79fd8f834bdf6d0bae3b&is_play_url=1&source=PackSourceEnum_PUBLISH'], 'width': 720, 'height': 1280, 'url_key': 'v0d00fg10000crofiivog65pl22lovn0_h264_720p_1588489', 'data_size': 34982305, 'file_hash': '38a491feaf5d79fd8f834bdf6d0bae3b', 'file_cs': 'c:0-192001-3347'}, 'raw_cover': {'uri': 'tos-cn-i-dy/1c3aa745789e4d33915ead5eb69ec4fa', 'url_list': ['https://p3-pc-sign.douyinpic.com/tos-cn-i-dy/1c3aa745789e4d33915ead5eb69ec4fa~tplv-dy-cropcenter:323:430.jpeg?lk3s=138a59ce&x-expires=2076328800&x-signature=zG0sNiYkD5FkAGeU3TH9Y8Qa574%3D&from=327834062&s=PackSourceEnum_PUBLISH&se=true&sh=323_430&sc=cover&biz_tag=pcweb_cover&l=20251020221329FF810B6B17C3D024C6A3', 'https://p3-pc-sign.douyinpic.com/obj/tos-cn-i-dy/1c3aa745789e4d33915ead5eb69ec4fa?lk3s=138a59ce&x-expires=2076328800&x-signature=y1tBSqWfIPoOmV7gWwgWdFxzElk%3D&from=327834062&s=PackSourceEnum_PUBLISH&se=false&sc=cover&biz_tag=pcweb_cover&l=20251020221329FF810B6B17C3D024C6A3'], 'width': 720, 'height': 720}, 'is_long_video': 1, 'animated_cover': {'uri': 'tos-cn-i-dy/1c3aa745789e4d33915ead5eb69ec4fa', 'url_list': ['https://p3-pc-sign.douyinpic.com/obj/tos-cn-i-dy/1c3aa745789e4d33915ead5eb69ec4fa?lk3s=138a59ce&x-expires=1762178400&x-signature=x%2Fn5JYvP92To3p0hDMD0834L008%3D&from=327834062_large&s=PackSourceEnum_PUBLISH&se=false&sc=dynamic_cover&biz_tag=pcweb_cover&l=20251020221329FF810B6B17C3D024C6A3', 'https://p9-pc-sign.douyinpic.com/obj/tos-cn-i-dy/1c3aa745789e4d33915ead5eb69ec4fa?lk3s=138a59ce&x-expires=1762178400&x-signature=L59qL%2F5eBPbGuRqLpH%2B12zV6iOI%3D&from=327834062_large&s=PackSourceEnum_PUBLISH&se=false&sc=dynamic_cover&biz_tag=pcweb_cover&l=20251020221329FF810B6B17C3D024C6A3']}, 'gaussian_cover': {'uri': 'tos-cn-p-0015/okfCKyMVXjeXw8hDq2B4AEjDRNrgg0D8AbfCfQ', 'url_list': ['https://p3-pc-sign.douyinpic.com/tos-cn-p-0015/okfCKyMVXjeXw8hDq2B4AEjDRNrgg0D8AbfCfQ~tplv-tsj2vxp0zn-gaosi:40.jpeg?lk3s=138a59ce&x-expires=1792504800&x-signature=NP40cPOUfKGKeEGwCrOLq0u7eIY%3D&from=327834062', 'https://p9-pc-sign.douyinpic.com/tos-cn-p-0015/okfCKyMVXjeXw8hDq2B4AEjDRNrgg0D8AbfCfQ~tplv-tsj2vxp0zn-gaosi:40.jpeg?lk3s=138a59ce&x-expires=1792504800&x-signature=zmvDimf4N9JihoNVKR4AX7Jf0Gc%3D&from=327834062'], 'width': 720, 'height': 720}, 'meta': '{"enable_manual_ladder":"1","format":"mp4","gear_vqm":"{\\"1080p_720p\\":2,\\"720p_540p\\":0}","hrids":"500000002","is_spatial_video":"0","isad":"0","loudness":"-29.8","peak":"0.70795","qprf":"1.000","sdgs":"[\\"low_720_0\\",\\"low_540_0\\",\\"normal_720_0\\",\\"adapt_low_540_0\\",\\"adapt_lowest_1080_1\\",\\"adapt_lowest_720_1\\",\\"adapt_540_1\\"]","sr_score":"1.000","strategy_tokens":"[\\"online\\",\\"strategy_iteration_ab02_0927\\",\\"strategy_iteration_ab01_0927\\"]","title_info":"{\\"bottom_res_add\\":[0.36,0.86,0.18,0.5,30.14,68.77,10.32,1.04,0.14,0.27,0,0,0,0,0],\\"bullet_zone\\":14.12,\\"progress_bar\\":[39.08,81.57,112.73],\\"ratio_br_l\\":[0,0,0,0,0,0],\\"ratio_edge_l\\":[0.14,0.2,0.34,0.37,0.39,0.41],\\"top_res_add\\":[0,0.09,30.91,52,30.82,0.68,16.4],\\"version\\":\\"v1.0\\"}","volume_info":"{\\"Loudness\\":-29.8,\\"MaximumMomentaryLoudness\\":-18.6,\\"Metrics\\":{\\"Phase\\":{\\"RMSDownmixDiff\\":-0.167},\\"RMSStats\\":{\\"LRDiff\\":0.081,\\"LTotal\\":-33.512,\\"Peak\\":-3.024,\\"RTotal\\":-33.593},\\"Version\\":\\"1.4.2\\",\\"Loudness\\":{\\"Integrated\\":-29.732}},\\"Peak\\":0.70795,\\"Version\\":2,\\"LoudnessRange\\":10.5,\\"LoudnessRangeEnd\\":-26.8,\\"LoudnessRangeStart\\":-37.3,\\"MaximumShortTermLoudness\\":-24.3}","vqs_origin":"73.52"}', 'video_model': '', 'is_source_HDR': 0, 'use_static_cover': True, 'big_thumbs': [{'img_num': 88, 'uri': 'tos-cn-p-0015/oYKwM8NXDQR0gaeeRNbAXEChgc2fAfj4vCWkr9', 'img_url': 'https://p3-sign.douyinpic.com/tos-cn-p-0015/oYKwM8NXDQR0gaeeRNbAXEChgc2fAfj4vCWkr9~tplv-noop.image?cquery=101r_100B_100H_100K_100o&dy_q=1760969609&l=20251020221329FF810B6B17C3D024C6A3&x-expires=1760980585&x-signature=LbUrQ5lO2QVya1MNLKBWrx0ZynY%3D', 'img_x_size': 136, 'img_y_size': 240, 'img_x_len': 5, 'img_y_len': 5, 'duration': 176.06667, 'interval': 2, 'fext': 'jpg', 'uris': ['tos-cn-p-0015/oYKwM8NXDQR0gaeeRNbAXEChgc2fAfj4vCWkr9', 'tos-cn-p-0015/oAXw0QXQGVrKfEefAIeaAXHbxLohQbCD9mc23h', 'tos-cn-p-0015/o4rhXeAw8AgWEKP7OM2bCaE4eQC0XDKjRfegiN', 'tos-cn-p-0015/oYChAbfEoxKIDrL23fQE2WA0VeAecXmh73wQaG'], 'img_urls': ['https://p3-sign.douyinpic.com/tos-cn-p-0015/oYKwM8NXDQR0gaeeRNbAXEChgc2fAfj4vCWkr9~tplv-noop.image?cquery=101r_100B_100H_100K_100o&dy_q=1760969609&l=20251020221329FF810B6B17C3D024C6A3&x-expires=1760980585&x-signature=LbUrQ5lO2QVya1MNLKBWrx0ZynY%3D', 'https://p3-sign.douyinpic.com/tos-cn-p-0015/oAXw0QXQGVrKfEefAIeaAXHbxLohQbCD9mc23h~tplv-noop.image?cquery=100H_100K_100o_101r_100B&dy_q=1760969609&l=20251020221329FF810B6B17C3D024C6A3&x-expires=1760980585&x-signature=cBIJTYzcX4YUhMbYlXVf%2F6orrsY%3D', 'https://p3-sign.douyinpic.com/tos-cn-p-0015/o4rhXeAw8AgWEKP7OM2bCaE4eQC0XDKjRfegiN~tplv-noop.image?cquery=100K_100o_101r_100B_100H&dy_q=1760969609&l=20251020221329FF810B6B17C3D024C6A3&x-expires=1760980585&x-signature=FfmwUKVmgBw7h0S%2BXG5e%2FmIF%2BIQ%3D', 'https://p3-sign.douyinpic.com/tos-cn-p-0015/oYChAbfEoxKIDrL23fQE2WA0VeAecXmh73wQaG~tplv-noop.image?cquery=100K_100o_101r_100B_100H&dy_q=1760969609&l=20251020221329FF810B6B17C3D024C6A3&x-expires=1760980585&x-signature=znaafRu9S40kqqP2xoMfZXt151o%3D']}]}, 'item_aigc_follow_shot': 1, 'user_digged': 0, 'statistics': {'recommend_count': 5, 'comment_count': 12, 'digg_count': 160, 'admire_count': 0, 'play_count': 0, 'share_count': 47, 'collect_count': 67}, 'status': {'not_allow_soft_del_reason': 'ab', 'is_delete': False, 'allow_share': True, 'review_result': {'review_status': 0}, 'allow_friend_recommend_guide': True, 'part_see': 0, 'private_status': 0, 'listen_video_status': 2, 'in_reviewing': False, 'allow_self_recommend_to_friend': True, 'allow_friend_recommend': True, 'is_prohibited': False, 'enable_soft_delete': 0}, 'flash_mob_trends': 0, 'text_extra': [{'start': 10, 'end': 13, 'type': 1, 'hashtag_name': '育儿', 'hashtag_id': '1767586940916743', 'is_commerce': False, 'caption_start': 10, 'caption_end': 13}, {'start': 14, 'end': 19, 'type': 1, 'hashtag_name': '家庭教育', 'hashtag_id': '1767586804947975', 'is_commerce': False, 'caption_start': 14, 'caption_end': 19}, {'start': 20, 'end': 25, 'type': 1, 'hashtag_name': '亲子关系', 'hashtag_id': '1595199377513476', 'is_commerce': False, 'caption_start': 20, 'caption_end': 25}, {'start': 26, 'end': 31, 'type': 1, 'hashtag_name': '父母课堂', 'hashtag_id': '1600624540786695', 'is_commerce': False, 'caption_start': 26, 'caption_end': 31}, {'start': 32, 'end': 37, 'type': 1, 'hashtag_name': '自我疗愈', 'hashtag_id': '1609512647863300', 'is_commerce': False, 'caption_start': 32, 'caption_end': 37}], 'is_top': 0, 'mv_info': None, 'share_info': {'share_url': 'https://www.iesdouyin.com/share/video/7417702898215275816/?region=US&mid=7417702137221663522&u_code=0&did=MS4wLjABAAAAvCMmrvAxedjvycgJ9K0iX5KdtDHpyq-etIWoeicy6xniB0XMxRYv3S-CyP_GdsPs&iid=MS4wLjABAAAANwkJuWIRFOzg5uCpDRpMj4OX-QryoDgn-yYlXQnRwQQ&with_sec_did=1&video_share_track_ver=&titleType=title&share_sign=ZD1ITnsD_1Ue5pGUpsAAFj1UK9tm3iSLIsc5m0cjzFI-&share_version=290100&ts=1760969609&from_aid=6383&from_ssr=1&share_track_info=%7B%22link_description_type%22%3A%22%22%7D', 'share_link_desc': '6.94 l@p.qE wSl:/ 10/07 在孤独中与自己相遇 # 育儿 # 家庭教育 # 亲子关系 # 父母课堂 # 自我疗愈  %s 复制此链接，打开Dou音搜索，直接观看视频！'}, 'caption_template_id': 0, 'video_labels': None, 'shoot_way': '', 'is_ads': False, 'duration': 176179, 'aweme_type': 0, 'is_new_text_mode': 0, 'ai_follow_images': None, 'image_infos': None, 'risk_infos': {'vote': False, 'warn': False, 'risk_sink': False, 'type': 0, 'content': ''}, 'entertainment_video_type': 3, 'chapter_bar_color': None, 'position': None, 'uniqid_position': None, 'comment_list': None, 'author_user_id': 1965574329213736, 'product_genre_info': {'product_genre_type': 2, 'material_genre_sub_type_set': [4], 'special_info': {'recommend_group_name': 0}}, 'geofencing': [], 'is_from_ad_auth': False, 'is_moment_story': 0, 'region': '', 'video_text': None, 'video_share_edit_status': 0, 'collect_stat': 0, 'label_top_text': None, 'promotions': [], 'group_id': '7417702898215275816', 'prevent_download': False, 'nickname_position': None, 'challenge_position': None, 'trends_event_track': '{}', 'enable_comment_sticker_rec': False, 'mark_largely_following': False, 'long_video': None, 'aweme_listen_struct': {'trace_info': '{"copyright_not_speech":"false","copyright_reason":"not_intercept","copyright_tag_hit":"0","copyright_use_aed_default":"false","copyright_use_tag_default":"false","cp_ab":"true","desc":"","duration_over":"false","hit_high_risk":"true","media_type":"4","reason":"hit_ab_0","show":"false"}'}, 'component_control': {'data_source_url': '/aweme/v1/web/aweme/post/'}, 'friend_recommend_info': {'friend_recommend_source': 10, 'label_user_list': None, 'disable_friend_recommend_guide_label': False}, 'nearby_hot_comment': None, 'interaction_stickers': None, 'can_cache_to_local': True, 'origin_comment_ids': None, 'commerce_config_data': None, 'douplus_user_type': 0, 'video_control': {'allow_download': False, 'share_type': 0, 'show_progress_bar': 1, 'draft_progress_bar': 1, 'allow_duet': True, 'allow_react': False, 'prevent_download_type': 2, 'allow_dynamic_wallpaper': False, 'timer_status': 1, 'allow_music': True, 'allow_stitch': False, 'allow_douplus': True, 'allow_share': True, 'share_grayed': False, 'download_ignore_visibility': False, 'duet_ignore_visibility': False, 'share_ignore_visibility': False, 'download_info': {'level': 1, 'fail_info': {'code': 290002, 'reason': 'isolation_content', 'msg': '视频暂时无法保存，链接已复制'}}, 'duet_info': {'level': 0}, 'allow_record': True, 'disable_record_reason': '', 'timer_info': {'public_time': 1728118800, 'timer_status': 0}}, 'aweme_control': {'can_forward': True, 'can_share': True, 'can_comment': True, 'can_show_comment': True}, 'interest_points': None, 'is_25_story': 0, 'aweme_type_tags': '', 'entertainment_video_paid_way': {'paid_ways': [], 'paid_type': 0, 'enable_use_new_ent_data': False}, 'anchors': None, 'hybrid_label': None, 'geofencing_regions': None, 'select_anchor_expanded_content': 0, 'aweme_acl': {'download_mask_panel': {'code': 1, 'show_type': 0}}, 'ent_log_extra': {'log_extra': '{"global_log_extra":null,"page_log_extra":null,"aweme_log_extra":{"ce_current_group_id":"7417702898215275816","author_id":"1965574329213736"},"extra_log_extra":null}'}, 'is_story': 0, 'publish_plus_alienation': {'alienation_type': 0}, 'trends_infos': None, 'follow_shot_assets': None, 'cover_labels': None, 'series_basic_info': {}, 'origin_duet_resource_uri': '', 'guide_btn_type': 0, 'cf_assets_type': 0, 'personal_page_botton_diagnose_style': 0, 'images': None, 'relation_labels': None, 'is_moment_history': 0, 'impression_data': {'group_id_list_a': [], 'group_id_list_b': [], 'similar_id_list_a': None, 'similar_id_list_b': None, 'group_id_list_c': [], 'group_id_list_d': []}, 'game_tag_info': {'is_game': False}, 'is_24_story': 0, 'libfinsert_task_id': '', 'social_tag_list': None, 'suggest_words': {'suggest_words': [{'words': [], 'scene': 'detail_inbox_rex', 'icon_url': '', 'hint_text': '', 'extra_info': '{}'}]}, 'show_follow_button': {}, 'duet_aggregate_in_music_tab': False, 'is_duet_sing': False, 'comment_permission_info': {'comment_permission_status': 0, 'can_comment': True, 'item_detail_entry': False, 'press_entry': False, 'toast_guide': False}, 'original_images': None, 'series_paid_info': {'series_paid_status': 0, 'item_price': 0}, 'img_bitrate': None, 'comment_gid': 7417702898215275816, 'image_album_music_info': {'begin_time': -1, 'end_time': -1, 'volume': -1}, 'video_tag': [{'tag_id': 2009, 'tag_name': '人文社科', 'level': 1}, {'tag_id': 2009002, 'tag_name': '人文艺术', 'level': 2}, {'tag_id': 2009002001, 'tag_name': '读书文学', 'level': 3}], 'is_collects_selected': 0, 'chapter_list': None, 'feed_comment_config': {'input_config_text': '善语结善缘，恶言伤人心', 'author_audit_status': 0, 'common_flags': '{"hashtag":"[{\\"name\\":\\"自我疗愈\\",\\"id\\":1609512647863300},{\\"name\\":\\"育儿\\",\\"id\\":1767586940916743},{\\"name\\":\\"家庭教育\\",\\"id\\":1767586804947975},{\\"name\\":\\"亲子关系\\",\\"id\\":1595199377513476},{\\"name\\":\\"父母课堂\\",\\"id\\":1600624540786695}]","item_author_nickname":"孙瑞雪聊教育","video_labels_v2_tag1":"母婴","video_labels_v2_tag2":"育儿理念"}'}, 'is_image_beat': False, 'dislike_dimension_list': None, 'standard_bar_info_list': None, 'photo_search_entrance': {'ecom_type': 0}, 'is_life_item': False, 'image_list': None, 'component_info_v2': '{"desc_lines_limit":0,"hide_marquee":false}', 'item_warn_notification': {'type': 0, 'show': False, 'content': ''}, 'origin_text_extra': None, 'disable_relation_bar': 0, 'packed_clips': None, 'author_mask_tag': 0, 'user_recommend_status': 1, 'collection_corner_mark': 0, 'is_share_post': False, 'image_comment': {}, 'visual_search_info': {'is_show_img_entrance': False, 'is_ecom_img': False, 'is_high_accuracy_ecom': False, 'is_high_recall_ecom': False}, 'tts_id_list': None, 'ref_tts_id_list': None, 'voice_modify_id_list': None, 'ref_voice_modify_id_list': None, 'authentication_token': 'MS4wLjAAAAAAUzxM1uX5oN_F65NiBdUMA3rnPH3zt56Axpn0Nj3lZb8sfcDlOaUMJEnOWm3FG9EjvuUZK80BAYrdgdP5PHF2WXATeBIITxsyja6_dGYnY33_WdIkrn9Oh5pDhWWc3t8cireq8BL_1a8clwa908tE0qUcawXbkGbpepbeBOwNwjqLxYEDcMH86FhYn-_gOSJigoPu_dplY954UZ0i9NEP_Is3ah9EMZ27SdWAhyo69OQrPVh69ICVPnZigJRZCp-j', 'video_game_data_channel_config': {}, 'dislike_dimension_list_v2': None, 'distribute_circle': {'distribute_type': 0, 'campus_block_interaction': False, 'is_campus': False}, 'image_crop_ctrl': 0, 'yumme_recreason': None, 'slides_music_beats': None, 'jump_tab_info_list': None, 'media_type': 4, 'reply_smart_emojis': None, 'activity_video_type': -1, 'boost_status': 0, 'create_scale_type': None, 'entertainment_product_info': {'sub_title': None, 'market_info': {'limit_free': {'in_free': False}, 'marketing_tag': None}}, 'caption': '在孤独中与自己相遇 #育儿 #家庭教育 #亲子关系 #父母课堂 #自我疗愈', 'item_title': '', 'is_use_music': False, 'original': 0, 'xigua_base_info': {'status': 0, 'star_altar_order_id': 0, 'star_altar_type': 0, 'item_id': 0}}, {'aweme_id': '7417702421692009780', 'desc': '真正的爱既滋养我也滋养你 #幼儿教育 #育儿 #家庭教育 #亲子关系 #父母课堂', 'create_time': 1727946000, 'author': {'uid': '1965574329213736', 'card_entries_not_display': None, 'nickname': '孙瑞雪聊教育', 'personal_tag_list': None, 'homepage_bottom_toast': None, 'avatar_thumb': {'uri': '100x100/aweme-avatar/tos-cn-avt-0015_afee5b125df955a19af4c41159ad1295', 'url_list': ['https://p3-pc.douyinpic.com/aweme/100x100/aweme-avatar/tos-cn-avt-0015_afee5b125df955a19af4c41159ad1295.jpeg?from=327834062'], 'width': 720, 'height': 720}, 'batch_unfollow_contain_tabs': None, 'not_seen_item_id_list': None, 'follow_status': 0, 'contrail_list': None, 'story_interactive': 0, 'data_label_list': None, 'custom_verify': '', 'follower_list_secondary_information_struct': None, 'display_info': None, 'interest_tags': None, 'account_cert_info': '{}', 'user_tags': None, 'share_info': {'share_url': '', 'share_weibo_desc': '', 'share_desc': '', 'share_title': '', 'share_qrcode_url': {'uri': '31b0500316c4e154852bc', 'url_list': ['https://p3-pc-sign.douyinpic.com/obj/31b0500316c4e154852bc?lk3s=138a59ce&x-expires=1760990400&x-signature=VnOegD8kfOkclbkCT%2BIUAVSkQl4%3D&from=327834062'], 'width': 720, 'height': 720}, 'share_title_myself': '', 'share_title_other': '', 'share_desc_info': ''}, 'can_set_geofencing': None, 'sec_uid': 'MS4wLjABAAAAnAFnkWlOm9jteymsi42fanYLMzfbqdGIwCILEUqDNmFyjfK9N8fSJdS_D2UWk_we', 'need_points': None, 'enterprise_verify_reason': '', 'is_ad_fake': False, 'story_ttl': 0, 'user_permissions': None, 'card_entries': None, 'creator_tag_list': None, 'offline_info_list': None, 'text_extra': None, 'card_sort_priority': None, 'prevent_download': False, 'special_people_labels': None, 'white_cover_url': None, 'endorsement_info_list': None, 'follower_status': 0, 'profile_mob_params': None, 'familiar_visitor_user': None, 'avatar_schema_list': None, 'cover_url': [{'uri': 'c8510002be9a3a61aad2', 'url_list': ['https://p3-pc-sign.douyinpic.com/obj/c8510002be9a3a61aad2?lk3s=138a59ce&x-expires=1762178400&x-signature=bEz6E0nbTH1458RtDsUU87G74Mk%3D&from=327834062'], 'width': 720, 'height': 720}], 'cf_list': None, 'im_role_ids': None, 'not_seen_item_id_list_v2': None, 'signature_extra': None, 'risk_notice_text': '', 'ban_user_functions': None, 'profile_component_disabled': None, 'verification_permission_ids': None, 'identity_labels': None, 'private_relation_list': None, 'link_item_list': None, 'batch_unfollow_relation_desc': None}, 'music': {'id': 7417702217458780940, 'id_str': '7417702217458780940', 'title': '@孙瑞雪聊教育创作的原声', 'author': '孙瑞雪聊教育', 'album': '', 'cover_hd': {'uri': '1080x1080/aweme-avatar/tos-cn-avt-0015_afee5b125df955a19af4c41159ad1295', 'url_list': ['https://p3-pc.douyinpic.com/aweme/1080x1080/aweme-avatar/tos-cn-avt-0015_afee5b125df955a19af4c41159ad1295.jpeg?from=327834062'], 'width': 720, 'height': 720}, 'cover_large': {'uri': '1080x1080/aweme-avatar/tos-cn-avt-0015_afee5b125df955a19af4c41159ad1295', 'url_list': ['https://p3-pc.douyinpic.com/aweme/1080x1080/aweme-avatar/tos-cn-avt-0015_afee5b125df955a19af4c41159ad1295.jpeg?from=327834062'], 'width': 720, 'height': 720}, 'cover_medium': {'uri': '720x720/aweme-avatar/tos-cn-avt-0015_afee5b125df955a19af4c41159ad1295', 'url_list': ['https://p3-pc.douyinpic.com/aweme/720x720/aweme-avatar/tos-cn-avt-0015_afee5b125df955a19af4c41159ad1295.jpeg?from=327834062'], 'width': 720, 'height': 720}, 'cover_thumb': {'uri': '100x100/aweme-avatar/tos-cn-avt-0015_afee5b125df955a19af4c41159ad1295', 'url_list': ['https://p3-pc.douyinpic.com/aweme/100x100/aweme-avatar/tos-cn-avt-0015_afee5b125df955a19af4c41159ad1295.jpeg?from=327834062'], 'width': 720, 'height': 720}, 'play_url': {'uri': 'https://lf3-music-east.douyinstatic.com/obj/ies-music-hj/7417702526763469625.mp3', 'url_list': ['https://lf3-music-east.douyinstatic.com/obj/ies-music-hj/7417702526763469625.mp3', 'https://lf9-music-east.douyinstatic.com/obj/ies-music-hj/7417702526763469625.mp3'], 'width': 720, 'height': 720, 'url_key': '7417702217458780940'}, 'schema_url': '', 'source_platform': 23, 'start_time': 0, 'end_time': 0, 'duration': 188, 'extra': '{"aed_music_score":0.04,"aed_singing_score":0.06,"aggregate_exempt_conf":[],"beats":{},"cover_colors":null,"douyin_beats_info":{},"dsp_switch":0,"extract_item_id":7417702421692009780,"has_edited":0,"hit_high_follow_auto":false,"hit_high_follow_extend":false,"hit_high_follow_original":false,"hotsoon_review_time":-1,"is_aed_music":0,"is_high_follow_user":false,"is_red":0,"is_subsidy_exp":false,"music_label_id":null,"music_tagging":{"AEDs":null,"Genres":null,"Instruments":null,"Languages":null,"Moods":null,"SingingVersions":null,"Themes":null},"review_unshelve_reason":0,"reviewed":0,"schedule_search_time":0,"uniqa_speech_score":0.95,"with_aed_model":1}', 'user_count': 0, 'position': None, 'collect_stat': 0, 'status': 1, 'offline_desc': '', 'owner_id': '1965574329213736', 'owner_nickname': '孙瑞雪聊教育', 'is_original': False, 'mid': '7417702217458780940', 'binded_challenge_id': 0, 'redirect': False, 'is_restricted': False, 'author_deleted': False, 'is_del_video': False, 'is_video_self_see': False, 'owner_handle': '63566855132', 'author_position': None, 'prevent_download': False, 'unshelve_countries': None, 'prevent_item_download_status': 0, 'external_song_info': [], 'sec_uid': 'MS4wLjABAAAAnAFnkWlOm9jteymsi42fanYLMzfbqdGIwCILEUqDNmFyjfK9N8fSJdS_D2UWk_we', 'avatar_thumb': {'uri': '100x100/aweme-avatar/tos-cn-avt-0015_afee5b125df955a19af4c41159ad1295', 'url_list': ['https://p3-pc.douyinpic.com/aweme/100x100/aweme-avatar/tos-cn-avt-0015_afee5b125df955a19af4c41159ad1295.jpeg?from=327834062'], 'width': 720, 'height': 720}, 'avatar_medium': {'uri': '720x720/aweme-avatar/tos-cn-avt-0015_afee5b125df955a19af4c41159ad1295', 'url_list': ['https://p3-pc.douyinpic.com/aweme/720x720/aweme-avatar/tos-cn-avt-0015_afee5b125df955a19af4c41159ad1295.jpeg?from=327834062'], 'width': 720, 'height': 720}, 'avatar_large': {'uri': '1080x1080/aweme-avatar/tos-cn-avt-0015_afee5b125df955a19af4c41159ad1295', 'url_list': ['https://p3-pc.douyinpic.com/aweme/1080x1080/aweme-avatar/tos-cn-avt-0015_afee5b125df955a19af4c41159ad1295.jpeg?from=327834062'], 'width': 720, 'height': 720}, 'preview_start_time': 0, 'preview_end_time': 0, 'is_commerce_music': False, 'is_original_sound': True, 'audition_duration': 188, 'shoot_duration': 188, 'reason_type': 0, 'artists': [], 'lyric_short_position': None, 'mute_share': False, 'tag_list': None, 'dmv_auto_show': False, 'is_pgc': False, 'is_matched_metadata': False, 'is_audio_url_with_cookie': False, 'music_chart_ranks': None, 'can_background_play': True, 'music_status': 1, 'video_duration': 188, 'pgc_music_type': 2, 'author_status': 1, 'search_impr': {'entity_id': '7417702217458780940'}, 'artist_user_infos': None, 'dsp_status': 10, 'musician_user_infos': None, 'music_collect_count': 0, 'music_cover_atmosphere_color_value': '', 'show_origin_clip': False}, 'effect_inflow_effects': None, 'video': {'play_addr': {'uri': 'v0300fg10000crofhufog65gj5046f70', 'url_list': ['https://v5-dy-o-abtest.zjcdn.com/36704a7df559a00e9735dd5e8e8ae6b8/68f66e75/video/tos/cn/tos-cn-ve-15/owghRBCS2eEwA9GbZLfLe8BQ4HCDzInAMMfWEF/?a=6383&ch=10010&cr=3&dr=0&lr=all&cd=0%7C0%7C0%7C3&cv=1&br=1125&bt=1125&cs=0&ds=3&ft=c2YTctGHQPRUZxfusdr~kwPqYldQIKDEE-TerrNqq_45a&mime_type=video_mp4&qs=0&rc=ZzQ5Nzs1NTw7PDxpZDQ1ZkBpM2k3OGo5cnhpdTMzNGkzM0BfLTExYi5fNjIxMmE1Ll8zYSM0My1nMmRjZWxgLS1kLTBzcw%3D%3D&btag=80000e00028000&cquery=100B_100H_100K_100o_101r&dy_q=1760969609&feature_id=2e1813f3872a2105acee44623dff2864&l=20251020221329FF810B6B17C3D024C6A3', 'https://v5-dy-o-abtest.zjcdn.com/36704a7df559a00e9735dd5e8e8ae6b8/68f66e75/video/tos/cn/tos-cn-ve-15/owghRBCS2eEwA9GbZLfLe8BQ4HCDzInAMMfWEF/?a=6383&ch=10010&cr=3&dr=0&lr=all&cd=0%7C0%7C0%7C3&cv=1&br=1125&bt=1125&cs=0&ds=3&ft=c2YTctGHQPRUZxfusdr~kwPqYldQIKDEE-TerrNqq_45a&mime_type=video_mp4&qs=0&rc=ZzQ5Nzs1NTw7PDxpZDQ1ZkBpM2k3OGo5cnhpdTMzNGkzM0BfLTExYi5fNjIxMmE1Ll8zYSM0My1nMmRjZWxgLS1kLTBzcw%3D%3D&btag=80000e00028000&cquery=100K_100o_101r_100B_100H&dy_q=1760969609&feature_id=2e1813f3872a2105acee44623dff2864&l=20251020221329FF810B6B17C3D024C6A3', 'https://www.douyin.com/aweme/v1/play/?video_id=v0300fg10000crofhufog65gj5046f70&line=0&file_id=6cb2118adf59495899b212e8444601bd&sign=fdb3aff50715d9865a6d24fa24925ff7&is_play_url=1&source=PackSourceEnum_PUBLISH'], 'width': 720, 'height': 1280, 'url_key': 'v0300fg10000crofhufog65gj5046f70_h264_720p_1152077', 'data_size': 27078142, 'file_hash': 'fdb3aff50715d9865a6d24fa24925ff7', 'file_cs': 'c:0-205017-00f3'}, 'cover': {'uri': 'tos-cn-i-dy/a6b95c29d8f747da9a8fa07a60e8f447', 'url_list': ['https://p3-pc-sign.douyinpic.com/tos-cn-i-dy/a6b95c29d8f747da9a8fa07a60e8f447~tplv-dy-cropcenter:323:430.jpeg?lk3s=138a59ce&x-expires=2076328800&x-signature=6J2QVpcxmCQ5%2BZfI2fLj15GanPQ%3D&from=327834062&s=PackSourceEnum_PUBLISH&se=true&sh=323_430&sc=cover&biz_tag=pcweb_cover&l=20251020221329FF810B6B17C3D024C6A3', 'https://p3-pc-sign.douyinpic.com/obj/tos-cn-i-dy/a6b95c29d8f747da9a8fa07a60e8f447?lk3s=138a59ce&x-expires=2076328800&x-signature=hAhXGCuyJWfuaovCfOddlqYtVxs%3D&from=327834062&s=PackSourceEnum_PUBLISH&se=false&sc=cover&biz_tag=pcweb_cover&l=20251020221329FF810B6B17C3D024C6A3'], 'width': 720, 'height': 720}, 'height': 1920, 'width': 1080, 'dynamic_cover': {'uri': 'tos-cn-i-dy/a6b95c29d8f747da9a8fa07a60e8f447', 'url_list': ['https://p3-pc-sign.douyinpic.com/obj/tos-cn-i-dy/a6b95c29d8f747da9a8fa07a60e8f447?lk3s=138a59ce&x-expires=1762178400&x-signature=mYPrAH%2FzRcmYB6rYuYcdAavOyUs%3D&from=327834062_large&s=PackSourceEnum_PUBLISH&se=false&sc=dynamic_cover&biz_tag=pcweb_cover&l=20251020221329FF810B6B17C3D024C6A3', 'https://p9-pc-sign.douyinpic.com/obj/tos-cn-i-dy/a6b95c29d8f747da9a8fa07a60e8f447?lk3s=138a59ce&x-expires=1762178400&x-signature=CD8Hn4%2BuDnOeNTnnTD9m0ZDKMYo%3D&from=327834062_large&s=PackSourceEnum_PUBLISH&se=false&sc=dynamic_cover&biz_tag=pcweb_cover&l=20251020221329FF810B6B17C3D024C6A3'], 'width': 720, 'height': 720}, 'origin_cover': {'uri': 'tos-cn-p-0015/oUtzHEGxBQ5ImSfCfebDhMSEwAggMZe8AAyWn2', 'url_list': ['https://p3-pc-sign.douyinpic.com/tos-cn-p-0015/oUtzHEGxBQ5ImSfCfebDhMSEwAggMZe8AAyWn2~tplv-dy-360p.jpeg?lk3s=138a59ce&x-expires=1762178400&x-signature=d%2Bl40ifznX%2FPpaOIGKtEcRVNUPM%3D&from=327834062&s=PackSourceEnum_PUBLISH&se=false&sc=origin_cover&biz_tag=pcweb_cover&l=20251020221329FF810B6B17C3D024C6A3', 'https://p9-pc-sign.douyinpic.com/tos-cn-p-0015/oUtzHEGxBQ5ImSfCfebDhMSEwAggMZe8AAyWn2~tplv-dy-360p.jpeg?lk3s=138a59ce&x-expires=1762178400&x-signature=ljF%2FzWoKSCq8HuSSVffo4VhFIyk%3D&from=327834062&s=PackSourceEnum_PUBLISH&se=false&sc=origin_cover&biz_tag=pcweb_cover&l=20251020221329FF810B6B17C3D024C6A3'], 'width': 360, 'height': 640}, 'ratio': '720p', 'format': 'mp4', 'audio': {'original_sound_infos': None}, 'bit_rate': [{'gear_name': 'normal_720_0', 'quality_type': 10, 'bit_rate': 1152077, 'play_addr': {'uri': 'v0300fg10000crofhufog65gj5046f70', 'url_list': ['https://v5-dy-o-abtest.zjcdn.com/36704a7df559a00e9735dd5e8e8ae6b8/68f66e75/video/tos/cn/tos-cn-ve-15/owghRBCS2eEwA9GbZLfLe8BQ4HCDzInAMMfWEF/?a=6383&ch=10010&cr=3&dr=0&lr=all&cd=0%7C0%7C0%7C3&cv=1&br=1125&bt=1125&cs=0&ds=3&ft=c2YTctGHQPRUZxfusdr~kwPqYldQIKDEE-TerrNqq_45a&mime_type=video_mp4&qs=0&rc=ZzQ5Nzs1NTw7PDxpZDQ1ZkBpM2k3OGo5cnhpdTMzNGkzM0BfLTExYi5fNjIxMmE1Ll8zYSM0My1nMmRjZWxgLS1kLTBzcw%3D%3D&btag=80000e00028000&cquery=100B_100H_100K_100o_101r&dy_q=1760969609&feature_id=2e1813f3872a2105acee44623dff2864&l=20251020221329FF810B6B17C3D024C6A3', 'https://v5-dy-o-abtest.zjcdn.com/36704a7df559a00e9735dd5e8e8ae6b8/68f66e75/video/tos/cn/tos-cn-ve-15/owghRBCS2eEwA9GbZLfLe8BQ4HCDzInAMMfWEF/?a=6383&ch=10010&cr=3&dr=0&lr=all&cd=0%7C0%7C0%7C3&cv=1&br=1125&bt=1125&cs=0&ds=3&ft=c2YTctGHQPRUZxfusdr~kwPqYldQIKDEE-TerrNqq_45a&mime_type=video_mp4&qs=0&rc=ZzQ5Nzs1NTw7PDxpZDQ1ZkBpM2k3OGo5cnhpdTMzNGkzM0BfLTExYi5fNjIxMmE1Ll8zYSM0My1nMmRjZWxgLS1kLTBzcw%3D%3D&btag=80000e00028000&cquery=100K_100o_101r_100B_100H&dy_q=1760969609&feature_id=2e1813f3872a2105acee44623dff2864&l=20251020221329FF810B6B17C3D024C6A3', 'https://www.douyin.com/aweme/v1/play/?video_id=v0300fg10000crofhufog65gj5046f70&line=0&file_id=6cb2118adf59495899b212e8444601bd&sign=fdb3aff50715d9865a6d24fa24925ff7&is_play_url=1&source=PackSourceEnum_PUBLISH'], 'width': 720, 'height': 1280, 'url_key': 'v0300fg10000crofhufog65gj5046f70_h264_720p_1152077', 'data_size': 27078142, 'file_hash': 'fdb3aff50715d9865a6d24fa24925ff7', 'file_cs': 'c:0-205017-00f3'}, 'is_h265': 0, 'is_bytevc1': 0, 'HDR_type': '', 'HDR_bit': '', 'FPS': 29, 'video_extra': '{"PktOffsetMap":"[{\\"time\\": 1, \\"offset\\": 413315}, {\\"time\\": 2, \\"offset\\": 512954}, {\\"time\\": 3, \\"offset\\": 591131}, {\\"time\\": 4, \\"offset\\": 702498}, {\\"time\\": 5, \\"offset\\": 814556}, {\\"time\\": 10, \\"offset\\": 1469423}]","format":"mp4","definition":"720p","quality":"normal","file_id":"6cb2118adf59495899b212e8444601bd","applog_map":{"feature_id":"2e1813f3872a2105acee44623dff2864"},"audio_channels":"2.0","audio_sample_rate":"44100","audio_metrics":null,"audio_score":null}', 'format': 'mp4'}, {'gear_name': 'low_720_0', 'quality_type': 211, 'bit_rate': 1137891, 'play_addr': {'uri': 'v0300fg10000crofhufog65gj5046f70', 'url_list': ['https://v5-dy-o-abtest.zjcdn.com/d34f417adeadfaf4c92a87b66f54fbc0/68f66e75/video/tos/cn/tos-cn-ve-0015c800/ooLH5zTbwA7MCezgICQfv2eEMt8eIUEADZcAQG/?a=6383&ch=10010&cr=3&dr=0&lr=all&cd=0%7C0%7C0%7C3&cv=1&br=1111&bt=1111&cs=0&ds=3&ft=c2YTctGHQPRUZxfusdr~kwPqYldQIKDEE-TerrNqq_45a&mime_type=video_mp4&qs=1&rc=PDo2aDk4PGk2Nzw6ZDRkN0BpM2k3OGo5cnhpdTMzNGkzM0AxLV42M2IuXjUxLS42YTY0YSM0My1nMmRjZWxgLS1kLTBzcw%3D%3D&btag=80000e00028000&cquery=100B_100H_100K_100o_101r&dy_q=1760969609&feature_id=46a7bb47b4fd1280f3d3825bf2b29388&l=20251020221329FF810B6B17C3D024C6A3', 'https://v5-dy-o-abtest.zjcdn.com/d34f417adeadfaf4c92a87b66f54fbc0/68f66e75/video/tos/cn/tos-cn-ve-0015c800/ooLH5zTbwA7MCezgICQfv2eEMt8eIUEADZcAQG/?a=6383&ch=10010&cr=3&dr=0&lr=all&cd=0%7C0%7C0%7C3&cv=1&br=1111&bt=1111&cs=0&ds=3&ft=c2YTctGHQPRUZxfusdr~kwPqYldQIKDEE-TerrNqq_45a&mime_type=video_mp4&qs=1&rc=PDo2aDk4PGk2Nzw6ZDRkN0BpM2k3OGo5cnhpdTMzNGkzM0AxLV42M2IuXjUxLS42YTY0YSM0My1nMmRjZWxgLS1kLTBzcw%3D%3D&btag=80000e00028000&cquery=100H_100K_100o_101r_100B&dy_q=1760969609&feature_id=46a7bb47b4fd1280f3d3825bf2b29388&l=20251020221329FF810B6B17C3D024C6A3', 'https://www.douyin.com/aweme/v1/play/?video_id=v0300fg10000crofhufog65gj5046f70&line=0&file_id=749ad19a17094483af19e5669ea30749&sign=0da001c4eafe7e8cf8be35ce7301b06e&is_play_url=1&source=PackSourceEnum_PUBLISH'], 'width': 720, 'height': 1280, 'url_key': 'v0300fg10000crofhufog65gj5046f70_h264_720p_1137891', 'data_size': 26744711, 'file_hash': '0da001c4eafe7e8cf8be35ce7301b06e', 'file_cs': 'c:0-155324-c981|a:v0300fg10000crofhufog65gj5046f70'}, 'is_h265': 0, 'is_bytevc1': 0, 'HDR_type': '', 'HDR_bit': '', 'FPS': 29, 'video_extra': '{"PktOffsetMap":"[{\\"time\\": 1, \\"offset\\": 370129}, {\\"time\\": 2, \\"offset\\": 472229}, {\\"time\\": 3, \\"offset\\": 554933}, {\\"time\\": 4, \\"offset\\": 670834}, {\\"time\\": 5, \\"offset\\": 796361}, {\\"time\\": 10, \\"offset\\": 1395495}]","format":"mp4","definition":"720p","quality":"low","file_id":"749ad19a17094483af19e5669ea30749","applog_map":{"feature_id":"46a7bb47b4fd1280f3d3825bf2b29388"},"audio_channels":"2.0","audio_sample_rate":"44100","audio_metrics":null,"audio_score":null}', 'format': 'mp4'}, {'gear_name': 'low_540_0', 'quality_type': 292, 'bit_rate': 1084742, 'play_addr': {'uri': 'v0300fg10000crofhufog65gj5046f70', 'url_list': ['https://v5-dy-o-abtest.zjcdn.com/cb742f683eddb0de8fc6c482c2e0c5d5/68f66e75/video/tos/cn/tos-cn-ve-0015c800/o00Dcef8MAe2GVwIgECIAzEM9CwLQ9LQbeHZoP/?a=6383&ch=10010&cr=3&dr=0&lr=all&cd=0%7C0%7C0%7C3&cv=1&br=1059&bt=1059&cs=0&ds=6&ft=c2YTctGHQPRUZxfusdr~kwPqYldQIKDEE-TerrNqq_45a&mime_type=video_mp4&qs=1&rc=ODs2ZmZmOmdlaDlmNWk2aEBpM2k3OGo5cnhpdTMzNGkzM0AzY2JgLWJjNWExNjBeNGNeYSM0My1nMmRjZWxgLS1kLTBzcw%3D%3D&btag=80000e00028000&cquery=101r_100B_100H_100K_100o&dy_q=1760969609&feature_id=46a7bb47b4fd1280f3d3825bf2b29388&l=20251020221329FF810B6B17C3D024C6A3', 'https://v5-dy-o-abtest.zjcdn.com/cb742f683eddb0de8fc6c482c2e0c5d5/68f66e75/video/tos/cn/tos-cn-ve-0015c800/o00Dcef8MAe2GVwIgECIAzEM9CwLQ9LQbeHZoP/?a=6383&ch=10010&cr=3&dr=0&lr=all&cd=0%7C0%7C0%7C3&cv=1&br=1059&bt=1059&cs=0&ds=6&ft=c2YTctGHQPRUZxfusdr~kwPqYldQIKDEE-TerrNqq_45a&mime_type=video_mp4&qs=1&rc=ODs2ZmZmOmdlaDlmNWk2aEBpM2k3OGo5cnhpdTMzNGkzM0AzY2JgLWJjNWExNjBeNGNeYSM0My1nMmRjZWxgLS1kLTBzcw%3D%3D&btag=80000e00028000&cquery=101r_100B_100H_100K_100o&dy_q=1760969609&feature_id=46a7bb47b4fd1280f3d3825bf2b29388&l=20251020221329FF810B6B17C3D024C6A3', 'https://www.douyin.com/aweme/v1/play/?video_id=v0300fg10000crofhufog65gj5046f70&line=0&file_id=aef37fa23c964edb8df7ec0ccce3f865&sign=703af65554165f621be22a08f4995497&is_play_url=1&source=PackSourceEnum_PUBLISH'], 'width': 576, 'height': 1024, 'url_key': 'v0300fg10000crofhufog65gj5046f70_h264_540p_1084742', 'data_size': 25495512, 'file_hash': '703af65554165f621be22a08f4995497', 'file_cs': 'c:0-154900-776d|a:v0300fg10000crofhufog65gj5046f70'}, 'is_h265': 0, 'is_bytevc1': 0, 'HDR_type': '', 'HDR_bit': '', 'FPS': 29, 'video_extra': '{"PktOffsetMap":"[{\\"time\\": 1, \\"offset\\": 360517}, {\\"time\\": 2, \\"offset\\": 449787}, {\\"time\\": 3, \\"offset\\": 530822}, {\\"time\\": 4, \\"offset\\": 640167}, {\\"time\\": 5, \\"offset\\": 755983}, {\\"time\\": 10, \\"offset\\": 1326901}]","format":"mp4","definition":"540p","quality":"low","file_id":"aef37fa23c964edb8df7ec0ccce3f865","applog_map":{"feature_id":"46a7bb47b4fd1280f3d3825bf2b29388"},"audio_channels":"2.0","audio_sample_rate":"44100","audio_metrics":null,"audio_score":null}', 'format': 'mp4'}, {'gear_name': 'adapt_low_540_0', 'quality_type': 291, 'bit_rate': 704813, 'play_addr': {'uri': 'v0300fg10000crofhufog65gj5046f70', 'url_list': ['https://v5-dy-o-abtest.zjcdn.com/1d020b0aa69a2957e0bb0f113e9c8295/68f66e75/video/tos/cn/tos-cn-ve-0015c800/ocMEw3QAPfEGeZCIAfm24zeHD8CL89IbAg4RMQ/?a=6383&ch=10010&cr=3&dr=0&lr=all&cd=0%7C0%7C0%7C3&cv=1&br=688&bt=688&cs=0&ds=6&ft=c2YTctGHQPRUZxfusdr~kwPqYldQIKDEE-TerrNqq_45a&mime_type=video_mp4&qs=12&rc=ZzM1PDs0ZjdnPGk8Mzs2NUBpM2k3OGo5cnhpdTMzNGkzM0AxYzYxNi8tNjQxL2JiNjVjYSM0My1nMmRjZWxgLS1kLTBzcw%3D%3D&btag=80000e00028000&cquery=100K_100o_101r_100B_100H&dy_q=1760969609&feature_id=46a7bb47b4fd1280f3d3825bf2b29388&l=20251020221329FF810B6B17C3D024C6A3', 'https://v5-dy-o-abtest.zjcdn.com/1d020b0aa69a2957e0bb0f113e9c8295/68f66e75/video/tos/cn/tos-cn-ve-0015c800/ocMEw3QAPfEGeZCIAfm24zeHD8CL89IbAg4RMQ/?a=6383&ch=10010&cr=3&dr=0&lr=all&cd=0%7C0%7C0%7C3&cv=1&br=688&bt=688&cs=0&ds=6&ft=c2YTctGHQPRUZxfusdr~kwPqYldQIKDEE-TerrNqq_45a&mime_type=video_mp4&qs=12&rc=ZzM1PDs0ZjdnPGk8Mzs2NUBpM2k3OGo5cnhpdTMzNGkzM0AxYzYxNi8tNjQxL2JiNjVjYSM0My1nMmRjZWxgLS1kLTBzcw%3D%3D&btag=80000e00028000&cquery=100K_100o_101r_100B_100H&dy_q=1760969609&feature_id=46a7bb47b4fd1280f3d3825bf2b29388&l=20251020221329FF810B6B17C3D024C6A3', 'https://www.douyin.com/aweme/v1/play/?video_id=v0300fg10000crofhufog65gj5046f70&line=0&file_id=f28398e0e92f497d940c21984992f04d&sign=f733bfc9cdec2c0b6d67fdc9b723dd4e&is_play_url=1&source=PackSourceEnum_PUBLISH'], 'width': 576, 'height': 1024, 'url_key': 'v0300fg10000crofhufog65gj5046f70_h264_540p_704813', 'data_size': 16565767, 'file_hash': 'f733bfc9cdec2c0b6d67fdc9b723dd4e', 'file_cs': 'c:0-154899-e379|a:v0300fg10000crofhufog65gj5046f70'}, 'is_h265': 0, 'is_bytevc1': 0, 'HDR_type': '', 'HDR_bit': '', 'FPS': 29, 'video_extra': '{"PktOffsetMap":"[{\\"time\\": 1, \\"offset\\": 300849}, {\\"time\\": 2, \\"offset\\": 361109}, {\\"time\\": 3, \\"offset\\": 415182}, {\\"time\\": 4, \\"offset\\": 489414}, {\\"time\\": 5, \\"offset\\": 567169}, {\\"time\\": 10, \\"offset\\": 950725}]","format":"mp4","definition":"540p","quality":"adapt_low","file_id":"f28398e0e92f497d940c21984992f04d","applog_map":{"feature_id":"46a7bb47b4fd1280f3d3825bf2b29388"},"audio_channels":"2.0","audio_sample_rate":"44100","audio_metrics":null,"audio_score":null}', 'format': 'mp4'}, {'gear_name': 'adapt_lowest_1080_1', 'quality_type': 2, 'bit_rate': 652576, 'play_addr': {'uri': 'v0300fg10000crofhufog65gj5046f70', 'url_list': ['https://v5-dy-o-abtest.zjcdn.com/bf8a4724626bf9a8ad4be7494caa4de3/68f66e75/video/tos/cn/tos-cn-ve-15/oYdAgeeQGCXbLQEDzeIufDQywEMIZcMAC82vHA/?a=6383&ch=10010&cr=3&dr=0&lr=all&cd=0%7C0%7C0%7C3&cv=1&br=637&bt=637&cs=2&ds=4&ft=c2YTctGHQPRUZxfusdr~kwPqYldQIKDEE-TerrNqq_45a&mime_type=video_mp4&qs=15&rc=Mzk2OTtkNWU6OztpPDxmZ0BpM2k3OGo5cnhpdTMzNGkzM0A2LzIxY141NTExNGI2LjEtYSM0My1nMmRjZWxgLS1kLTBzcw%3D%3D&btag=80000e00028000&cquery=100K_100o_101r_100B_100H&dy_q=1760969609&feature_id=c6de0308cacfd993ef282c8e1c646267&l=20251020221329FF810B6B17C3D024C6A3', 'https://v5-dy-o-abtest.zjcdn.com/bf8a4724626bf9a8ad4be7494caa4de3/68f66e75/video/tos/cn/tos-cn-ve-15/oYdAgeeQGCXbLQEDzeIufDQywEMIZcMAC82vHA/?a=6383&ch=10010&cr=3&dr=0&lr=all&cd=0%7C0%7C0%7C3&cv=1&br=637&bt=637&cs=2&ds=4&ft=c2YTctGHQPRUZxfusdr~kwPqYldQIKDEE-TerrNqq_45a&mime_type=video_mp4&qs=15&rc=Mzk2OTtkNWU6OztpPDxmZ0BpM2k3OGo5cnhpdTMzNGkzM0A2LzIxY141NTExNGI2LjEtYSM0My1nMmRjZWxgLS1kLTBzcw%3D%3D&btag=80000e00028000&cquery=101r_100B_100H_100K_100o&dy_q=1760969609&feature_id=c6de0308cacfd993ef282c8e1c646267&l=20251020221329FF810B6B17C3D024C6A3', 'https://www.douyin.com/aweme/v1/play/?video_id=v0300fg10000crofhufog65gj5046f70&line=0&file_id=0d4c1999ef7848478b82aaf846532690&sign=e4a1dce2213a0e30f61eb1b8c9ca1744&is_play_url=1&source=PackSourceEnum_PUBLISH'], 'width': 1080, 'height': 1920, 'url_key': 'v0300fg10000crofhufog65gj5046f70_bytevc1_1080p_652576', 'data_size': 15337998, 'file_hash': 'e4a1dce2213a0e30f61eb1b8c9ca1744', 'file_cs': 'c:0-155989-5ed7'}, 'is_h265': 1, 'is_bytevc1': 1, 'HDR_type': '', 'HDR_bit': '', 'FPS': 29, 'video_extra': '{"PktOffsetMap":"[{\\"time\\": 1, \\"offset\\": 292332}, {\\"time\\": 2, \\"offset\\": 339673}, {\\"time\\": 3, \\"offset\\": 384886}, {\\"time\\": 4, \\"offset\\": 451682}, {\\"time\\": 5, \\"offset\\": 515757}, {\\"time\\": 10, \\"offset\\": 766854}]","format":"mp4","definition":"1080p","quality":"adapt_lowest","file_id":"0d4c1999ef7848478b82aaf846532690","applog_map":{"feature_id":"c6de0308cacfd993ef282c8e1c646267"},"mvmaf":"{\\"mvmaf_sr_v1080\\":-1,\\"mvmaf_sr_v960\\":-1,\\"mvmaf_sr_v864\\":-1,\\"mvmaf_sr_v720\\":-1,\\"mvmaf_ori_v1080\\":90.722,\\"mvmaf_ori_v960\\":91.834,\\"mvmaf_ori_v864\\":92.863,\\"mvmaf_ori_v720\\":93.801}","audio_channels":"2.0","audio_sample_rate":"44100","audio_metrics":null,"audio_score":null}', 'format': 'mp4'}, {'gear_name': 'adapt_lowest_720_1', 'quality_type': 15, 'bit_rate': 475642, 'play_addr': {'uri': 'v0300fg10000crofhufog65gj5046f70', 'url_list': ['https://v5-dy-o-abtest.zjcdn.com/f7eaefeaa60621eebea864074575860a/68f66e75/video/tos/cn/tos-cn-ve-0015c800/o4YD9IcGAeVEEHMLeUb2CgACQZeQjwIIfzyvSM/?a=6383&ch=10010&cr=3&dr=0&lr=all&cd=0%7C0%7C0%7C3&cv=1&br=464&bt=464&cs=2&ds=3&ft=c2YTctGHQPRUZxfusdr~kwPqYldQIKDEE-TerrNqq_45a&mime_type=video_mp4&qs=15&rc=ZmQzZDY3aWg5NGQ7PDM5M0BpM2k3OGo5cnhpdTMzNGkzM0AtMTUyYzEvNjMxXmNgNV5fYSM0My1nMmRjZWxgLS1kLTBzcw%3D%3D&btag=80000e00028000&cquery=100K_100o_101r_100B_100H&dy_q=1760969609&feature_id=c6de0308cacfd993ef282c8e1c646267&l=20251020221329FF810B6B17C3D024C6A3', 'https://v5-dy-o-abtest.zjcdn.com/f7eaefeaa60621eebea864074575860a/68f66e75/video/tos/cn/tos-cn-ve-0015c800/o4YD9IcGAeVEEHMLeUb2CgACQZeQjwIIfzyvSM/?a=6383&ch=10010&cr=3&dr=0&lr=all&cd=0%7C0%7C0%7C3&cv=1&br=464&bt=464&cs=2&ds=3&ft=c2YTctGHQPRUZxfusdr~kwPqYldQIKDEE-TerrNqq_45a&mime_type=video_mp4&qs=15&rc=ZmQzZDY3aWg5NGQ7PDM5M0BpM2k3OGo5cnhpdTMzNGkzM0AtMTUyYzEvNjMxXmNgNV5fYSM0My1nMmRjZWxgLS1kLTBzcw%3D%3D&btag=80000e00028000&cquery=101r_100B_100H_100K_100o&dy_q=1760969609&feature_id=c6de0308cacfd993ef282c8e1c646267&l=20251020221329FF810B6B17C3D024C6A3', 'https://www.douyin.com/aweme/v1/play/?video_id=v0300fg10000crofhufog65gj5046f70&line=0&file_id=b0a680c9f8aa41669e2f44f35a804a0c&sign=132f7d4e22e112cd3ac84a3e8b184720&is_play_url=1&source=PackSourceEnum_PUBLISH'], 'width': 720, 'height': 1280, 'url_key': 'v0300fg10000crofhufog65gj5046f70_bytevc1_720p_475642', 'data_size': 11179384, 'file_hash': '132f7d4e22e112cd3ac84a3e8b184720', 'file_cs': 'c:0-155989-7382'}, 'is_h265': 1, 'is_bytevc1': 1, 'HDR_type': '', 'HDR_bit': '', 'FPS': 29, 'video_extra': '{"PktOffsetMap":"[{\\"time\\": 1, \\"offset\\": 259188}, {\\"time\\": 2, \\"offset\\": 299278}, {\\"time\\": 3, \\"offset\\": 336965}, {\\"time\\": 4, \\"offset\\": 387339}, {\\"time\\": 5, \\"offset\\": 433274}, {\\"time\\": 10, \\"offset\\": 623608}]","format":"mp4","definition":"720p","quality":"adapt_lowest","file_id":"b0a680c9f8aa41669e2f44f35a804a0c","applog_map":{"feature_id":"c6de0308cacfd993ef282c8e1c646267"},"mvmaf":"{\\"mvmaf_sr_v1080\\":95.405,\\"mvmaf_sr_v960\\":96.202,\\"mvmaf_sr_v864\\":97.51,\\"mvmaf_sr_v720\\":98.499,\\"mvmaf_ori_v1080\\":83.954,\\"mvmaf_ori_v960\\":87.497,\\"mvmaf_ori_v864\\":89.444,\\"mvmaf_ori_v720\\":92.577}","audio_channels":"2.0","audio_sample_rate":"44100","audio_metrics":null,"audio_score":null}', 'format': 'mp4'}, {'gear_name': 'adapt_540_1', 'quality_type': 28, 'bit_rate': 422592, 'play_addr': {'uri': 'v0300fg10000crofhufog65gj5046f70', 'url_list': ['https://v5-dy-o-abtest.zjcdn.com/40907d3a9aa29647cb4e162643995c85/68f66e75/video/tos/cn/tos-cn-ve-0015c800/o0fZMLG52DCOQR4zPeIgQHEAYAMAbClEwbe48f/?a=6383&ch=10010&cr=3&dr=0&lr=all&cd=0%7C0%7C0%7C3&cv=1&br=412&bt=412&cs=2&ds=6&ft=c2YTctGHQPRUZxfusdr~kwPqYldQIKDEE-TerrNqq_45a&mime_type=video_mp4&qs=11&rc=NjtkaDhlOTk2Z2Y7Omg7N0BpM2k3OGo5cnhpdTMzNGkzM0AvYDY1MzM2NmMxL2AxMF8xYSM0My1nMmRjZWxgLS1kLTBzcw%3D%3D&btag=80000e00028000&cquery=100H_100K_100o_101r_100B&dy_q=1760969609&feature_id=c6de0308cacfd993ef282c8e1c646267&l=20251020221329FF810B6B17C3D024C6A3', 'https://v5-dy-o-abtest.zjcdn.com/40907d3a9aa29647cb4e162643995c85/68f66e75/video/tos/cn/tos-cn-ve-0015c800/o0fZMLG52DCOQR4zPeIgQHEAYAMAbClEwbe48f/?a=6383&ch=10010&cr=3&dr=0&lr=all&cd=0%7C0%7C0%7C3&cv=1&br=412&bt=412&cs=2&ds=6&ft=c2YTctGHQPRUZxfusdr~kwPqYldQIKDEE-TerrNqq_45a&mime_type=video_mp4&qs=11&rc=NjtkaDhlOTk2Z2Y7Omg7N0BpM2k3OGo5cnhpdTMzNGkzM0AvYDY1MzM2NmMxL2AxMF8xYSM0My1nMmRjZWxgLS1kLTBzcw%3D%3D&btag=80000e00028000&cquery=100H_100K_100o_101r_100B&dy_q=1760969609&feature_id=c6de0308cacfd993ef282c8e1c646267&l=20251020221329FF810B6B17C3D024C6A3', 'https://www.douyin.com/aweme/v1/play/?video_id=v0300fg10000crofhufog65gj5046f70&line=0&file_id=44b83e47c82c4df396966b658e9ac823&sign=e0df8a45e69c0d1c4da377dd7a1b04d0&is_play_url=1&source=PackSourceEnum_PUBLISH'], 'width': 576, 'height': 1024, 'url_key': 'v0300fg10000crofhufog65gj5046f70_bytevc1_540p_422592', 'data_size': 9932516, 'file_hash': 'e0df8a45e69c0d1c4da377dd7a1b04d0', 'file_cs': 'c:0-155989-df66'}, 'is_h265': 1, 'is_bytevc1': 1, 'HDR_type': '', 'HDR_bit': '', 'FPS': 29, 'video_extra': '{"PktOffsetMap":"[{\\"time\\": 1, \\"offset\\": 248950}, {\\"time\\": 2, \\"offset\\": 285522}, {\\"time\\": 3, \\"offset\\": 320799}, {\\"time\\": 4, \\"offset\\": 366143}, {\\"time\\": 5, \\"offset\\": 407411}, {\\"time\\": 10, \\"offset\\": 579201}]","format":"mp4","definition":"540p","quality":"adapt","file_id":"44b83e47c82c4df396966b658e9ac823","applog_map":{"feature_id":"c6de0308cacfd993ef282c8e1c646267"},"mvmaf":"{\\"mvmaf_sr_v1080\\":92.796,\\"mvmaf_sr_v960\\":95.076,\\"mvmaf_sr_v864\\":95.141,\\"mvmaf_sr_v720\\":97.412,\\"mvmaf_ori_v1080\\":80.417,\\"mvmaf_ori_v960\\":83.654,\\"mvmaf_ori_v864\\":86.332,\\"mvmaf_ori_v720\\":88.761}","audio_channels":"2.0","audio_sample_rate":"44100","audio_metrics":null,"audio_score":null}', 'format': 'mp4'}, {'gear_name': 'adapt_lowest_1080_1', 'quality_type': 2, 'bit_rate': 599575, 'play_addr': {'uri': 'v0300fg10000crofhufog65gj5046f70', 'url_list': ['https://v5-dy-o-abtest.zjcdn.com/308345bda505903cba55866d436fb14b/68f795c5/video/tos/cn/tos-cn-vd-0026/ogQbwAGMRCEIAHCTeDAAAOALEfezCceH04Z2Mu/media-video-hvc1/?a=6383&ch=0&cr=8&dr=0&er=1&lr=default&cd=0%7C0%7C0%7C3&cv=1&br=585&bt=585&cs=4&ds=4&mime_type=video_mp4&qs=15&rc=PDs3ODY8ODNkZjwzZGRlNkBpM2k3OGo5cnhpdTMzNGkzM0AzLWEzYC0zXjIxMC0wNi5hYSM0My1nMmRjZWxgLS1kLTBzcw%3D%3D&btag=80000e00028000&cquery=101r_100o&dy_q=1760969609&l=20251020221329FF810B6B17C3D024C6A3', 'https://v5-dy-o-abtest.zjcdn.com/308345bda505903cba55866d436fb14b/68f795c5/video/tos/cn/tos-cn-vd-0026/ogQbwAGMRCEIAHCTeDAAAOALEfezCceH04Z2Mu/media-video-hvc1/?a=6383&ch=0&cr=8&dr=0&er=1&lr=default&cd=0%7C0%7C0%7C3&cv=1&br=585&bt=585&cs=4&ds=4&mime_type=video_mp4&qs=15&rc=PDs3ODY8ODNkZjwzZGRlNkBpM2k3OGo5cnhpdTMzNGkzM0AzLWEzYC0zXjIxMC0wNi5hYSM0My1nMmRjZWxgLS1kLTBzcw%3D%3D&btag=80000e00028000&cquery=100o_101r&dy_q=1760969609&l=20251020221329FF810B6B17C3D024C6A3', 'https://www.douyin.com/aweme/v1/play/dash/?video_id=v0300fg10000crofhufog65gj5046f70&line=0&file_id=d31b9a3a00394c5aa06509c365d40869&sign=df2b92965321532e56501143df18c96d&is_play_url=1&source=PackSourceEnum_PUBLISH'], 'width': 1080, 'height': 1920, 'url_key': 'v0300fg10000crofhufog65gj5046f70_bytevc1_1080p_599575', 'data_size': 14084992, 'file_hash': 'df2b92965321532e56501143df18c96d'}, 'is_h265': 1, 'is_bytevc1': 1, 'HDR_type': '', 'HDR_bit': '', 'FPS': 29, 'video_extra': '{"PktOffsetMap":"","format":"dash","sub_info":"{\\"audio_channels\\":\\"2.0\\",\\"audio_layout\\":\\"C\\",\\"audio_sample_rate\\":\\"44100\\",\\"base_range_info\\":{\\"first_moof_range\\":\\"1516-3295\\",\\"index_range\\":\\"1148-1515\\",\\"init_range\\":\\"0-1147\\"},\\"check_info\\":{\\"check_info\\":\\"a:v0300fg10000crofhufog65gj5046f70|b:0-1515-655c6df3d44d75d7b7a49ac67b0cd4f7|c:0-1515-39c1\\"},\\"gear_des_key\\":\\"0:DASH|1:normal|2:h265_hvc1|4:1080p|5:adapt_lowest|10000:105\\",\\"quality_type\\":2}","definition":"1080p","quality":"adapt_lowest","quality_desc":"","file_id":"d31b9a3a00394c5aa06509c365d40869","real_bitrate":649345,"audio_file_id":"6fc6dc70bbdca4f25928f0e999e5c17f","applog_map":{"feature_id":"c6de0308cacfd993ef282c8e1c646267"},"mvmaf":"{\\"mvmaf_sr_v1080\\":-1,\\"mvmaf_sr_v960\\":-1,\\"mvmaf_sr_v864\\":-1,\\"mvmaf_sr_v720\\":-1,\\"mvmaf_ori_v1080\\":90.722,\\"mvmaf_ori_v960\\":91.834,\\"mvmaf_ori_v864\\":92.863,\\"mvmaf_ori_v720\\":93.801}","audio_metrics":null,"audio_score":null}', 'format': 'dash'}, {'gear_name': 'adapt_lowest_720_1', 'quality_type': 15, 'bit_rate': 422606, 'play_addr': {'uri': 'v0300fg10000crofhufog65gj5046f70', 'url_list': ['https://v5-dy-o-abtest.zjcdn.com/dbe566e5064cf4c20b3a7b1d785f8c8b/68f795c5/video/tos/cn/tos-cn-ve-0015c800/o4HCHHGvLAezwx8bA2NcAEMDZCERAMAeAbfQfI/media-video-hvc1/?a=6383&ch=0&cr=8&dr=0&er=1&lr=default&cd=0%7C0%7C0%7C3&cv=1&br=412&bt=412&cs=4&ds=3&mime_type=video_mp4&qs=15&rc=OjhkNztlZGVkaDhoaDNlaUBpM2k3OGo5cnhpdTMzNGkzM0AwMV8zLTUuNTIxYTNiNGE2YSM0My1nMmRjZWxgLS1kLTBzcw%3D%3D&btag=80000e00028000&cquery=101r_100o&dy_q=1760969609&l=20251020221329FF810B6B17C3D024C6A3', 'https://v5-dy-o-abtest.zjcdn.com/dbe566e5064cf4c20b3a7b1d785f8c8b/68f795c5/video/tos/cn/tos-cn-ve-0015c800/o4HCHHGvLAezwx8bA2NcAEMDZCERAMAeAbfQfI/media-video-hvc1/?a=6383&ch=0&cr=8&dr=0&er=1&lr=default&cd=0%7C0%7C0%7C3&cv=1&br=412&bt=412&cs=4&ds=3&mime_type=video_mp4&qs=15&rc=OjhkNztlZGVkaDhoaDNlaUBpM2k3OGo5cnhpdTMzNGkzM0AwMV8zLTUuNTIxYTNiNGE2YSM0My1nMmRjZWxgLS1kLTBzcw%3D%3D&btag=80000e00028000&cquery=101r_100o&dy_q=1760969609&l=20251020221329FF810B6B17C3D024C6A3', 'https://www.douyin.com/aweme/v1/play/dash/?video_id=v0300fg10000crofhufog65gj5046f70&line=0&file_id=9fdb70ee6ed54e5a8b1a8b0864ba4537&sign=3329b1392309a0c203dc2ea78472f80c&is_play_url=1&source=PackSourceEnum_PUBLISH'], 'width': 720, 'height': 1280, 'url_key': 'v0300fg10000crofhufog65gj5046f70_bytevc1_720p_422606', 'data_size': 9927697, 'file_hash': '3329b1392309a0c203dc2ea78472f80c'}, 'is_h265': 1, 'is_bytevc1': 1, 'HDR_type': '', 'HDR_bit': '', 'FPS': 29, 'video_extra': '{"PktOffsetMap":"","format":"dash","sub_info":"{\\"audio_channels\\":\\"2.0\\",\\"audio_layout\\":\\"C\\",\\"audio_sample_rate\\":\\"44100\\",\\"base_range_info\\":{\\"first_moof_range\\":\\"1516-3295\\",\\"index_range\\":\\"1148-1515\\",\\"init_range\\":\\"0-1147\\"},\\"check_info\\":{\\"check_info\\":\\"a:v0300fg10000crofhufog65gj5046f70|b:0-1515-f8338b44631dafb3ce148caf768ca586|c:0-1515-3319\\"},\\"gear_des_key\\":\\"0:DASH|1:normal|2:h265_hvc1|4:720p|5:adapt_lowest|10000:105\\",\\"quality_type\\":15}","definition":"720p","quality":"adapt_lowest","quality_desc":"","file_id":"9fdb70ee6ed54e5a8b1a8b0864ba4537","real_bitrate":472376,"audio_file_id":"6fc6dc70bbdca4f25928f0e999e5c17f","applog_map":{"feature_id":"c6de0308cacfd993ef282c8e1c646267"},"mvmaf":"{\\"mvmaf_sr_v1080\\":95.405,\\"mvmaf_sr_v960\\":96.202,\\"mvmaf_sr_v864\\":97.51,\\"mvmaf_sr_v720\\":98.499,\\"mvmaf_ori_v1080\\":83.954,\\"mvmaf_ori_v960\\":87.497,\\"mvmaf_ori_v864\\":89.444,\\"mvmaf_ori_v720\\":92.577}","audio_metrics":null,"audio_score":null}', 'format': 'dash'}, {'gear_name': 'adapt_540_1', 'quality_type': 28, 'bit_rate': 369529, 'play_addr': {'uri': 'v0300fg10000crofhufog65gj5046f70', 'url_list': ['https://v5-dy-o-abtest.zjcdn.com/4c6568a72633f8d6f7f7cb3d89b6645d/68f795c5/video/tos/cn/tos-cn-vd-0026/oIQbwAGMRCEIAHCueDAAAQALEfezHceHbPZ2MY/media-video-hvc1/?a=6383&ch=0&cr=8&dr=0&er=1&lr=default&cd=0%7C0%7C0%7C3&cv=1&br=360&bt=360&cs=4&ds=6&mime_type=video_mp4&qs=11&rc=NmU3aGVpODg7ZDVnNTs3aEBpM2k3OGo5cnhpdTMzNGkzM0AzMjQuNmMvNjAxXzRhXjYwYSM0My1nMmRjZWxgLS1kLTBzcw%3D%3D&btag=80000e00028000&cquery=101r_100o&dy_q=1760969609&l=20251020221329FF810B6B17C3D024C6A3', 'https://v5-dy-o-abtest.zjcdn.com/4c6568a72633f8d6f7f7cb3d89b6645d/68f795c5/video/tos/cn/tos-cn-vd-0026/oIQbwAGMRCEIAHCueDAAAQALEfezHceHbPZ2MY/media-video-hvc1/?a=6383&ch=0&cr=8&dr=0&er=1&lr=default&cd=0%7C0%7C0%7C3&cv=1&br=360&bt=360&cs=4&ds=6&mime_type=video_mp4&qs=11&rc=NmU3aGVpODg7ZDVnNTs3aEBpM2k3OGo5cnhpdTMzNGkzM0AzMjQuNmMvNjAxXzRhXjYwYSM0My1nMmRjZWxgLS1kLTBzcw%3D%3D&btag=80000e00028000&cquery=100o_101r&dy_q=1760969609&l=20251020221329FF810B6B17C3D024C6A3', 'https://www.douyin.com/aweme/v1/play/dash/?video_id=v0300fg10000crofhufog65gj5046f70&line=0&file_id=3e94a8d27db24a389525ff9b1e745b63&sign=4080af680ce83dd05f61376508f35c98&is_play_url=1&source=PackSourceEnum_PUBLISH'], 'width': 576, 'height': 1024, 'url_key': 'v0300fg10000crofhufog65gj5046f70_bytevc1_540p_369529', 'data_size': 8680829, 'file_hash': '4080af680ce83dd05f61376508f35c98'}, 'is_h265': 1, 'is_bytevc1': 1, 'HDR_type': '', 'HDR_bit': '', 'FPS': 29, 'video_extra': '{"PktOffsetMap":"","format":"dash","sub_info":"{\\"audio_channels\\":\\"2.0\\",\\"audio_layout\\":\\"C\\",\\"audio_sample_rate\\":\\"44100\\",\\"base_range_info\\":{\\"first_moof_range\\":\\"1516-3295\\",\\"index_range\\":\\"1148-1515\\",\\"init_range\\":\\"0-1147\\"},\\"check_info\\":{\\"check_info\\":\\"a:v0300fg10000crofhufog65gj5046f70|b:0-1515-0b657c3555810e7150d8f53de9e81f44|c:0-1515-0981\\"},\\"gear_des_key\\":\\"0:DASH|1:normal|2:h265_hvc1|4:540p|5:adapt|10000:105\\",\\"quality_type\\":28}","definition":"540p","quality":"adapt","quality_desc":"","file_id":"3e94a8d27db24a389525ff9b1e745b63","real_bitrate":422592,"audio_file_id":"6fc6dc70bbdca4f25928f0e999e5c17f","applog_map":{"feature_id":"c6de0308cacfd993ef282c8e1c646267"},"mvmaf":"{\\"mvmaf_sr_v1080\\":92.796,\\"mvmaf_sr_v960\\":95.076,\\"mvmaf_sr_v864\\":95.141,\\"mvmaf_sr_v720\\":97.412,\\"mvmaf_ori_v1080\\":80.417,\\"mvmaf_ori_v960\\":83.654,\\"mvmaf_ori_v864\\":86.332,\\"mvmaf_ori_v720\\":88.761}","audio_metrics":null,"audio_score":null}', 'format': 'dash'}], 'duration': 188030, 'play_addr_265': {'uri': 'v0300fg10000crofhufog65gj5046f70', 'url_list': ['https://v5-dy-o-abtest.zjcdn.com/40907d3a9aa29647cb4e162643995c85/68f66e75/video/tos/cn/tos-cn-ve-0015c800/o0fZMLG52DCOQR4zPeIgQHEAYAMAbClEwbe48f/?a=6383&ch=10010&cr=3&dr=0&lr=all&cd=0%7C0%7C0%7C3&cv=1&br=412&bt=412&cs=2&ds=6&ft=c2YTctGHQPRUZxfusdr~kwPqYldQIKDEE-TerrNqq_45a&mime_type=video_mp4&qs=11&rc=NjtkaDhlOTk2Z2Y7Omg7N0BpM2k3OGo5cnhpdTMzNGkzM0AvYDY1MzM2NmMxL2AxMF8xYSM0My1nMmRjZWxgLS1kLTBzcw%3D%3D&btag=80000e00028000&cquery=100H_100K_100o_101r_100B&dy_q=1760969609&feature_id=c6de0308cacfd993ef282c8e1c646267&l=20251020221329FF810B6B17C3D024C6A3', 'https://v5-dy-o-abtest.zjcdn.com/40907d3a9aa29647cb4e162643995c85/68f66e75/video/tos/cn/tos-cn-ve-0015c800/o0fZMLG52DCOQR4zPeIgQHEAYAMAbClEwbe48f/?a=6383&ch=10010&cr=3&dr=0&lr=all&cd=0%7C0%7C0%7C3&cv=1&br=412&bt=412&cs=2&ds=6&ft=c2YTctGHQPRUZxfusdr~kwPqYldQIKDEE-TerrNqq_45a&mime_type=video_mp4&qs=11&rc=NjtkaDhlOTk2Z2Y7Omg7N0BpM2k3OGo5cnhpdTMzNGkzM0AvYDY1MzM2NmMxL2AxMF8xYSM0My1nMmRjZWxgLS1kLTBzcw%3D%3D&btag=80000e00028000&cquery=100H_100K_100o_101r_100B&dy_q=1760969609&feature_id=c6de0308cacfd993ef282c8e1c646267&l=20251020221329FF810B6B17C3D024C6A3', 'https://www.douyin.com/aweme/v1/play/?video_id=v0300fg10000crofhufog65gj5046f70&line=0&file_id=44b83e47c82c4df396966b658e9ac823&sign=e0df8a45e69c0d1c4da377dd7a1b04d0&is_play_url=1&source=PackSourceEnum_PUBLISH'], 'width': 576, 'height': 1024, 'url_key': 'v0300fg10000crofhufog65gj5046f70_bytevc1_540p_422592', 'data_size': 9932516, 'file_hash': 'e0df8a45e69c0d1c4da377dd7a1b04d0', 'file_cs': 'c:0-155989-df66'}, 'bit_rate_audio': [{'audio_meta': {'url_list': {'main_url': 'https://v5-dy-o-abtest.zjcdn.com/dacf2016bfbe8d5b3bd65884e19b725d/68f795c5/video/tos/cn/tos-cn-vd-0026/ogQbwAGMRCEIAHCTeDAAAOALEfezCceH04Z2Mu/media-audio-und-mp4a/?a=6383&ch=0&cr=8&dr=0&er=1&lr=default&cd=0%7C0%7C0%7C3&cv=1&br=48&bt=48&cs=4&mime_type=video_mp4&qs=15&rc=aTQ4PDwzOzw1N2ZlM2Y5aUBpM2k3OGo5cnhpdTMzNGkzM0A0YGI2YmMvMmNeYV80YWAzYSM0My1nMmRjZWxgLS1kLTBzcw%3D%3D&btag=80000e00028000&cquery=100o_101r&dy_q=1760969609&l=20251020221329FF810B6B17C3D024C6A3', 'backup_url': 'https://v5-dy-o-abtest.zjcdn.com/dacf2016bfbe8d5b3bd65884e19b725d/68f795c5/video/tos/cn/tos-cn-vd-0026/ogQbwAGMRCEIAHCTeDAAAOALEfezCceH04Z2Mu/media-audio-und-mp4a/?a=6383&ch=0&cr=8&dr=0&er=1&lr=default&cd=0%7C0%7C0%7C3&cv=1&br=48&bt=48&cs=4&mime_type=video_mp4&qs=15&rc=aTQ4PDwzOzw1N2ZlM2Y5aUBpM2k3OGo5cnhpdTMzNGkzM0A0YGI2YmMvMmNeYV80YWAzYSM0My1nMmRjZWxgLS1kLTBzcw%3D%3D&btag=80000e00028000&cquery=101r_100o&dy_q=1760969609&l=20251020221329FF810B6B17C3D024C6A3', 'fallback_url': 'https://www.douyin.com/aweme/v1/play/dash/?video_id=v0300fg10000crofhufog65gj5046f70&line=0&file_id=6fc6dc70bbdca4f25928f0e999e5c17f&sign=6fc6dc70bbdca4f25928f0e999e5c17f&is_play_url=1&source=PackSourceEnum_PUBLISH'}, 'encoded_type': 'normal', 'media_type': 'audio', 'logo_type': '', 'quality': 'adapt_lowest', 'quality_desc': '', 'format': 'dash', 'bitrate': 49770, 'codec_type': 'bytevc1', 'size': 1169765, 'fps': 0, 'file_id': '6fc6dc70bbdca4f25928f0e999e5c17f', 'file_hash': '6fc6dc70bbdca4f25928f0e999e5c17f', 'sub_info': '{"audio_channels":"2.0","audio_layout":"C","audio_sample_rate":"44100","base_range_info":{"index_range":"866-1245","init_range":"0-865"},"check_info":{"check_info":"a:v0300fg10000crofhufog65gj5046f70|b:0-1245-a3fd441bc4ffe9c99a0fde019fa91fa4|c:0-1245-228b"},"gear_des_key":"0:dash|1:normal|2:bytevc1|5:adapt_lowest|10000:105"}'}, 'audio_quality': 5, 'audio_extra': '{"real_bitrate":652576}'}], 'play_addr_h264': {'uri': 'v0300fg10000crofhufog65gj5046f70', 'url_list': ['https://v5-dy-o-abtest.zjcdn.com/36704a7df559a00e9735dd5e8e8ae6b8/68f66e75/video/tos/cn/tos-cn-ve-15/owghRBCS2eEwA9GbZLfLe8BQ4HCDzInAMMfWEF/?a=6383&ch=10010&cr=3&dr=0&lr=all&cd=0%7C0%7C0%7C3&cv=1&br=1125&bt=1125&cs=0&ds=3&ft=c2YTctGHQPRUZxfusdr~kwPqYldQIKDEE-TerrNqq_45a&mime_type=video_mp4&qs=0&rc=ZzQ5Nzs1NTw7PDxpZDQ1ZkBpM2k3OGo5cnhpdTMzNGkzM0BfLTExYi5fNjIxMmE1Ll8zYSM0My1nMmRjZWxgLS1kLTBzcw%3D%3D&btag=80000e00028000&cquery=100B_100H_100K_100o_101r&dy_q=1760969609&feature_id=2e1813f3872a2105acee44623dff2864&l=20251020221329FF810B6B17C3D024C6A3', 'https://v5-dy-o-abtest.zjcdn.com/36704a7df559a00e9735dd5e8e8ae6b8/68f66e75/video/tos/cn/tos-cn-ve-15/owghRBCS2eEwA9GbZLfLe8BQ4HCDzInAMMfWEF/?a=6383&ch=10010&cr=3&dr=0&lr=all&cd=0%7C0%7C0%7C3&cv=1&br=1125&bt=1125&cs=0&ds=3&ft=c2YTctGHQPRUZxfusdr~kwPqYldQIKDEE-TerrNqq_45a&mime_type=video_mp4&qs=0&rc=ZzQ5Nzs1NTw7PDxpZDQ1ZkBpM2k3OGo5cnhpdTMzNGkzM0BfLTExYi5fNjIxMmE1Ll8zYSM0My1nMmRjZWxgLS1kLTBzcw%3D%3D&btag=80000e00028000&cquery=100K_100o_101r_100B_100H&dy_q=1760969609&feature_id=2e1813f3872a2105acee44623dff2864&l=20251020221329FF810B6B17C3D024C6A3', 'https://www.douyin.com/aweme/v1/play/?video_id=v0300fg10000crofhufog65gj5046f70&line=0&file_id=6cb2118adf59495899b212e8444601bd&sign=fdb3aff50715d9865a6d24fa24925ff7&is_play_url=1&source=PackSourceEnum_PUBLISH'], 'width': 720, 'height': 1280, 'url_key': 'v0300fg10000crofhufog65gj5046f70_h264_720p_1152077', 'data_size': 27078142, 'file_hash': 'fdb3aff50715d9865a6d24fa24925ff7', 'file_cs': 'c:0-205017-00f3'}, 'raw_cover': {'uri': 'tos-cn-i-dy/a6b95c29d8f747da9a8fa07a60e8f447', 'url_list': ['https://p3-pc-sign.douyinpic.com/tos-cn-i-dy/a6b95c29d8f747da9a8fa07a60e8f447~tplv-dy-cropcenter:323:430.jpeg?lk3s=138a59ce&x-expires=2076328800&x-signature=6J2QVpcxmCQ5%2BZfI2fLj15GanPQ%3D&from=327834062&s=PackSourceEnum_PUBLISH&se=true&sh=323_430&sc=cover&biz_tag=pcweb_cover&l=20251020221329FF810B6B17C3D024C6A3', 'https://p3-pc-sign.douyinpic.com/obj/tos-cn-i-dy/a6b95c29d8f747da9a8fa07a60e8f447?lk3s=138a59ce&x-expires=2076328800&x-signature=hAhXGCuyJWfuaovCfOddlqYtVxs%3D&from=327834062&s=PackSourceEnum_PUBLISH&se=false&sc=cover&biz_tag=pcweb_cover&l=20251020221329FF810B6B17C3D024C6A3'], 'width': 720, 'height': 720}, 'is_long_video': 1, 'animated_cover': {'uri': 'tos-cn-i-dy/a6b95c29d8f747da9a8fa07a60e8f447', 'url_list': ['https://p3-pc-sign.douyinpic.com/obj/tos-cn-i-dy/a6b95c29d8f747da9a8fa07a60e8f447?lk3s=138a59ce&x-expires=1762178400&x-signature=mYPrAH%2FzRcmYB6rYuYcdAavOyUs%3D&from=327834062_large&s=PackSourceEnum_PUBLISH&se=false&sc=dynamic_cover&biz_tag=pcweb_cover&l=20251020221329FF810B6B17C3D024C6A3', 'https://p9-pc-sign.douyinpic.com/obj/tos-cn-i-dy/a6b95c29d8f747da9a8fa07a60e8f447?lk3s=138a59ce&x-expires=1762178400&x-signature=CD8Hn4%2BuDnOeNTnnTD9m0ZDKMYo%3D&from=327834062_large&s=PackSourceEnum_PUBLISH&se=false&sc=dynamic_cover&biz_tag=pcweb_cover&l=20251020221329FF810B6B17C3D024C6A3']}, 'gaussian_cover': {'uri': 'tos-cn-p-0015/oUtzHEGxBQ5ImSfCfebDhMSEwAggMZe8AAyWn2', 'url_list': ['https://p3-pc-sign.douyinpic.com/tos-cn-p-0015/oUtzHEGxBQ5ImSfCfebDhMSEwAggMZe8AAyWn2~tplv-tsj2vxp0zn-gaosi:40.jpeg?lk3s=138a59ce&x-expires=1792504800&x-signature=nrZdKeToB3lFFAy1pYTS25Q8%2FCE%3D&from=327834062', 'https://p9-pc-sign.douyinpic.com/tos-cn-p-0015/oUtzHEGxBQ5ImSfCfebDhMSEwAggMZe8AAyWn2~tplv-tsj2vxp0zn-gaosi:40.jpeg?lk3s=138a59ce&x-expires=1792504800&x-signature=FwGHtsxdSpuzrsC2qi6c7vllbY8%3D&from=327834062'], 'width': 720, 'height': 720}, 'meta': '{"enable_manual_ladder":"1","format":"mp4","gear_vqm":"{\\"1080p_720p\\":2,\\"720p_540p\\":0}","hrids":"500000002","is_spatial_video":"0","isad":"0","loudness":"-31.7","peak":"0.63826","qprf":"1.000","sdgs":"[\\"normal_720_0\\",\\"low_720_0\\",\\"low_540_0\\",\\"adapt_low_540_0\\",\\"adapt_lowest_1080_1\\",\\"adapt_lowest_720_1\\",\\"adapt_540_1\\"]","sr_score":"1.000","strategy_tokens":"[\\"online\\",\\"strategy_iteration_ab01_0927\\",\\"strategy_iteration_ab02_0927\\"]","title_info":"{\\"bottom_res_add\\":[0,0,0,0,26.68,59.91,7.27,0,0,0,0,0,0,0,0],\\"bullet_zone\\":9.41,\\"progress_bar\\":[25.55,54.79,80.96],\\"ratio_br_l\\":[0,0,0,0,0,0],\\"ratio_edge_l\\":[0,0.02,0.13,0.15,0.12,0.13],\\"top_res_add\\":[0,0,11,39.54,35.73,2.18,0.64],\\"version\\":\\"v1.0\\"}","volume_info":"{\\"MaximumShortTermLoudness\\":-25.7,\\"Peak\\":0.63826,\\"Version\\":2,\\"Loudness\\":-31.7,\\"LoudnessRangeEnd\\":-29.9,\\"MaximumMomentaryLoudness\\":-19.3,\\"Metrics\\":{\\"Phase\\":{\\"RMSDownmixDiff\\":-0.123},\\"RMSStats\\":{\\"Peak\\":-3.939,\\"RTotal\\":-36.198,\\"LRDiff\\":0.032,\\"LTotal\\":-36.167},\\"Version\\":\\"1.4.2\\",\\"Loudness\\":{\\"Integrated\\":-31.745}},\\"LoudnessRange\\":8.4,\\"LoudnessRangeStart\\":-38.3}","vqs_origin":"0"}', 'video_model': '', 'is_source_HDR': 0, 'use_static_cover': True, 'big_thumbs': [{'img_num': 63, 'uri': 'tos-cn-p-0015/oE8yefzMwECWI4xBUAZvEeAd5yHATb6gMD2hQf', 'img_url': 'https://p26-sign.douyinpic.com/tos-cn-p-0015/oE8yefzMwECWI4xBUAZvEeAd5yHATb6gMD2hQf~tplv-noop.image?cquery=100o_101r_100B_100H_100K&dy_q=1760969609&l=20251020221329FF810B6B17C3D024C6A3&x-expires=1760980597&x-signature=uP0akS9STHiuXAx2YEoIs6zW%2Bpg%3D', 'img_x_size': 136, 'img_y_size': 240, 'img_x_len': 5, 'img_y_len': 5, 'duration': 187.90665, 'interval': 3.003, 'fext': 'jpg', 'uris': ['tos-cn-p-0015/oE8yefzMwECWI4xBUAZvEeAd5yHATb6gMD2hQf', 'tos-cn-p-0015/ogZbeKHE3AoCK2GMAgL4w8MGzeQ8MmfICDEfhg', 'tos-cn-p-0015/osewefzMwECLEccQDQM5C0AdeZHATbtQGD2hIX'], 'img_urls': ['https://p26-sign.douyinpic.com/tos-cn-p-0015/oE8yefzMwECWI4xBUAZvEeAd5yHATb6gMD2hQf~tplv-noop.image?cquery=100o_101r_100B_100H_100K&dy_q=1760969609&l=20251020221329FF810B6B17C3D024C6A3&x-expires=1760980597&x-signature=uP0akS9STHiuXAx2YEoIs6zW%2Bpg%3D', 'https://p26-sign.douyinpic.com/tos-cn-p-0015/ogZbeKHE3AoCK2GMAgL4w8MGzeQ8MmfICDEfhg~tplv-noop.image?cquery=100o_101r_100B_100H_100K&dy_q=1760969609&l=20251020221329FF810B6B17C3D024C6A3&x-expires=1760980597&x-signature=C%2FhFiKopgooCvBzqL1pkGGWY3mc%3D', 'https://p26-sign.douyinpic.com/tos-cn-p-0015/osewefzMwECLEccQDQM5C0AdeZHATbtQGD2hIX~tplv-noop.image?cquery=101r_100B_100H_100K_100o&dy_q=1760969609&l=20251020221329FF810B6B17C3D024C6A3&x-expires=1760980597&x-signature=wH9TY3vcwVlnju5D0zah28b%2Fn6w%3D']}]}, 'item_aigc_follow_shot': 1, 'user_digged': 0, 'statistics': {'recommend_count': 9, 'comment_count': 6, 'digg_count': 132, 'admire_count': 0, 'play_count': 0, 'share_count': 31, 'collect_count': 68}, 'status': {'not_allow_soft_del_reason': 'ab', 'is_delete': False, 'allow_share': True, 'review_result': {'review_status': 0}, 'allow_friend_recommend_guide': True, 'part_see': 0, 'private_status': 0, 'listen_video_status': 2, 'in_reviewing': False, 'allow_self_recommend_to_friend': True, 'allow_friend_recommend': True, 'is_prohibited': False, 'enable_soft_delete': 0}, 'flash_mob_trends': 0, 'text_extra': [{'start': 13, 'end': 18, 'type': 1, 'hashtag_name': '幼儿教育', 'hashtag_id': '1591352385275918', 'is_commerce': False, 'caption_start': 13, 'caption_end': 18}, {'start': 19, 'end': 22, 'type': 1, 'hashtag_name': '育儿', 'hashtag_id': '1767586940916743', 'is_commerce': False, 'caption_start': 19, 'caption_end': 22}, {'start': 23, 'end': 28, 'type': 1, 'hashtag_name': '家庭教育', 'hashtag_id': '1767586804947975', 'is_commerce': False, 'caption_start': 23, 'caption_end': 28}, {'start': 29, 'end': 34, 'type': 1, 'hashtag_name': '亲子关系', 'hashtag_id': '1595199377513476', 'is_commerce': False, 'caption_start': 29, 'caption_end': 34}, {'start': 35, 'end': 40, 'type': 1, 'hashtag_name': '父母课堂', 'hashtag_id': '1600624540786695', 'is_commerce': False, 'caption_start': 35, 'caption_end': 40}], 'is_top': 0, 'mv_info': None, 'share_info': {'share_url': 'https://www.iesdouyin.com/share/video/7417702421692009780/?region=US&mid=7417702217458780940&u_code=0&did=MS4wLjABAAAAvCMmrvAxedjvycgJ9K0iX5KdtDHpyq-etIWoeicy6xniB0XMxRYv3S-CyP_GdsPs&iid=MS4wLjABAAAANwkJuWIRFOzg5uCpDRpMj4OX-QryoDgn-yYlXQnRwQQ&with_sec_did=1&video_share_track_ver=&titleType=title&share_sign=n.r0kxYpr5IOwh.OiQSYxmubRxkFvEUsOzPs881Cka0-&share_version=290100&ts=1760969609&from_aid=6383&from_ssr=1&share_track_info=%7B%22link_description_type%22%3A%22%22%7D', 'share_link_desc': '6.10 x@s.rr 12/25 Atr:/ 真正的爱既滋养我也滋养你 # 幼儿教育 # 育儿 # 家庭教育 # 亲子关系 # 父母课堂  %s 复制此链接，打开Dou音搜索，直接观看视频！'}, 'caption_template_id': 0, 'video_labels': None, 'shoot_way': '', 'is_ads': False, 'duration': 188030, 'aweme_type': 0, 'is_new_text_mode': 0, 'ai_follow_images': None, 'image_infos': None, 'risk_infos': {'vote': False, 'warn': False, 'risk_sink': False, 'type': 0, 'content': ''}, 'entertainment_video_type': 3, 'chapter_bar_color': None, 'position': None, 'uniqid_position': None, 'comment_list': None, 'author_user_id': 1965574329213736, 'product_genre_info': {'product_genre_type': 2, 'material_genre_sub_type_set': [4], 'special_info': {'recommend_group_name': 0}}, 'geofencing': [], 'is_from_ad_auth': False, 'is_moment_story': 0, 'region': '', 'video_text': None, 'video_share_edit_status': 0, 'collect_stat': 0, 'label_top_text': None, 'promotions': [], 'group_id': '7406522943875927335', 'prevent_download': False, 'nickname_position': None, 'challenge_position': None, 'trends_event_track': '{}', 'enable_comment_sticker_rec': False, 'mark_largely_following': False, 'long_video': None, 'aweme_listen_struct': {'trace_info': '{"copyright_not_speech":"false","copyright_reason":"has_listen_cp_new","copyright_tag_hit":"","copyright_use_aed_default":"false","copyright_use_tag_default":"false","cp_ab":"true","desc":"","duration_over":"true","hit_high_risk":"false","media_type":"4","reason":"hit_ab_0","show":"false"}'}, 'component_control': {'data_source_url': '/aweme/v1/web/aweme/post/'}, 'friend_recommend_info': {'friend_recommend_source': 10, 'label_user_list': None, 'disable_friend_recommend_guide_label': False}, 'nearby_hot_comment': None, 'interaction_stickers': None, 'can_cache_to_local': True, 'origin_comment_ids': None, 'commerce_config_data': None, 'douplus_user_type': 0, 'video_control': {'allow_download': False, 'share_type': 0, 'show_progress_bar': 1, 'draft_progress_bar': 1, 'allow_duet': True, 'allow_react': False, 'prevent_download_type': 2, 'allow_dynamic_wallpaper': False, 'timer_status': 1, 'allow_music': True, 'allow_stitch': False, 'allow_douplus': True, 'allow_share': True, 'share_grayed': False, 'download_ignore_visibility': False, 'duet_ignore_visibility': False, 'share_ignore_visibility': False, 'download_info': {'level': 1, 'fail_info': {'code': 290002, 'reason': 'isolation_content', 'msg': '视频暂时无法保存，链接已复制'}}, 'duet_info': {'level': 2, 'fail_info': {'code': 100014, 'reason': 'video_duration'}}, 'allow_record': True, 'disable_record_reason': '', 'timer_info': {'public_time': 1727946000, 'timer_status': 0}}, 'aweme_control': {'can_forward': True, 'can_share': True, 'can_comment': True, 'can_show_comment': True}, 'interest_points': None, 'is_25_story': 0, 'aweme_type_tags': '', 'entertainment_video_paid_way': {'paid_ways': [], 'paid_type': 0, 'enable_use_new_ent_data': False}, 'anchors': None, 'hybrid_label': None, 'geofencing_regions': None, 'select_anchor_expanded_content': 0, 'aweme_acl': {'download_mask_panel': {'code': 1, 'show_type': 0}}, 'ent_log_extra': {'log_extra': '{"global_log_extra":null,"page_log_extra":null,"aweme_log_extra":{"ce_current_group_id":"7417702421692009780","author_id":"1965574329213736"},"extra_log_extra":null}'}, 'is_story': 0, 'publish_plus_alienation': {'alienation_type': 0}, 'trends_infos': None, 'follow_shot_assets': None, 'cover_labels': None, 'series_basic_info': {}, 'origin_duet_resource_uri': '', 'guide_btn_type': 0, 'cf_assets_type': 0, 'personal_page_botton_diagnose_style': 0, 'images': None, 'relation_labels': None, 'is_moment_history': 0, 'impression_data': {'group_id_list_a': [], 'group_id_list_b': [], 'similar_id_list_a': None, 'similar_id_list_b': None, 'group_id_list_c': [7407048419824504083, 7407421461121617188, 7402808722612866342, 7412449959947160872, 7401387433079606579, 7406541003219340580, 7408525512181648677, 7418520954336267571, 7418928548523674899, 7419339493632757018], 'group_id_list_d': []}, 'game_tag_info': {'is_game': False}, 'is_24_story': 0, 'libfinsert_task_id': '', 'social_tag_list': None, 'show_follow_button': {}, 'duet_aggregate_in_music_tab': False, 'is_duet_sing': False, 'comment_permission_info': {'comment_permission_status': 0, 'can_comment': True, 'item_detail_entry': False, 'press_entry': False, 'toast_guide': False}, 'original_images': None, 'series_paid_info': {'series_paid_status': 0, 'item_price': 0}, 'img_bitrate': None, 'comment_gid': 7417702421692009780, 'image_album_music_info': {'begin_time': -1, 'end_time': -1, 'volume': -1}, 'video_tag': [{'tag_id': 2024, 'tag_name': '亲子', 'level': 1}, {'tag_id': 2024006, 'tag_name': '母婴', 'level': 2}, {'tag_id': 2024006003, 'tag_name': '育儿知识', 'level': 3}], 'is_collects_selected': 0, 'chapter_list': None, 'feed_comment_config': {'input_config_text': '善语结善缘，恶言伤人心', 'author_audit_status': 0, 'common_flags': '{"hashtag":"[{\\"name\\":\\"亲子关系\\",\\"id\\":1595199377513476},{\\"name\\":\\"父母课堂\\",\\"id\\":1600624540786695},{\\"name\\":\\"幼儿教育\\",\\"id\\":1591352385275918},{\\"name\\":\\"育儿\\",\\"id\\":1767586940916743},{\\"name\\":\\"家庭教育\\",\\"id\\":1767586804947975}]","item_author_nickname":"孙瑞雪聊教育","video_labels_v2_tag1":"母婴","video_labels_v2_tag2":"育儿理念"}'}, 'is_image_beat': False, 'dislike_dimension_list': None, 'standard_bar_info_list': None, 'photo_search_entrance': {'ecom_type': 0}, 'is_life_item': False, 'image_list': None, 'component_info_v2': '{"desc_lines_limit":0,"hide_marquee":false}', 'item_warn_notification': {'type': 0, 'show': False, 'content': ''}, 'origin_text_extra': None, 'disable_relation_bar': 0, 'packed_clips': None, 'author_mask_tag': 0, 'user_recommend_status': 1, 'collection_corner_mark': 0, 'is_share_post': False, 'image_comment': {}, 'visual_search_info': {'is_show_img_entrance': False, 'is_ecom_img': False, 'is_high_accuracy_ecom': False, 'is_high_recall_ecom': False}, 'tts_id_list': None, 'ref_tts_id_list': None, 'voice_modify_id_list': None, 'ref_voice_modify_id_list': None, 'authentication_token': 'MS4wLjAAAAAAaLP4DYg6p91Ff2UEYYmELh6-CrtY6xm5wF8AUm1gh2JDLDy72WuV4I5pcJU9UkBO-RJTADclGVbpuOXcqFGVDx-jWQW7KCTmLHejYpFIu4Y8f9WqyNpp9EoCjEvFWYTBgAry7lx_YoVKUKC91hR0v3NTXak_f1Biodh1Kfx7UbLM2tYg2bo5Ol3rlbeRPP53I3TUwQZgWHfe20SLlvki8meV707xqWQIW8KUVSU-pOrUccc6GmxCRMgVsqk6mjc-', 'video_game_data_channel_config': {}, 'dislike_dimension_list_v2': None, 'distribute_circle': {'distribute_type': 0, 'campus_block_interaction': False, 'is_campus': False}, 'image_crop_ctrl': 0, 'yumme_recreason': None, 'slides_music_beats': None, 'jump_tab_info_list': None, 'media_type': 4, 'reply_smart_emojis': None, 'activity_video_type': -1, 'boost_status': 0, 'create_scale_type': None, 'entertainment_product_info': {'sub_title': None, 'market_info': {'limit_free': {'in_free': False}, 'marketing_tag': None}}, 'caption': '真正的爱既滋养我也滋养你 #幼儿教育 #育儿 #家庭教育 #亲子关系 #父母课堂', 'item_title': '', 'is_use_music': False, 'original': 0, 'xigua_base_info': {'status': 0, 'star_altar_order_id': 0, 'star_altar_type': 0, 'item_id': 0}}, {'aweme_id': '7417701488270576911', 'desc': '在不确定的环境下，父母用什么来保护儿童？ #幼儿教育 #育儿 #家庭教育 #亲子关系 #父母课堂', 'create_time': 1727773200, 'author': {'uid': '1965574329213736', 'card_entries_not_display': None, 'nickname': '孙瑞雪聊教育', 'personal_tag_list': None, 'homepage_bottom_toast': None, 'avatar_thumb': {'uri': '100x100/aweme-avatar/tos-cn-avt-0015_afee5b125df955a19af4c41159ad1295', 'url_list': ['https://p3-pc.douyinpic.com/aweme/100x100/aweme-avatar/tos-cn-avt-0015_afee5b125df955a19af4c41159ad1295.jpeg?from=327834062'], 'width': 720, 'height': 720}, 'batch_unfollow_contain_tabs': None, 'not_seen_item_id_list': None, 'follow_status': 0, 'contrail_list': None, 'story_interactive': 0, 'data_label_list': None, 'custom_verify': '', 'follower_list_secondary_information_struct': None, 'display_info': None, 'interest_tags': None, 'account_cert_info': '{}', 'user_tags': None, 'share_info': {'share_url': '', 'share_weibo_desc': '', 'share_desc': '', 'share_title': '', 'share_qrcode_url': {'uri': '31b0500316c4e154852bc', 'url_list': ['https://p3-pc-sign.douyinpic.com/obj/31b0500316c4e154852bc?lk3s=138a59ce&x-expires=1760990400&x-signature=VnOegD8kfOkclbkCT%2BIUAVSkQl4%3D&from=327834062'], 'width': 720, 'height': 720}, 'share_title_myself': '', 'share_title_other': '', 'share_desc_info': ''}, 'can_set_geofencing': None, 'sec_uid': 'MS4wLjABAAAAnAFnkWlOm9jteymsi42fanYLMzfbqdGIwCILEUqDNmFyjfK9N8fSJdS_D2UWk_we', 'need_points': None, 'enterprise_verify_reason': '', 'is_ad_fake': False, 'story_ttl': 0, 'user_permissions': None, 'card_entries': None, 'creator_tag_list': None, 'offline_info_list': None, 'text_extra': None, 'card_sort_priority': None, 'prevent_download': False, 'special_people_labels': None, 'white_cover_url': None, 'endorsement_info_list': None, 'follower_status': 0, 'profile_mob_params': None, 'familiar_visitor_user': None, 'avatar_schema_list': None, 'cover_url': [{'uri': 'c8510002be9a3a61aad2', 'url_list': ['https://p3-pc-sign.douyinpic.com/obj/c8510002be9a3a61aad2?lk3s=138a59ce&x-expires=1762178400&x-signature=bEz6E0nbTH1458RtDsUU87G74Mk%3D&from=327834062'], 'width': 720, 'height': 720}], 'cf_list': None, 'im_role_ids': None, 'not_seen_item_id_list_v2': None, 'signature_extra': None, 'risk_notice_text': '', 'ban_user_functions': None, 'profile_component_disabled': None, 'verification_permission_ids': None, 'identity_labels': None, 'private_relation_list': None, 'link_item_list': None, 'batch_unfollow_relation_desc': None}, 'music': {'id': 7417700577515162431, 'id_str': '7417700577515162431', 'title': '@孙瑞雪聊教育创作的原声', 'author': '孙瑞雪聊教育', 'album': '', 'cover_hd': {'uri': '1080x1080/aweme-avatar/tos-cn-avt-0015_afee5b125df955a19af4c41159ad1295', 'url_list': ['https://p3-pc.douyinpic.com/aweme/1080x1080/aweme-avatar/tos-cn-avt-0015_afee5b125df955a19af4c41159ad1295.jpeg?from=327834062'], 'width': 720, 'height': 720}, 'cover_large': {'uri': '1080x1080/aweme-avatar/tos-cn-avt-0015_afee5b125df955a19af4c41159ad1295', 'url_list': ['https://p3-pc.douyinpic.com/aweme/1080x1080/aweme-avatar/tos-cn-avt-0015_afee5b125df955a19af4c41159ad1295.jpeg?from=327834062'], 'width': 720, 'height': 720}, 'cover_medium': {'uri': '720x720/aweme-avatar/tos-cn-avt-0015_afee5b125df955a19af4c41159ad1295', 'url_list': ['https://p3-pc.douyinpic.com/aweme/720x720/aweme-avatar/tos-cn-avt-0015_afee5b125df955a19af4c41159ad1295.jpeg?from=327834062'], 'width': 720, 'height': 720}, 'cover_thumb': {'uri': '100x100/aweme-avatar/tos-cn-avt-0015_afee5b125df955a19af4c41159ad1295', 'url_list': ['https://p3-pc.douyinpic.com/aweme/100x100/aweme-avatar/tos-cn-avt-0015_afee5b125df955a19af4c41159ad1295.jpeg?from=327834062'], 'width': 720, 'height': 720}, 'play_url': {'uri': 'https://lf9-music-east.douyinstatic.com/obj/ies-music-hj/7417701568713100091.mp3', 'url_list': ['https://lf9-music-east.douyinstatic.com/obj/ies-music-hj/7417701568713100091.mp3', 'https://lf3-music-east.douyinstatic.com/obj/ies-music-hj/7417701568713100091.mp3'], 'width': 720, 'height': 720, 'url_key': '7417700577515162431'}, 'schema_url': '', 'source_platform': 23, 'start_time': 0, 'end_time': 0, 'duration': 118, 'extra': '{"aed_music_score":0.01,"aed_singing_score":0.09,"aggregate_exempt_conf":[],"beats":{},"cover_colors":null,"douyin_beats_info":{},"dsp_switch":0,"extract_item_id":7417701488270576911,"has_edited":0,"hit_high_follow_auto":false,"hit_high_follow_extend":false,"hit_high_follow_original":false,"hotsoon_review_time":-1,"is_aed_music":0,"is_high_follow_user":false,"is_red":0,"is_subsidy_exp":false,"music_label_id":null,"music_tagging":{"AEDs":null,"Genres":null,"Instruments":null,"Languages":null,"Moods":null,"SingingVersions":null,"Themes":null},"review_unshelve_reason":0,"reviewed":0,"schedule_search_time":0,"uniqa_speech_score":0.38,"with_aed_model":1}', 'user_count': 0, 'position': None, 'collect_stat': 0, 'status': 1, 'offline_desc': '', 'owner_id': '1965574329213736', 'owner_nickname': '孙瑞雪聊教育', 'is_original': False, 'mid': '7417700577515162431', 'binded_challenge_id': 0, 'redirect': False, 'is_restricted': False, 'author_deleted': False, 'is_del_video': False, 'is_video_self_see': False, 'owner_handle': '63566855132', 'author_position': None, 'prevent_download': False, 'unshelve_countries': None, 'prevent_item_download_status': 0, 'external_song_info': [], 'sec_uid': 'MS4wLjABAAAAnAFnkWlOm9jteymsi42fanYLMzfbqdGIwCILEUqDNmFyjfK9N8fSJdS_D2UWk_we', 'avatar_thumb': {'uri': '100x100/aweme-avatar/tos-cn-avt-0015_afee5b125df955a19af4c41159ad1295', 'url_list': ['https://p3-pc.douyinpic.com/aweme/100x100/aweme-avatar/tos-cn-avt-0015_afee5b125df955a19af4c41159ad1295.jpeg?from=327834062'], 'width': 720, 'height': 720}, 'avatar_medium': {'uri': '720x720/aweme-avatar/tos-cn-avt-0015_afee5b125df955a19af4c41159ad1295', 'url_list': ['https://p3-pc.douyinpic.com/aweme/720x720/aweme-avatar/tos-cn-avt-0015_afee5b125df955a19af4c41159ad1295.jpeg?from=327834062'], 'width': 720, 'height': 720}, 'avatar_large': {'uri': '1080x1080/aweme-avatar/tos-cn-avt-0015_afee5b125df955a19af4c41159ad1295', 'url_list': ['https://p3-pc.douyinpic.com/aweme/1080x1080/aweme-avatar/tos-cn-avt-0015_afee5b125df955a19af4c41159ad1295.jpeg?from=327834062'], 'width': 720, 'height': 720}, 'preview_start_time': 0, 'preview_end_time': 0, 'is_commerce_music': False, 'is_original_sound': True, 'audition_duration': 118, 'shoot_duration': 118, 'reason_type': 0, 'artists': [], 'lyric_short_position': None, 'mute_share': False, 'tag_list': None, 'dmv_auto_show': False, 'is_pgc': False, 'is_matched_metadata': False, 'is_audio_url_with_cookie': False, 'music_chart_ranks': None, 'can_background_play': True, 'music_status': 1, 'video_duration': 118, 'pgc_music_type': 2, 'author_status': 1, 'search_impr': {'entity_id': '7417700577515162431'}, 'artist_user_infos': None, 'dsp_status': 10, 'musician_user_infos': None, 'music_collect_count': 0, 'music_cover_atmosphere_color_value': '', 'show_origin_clip': False}, 'effect_inflow_effects': None, 'video': {'play_addr': {'uri': 'v0d00fg10000crofg77og65r4fh21g10', 'url_list': ['https://v5-dy-o-abtest.zjcdn.com/4e5f9b3e3ba081517018bd896832df77/68f66e2f/video/tos/cn/tos-cn-ve-0015c800/oYghRAC128iwAeGbjLf6eAS4IAsD5IwA0DfNEx/?a=6383&ch=10010&cr=3&dr=0&lr=all&cd=0%7C0%7C0%7C3&cv=1&br=844&bt=844&cs=0&ds=3&ft=c2YTctGHQPRUZxfusdr~kwPqYldQIKDEE-TerrNqq_45a&mime_type=video_mp4&qs=0&rc=MzgzZTU7PDQ3aDhpPGc7ZkBpM2o1aXU5cjppdTMzNGkzM0AyYzYvLWEvNjYxNC1eLjMyYSMuLmUxMmQ0ZGxgLS1kLWFzcw%3D%3D&btag=80000e00028000&cquery=100B_100H_100K_100o_101r&dy_q=1760969609&feature_id=aa7df520beeae8e397df15f38df0454c&l=20251020221329FF810B6B17C3D024C6A3', 'https://v5-dy-o-abtest.zjcdn.com/4e5f9b3e3ba081517018bd896832df77/68f66e2f/video/tos/cn/tos-cn-ve-0015c800/oYghRAC128iwAeGbjLf6eAS4IAsD5IwA0DfNEx/?a=6383&ch=10010&cr=3&dr=0&lr=all&cd=0%7C0%7C0%7C3&cv=1&br=844&bt=844&cs=0&ds=3&ft=c2YTctGHQPRUZxfusdr~kwPqYldQIKDEE-TerrNqq_45a&mime_type=video_mp4&qs=0&rc=MzgzZTU7PDQ3aDhpPGc7ZkBpM2o1aXU5cjppdTMzNGkzM0AyYzYvLWEvNjYxNC1eLjMyYSMuLmUxMmQ0ZGxgLS1kLWFzcw%3D%3D&btag=80000e00028000&cquery=100K_100o_101r_100B_100H&dy_q=1760969609&feature_id=aa7df520beeae8e397df15f38df0454c&l=20251020221329FF810B6B17C3D024C6A3', 'https://www.douyin.com/aweme/v1/play/?video_id=v0d00fg10000crofg77og65r4fh21g10&line=0&file_id=5c681da90f754e949129d8022b90f550&sign=5539669580da1224f7695504b115aad3&is_play_url=1&source=PackSourceEnum_PUBLISH'], 'width': 720, 'height': 1280, 'url_key': 'v0d00fg10000crofg77og65r4fh21g10_h264_720p_864757', 'data_size': 12803168, 'file_hash': '5539669580da1224f7695504b115aad3', 'file_cs': 'c:0-129841-0752'}, 'cover': {'uri': 'tos-cn-i-dy/779067cdc03e40619f1358615baa2c72', 'url_list': ['https://p3-pc-sign.douyinpic.com/tos-cn-i-dy/779067cdc03e40619f1358615baa2c72~tplv-dy-cropcenter:323:430.jpeg?lk3s=138a59ce&x-expires=2076328800&x-signature=SnV6d3IhhUed82OLjI56Sm0QcZU%3D&from=327834062&s=PackSourceEnum_PUBLISH&se=true&sh=323_430&sc=cover&biz_tag=pcweb_cover&l=20251020221329FF810B6B17C3D024C6A3', 'https://p3-pc-sign.douyinpic.com/obj/tos-cn-i-dy/779067cdc03e40619f1358615baa2c72?lk3s=138a59ce&x-expires=2076328800&x-signature=dQhXvVCNaEJSkNN6Jk3EHxlA2C0%3D&from=327834062&s=PackSourceEnum_PUBLISH&se=false&sc=cover&biz_tag=pcweb_cover&l=20251020221329FF810B6B17C3D024C6A3'], 'width': 720, 'height': 720}, 'height': 1920, 'width': 1080, 'dynamic_cover': {'uri': 'tos-cn-i-dy/779067cdc03e40619f1358615baa2c72', 'url_list': ['https://p3-pc-sign.douyinpic.com/obj/tos-cn-i-dy/779067cdc03e40619f1358615baa2c72?lk3s=138a59ce&x-expires=1762178400&x-signature=eaBVox%2FjXb0Tww1cy4rz8QoXBds%3D&from=327834062_large&s=PackSourceEnum_PUBLISH&se=false&sc=dynamic_cover&biz_tag=pcweb_cover&l=20251020221329FF810B6B17C3D024C6A3', 'https://p9-pc-sign.douyinpic.com/obj/tos-cn-i-dy/779067cdc03e40619f1358615baa2c72?lk3s=138a59ce&x-expires=1762178400&x-signature=0UvdAeHvtrVf5Cworwvk3CnpDyI%3D&from=327834062_large&s=PackSourceEnum_PUBLISH&se=false&sc=dynamic_cover&biz_tag=pcweb_cover&l=20251020221329FF810B6B17C3D024C6A3'], 'width': 720, 'height': 720}, 'origin_cover': {'uri': 'tos-cn-p-0015/oggFEABBQm9Nvg7c8f2RhQPRmEqe8Dpt8BEgAA', 'url_list': ['https://p3-pc-sign.douyinpic.com/tos-cn-p-0015/oggFEABBQm9Nvg7c8f2RhQPRmEqe8Dpt8BEgAA~tplv-dy-360p.jpeg?lk3s=138a59ce&x-expires=1762178400&x-signature=GLHf%2F7a3a5jdb5WWXKCcjyJBQqo%3D&from=327834062&s=PackSourceEnum_PUBLISH&se=false&sc=origin_cover&biz_tag=pcweb_cover&l=20251020221329FF810B6B17C3D024C6A3', 'https://p9-pc-sign.douyinpic.com/tos-cn-p-0015/oggFEABBQm9Nvg7c8f2RhQPRmEqe8Dpt8BEgAA~tplv-dy-360p.jpeg?lk3s=138a59ce&x-expires=1762178400&x-signature=0cDjcVH%2F0JAvr1BQp6YKRNeLMgw%3D&from=327834062&s=PackSourceEnum_PUBLISH&se=false&sc=origin_cover&biz_tag=pcweb_cover&l=20251020221329FF810B6B17C3D024C6A3'], 'width': 360, 'height': 640}, 'ratio': '720p', 'format': 'mp4', 'audio': {'original_sound_infos': None}, 'bit_rate': [{'gear_name': 'normal_720_0', 'quality_type': 10, 'bit_rate': 864757, 'play_addr': {'uri': 'v0d00fg10000crofg77og65r4fh21g10', 'url_list': ['https://v5-dy-o-abtest.zjcdn.com/4e5f9b3e3ba081517018bd896832df77/68f66e2f/video/tos/cn/tos-cn-ve-0015c800/oYghRAC128iwAeGbjLf6eAS4IAsD5IwA0DfNEx/?a=6383&ch=10010&cr=3&dr=0&lr=all&cd=0%7C0%7C0%7C3&cv=1&br=844&bt=844&cs=0&ds=3&ft=c2YTctGHQPRUZxfusdr~kwPqYldQIKDEE-TerrNqq_45a&mime_type=video_mp4&qs=0&rc=MzgzZTU7PDQ3aDhpPGc7ZkBpM2o1aXU5cjppdTMzNGkzM0AyYzYvLWEvNjYxNC1eLjMyYSMuLmUxMmQ0ZGxgLS1kLWFzcw%3D%3D&btag=80000e00028000&cquery=100B_100H_100K_100o_101r&dy_q=1760969609&feature_id=aa7df520beeae8e397df15f38df0454c&l=20251020221329FF810B6B17C3D024C6A3', 'https://v5-dy-o-abtest.zjcdn.com/4e5f9b3e3ba081517018bd896832df77/68f66e2f/video/tos/cn/tos-cn-ve-0015c800/oYghRAC128iwAeGbjLf6eAS4IAsD5IwA0DfNEx/?a=6383&ch=10010&cr=3&dr=0&lr=all&cd=0%7C0%7C0%7C3&cv=1&br=844&bt=844&cs=0&ds=3&ft=c2YTctGHQPRUZxfusdr~kwPqYldQIKDEE-TerrNqq_45a&mime_type=video_mp4&qs=0&rc=MzgzZTU7PDQ3aDhpPGc7ZkBpM2o1aXU5cjppdTMzNGkzM0AyYzYvLWEvNjYxNC1eLjMyYSMuLmUxMmQ0ZGxgLS1kLWFzcw%3D%3D&btag=80000e00028000&cquery=100K_100o_101r_100B_100H&dy_q=1760969609&feature_id=aa7df520beeae8e397df15f38df0454c&l=20251020221329FF810B6B17C3D024C6A3', 'https://www.douyin.com/aweme/v1/play/?video_id=v0d00fg10000crofg77og65r4fh21g10&line=0&file_id=5c681da90f754e949129d8022b90f550&sign=5539669580da1224f7695504b115aad3&is_play_url=1&source=PackSourceEnum_PUBLISH'], 'width': 720, 'height': 1280, 'url_key': 'v0d00fg10000crofg77og65r4fh21g10_h264_720p_864757', 'data_size': 12803168, 'file_hash': '5539669580da1224f7695504b115aad3', 'file_cs': 'c:0-129841-0752'}, 'is_h265': 0, 'is_bytevc1': 0, 'HDR_type': '', 'HDR_bit': '', 'FPS': 30, 'video_extra': '{"PktOffsetMap":"[{\\"time\\": 1, \\"offset\\": 357102}, {\\"time\\": 2, \\"offset\\": 435612}, {\\"time\\": 3, \\"offset\\": 526483}, {\\"time\\": 4, \\"offset\\": 636842}, {\\"time\\": 5, \\"offset\\": 745965}, {\\"time\\": 10, \\"offset\\": 1341856}]","format":"mp4","definition":"720p","quality":"normal","file_id":"5c681da90f754e949129d8022b90f550","applog_map":{"feature_id":"aa7df520beeae8e397df15f38df0454c"},"audio_channels":"2.0","audio_sample_rate":"44100","audio_metrics":null,"audio_score":null}', 'format': 'mp4'}, {'gear_name': 'low_720_0', 'quality_type': 211, 'bit_rate': 848502, 'play_addr': {'uri': 'v0d00fg10000crofg77og65r4fh21g10', 'url_list': ['https://v5-dy-o-abtest.zjcdn.com/70ae11c63e08c8fda7e40fff3c3fcbfe/68f66e2f/video/tos/cn/tos-cn-ve-0015c800/osQe8mBABBPXJg982RIAzFEAgHDIg8glRfEcGN/?a=6383&ch=10010&cr=3&dr=0&lr=all&cd=0%7C0%7C0%7C3&cv=1&br=828&bt=828&cs=0&ds=3&ft=c2YTctGHQPRUZxfusdr~kwPqYldQIKDEE-TerrNqq_45a&mime_type=video_mp4&qs=1&rc=NTs8O2Q5ZTc1OjkzaGU8PEBpM2o1aXU5cjppdTMzNGkzM0AyMDI0YDFhNi4xNmEvYzJfYSMuLmUxMmQ0ZGxgLS1kLWFzcw%3D%3D&btag=80000e00028000&cquery=100H_100K_100o_101r_100B&dy_q=1760969609&feature_id=46a7bb47b4fd1280f3d3825bf2b29388&l=20251020221329FF810B6B17C3D024C6A3', 'https://v5-dy-o-abtest.zjcdn.com/70ae11c63e08c8fda7e40fff3c3fcbfe/68f66e2f/video/tos/cn/tos-cn-ve-0015c800/osQe8mBABBPXJg982RIAzFEAgHDIg8glRfEcGN/?a=6383&ch=10010&cr=3&dr=0&lr=all&cd=0%7C0%7C0%7C3&cv=1&br=828&bt=828&cs=0&ds=3&ft=c2YTctGHQPRUZxfusdr~kwPqYldQIKDEE-TerrNqq_45a&mime_type=video_mp4&qs=1&rc=NTs8O2Q5ZTc1OjkzaGU8PEBpM2o1aXU5cjppdTMzNGkzM0AyMDI0YDFhNi4xNmEvYzJfYSMuLmUxMmQ0ZGxgLS1kLWFzcw%3D%3D&btag=80000e00028000&cquery=100o_101r_100B_100H_100K&dy_q=1760969609&feature_id=46a7bb47b4fd1280f3d3825bf2b29388&l=20251020221329FF810B6B17C3D024C6A3', 'https://www.douyin.com/aweme/v1/play/?video_id=v0d00fg10000crofg77og65r4fh21g10&line=0&file_id=b959fb2ed096471294db46ca78593852&sign=63c92bb068993d3304a9f19c42b58b38&is_play_url=1&source=PackSourceEnum_PUBLISH'], 'width': 720, 'height': 1280, 'url_key': 'v0d00fg10000crofg77og65r4fh21g10_h264_720p_848502', 'data_size': 12562500, 'file_hash': '63c92bb068993d3304a9f19c42b58b38', 'file_cs': 'c:0-98584-9448|a:v0d00fg10000crofg77og65r4fh21g10'}, 'is_h265': 0, 'is_bytevc1': 0, 'HDR_type': '', 'HDR_bit': '', 'FPS': 30, 'video_extra': '{"PktOffsetMap":"[{\\"time\\": 1, \\"offset\\": 349598}, {\\"time\\": 2, \\"offset\\": 417648}, {\\"time\\": 3, \\"offset\\": 507687}, {\\"time\\": 4, \\"offset\\": 615917}, {\\"time\\": 5, \\"offset\\": 723508}, {\\"time\\": 10, \\"offset\\": 1314320}]","format":"mp4","definition":"720p","quality":"low","file_id":"b959fb2ed096471294db46ca78593852","applog_map":{"feature_id":"46a7bb47b4fd1280f3d3825bf2b29388"},"audio_channels":"2.0","audio_sample_rate":"44100","audio_metrics":null,"audio_score":null}', 'format': 'mp4'}, {'gear_name': 'low_540_0', 'quality_type': 292, 'bit_rate': 808566, 'play_addr': {'uri': 'v0d00fg10000crofg77og65r4fh21g10', 'url_list': ['https://v5-dy-o-abtest.zjcdn.com/8e221a0931cdf88a1d300ebaebd18a14/68f66e2f/video/tos/cn/tos-cn-ve-0015c800/oUp8ARfDNQ279BmARO8EX8gP4BJAeEg1FgWcIg/?a=6383&ch=10010&cr=3&dr=0&lr=all&cd=0%7C0%7C0%7C3&cv=1&br=789&bt=789&cs=0&ds=6&ft=c2YTctGHQPRUZxfusdr~kwPqYldQIKDEE-TerrNqq_45a&mime_type=video_mp4&qs=1&rc=NmY0aGlpPDo6ZDNmZjo4NkBpM2o1aXU5cjppdTMzNGkzM0AzLjItLjReNTQxLV5fYjJiYSMuLmUxMmQ0ZGxgLS1kLWFzcw%3D%3D&btag=80000e00028000&cquery=100o_101r_100B_100H_100K&dy_q=1760969609&feature_id=46a7bb47b4fd1280f3d3825bf2b29388&l=20251020221329FF810B6B17C3D024C6A3', 'https://v5-dy-o-abtest.zjcdn.com/8e221a0931cdf88a1d300ebaebd18a14/68f66e2f/video/tos/cn/tos-cn-ve-0015c800/oUp8ARfDNQ279BmARO8EX8gP4BJAeEg1FgWcIg/?a=6383&ch=10010&cr=3&dr=0&lr=all&cd=0%7C0%7C0%7C3&cv=1&br=789&bt=789&cs=0&ds=6&ft=c2YTctGHQPRUZxfusdr~kwPqYldQIKDEE-TerrNqq_45a&mime_type=video_mp4&qs=1&rc=NmY0aGlpPDo6ZDNmZjo4NkBpM2o1aXU5cjppdTMzNGkzM0AzLjItLjReNTQxLV5fYjJiYSMuLmUxMmQ0ZGxgLS1kLWFzcw%3D%3D&btag=80000e00028000&cquery=101r_100B_100H_100K_100o&dy_q=1760969609&feature_id=46a7bb47b4fd1280f3d3825bf2b29388&l=20251020221329FF810B6B17C3D024C6A3', 'https://www.douyin.com/aweme/v1/play/?video_id=v0d00fg10000crofg77og65r4fh21g10&line=0&file_id=e355e7bcac004a7787a97f1f0e511c63&sign=a810f9197f33560a5c125c1a94ab665c&is_play_url=1&source=PackSourceEnum_PUBLISH'], 'width': 576, 'height': 1024, 'url_key': 'v0d00fg10000crofg77og65r4fh21g10_h264_540p_808566', 'data_size': 11971237, 'file_hash': 'a810f9197f33560a5c125c1a94ab665c', 'file_cs': 'c:0-98560-82ae|a:v0d00fg10000crofg77og65r4fh21g10'}, 'is_h265': 0, 'is_bytevc1': 0, 'HDR_type': '', 'HDR_bit': '', 'FPS': 30, 'video_extra': '{"PktOffsetMap":"[{\\"time\\": 1, \\"offset\\": 324602}, {\\"time\\": 2, \\"offset\\": 395051}, {\\"time\\": 3, \\"offset\\": 482366}, {\\"time\\": 4, \\"offset\\": 583257}, {\\"time\\": 5, \\"offset\\": 684320}, {\\"time\\": 10, \\"offset\\": 1244913}]","format":"mp4","definition":"540p","quality":"low","file_id":"e355e7bcac004a7787a97f1f0e511c63","applog_map":{"feature_id":"46a7bb47b4fd1280f3d3825bf2b29388"},"audio_channels":"2.0","audio_sample_rate":"44100","audio_metrics":null,"audio_score":null}', 'format': 'mp4'}, {'gear_name': 'adapt_low_540_0', 'quality_type': 291, 'bit_rate': 552985, 'play_addr': {'uri': 'v0d00fg10000crofg77og65r4fh21g10', 'url_list': ['https://v5-dy-o-abtest.zjcdn.com/74fb02f8e90374993ac6c0cea141c513/68f66e2f/video/tos/cn/tos-cn-ve-0015c800/o0EHENOfPFwII6A9cH8mRQFgCzDDevgAAg2L8B/?a=6383&ch=10010&cr=3&dr=0&lr=all&cd=0%7C0%7C0%7C3&cv=1&br=540&bt=540&cs=0&ds=6&ft=c2YTctGHQPRUZxfusdr~kwPqYldQIKDEE-TerrNqq_45a&mime_type=video_mp4&qs=12&rc=ZWZlOWRoZTk4ZDw7ZWY1aEBpM2o1aXU5cjppdTMzNGkzM0AwYmE1MTIvNl8xYmBgY2NhYSMuLmUxMmQ0ZGxgLS1kLWFzcw%3D%3D&btag=80000e00028000&cquery=100B_100H_100K_100o_101r&dy_q=1760969609&feature_id=46a7bb47b4fd1280f3d3825bf2b29388&l=20251020221329FF810B6B17C3D024C6A3', 'https://v5-dy-o-abtest.zjcdn.com/74fb02f8e90374993ac6c0cea141c513/68f66e2f/video/tos/cn/tos-cn-ve-0015c800/o0EHENOfPFwII6A9cH8mRQFgCzDDevgAAg2L8B/?a=6383&ch=10010&cr=3&dr=0&lr=all&cd=0%7C0%7C0%7C3&cv=1&br=540&bt=540&cs=0&ds=6&ft=c2YTctGHQPRUZxfusdr~kwPqYldQIKDEE-TerrNqq_45a&mime_type=video_mp4&qs=12&rc=ZWZlOWRoZTk4ZDw7ZWY1aEBpM2o1aXU5cjppdTMzNGkzM0AwYmE1MTIvNl8xYmBgY2NhYSMuLmUxMmQ0ZGxgLS1kLWFzcw%3D%3D&btag=80000e00028000&cquery=100K_100o_101r_100B_100H&dy_q=1760969609&feature_id=46a7bb47b4fd1280f3d3825bf2b29388&l=20251020221329FF810B6B17C3D024C6A3', 'https://www.douyin.com/aweme/v1/play/?video_id=v0d00fg10000crofg77og65r4fh21g10&line=0&file_id=def2fccbc8e94ab5962b5e4a86dbec3b&sign=653268b55e842438879f373d23a84289&is_play_url=1&source=PackSourceEnum_PUBLISH'], 'width': 576, 'height': 1024, 'url_key': 'v0d00fg10000crofg77og65r4fh21g10_h264_540p_552985', 'data_size': 8187225, 'file_hash': '653268b55e842438879f373d23a84289', 'file_cs': 'c:0-98559-139f|a:v0d00fg10000crofg77og65r4fh21g10'}, 'is_h265': 0, 'is_bytevc1': 0, 'HDR_type': '', 'HDR_bit': '', 'FPS': 30, 'video_extra': '{"PktOffsetMap":"[{\\"time\\": 1, \\"offset\\": 260011}, {\\"time\\": 2, \\"offset\\": 304603}, {\\"time\\": 3, \\"offset\\": 362756}, {\\"time\\": 4, \\"offset\\": 430331}, {\\"time\\": 5, \\"offset\\": 498720}, {\\"time\\": 10, \\"offset\\": 882075}]","format":"mp4","definition":"540p","quality":"adapt_low","file_id":"def2fccbc8e94ab5962b5e4a86dbec3b","applog_map":{"feature_id":"46a7bb47b4fd1280f3d3825bf2b29388"},"audio_channels":"2.0","audio_sample_rate":"44100","audio_metrics":null,"audio_score":null}', 'format': 'mp4'}, {'gear_name': 'adapt_lowest_1080_1', 'quality_type': 2, 'bit_rate': 404623, 'play_addr': {'uri': 'v0d00fg10000crofg77og65r4fh21g10', 'url_list': ['https://v5-dy-o-abtest.zjcdn.com/4b0e3c523936027f8111567c66baeded/68f66e2f/video/tos/cn/tos-cn-ve-0015c800/oIgFEABBQN9NXgLc7f2R4IPRmebJ8DEk8gEgAA/?a=6383&ch=10010&cr=3&dr=0&lr=all&cd=0%7C0%7C0%7C3&cv=1&br=395&bt=395&cs=2&ds=4&ft=c2YTctGHQPRUZxfusdr~kwPqYldQIKDEE-TerrNqq_45a&mime_type=video_mp4&qs=15&rc=ODQ6ZzxmaDU7OTg4NTU1aEBpM2o1aXU5cjppdTMzNGkzM0AzXjNfLl4zXzIxY2AxNWAtYSMuLmUxMmQ0ZGxgLS1kLWFzcw%3D%3D&btag=80000e00028000&cquery=101r_100B_100H_100K_100o&dy_q=1760969609&feature_id=c6de0308cacfd993ef282c8e1c646267&l=20251020221329FF810B6B17C3D024C6A3', 'https://v5-dy-o-abtest.zjcdn.com/4b0e3c523936027f8111567c66baeded/68f66e2f/video/tos/cn/tos-cn-ve-0015c800/oIgFEABBQN9NXgLc7f2R4IPRmebJ8DEk8gEgAA/?a=6383&ch=10010&cr=3&dr=0&lr=all&cd=0%7C0%7C0%7C3&cv=1&br=395&bt=395&cs=2&ds=4&ft=c2YTctGHQPRUZxfusdr~kwPqYldQIKDEE-TerrNqq_45a&mime_type=video_mp4&qs=15&rc=ODQ6ZzxmaDU7OTg4NTU1aEBpM2o1aXU5cjppdTMzNGkzM0AzXjNfLl4zXzIxY2AxNWAtYSMuLmUxMmQ0ZGxgLS1kLWFzcw%3D%3D&btag=80000e00028000&cquery=100B_100H_100K_100o_101r&dy_q=1760969609&feature_id=c6de0308cacfd993ef282c8e1c646267&l=20251020221329FF810B6B17C3D024C6A3', 'https://www.douyin.com/aweme/v1/play/?video_id=v0d00fg10000crofg77og65r4fh21g10&line=0&file_id=0ec28242c5f54658b26eac19bd67a165&sign=dc45b5f95c347fccdc588f7c58597f10&is_play_url=1&source=PackSourceEnum_PUBLISH'], 'width': 1080, 'height': 1920, 'url_key': 'v0d00fg10000crofg77og65r4fh21g10_bytevc1_1080p_404623', 'data_size': 5990646, 'file_hash': 'dc45b5f95c347fccdc588f7c58597f10', 'file_cs': 'c:0-98893-4269'}, 'is_h265': 1, 'is_bytevc1': 1, 'HDR_type': '', 'HDR_bit': '', 'FPS': 30, 'video_extra': '{"PktOffsetMap":"[{\\"time\\": 1, \\"offset\\": 237733}, {\\"time\\": 2, \\"offset\\": 265488}, {\\"time\\": 3, \\"offset\\": 314352}, {\\"time\\": 4, \\"offset\\": 364226}, {\\"time\\": 5, \\"offset\\": 415764}, {\\"time\\": 10, \\"offset\\": 697306}]","format":"mp4","definition":"1080p","quality":"adapt_lowest","file_id":"0ec28242c5f54658b26eac19bd67a165","applog_map":{"feature_id":"c6de0308cacfd993ef282c8e1c646267"},"mvmaf":"{\\"mvmaf_sr_v1080\\":-1,\\"mvmaf_sr_v960\\":-1,\\"mvmaf_sr_v864\\":-1,\\"mvmaf_sr_v720\\":-1,\\"mvmaf_ori_v1080\\":91.657,\\"mvmaf_ori_v960\\":92.754,\\"mvmaf_ori_v864\\":92.908,\\"mvmaf_ori_v720\\":93.777}","audio_channels":"2.0","audio_sample_rate":"44100","audio_metrics":null,"audio_score":null}', 'format': 'mp4'}, {'gear_name': 'adapt_lowest_720_1', 'quality_type': 15, 'bit_rate': 342097, 'play_addr': {'uri': 'v0d00fg10000crofg77og65r4fh21g10', 'url_list': ['https://v5-dy-o-abtest.zjcdn.com/7b5da6b7cfee864da8b6de32a142dfb4/68f66e2f/video/tos/cn/tos-cn-ve-0015c800/ogwR1DgICEFPAdcfAg27eNmmvL9g8ARaEEIBQ5/?a=6383&ch=10010&cr=3&dr=0&lr=all&cd=0%7C0%7C0%7C3&cv=1&br=334&bt=334&cs=2&ds=3&ft=c2YTctGHQPRUZxfusdr~kwPqYldQIKDEE-TerrNqq_45a&mime_type=video_mp4&qs=15&rc=Z2g1OTNmNjU0ODs0NTtmNUBpM2o1aXU5cjppdTMzNGkzM0AvYS01XjJhNTUxLjAyXi0uYSMuLmUxMmQ0ZGxgLS1kLWFzcw%3D%3D&btag=80000e00028000&cquery=100K_100o_101r_100B_100H&dy_q=1760969609&feature_id=c6de0308cacfd993ef282c8e1c646267&l=20251020221329FF810B6B17C3D024C6A3', 'https://v5-dy-o-abtest.zjcdn.com/7b5da6b7cfee864da8b6de32a142dfb4/68f66e2f/video/tos/cn/tos-cn-ve-0015c800/ogwR1DgICEFPAdcfAg27eNmmvL9g8ARaEEIBQ5/?a=6383&ch=10010&cr=3&dr=0&lr=all&cd=0%7C0%7C0%7C3&cv=1&br=334&bt=334&cs=2&ds=3&ft=c2YTctGHQPRUZxfusdr~kwPqYldQIKDEE-TerrNqq_45a&mime_type=video_mp4&qs=15&rc=Z2g1OTNmNjU0ODs0NTtmNUBpM2o1aXU5cjppdTMzNGkzM0AvYS01XjJhNTUxLjAyXi0uYSMuLmUxMmQ0ZGxgLS1kLWFzcw%3D%3D&btag=80000e00028000&cquery=100H_100K_100o_101r_100B&dy_q=1760969609&feature_id=c6de0308cacfd993ef282c8e1c646267&l=20251020221329FF810B6B17C3D024C6A3', 'https://www.douyin.com/aweme/v1/play/?video_id=v0d00fg10000crofg77og65r4fh21g10&line=0&file_id=120ca8523118458182d35ca08602de2d&sign=777ab6d6c5cd7923314afcb5a4ef2505&is_play_url=1&source=PackSourceEnum_PUBLISH'], 'width': 720, 'height': 1280, 'url_key': 'v0d00fg10000crofg77og65r4fh21g10_bytevc1_720p_342097', 'data_size': 5064920, 'file_hash': '777ab6d6c5cd7923314afcb5a4ef2505', 'file_cs': 'c:0-98893-8680'}, 'is_h265': 1, 'is_bytevc1': 1, 'HDR_type': '', 'HDR_bit': '', 'FPS': 30, 'video_extra': '{"PktOffsetMap":"[{\\"time\\": 1, \\"offset\\": 202879}, {\\"time\\": 2, \\"offset\\": 227837}, {\\"time\\": 3, \\"offset\\": 267157}, {\\"time\\": 4, \\"offset\\": 308592}, {\\"time\\": 5, \\"offset\\": 351033}, {\\"time\\": 10, \\"offset\\": 581941}]","format":"mp4","definition":"720p","quality":"adapt_lowest","file_id":"120ca8523118458182d35ca08602de2d","applog_map":{"feature_id":"c6de0308cacfd993ef282c8e1c646267"},"mvmaf":"{\\"mvmaf_sr_v1080\\":95.746,\\"mvmaf_sr_v960\\":97.159,\\"mvmaf_sr_v864\\":98.003,\\"mvmaf_sr_v720\\":99.193,\\"mvmaf_ori_v1080\\":85.536,\\"mvmaf_ori_v960\\":88.937,\\"mvmaf_ori_v864\\":90.434,\\"mvmaf_ori_v720\\":93.286}","audio_channels":"2.0","audio_sample_rate":"44100","audio_metrics":null,"audio_score":null}', 'format': 'mp4'}, {'gear_name': 'adapt_540_1', 'quality_type': 28, 'bit_rate': 312816, 'play_addr': {'uri': 'v0d00fg10000crofg77og65r4fh21g10', 'url_list': ['https://v5-dy-o-abtest.zjcdn.com/88b1803484313ad6a1d9613f0b0e63e3/68f66e2f/video/tos/cn/tos-cn-ve-0015c800/oYfcawXrPmetIgEOvIgFRA0DBVEC8E97g2NAQA/?a=6383&ch=10010&cr=3&dr=0&lr=all&cd=0%7C0%7C0%7C3&cv=1&br=305&bt=305&cs=2&ds=6&ft=c2YTctGHQPRUZxfusdr~kwPqYldQIKDEE-TerrNqq_45a&mime_type=video_mp4&qs=11&rc=ZDY7OmQ5Omc1Zzw4ZjY6M0BpM2o1aXU5cjppdTMzNGkzM0AzMF42MmJhXzIxNjM1MDM2YSMuLmUxMmQ0ZGxgLS1kLWFzcw%3D%3D&btag=80000e00028000&cquery=101r_100B_100H_100K_100o&dy_q=1760969609&feature_id=c6de0308cacfd993ef282c8e1c646267&l=20251020221329FF810B6B17C3D024C6A3', 'https://v5-dy-o-abtest.zjcdn.com/88b1803484313ad6a1d9613f0b0e63e3/68f66e2f/video/tos/cn/tos-cn-ve-0015c800/oYfcawXrPmetIgEOvIgFRA0DBVEC8E97g2NAQA/?a=6383&ch=10010&cr=3&dr=0&lr=all&cd=0%7C0%7C0%7C3&cv=1&br=305&bt=305&cs=2&ds=6&ft=c2YTctGHQPRUZxfusdr~kwPqYldQIKDEE-TerrNqq_45a&mime_type=video_mp4&qs=11&rc=ZDY7OmQ5Omc1Zzw4ZjY6M0BpM2o1aXU5cjppdTMzNGkzM0AzMF42MmJhXzIxNjM1MDM2YSMuLmUxMmQ0ZGxgLS1kLWFzcw%3D%3D&btag=80000e00028000&cquery=100K_100o_101r_100B_100H&dy_q=1760969609&feature_id=c6de0308cacfd993ef282c8e1c646267&l=20251020221329FF810B6B17C3D024C6A3', 'https://www.douyin.com/aweme/v1/play/?video_id=v0d00fg10000crofg77og65r4fh21g10&line=0&file_id=9067338c65994d52bdd7e65a97a8336a&sign=412ffcdeefbf3a4f870e5780ccaab398&is_play_url=1&source=PackSourceEnum_PUBLISH'], 'width': 576, 'height': 1024, 'url_key': 'v0d00fg10000crofg77og65r4fh21g10_bytevc1_540p_312816', 'data_size': 4631403, 'file_hash': '412ffcdeefbf3a4f870e5780ccaab398', 'file_cs': 'c:0-98893-3c0c'}, 'is_h265': 1, 'is_bytevc1': 1, 'HDR_type': '', 'HDR_bit': '', 'FPS': 30, 'video_extra': '{"PktOffsetMap":"[{\\"time\\": 1, \\"offset\\": 191697}, {\\"time\\": 2, \\"offset\\": 215858}, {\\"time\\": 3, \\"offset\\": 252054}, {\\"time\\": 4, \\"offset\\": 288953}, {\\"time\\": 5, \\"offset\\": 329612}, {\\"time\\": 10, \\"offset\\": 539134}]","format":"mp4","definition":"540p","quality":"adapt","file_id":"9067338c65994d52bdd7e65a97a8336a","applog_map":{"feature_id":"c6de0308cacfd993ef282c8e1c646267"},"mvmaf":"{\\"mvmaf_sr_v1080\\":93.448,\\"mvmaf_sr_v960\\":95.398,\\"mvmaf_sr_v864\\":96.93,\\"mvmaf_sr_v720\\":99.092,\\"mvmaf_ori_v1080\\":82.689,\\"mvmaf_ori_v960\\":86.147,\\"mvmaf_ori_v864\\":87.749,\\"mvmaf_ori_v720\\":90.683}","audio_channels":"2.0","audio_sample_rate":"44100","audio_metrics":null,"audio_score":null}', 'format': 'mp4'}, {'gear_name': 'adapt_lowest_1080_1', 'quality_type': 2, 'bit_rate': 349830, 'play_addr': {'uri': 'v0d00fg10000crofg77og65r4fh21g10', 'url_list': ['https://v5-dy-o-abtest.zjcdn.com/58cda5b0ffa7149024c8f89bb4d8f21d/68f7957f/video/tos/cn/tos-cn-ve-0015c800/oQcsERX8gg29ARRemAAH8IFPABA4NPfJBgAEDA/media-video-hvc1/?a=6383&ch=0&cr=8&dr=0&er=1&lr=default&cd=0%7C0%7C0%7C3&cv=1&br=341&bt=341&cs=4&ds=4&mime_type=video_mp4&qs=15&rc=Zjw4OjU3aDQ0NDloZmloNUBpM2o1aXU5cjppdTMzNGkzM0AvMDMyLV9iNjExYzI0YzUxYSMuLmUxMmQ0ZGxgLS1kLWFzcw%3D%3D&btag=80000e00028000&cquery=101r_100o&dy_q=1760969609&l=20251020221329FF810B6B17C3D024C6A3', 'https://v5-dy-o-abtest.zjcdn.com/58cda5b0ffa7149024c8f89bb4d8f21d/68f7957f/video/tos/cn/tos-cn-ve-0015c800/oQcsERX8gg29ARRemAAH8IFPABA4NPfJBgAEDA/media-video-hvc1/?a=6383&ch=0&cr=8&dr=0&er=1&lr=default&cd=0%7C0%7C0%7C3&cv=1&br=341&bt=341&cs=4&ds=4&mime_type=video_mp4&qs=15&rc=Zjw4OjU3aDQ0NDloZmloNUBpM2o1aXU5cjppdTMzNGkzM0AvMDMyLV9iNjExYzI0YzUxYSMuLmUxMmQ0ZGxgLS1kLWFzcw%3D%3D&btag=80000e00028000&cquery=101r_100o&dy_q=1760969609&l=20251020221329FF810B6B17C3D024C6A3', 'https://www.douyin.com/aweme/v1/play/dash/?video_id=v0d00fg10000crofg77og65r4fh21g10&line=0&file_id=428eff7c5ef6414191eeb4025765392c&sign=696713c9a96385330aca679fee2cb7f0&is_play_url=1&source=PackSourceEnum_PUBLISH'], 'width': 1080, 'height': 1920, 'url_key': 'v0d00fg10000crofg77og65r4fh21g10_bytevc1_1080p_349830', 'data_size': 5177478, 'file_hash': '696713c9a96385330aca679fee2cb7f0'}, 'is_h265': 1, 'is_bytevc1': 1, 'HDR_type': '', 'HDR_bit': '', 'FPS': 30, 'video_extra': '{"PktOffsetMap":"","format":"dash","sub_info":"{\\"audio_channels\\":\\"2.0\\",\\"audio_layout\\":\\"C\\",\\"audio_sample_rate\\":\\"44100\\",\\"base_range_info\\":{\\"first_moof_range\\":\\"1372-3151\\",\\"index_range\\":\\"1136-1371\\",\\"init_range\\":\\"0-1135\\"},\\"check_info\\":{\\"check_info\\":\\"a:v0d00fg10000crofg77og65r4fh21g10|b:0-1371-b18288cd87e2d0e4fe7805d12ac1772c|c:0-1371-1f73\\"},\\"gear_des_key\\":\\"0:DASH|1:normal|2:h265_hvc1|4:1080p|5:adapt_lowest|8:v1.9.0.5-ot|10000:105\\",\\"quality_type\\":2}","definition":"1080p","quality":"adapt_lowest","quality_desc":"","file_id":"428eff7c5ef6414191eeb4025765392c","real_bitrate":401420,"audio_file_id":"333b5f82ceba476b4a14022c0b432d40","applog_map":{"feature_id":"c6de0308cacfd993ef282c8e1c646267"},"mvmaf":"{\\"mvmaf_sr_v1080\\":-1,\\"mvmaf_sr_v960\\":-1,\\"mvmaf_sr_v864\\":-1,\\"mvmaf_sr_v720\\":-1,\\"mvmaf_ori_v1080\\":91.657,\\"mvmaf_ori_v960\\":92.754,\\"mvmaf_ori_v864\\":92.908,\\"mvmaf_ori_v720\\":93.777}","audio_metrics":null,"audio_score":null}', 'format': 'dash'}, {'gear_name': 'adapt_lowest_720_1', 'quality_type': 15, 'bit_rate': 286991, 'play_addr': {'uri': 'v0d00fg10000crofg77og65r4fh21g10', 'url_list': ['https://v5-dy-o-abtest.zjcdn.com/ae90fc0e5ac6e7675fcac3e34de5b327/68f7957f/video/tos/cn/tos-cn-ve-0015c800/ooNDCAlAED4AgnFgmDwAIvPfRg29BcA87IAkeg/media-video-hvc1/?a=6383&ch=0&cr=8&dr=0&er=1&lr=default&cd=0%7C0%7C0%7C3&cv=1&br=280&bt=280&cs=4&ds=3&mime_type=video_mp4&qs=15&rc=N2lkOmg4OGRmOmY4N2Q5aUBpM2o1aXU5cjppdTMzNGkzM0BfY14zYTNjNmIxMGIvXjA2YSMuLmUxMmQ0ZGxgLS1kLWFzcw%3D%3D&btag=80000e00028000&cquery=101r_100o&dy_q=1760969609&l=20251020221329FF810B6B17C3D024C6A3', 'https://v5-dy-o-abtest.zjcdn.com/ae90fc0e5ac6e7675fcac3e34de5b327/68f7957f/video/tos/cn/tos-cn-ve-0015c800/ooNDCAlAED4AgnFgmDwAIvPfRg29BcA87IAkeg/media-video-hvc1/?a=6383&ch=0&cr=8&dr=0&er=1&lr=default&cd=0%7C0%7C0%7C3&cv=1&br=280&bt=280&cs=4&ds=3&mime_type=video_mp4&qs=15&rc=N2lkOmg4OGRmOmY4N2Q5aUBpM2o1aXU5cjppdTMzNGkzM0BfY14zYTNjNmIxMGIvXjA2YSMuLmUxMmQ0ZGxgLS1kLWFzcw%3D%3D&btag=80000e00028000&cquery=101r_100o&dy_q=1760969609&l=20251020221329FF810B6B17C3D024C6A3', 'https://www.douyin.com/aweme/v1/play/dash/?video_id=v0d00fg10000crofg77og65r4fh21g10&line=0&file_id=9f36aa24e53c47ec9af565de67aaffb4&sign=4ad219a849dd211f5c96365b2944befe&is_play_url=1&source=PackSourceEnum_PUBLISH'], 'width': 720, 'height': 1280, 'url_key': 'v0d00fg10000crofg77og65r4fh21g10_bytevc1_720p_286991', 'data_size': 4247460, 'file_hash': '4ad219a849dd211f5c96365b2944befe'}, 'is_h265': 1, 'is_bytevc1': 1, 'HDR_type': '', 'HDR_bit': '', 'FPS': 30, 'video_extra': '{"PktOffsetMap":"","format":"dash","sub_info":"{\\"audio_channels\\":\\"2.0\\",\\"audio_layout\\":\\"C\\",\\"audio_sample_rate\\":\\"44100\\",\\"base_range_info\\":{\\"first_moof_range\\":\\"1372-3151\\",\\"index_range\\":\\"1136-1371\\",\\"init_range\\":\\"0-1135\\"},\\"check_info\\":{\\"check_info\\":\\"a:v0d00fg10000crofg77og65r4fh21g10|b:0-1371-a79a69cfdf813dcde0e4a407bea8c638|c:0-1371-3ef3\\"},\\"gear_des_key\\":\\"0:DASH|1:normal|2:h265_hvc1|4:720p|5:adapt_lowest|8:v1.9.0.5-ot|10000:105\\",\\"quality_type\\":15}","definition":"720p","quality":"adapt_lowest","quality_desc":"","file_id":"9f36aa24e53c47ec9af565de67aaffb4","real_bitrate":338581,"audio_file_id":"333b5f82ceba476b4a14022c0b432d40","applog_map":{"feature_id":"c6de0308cacfd993ef282c8e1c646267"},"mvmaf":"{\\"mvmaf_sr_v1080\\":95.746,\\"mvmaf_sr_v960\\":97.159,\\"mvmaf_sr_v864\\":98.003,\\"mvmaf_sr_v720\\":99.193,\\"mvmaf_ori_v1080\\":85.536,\\"mvmaf_ori_v960\\":88.937,\\"mvmaf_ori_v864\\":90.434,\\"mvmaf_ori_v720\\":93.286}","audio_metrics":null,"audio_score":null}', 'format': 'dash'}, {'gear_name': 'adapt_540_1', 'quality_type': 28, 'bit_rate': 257699, 'play_addr': {'uri': 'v0d00fg10000crofg77og65r4fh21g10', 'url_list': ['https://v5-dy-o-abtest.zjcdn.com/e4755e3a5d90b89e38c0dffa2688d10e/68f7957f/video/tos/cn/tos-cn-ve-0015c800/oYAwecCf9mEHDNATBID7ggFPAXq8gA2IRjvAgA/media-video-hvc1/?a=6383&ch=0&cr=8&dr=0&er=1&lr=default&cd=0%7C0%7C0%7C3&cv=1&br=251&bt=251&cs=4&ds=6&mime_type=video_mp4&qs=11&rc=M2RoZDg2PDhnMzxmPDpnM0BpM2o1aXU5cjppdTMzNGkzM0BiYzIyMmFjNjExM2NjMTIzYSMuLmUxMmQ0ZGxgLS1kLWFzcw%3D%3D&btag=80000e00028000&cquery=101r_100o&dy_q=1760969609&l=20251020221329FF810B6B17C3D024C6A3', 'https://v5-dy-o-abtest.zjcdn.com/e4755e3a5d90b89e38c0dffa2688d10e/68f7957f/video/tos/cn/tos-cn-ve-0015c800/oYAwecCf9mEHDNATBID7ggFPAXq8gA2IRjvAgA/media-video-hvc1/?a=6383&ch=0&cr=8&dr=0&er=1&lr=default&cd=0%7C0%7C0%7C3&cv=1&br=251&bt=251&cs=4&ds=6&mime_type=video_mp4&qs=11&rc=M2RoZDg2PDhnMzxmPDpnM0BpM2o1aXU5cjppdTMzNGkzM0BiYzIyMmFjNjExM2NjMTIzYSMuLmUxMmQ0ZGxgLS1kLWFzcw%3D%3D&btag=80000e00028000&cquery=100o_101r&dy_q=1760969609&l=20251020221329FF810B6B17C3D024C6A3', 'https://www.douyin.com/aweme/v1/play/dash/?video_id=v0d00fg10000crofg77og65r4fh21g10&line=0&file_id=605d47f9fc69404d95f9d3555a5efae0&sign=b0981fa30fd2b53bc98a8671fb41ac0c&is_play_url=1&source=PackSourceEnum_PUBLISH'], 'width': 576, 'height': 1024, 'url_key': 'v0d00fg10000crofg77og65r4fh21g10_bytevc1_540p_257699', 'data_size': 3813943, 'file_hash': 'b0981fa30fd2b53bc98a8671fb41ac0c'}, 'is_h265': 1, 'is_bytevc1': 1, 'HDR_type': '', 'HDR_bit': '', 'FPS': 30, 'video_extra': '{"PktOffsetMap":"","format":"dash","sub_info":"{\\"audio_channels\\":\\"2.0\\",\\"audio_layout\\":\\"C\\",\\"audio_sample_rate\\":\\"44100\\",\\"base_range_info\\":{\\"first_moof_range\\":\\"1372-3151\\",\\"index_range\\":\\"1136-1371\\",\\"init_range\\":\\"0-1135\\"},\\"check_info\\":{\\"check_info\\":\\"a:v0d00fg10000crofg77og65r4fh21g10|b:0-1371-81d8f2b1f5760fd5ce1a585ec6faf1a2|c:0-1371-d76e\\"},\\"gear_des_key\\":\\"0:DASH|1:normal|2:h265_hvc1|4:540p|5:adapt|8:v1.9.0.5-ot|10000:105\\",\\"quality_type\\":28}","definition":"540p","quality":"adapt","quality_desc":"","file_id":"605d47f9fc69404d95f9d3555a5efae0","real_bitrate":312816,"audio_file_id":"333b5f82ceba476b4a14022c0b432d40","applog_map":{"feature_id":"c6de0308cacfd993ef282c8e1c646267"},"mvmaf":"{\\"mvmaf_sr_v1080\\":93.448,\\"mvmaf_sr_v960\\":95.398,\\"mvmaf_sr_v864\\":96.93,\\"mvmaf_sr_v720\\":99.092,\\"mvmaf_ori_v1080\\":82.689,\\"mvmaf_ori_v960\\":86.147,\\"mvmaf_ori_v864\\":87.749,\\"mvmaf_ori_v720\\":90.683}","audio_metrics":null,"audio_score":null}', 'format': 'dash'}], 'duration': 118444, 'play_addr_265': {'uri': 'v0d00fg10000crofg77og65r4fh21g10', 'url_list': ['https://v5-dy-o-abtest.zjcdn.com/88b1803484313ad6a1d9613f0b0e63e3/68f66e2f/video/tos/cn/tos-cn-ve-0015c800/oYfcawXrPmetIgEOvIgFRA0DBVEC8E97g2NAQA/?a=6383&ch=10010&cr=3&dr=0&lr=all&cd=0%7C0%7C0%7C3&cv=1&br=305&bt=305&cs=2&ds=6&ft=c2YTctGHQPRUZxfusdr~kwPqYldQIKDEE-TerrNqq_45a&mime_type=video_mp4&qs=11&rc=ZDY7OmQ5Omc1Zzw4ZjY6M0BpM2o1aXU5cjppdTMzNGkzM0AzMF42MmJhXzIxNjM1MDM2YSMuLmUxMmQ0ZGxgLS1kLWFzcw%3D%3D&btag=80000e00028000&cquery=101r_100B_100H_100K_100o&dy_q=1760969609&feature_id=c6de0308cacfd993ef282c8e1c646267&l=20251020221329FF810B6B17C3D024C6A3', 'https://v5-dy-o-abtest.zjcdn.com/88b1803484313ad6a1d9613f0b0e63e3/68f66e2f/video/tos/cn/tos-cn-ve-0015c800/oYfcawXrPmetIgEOvIgFRA0DBVEC8E97g2NAQA/?a=6383&ch=10010&cr=3&dr=0&lr=all&cd=0%7C0%7C0%7C3&cv=1&br=305&bt=305&cs=2&ds=6&ft=c2YTctGHQPRUZxfusdr~kwPqYldQIKDEE-TerrNqq_45a&mime_type=video_mp4&qs=11&rc=ZDY7OmQ5Omc1Zzw4ZjY6M0BpM2o1aXU5cjppdTMzNGkzM0AzMF42MmJhXzIxNjM1MDM2YSMuLmUxMmQ0ZGxgLS1kLWFzcw%3D%3D&btag=80000e00028000&cquery=100K_100o_101r_100B_100H&dy_q=1760969609&feature_id=c6de0308cacfd993ef282c8e1c646267&l=20251020221329FF810B6B17C3D024C6A3', 'https://www.douyin.com/aweme/v1/play/?video_id=v0d00fg10000crofg77og65r4fh21g10&line=0&file_id=9067338c65994d52bdd7e65a97a8336a&sign=412ffcdeefbf3a4f870e5780ccaab398&is_play_url=1&source=PackSourceEnum_PUBLISH'], 'width': 576, 'height': 1024, 'url_key': 'v0d00fg10000crofg77og65r4fh21g10_bytevc1_540p_312816', 'data_size': 4631403, 'file_hash': '412ffcdeefbf3a4f870e5780ccaab398', 'file_cs': 'c:0-98893-3c0c'}, 'bit_rate_audio': [{'audio_meta': {'url_list': {'main_url': 'https://v5-dy-o-abtest.zjcdn.com/2d1ad18547f43133a3a5ff748f91ca9e/68f7957f/video/tos/cn/tos-cn-ve-0015c800/oYAwecCf9mEHDNATBID7ggFPAXq8gA2IRjvAgA/media-audio-und-mp4a/?a=6383&ch=0&cr=8&dr=0&er=1&lr=default&cd=0%7C0%7C0%7C3&cv=1&br=50&bt=50&cs=4&mime_type=video_mp4&qs=11&rc=M2c2ZWY1N2RlOmRoNWllNkBpM2o1aXU5cjppdTMzNGkzM0AxLzEtLy0uMTMxX2A1MjAwYSMuLmUxMmQ0ZGxgLS1kLWFzcw%3D%3D&btag=80000e00028000&cquery=101r_100o&dy_q=1760969609&l=20251020221329FF810B6B17C3D024C6A3', 'backup_url': 'https://v5-dy-o-abtest.zjcdn.com/2d1ad18547f43133a3a5ff748f91ca9e/68f7957f/video/tos/cn/tos-cn-ve-0015c800/oYAwecCf9mEHDNATBID7ggFPAXq8gA2IRjvAgA/media-audio-und-mp4a/?a=6383&ch=0&cr=8&dr=0&er=1&lr=default&cd=0%7C0%7C0%7C3&cv=1&br=50&bt=50&cs=4&mime_type=video_mp4&qs=11&rc=M2c2ZWY1N2RlOmRoNWllNkBpM2o1aXU5cjppdTMzNGkzM0AxLzEtLy0uMTMxX2A1MjAwYSMuLmUxMmQ0ZGxgLS1kLWFzcw%3D%3D&btag=80000e00028000&cquery=100o_101r&dy_q=1760969609&l=20251020221329FF810B6B17C3D024C6A3', 'fallback_url': 'https://www.douyin.com/aweme/v1/play/dash/?video_id=v0d00fg10000crofg77og65r4fh21g10&line=0&file_id=333b5f82ceba476b4a14022c0b432d40&sign=333b5f82ceba476b4a14022c0b432d40&is_play_url=1&source=PackSourceEnum_PUBLISH'}, 'encoded_type': 'normal', 'media_type': 'audio', 'logo_type': '', 'quality': 'adapt', 'quality_desc': '', 'format': 'dash', 'bitrate': 51590, 'codec_type': 'bytevc1', 'size': 763805, 'fps': 0, 'file_id': '333b5f82ceba476b4a14022c0b432d40', 'file_hash': '333b5f82ceba476b4a14022c0b432d40', 'sub_info': '{"audio_channels":"2.0","audio_layout":"C","audio_sample_rate":"44100","base_range_info":{"index_range":"866-1113","init_range":"0-865"},"check_info":{"check_info":"a:v0d00fg10000crofg77og65r4fh21g10|b:0-1113-86b91d443b760cae6c1e93a1d74151a6|c:0-1113-03a0"},"gear_des_key":"0:dash|1:normal|2:bytevc1|5:adapt|10000:105"}'}, 'audio_quality': 5, 'audio_extra': '{"real_bitrate":312816}'}], 'play_addr_h264': {'uri': 'v0d00fg10000crofg77og65r4fh21g10', 'url_list': ['https://v5-dy-o-abtest.zjcdn.com/4e5f9b3e3ba081517018bd896832df77/68f66e2f/video/tos/cn/tos-cn-ve-0015c800/oYghRAC128iwAeGbjLf6eAS4IAsD5IwA0DfNEx/?a=6383&ch=10010&cr=3&dr=0&lr=all&cd=0%7C0%7C0%7C3&cv=1&br=844&bt=844&cs=0&ds=3&ft=c2YTctGHQPRUZxfusdr~kwPqYldQIKDEE-TerrNqq_45a&mime_type=video_mp4&qs=0&rc=MzgzZTU7PDQ3aDhpPGc7ZkBpM2o1aXU5cjppdTMzNGkzM0AyYzYvLWEvNjYxNC1eLjMyYSMuLmUxMmQ0ZGxgLS1kLWFzcw%3D%3D&btag=80000e00028000&cquery=100B_100H_100K_100o_101r&dy_q=1760969609&feature_id=aa7df520beeae8e397df15f38df0454c&l=20251020221329FF810B6B17C3D024C6A3', 'https://v5-dy-o-abtest.zjcdn.com/4e5f9b3e3ba081517018bd896832df77/68f66e2f/video/tos/cn/tos-cn-ve-0015c800/oYghRAC128iwAeGbjLf6eAS4IAsD5IwA0DfNEx/?a=6383&ch=10010&cr=3&dr=0&lr=all&cd=0%7C0%7C0%7C3&cv=1&br=844&bt=844&cs=0&ds=3&ft=c2YTctGHQPRUZxfusdr~kwPqYldQIKDEE-TerrNqq_45a&mime_type=video_mp4&qs=0&rc=MzgzZTU7PDQ3aDhpPGc7ZkBpM2o1aXU5cjppdTMzNGkzM0AyYzYvLWEvNjYxNC1eLjMyYSMuLmUxMmQ0ZGxgLS1kLWFzcw%3D%3D&btag=80000e00028000&cquery=100K_100o_101r_100B_100H&dy_q=1760969609&feature_id=aa7df520beeae8e397df15f38df0454c&l=20251020221329FF810B6B17C3D024C6A3', 'https://www.douyin.com/aweme/v1/play/?video_id=v0d00fg10000crofg77og65r4fh21g10&line=0&file_id=5c681da90f754e949129d8022b90f550&sign=5539669580da1224f7695504b115aad3&is_play_url=1&source=PackSourceEnum_PUBLISH'], 'width': 720, 'height': 1280, 'url_key': 'v0d00fg10000crofg77og65r4fh21g10_h264_720p_864757', 'data_size': 12803168, 'file_hash': '5539669580da1224f7695504b115aad3', 'file_cs': 'c:0-129841-0752'}, 'raw_cover': {'uri': 'tos-cn-i-dy/779067cdc03e40619f1358615baa2c72', 'url_list': ['https://p3-pc-sign.douyinpic.com/tos-cn-i-dy/779067cdc03e40619f1358615baa2c72~tplv-dy-cropcenter:323:430.jpeg?lk3s=138a59ce&x-expires=2076328800&x-signature=SnV6d3IhhUed82OLjI56Sm0QcZU%3D&from=327834062&s=PackSourceEnum_PUBLISH&se=true&sh=323_430&sc=cover&biz_tag=pcweb_cover&l=20251020221329FF810B6B17C3D024C6A3', 'https://p3-pc-sign.douyinpic.com/obj/tos-cn-i-dy/779067cdc03e40619f1358615baa2c72?lk3s=138a59ce&x-expires=2076328800&x-signature=dQhXvVCNaEJSkNN6Jk3EHxlA2C0%3D&from=327834062&s=PackSourceEnum_PUBLISH&se=false&sc=cover&biz_tag=pcweb_cover&l=20251020221329FF810B6B17C3D024C6A3'], 'width': 720, 'height': 720}, 'is_long_video': 1, 'animated_cover': {'uri': 'tos-cn-i-dy/779067cdc03e40619f1358615baa2c72', 'url_list': ['https://p3-pc-sign.douyinpic.com/obj/tos-cn-i-dy/779067cdc03e40619f1358615baa2c72?lk3s=138a59ce&x-expires=1762178400&x-signature=eaBVox%2FjXb0Tww1cy4rz8QoXBds%3D&from=327834062_large&s=PackSourceEnum_PUBLISH&se=false&sc=dynamic_cover&biz_tag=pcweb_cover&l=20251020221329FF810B6B17C3D024C6A3', 'https://p9-pc-sign.douyinpic.com/obj/tos-cn-i-dy/779067cdc03e40619f1358615baa2c72?lk3s=138a59ce&x-expires=1762178400&x-signature=0UvdAeHvtrVf5Cworwvk3CnpDyI%3D&from=327834062_large&s=PackSourceEnum_PUBLISH&se=false&sc=dynamic_cover&biz_tag=pcweb_cover&l=20251020221329FF810B6B17C3D024C6A3']}, 'gaussian_cover': {'uri': 'tos-cn-p-0015/oggFEABBQm9Nvg7c8f2RhQPRmEqe8Dpt8BEgAA', 'url_list': ['https://p3-pc-sign.douyinpic.com/tos-cn-p-0015/oggFEABBQm9Nvg7c8f2RhQPRmEqe8Dpt8BEgAA~tplv-tsj2vxp0zn-gaosi:40.jpeg?lk3s=138a59ce&x-expires=1792504800&x-signature=mp3X0yuu6mw4MBupGc5o6hkE35M%3D&from=327834062', 'https://p9-pc-sign.douyinpic.com/tos-cn-p-0015/oggFEABBQm9Nvg7c8f2RhQPRmEqe8Dpt8BEgAA~tplv-tsj2vxp0zn-gaosi:40.jpeg?lk3s=138a59ce&x-expires=1792504800&x-signature=QIqdXxXUg8%2FNSjQhb0uqri46%2FbE%3D&from=327834062'], 'width': 720, 'height': 720}, 'meta': '{"enable_manual_ladder":"1","format":"mp4","gear_vqm":"{\\"1080p_720p\\":2,\\"720p_540p\\":0}","hrids":"500000002","is_spatial_video":"0","isad":"0","loudness":"-20.6","peak":"0.8414","qprf":"1.000","sdgs":"[\\"normal_720_0\\",\\"low_720_0\\",\\"low_540_0\\",\\"adapt_low_540_0\\",\\"adapt_lowest_1080_1\\",\\"adapt_lowest_720_1\\",\\"adapt_540_1\\"]","sr_score":"1.000","strategy_tokens":"[\\"online\\",\\"strategy_iteration_ab02_0927\\",\\"strategy_iteration_ab01_0927\\"]","title_info":"{\\"bottom_res_add\\":[3.6,5.64,44.64,61.23,31.78,54.4,51.6,8.5,0.45,1.55,0.18,0.27,0.27,0,0],\\"bullet_zone\\":11.79,\\"progress_bar\\":[42.06,44.82,45.72],\\"ratio_br_l\\":[0,0,0,0,0,0],\\"ratio_edge_l\\":[0.38,0.49,0.62,0.68,0.71,0.73],\\"top_res_add\\":[0,0,23.14,80.09,51.64,0.09,24.73],\\"version\\":\\"v1.0\\"}","volume_info":"{\\"LoudnessRange\\":8.7,\\"MaximumShortTermLoudness\\":-15.6,\\"Version\\":2,\\"Loudness\\":-20.6,\\"LoudnessRangeEnd\\":-16.6,\\"LoudnessRangeStart\\":-25.3,\\"MaximumMomentaryLoudness\\":-9.5,\\"Metrics\\":{\\"Loudness\\":{\\"Integrated\\":-20.629},\\"Phase\\":{\\"RMSDownmixDiff\\":-1.012},\\"RMSStats\\":{\\"LRDiff\\":0.424,\\"LTotal\\":-23.116,\\"Peak\\":-1.471,\\"RTotal\\":-23.54},\\"Version\\":\\"1.4.2\\"},\\"Peak\\":0.8414}","vqs_origin":"0"}', 'video_model': '', 'is_source_HDR': 0, 'use_static_cover': True, 'big_thumbs': [{'img_num': 118, 'uri': 'tos-cn-p-0015/oMHEReBFQR2ANN8BghhDfAE9gcAFHKPgtuHmQ8', 'img_url': 'https://p3-sign.douyinpic.com/tos-cn-p-0015/oMHEReBFQR2ANN8BghhDfAE9gcAFHKPgtuHmQ8~tplv-noop.image?cquery=100o_101r_100B_100H_100K&dy_q=1760969609&l=20251020221329FF810B6B17C3D024C6A3&x-expires=1760980527&x-signature=rebdnm1ze32Q3P4KtuvQ3N7OgDY%3D', 'img_x_size': 136, 'img_y_size': 240, 'img_x_len': 5, 'img_y_len': 5, 'duration': 118.4, 'interval': 1, 'fext': 'jpg', 'uris': ['tos-cn-p-0015/oMHEReBFQR2ANN8BghhDfAE9gcAFHKPgtuHmQ8', 'tos-cn-p-0015/oUA8ARfDNQ2f9BmAR88EP8gPhBLA4EgRFHscQg', 'tos-cn-p-0015/ooQ9gNmAPL0RicEhDAQBg8F3cqHBRgf2EeAQ8F', 'tos-cn-p-0015/o0siAhAIf5gAwNFbAjPg2e4LiefxigD0CGIEAD', 'tos-cn-p-0015/ogfERD5efhibLCAsgAFI2eAGAIaD0iL4jiwogP'], 'img_urls': ['https://p3-sign.douyinpic.com/tos-cn-p-0015/oMHEReBFQR2ANN8BghhDfAE9gcAFHKPgtuHmQ8~tplv-noop.image?cquery=100o_101r_100B_100H_100K&dy_q=1760969609&l=20251020221329FF810B6B17C3D024C6A3&x-expires=1760980527&x-signature=rebdnm1ze32Q3P4KtuvQ3N7OgDY%3D', 'https://p3-sign.douyinpic.com/tos-cn-p-0015/oUA8ARfDNQ2f9BmAR88EP8gPhBLA4EgRFHscQg~tplv-noop.image?cquery=101r_100B_100H_100K_100o&dy_q=1760969609&l=20251020221329FF810B6B17C3D024C6A3&x-expires=1760980527&x-signature=R7iHirqGGEqQpzNQsmaVTMPCpz0%3D', 'https://p3-sign.douyinpic.com/tos-cn-p-0015/ooQ9gNmAPL0RicEhDAQBg8F3cqHBRgf2EeAQ8F~tplv-noop.image?cquery=101r_100B_100H_100K_100o&dy_q=1760969609&l=20251020221329FF810B6B17C3D024C6A3&x-expires=1760980527&x-signature=YUg4PisQ3opI8R7AJRs25wBxRmI%3D', 'https://p3-sign.douyinpic.com/tos-cn-p-0015/o0siAhAIf5gAwNFbAjPg2e4LiefxigD0CGIEAD~tplv-noop.image?cquery=101r_100B_100H_100K_100o&dy_q=1760969609&l=20251020221329FF810B6B17C3D024C6A3&x-expires=1760980527&x-signature=sN3KVwXxdI%2BQDMgfw%2FVuWHK25zI%3D', 'https://p3-sign.douyinpic.com/tos-cn-p-0015/ogfERD5efhibLCAsgAFI2eAGAIaD0iL4jiwogP~tplv-noop.image?cquery=100K_100o_101r_100B_100H&dy_q=1760969609&l=20251020221329FF810B6B17C3D024C6A3&x-expires=1760980527&x-signature=VtJGl45P1IU9KhhJvS17nw493Z8%3D']}]}, 'item_aigc_follow_shot': 1, 'user_digged': 0, 'statistics': {'recommend_count': 4, 'comment_count': 1, 'digg_count': 97, 'admire_count': 0, 'play_count': 0, 'share_count': 24, 'collect_count': 27}, 'status': {'not_allow_soft_del_reason': 'ab', 'is_delete': False, 'allow_share': True, 'review_result': {'review_status': 0}, 'allow_friend_recommend_guide': True, 'part_see': 0, 'private_status': 0, 'listen_video_status': 2, 'in_reviewing': False, 'allow_self_recommend_to_friend': True, 'allow_friend_recommend': True, 'is_prohibited': False, 'enable_soft_delete': 0}, 'flash_mob_trends': 0, 'text_extra': [{'start': 21, 'end': 26, 'type': 1, 'hashtag_name': '幼儿教育', 'hashtag_id': '1591352385275918', 'is_commerce': False, 'caption_start': 21, 'caption_end': 26}, {'start': 27, 'end': 30, 'type': 1, 'hashtag_name': '育儿', 'hashtag_id': '1767586940916743', 'is_commerce': False, 'caption_start': 27, 'caption_end': 30}, {'start': 31, 'end': 36, 'type': 1, 'hashtag_name': '家庭教育', 'hashtag_id': '1767586804947975', 'is_commerce': False, 'caption_start': 31, 'caption_end': 36}, {'start': 37, 'end': 42, 'type': 1, 'hashtag_name': '亲子关系', 'hashtag_id': '1595199377513476', 'is_commerce': False, 'caption_start': 37, 'caption_end': 42}, {'start': 43, 'end': 48, 'type': 1, 'hashtag_name': '父母课堂', 'hashtag_id': '1600624540786695', 'is_commerce': False, 'caption_start': 43, 'caption_end': 48}], 'is_top': 0, 'mv_info': None, 'share_info': {'share_url': 'https://www.iesdouyin.com/share/video/7417701488270576911/?region=US&mid=7417700577515162431&u_code=0&did=MS4wLjABAAAAvCMmrvAxedjvycgJ9K0iX5KdtDHpyq-etIWoeicy6xniB0XMxRYv3S-CyP_GdsPs&iid=MS4wLjABAAAANwkJuWIRFOzg5uCpDRpMj4OX-QryoDgn-yYlXQnRwQQ&with_sec_did=1&video_share_track_ver=&titleType=title&share_sign=FHCOMSuSjZj.bqSzcBmJ_Lb9zhYDBcmqNzWapLYTCmg-&share_version=290100&ts=1760969609&from_aid=6383&from_ssr=1&share_track_info=%7B%22link_description_type%22%3A%22%22%7D', 'share_link_desc': '9.94 12/11 DHV:/ m@D.Ul 在不确定的环境下，父母用什么来保护儿童？ # 幼儿教育 # 育儿 # 家庭教育 # 亲子关系 # 父母课堂  %s 复制此链接，打开Dou音搜索，直接观看视频！'}, 'caption_template_id': 0, 'video_labels': None, 'shoot_way': '', 'is_ads': False, 'duration': 118444, 'aweme_type': 0, 'is_new_text_mode': 0, 'ai_follow_images': None, 'image_infos': None, 'risk_infos': {'vote': False, 'warn': False, 'risk_sink': False, 'type': 0, 'content': ''}, 'entertainment_video_type': 3, 'chapter_bar_color': None, 'position': None, 'uniqid_position': None, 'comment_list': None, 'author_user_id': 1965574329213736, 'product_genre_info': {'product_genre_type': 2, 'material_genre_sub_type_set': [4], 'special_info': {'recommend_group_name': 0}}, 'geofencing': [], 'is_from_ad_auth': False, 'is_moment_story': 0, 'region': '', 'video_text': None, 'video_share_edit_status': 0, 'collect_stat': 0, 'label_top_text': None, 'promotions': [], 'group_id': '7417701488270576911', 'prevent_download': False, 'nickname_position': None, 'challenge_position': None, 'trends_event_track': '{}', 'enable_comment_sticker_rec': False, 'mark_largely_following': False, 'long_video': None, 'aweme_listen_struct': {'trace_info': '{"copyright_not_speech":"false","copyright_reason":"has_listen_cp_new","copyright_tag_hit":"","copyright_use_aed_default":"false","copyright_use_tag_default":"false","cp_ab":"true","desc":"","duration_over":"false","hit_high_risk":"false","media_type":"4","reason":"hit_ab_0","show":"false"}'}, 'component_control': {'data_source_url': '/aweme/v1/web/aweme/post/'}, 'friend_recommend_info': {'friend_recommend_source': 10, 'label_user_list': None, 'disable_friend_recommend_guide_label': False}, 'nearby_hot_comment': None, 'interaction_stickers': None, 'can_cache_to_local': True, 'origin_comment_ids': None, 'commerce_config_data': None, 'douplus_user_type': 0, 'video_control': {'allow_download': False, 'share_type': 0, 'show_progress_bar': 1, 'draft_progress_bar': 1, 'allow_duet': True, 'allow_react': False, 'prevent_download_type': 2, 'allow_dynamic_wallpaper': False, 'timer_status': 1, 'allow_music': True, 'allow_stitch': False, 'allow_douplus': True, 'allow_share': True, 'share_grayed': False, 'download_ignore_visibility': False, 'duet_ignore_visibility': False, 'share_ignore_visibility': False, 'download_info': {'level': 1, 'fail_info': {'code': 290002, 'reason': 'isolation_content', 'msg': '视频暂时无法保存，链接已复制'}}, 'duet_info': {'level': 0}, 'allow_record': True, 'disable_record_reason': '', 'timer_info': {'public_time': 1727773200, 'timer_status': 0}}, 'aweme_control': {'can_forward': True, 'can_share': True, 'can_comment': True, 'can_show_comment': True}, 'interest_points': None, 'is_25_story': 0, 'aweme_type_tags': '', 'entertainment_video_paid_way': {'paid_ways': [], 'paid_type': 0, 'enable_use_new_ent_data': False}, 'anchors': None, 'hybrid_label': None, 'geofencing_regions': None, 'select_anchor_expanded_content': 0, 'aweme_acl': {'download_mask_panel': {'code': 1, 'show_type': 0}}, 'ent_log_extra': {'log_extra': '{"global_log_extra":null,"page_log_extra":null,"aweme_log_extra":{"ce_current_group_id":"7417701488270576911","author_id":"1965574329213736"},"extra_log_extra":null}'}, 'is_story': 0, 'publish_plus_alienation': {'alienation_type': 0}, 'trends_infos': None, 'follow_shot_assets': None, 'cover_labels': None, 'series_basic_info': {}, 'origin_duet_resource_uri': '', 'guide_btn_type': 0, 'cf_assets_type': 0, 'personal_page_botton_diagnose_style': 0, 'images': None, 'relation_labels': None, 'is_moment_history': 0, 'impression_data': {'group_id_list_a': [], 'group_id_list_b': [], 'similar_id_list_a': None, 'similar_id_list_b': None, 'group_id_list_c': [], 'group_id_list_d': []}, 'game_tag_info': {'is_game': False}, 'is_24_story': 0, 'libfinsert_task_id': '', 'social_tag_list': None, 'show_follow_button': {}, 'duet_aggregate_in_music_tab': False, 'is_duet_sing': False, 'comment_permission_info': {'comment_permission_status': 0, 'can_comment': True, 'item_detail_entry': False, 'press_entry': False, 'toast_guide': False}, 'original_images': None, 'series_paid_info': {'series_paid_status': 0, 'item_price': 0}, 'img_bitrate': None, 'comment_gid': 7417701488270576911, 'image_album_music_info': {'begin_time': -1, 'end_time': -1, 'volume': -1}, 'video_tag': [{'tag_id': 2024, 'tag_name': '亲子', 'level': 1}, {'tag_id': 2024006, 'tag_name': '母婴', 'level': 2}, {'tag_id': 2024006003, 'tag_name': '育儿知识', 'level': 3}], 'is_collects_selected': 0, 'chapter_list': None, 'feed_comment_config': {'input_config_text': '善语结善缘，恶言伤人心', 'author_audit_status': 0, 'common_flags': '{"hashtag":"[{\\"name\\":\\"家庭教育\\",\\"id\\":1767586804947975},{\\"name\\":\\"亲子关系\\",\\"id\\":1595199377513476},{\\"name\\":\\"幼儿教育\\",\\"id\\":1591352385275918},{\\"name\\":\\"父母课堂\\",\\"id\\":1600624540786695},{\\"name\\":\\"育儿\\",\\"id\\":1767586940916743}]","item_author_nickname":"孙瑞雪聊教育","video_labels_v2_tag1":"母婴","video_labels_v2_tag2":"育儿理念"}'}, 'is_image_beat': False, 'dislike_dimension_list': None, 'standard_bar_info_list': None, 'photo_search_entrance': {'ecom_type': 0}, 'is_life_item': False, 'image_list': None, 'component_info_v2': '{"desc_lines_limit":0,"hide_marquee":false}', 'item_warn_notification': {'type': 0, 'show': False, 'content': ''}, 'origin_text_extra': None, 'disable_relation_bar': 0, 'packed_clips': None, 'author_mask_tag': 0, 'user_recommend_status': 1, 'collection_corner_mark': 0, 'is_share_post': False, 'image_comment': {}, 'visual_search_info': {'is_show_img_entrance': False, 'is_ecom_img': False, 'is_high_accuracy_ecom': False, 'is_high_recall_ecom': False}, 'tts_id_list': None, 'ref_tts_id_list': None, 'voice_modify_id_list': None, 'ref_voice_modify_id_list': None, 'authentication_token': 'MS4wLjAAAAAAwi2vVNBKL0SZ4GV5yl369m09o3Lx8fvZqXObjGlm8xiufgFrY8362_toOmv6eNgnyKwq3SZ6gWSGATPkIWV9XMFNhKqo7ePgLrZmSH6ZIxRH4XVoh0GT7G38oNK2xBx5BlOoQR-GmBJ4cJ-cIdm_Bd2YOLAtgvxOlA5YStSrPZ1v7SDMoqGvRGW5bK7WNWYxmK7tu0ZB14-qH1DPgEY_g2UqrMNxvdpkAMCTW_P73w_TX7giVHNKPU7Sv7VQ4NVy', 'video_game_data_channel_config': {}, 'dislike_dimension_list_v2': None, 'distribute_circle': {'distribute_type': 0, 'campus_block_interaction': False, 'is_campus': False}, 'image_crop_ctrl': 0, 'yumme_recreason': None, 'slides_music_beats': None, 'jump_tab_info_list': None, 'media_type': 4, 'reply_smart_emojis': None, 'activity_video_type': -1, 'boost_status': 0, 'create_scale_type': None, 'entertainment_product_info': {'sub_title': None, 'market_info': {'limit_free': {'in_free': False}, 'marketing_tag': None}}, 'caption': '在不确定的环境下，父母用什么来保护儿童？ #幼儿教育 #育儿 #家庭教育 #亲子关系 #父母课堂', 'item_title': '', 'is_use_music': False, 'original': 0, 'xigua_base_info': {'status': 0, 'star_altar_order_id': 0, 'star_altar_type': 0, 'item_id': 0}}, {'aweme_id': '7417701134644677903', 'desc': '爱和自由教育对儿童的意义。 #幼儿教育 #育儿 #家庭教育 #亲子关系 #父母课堂', 'create_time': 1727514000, 'author': {'uid': '1965574329213736', 'card_entries_not_display': None, 'nickname': '孙瑞雪聊教育', 'personal_tag_list': None, 'homepage_bottom_toast': None, 'avatar_thumb': {'uri': '100x100/aweme-avatar/tos-cn-avt-0015_afee5b125df955a19af4c41159ad1295', 'url_list': ['https://p3-pc.douyinpic.com/aweme/100x100/aweme-avatar/tos-cn-avt-0015_afee5b125df955a19af4c41159ad1295.jpeg?from=327834062'], 'width': 720, 'height': 720}, 'batch_unfollow_contain_tabs': None, 'not_seen_item_id_list': None, 'follow_status': 0, 'contrail_list': None, 'story_interactive': 0, 'data_label_list': None, 'custom_verify': '', 'follower_list_secondary_information_struct': None, 'display_info': None, 'interest_tags': None, 'account_cert_info': '{}', 'user_tags': None, 'share_info': {'share_url': '', 'share_weibo_desc': '', 'share_desc': '', 'share_title': '', 'share_qrcode_url': {'uri': '31b0500316c4e154852bc', 'url_list': ['https://p3-pc-sign.douyinpic.com/obj/31b0500316c4e154852bc?lk3s=138a59ce&x-expires=1760990400&x-signature=VnOegD8kfOkclbkCT%2BIUAVSkQl4%3D&from=327834062'], 'width': 720, 'height': 720}, 'share_title_myself': '', 'share_title_other': '', 'share_desc_info': ''}, 'can_set_geofencing': None, 'sec_uid': 'MS4wLjABAAAAnAFnkWlOm9jteymsi42fanYLMzfbqdGIwCILEUqDNmFyjfK9N8fSJdS_D2UWk_we', 'need_points': None, 'enterprise_verify_reason': '', 'is_ad_fake': False, 'story_ttl': 0, 'user_permissions': None, 'card_entries': None, 'creator_tag_list': None, 'offline_info_list': None, 'text_extra': None, 'card_sort_priority': None, 'prevent_download': False, 'special_people_labels': None, 'white_cover_url': None, 'endorsement_info_list': None, 'follower_status': 0, 'profile_mob_params': None, 'familiar_visitor_user': None, 'avatar_schema_list': None, 'cover_url': [{'uri': 'c8510002be9a3a61aad2', 'url_list': ['https://p3-pc-sign.douyinpic.com/obj/c8510002be9a3a61aad2?lk3s=138a59ce&x-expires=1762178400&x-signature=bEz6E0nbTH1458RtDsUU87G74Mk%3D&from=327834062'], 'width': 720, 'height': 720}], 'cf_list': None, 'im_role_ids': None, 'not_seen_item_id_list_v2': None, 'signature_extra': None, 'risk_notice_text': '', 'ban_user_functions': None, 'profile_component_disabled': None, 'verification_permission_ids': None, 'identity_labels': None, 'private_relation_list': None, 'link_item_list': None, 'batch_unfollow_relation_desc': None}, 'music': {'id': 7417700961398967059, 'id_str': '7417700961398967059', 'title': '@孙瑞雪聊教育创作的原声', 'author': '孙瑞雪聊教育', 'album': '', 'cover_hd': {'uri': '1080x1080/aweme-avatar/tos-cn-avt-0015_afee5b125df955a19af4c41159ad1295', 'url_list': ['https://p3-pc.douyinpic.com/aweme/1080x1080/aweme-avatar/tos-cn-avt-0015_afee5b125df955a19af4c41159ad1295.jpeg?from=327834062'], 'width': 720, 'height': 720}, 'cover_large': {'uri': '1080x1080/aweme-avatar/tos-cn-avt-0015_afee5b125df955a19af4c41159ad1295', 'url_list': ['https://p3-pc.douyinpic.com/aweme/1080x1080/aweme-avatar/tos-cn-avt-0015_afee5b125df955a19af4c41159ad1295.jpeg?from=327834062'], 'width': 720, 'height': 720}, 'cover_medium': {'uri': '720x720/aweme-avatar/tos-cn-avt-0015_afee5b125df955a19af4c41159ad1295', 'url_list': ['https://p3-pc.douyinpic.com/aweme/720x720/aweme-avatar/tos-cn-avt-0015_afee5b125df955a19af4c41159ad1295.jpeg?from=327834062'], 'width': 720, 'height': 720}, 'cover_thumb': {'uri': '100x100/aweme-avatar/tos-cn-avt-0015_afee5b125df955a19af4c41159ad1295', 'url_list': ['https://p3-pc.douyinpic.com/aweme/100x100/aweme-avatar/tos-cn-avt-0015_afee5b125df955a19af4c41159ad1295.jpeg?from=327834062'], 'width': 720, 'height': 720}, 'play_url': {'uri': 'https://lf26-music-east.douyinstatic.com/obj/ies-music-hj/7417701208191748924.mp3', 'url_list': ['https://lf26-music-east.douyinstatic.com/obj/ies-music-hj/7417701208191748924.mp3', 'https://lf9-music-east.douyinstatic.com/obj/ies-music-hj/7417701208191748924.mp3'], 'width': 720, 'height': 720, 'url_key': '7417700961398967059'}, 'schema_url': '', 'source_platform': 23, 'start_time': 0, 'end_time': 0, 'duration': 88, 'extra': '{"aed_music_score":0,"aed_singing_score":0,"aggregate_exempt_conf":[],"beats":{},"cover_colors":null,"douyin_beats_info":{},"dsp_switch":0,"extract_item_id":7417701134644677903,"has_edited":0,"hit_high_follow_auto":false,"hit_high_follow_extend":false,"hit_high_follow_original":false,"hotsoon_review_time":-1,"is_aed_music":0,"is_high_follow_user":false,"is_red":0,"is_subsidy_exp":false,"music_label_id":null,"music_tagging":{"AEDs":["non_vocal"],"Genres":["Easy Listening"],"Instruments":null,"Languages":["non_vocal"],"Moods":["Chill","Romantic"],"SingingVersions":["Seed"],"Themes":["Autumn"]},"review_unshelve_reason":0,"reviewed":0,"schedule_search_time":0,"uniqa_speech_score":0.92,"with_aed_model":1}', 'user_count': 0, 'position': None, 'collect_stat': 0, 'status': 1, 'offline_desc': '', 'owner_id': '1965574329213736', 'owner_nickname': '孙瑞雪聊教育', 'is_original': False, 'mid': '7417700961398967059', 'binded_challenge_id': 0, 'redirect': False, 'is_restricted': False, 'author_deleted': False, 'is_del_video': False, 'is_video_self_see': False, 'owner_handle': '63566855132', 'author_position': None, 'prevent_download': False, 'unshelve_countries': None, 'prevent_item_download_status': 0, 'external_song_info': [], 'sec_uid': 'MS4wLjABAAAAnAFnkWlOm9jteymsi42fanYLMzfbqdGIwCILEUqDNmFyjfK9N8fSJdS_D2UWk_we', 'avatar_thumb': {'uri': '100x100/aweme-avatar/tos-cn-avt-0015_afee5b125df955a19af4c41159ad1295', 'url_list': ['https://p3-pc.douyinpic.com/aweme/100x100/aweme-avatar/tos-cn-avt-0015_afee5b125df955a19af4c41159ad1295.jpeg?from=327834062'], 'width': 720, 'height': 720}, 'avatar_medium': {'uri': '720x720/aweme-avatar/tos-cn-avt-0015_afee5b125df955a19af4c41159ad1295', 'url_list': ['https://p3-pc.douyinpic.com/aweme/720x720/aweme-avatar/tos-cn-avt-0015_afee5b125df955a19af4c41159ad1295.jpeg?from=327834062'], 'width': 720, 'height': 720}, 'avatar_large': {'uri': '1080x1080/aweme-avatar/tos-cn-avt-0015_afee5b125df955a19af4c41159ad1295', 'url_list': ['https://p3-pc.douyinpic.com/aweme/1080x1080/aweme-avatar/tos-cn-avt-0015_afee5b125df955a19af4c41159ad1295.jpeg?from=327834062'], 'width': 720, 'height': 720}, 'preview_start_time': 0, 'preview_end_time': 0, 'is_commerce_music': False, 'is_original_sound': True, 'audition_duration': 88, 'shoot_duration': 88, 'reason_type': 0, 'artists': [], 'lyric_short_position': None, 'mute_share': False, 'tag_list': None, 'dmv_auto_show': False, 'is_pgc': False, 'is_matched_metadata': False, 'is_audio_url_with_cookie': False, 'music_chart_ranks': None, 'can_background_play': True, 'music_status': 1, 'video_duration': 88, 'pgc_music_type': 2, 'author_status': 1, 'search_impr': {'entity_id': '7417700961398967059'}, 'artist_user_infos': None, 'dsp_status': 10, 'musician_user_infos': None, 'music_collect_count': 0, 'music_cover_atmosphere_color_value': '', 'show_origin_clip': False}, 'effect_inflow_effects': None, 'video': {'play_addr': {'uri': 'v0300fg10000croffifog65lv0330cig', 'url_list': ['https://v5-dy-o-abtest.zjcdn.com/6dca0653122a5ed37683319e4e9ceebe/68f66e11/video/tos/cn/tos-cn-ve-15/ooK2rwEPxP8VAhMBDAfJe6AQDfAqFCgZgESbeI/?a=6383&ch=10010&cr=3&dr=0&lr=all&cd=0%7C0%7C0%7C3&cv=1&br=709&bt=709&cs=0&ds=3&ft=c2YTctGHQPRUZxfusdr~kwPqYldQIKDEE-TerrNqq_45a&mime_type=video_mp4&qs=0&rc=ZmhmOjNpaTRpNTg0aTo2aUBpamY2M285cmxpdTMzNGkzM0BhLmEyNS4zXy8xYzIuNF8vYSNmLTBzMmRjY2xgLS1kLTBzcw%3D%3D&btag=80000e00028000&cquery=101r_100B_100H_100K_100o&dy_q=1760969609&feature_id=aa7df520beeae8e397df15f38df0454c&l=20251020221329FF810B6B17C3D024C6A3', 'https://v5-dy-o-abtest.zjcdn.com/6dca0653122a5ed37683319e4e9ceebe/68f66e11/video/tos/cn/tos-cn-ve-15/ooK2rwEPxP8VAhMBDAfJe6AQDfAqFCgZgESbeI/?a=6383&ch=10010&cr=3&dr=0&lr=all&cd=0%7C0%7C0%7C3&cv=1&br=709&bt=709&cs=0&ds=3&ft=c2YTctGHQPRUZxfusdr~kwPqYldQIKDEE-TerrNqq_45a&mime_type=video_mp4&qs=0&rc=ZmhmOjNpaTRpNTg0aTo2aUBpamY2M285cmxpdTMzNGkzM0BhLmEyNS4zXy8xYzIuNF8vYSNmLTBzMmRjY2xgLS1kLTBzcw%3D%3D&btag=80000e00028000&cquery=100K_100o_101r_100B_100H&dy_q=1760969609&feature_id=aa7df520beeae8e397df15f38df0454c&l=20251020221329FF810B6B17C3D024C6A3', 'https://www.douyin.com/aweme/v1/play/?video_id=v0300fg10000croffifog65lv0330cig&line=0&file_id=2fb3771f51f5422fb16f1f8057dc1edc&sign=246274f57d3098de9d919d8df44f7a70&is_play_url=1&source=PackSourceEnum_PUBLISH'], 'width': 720, 'height': 1280, 'url_key': 'v0300fg10000croffifog65lv0330cig_h264_720p_726744', 'data_size': 8013449, 'file_hash': '246274f57d3098de9d919d8df44f7a70', 'file_cs': 'c:0-97085-a02b'}, 'cover': {'uri': 'tos-cn-i-dy/278916db6ae049439ae68214aeae0f00', 'url_list': ['https://p3-pc-sign.douyinpic.com/tos-cn-i-dy/278916db6ae049439ae68214aeae0f00~tplv-dy-cropcenter:323:430.jpeg?lk3s=138a59ce&x-expires=2076328800&x-signature=%2FmiqMQOCFaxZpQacRud3sCFZnfQ%3D&from=327834062&s=PackSourceEnum_PUBLISH&se=true&sh=323_430&sc=cover&biz_tag=pcweb_cover&l=20251020221329FF810B6B17C3D024C6A3', 'https://p3-pc-sign.douyinpic.com/obj/tos-cn-i-dy/278916db6ae049439ae68214aeae0f00?lk3s=138a59ce&x-expires=2076328800&x-signature=En%2F6px%2F%2F%2BQ0G%2BgsxBlrKJ4KbGLY%3D&from=327834062&s=PackSourceEnum_PUBLISH&se=false&sc=cover&biz_tag=pcweb_cover&l=20251020221329FF810B6B17C3D024C6A3'], 'width': 720, 'height': 720}, 'height': 1920, 'width': 1080, 'dynamic_cover': {'uri': 'tos-cn-i-dy/278916db6ae049439ae68214aeae0f00', 'url_list': ['https://p3-pc-sign.douyinpic.com/obj/tos-cn-i-dy/278916db6ae049439ae68214aeae0f00?lk3s=138a59ce&x-expires=1762178400&x-signature=T1Kr9%2BUlif2Foxo6%2FBrkGnjBL14%3D&from=327834062_large&s=PackSourceEnum_PUBLISH&se=false&sc=dynamic_cover&biz_tag=pcweb_cover&l=20251020221329FF810B6B17C3D024C6A3', 'https://p9-pc-sign.douyinpic.com/obj/tos-cn-i-dy/278916db6ae049439ae68214aeae0f00?lk3s=138a59ce&x-expires=1762178400&x-signature=5PfxWqfQUyWMVZ0BXM4hRtFnU6I%3D&from=327834062_large&s=PackSourceEnum_PUBLISH&se=false&sc=dynamic_cover&biz_tag=pcweb_cover&l=20251020221329FF810B6B17C3D024C6A3'], 'width': 720, 'height': 720}, 'origin_cover': {'uri': 'tos-cn-p-0015/oEBfhAA59MDZjIgbfwLeCEAGy7CyeUg42vGXDT', 'url_list': ['https://p3-pc-sign.douyinpic.com/tos-cn-p-0015/oEBfhAA59MDZjIgbfwLeCEAGy7CyeUg42vGXDT~tplv-dy-360p.jpeg?lk3s=138a59ce&x-expires=1762178400&x-signature=vv4FypxMgU9aXFeOYB%2BvAciVMN8%3D&from=327834062&s=PackSourceEnum_PUBLISH&se=false&sc=origin_cover&biz_tag=pcweb_cover&l=20251020221329FF810B6B17C3D024C6A3', 'https://p9-pc-sign.douyinpic.com/tos-cn-p-0015/oEBfhAA59MDZjIgbfwLeCEAGy7CyeUg42vGXDT~tplv-dy-360p.jpeg?lk3s=138a59ce&x-expires=1762178400&x-signature=ft%2BbLc0noc3mj8CIpxtTd0FWDWE%3D&from=327834062&s=PackSourceEnum_PUBLISH&se=false&sc=origin_cover&biz_tag=pcweb_cover&l=20251020221329FF810B6B17C3D024C6A3'], 'width': 360, 'height': 640}, 'ratio': '720p', 'format': 'mp4', 'audio': {'original_sound_infos': None}, 'bit_rate': [{'gear_name': 'normal_720_0', 'quality_type': 10, 'bit_rate': 726744, 'play_addr': {'uri': 'v0300fg10000croffifog65lv0330cig', 'url_list': ['https://v5-dy-o-abtest.zjcdn.com/6dca0653122a5ed37683319e4e9ceebe/68f66e11/video/tos/cn/tos-cn-ve-15/ooK2rwEPxP8VAhMBDAfJe6AQDfAqFCgZgESbeI/?a=6383&ch=10010&cr=3&dr=0&lr=all&cd=0%7C0%7C0%7C3&cv=1&br=709&bt=709&cs=0&ds=3&ft=c2YTctGHQPRUZxfusdr~kwPqYldQIKDEE-TerrNqq_45a&mime_type=video_mp4&qs=0&rc=ZmhmOjNpaTRpNTg0aTo2aUBpamY2M285cmxpdTMzNGkzM0BhLmEyNS4zXy8xYzIuNF8vYSNmLTBzMmRjY2xgLS1kLTBzcw%3D%3D&btag=80000e00028000&cquery=101r_100B_100H_100K_100o&dy_q=1760969609&feature_id=aa7df520beeae8e397df15f38df0454c&l=20251020221329FF810B6B17C3D024C6A3', 'https://v5-dy-o-abtest.zjcdn.com/6dca0653122a5ed37683319e4e9ceebe/68f66e11/video/tos/cn/tos-cn-ve-15/ooK2rwEPxP8VAhMBDAfJe6AQDfAqFCgZgESbeI/?a=6383&ch=10010&cr=3&dr=0&lr=all&cd=0%7C0%7C0%7C3&cv=1&br=709&bt=709&cs=0&ds=3&ft=c2YTctGHQPRUZxfusdr~kwPqYldQIKDEE-TerrNqq_45a&mime_type=video_mp4&qs=0&rc=ZmhmOjNpaTRpNTg0aTo2aUBpamY2M285cmxpdTMzNGkzM0BhLmEyNS4zXy8xYzIuNF8vYSNmLTBzMmRjY2xgLS1kLTBzcw%3D%3D&btag=80000e00028000&cquery=100K_100o_101r_100B_100H&dy_q=1760969609&feature_id=aa7df520beeae8e397df15f38df0454c&l=20251020221329FF810B6B17C3D024C6A3', 'https://www.douyin.com/aweme/v1/play/?video_id=v0300fg10000croffifog65lv0330cig&line=0&file_id=2fb3771f51f5422fb16f1f8057dc1edc&sign=246274f57d3098de9d919d8df44f7a70&is_play_url=1&source=PackSourceEnum_PUBLISH'], 'width': 720, 'height': 1280, 'url_key': 'v0300fg10000croffifog65lv0330cig_h264_720p_726744', 'data_size': 8013449, 'file_hash': '246274f57d3098de9d919d8df44f7a70', 'file_cs': 'c:0-97085-a02b'}, 'is_h265': 0, 'is_bytevc1': 0, 'HDR_type': '', 'HDR_bit': '', 'FPS': 30, 'video_extra': '{"PktOffsetMap":"[{\\"time\\": 1, \\"offset\\": 336900}, {\\"time\\": 2, \\"offset\\": 463541}, {\\"time\\": 3, \\"offset\\": 543617}, {\\"time\\": 4, \\"offset\\": 609427}, {\\"time\\": 5, \\"offset\\": 720218}, {\\"time\\": 10, \\"offset\\": 1230568}]","format":"mp4","definition":"720p","quality":"normal","file_id":"2fb3771f51f5422fb16f1f8057dc1edc","applog_map":{"feature_id":"aa7df520beeae8e397df15f38df0454c"},"audio_channels":"2.0","audio_sample_rate":"44100","audio_metrics":null,"audio_score":null}', 'format': 'mp4'}, {'gear_name': 'low_720_0', 'quality_type': 211, 'bit_rate': 715988, 'play_addr': {'uri': 'v0300fg10000croffifog65lv0330cig', 'url_list': ['https://v5-dy-o-abtest.zjcdn.com/1d6faef3e7af7f6cb5b092530355fa57/68f66e11/video/tos/cn/tos-cn-ve-15/o8A54AwMeMQFYEEb3wFfCEAiM1EhflIe2HDrDJ/?a=6383&ch=10010&cr=3&dr=0&lr=all&cd=0%7C0%7C0%7C3&cv=1&br=699&bt=699&cs=0&ds=3&ft=c2YTctGHQPRUZxfusdr~kwPqYldQIKDEE-TerrNqq_45a&mime_type=video_mp4&qs=1&rc=OjRoNDY7ZjRoOWQ8aTpoN0BpamY2M285cmxpdTMzNGkzM0AvMC0wMzE0XmAxNC1fYjI0YSNmLTBzMmRjY2xgLS1kLTBzcw%3D%3D&btag=80000e00028000&cquery=101r_100B_100H_100K_100o&dy_q=1760969609&feature_id=46a7bb47b4fd1280f3d3825bf2b29388&l=20251020221329FF810B6B17C3D024C6A3', 'https://v5-dy-o-abtest.zjcdn.com/1d6faef3e7af7f6cb5b092530355fa57/68f66e11/video/tos/cn/tos-cn-ve-15/o8A54AwMeMQFYEEb3wFfCEAiM1EhflIe2HDrDJ/?a=6383&ch=10010&cr=3&dr=0&lr=all&cd=0%7C0%7C0%7C3&cv=1&br=699&bt=699&cs=0&ds=3&ft=c2YTctGHQPRUZxfusdr~kwPqYldQIKDEE-TerrNqq_45a&mime_type=video_mp4&qs=1&rc=OjRoNDY7ZjRoOWQ8aTpoN0BpamY2M285cmxpdTMzNGkzM0AvMC0wMzE0XmAxNC1fYjI0YSNmLTBzMmRjY2xgLS1kLTBzcw%3D%3D&btag=80000e00028000&cquery=100o_101r_100B_100H_100K&dy_q=1760969609&feature_id=46a7bb47b4fd1280f3d3825bf2b29388&l=20251020221329FF810B6B17C3D024C6A3', 'https://www.douyin.com/aweme/v1/play/?video_id=v0300fg10000croffifog65lv0330cig&line=0&file_id=745ee7bf097a46cea17c4863310e3127&sign=4f7776be6a09991931532baef7ccec47&is_play_url=1&source=PackSourceEnum_PUBLISH'], 'width': 720, 'height': 1280, 'url_key': 'v0300fg10000croffifog65lv0330cig_h264_720p_715988', 'data_size': 7894852, 'file_hash': '4f7776be6a09991931532baef7ccec47', 'file_cs': 'c:0-73816-74a0|a:v0300fg10000croffifog65lv0330cig'}, 'is_h265': 0, 'is_bytevc1': 0, 'HDR_type': '', 'HDR_bit': '', 'FPS': 30, 'video_extra': '{"PktOffsetMap":"[{\\"time\\": 1, \\"offset\\": 323636}, {\\"time\\": 2, \\"offset\\": 462088}, {\\"time\\": 3, \\"offset\\": 545366}, {\\"time\\": 4, \\"offset\\": 609294}, {\\"time\\": 5, \\"offset\\": 721434}, {\\"time\\": 10, \\"offset\\": 1221494}]","format":"mp4","definition":"720p","quality":"low","file_id":"745ee7bf097a46cea17c4863310e3127","applog_map":{"feature_id":"46a7bb47b4fd1280f3d3825bf2b29388"},"audio_channels":"2.0","audio_sample_rate":"44100","audio_metrics":null,"audio_score":null}', 'format': 'mp4'}, {'gear_name': 'low_540_0', 'quality_type': 292, 'bit_rate': 686992, 'play_addr': {'uri': 'v0300fg10000croffifog65lv0330cig', 'url_list': ['https://v5-dy-o-abtest.zjcdn.com/a5a7bb9c487d0c04ecc21c108544f272/68f66e11/video/tos/cn/tos-cn-ve-15/oUQcxbgD2EeOYA2ArxIAvFECfrDXZwgb8fKJfM/?a=6383&ch=10010&cr=3&dr=0&lr=all&cd=0%7C0%7C0%7C3&cv=1&br=670&bt=670&cs=0&ds=6&ft=c2YTctGHQPRUZxfusdr~kwPqYldQIKDEE-TerrNqq_45a&mime_type=video_mp4&qs=1&rc=ODs1OGhoO2ZmZTo5OjpoPEBpamY2M285cmxpdTMzNGkzM0A1YTYzYTMyNmIxLi0yLzEuYSNmLTBzMmRjY2xgLS1kLTBzcw%3D%3D&btag=80000e00028000&cquery=101r_100B_100H_100K_100o&dy_q=1760969609&feature_id=46a7bb47b4fd1280f3d3825bf2b29388&l=20251020221329FF810B6B17C3D024C6A3', 'https://v5-dy-o-abtest.zjcdn.com/a5a7bb9c487d0c04ecc21c108544f272/68f66e11/video/tos/cn/tos-cn-ve-15/oUQcxbgD2EeOYA2ArxIAvFECfrDXZwgb8fKJfM/?a=6383&ch=10010&cr=3&dr=0&lr=all&cd=0%7C0%7C0%7C3&cv=1&br=670&bt=670&cs=0&ds=6&ft=c2YTctGHQPRUZxfusdr~kwPqYldQIKDEE-TerrNqq_45a&mime_type=video_mp4&qs=1&rc=ODs1OGhoO2ZmZTo5OjpoPEBpamY2M285cmxpdTMzNGkzM0A1YTYzYTMyNmIxLi0yLzEuYSNmLTBzMmRjY2xgLS1kLTBzcw%3D%3D&btag=80000e00028000&cquery=101r_100B_100H_100K_100o&dy_q=1760969609&feature_id=46a7bb47b4fd1280f3d3825bf2b29388&l=20251020221329FF810B6B17C3D024C6A3', 'https://www.douyin.com/aweme/v1/play/?video_id=v0300fg10000croffifog65lv0330cig&line=0&file_id=194e275706174bec9c586ede6592d885&sign=efa3ce3fc1079c6f7666981a4eda01d6&is_play_url=1&source=PackSourceEnum_PUBLISH'], 'width': 576, 'height': 1024, 'url_key': 'v0300fg10000croffifog65lv0330cig_h264_540p_686992', 'data_size': 7575126, 'file_hash': 'efa3ce3fc1079c6f7666981a4eda01d6', 'file_cs': 'c:0-73768-f9fd|a:v0300fg10000croffifog65lv0330cig'}, 'is_h265': 0, 'is_bytevc1': 0, 'HDR_type': '', 'HDR_bit': '', 'FPS': 30, 'video_extra': '{"PktOffsetMap":"[{\\"time\\": 1, \\"offset\\": 304708}, {\\"time\\": 2, \\"offset\\": 428733}, {\\"time\\": 3, \\"offset\\": 516270}, {\\"time\\": 4, \\"offset\\": 573347}, {\\"time\\": 5, \\"offset\\": 682915}, {\\"time\\": 10, \\"offset\\": 1154565}]","format":"mp4","definition":"540p","quality":"low","file_id":"194e275706174bec9c586ede6592d885","applog_map":{"feature_id":"46a7bb47b4fd1280f3d3825bf2b29388"},"audio_channels":"2.0","audio_sample_rate":"44100","audio_metrics":null,"audio_score":null}', 'format': 'mp4'}, {'gear_name': 'adapt_low_540_0', 'quality_type': 291, 'bit_rate': 463866, 'play_addr': {'uri': 'v0300fg10000croffifog65lv0330cig', 'url_list': ['https://v5-dy-o-abtest.zjcdn.com/62db246538810b9e1a731eadd1e63210/68f66e11/video/tos/cn/tos-cn-ve-15/okfwDfrJDEGMIXpZ8gbAFEAxQI2eAwgKXCvJxe/?a=6383&ch=10010&cr=3&dr=0&lr=all&cd=0%7C0%7C0%7C3&cv=1&br=452&bt=452&cs=0&ds=6&ft=c2YTctGHQPRUZxfusdr~kwPqYldQIKDEE-TerrNqq_45a&mime_type=video_mp4&qs=12&rc=OzpmNGk4aTRmOWQ3NzM8ZEBpamY2M285cmxpdTMzNGkzM0AwYjZhMDM2Ni0xMGNjNWM1YSNmLTBzMmRjY2xgLS1kLTBzcw%3D%3D&btag=80000e00028000&cquery=100B_100H_100K_100o_101r&dy_q=1760969609&feature_id=46a7bb47b4fd1280f3d3825bf2b29388&l=20251020221329FF810B6B17C3D024C6A3', 'https://v5-dy-o-abtest.zjcdn.com/62db246538810b9e1a731eadd1e63210/68f66e11/video/tos/cn/tos-cn-ve-15/okfwDfrJDEGMIXpZ8gbAFEAxQI2eAwgKXCvJxe/?a=6383&ch=10010&cr=3&dr=0&lr=all&cd=0%7C0%7C0%7C3&cv=1&br=452&bt=452&cs=0&ds=6&ft=c2YTctGHQPRUZxfusdr~kwPqYldQIKDEE-TerrNqq_45a&mime_type=video_mp4&qs=12&rc=OzpmNGk4aTRmOWQ3NzM8ZEBpamY2M285cmxpdTMzNGkzM0AwYjZhMDM2Ni0xMGNjNWM1YSNmLTBzMmRjY2xgLS1kLTBzcw%3D%3D&btag=80000e00028000&cquery=100B_100H_100K_100o_101r&dy_q=1760969609&feature_id=46a7bb47b4fd1280f3d3825bf2b29388&l=20251020221329FF810B6B17C3D024C6A3', 'https://www.douyin.com/aweme/v1/play/?video_id=v0300fg10000croffifog65lv0330cig&line=0&file_id=8af980f4f43a460c919f653fd19ce738&sign=779ce64badab8160e8496af16815999d&is_play_url=1&source=PackSourceEnum_PUBLISH'], 'width': 576, 'height': 1024, 'url_key': 'v0300fg10000croffifog65lv0330cig_h264_540p_463866', 'data_size': 5114828, 'file_hash': '779ce64badab8160e8496af16815999d', 'file_cs': 'c:0-73767-b459|a:v0300fg10000croffifog65lv0330cig'}, 'is_h265': 0, 'is_bytevc1': 0, 'HDR_type': '', 'HDR_bit': '', 'FPS': 30, 'video_extra': '{"PktOffsetMap":"[{\\"time\\": 1, \\"offset\\": 236861}, {\\"time\\": 2, \\"offset\\": 321307}, {\\"time\\": 3, \\"offset\\": 376042}, {\\"time\\": 4, \\"offset\\": 413412}, {\\"time\\": 5, \\"offset\\": 487633}, {\\"time\\": 10, \\"offset\\": 807751}]","format":"mp4","definition":"540p","quality":"adapt_low","file_id":"8af980f4f43a460c919f653fd19ce738","applog_map":{"feature_id":"46a7bb47b4fd1280f3d3825bf2b29388"},"audio_channels":"2.0","audio_sample_rate":"44100","audio_metrics":null,"audio_score":null}', 'format': 'mp4'}, {'gear_name': 'adapt_lowest_1080_1', 'quality_type': 2, 'bit_rate': 330059, 'play_addr': {'uri': 'v0300fg10000croffifog65lv0330cig', 'url_list': ['https://v5-dy-o-abtest.zjcdn.com/f78442ba3e9d6debfd7c659d59496d0b/68f66e11/video/tos/cn/tos-cn-ve-15/ownZDGvE2MAfgfXKpAgeMI8wQA8bxrDDfJDCFE/?a=6383&ch=10010&cr=3&dr=0&lr=all&cd=0%7C0%7C0%7C3&cv=1&br=322&bt=322&cs=2&ds=4&ft=c2YTctGHQPRUZxfusdr~kwPqYldQIKDEE-TerrNqq_45a&mime_type=video_mp4&qs=15&rc=NDkzaGk0Zzs1aGhmZzlnZ0BpamY2M285cmxpdTMzNGkzM0BhYGItMjQ1NTExMi8xX14tYSNmLTBzMmRjY2xgLS1kLTBzcw%3D%3D&btag=80000e00028000&cquery=100K_100o_101r_100B_100H&dy_q=1760969609&feature_id=c6de0308cacfd993ef282c8e1c646267&l=20251020221329FF810B6B17C3D024C6A3', 'https://v5-dy-o-abtest.zjcdn.com/f78442ba3e9d6debfd7c659d59496d0b/68f66e11/video/tos/cn/tos-cn-ve-15/ownZDGvE2MAfgfXKpAgeMI8wQA8bxrDDfJDCFE/?a=6383&ch=10010&cr=3&dr=0&lr=all&cd=0%7C0%7C0%7C3&cv=1&br=322&bt=322&cs=2&ds=4&ft=c2YTctGHQPRUZxfusdr~kwPqYldQIKDEE-TerrNqq_45a&mime_type=video_mp4&qs=15&rc=NDkzaGk0Zzs1aGhmZzlnZ0BpamY2M285cmxpdTMzNGkzM0BhYGItMjQ1NTExMi8xX14tYSNmLTBzMmRjY2xgLS1kLTBzcw%3D%3D&btag=80000e00028000&cquery=100H_100K_100o_101r_100B&dy_q=1760969609&feature_id=c6de0308cacfd993ef282c8e1c646267&l=20251020221329FF810B6B17C3D024C6A3', 'https://www.douyin.com/aweme/v1/play/?video_id=v0300fg10000croffifog65lv0330cig&line=0&file_id=0dadb64d2c5e4e42888d715f0ee0c6d1&sign=4519e8d19a3392bbaee55887cdc8b6e7&is_play_url=1&source=PackSourceEnum_PUBLISH'], 'width': 1080, 'height': 1920, 'url_key': 'v0300fg10000croffifog65lv0330cig_bytevc1_1080p_330059', 'data_size': 3639399, 'file_hash': '4519e8d19a3392bbaee55887cdc8b6e7', 'file_cs': 'c:0-74069-4b99'}, 'is_h265': 1, 'is_bytevc1': 1, 'HDR_type': '', 'HDR_bit': '', 'FPS': 30, 'video_extra': '{"PktOffsetMap":"[{\\"time\\": 1, \\"offset\\": 222315}, {\\"time\\": 2, \\"offset\\": 277308}, {\\"time\\": 3, \\"offset\\": 312814}, {\\"time\\": 4, \\"offset\\": 339620}, {\\"time\\": 5, \\"offset\\": 399420}, {\\"time\\": 10, \\"offset\\": 622535}]","format":"mp4","definition":"1080p","quality":"adapt_lowest","file_id":"0dadb64d2c5e4e42888d715f0ee0c6d1","applog_map":{"feature_id":"c6de0308cacfd993ef282c8e1c646267"},"mvmaf":"{\\"mvmaf_sr_v1080\\":-1,\\"mvmaf_sr_v960\\":-1,\\"mvmaf_sr_v864\\":-1,\\"mvmaf_sr_v720\\":-1,\\"mvmaf_ori_v1080\\":92.354,\\"mvmaf_ori_v960\\":93.075,\\"mvmaf_ori_v864\\":93.732,\\"mvmaf_ori_v720\\":94.483}","audio_channels":"2.0","audio_sample_rate":"44100","audio_metrics":null,"audio_score":null}', 'format': 'mp4'}, {'gear_name': 'adapt_lowest_720_1', 'quality_type': 15, 'bit_rate': 276244, 'play_addr': {'uri': 'v0300fg10000croffifog65lv0330cig', 'url_list': ['https://v5-dy-o-abtest.zjcdn.com/594d02f2b98e79ab8267077f64699296/68f66e11/video/tos/cn/tos-cn-ve-15/osHikmf1fAIye9PYkBfSeMevBAIDcAGCgfABpfi/?a=6383&ch=10010&cr=3&dr=0&lr=all&cd=0%7C0%7C0%7C3&cv=1&br=269&bt=269&cs=2&ds=3&ft=c2YTctGHQPRUZxfusdr~kwPqYldQIKDEE-TerrNqq_45a&mime_type=video_mp4&qs=15&rc=ZTU3ZjpoOzxlZTxpPGQ7aEBpamY2M285cmxpdTMzNGkzM0AxYy9gMDBjNWExX2EyLTM0YSNmLTBzMmRjY2xgLS1kLTBzcw%3D%3D&btag=80000e00028000&cquery=101r_100B_100H_100K_100o&dy_q=1760969609&feature_id=c6de0308cacfd993ef282c8e1c646267&l=20251020221329FF810B6B17C3D024C6A3', 'https://v5-dy-o-abtest.zjcdn.com/594d02f2b98e79ab8267077f64699296/68f66e11/video/tos/cn/tos-cn-ve-15/osHikmf1fAIye9PYkBfSeMevBAIDcAGCgfABpfi/?a=6383&ch=10010&cr=3&dr=0&lr=all&cd=0%7C0%7C0%7C3&cv=1&br=269&bt=269&cs=2&ds=3&ft=c2YTctGHQPRUZxfusdr~kwPqYldQIKDEE-TerrNqq_45a&mime_type=video_mp4&qs=15&rc=ZTU3ZjpoOzxlZTxpPGQ7aEBpamY2M285cmxpdTMzNGkzM0AxYy9gMDBjNWExX2EyLTM0YSNmLTBzMmRjY2xgLS1kLTBzcw%3D%3D&btag=80000e00028000&cquery=100o_101r_100B_100H_100K&dy_q=1760969609&feature_id=c6de0308cacfd993ef282c8e1c646267&l=20251020221329FF810B6B17C3D024C6A3', 'https://www.douyin.com/aweme/v1/play/?video_id=v0300fg10000croffifog65lv0330cig&line=0&file_id=7e680a59dfb94bdb89f83e37cc24f24b&sign=9d34806b04c4e262836e803c13d668c8&is_play_url=1&source=PackSourceEnum_PUBLISH'], 'width': 720, 'height': 1280, 'url_key': 'v0300fg10000croffifog65lv0330cig_bytevc1_720p_276244', 'data_size': 3046008, 'file_hash': '9d34806b04c4e262836e803c13d668c8', 'file_cs': 'c:0-74069-e63f'}, 'is_h265': 1, 'is_bytevc1': 1, 'HDR_type': '', 'HDR_bit': '', 'FPS': 30, 'video_extra': '{"PktOffsetMap":"[{\\"time\\": 1, \\"offset\\": 181912}, {\\"time\\": 2, \\"offset\\": 228978}, {\\"time\\": 3, \\"offset\\": 258141}, {\\"time\\": 4, \\"offset\\": 280835}, {\\"time\\": 5, \\"offset\\": 333388}, {\\"time\\": 10, \\"offset\\": 513803}]","format":"mp4","definition":"720p","quality":"adapt_lowest","file_id":"7e680a59dfb94bdb89f83e37cc24f24b","applog_map":{"feature_id":"c6de0308cacfd993ef282c8e1c646267"},"mvmaf":"{\\"mvmaf_sr_v1080\\":96.651,\\"mvmaf_sr_v960\\":97.854,\\"mvmaf_sr_v864\\":98.629,\\"mvmaf_sr_v720\\":99.451,\\"mvmaf_ori_v1080\\":86.591,\\"mvmaf_ori_v960\\":89.797,\\"mvmaf_ori_v864\\":91.184,\\"mvmaf_ori_v720\\":93.962}","audio_channels":"2.0","audio_sample_rate":"44100","audio_metrics":null,"audio_score":null}', 'format': 'mp4'}, {'gear_name': 'adapt_540_1', 'quality_type': 28, 'bit_rate': 254040, 'play_addr': {'uri': 'v0300fg10000croffifog65lv0330cig', 'url_list': ['https://v5-dy-o-abtest.zjcdn.com/a7dbd78dcaad09c6b43ba809658fada9/68f66e11/video/tos/cn/tos-cn-ve-15/o43CVfbI3AZDMExyAJMKefEbFDA2fgwr7Kg8FQ/?a=6383&ch=10010&cr=3&dr=0&lr=all&cd=0%7C0%7C0%7C3&cv=1&br=248&bt=248&cs=2&ds=6&ft=c2YTctGHQPRUZxfusdr~kwPqYldQIKDEE-TerrNqq_45a&mime_type=video_mp4&qs=11&rc=ODxnZTU2PDM2NzxoZjUzOUBpamY2M285cmxpdTMzNGkzM0BiLjY1NWE0XjIxLTViMDAvYSNmLTBzMmRjY2xgLS1kLTBzcw%3D%3D&btag=80000e00028000&cquery=100B_100H_100K_100o_101r&dy_q=1760969609&feature_id=c6de0308cacfd993ef282c8e1c646267&l=20251020221329FF810B6B17C3D024C6A3', 'https://v5-dy-o-abtest.zjcdn.com/a7dbd78dcaad09c6b43ba809658fada9/68f66e11/video/tos/cn/tos-cn-ve-15/o43CVfbI3AZDMExyAJMKefEbFDA2fgwr7Kg8FQ/?a=6383&ch=10010&cr=3&dr=0&lr=all&cd=0%7C0%7C0%7C3&cv=1&br=248&bt=248&cs=2&ds=6&ft=c2YTctGHQPRUZxfusdr~kwPqYldQIKDEE-TerrNqq_45a&mime_type=video_mp4&qs=11&rc=ODxnZTU2PDM2NzxoZjUzOUBpamY2M285cmxpdTMzNGkzM0BiLjY1NWE0XjIxLTViMDAvYSNmLTBzMmRjY2xgLS1kLTBzcw%3D%3D&btag=80000e00028000&cquery=100o_101r_100B_100H_100K&dy_q=1760969609&feature_id=c6de0308cacfd993ef282c8e1c646267&l=20251020221329FF810B6B17C3D024C6A3', 'https://www.douyin.com/aweme/v1/play/?video_id=v0300fg10000croffifog65lv0330cig&line=0&file_id=263032ec8e094453a079d3828b9d19e5&sign=361f365295a8c73d03397a1ed1903185&is_play_url=1&source=PackSourceEnum_PUBLISH'], 'width': 576, 'height': 1024, 'url_key': 'v0300fg10000croffifog65lv0330cig_bytevc1_540p_254040', 'data_size': 2801183, 'file_hash': '361f365295a8c73d03397a1ed1903185', 'file_cs': 'c:0-74069-352a'}, 'is_h265': 1, 'is_bytevc1': 1, 'HDR_type': '', 'HDR_bit': '', 'FPS': 30, 'video_extra': '{"PktOffsetMap":"[{\\"time\\": 1, \\"offset\\": 168682}, {\\"time\\": 2, \\"offset\\": 209454}, {\\"time\\": 3, \\"offset\\": 237368}, {\\"time\\": 4, \\"offset\\": 258477}, {\\"time\\": 5, \\"offset\\": 304490}, {\\"time\\": 10, \\"offset\\": 470660}]","format":"mp4","definition":"540p","quality":"adapt","file_id":"263032ec8e094453a079d3828b9d19e5","applog_map":{"feature_id":"c6de0308cacfd993ef282c8e1c646267"},"mvmaf":"{\\"mvmaf_sr_v1080\\":94.347,\\"mvmaf_sr_v960\\":96.011,\\"mvmaf_sr_v864\\":97.066,\\"mvmaf_sr_v720\\":98.952,\\"mvmaf_ori_v1080\\":84.231,\\"mvmaf_ori_v960\\":87.731,\\"mvmaf_ori_v864\\":88.341,\\"mvmaf_ori_v720\\":92.001}","audio_channels":"2.0","audio_sample_rate":"44100","audio_metrics":null,"audio_score":null}', 'format': 'mp4'}, {'gear_name': 'adapt_lowest_1080_1', 'quality_type': 2, 'bit_rate': 274902, 'play_addr': {'uri': 'v0300fg10000croffifog65lv0330cig', 'url_list': ['https://v5-dy-o-abtest.zjcdn.com/f3f30a85a4cf93726f504338dc52ef0c/68f79561/video/tos/cn/tos-cn-vd-0026/osfY3pJACAEEAwAerIDMMbghwIAfx02SeFlDDA/media-video-hvc1/?a=6383&ch=0&cr=8&dr=0&er=1&lr=default&cd=0%7C0%7C0%7C3&cv=1&br=268&bt=268&cs=4&ds=4&mime_type=video_mp4&qs=15&rc=ZGg0NGY3ZTlmNmlkNzozaEBpamY2M285cmxpdTMzNGkzM0BfX18zLWEuXy4xL14zLy8zYSNmLTBzMmRjY2xgLS1kLTBzcw%3D%3D&btag=80000e00028000&cquery=101r_100o&dy_q=1760969609&l=20251020221329FF810B6B17C3D024C6A3', 'https://v5-dy-o-abtest.zjcdn.com/f3f30a85a4cf93726f504338dc52ef0c/68f79561/video/tos/cn/tos-cn-vd-0026/osfY3pJACAEEAwAerIDMMbghwIAfx02SeFlDDA/media-video-hvc1/?a=6383&ch=0&cr=8&dr=0&er=1&lr=default&cd=0%7C0%7C0%7C3&cv=1&br=268&bt=268&cs=4&ds=4&mime_type=video_mp4&qs=15&rc=ZGg0NGY3ZTlmNmlkNzozaEBpamY2M285cmxpdTMzNGkzM0BfX18zLWEuXy4xL14zLy8zYSNmLTBzMmRjY2xgLS1kLTBzcw%3D%3D&btag=80000e00028000&cquery=101r_100o&dy_q=1760969609&l=20251020221329FF810B6B17C3D024C6A3', 'https://www.douyin.com/aweme/v1/play/dash/?video_id=v0300fg10000croffifog65lv0330cig&line=0&file_id=6e202764aa2f431cb61bd40c61b1beba&sign=5942a8e75004f4829efa0df3fdd13e59&is_play_url=1&source=PackSourceEnum_PUBLISH'], 'width': 1080, 'height': 1920, 'url_key': 'v0300fg10000croffifog65lv0330cig_bytevc1_1080p_274902', 'data_size': 3029665, 'file_hash': '5942a8e75004f4829efa0df3fdd13e59'}, 'is_h265': 1, 'is_bytevc1': 1, 'HDR_type': '', 'HDR_bit': '', 'FPS': 30, 'video_extra': '{"PktOffsetMap":"","format":"dash","sub_info":"{\\"audio_channels\\":\\"2.0\\",\\"audio_layout\\":\\"C\\",\\"audio_sample_rate\\":\\"44100\\",\\"base_range_info\\":{\\"first_moof_range\\":\\"1324-3103\\",\\"index_range\\":\\"1136-1323\\",\\"init_range\\":\\"0-1135\\"},\\"check_info\\":{\\"check_info\\":\\"a:v0300fg10000croffifog65lv0330cig|b:0-1323-bec31b7170fc00912d7a4a0817de41ee|c:0-1323-bdea\\"},\\"gear_des_key\\":\\"0:DASH|1:normal|2:h265_hvc1|4:1080p|5:adapt_lowest|10000:105\\",\\"quality_type\\":2}","definition":"1080p","quality":"adapt_lowest","quality_desc":"","file_id":"6e202764aa2f431cb61bd40c61b1beba","real_bitrate":326599,"audio_file_id":"c717e3199f963448151c610cb8b8d122","applog_map":{"feature_id":"c6de0308cacfd993ef282c8e1c646267"},"mvmaf":"{\\"mvmaf_sr_v1080\\":-1,\\"mvmaf_sr_v960\\":-1,\\"mvmaf_sr_v864\\":-1,\\"mvmaf_sr_v720\\":-1,\\"mvmaf_ori_v1080\\":92.354,\\"mvmaf_ori_v960\\":93.075,\\"mvmaf_ori_v864\\":93.732,\\"mvmaf_ori_v720\\":94.483}","audio_metrics":null,"audio_score":null}', 'format': 'dash'}, {'gear_name': 'adapt_lowest_720_1', 'quality_type': 15, 'bit_rate': 221060, 'play_addr': {'uri': 'v0300fg10000croffifog65lv0330cig', 'url_list': ['https://v5-dy-o-abtest.zjcdn.com/a4bcab7f16cb5a0e7b99bbf165a983ed/68f79561/video/tos/cn/tos-cn-vd-0026/okrYA3fEeJIMwAPbAeAg2yAFEfDXS8DMCDlEAw/media-video-hvc1/?a=6383&ch=0&cr=8&dr=0&er=1&lr=default&cd=0%7C0%7C0%7C3&cv=1&br=215&bt=215&cs=4&ds=3&mime_type=video_mp4&qs=15&rc=OmQ8ZGQ1ZTc3ZmRlZTszO0BpamY2M285cmxpdTMzNGkzM0AxYzQwYWEuX14xYC4vMV9iYSNmLTBzMmRjY2xgLS1kLTBzcw%3D%3D&btag=80000e00028000&cquery=100o_101r&dy_q=1760969609&l=20251020221329FF810B6B17C3D024C6A3', 'https://v5-dy-o-abtest.zjcdn.com/a4bcab7f16cb5a0e7b99bbf165a983ed/68f79561/video/tos/cn/tos-cn-vd-0026/okrYA3fEeJIMwAPbAeAg2yAFEfDXS8DMCDlEAw/media-video-hvc1/?a=6383&ch=0&cr=8&dr=0&er=1&lr=default&cd=0%7C0%7C0%7C3&cv=1&br=215&bt=215&cs=4&ds=3&mime_type=video_mp4&qs=15&rc=OmQ8ZGQ1ZTc3ZmRlZTszO0BpamY2M285cmxpdTMzNGkzM0AxYzQwYWEuX14xYC4vMV9iYSNmLTBzMmRjY2xgLS1kLTBzcw%3D%3D&btag=80000e00028000&cquery=101r_100o&dy_q=1760969609&l=20251020221329FF810B6B17C3D024C6A3', 'https://www.douyin.com/aweme/v1/play/dash/?video_id=v0300fg10000croffifog65lv0330cig&line=0&file_id=e8b0482b1bca4ca4b41bd2da3a79fa47&sign=83f88378a42e3c54a120aeff8a1cbac1&is_play_url=1&source=PackSourceEnum_PUBLISH'], 'width': 720, 'height': 1280, 'url_key': 'v0300fg10000croffifog65lv0330cig_bytevc1_720p_221060', 'data_size': 2436274, 'file_hash': '83f88378a42e3c54a120aeff8a1cbac1'}, 'is_h265': 1, 'is_bytevc1': 1, 'HDR_type': '', 'HDR_bit': '', 'FPS': 30, 'video_extra': '{"PktOffsetMap":"","format":"dash","sub_info":"{\\"audio_channels\\":\\"2.0\\",\\"audio_layout\\":\\"C\\",\\"audio_sample_rate\\":\\"44100\\",\\"base_range_info\\":{\\"first_moof_range\\":\\"1324-3103\\",\\"index_range\\":\\"1136-1323\\",\\"init_range\\":\\"0-1135\\"},\\"check_info\\":{\\"check_info\\":\\"a:v0300fg10000croffifog65lv0330cig|b:0-1323-ad81726fd4bd384fd959583c7f12d671|c:0-1323-98d1\\"},\\"gear_des_key\\":\\"0:DASH|1:normal|2:h265_hvc1|4:720p|5:adapt_lowest|10000:105\\",\\"quality_type\\":15}","definition":"720p","quality":"adapt_lowest","quality_desc":"","file_id":"e8b0482b1bca4ca4b41bd2da3a79fa47","real_bitrate":272757,"audio_file_id":"c717e3199f963448151c610cb8b8d122","applog_map":{"feature_id":"c6de0308cacfd993ef282c8e1c646267"},"mvmaf":"{\\"mvmaf_sr_v1080\\":96.651,\\"mvmaf_sr_v960\\":97.854,\\"mvmaf_sr_v864\\":98.629,\\"mvmaf_sr_v720\\":99.451,\\"mvmaf_ori_v1080\\":86.591,\\"mvmaf_ori_v960\\":89.797,\\"mvmaf_ori_v864\\":91.184,\\"mvmaf_ori_v720\\":93.962}","audio_metrics":null,"audio_score":null}', 'format': 'dash'}, {'gear_name': 'adapt_540_1', 'quality_type': 28, 'bit_rate': 198845, 'play_addr': {'uri': 'v0300fg10000croffifog65lv0330cig', 'url_list': ['https://v5-dy-o-abtest.zjcdn.com/3bdbab3cf8a0213ea364f8797bd411f4/68f79561/video/tos/cn/tos-cn-vd-0026/oUfY39JACAEEAwAerkDMMbgKwIAfKy2GeFlDDA/media-video-hvc1/?a=6383&ch=0&cr=8&dr=0&er=1&lr=default&cd=0%7C0%7C0%7C3&cv=1&br=194&bt=194&cs=4&ds=6&mime_type=video_mp4&qs=11&rc=PDU0MzplOGg1NWg2OGk0aUBpamY2M285cmxpdTMzNGkzM0A0LzM1YTEuXzQxNjEtXjQ2YSNmLTBzMmRjY2xgLS1kLTBzcw%3D%3D&btag=80000e00028000&cquery=101r_100o&dy_q=1760969609&l=20251020221329FF810B6B17C3D024C6A3', 'https://v5-dy-o-abtest.zjcdn.com/3bdbab3cf8a0213ea364f8797bd411f4/68f79561/video/tos/cn/tos-cn-vd-0026/oUfY39JACAEEAwAerkDMMbgKwIAfKy2GeFlDDA/media-video-hvc1/?a=6383&ch=0&cr=8&dr=0&er=1&lr=default&cd=0%7C0%7C0%7C3&cv=1&br=194&bt=194&cs=4&ds=6&mime_type=video_mp4&qs=11&rc=PDU0MzplOGg1NWg2OGk0aUBpamY2M285cmxpdTMzNGkzM0A0LzM1YTEuXzQxNjEtXjQ2YSNmLTBzMmRjY2xgLS1kLTBzcw%3D%3D&btag=80000e00028000&cquery=101r_100o&dy_q=1760969609&l=20251020221329FF810B6B17C3D024C6A3', 'https://www.douyin.com/aweme/v1/play/dash/?video_id=v0300fg10000croffifog65lv0330cig&line=0&file_id=9f71af05439e4272be154bd780612279&sign=f3fbc3e84a4dcf4a8710a7fb8e66df0c&is_play_url=1&source=PackSourceEnum_PUBLISH'], 'width': 576, 'height': 1024, 'url_key': 'v0300fg10000croffifog65lv0330cig_bytevc1_540p_198845', 'data_size': 2191449, 'file_hash': 'f3fbc3e84a4dcf4a8710a7fb8e66df0c'}, 'is_h265': 1, 'is_bytevc1': 1, 'HDR_type': '', 'HDR_bit': '', 'FPS': 30, 'video_extra': '{"PktOffsetMap":"","format":"dash","sub_info":"{\\"audio_channels\\":\\"2.0\\",\\"audio_layout\\":\\"C\\",\\"audio_sample_rate\\":\\"44100\\",\\"base_range_info\\":{\\"first_moof_range\\":\\"1324-3103\\",\\"index_range\\":\\"1136-1323\\",\\"init_range\\":\\"0-1135\\"},\\"check_info\\":{\\"check_info\\":\\"a:v0300fg10000croffifog65lv0330cig|b:0-1323-fe94e7a34fc35655f34467dadbcf988a|c:0-1323-390c\\"},\\"gear_des_key\\":\\"0:DASH|1:normal|2:h265_hvc1|4:540p|5:adapt|10000:105\\",\\"quality_type\\":28}","definition":"540p","quality":"adapt","quality_desc":"","file_id":"9f71af05439e4272be154bd780612279","real_bitrate":254040,"audio_file_id":"c717e3199f963448151c610cb8b8d122","applog_map":{"feature_id":"c6de0308cacfd993ef282c8e1c646267"},"mvmaf":"{\\"mvmaf_sr_v1080\\":94.347,\\"mvmaf_sr_v960\\":96.011,\\"mvmaf_sr_v864\\":97.066,\\"mvmaf_sr_v720\\":98.952,\\"mvmaf_ori_v1080\\":84.231,\\"mvmaf_ori_v960\\":87.731,\\"mvmaf_ori_v864\\":88.341,\\"mvmaf_ori_v720\\":92.001}","audio_metrics":null,"audio_score":null}', 'format': 'dash'}], 'duration': 88212, 'play_addr_265': {'uri': 'v0300fg10000croffifog65lv0330cig', 'url_list': ['https://v5-dy-o-abtest.zjcdn.com/a7dbd78dcaad09c6b43ba809658fada9/68f66e11/video/tos/cn/tos-cn-ve-15/o43CVfbI3AZDMExyAJMKefEbFDA2fgwr7Kg8FQ/?a=6383&ch=10010&cr=3&dr=0&lr=all&cd=0%7C0%7C0%7C3&cv=1&br=248&bt=248&cs=2&ds=6&ft=c2YTctGHQPRUZxfusdr~kwPqYldQIKDEE-TerrNqq_45a&mime_type=video_mp4&qs=11&rc=ODxnZTU2PDM2NzxoZjUzOUBpamY2M285cmxpdTMzNGkzM0BiLjY1NWE0XjIxLTViMDAvYSNmLTBzMmRjY2xgLS1kLTBzcw%3D%3D&btag=80000e00028000&cquery=100B_100H_100K_100o_101r&dy_q=1760969609&feature_id=c6de0308cacfd993ef282c8e1c646267&l=20251020221329FF810B6B17C3D024C6A3', 'https://v5-dy-o-abtest.zjcdn.com/a7dbd78dcaad09c6b43ba809658fada9/68f66e11/video/tos/cn/tos-cn-ve-15/o43CVfbI3AZDMExyAJMKefEbFDA2fgwr7Kg8FQ/?a=6383&ch=10010&cr=3&dr=0&lr=all&cd=0%7C0%7C0%7C3&cv=1&br=248&bt=248&cs=2&ds=6&ft=c2YTctGHQPRUZxfusdr~kwPqYldQIKDEE-TerrNqq_45a&mime_type=video_mp4&qs=11&rc=ODxnZTU2PDM2NzxoZjUzOUBpamY2M285cmxpdTMzNGkzM0BiLjY1NWE0XjIxLTViMDAvYSNmLTBzMmRjY2xgLS1kLTBzcw%3D%3D&btag=80000e00028000&cquery=100o_101r_100B_100H_100K&dy_q=1760969609&feature_id=c6de0308cacfd993ef282c8e1c646267&l=20251020221329FF810B6B17C3D024C6A3', 'https://www.douyin.com/aweme/v1/play/?video_id=v0300fg10000croffifog65lv0330cig&line=0&file_id=263032ec8e094453a079d3828b9d19e5&sign=361f365295a8c73d03397a1ed1903185&is_play_url=1&source=PackSourceEnum_PUBLISH'], 'width': 576, 'height': 1024, 'url_key': 'v0300fg10000croffifog65lv0330cig_bytevc1_540p_254040', 'data_size': 2801183, 'file_hash': '361f365295a8c73d03397a1ed1903185', 'file_cs': 'c:0-74069-352a'}, 'bit_rate_audio': [{'audio_meta': {'url_list': {'main_url': 'https://v5-dy-o-abtest.zjcdn.com/bb933919d739ccbaea290d08247755d0/68f79561/video/tos/cn/tos-cn-vd-0026/oUfY39JACAEEAwAerkDMMbgKwIAfKy2GeFlDDA/media-audio-und-mp4a/?a=6383&ch=0&cr=8&dr=0&er=1&lr=default&cd=0%7C0%7C0%7C3&cv=1&br=50&bt=50&cs=4&mime_type=video_mp4&qs=11&rc=NTQ7O2Y0Zjg7NzlpPDY6OkBpamY2M285cmxpdTMzNGkzM0AvYV9fLTMuLjEwNjYuYi5gYSNmLTBzMmRjY2xgLS1kLTBzcw%3D%3D&btag=80000e00028000&cquery=101r_100o&dy_q=1760969609&l=20251020221329FF810B6B17C3D024C6A3', 'backup_url': 'https://v5-dy-o-abtest.zjcdn.com/bb933919d739ccbaea290d08247755d0/68f79561/video/tos/cn/tos-cn-vd-0026/oUfY39JACAEEAwAerkDMMbgKwIAfKy2GeFlDDA/media-audio-und-mp4a/?a=6383&ch=0&cr=8&dr=0&er=1&lr=default&cd=0%7C0%7C0%7C3&cv=1&br=50&bt=50&cs=4&mime_type=video_mp4&qs=11&rc=NTQ7O2Y0Zjg7NzlpPDY6OkBpamY2M285cmxpdTMzNGkzM0AvYV9fLTMuLjEwNjYuYi5gYSNmLTBzMmRjY2xgLS1kLTBzcw%3D%3D&btag=80000e00028000&cquery=101r_100o&dy_q=1760969609&l=20251020221329FF810B6B17C3D024C6A3', 'fallback_url': 'https://www.douyin.com/aweme/v1/play/dash/?video_id=v0300fg10000croffifog65lv0330cig&line=0&file_id=c717e3199f963448151c610cb8b8d122&sign=c717e3199f963448151c610cb8b8d122&is_play_url=1&source=PackSourceEnum_PUBLISH'}, 'encoded_type': 'normal', 'media_type': 'audio', 'logo_type': '', 'quality': 'adapt', 'quality_desc': '', 'format': 'dash', 'bitrate': 51697, 'codec_type': 'bytevc1', 'size': 570027, 'fps': 0, 'file_id': 'c717e3199f963448151c610cb8b8d122', 'file_hash': 'c717e3199f963448151c610cb8b8d122', 'sub_info': '{"audio_channels":"2.0","audio_layout":"C","audio_sample_rate":"44100","base_range_info":{"index_range":"866-1065","init_range":"0-865"},"check_info":{"check_info":"a:v0300fg10000croffifog65lv0330cig|b:0-1065-11d3027fa8f9fdfbe69ecd440a03ddb3|c:0-1065-d5af"},"gear_des_key":"0:dash|1:normal|2:bytevc1|5:adapt|10000:105"}'}, 'audio_quality': 5, 'audio_extra': '{"real_bitrate":254040}'}], 'play_addr_h264': {'uri': 'v0300fg10000croffifog65lv0330cig', 'url_list': ['https://v5-dy-o-abtest.zjcdn.com/6dca0653122a5ed37683319e4e9ceebe/68f66e11/video/tos/cn/tos-cn-ve-15/ooK2rwEPxP8VAhMBDAfJe6AQDfAqFCgZgESbeI/?a=6383&ch=10010&cr=3&dr=0&lr=all&cd=0%7C0%7C0%7C3&cv=1&br=709&bt=709&cs=0&ds=3&ft=c2YTctGHQPRUZxfusdr~kwPqYldQIKDEE-TerrNqq_45a&mime_type=video_mp4&qs=0&rc=ZmhmOjNpaTRpNTg0aTo2aUBpamY2M285cmxpdTMzNGkzM0BhLmEyNS4zXy8xYzIuNF8vYSNmLTBzMmRjY2xgLS1kLTBzcw%3D%3D&btag=80000e00028000&cquery=101r_100B_100H_100K_100o&dy_q=1760969609&feature_id=aa7df520beeae8e397df15f38df0454c&l=20251020221329FF810B6B17C3D024C6A3', 'https://v5-dy-o-abtest.zjcdn.com/6dca0653122a5ed37683319e4e9ceebe/68f66e11/video/tos/cn/tos-cn-ve-15/ooK2rwEPxP8VAhMBDAfJe6AQDfAqFCgZgESbeI/?a=6383&ch=10010&cr=3&dr=0&lr=all&cd=0%7C0%7C0%7C3&cv=1&br=709&bt=709&cs=0&ds=3&ft=c2YTctGHQPRUZxfusdr~kwPqYldQIKDEE-TerrNqq_45a&mime_type=video_mp4&qs=0&rc=ZmhmOjNpaTRpNTg0aTo2aUBpamY2M285cmxpdTMzNGkzM0BhLmEyNS4zXy8xYzIuNF8vYSNmLTBzMmRjY2xgLS1kLTBzcw%3D%3D&btag=80000e00028000&cquery=100K_100o_101r_100B_100H&dy_q=1760969609&feature_id=aa7df520beeae8e397df15f38df0454c&l=20251020221329FF810B6B17C3D024C6A3', 'https://www.douyin.com/aweme/v1/play/?video_id=v0300fg10000croffifog65lv0330cig&line=0&file_id=2fb3771f51f5422fb16f1f8057dc1edc&sign=246274f57d3098de9d919d8df44f7a70&is_play_url=1&source=PackSourceEnum_PUBLISH'], 'width': 720, 'height': 1280, 'url_key': 'v0300fg10000croffifog65lv0330cig_h264_720p_726744', 'data_size': 8013449, 'file_hash': '246274f57d3098de9d919d8df44f7a70', 'file_cs': 'c:0-97085-a02b'}, 'raw_cover': {'uri': 'tos-cn-i-dy/278916db6ae049439ae68214aeae0f00', 'url_list': ['https://p3-pc-sign.douyinpic.com/tos-cn-i-dy/278916db6ae049439ae68214aeae0f00~tplv-dy-cropcenter:323:430.jpeg?lk3s=138a59ce&x-expires=2076328800&x-signature=%2FmiqMQOCFaxZpQacRud3sCFZnfQ%3D&from=327834062&s=PackSourceEnum_PUBLISH&se=true&sh=323_430&sc=cover&biz_tag=pcweb_cover&l=20251020221329FF810B6B17C3D024C6A3', 'https://p3-pc-sign.douyinpic.com/obj/tos-cn-i-dy/278916db6ae049439ae68214aeae0f00?lk3s=138a59ce&x-expires=2076328800&x-signature=En%2F6px%2F%2F%2BQ0G%2BgsxBlrKJ4KbGLY%3D&from=327834062&s=PackSourceEnum_PUBLISH&se=false&sc=cover&biz_tag=pcweb_cover&l=20251020221329FF810B6B17C3D024C6A3'], 'width': 720, 'height': 720}, 'is_long_video': 1, 'animated_cover': {'uri': 'tos-cn-i-dy/278916db6ae049439ae68214aeae0f00', 'url_list': ['https://p3-pc-sign.douyinpic.com/obj/tos-cn-i-dy/278916db6ae049439ae68214aeae0f00?lk3s=138a59ce&x-expires=1762178400&x-signature=T1Kr9%2BUlif2Foxo6%2FBrkGnjBL14%3D&from=327834062_large&s=PackSourceEnum_PUBLISH&se=false&sc=dynamic_cover&biz_tag=pcweb_cover&l=20251020221329FF810B6B17C3D024C6A3', 'https://p9-pc-sign.douyinpic.com/obj/tos-cn-i-dy/278916db6ae049439ae68214aeae0f00?lk3s=138a59ce&x-expires=1762178400&x-signature=5PfxWqfQUyWMVZ0BXM4hRtFnU6I%3D&from=327834062_large&s=PackSourceEnum_PUBLISH&se=false&sc=dynamic_cover&biz_tag=pcweb_cover&l=20251020221329FF810B6B17C3D024C6A3']}, 'gaussian_cover': {'uri': 'tos-cn-p-0015/oEBfhAA59MDZjIgbfwLeCEAGy7CyeUg42vGXDT', 'url_list': ['https://p9-pc-sign.douyinpic.com/tos-cn-p-0015/oEBfhAA59MDZjIgbfwLeCEAGy7CyeUg42vGXDT~tplv-tsj2vxp0zn-gaosi:40.jpeg?lk3s=138a59ce&x-expires=1792504800&x-signature=A%2FcqmmlYo9Se%2FWZFxkOY%2FVakumQ%3D&from=327834062', 'https://p3-pc-sign.douyinpic.com/tos-cn-p-0015/oEBfhAA59MDZjIgbfwLeCEAGy7CyeUg42vGXDT~tplv-tsj2vxp0zn-gaosi:40.jpeg?lk3s=138a59ce&x-expires=1792504800&x-signature=FYHY%2BzfcUaZYczgnPzOwHihbaHA%3D&from=327834062'], 'width': 720, 'height': 720}, 'meta': '{"enable_manual_ladder":"1","format":"mp4","gear_vqm":"{\\"1080p_720p\\":2,\\"720p_540p\\":0}","hrids":"500000002","is_spatial_video":"0","isad":"0","loudness":"-20.8","peak":"1","qprf":"1.000","sdgs":"[\\"normal_720_0\\",\\"low_720_0\\",\\"low_540_0\\",\\"adapt_low_540_0\\",\\"adapt_lowest_1080_1\\",\\"adapt_lowest_720_1\\",\\"adapt_540_1\\"]","sr_potential":"{\\"v1.0\\":{\\"score\\":46}}","sr_score":"1.000","strategy_tokens":"[\\"online\\",\\"strategy_iteration_ab02_0927\\",\\"strategy_iteration_ab01_0927\\"]","title_info":"{\\"bottom_res_add\\":[3.73,6.27,29.45,54.45,43.82,53.91,46.82,9.09,0.36,1.91,0.18,0.36,0.45,0.09,0],\\"bullet_zone\\":17.06,\\"progress_bar\\":[44.8,45.66,46.03],\\"ratio_br_l\\":[0,0,0,0,0,0],\\"ratio_edge_l\\":[0.45,0.54,0.65,0.7,0.74,0.76],\\"top_res_add\\":[0,0,4.82,32.64,37.18,8.09,4],\\"version\\":\\"v1.0\\"}","volume_info":"{\\"LoudnessRange\\":7.9,\\"LoudnessRangeEnd\\":-18.4,\\"MaximumMomentaryLoudness\\":-10.5,\\"MaximumShortTermLoudness\\":-17.3,\\"Peak\\":1,\\"Loudness\\":-20.8,\\"LoudnessRangeStart\\":-26.3,\\"Metrics\\":{\\"Phase\\":{\\"RMSDownmixDiff\\":-0.084},\\"RMSStats\\":{\\"RTotal\\":-24.859,\\"LRDiff\\":0.026,\\"LTotal\\":-24.833,\\"Peak\\":0.277},\\"Version\\":\\"1.4.2\\",\\"Loudness\\":{\\"Integrated\\":-20.756}},\\"Version\\":2}","vqs_origin":"0"}', 'video_model': '', 'is_source_HDR': 0, 'use_static_cover': True, 'big_thumbs': [{'img_num': 88, 'uri': 'tos-cn-p-0015/oMGh7M3TgEAwjgI2fe27D8XCneWU9AyBO4AfLb', 'img_url': 'https://p26-sign.douyinpic.com/tos-cn-p-0015/oMGh7M3TgEAwjgI2fe27D8XCneWU9AyBO4AfLb~tplv-noop.image?cquery=100o_101r_100B_100H_100K&dy_q=1760969609&l=20251020221329FF810B6B17C3D024C6A3&x-expires=1760980497&x-signature=5giD1i0onxYXZIpWPmlyOxwxDn0%3D', 'img_x_size': 136, 'img_y_size': 240, 'img_x_len': 5, 'img_y_len': 5, 'duration': 88.166664, 'interval': 1, 'fext': 'jpg', 'uris': ['tos-cn-p-0015/oMGh7M3TgEAwjgI2fe27D8XCneWU9AyBO4AfLb', 'tos-cn-p-0015/o0XjkheI9TgywHfbA4Pg27BL1efwy8DMCGUEAA', 'tos-cn-p-0015/o8JDs7Sv3CYbHqEf3Ihauf5AAMxegeADPAxCfG', 'tos-cn-p-0015/oEEZAJKf2bE4nMC3ExDhgfFeHfbwAArQ887GQD'], 'img_urls': ['https://p26-sign.douyinpic.com/tos-cn-p-0015/oMGh7M3TgEAwjgI2fe27D8XCneWU9AyBO4AfLb~tplv-noop.image?cquery=100o_101r_100B_100H_100K&dy_q=1760969609&l=20251020221329FF810B6B17C3D024C6A3&x-expires=1760980497&x-signature=5giD1i0onxYXZIpWPmlyOxwxDn0%3D', 'https://p26-sign.douyinpic.com/tos-cn-p-0015/o0XjkheI9TgywHfbA4Pg27BL1efwy8DMCGUEAA~tplv-noop.image?cquery=100B_100H_100K_100o_101r&dy_q=1760969609&l=20251020221329FF810B6B17C3D024C6A3&x-expires=1760980497&x-signature=tH27ANKJDUIRExRcBzis2b2aNbg%3D', 'https://p26-sign.douyinpic.com/tos-cn-p-0015/o8JDs7Sv3CYbHqEf3Ihauf5AAMxegeADPAxCfG~tplv-noop.image?cquery=100o_101r_100B_100H_100K&dy_q=1760969609&l=20251020221329FF810B6B17C3D024C6A3&x-expires=1760980497&x-signature=BlLzO%2BO3SMuoMDlDTfsG1xT4Hqk%3D', 'https://p26-sign.douyinpic.com/tos-cn-p-0015/oEEZAJKf2bE4nMC3ExDhgfFeHfbwAArQ887GQD~tplv-noop.image?cquery=101r_100B_100H_100K_100o&dy_q=1760969609&l=20251020221329FF810B6B17C3D024C6A3&x-expires=1760980497&x-signature=6yOJYrWINGrtdeYQR7ITNwW5OxI%3D']}]}, 'item_aigc_follow_shot': 1, 'user_digged': 0, 'statistics': {'recommend_count': 16, 'comment_count': 8, 'digg_count': 193, 'admire_count': 0, 'play_count': 0, 'share_count': 69, 'collect_count': 63}, 'status': {'not_allow_soft_del_reason': 'ab', 'is_delete': False, 'allow_share': True, 'review_result': {'review_status': 0}, 'allow_friend_recommend_guide': True, 'part_see': 0, 'private_status': 0, 'listen_video_status': 2, 'in_reviewing': False, 'allow_self_recommend_to_friend': True, 'allow_friend_recommend': True, 'is_prohibited': False, 'enable_soft_delete': 0}, 'flash_mob_trends': 0, 'text_extra': [{'start': 14, 'end': 19, 'type': 1, 'hashtag_name': '幼儿教育', 'hashtag_id': '1591352385275918', 'is_commerce': False, 'caption_start': 14, 'caption_end': 19}, {'start': 20, 'end': 23, 'type': 1, 'hashtag_name': '育儿', 'hashtag_id': '1767586940916743', 'is_commerce': False, 'caption_start': 20, 'caption_end': 23}, {'start': 24, 'end': 29, 'type': 1, 'hashtag_name': '家庭教育', 'hashtag_id': '1767586804947975', 'is_commerce': False, 'caption_start': 24, 'caption_end': 29}, {'start': 30, 'end': 35, 'type': 1, 'hashtag_name': '亲子关系', 'hashtag_id': '1595199377513476', 'is_commerce': False, 'caption_start': 30, 'caption_end': 35}, {'start': 36, 'end': 41, 'type': 1, 'hashtag_name': '父母课堂', 'hashtag_id': '1600624540786695', 'is_commerce': False, 'caption_start': 36, 'caption_end': 41}], 'is_top': 0, 'mv_info': None, 'share_info': {'share_url': 'https://www.iesdouyin.com/share/video/7417701134644677903/?region=US&mid=7417700961398967059&u_code=0&did=MS4wLjABAAAAvCMmrvAxedjvycgJ9K0iX5KdtDHpyq-etIWoeicy6xniB0XMxRYv3S-CyP_GdsPs&iid=MS4wLjABAAAANwkJuWIRFOzg5uCpDRpMj4OX-QryoDgn-yYlXQnRwQQ&with_sec_did=1&video_share_track_ver=&titleType=title&share_sign=rPm5ja4QGPacpVgipT3WvnneAmNqaP9n1UpcZS_Neww-&share_version=290100&ts=1760969609&from_aid=6383&from_ssr=1&share_track_info=%7B%22link_description_type%22%3A%22%22%7D', 'share_link_desc': '1.71 daa:/ 02/25 u@F.uS 爱和自由教育对儿童的意义。 # 幼儿教育 # 育儿 # 家庭教育 # 亲子关系 # 父母课堂  %s 复制此链接，打开Dou音搜索，直接观看视频！'}, 'caption_template_id': 0, 'video_labels': None, 'shoot_way': '', 'is_ads': False, 'duration': 88212, 'aweme_type': 0, 'is_new_text_mode': 0, 'ai_follow_images': None, 'image_infos': None, 'risk_infos': {'vote': False, 'warn': False, 'risk_sink': False, 'type': 0, 'content': ''}, 'entertainment_video_type': 3, 'chapter_bar_color': None, 'position': None, 'uniqid_position': None, 'comment_list': None, 'author_user_id': 1965574329213736, 'product_genre_info': {'product_genre_type': 2, 'material_genre_sub_type_set': [4], 'special_info': {'recommend_group_name': 0}}, 'geofencing': [], 'is_from_ad_auth': False, 'is_moment_story': 0, 'region': '', 'video_text': None, 'video_share_edit_status': 0, 'collect_stat': 0, 'label_top_text': None, 'promotions': [], 'group_id': '7417701134644677903', 'prevent_download': False, 'nickname_position': None, 'challenge_position': None, 'trends_event_track': '{}', 'enable_comment_sticker_rec': False, 'mark_largely_following': False, 'long_video': None, 'aweme_listen_struct': {'trace_info': '{"copyright_not_speech":"false","copyright_reason":"not_intercept","copyright_tag_hit":"0","copyright_use_aed_default":"false","copyright_use_tag_default":"false","cp_ab":"true","desc":"","duration_over":"false","hit_high_risk":"false","media_type":"4","reason":"hit_ab_0","show":"false"}'}, 'component_control': {'data_source_url': '/aweme/v1/web/aweme/post/'}, 'friend_recommend_info': {'friend_recommend_source': 10, 'label_user_list': None, 'disable_friend_recommend_guide_label': False}, 'nearby_hot_comment': None, 'interaction_stickers': None, 'can_cache_to_local': True, 'origin_comment_ids': None, 'commerce_config_data': None, 'douplus_user_type': 0, 'video_control': {'allow_download': False, 'share_type': 0, 'show_progress_bar': 1, 'draft_progress_bar': 1, 'allow_duet': True, 'allow_react': False, 'prevent_download_type': 2, 'allow_dynamic_wallpaper': False, 'timer_status': 1, 'allow_music': True, 'allow_stitch': False, 'allow_douplus': True, 'allow_share': True, 'share_grayed': False, 'download_ignore_visibility': False, 'duet_ignore_visibility': False, 'share_ignore_visibility': False, 'download_info': {'level': 1, 'fail_info': {'code': 290002, 'reason': 'isolation_content', 'msg': '视频暂时无法保存，链接已复制'}}, 'duet_info': {'level': 0}, 'allow_record': True, 'disable_record_reason': '', 'timer_info': {'public_time': 1727514000, 'timer_status': 0}}, 'aweme_control': {'can_forward': True, 'can_share': True, 'can_comment': True, 'can_show_comment': True}, 'interest_points': None, 'is_25_story': 0, 'aweme_type_tags': '', 'entertainment_video_paid_way': {'paid_ways': [], 'paid_type': 0, 'enable_use_new_ent_data': False}, 'anchors': None, 'hybrid_label': None, 'geofencing_regions': None, 'select_anchor_expanded_content': 0, 'aweme_acl': {'download_mask_panel': {'code': 1, 'show_type': 0}}, 'ent_log_extra': {'log_extra': '{"global_log_extra":null,"page_log_extra":null,"aweme_log_extra":{"ce_current_group_id":"7417701134644677903","author_id":"1965574329213736"},"extra_log_extra":null}'}, 'is_story': 0, 'publish_plus_alienation': {'alienation_type': 0}, 'trends_infos': None, 'follow_shot_assets': None, 'cover_labels': None, 'series_basic_info': {}, 'origin_duet_resource_uri': '', 'guide_btn_type': 0, 'cf_assets_type': 0, 'personal_page_botton_diagnose_style': 0, 'images': None, 'relation_labels': None, 'is_moment_history': 0, 'impression_data': {'group_id_list_a': [], 'group_id_list_b': [], 'similar_id_list_a': None, 'similar_id_list_b': None, 'group_id_list_c': [], 'group_id_list_d': []}, 'game_tag_info': {'is_game': False}, 'is_24_story': 0, 'libfinsert_task_id': '', 'social_tag_list': None, 'suggest_words': {'suggest_words': [{'words': [{'word': '捕捉儿童敏感期孙瑞雪', 'word_id': '6580307050775975172', 'info': '{"End":0,"Start":0,"ecpm_boost_tag":false,"log_pb":"","qrec_for_search":"{}"}'}], 'scene': 'comment_top_rec', 'icon_url': '', 'hint_text': '大家都在搜：', 'extra_info': '{"resp_from":"hit_cache"}'}, {'words': [{'word': '捕捉儿童敏感期孙瑞雪', 'word_id': '6580307050775975172', 'info': '{"End":0,"Start":0,"ecpm_boost_tag":false,"log_pb":"","qrec_for_search":"{}"}'}], 'scene': 'detail_inbox_rex', 'icon_url': '', 'hint_text': '', 'extra_info': '{"resp_from":"hit_cache"}'}]}, 'show_follow_button': {}, 'duet_aggregate_in_music_tab': False, 'is_duet_sing': False, 'comment_permission_info': {'comment_permission_status': 0, 'can_comment': True, 'item_detail_entry': False, 'press_entry': False, 'toast_guide': False}, 'original_images': None, 'series_paid_info': {'series_paid_status': 0, 'item_price': 0}, 'img_bitrate': None, 'comment_gid': 7417701134644677903, 'image_album_music_info': {'begin_time': -1, 'end_time': -1, 'volume': -1}, 'video_tag': [{'tag_id': 2024, 'tag_name': '亲子', 'level': 1}, {'tag_id': 2024006, 'tag_name': '母婴', 'level': 2}, {'tag_id': 2024006003, 'tag_name': '育儿知识', 'level': 3}], 'is_collects_selected': 0, 'chapter_list': None, 'feed_comment_config': {'input_config_text': '善语结善缘，恶言伤人心', 'author_audit_status': 0, 'common_flags': '{"hashtag":"[{\\"name\\":\\"幼儿教育\\",\\"id\\":1591352385275918},{\\"name\\":\\"家庭教育\\",\\"id\\":1767586804947975},{\\"name\\":\\"亲子关系\\",\\"id\\":1595199377513476},{\\"name\\":\\"父母课堂\\",\\"id\\":1600624540786695},{\\"name\\":\\"育儿\\",\\"id\\":1767586940916743}]","item_author_nickname":"孙瑞雪聊教育","video_labels_v2_tag1":"母婴","video_labels_v2_tag2":"育儿理念"}'}, 'is_image_beat': False, 'dislike_dimension_list': None, 'standard_bar_info_list': None, 'photo_search_entrance': {'ecom_type': 0}, 'is_life_item': False, 'image_list': None, 'component_info_v2': '{"desc_lines_limit":0,"hide_marquee":false}', 'item_warn_notification': {'type': 0, 'show': False, 'content': ''}, 'origin_text_extra': None, 'disable_relation_bar': 0, 'packed_clips': None, 'author_mask_tag': 0, 'user_recommend_status': 1, 'collection_corner_mark': 0, 'is_share_post': False, 'image_comment': {}, 'visual_search_info': {'is_show_img_entrance': False, 'is_ecom_img': False, 'is_high_accuracy_ecom': False, 'is_high_recall_ecom': False}, 'tts_id_list': None, 'ref_tts_id_list': None, 'voice_modify_id_list': None, 'ref_voice_modify_id_list': None, 'authentication_token': 'MS4wLjAAAAAAsLjAJw6YQHa_sTy47dgqnMvBo2MOkSbk3CaJPWrSGI8bG_PqOiEEar-55Vgj5TEGeBujbNuRuRj1HE9t2FnXy8DWJEbcc-d0wZKp3fO7r72ux0D0WvDFlaM_rWIIoyWG5rxlalsNlkvdcr9MJe1d1uBPCbJxjrFid4tzzf08jdP1E90OF1Dloymo-0qZL9spgj-6-4kdoElwWACVILw0RZMg8mBShUTOU0ciIA_ryp8R_1xsDAjw2e8imJ7mkUjv', 'video_game_data_channel_config': {}, 'dislike_dimension_list_v2': None, 'distribute_circle': {'distribute_type': 0, 'campus_block_interaction': False, 'is_campus': False}, 'image_crop_ctrl': 0, 'yumme_recreason': None, 'slides_music_beats': None, 'jump_tab_info_list': None, 'media_type': 4, 'reply_smart_emojis': None, 'activity_video_type': -1, 'boost_status': 0, 'create_scale_type': None, 'entertainment_product_info': {'sub_title': None, 'market_info': {'limit_free': {'in_free': False}, 'marketing_tag': None}}, 'caption': '爱和自由教育对儿童的意义。 #幼儿教育 #育儿 #家庭教育 #亲子关系 #父母课堂', 'item_title': '', 'is_use_music': False, 'original': 0, 'xigua_base_info': {'status': 0, 'star_altar_order_id': 0, 'star_altar_type': 0, 'item_id': 0}}, {'aweme_id': '7417700772068019456', 'desc': '现代父母普遍的育儿焦虑，真的有必要吗？#幼儿教育 #育儿 #家庭教育 #亲子关系 #父母课堂', 'create_time': 1727341200, 'author': {'uid': '1965574329213736', 'card_entries_not_display': None, 'nickname': '孙瑞雪聊教育', 'personal_tag_list': None, 'homepage_bottom_toast': None, 'avatar_thumb': {'uri': '100x100/aweme-avatar/tos-cn-avt-0015_afee5b125df955a19af4c41159ad1295', 'url_list': ['https://p3-pc.douyinpic.com/aweme/100x100/aweme-avatar/tos-cn-avt-0015_afee5b125df955a19af4c41159ad1295.jpeg?from=327834062'], 'width': 720, 'height': 720}, 'batch_unfollow_contain_tabs': None, 'not_seen_item_id_list': None, 'follow_status': 0, 'contrail_list': None, 'story_interactive': 0, 'data_label_list': None, 'custom_verify': '', 'follower_list_secondary_information_struct': None, 'display_info': None, 'interest_tags': None, 'account_cert_info': '{}', 'user_tags': None, 'share_info': {'share_url': '', 'share_weibo_desc': '', 'share_desc': '', 'share_title': '', 'share_qrcode_url': {'uri': '31b0500316c4e154852bc', 'url_list': ['https://p3-pc-sign.douyinpic.com/obj/31b0500316c4e154852bc?lk3s=138a59ce&x-expires=1760990400&x-signature=VnOegD8kfOkclbkCT%2BIUAVSkQl4%3D&from=327834062'], 'width': 720, 'height': 720}, 'share_title_myself': '', 'share_title_other': '', 'share_desc_info': ''}, 'can_set_geofencing': None, 'sec_uid': 'MS4wLjABAAAAnAFnkWlOm9jteymsi42fanYLMzfbqdGIwCILEUqDNmFyjfK9N8fSJdS_D2UWk_we', 'need_points': None, 'enterprise_verify_reason': '', 'is_ad_fake': False, 'story_ttl': 0, 'user_permissions': None, 'card_entries': None, 'creator_tag_list': None, 'offline_info_list': None, 'text_extra': None, 'card_sort_priority': None, 'prevent_download': False, 'special_people_labels': None, 'white_cover_url': None, 'endorsement_info_list': None, 'follower_status': 0, 'profile_mob_params': None, 'familiar_visitor_user': None, 'avatar_schema_list': None, 'cover_url': [{'uri': 'c8510002be9a3a61aad2', 'url_list': ['https://p3-pc-sign.douyinpic.com/obj/c8510002be9a3a61aad2?lk3s=138a59ce&x-expires=1762178400&x-signature=bEz6E0nbTH1458RtDsUU87G74Mk%3D&from=327834062'], 'width': 720, 'height': 720}], 'cf_list': None, 'im_role_ids': None, 'not_seen_item_id_list_v2': None, 'signature_extra': None, 'risk_notice_text': '', 'ban_user_functions': None, 'profile_component_disabled': None, 'verification_permission_ids': None, 'identity_labels': None, 'private_relation_list': None, 'link_item_list': None, 'batch_unfollow_relation_desc': None}, 'music': {'id': 7417700384329763611, 'id_str': '7417700384329763611', 'title': '@孙瑞雪聊教育创作的原声', 'author': '孙瑞雪聊教育', 'album': '', 'cover_hd': {'uri': '1080x1080/aweme-avatar/tos-cn-avt-0015_afee5b125df955a19af4c41159ad1295', 'url_list': ['https://p3-pc.douyinpic.com/aweme/1080x1080/aweme-avatar/tos-cn-avt-0015_afee5b125df955a19af4c41159ad1295.jpeg?from=327834062'], 'width': 720, 'height': 720}, 'cover_large': {'uri': '1080x1080/aweme-avatar/tos-cn-avt-0015_afee5b125df955a19af4c41159ad1295', 'url_list': ['https://p3-pc.douyinpic.com/aweme/1080x1080/aweme-avatar/tos-cn-avt-0015_afee5b125df955a19af4c41159ad1295.jpeg?from=327834062'], 'width': 720, 'height': 720}, 'cover_medium': {'uri': '720x720/aweme-avatar/tos-cn-avt-0015_afee5b125df955a19af4c41159ad1295', 'url_list': ['https://p3-pc.douyinpic.com/aweme/720x720/aweme-avatar/tos-cn-avt-0015_afee5b125df955a19af4c41159ad1295.jpeg?from=327834062'], 'width': 720, 'height': 720}, 'cover_thumb': {'uri': '100x100/aweme-avatar/tos-cn-avt-0015_afee5b125df955a19af4c41159ad1295', 'url_list': ['https://p3-pc.douyinpic.com/aweme/100x100/aweme-avatar/tos-cn-avt-0015_afee5b125df955a19af4c41159ad1295.jpeg?from=327834062'], 'width': 720, 'height': 720}, 'play_url': {'uri': 'https://lf26-music-east.douyinstatic.com/obj/ies-music-hj/7417700868461562682.mp3', 'url_list': ['https://lf26-music-east.douyinstatic.com/obj/ies-music-hj/7417700868461562682.mp3', 'https://lf9-music-east.douyinstatic.com/obj/ies-music-hj/7417700868461562682.mp3'], 'width': 720, 'height': 720, 'url_key': '7417700384329763611'}, 'schema_url': '', 'source_platform': 23, 'start_time': 0, 'end_time': 0, 'duration': 111, 'extra': '{"aed_music_score":0,"aed_singing_score":0.04,"aggregate_exempt_conf":[],"beats":{},"cover_colors":null,"douyin_beats_info":{},"dsp_switch":0,"extract_item_id":7417700772068019456,"has_edited":0,"hit_high_follow_auto":false,"hit_high_follow_extend":false,"hit_high_follow_original":false,"hotsoon_review_time":-1,"is_aed_music":0,"is_high_follow_user":false,"is_red":0,"is_subsidy_exp":false,"music_label_id":null,"music_tagging":{"AEDs":null,"Genres":null,"Instruments":null,"Languages":null,"Moods":null,"SingingVersions":null,"Themes":null},"review_unshelve_reason":0,"reviewed":0,"schedule_search_time":0,"uniqa_speech_score":0.27,"with_aed_model":1}', 'user_count': 0, 'position': None, 'collect_stat': 0, 'status': 1, 'offline_desc': '', 'owner_id': '1965574329213736', 'owner_nickname': '孙瑞雪聊教育', 'is_original': False, 'mid': '7417700384329763611', 'binded_challenge_id': 0, 'redirect': False, 'is_restricted': False, 'author_deleted': False, 'is_del_video': False, 'is_video_self_see': False, 'owner_handle': '63566855132', 'author_position': None, 'prevent_download': False, 'unshelve_countries': None, 'prevent_item_download_status': 0, 'external_song_info': [], 'sec_uid': 'MS4wLjABAAAAnAFnkWlOm9jteymsi42fanYLMzfbqdGIwCILEUqDNmFyjfK9N8fSJdS_D2UWk_we', 'avatar_thumb': {'uri': '100x100/aweme-avatar/tos-cn-avt-0015_afee5b125df955a19af4c41159ad1295', 'url_list': ['https://p3-pc.douyinpic.com/aweme/100x100/aweme-avatar/tos-cn-avt-0015_afee5b125df955a19af4c41159ad1295.jpeg?from=327834062'], 'width': 720, 'height': 720}, 'avatar_medium': {'uri': '720x720/aweme-avatar/tos-cn-avt-0015_afee5b125df955a19af4c41159ad1295', 'url_list': ['https://p3-pc.douyinpic.com/aweme/720x720/aweme-avatar/tos-cn-avt-0015_afee5b125df955a19af4c41159ad1295.jpeg?from=327834062'], 'width': 720, 'height': 720}, 'avatar_large': {'uri': '1080x1080/aweme-avatar/tos-cn-avt-0015_afee5b125df955a19af4c41159ad1295', 'url_list': ['https://p3-pc.douyinpic.com/aweme/1080x1080/aweme-avatar/tos-cn-avt-0015_afee5b125df955a19af4c41159ad1295.jpeg?from=327834062'], 'width': 720, 'height': 720}, 'preview_start_time': 0, 'preview_end_time': 0, 'is_commerce_music': False, 'is_original_sound': True, 'audition_duration': 111, 'shoot_duration': 111, 'reason_type': 0, 'artists': [], 'lyric_short_position': None, 'mute_share': False, 'tag_list': None, 'dmv_auto_show': False, 'is_pgc': False, 'is_matched_metadata': False, 'is_audio_url_with_cookie': False, 'music_chart_ranks': None, 'can_background_play': True, 'music_status': 1, 'video_duration': 111, 'pgc_music_type': 2, 'author_status': 1, 'search_impr': {'entity_id': '7417700384329763611'}, 'artist_user_infos': None, 'dsp_status': 10, 'musician_user_infos': None, 'music_collect_count': 0, 'music_cover_atmosphere_color_value': '', 'show_origin_clip': False}, 'effect_inflow_effects': None, 'video': {'play_addr': {'uri': 'v0300fg10000croff07og65oiig7cv6g', 'url_list': ['https://v5-dy-o-abtest.zjcdn.com/62870a383ba4448690dc1235548bbe0e/68f66e28/video/tos/cn/tos-cn-ve-0015c800/ooUbSl8HSA4ig27eAQLaw7MGBeoeZ4eICDEXhI/?a=6383&ch=10010&cr=3&dr=0&lr=all&cd=0%7C0%7C0%7C3&cv=1&br=694&bt=694&cs=0&ds=3&ft=c2YTctGHQPRUZxfusdr~kwPqYldQIKDEE-TerrNqq_45a&mime_type=video_mp4&qs=0&rc=aWU1ZWYzNGRnZjdlOTs6ZEBpank6bHI5cjNpdTMzNGkzM0A1MGI1Y2FfXy0xYGAzYF9iYSMzYGRmMmQ0Y2xgLS1kLTBzcw%3D%3D&btag=80000e00028000&cquery=100B_100H_100K_100o_101r&dy_q=1760969609&feature_id=aa7df520beeae8e397df15f38df0454c&l=20251020221329FF810B6B17C3D024C6A3', 'https://v5-dy-o-abtest.zjcdn.com/62870a383ba4448690dc1235548bbe0e/68f66e28/video/tos/cn/tos-cn-ve-0015c800/ooUbSl8HSA4ig27eAQLaw7MGBeoeZ4eICDEXhI/?a=6383&ch=10010&cr=3&dr=0&lr=all&cd=0%7C0%7C0%7C3&cv=1&br=694&bt=694&cs=0&ds=3&ft=c2YTctGHQPRUZxfusdr~kwPqYldQIKDEE-TerrNqq_45a&mime_type=video_mp4&qs=0&rc=aWU1ZWYzNGRnZjdlOTs6ZEBpank6bHI5cjNpdTMzNGkzM0A1MGI1Y2FfXy0xYGAzYF9iYSMzYGRmMmQ0Y2xgLS1kLTBzcw%3D%3D&btag=80000e00028000&cquery=101r_100B_100H_100K_100o&dy_q=1760969609&feature_id=aa7df520beeae8e397df15f38df0454c&l=20251020221329FF810B6B17C3D024C6A3', 'https://www.douyin.com/aweme/v1/play/?video_id=v0300fg10000croff07og65oiig7cv6g&line=0&file_id=eab7c866cbc44c0dbab1d0fc8be23b8f&sign=d59b2b8220b4c30fd4338f8495ef3478&is_play_url=1&source=PackSourceEnum_PUBLISH'], 'width': 720, 'height': 1280, 'url_key': 'v0300fg10000croff07og65oiig7cv6g_h264_720p_711471', 'data_size': 9898345, 'file_hash': 'd59b2b8220b4c30fd4338f8495ef3478', 'file_cs': 'c:0-126357-d922'}, 'cover': {'uri': 'tos-cn-i-dy/c6726e802b43423398c2b46f2a8edaaf', 'url_list': ['https://p3-pc-sign.douyinpic.com/tos-cn-i-dy/c6726e802b43423398c2b46f2a8edaaf~tplv-dy-cropcenter:323:430.jpeg?lk3s=138a59ce&x-expires=2076328800&x-signature=WTe53t8cO68Gz9JTZFxFMomO7wE%3D&from=327834062&s=PackSourceEnum_PUBLISH&se=true&sh=323_430&sc=cover&biz_tag=pcweb_cover&l=20251020221329FF810B6B17C3D024C6A3', 'https://p3-pc-sign.douyinpic.com/obj/tos-cn-i-dy/c6726e802b43423398c2b46f2a8edaaf?lk3s=138a59ce&x-expires=2076328800&x-signature=XUxgU9PJCNhw%2F%2Bzn5s9%2Bd8F%2FXMI%3D&from=327834062&s=PackSourceEnum_PUBLISH&se=false&sc=cover&biz_tag=pcweb_cover&l=20251020221329FF810B6B17C3D024C6A3'], 'width': 720, 'height': 720}, 'height': 1920, 'width': 1080, 'dynamic_cover': {'uri': 'tos-cn-i-dy/c6726e802b43423398c2b46f2a8edaaf', 'url_list': ['https://p3-pc-sign.douyinpic.com/obj/tos-cn-i-dy/c6726e802b43423398c2b46f2a8edaaf?lk3s=138a59ce&x-expires=1762178400&x-signature=D7UjDtWciiEnrimAcLT4i0eHKYo%3D&from=327834062_large&s=PackSourceEnum_PUBLISH&se=false&sc=dynamic_cover&biz_tag=pcweb_cover&l=20251020221329FF810B6B17C3D024C6A3', 'https://p9-pc-sign.douyinpic.com/obj/tos-cn-i-dy/c6726e802b43423398c2b46f2a8edaaf?lk3s=138a59ce&x-expires=1762178400&x-signature=gcGMN2mahkR6hiI7Zccc%2FtBCmJk%3D&from=327834062_large&s=PackSourceEnum_PUBLISH&se=false&sc=dynamic_cover&biz_tag=pcweb_cover&l=20251020221329FF810B6B17C3D024C6A3'], 'width': 720, 'height': 720}, 'origin_cover': {'uri': 'tos-cn-p-0015/owGh8MXBQEZwHQID0e27DeiCx86aeAeoCUAELb', 'url_list': ['https://p3-pc-sign.douyinpic.com/tos-cn-p-0015/owGh8MXBQEZwHQID0e27DeiCx86aeAeoCUAELb~tplv-dy-360p.jpeg?lk3s=138a59ce&x-expires=1762178400&x-signature=05gNABuRG4n90gk6S2PF7C3apOs%3D&from=327834062&s=PackSourceEnum_PUBLISH&se=false&sc=origin_cover&biz_tag=pcweb_cover&l=20251020221329FF810B6B17C3D024C6A3', 'https://p9-pc-sign.douyinpic.com/tos-cn-p-0015/owGh8MXBQEZwHQID0e27DeiCx86aeAeoCUAELb~tplv-dy-360p.jpeg?lk3s=138a59ce&x-expires=1762178400&x-signature=tNOkpCato6hFyESBW%2BdF%2FYtV8h8%3D&from=327834062&s=PackSourceEnum_PUBLISH&se=false&sc=origin_cover&biz_tag=pcweb_cover&l=20251020221329FF810B6B17C3D024C6A3'], 'width': 360, 'height': 640}, 'ratio': '720p', 'format': 'mp4', 'audio': {'original_sound_infos': None}, 'bit_rate': [{'gear_name': 'normal_720_0', 'quality_type': 10, 'bit_rate': 711471, 'play_addr': {'uri': 'v0300fg10000croff07og65oiig7cv6g', 'url_list': ['https://v5-dy-o-abtest.zjcdn.com/62870a383ba4448690dc1235548bbe0e/68f66e28/video/tos/cn/tos-cn-ve-0015c800/ooUbSl8HSA4ig27eAQLaw7MGBeoeZ4eICDEXhI/?a=6383&ch=10010&cr=3&dr=0&lr=all&cd=0%7C0%7C0%7C3&cv=1&br=694&bt=694&cs=0&ds=3&ft=c2YTctGHQPRUZxfusdr~kwPqYldQIKDEE-TerrNqq_45a&mime_type=video_mp4&qs=0&rc=aWU1ZWYzNGRnZjdlOTs6ZEBpank6bHI5cjNpdTMzNGkzM0A1MGI1Y2FfXy0xYGAzYF9iYSMzYGRmMmQ0Y2xgLS1kLTBzcw%3D%3D&btag=80000e00028000&cquery=100B_100H_100K_100o_101r&dy_q=1760969609&feature_id=aa7df520beeae8e397df15f38df0454c&l=20251020221329FF810B6B17C3D024C6A3', 'https://v5-dy-o-abtest.zjcdn.com/62870a383ba4448690dc1235548bbe0e/68f66e28/video/tos/cn/tos-cn-ve-0015c800/ooUbSl8HSA4ig27eAQLaw7MGBeoeZ4eICDEXhI/?a=6383&ch=10010&cr=3&dr=0&lr=all&cd=0%7C0%7C0%7C3&cv=1&br=694&bt=694&cs=0&ds=3&ft=c2YTctGHQPRUZxfusdr~kwPqYldQIKDEE-TerrNqq_45a&mime_type=video_mp4&qs=0&rc=aWU1ZWYzNGRnZjdlOTs6ZEBpank6bHI5cjNpdTMzNGkzM0A1MGI1Y2FfXy0xYGAzYF9iYSMzYGRmMmQ0Y2xgLS1kLTBzcw%3D%3D&btag=80000e00028000&cquery=101r_100B_100H_100K_100o&dy_q=1760969609&feature_id=aa7df520beeae8e397df15f38df0454c&l=20251020221329FF810B6B17C3D024C6A3', 'https://www.douyin.com/aweme/v1/play/?video_id=v0300fg10000croff07og65oiig7cv6g&line=0&file_id=eab7c866cbc44c0dbab1d0fc8be23b8f&sign=d59b2b8220b4c30fd4338f8495ef3478&is_play_url=1&source=PackSourceEnum_PUBLISH'], 'width': 720, 'height': 1280, 'url_key': 'v0300fg10000croff07og65oiig7cv6g_h264_720p_711471', 'data_size': 9898345, 'file_hash': 'd59b2b8220b4c30fd4338f8495ef3478', 'file_cs': 'c:0-126357-d922'}, 'is_h265': 0, 'is_bytevc1': 0, 'HDR_type': '', 'HDR_bit': '', 'FPS': 30, 'video_extra': '{"PktOffsetMap":"[{\\"time\\": 1, \\"offset\\": 321250}, {\\"time\\": 2, \\"offset\\": 413059}, {\\"time\\": 3, \\"offset\\": 462061}, {\\"time\\": 4, \\"offset\\": 544398}, {\\"time\\": 5, \\"offset\\": 616396}, {\\"time\\": 10, \\"offset\\": 998833}]","format":"mp4","definition":"720p","quality":"normal","file_id":"eab7c866cbc44c0dbab1d0fc8be23b8f","applog_map":{"feature_id":"aa7df520beeae8e397df15f38df0454c"},"audio_channels":"2.0","audio_sample_rate":"44100","audio_metrics":null,"audio_score":null}', 'format': 'mp4'}, {'gear_name': 'low_720_0', 'quality_type': 211, 'bit_rate': 697756, 'play_addr': {'uri': 'v0300fg10000croff07og65oiig7cv6g', 'url_list': ['https://v5-dy-o-abtest.zjcdn.com/d11e78468a0f06caa0dbe8f40d8bee2f/68f66e28/video/tos/cn/tos-cn-ve-0015c800/oMAgsLZB8wUkGAeS2eoEekDiAMIgCHhIebjHQa/?a=6383&ch=10010&cr=3&dr=0&lr=all&cd=0%7C0%7C0%7C3&cv=1&br=681&bt=681&cs=0&ds=3&ft=c2YTctGHQPRUZxfusdr~kwPqYldQIKDEE-TerrNqq_45a&mime_type=video_mp4&qs=1&rc=aWhkOjM4OzllaDc4OGhlNkBpank6bHI5cjNpdTMzNGkzM0A0Nl5eYmFeXjMxXmEuY2AzYSMzYGRmMmQ0Y2xgLS1kLTBzcw%3D%3D&btag=80000e00028000&cquery=100H_100K_100o_101r_100B&dy_q=1760969609&feature_id=46a7bb47b4fd1280f3d3825bf2b29388&l=20251020221329FF810B6B17C3D024C6A3', 'https://v5-dy-o-abtest.zjcdn.com/d11e78468a0f06caa0dbe8f40d8bee2f/68f66e28/video/tos/cn/tos-cn-ve-0015c800/oMAgsLZB8wUkGAeS2eoEekDiAMIgCHhIebjHQa/?a=6383&ch=10010&cr=3&dr=0&lr=all&cd=0%7C0%7C0%7C3&cv=1&br=681&bt=681&cs=0&ds=3&ft=c2YTctGHQPRUZxfusdr~kwPqYldQIKDEE-TerrNqq_45a&mime_type=video_mp4&qs=1&rc=aWhkOjM4OzllaDc4OGhlNkBpank6bHI5cjNpdTMzNGkzM0A0Nl5eYmFeXjMxXmEuY2AzYSMzYGRmMmQ0Y2xgLS1kLTBzcw%3D%3D&btag=80000e00028000&cquery=100K_100o_101r_100B_100H&dy_q=1760969609&feature_id=46a7bb47b4fd1280f3d3825bf2b29388&l=20251020221329FF810B6B17C3D024C6A3', 'https://www.douyin.com/aweme/v1/play/?video_id=v0300fg10000croff07og65oiig7cv6g&line=0&file_id=63cbfe15d5a44e6ba6a8d5e0a7aa9e7f&sign=89ab07d0625b39728d27bd83eb950d20&is_play_url=1&source=PackSourceEnum_PUBLISH'], 'width': 720, 'height': 1280, 'url_key': 'v0300fg10000croff07og65oiig7cv6g_h264_720p_697756', 'data_size': 9707538, 'file_hash': '89ab07d0625b39728d27bd83eb950d20', 'file_cs': 'c:0-94496-b6c2|a:v0300fg10000croff07og65oiig7cv6g'}, 'is_h265': 0, 'is_bytevc1': 0, 'HDR_type': '', 'HDR_bit': '', 'FPS': 30, 'video_extra': '{"PktOffsetMap":"[{\\"time\\": 1, \\"offset\\": 314743}, {\\"time\\": 2, \\"offset\\": 402114}, {\\"time\\": 3, \\"offset\\": 472081}, {\\"time\\": 4, \\"offset\\": 535937}, {\\"time\\": 5, \\"offset\\": 613802}, {\\"time\\": 10, \\"offset\\": 985349}]","format":"mp4","definition":"720p","quality":"low","file_id":"63cbfe15d5a44e6ba6a8d5e0a7aa9e7f","applog_map":{"feature_id":"46a7bb47b4fd1280f3d3825bf2b29388"},"audio_channels":"2.0","audio_sample_rate":"44100","audio_metrics":null,"audio_score":null}', 'format': 'mp4'}, {'gear_name': 'low_540_0', 'quality_type': 292, 'bit_rate': 673668, 'play_addr': {'uri': 'v0300fg10000croff07og65oiig7cv6g', 'url_list': ['https://v5-dy-o-abtest.zjcdn.com/b3abeaca11aecac2d7ae31a65e3f5636/68f66e28/video/tos/cn/tos-cn-ve-0015c800/oQDK2RfeQDfebFIDLHxEAAMNEwECAIUA2sD8M6/?a=6383&ch=10010&cr=3&dr=0&lr=all&cd=0%7C0%7C0%7C3&cv=1&br=657&bt=657&cs=0&ds=6&ft=c2YTctGHQPRUZxfusdr~kwPqYldQIKDEE-TerrNqq_45a&mime_type=video_mp4&qs=1&rc=O2Y1ZzdlaTQ0Zzk4aWloNEBpank6bHI5cjNpdTMzNGkzM0BjNi4vNTUuNTQxYzQvYWJhYSMzYGRmMmQ0Y2xgLS1kLTBzcw%3D%3D&btag=80000e00028000&cquery=100K_100o_101r_100B_100H&dy_q=1760969609&feature_id=46a7bb47b4fd1280f3d3825bf2b29388&l=20251020221329FF810B6B17C3D024C6A3', 'https://v5-dy-o-abtest.zjcdn.com/b3abeaca11aecac2d7ae31a65e3f5636/68f66e28/video/tos/cn/tos-cn-ve-0015c800/oQDK2RfeQDfebFIDLHxEAAMNEwECAIUA2sD8M6/?a=6383&ch=10010&cr=3&dr=0&lr=all&cd=0%7C0%7C0%7C3&cv=1&br=657&bt=657&cs=0&ds=6&ft=c2YTctGHQPRUZxfusdr~kwPqYldQIKDEE-TerrNqq_45a&mime_type=video_mp4&qs=1&rc=O2Y1ZzdlaTQ0Zzk4aWloNEBpank6bHI5cjNpdTMzNGkzM0BjNi4vNTUuNTQxYzQvYWJhYSMzYGRmMmQ0Y2xgLS1kLTBzcw%3D%3D&btag=80000e00028000&cquery=100B_100H_100K_100o_101r&dy_q=1760969609&feature_id=46a7bb47b4fd1280f3d3825bf2b29388&l=20251020221329FF810B6B17C3D024C6A3', 'https://www.douyin.com/aweme/v1/play/?video_id=v0300fg10000croff07og65oiig7cv6g&line=0&file_id=d1eedf2f75f64d71811f8b842d129cf8&sign=35666852bf962dd3b4ec099347236dd0&is_play_url=1&source=PackSourceEnum_PUBLISH'], 'width': 576, 'height': 1024, 'url_key': 'v0300fg10000croff07og65oiig7cv6g_h264_540p_673668', 'data_size': 9372411, 'file_hash': '35666852bf962dd3b4ec099347236dd0', 'file_cs': 'c:0-94472-9f41|a:v0300fg10000croff07og65oiig7cv6g'}, 'is_h265': 0, 'is_bytevc1': 0, 'HDR_type': '', 'HDR_bit': '', 'FPS': 30, 'video_extra': '{"PktOffsetMap":"[{\\"time\\": 1, \\"offset\\": 309973}, {\\"time\\": 2, \\"offset\\": 393467}, {\\"time\\": 3, \\"offset\\": 462315}, {\\"time\\": 4, \\"offset\\": 524638}, {\\"time\\": 5, \\"offset\\": 600558}, {\\"time\\": 10, \\"offset\\": 962207}]","format":"mp4","definition":"540p","quality":"low","file_id":"d1eedf2f75f64d71811f8b842d129cf8","applog_map":{"feature_id":"46a7bb47b4fd1280f3d3825bf2b29388"},"audio_channels":"2.0","audio_sample_rate":"44100","audio_metrics":null,"audio_score":null}', 'format': 'mp4'}, {'gear_name': 'adapt_low_540_0', 'quality_type': 291, 'bit_rate': 453054, 'play_addr': {'uri': 'v0300fg10000croff07og65oiig7cv6g', 'url_list': ['https://v5-dy-o-abtest.zjcdn.com/9009c67bfa4a87c12a25799727131cb1/68f66e28/video/tos/cn/tos-cn-ve-0015c800/oYILW2Eb9w2AeFsuxNvDRAQDMfCfAAKADEGUEe/?a=6383&ch=10010&cr=3&dr=0&lr=all&cd=0%7C0%7C0%7C3&cv=1&br=442&bt=442&cs=0&ds=6&ft=c2YTctGHQPRUZxfusdr~kwPqYldQIKDEE-TerrNqq_45a&mime_type=video_mp4&qs=12&rc=ZDRnZ2Q8OTU4OzY0aTY3OUBpank6bHI5cjNpdTMzNGkzM0A0NWFeXi5fXi8xNTQwNV82YSMzYGRmMmQ0Y2xgLS1kLTBzcw%3D%3D&btag=80000e00028000&cquery=101r_100B_100H_100K_100o&dy_q=1760969609&feature_id=46a7bb47b4fd1280f3d3825bf2b29388&l=20251020221329FF810B6B17C3D024C6A3', 'https://v5-dy-o-abtest.zjcdn.com/9009c67bfa4a87c12a25799727131cb1/68f66e28/video/tos/cn/tos-cn-ve-0015c800/oYILW2Eb9w2AeFsuxNvDRAQDMfCfAAKADEGUEe/?a=6383&ch=10010&cr=3&dr=0&lr=all&cd=0%7C0%7C0%7C3&cv=1&br=442&bt=442&cs=0&ds=6&ft=c2YTctGHQPRUZxfusdr~kwPqYldQIKDEE-TerrNqq_45a&mime_type=video_mp4&qs=12&rc=ZDRnZ2Q8OTU4OzY0aTY3OUBpank6bHI5cjNpdTMzNGkzM0A0NWFeXi5fXi8xNTQwNV82YSMzYGRmMmQ0Y2xgLS1kLTBzcw%3D%3D&btag=80000e00028000&cquery=100o_101r_100B_100H_100K&dy_q=1760969609&feature_id=46a7bb47b4fd1280f3d3825bf2b29388&l=20251020221329FF810B6B17C3D024C6A3', 'https://www.douyin.com/aweme/v1/play/?video_id=v0300fg10000croff07og65oiig7cv6g&line=0&file_id=96b4833f71834825a2b619aaaddd817a&sign=a434e0d45c7f3ee6fdccdd1a3eace087&is_play_url=1&source=PackSourceEnum_PUBLISH'], 'width': 576, 'height': 1024, 'url_key': 'v0300fg10000croff07og65oiig7cv6g_h264_540p_453054', 'data_size': 6303121, 'file_hash': 'a434e0d45c7f3ee6fdccdd1a3eace087', 'file_cs': 'c:0-94471-b744|a:v0300fg10000croff07og65oiig7cv6g'}, 'is_h265': 0, 'is_bytevc1': 0, 'HDR_type': '', 'HDR_bit': '', 'FPS': 30, 'video_extra': '{"PktOffsetMap":"[{\\"time\\": 1, \\"offset\\": 241350}, {\\"time\\": 2, \\"offset\\": 296572}, {\\"time\\": 3, \\"offset\\": 339664}, {\\"time\\": 4, \\"offset\\": 379328}, {\\"time\\": 5, \\"offset\\": 429474}, {\\"time\\": 10, \\"offset\\": 670003}]","format":"mp4","definition":"540p","quality":"adapt_low","file_id":"96b4833f71834825a2b619aaaddd817a","applog_map":{"feature_id":"46a7bb47b4fd1280f3d3825bf2b29388"},"audio_channels":"2.0","audio_sample_rate":"44100","audio_metrics":null,"audio_score":null}', 'format': 'mp4'}, {'gear_name': 'adapt_lowest_1080_1', 'quality_type': 2, 'bit_rate': 319382, 'play_addr': {'uri': 'v0300fg10000croff07og65oiig7cv6g', 'url_list': ['https://v5-dy-o-abtest.zjcdn.com/f7b26e8af900d38b8374fc7dd3462ec1/68f66e28/video/tos/cn/tos-cn-ve-0015c800/owPIMETOAAeZCKxf2FfUebDEWEwRNEDs5PDAQ1/?a=6383&ch=10010&cr=3&dr=0&lr=all&cd=0%7C0%7C0%7C3&cv=1&br=311&bt=311&cs=2&ds=4&eid=3072&ft=c2YTctGHQPRUZxfusdr~kwPqYldQIKDEE-TerrNqq_45a&mime_type=video_mp4&qs=15&rc=NGY7OWU8Z2ZoNWc8Ozc2OUBpank6bHI5cjNpdTMzNGkzM0AvXy8wMC1hXzExYjU2YWM2YSMzYGRmMmQ0Y2xgLS1kLTBzcw%3D%3D&btag=80000e00028000&cquery=101r_100B_100H_100K_100o&dy_q=1760969609&feature_id=c6de0308cacfd993ef282c8e1c646267&l=20251020221329FF810B6B17C3D024C6A3', 'https://v5-dy-o-abtest.zjcdn.com/f7b26e8af900d38b8374fc7dd3462ec1/68f66e28/video/tos/cn/tos-cn-ve-0015c800/owPIMETOAAeZCKxf2FfUebDEWEwRNEDs5PDAQ1/?a=6383&ch=10010&cr=3&dr=0&lr=all&cd=0%7C0%7C0%7C3&cv=1&br=311&bt=311&cs=2&ds=4&eid=3072&ft=c2YTctGHQPRUZxfusdr~kwPqYldQIKDEE-TerrNqq_45a&mime_type=video_mp4&qs=15&rc=NGY7OWU8Z2ZoNWc8Ozc2OUBpank6bHI5cjNpdTMzNGkzM0AvXy8wMC1hXzExYjU2YWM2YSMzYGRmMmQ0Y2xgLS1kLTBzcw%3D%3D&btag=80000e00028000&cquery=100K_100o_101r_100B_100H&dy_q=1760969609&feature_id=c6de0308cacfd993ef282c8e1c646267&l=20251020221329FF810B6B17C3D024C6A3', 'https://www.douyin.com/aweme/v1/play/?video_id=v0300fg10000croff07og65oiig7cv6g&line=0&file_id=96f3d49889ed424ebcdd093b3628bc21&sign=586d180ad2cab606c1cffb5bef844383&is_play_url=1&source=PackSourceEnum_PUBLISH'], 'width': 1080, 'height': 1920, 'url_key': 'v0300fg10000croff07og65oiig7cv6g_bytevc1_1080p_319382', 'data_size': 4443410, 'file_hash': '586d180ad2cab606c1cffb5bef844383', 'file_cs': 'c:0-94661-e9dd'}, 'is_h265': 1, 'is_bytevc1': 1, 'HDR_type': '', 'HDR_bit': '', 'FPS': 30, 'video_extra': '{"PktOffsetMap":"[{\\"time\\": 1, \\"offset\\": 204061}, {\\"time\\": 2, \\"offset\\": 239737}, {\\"time\\": 3, \\"offset\\": 270084}, {\\"time\\": 4, \\"offset\\": 305854}, {\\"time\\": 5, \\"offset\\": 344532}, {\\"time\\": 10, \\"offset\\": 515214}]","format":"mp4","definition":"1080p","quality":"adapt_lowest","file_id":"96f3d49889ed424ebcdd093b3628bc21","applog_map":{"feature_id":"c6de0308cacfd993ef282c8e1c646267"},"mvmaf":"{\\"mvmaf_sr_v1080\\":-1,\\"mvmaf_sr_v960\\":-1,\\"mvmaf_sr_v864\\":-1,\\"mvmaf_sr_v720\\":-1,\\"mvmaf_ori_v1080\\":92.103,\\"mvmaf_ori_v960\\":92.433,\\"mvmaf_ori_v864\\":93.265,\\"mvmaf_ori_v720\\":94.396}","audio_channels":"2.0","audio_sample_rate":"44100","audio_metrics":null,"audio_score":null}', 'format': 'mp4'}, {'gear_name': 'adapt_lowest_720_1', 'quality_type': 15, 'bit_rate': 273750, 'play_addr': {'uri': 'v0300fg10000croff07og65oiig7cv6g', 'url_list': ['https://v5-dy-o-abtest.zjcdn.com/808ec8603dafdb77d5604ca5d310a741/68f66e28/video/tos/cn/tos-cn-ve-0015c800/oQH1BeAweAQXy8f9gG2boqEaJICMLDQZUeHIyi/?a=6383&ch=10010&cr=3&dr=0&lr=all&cd=0%7C0%7C0%7C3&cv=1&br=267&bt=267&cs=2&ds=3&ft=c2YTctGHQPRUZxfusdr~kwPqYldQIKDEE-TerrNqq_45a&mime_type=video_mp4&qs=15&rc=NTgzPGU3Zmg0aThlOmc7Z0Bpank6bHI5cjNpdTMzNGkzM0AvMS1eM19iXzYxNV5fNjMyYSMzYGRmMmQ0Y2xgLS1kLTBzcw%3D%3D&btag=80000e00028000&cquery=101r_100B_100H_100K_100o&dy_q=1760969609&feature_id=c6de0308cacfd993ef282c8e1c646267&l=20251020221329FF810B6B17C3D024C6A3', 'https://v5-dy-o-abtest.zjcdn.com/808ec8603dafdb77d5604ca5d310a741/68f66e28/video/tos/cn/tos-cn-ve-0015c800/oQH1BeAweAQXy8f9gG2boqEaJICMLDQZUeHIyi/?a=6383&ch=10010&cr=3&dr=0&lr=all&cd=0%7C0%7C0%7C3&cv=1&br=267&bt=267&cs=2&ds=3&ft=c2YTctGHQPRUZxfusdr~kwPqYldQIKDEE-TerrNqq_45a&mime_type=video_mp4&qs=15&rc=NTgzPGU3Zmg0aThlOmc7Z0Bpank6bHI5cjNpdTMzNGkzM0AvMS1eM19iXzYxNV5fNjMyYSMzYGRmMmQ0Y2xgLS1kLTBzcw%3D%3D&btag=80000e00028000&cquery=100K_100o_101r_100B_100H&dy_q=1760969609&feature_id=c6de0308cacfd993ef282c8e1c646267&l=20251020221329FF810B6B17C3D024C6A3', 'https://www.douyin.com/aweme/v1/play/?video_id=v0300fg10000croff07og65oiig7cv6g&line=0&file_id=5d689db7ab854f91beecb46ba9004522&sign=c11d5faca01ee702afe1024fc52cc8b4&is_play_url=1&source=PackSourceEnum_PUBLISH'], 'width': 720, 'height': 1280, 'url_key': 'v0300fg10000croff07og65oiig7cv6g_bytevc1_720p_273750', 'data_size': 3808556, 'file_hash': 'c11d5faca01ee702afe1024fc52cc8b4', 'file_cs': 'c:0-94661-618e'}, 'is_h265': 1, 'is_bytevc1': 1, 'HDR_type': '', 'HDR_bit': '', 'FPS': 30, 'video_extra': '{"PktOffsetMap":"[{\\"time\\": 1, \\"offset\\": 180326}, {\\"time\\": 2, \\"offset\\": 209001}, {\\"time\\": 3, \\"offset\\": 240421}, {\\"time\\": 4, \\"offset\\": 265733}, {\\"time\\": 5, \\"offset\\": 292397}, {\\"time\\": 10, \\"offset\\": 441099}]","format":"mp4","definition":"720p","quality":"adapt_lowest","file_id":"5d689db7ab854f91beecb46ba9004522","applog_map":{"feature_id":"c6de0308cacfd993ef282c8e1c646267"},"mvmaf":"{\\"mvmaf_sr_v1080\\":96.99,\\"mvmaf_sr_v960\\":98.058,\\"mvmaf_sr_v864\\":98.649,\\"mvmaf_sr_v720\\":99.375,\\"mvmaf_ori_v1080\\":87.38,\\"mvmaf_ori_v960\\":90.077,\\"mvmaf_ori_v864\\":90.982,\\"mvmaf_ori_v720\\":93.153}","audio_channels":"2.0","audio_sample_rate":"44100","audio_metrics":null,"audio_score":null}', 'format': 'mp4'}, {'gear_name': 'adapt_540_1', 'quality_type': 28, 'bit_rate': 253367, 'play_addr': {'uri': 'v0300fg10000croff07og65oiig7cv6g', 'url_list': ['https://v5-dy-o-abtest.zjcdn.com/cb820c9c27ab7826819418bd30146511/68f66e28/video/tos/cn/tos-cn-ve-0015c800/okBejZA2HIukUGobAagxISQqe8DXfECMeGi2wL/?a=6383&ch=10010&cr=3&dr=0&lr=all&cd=0%7C0%7C0%7C3&cv=1&br=247&bt=247&cs=2&ds=6&ft=c2YTctGHQPRUZxfusdr~kwPqYldQIKDEE-TerrNqq_45a&mime_type=video_mp4&qs=11&rc=OjNkNWY2NDY7NWc3PGU4OEBpank6bHI5cjNpdTMzNGkzM0AuM2IuLzNjNl8xMF42MTQzYSMzYGRmMmQ0Y2xgLS1kLTBzcw%3D%3D&btag=80000e00028000&cquery=100K_100o_101r_100B_100H&dy_q=1760969609&feature_id=c6de0308cacfd993ef282c8e1c646267&l=20251020221329FF810B6B17C3D024C6A3', 'https://v5-dy-o-abtest.zjcdn.com/cb820c9c27ab7826819418bd30146511/68f66e28/video/tos/cn/tos-cn-ve-0015c800/okBejZA2HIukUGobAagxISQqe8DXfECMeGi2wL/?a=6383&ch=10010&cr=3&dr=0&lr=all&cd=0%7C0%7C0%7C3&cv=1&br=247&bt=247&cs=2&ds=6&ft=c2YTctGHQPRUZxfusdr~kwPqYldQIKDEE-TerrNqq_45a&mime_type=video_mp4&qs=11&rc=OjNkNWY2NDY7NWc3PGU4OEBpank6bHI5cjNpdTMzNGkzM0AuM2IuLzNjNl8xMF42MTQzYSMzYGRmMmQ0Y2xgLS1kLTBzcw%3D%3D&btag=80000e00028000&cquery=101r_100B_100H_100K_100o&dy_q=1760969609&feature_id=c6de0308cacfd993ef282c8e1c646267&l=20251020221329FF810B6B17C3D024C6A3', 'https://www.douyin.com/aweme/v1/play/?video_id=v0300fg10000croff07og65oiig7cv6g&line=0&file_id=65754b99a43d42b893f1632c12ea6017&sign=54f8bd60d0d7d382631a247470c5e217&is_play_url=1&source=PackSourceEnum_PUBLISH'], 'width': 576, 'height': 1024, 'url_key': 'v0300fg10000croff07og65oiig7cv6g_bytevc1_540p_253367', 'data_size': 3524976, 'file_hash': '54f8bd60d0d7d382631a247470c5e217', 'file_cs': 'c:0-94661-9c51'}, 'is_h265': 1, 'is_bytevc1': 1, 'HDR_type': '', 'HDR_bit': '', 'FPS': 30, 'video_extra': '{"PktOffsetMap":"[{\\"time\\": 1, \\"offset\\": 173402}, {\\"time\\": 2, \\"offset\\": 199829}, {\\"time\\": 3, \\"offset\\": 230519}, {\\"time\\": 4, \\"offset\\": 254319}, {\\"time\\": 5, \\"offset\\": 282237}, {\\"time\\": 10, \\"offset\\": 417759}]","format":"mp4","definition":"540p","quality":"adapt","file_id":"65754b99a43d42b893f1632c12ea6017","applog_map":{"feature_id":"c6de0308cacfd993ef282c8e1c646267"},"mvmaf":"{\\"mvmaf_sr_v1080\\":94.541,\\"mvmaf_sr_v960\\":97.109,\\"mvmaf_sr_v864\\":98.177,\\"mvmaf_sr_v720\\":99.377,\\"mvmaf_ori_v1080\\":83.571,\\"mvmaf_ori_v960\\":86.972,\\"mvmaf_ori_v864\\":88.485,\\"mvmaf_ori_v720\\":91.887}","audio_channels":"2.0","audio_sample_rate":"44100","audio_metrics":null,"audio_score":null}', 'format': 'mp4'}, {'gear_name': 'adapt_lowest_1080_1', 'quality_type': 2, 'bit_rate': 263535, 'play_addr': {'uri': 'v0300fg10000croff07og65oiig7cv6g', 'url_list': ['https://v5-dy-o-abtest.zjcdn.com/f0c72a71f04985565b57eee68ad2e3fd/68f79578/video/tos/cn/tos-cn-ve-0015c800/oEebEqeAIByLZHnA9AGRwaUA28oHGCAiDe1AeM/media-video-hvc1/?a=6383&ch=0&cr=8&dr=0&er=1&lr=default&cd=0%7C0%7C0%7C3&cv=1&br=257&bt=257&cs=4&ds=4&eid=3072&mime_type=video_mp4&qs=15&rc=Ozk2NTM5OWU0ZGc6ZTo2PEBpank6bHI5cjNpdTMzNGkzM0BeLjUuMmBfNjMxYjQvXjU1YSMzYGRmMmQ0Y2xgLS1kLTBzcw%3D%3D&btag=80000e00028000&cquery=101r_100o&dy_q=1760969609&l=20251020221329FF810B6B17C3D024C6A3', 'https://v5-dy-o-abtest.zjcdn.com/f0c72a71f04985565b57eee68ad2e3fd/68f79578/video/tos/cn/tos-cn-ve-0015c800/oEebEqeAIByLZHnA9AGRwaUA28oHGCAiDe1AeM/media-video-hvc1/?a=6383&ch=0&cr=8&dr=0&er=1&lr=default&cd=0%7C0%7C0%7C3&cv=1&br=257&bt=257&cs=4&ds=4&eid=3072&mime_type=video_mp4&qs=15&rc=Ozk2NTM5OWU0ZGc6ZTo2PEBpank6bHI5cjNpdTMzNGkzM0BeLjUuMmBfNjMxYjQvXjU1YSMzYGRmMmQ0Y2xgLS1kLTBzcw%3D%3D&btag=80000e00028000&cquery=101r_100o&dy_q=1760969609&l=20251020221329FF810B6B17C3D024C6A3', 'https://www.douyin.com/aweme/v1/play/dash/?video_id=v0300fg10000croff07og65oiig7cv6g&line=0&file_id=8983a72b77ed4a619bb6c650128316a8&sign=9aeae986c1f231ca7ed26c3a81f16b70&is_play_url=1&source=PackSourceEnum_PUBLISH'], 'width': 1080, 'height': 1920, 'url_key': 'v0300fg10000croff07og65oiig7cv6g_bytevc1_1080p_263535', 'data_size': 3666435, 'file_hash': '9aeae986c1f231ca7ed26c3a81f16b70'}, 'is_h265': 1, 'is_bytevc1': 1, 'HDR_type': '', 'HDR_bit': '', 'FPS': 30, 'video_extra': '{"PktOffsetMap":"","format":"dash","sub_info":"{\\"audio_channels\\":\\"2.0\\",\\"audio_layout\\":\\"C\\",\\"audio_sample_rate\\":\\"44100\\",\\"base_range_info\\":{\\"first_moof_range\\":\\"1360-3139\\",\\"index_range\\":\\"1136-1359\\",\\"init_range\\":\\"0-1135\\"},\\"check_info\\":{\\"check_info\\":\\"a:v0300fg10000croff07og65oiig7cv6g|b:0-1359-e509985baaea9d785616b22633589a14|c:0-1359-73cb\\"},\\"gear_des_key\\":\\"0:DASH|1:normal|2:h265_hvc1|4:1080p|5:adapt_lowest|8:v1.9.0.5-ot|10000:105\\",\\"quality_type\\":2}","definition":"1080p","quality":"adapt_lowest","quality_desc":"","file_id":"8983a72b77ed4a619bb6c650128316a8","real_bitrate":316131,"audio_file_id":"6f948e5d54f36e00130c76e115f47c7b","applog_map":{"feature_id":"c6de0308cacfd993ef282c8e1c646267"},"mvmaf":"{\\"mvmaf_sr_v1080\\":-1,\\"mvmaf_sr_v960\\":-1,\\"mvmaf_sr_v864\\":-1,\\"mvmaf_sr_v720\\":-1,\\"mvmaf_ori_v1080\\":92.103,\\"mvmaf_ori_v960\\":92.433,\\"mvmaf_ori_v864\\":93.265,\\"mvmaf_ori_v720\\":94.396}","audio_metrics":null,"audio_score":null}', 'format': 'dash'}, {'gear_name': 'adapt_lowest_720_1', 'quality_type': 15, 'bit_rate': 217903, 'play_addr': {'uri': 'v0300fg10000croff07og65oiig7cv6g', 'url_list': ['https://v5-dy-o-abtest.zjcdn.com/49f9171940ceb2d586e6c1c78640f5ba/68f79578/video/tos/cn/tos-cn-ve-0015c800/owN2xwEDDAKma1MqDUeAJAAIDfAWFCAfsEAbeg/media-video-hvc1/?a=6383&ch=0&cr=8&dr=0&er=1&lr=default&cd=0%7C0%7C0%7C3&cv=1&br=212&bt=212&cs=4&ds=3&mime_type=video_mp4&qs=15&rc=OzVlOWQ0Njk5aDhlZmVpNUBpank6bHI5cjNpdTMzNGkzM0AyL140YWMtNTAxNV5iMS00YSMzYGRmMmQ0Y2xgLS1kLTBzcw%3D%3D&btag=80000e00028000&cquery=101r_100o&dy_q=1760969609&l=20251020221329FF810B6B17C3D024C6A3', 'https://v5-dy-o-abtest.zjcdn.com/49f9171940ceb2d586e6c1c78640f5ba/68f79578/video/tos/cn/tos-cn-ve-0015c800/owN2xwEDDAKma1MqDUeAJAAIDfAWFCAfsEAbeg/media-video-hvc1/?a=6383&ch=0&cr=8&dr=0&er=1&lr=default&cd=0%7C0%7C0%7C3&cv=1&br=212&bt=212&cs=4&ds=3&mime_type=video_mp4&qs=15&rc=OzVlOWQ0Njk5aDhlZmVpNUBpank6bHI5cjNpdTMzNGkzM0AyL140YWMtNTAxNV5iMS00YSMzYGRmMmQ0Y2xgLS1kLTBzcw%3D%3D&btag=80000e00028000&cquery=101r_100o&dy_q=1760969609&l=20251020221329FF810B6B17C3D024C6A3', 'https://www.douyin.com/aweme/v1/play/dash/?video_id=v0300fg10000croff07og65oiig7cv6g&line=0&file_id=720f4becab854e368603f1da76ab2258&sign=371dd98fb41310935b0c3836c07e17cd&is_play_url=1&source=PackSourceEnum_PUBLISH'], 'width': 720, 'height': 1280, 'url_key': 'v0300fg10000croff07og65oiig7cv6g_bytevc1_720p_217903', 'data_size': 3031581, 'file_hash': '371dd98fb41310935b0c3836c07e17cd'}, 'is_h265': 1, 'is_bytevc1': 1, 'HDR_type': '', 'HDR_bit': '', 'FPS': 30, 'video_extra': '{"PktOffsetMap":"","format":"dash","sub_info":"{\\"audio_channels\\":\\"2.0\\",\\"audio_layout\\":\\"C\\",\\"audio_sample_rate\\":\\"44100\\",\\"base_range_info\\":{\\"first_moof_range\\":\\"1360-3139\\",\\"index_range\\":\\"1136-1359\\",\\"init_range\\":\\"0-1135\\"},\\"check_info\\":{\\"check_info\\":\\"a:v0300fg10000croff07og65oiig7cv6g|b:0-1359-876957d20ac4b68f00f099a03953e95e|c:0-1359-b5d1\\"},\\"gear_des_key\\":\\"0:DASH|1:normal|2:h265_hvc1|4:720p|5:adapt_lowest|8:v1.9.0.5-ot|10000:105\\",\\"quality_type\\":15}","definition":"720p","quality":"adapt_lowest","quality_desc":"","file_id":"720f4becab854e368603f1da76ab2258","real_bitrate":270499,"audio_file_id":"6f948e5d54f36e00130c76e115f47c7b","applog_map":{"feature_id":"c6de0308cacfd993ef282c8e1c646267"},"mvmaf":"{\\"mvmaf_sr_v1080\\":96.99,\\"mvmaf_sr_v960\\":98.058,\\"mvmaf_sr_v864\\":98.649,\\"mvmaf_sr_v720\\":99.375,\\"mvmaf_ori_v1080\\":87.38,\\"mvmaf_ori_v960\\":90.077,\\"mvmaf_ori_v864\\":90.982,\\"mvmaf_ori_v720\\":93.153}","audio_metrics":null,"audio_score":null}', 'format': 'dash'}, {'gear_name': 'adapt_540_1', 'quality_type': 28, 'bit_rate': 197520, 'play_addr': {'uri': 'v0300fg10000croff07og65oiig7cv6g', 'url_list': ['https://v5-dy-o-abtest.zjcdn.com/82fffd1dd427d93f6fcf1c6813442856/68f79578/video/tos/cn/tos-cn-ve-0015c800/okN2xwEDDAKCI1MSDUeAJBAIDfAlFCAfsEAbeg/media-video-hvc1/?a=6383&ch=0&cr=8&dr=0&er=1&lr=default&cd=0%7C0%7C0%7C3&cv=1&br=192&bt=192&cs=4&ds=6&mime_type=video_mp4&qs=11&rc=Mzg8ZWYzNzZoNDw8OGQ3ZkBpank6bHI5cjNpdTMzNGkzM0BiMl4yMDIyXmIxX2JiXy8wYSMzYGRmMmQ0Y2xgLS1kLTBzcw%3D%3D&btag=80000e00028000&cquery=100o_101r&dy_q=1760969609&l=20251020221329FF810B6B17C3D024C6A3', 'https://v5-dy-o-abtest.zjcdn.com/82fffd1dd427d93f6fcf1c6813442856/68f79578/video/tos/cn/tos-cn-ve-0015c800/okN2xwEDDAKCI1MSDUeAJBAIDfAlFCAfsEAbeg/media-video-hvc1/?a=6383&ch=0&cr=8&dr=0&er=1&lr=default&cd=0%7C0%7C0%7C3&cv=1&br=192&bt=192&cs=4&ds=6&mime_type=video_mp4&qs=11&rc=Mzg8ZWYzNzZoNDw8OGQ3ZkBpank6bHI5cjNpdTMzNGkzM0BiMl4yMDIyXmIxX2JiXy8wYSMzYGRmMmQ0Y2xgLS1kLTBzcw%3D%3D&btag=80000e00028000&cquery=101r_100o&dy_q=1760969609&l=20251020221329FF810B6B17C3D024C6A3', 'https://www.douyin.com/aweme/v1/play/dash/?video_id=v0300fg10000croff07og65oiig7cv6g&line=0&file_id=3c24bae5e9b941eea354503c5ba955e0&sign=7a5756ca1b877bd2bc3ed69f09d6752e&is_play_url=1&source=PackSourceEnum_PUBLISH'], 'width': 576, 'height': 1024, 'url_key': 'v0300fg10000croff07og65oiig7cv6g_bytevc1_540p_197520', 'data_size': 2748001, 'file_hash': '7a5756ca1b877bd2bc3ed69f09d6752e'}, 'is_h265': 1, 'is_bytevc1': 1, 'HDR_type': '', 'HDR_bit': '', 'FPS': 30, 'video_extra': '{"PktOffsetMap":"","format":"dash","sub_info":"{\\"audio_channels\\":\\"2.0\\",\\"audio_layout\\":\\"C\\",\\"audio_sample_rate\\":\\"44100\\",\\"base_range_info\\":{\\"first_moof_range\\":\\"1360-3139\\",\\"index_range\\":\\"1136-1359\\",\\"init_range\\":\\"0-1135\\"},\\"check_info\\":{\\"check_info\\":\\"a:v0300fg10000croff07og65oiig7cv6g|b:0-1359-abfc56c59a4f5aac250dd8b57ed05590|c:0-1359-e9e2\\"},\\"gear_des_key\\":\\"0:DASH|1:normal|2:h265_hvc1|4:540p|5:adapt|8:v1.9.0.5-ot|10000:105\\",\\"quality_type\\":28}","definition":"540p","quality":"adapt","quality_desc":"","file_id":"3c24bae5e9b941eea354503c5ba955e0","real_bitrate":253367,"audio_file_id":"6f948e5d54f36e00130c76e115f47c7b","applog_map":{"feature_id":"c6de0308cacfd993ef282c8e1c646267"},"mvmaf":"{\\"mvmaf_sr_v1080\\":94.541,\\"mvmaf_sr_v960\\":97.109,\\"mvmaf_sr_v864\\":98.177,\\"mvmaf_sr_v720\\":99.377,\\"mvmaf_ori_v1080\\":83.571,\\"mvmaf_ori_v960\\":86.972,\\"mvmaf_ori_v864\\":88.485,\\"mvmaf_ori_v720\\":91.887}","audio_metrics":null,"audio_score":null}', 'format': 'dash'}], 'duration': 111300, 'play_addr_265': {'uri': 'v0300fg10000croff07og65oiig7cv6g', 'url_list': ['https://v5-dy-o-abtest.zjcdn.com/cb820c9c27ab7826819418bd30146511/68f66e28/video/tos/cn/tos-cn-ve-0015c800/okBejZA2HIukUGobAagxISQqe8DXfECMeGi2wL/?a=6383&ch=10010&cr=3&dr=0&lr=all&cd=0%7C0%7C0%7C3&cv=1&br=247&bt=247&cs=2&ds=6&ft=c2YTctGHQPRUZxfusdr~kwPqYldQIKDEE-TerrNqq_45a&mime_type=video_mp4&qs=11&rc=OjNkNWY2NDY7NWc3PGU4OEBpank6bHI5cjNpdTMzNGkzM0AuM2IuLzNjNl8xMF42MTQzYSMzYGRmMmQ0Y2xgLS1kLTBzcw%3D%3D&btag=80000e00028000&cquery=100K_100o_101r_100B_100H&dy_q=1760969609&feature_id=c6de0308cacfd993ef282c8e1c646267&l=20251020221329FF810B6B17C3D024C6A3', 'https://v5-dy-o-abtest.zjcdn.com/cb820c9c27ab7826819418bd30146511/68f66e28/video/tos/cn/tos-cn-ve-0015c800/okBejZA2HIukUGobAagxISQqe8DXfECMeGi2wL/?a=6383&ch=10010&cr=3&dr=0&lr=all&cd=0%7C0%7C0%7C3&cv=1&br=247&bt=247&cs=2&ds=6&ft=c2YTctGHQPRUZxfusdr~kwPqYldQIKDEE-TerrNqq_45a&mime_type=video_mp4&qs=11&rc=OjNkNWY2NDY7NWc3PGU4OEBpank6bHI5cjNpdTMzNGkzM0AuM2IuLzNjNl8xMF42MTQzYSMzYGRmMmQ0Y2xgLS1kLTBzcw%3D%3D&btag=80000e00028000&cquery=101r_100B_100H_100K_100o&dy_q=1760969609&feature_id=c6de0308cacfd993ef282c8e1c646267&l=20251020221329FF810B6B17C3D024C6A3', 'https://www.douyin.com/aweme/v1/play/?video_id=v0300fg10000croff07og65oiig7cv6g&line=0&file_id=65754b99a43d42b893f1632c12ea6017&sign=54f8bd60d0d7d382631a247470c5e217&is_play_url=1&source=PackSourceEnum_PUBLISH'], 'width': 576, 'height': 1024, 'url_key': 'v0300fg10000croff07og65oiig7cv6g_bytevc1_540p_253367', 'data_size': 3524976, 'file_hash': '54f8bd60d0d7d382631a247470c5e217', 'file_cs': 'c:0-94661-9c51'}, 'bit_rate_audio': [{'audio_meta': {'url_list': {'main_url': 'https://v5-dy-o-abtest.zjcdn.com/eb23e40f6852db77b01a67143e99ba7b/68f79578/video/tos/cn/tos-cn-ve-0015c800/okN2xwEDDAKCI1MSDUeAJBAIDfAlFCAfsEAbeg/media-audio-und-mp4a/?a=6383&ch=0&cr=8&dr=0&er=1&lr=default&cd=0%7C0%7C0%7C3&cv=1&br=51&bt=51&cs=4&mime_type=video_mp4&qs=11&rc=ZWY3ODQ5ZjYzaDY3Z2g3aUBpank6bHI5cjNpdTMzNGkzM0A0NGMuYjQtLi0zYzIyNTYzYSMzYGRmMmQ0Y2xgLS1kLTBzcw%3D%3D&btag=80000e00028000&cquery=101r_100o&dy_q=1760969609&l=20251020221329FF810B6B17C3D024C6A3', 'backup_url': 'https://v5-dy-o-abtest.zjcdn.com/eb23e40f6852db77b01a67143e99ba7b/68f79578/video/tos/cn/tos-cn-ve-0015c800/okN2xwEDDAKCI1MSDUeAJBAIDfAlFCAfsEAbeg/media-audio-und-mp4a/?a=6383&ch=0&cr=8&dr=0&er=1&lr=default&cd=0%7C0%7C0%7C3&cv=1&br=51&bt=51&cs=4&mime_type=video_mp4&qs=11&rc=ZWY3ODQ5ZjYzaDY3Z2g3aUBpank6bHI5cjNpdTMzNGkzM0A0NGMuYjQtLi0zYzIyNTYzYSMzYGRmMmQ0Y2xgLS1kLTBzcw%3D%3D&btag=80000e00028000&cquery=101r_100o&dy_q=1760969609&l=20251020221329FF810B6B17C3D024C6A3', 'fallback_url': 'https://www.douyin.com/aweme/v1/play/dash/?video_id=v0300fg10000croff07og65oiig7cv6g&line=0&file_id=6f948e5d54f36e00130c76e115f47c7b&sign=6f948e5d54f36e00130c76e115f47c7b&is_play_url=1&source=PackSourceEnum_PUBLISH'}, 'encoded_type': 'normal', 'media_type': 'audio', 'logo_type': '', 'quality': 'adapt', 'quality_desc': '', 'format': 'dash', 'bitrate': 52596, 'codec_type': 'bytevc1', 'size': 731550, 'fps': 0, 'file_id': '6f948e5d54f36e00130c76e115f47c7b', 'file_hash': '6f948e5d54f36e00130c76e115f47c7b', 'sub_info': '{"audio_channels":"2.0","audio_layout":"C","audio_sample_rate":"44100","base_range_info":{"index_range":"866-1101","init_range":"0-865"},"check_info":{"check_info":"a:v0300fg10000croff07og65oiig7cv6g|b:0-1101-651404882029e5387dedeafb27038768|c:0-1101-5f22"},"gear_des_key":"0:dash|1:normal|2:bytevc1|5:adapt|10000:105"}'}, 'audio_quality': 5, 'audio_extra': '{"real_bitrate":253367}'}], 'play_addr_h264': {'uri': 'v0300fg10000croff07og65oiig7cv6g', 'url_list': ['https://v5-dy-o-abtest.zjcdn.com/62870a383ba4448690dc1235548bbe0e/68f66e28/video/tos/cn/tos-cn-ve-0015c800/ooUbSl8HSA4ig27eAQLaw7MGBeoeZ4eICDEXhI/?a=6383&ch=10010&cr=3&dr=0&lr=all&cd=0%7C0%7C0%7C3&cv=1&br=694&bt=694&cs=0&ds=3&ft=c2YTctGHQPRUZxfusdr~kwPqYldQIKDEE-TerrNqq_45a&mime_type=video_mp4&qs=0&rc=aWU1ZWYzNGRnZjdlOTs6ZEBpank6bHI5cjNpdTMzNGkzM0A1MGI1Y2FfXy0xYGAzYF9iYSMzYGRmMmQ0Y2xgLS1kLTBzcw%3D%3D&btag=80000e00028000&cquery=100B_100H_100K_100o_101r&dy_q=1760969609&feature_id=aa7df520beeae8e397df15f38df0454c&l=20251020221329FF810B6B17C3D024C6A3', 'https://v5-dy-o-abtest.zjcdn.com/62870a383ba4448690dc1235548bbe0e/68f66e28/video/tos/cn/tos-cn-ve-0015c800/ooUbSl8HSA4ig27eAQLaw7MGBeoeZ4eICDEXhI/?a=6383&ch=10010&cr=3&dr=0&lr=all&cd=0%7C0%7C0%7C3&cv=1&br=694&bt=694&cs=0&ds=3&ft=c2YTctGHQPRUZxfusdr~kwPqYldQIKDEE-TerrNqq_45a&mime_type=video_mp4&qs=0&rc=aWU1ZWYzNGRnZjdlOTs6ZEBpank6bHI5cjNpdTMzNGkzM0A1MGI1Y2FfXy0xYGAzYF9iYSMzYGRmMmQ0Y2xgLS1kLTBzcw%3D%3D&btag=80000e00028000&cquery=101r_100B_100H_100K_100o&dy_q=1760969609&feature_id=aa7df520beeae8e397df15f38df0454c&l=20251020221329FF810B6B17C3D024C6A3', 'https://www.douyin.com/aweme/v1/play/?video_id=v0300fg10000croff07og65oiig7cv6g&line=0&file_id=eab7c866cbc44c0dbab1d0fc8be23b8f&sign=d59b2b8220b4c30fd4338f8495ef3478&is_play_url=1&source=PackSourceEnum_PUBLISH'], 'width': 720, 'height': 1280, 'url_key': 'v0300fg10000croff07og65oiig7cv6g_h264_720p_711471', 'data_size': 9898345, 'file_hash': 'd59b2b8220b4c30fd4338f8495ef3478', 'file_cs': 'c:0-126357-d922'}, 'raw_cover': {'uri': 'tos-cn-i-dy/c6726e802b43423398c2b46f2a8edaaf', 'url_list': ['https://p3-pc-sign.douyinpic.com/tos-cn-i-dy/c6726e802b43423398c2b46f2a8edaaf~tplv-dy-cropcenter:323:430.jpeg?lk3s=138a59ce&x-expires=2076328800&x-signature=WTe53t8cO68Gz9JTZFxFMomO7wE%3D&from=327834062&s=PackSourceEnum_PUBLISH&se=true&sh=323_430&sc=cover&biz_tag=pcweb_cover&l=20251020221329FF810B6B17C3D024C6A3', 'https://p3-pc-sign.douyinpic.com/obj/tos-cn-i-dy/c6726e802b43423398c2b46f2a8edaaf?lk3s=138a59ce&x-expires=2076328800&x-signature=XUxgU9PJCNhw%2F%2Bzn5s9%2Bd8F%2FXMI%3D&from=327834062&s=PackSourceEnum_PUBLISH&se=false&sc=cover&biz_tag=pcweb_cover&l=20251020221329FF810B6B17C3D024C6A3'], 'width': 720, 'height': 720}, 'is_long_video': 1, 'animated_cover': {'uri': 'tos-cn-i-dy/c6726e802b43423398c2b46f2a8edaaf', 'url_list': ['https://p3-pc-sign.douyinpic.com/obj/tos-cn-i-dy/c6726e802b43423398c2b46f2a8edaaf?lk3s=138a59ce&x-expires=1762178400&x-signature=D7UjDtWciiEnrimAcLT4i0eHKYo%3D&from=327834062_large&s=PackSourceEnum_PUBLISH&se=false&sc=dynamic_cover&biz_tag=pcweb_cover&l=20251020221329FF810B6B17C3D024C6A3', 'https://p9-pc-sign.douyinpic.com/obj/tos-cn-i-dy/c6726e802b43423398c2b46f2a8edaaf?lk3s=138a59ce&x-expires=1762178400&x-signature=gcGMN2mahkR6hiI7Zccc%2FtBCmJk%3D&from=327834062_large&s=PackSourceEnum_PUBLISH&se=false&sc=dynamic_cover&biz_tag=pcweb_cover&l=20251020221329FF810B6B17C3D024C6A3']}, 'gaussian_cover': {'uri': 'tos-cn-p-0015/owGh8MXBQEZwHQID0e27DeiCx86aeAeoCUAELb', 'url_list': ['https://p3-pc-sign.douyinpic.com/tos-cn-p-0015/owGh8MXBQEZwHQID0e27DeiCx86aeAeoCUAELb~tplv-tsj2vxp0zn-gaosi:40.jpeg?lk3s=138a59ce&x-expires=1792504800&x-signature=fRIy6aEXIzn4hDUj8iP4bVtgLmk%3D&from=327834062', 'https://p9-pc-sign.douyinpic.com/tos-cn-p-0015/owGh8MXBQEZwHQID0e27DeiCx86aeAeoCUAELb~tplv-tsj2vxp0zn-gaosi:40.jpeg?lk3s=138a59ce&x-expires=1792504800&x-signature=ThgEvg5Yu6bJxNWIp8ZVuryEer0%3D&from=327834062'], 'width': 720, 'height': 720}, 'meta': '{"enable_manual_ladder":"1","format":"mp4","gear_vqm":"{\\"1080p_720p\\":1,\\"720p_540p\\":0}","hrids":"500000002","is_spatial_video":"0","isad":"0","loudness":"-19.4","peak":"0.95499","qprf":"1.000","sdgs":"[\\"normal_720_0\\",\\"low_720_0\\",\\"low_540_0\\",\\"adapt_low_540_0\\",\\"adapt_lowest_1080_1\\",\\"adapt_lowest_720_1\\",\\"adapt_540_1\\"]","sr_potential":"{\\"v1.0\\":{\\"score\\":61.284}}","sr_score":"1.000","strategy_tokens":"[\\"online\\",\\"strategy_iteration_ab01_0809\\",\\"strategy_iteration_ab02_0809\\"]","title_info":"{\\"bottom_res_add\\":[3.91,5.45,34.78,55.46,40.64,67.14,72,22.91,6.91,3.45,1.18,0,0,0,0],\\"bullet_zone\\":10.94,\\"progress_bar\\":[37.6,43.2,44.1],\\"ratio_br_l\\":[0,0,0,0,0,0],\\"ratio_edge_l\\":[0.6,0.68,0.73,0.77,0.78,0.79],\\"top_res_add\\":[0,0,19.91,55.55,42.73,0,12.36],\\"version\\":\\"v1.0\\"}","volume_info":"{\\"Loudness\\":-19.4,\\"LoudnessRange\\":7.6,\\"LoudnessRangeStart\\":-24,\\"Metrics\\":{\\"Phase\\":{\\"RMSDownmixDiff\\":-1.116},\\"RMSStats\\":{\\"LRDiff\\":0.579,\\"LTotal\\":-21.714,\\"Peak\\":-0.354,\\"RTotal\\":-22.293},\\"Version\\":\\"1.4.2\\",\\"Loudness\\":{\\"Integrated\\":-19.425}},\\"Peak\\":0.95499,\\"Version\\":2,\\"LoudnessRangeEnd\\":-16.4,\\"MaximumMomentaryLoudness\\":-12.1,\\"MaximumShortTermLoudness\\":-14.9}","vqs_origin":"0"}', 'video_model': '', 'is_source_HDR': 0, 'use_static_cover': True, 'big_thumbs': [{'img_num': 111, 'uri': 'tos-cn-p-0015/okMZwaD2eQUHD7oCIbeAe8GiLBeHAE2oHQpho3', 'img_url': 'https://p3-sign.douyinpic.com/tos-cn-p-0015/okMZwaD2eQUHD7oCIbeAe8GiLBeHAE2oHQpho3~tplv-noop.image?cquery=100K_100o_101r_100B_100H&dy_q=1760969609&l=20251020221329FF810B6B17C3D024C6A3&x-expires=1760980520&x-signature=UspxWj4%2F7nVpIU0XJR%2FAkcQCktM%3D', 'img_x_size': 136, 'img_y_size': 240, 'img_x_len': 5, 'img_y_len': 5, 'duration': 111.29967, 'interval': 1, 'fext': 'jpg', 'uris': ['tos-cn-p-0015/okMZwaD2eQUHD7oCIbeAe8GiLBeHAE2oHQpho3', 'tos-cn-p-0015/osA3sEeDbCzB9fAxADEcrGxwFDeIMIf27DUKwN', 'tos-cn-p-0015/oIDwECAFsIvxP2DAKDDwfeIenN9ADf1EM7HbUw', 'tos-cn-p-0015/oQfwMQBQGHk8eE9eAIe7ADHAZLUombCD7ia2cw', 'tos-cn-p-0015/o0KsBLDAIFAeIYEwNBEM49DxCxe5f2DwbU77Af'], 'img_urls': ['https://p3-sign.douyinpic.com/tos-cn-p-0015/okMZwaD2eQUHD7oCIbeAe8GiLBeHAE2oHQpho3~tplv-noop.image?cquery=100K_100o_101r_100B_100H&dy_q=1760969609&l=20251020221329FF810B6B17C3D024C6A3&x-expires=1760980520&x-signature=UspxWj4%2F7nVpIU0XJR%2FAkcQCktM%3D', 'https://p3-sign.douyinpic.com/tos-cn-p-0015/osA3sEeDbCzB9fAxADEcrGxwFDeIMIf27DUKwN~tplv-noop.image?cquery=100K_100o_101r_100B_100H&dy_q=1760969609&l=20251020221329FF810B6B17C3D024C6A3&x-expires=1760980520&x-signature=kVPFq3KLFG3BsBe7%2FgJVj%2FKzEsI%3D', 'https://p3-sign.douyinpic.com/tos-cn-p-0015/oIDwECAFsIvxP2DAKDDwfeIenN9ADf1EM7HbUw~tplv-noop.image?cquery=100H_100K_100o_101r_100B&dy_q=1760969609&l=20251020221329FF810B6B17C3D024C6A3&x-expires=1760980520&x-signature=yYSWIuJK4r2vAvm9fg4saYwhIV0%3D', 'https://p3-sign.douyinpic.com/tos-cn-p-0015/oQfwMQBQGHk8eE9eAIe7ADHAZLUombCD7ia2cw~tplv-noop.image?cquery=100H_100K_100o_101r_100B&dy_q=1760969609&l=20251020221329FF810B6B17C3D024C6A3&x-expires=1760980520&x-signature=JdjJ%2FvGLwczQiRcu6PCNvxezdv8%3D', 'https://p3-sign.douyinpic.com/tos-cn-p-0015/o0KsBLDAIFAeIYEwNBEM49DxCxe5f2DwbU77Af~tplv-noop.image?cquery=100K_100o_101r_100B_100H&dy_q=1760969609&l=20251020221329FF810B6B17C3D024C6A3&x-expires=1760980520&x-signature=GrQcUm3lqNultiqF3Y27931X2d0%3D']}]}, 'item_aigc_follow_shot': 1, 'user_digged': 0, 'statistics': {'recommend_count': 10, 'comment_count': 8, 'digg_count': 71, 'admire_count': 0, 'play_count': 0, 'share_count': 23, 'collect_count': 27}, 'status': {'not_allow_soft_del_reason': 'ab', 'is_delete': False, 'allow_share': True, 'review_result': {'review_status': 0}, 'allow_friend_recommend_guide': True, 'part_see': 0, 'private_status': 0, 'listen_video_status': 2, 'in_reviewing': False, 'allow_self_recommend_to_friend': True, 'allow_friend_recommend': True, 'is_prohibited': False, 'enable_soft_delete': 0}, 'flash_mob_trends': 0, 'text_extra': [{'start': 19, 'end': 24, 'type': 1, 'hashtag_name': '幼儿教育', 'hashtag_id': '1591352385275918', 'is_commerce': False, 'caption_start': 19, 'caption_end': 24}, {'start': 25, 'end': 28, 'type': 1, 'hashtag_name': '育儿', 'hashtag_id': '1767586940916743', 'is_commerce': False, 'caption_start': 25, 'caption_end': 28}, {'start': 29, 'end': 34, 'type': 1, 'hashtag_name': '家庭教育', 'hashtag_id': '1767586804947975', 'is_commerce': False, 'caption_start': 29, 'caption_end': 34}, {'start': 35, 'end': 40, 'type': 1, 'hashtag_name': '亲子关系', 'hashtag_id': '1595199377513476', 'is_commerce': False, 'caption_start': 35, 'caption_end': 40}, {'start': 41, 'end': 46, 'type': 1, 'hashtag_name': '父母课堂', 'hashtag_id': '1600624540786695', 'is_commerce': False, 'caption_start': 41, 'caption_end': 46}], 'is_top': 0, 'mv_info': None, 'share_info': {'share_url': 'https://www.iesdouyin.com/share/video/7417700772068019456/?region=US&mid=7417700384329763611&u_code=0&did=MS4wLjABAAAAvCMmrvAxedjvycgJ9K0iX5KdtDHpyq-etIWoeicy6xniB0XMxRYv3S-CyP_GdsPs&iid=MS4wLjABAAAANwkJuWIRFOzg5uCpDRpMj4OX-QryoDgn-yYlXQnRwQQ&with_sec_did=1&video_share_track_ver=&titleType=title&share_sign=9uNYxFt81ab5mTABf6ZnEZrEJ9HOJgvoxGEess7u8VM-&share_version=290100&ts=1760969609&from_aid=6383&from_ssr=1&share_track_info=%7B%22link_description_type%22%3A%22%22%7D', 'share_link_desc': '2.82 a@a.Nw 10/16 uSL:/ 现代父母普遍的育儿焦虑，真的有必要吗？# 幼儿教育 # 育儿 # 家庭教育 # 亲子关系 # 父母课堂  %s 复制此链接，打开Dou音搜索，直接观看视频！'}, 'caption_template_id': 0, 'video_labels': None, 'shoot_way': '', 'is_ads': False, 'duration': 111300, 'aweme_type': 0, 'is_new_text_mode': 0, 'ai_follow_images': None, 'image_infos': None, 'risk_infos': {'vote': False, 'warn': False, 'risk_sink': False, 'type': 0, 'content': ''}, 'entertainment_video_type': 3, 'chapter_bar_color': None, 'position': None, 'uniqid_position': None, 'comment_list': None, 'author_user_id': 1965574329213736, 'product_genre_info': {'product_genre_type': 2, 'material_genre_sub_type_set': [4], 'special_info': {'recommend_group_name': 0}}, 'geofencing': [], 'is_from_ad_auth': False, 'is_moment_story': 0, 'region': '', 'video_text': None, 'video_share_edit_status': 0, 'collect_stat': 0, 'label_top_text': None, 'promotions': [], 'group_id': '7417700772068019456', 'prevent_download': False, 'nickname_position': None, 'challenge_position': None, 'trends_event_track': '{}', 'enable_comment_sticker_rec': False, 'mark_largely_following': False, 'long_video': None, 'aweme_listen_struct': {'trace_info': '{"copyright_not_speech":"false","copyright_reason":"has_listen_cp_new","copyright_tag_hit":"","copyright_use_aed_default":"false","copyright_use_tag_default":"false","cp_ab":"true","desc":"","duration_over":"false","hit_high_risk":"false","media_type":"4","reason":"hit_ab_0","show":"false"}'}, 'component_control': {'data_source_url': '/aweme/v1/web/aweme/post/'}, 'friend_recommend_info': {'friend_recommend_source': 10, 'label_user_list': None, 'disable_friend_recommend_guide_label': False}, 'nearby_hot_comment': None, 'interaction_stickers': None, 'can_cache_to_local': True, 'origin_comment_ids': None, 'commerce_config_data': None, 'douplus_user_type': 0, 'video_control': {'allow_download': False, 'share_type': 0, 'show_progress_bar': 1, 'draft_progress_bar': 1, 'allow_duet': True, 'allow_react': False, 'prevent_download_type': 2, 'allow_dynamic_wallpaper': False, 'timer_status': 1, 'allow_music': True, 'allow_stitch': False, 'allow_douplus': True, 'allow_share': True, 'share_grayed': False, 'download_ignore_visibility': False, 'duet_ignore_visibility': False, 'share_ignore_visibility': False, 'download_info': {'level': 1, 'fail_info': {'code': 290002, 'reason': 'isolation_content', 'msg': '视频暂时无法保存，链接已复制'}}, 'duet_info': {'level': 0}, 'allow_record': True, 'disable_record_reason': '', 'timer_info': {'public_time': 1727341200, 'timer_status': 0}}, 'aweme_control': {'can_forward': True, 'can_share': True, 'can_comment': True, 'can_show_comment': True}, 'interest_points': None, 'is_25_story': 0, 'aweme_type_tags': '', 'entertainment_video_paid_way': {'paid_ways': [], 'paid_type': 0, 'enable_use_new_ent_data': False}, 'anchors': None, 'hybrid_label': None, 'geofencing_regions': None, 'select_anchor_expanded_content': 0, 'aweme_acl': {'download_mask_panel': {'code': 1, 'show_type': 0}}, 'ent_log_extra': {'log_extra': '{"global_log_extra":null,"page_log_extra":null,"aweme_log_extra":{"ce_current_group_id":"7417700772068019456","author_id":"1965574329213736"},"extra_log_extra":null}'}, 'is_story': 0, 'publish_plus_alienation': {'alienation_type': 0}, 'trends_infos': None, 'follow_shot_assets': None, 'cover_labels': None, 'series_basic_info': {}, 'origin_duet_resource_uri': '', 'guide_btn_type': 0, 'cf_assets_type': 0, 'personal_page_botton_diagnose_style': 0, 'images': None, 'relation_labels': None, 'is_moment_history': 0, 'impression_data': {'group_id_list_a': [], 'group_id_list_b': [], 'similar_id_list_a': None, 'similar_id_list_b': None, 'group_id_list_c': [], 'group_id_list_d': []}, 'game_tag_info': {'is_game': False}, 'is_24_story': 0, 'libfinsert_task_id': '', 'social_tag_list': None, 'suggest_words': {'suggest_words': [{'words': [], 'scene': 'detail_inbox_rex', 'icon_url': '', 'hint_text': '', 'extra_info': '{}'}]}, 'show_follow_button': {}, 'duet_aggregate_in_music_tab': False, 'is_duet_sing': False, 'comment_permission_info': {'comment_permission_status': 0, 'can_comment': True, 'item_detail_entry': False, 'press_entry': False, 'toast_guide': False}, 'original_images': None, 'series_paid_info': {'series_paid_status': 0, 'item_price': 0}, 'img_bitrate': None, 'comment_gid': 7417700772068019456, 'image_album_music_info': {'begin_time': -1, 'end_time': -1, 'volume': -1}, 'video_tag': [{'tag_id': 2024, 'tag_name': '亲子', 'level': 1}, {'tag_id': 2024006, 'tag_name': '母婴', 'level': 2}, {'tag_id': 2024006003, 'tag_name': '育儿知识', 'level': 3}], 'is_collects_selected': 0, 'chapter_list': None, 'feed_comment_config': {'input_config_text': '善语结善缘，恶言伤人心', 'author_audit_status': 0, 'common_flags': '{"hashtag":"[{\\"name\\":\\"父母课堂\\",\\"id\\":1600624540786695},{\\"name\\":\\"幼儿教育\\",\\"id\\":1591352385275918},{\\"name\\":\\"育儿\\",\\"id\\":1767586940916743},{\\"name\\":\\"家庭教育\\",\\"id\\":1767586804947975},{\\"name\\":\\"亲子关系\\",\\"id\\":1595199377513476}]","item_author_nickname":"孙瑞雪聊教育","video_labels_v2_tag1":"母婴","video_labels_v2_tag2":"育儿理念"}'}, 'is_image_beat': False, 'dislike_dimension_list': None, 'standard_bar_info_list': None, 'photo_search_entrance': {'ecom_type': 0}, 'is_life_item': False, 'image_list': None, 'component_info_v2': '{"desc_lines_limit":0,"hide_marquee":false}', 'item_warn_notification': {'type': 0, 'show': False, 'content': ''}, 'origin_text_extra': None, 'disable_relation_bar': 0, 'packed_clips': None, 'author_mask_tag': 0, 'user_recommend_status': 1, 'collection_corner_mark': 0, 'is_share_post': False, 'image_comment': {}, 'visual_search_info': {'is_show_img_entrance': False, 'is_ecom_img': False, 'is_high_accuracy_ecom': False, 'is_high_recall_ecom': False}, 'tts_id_list': None, 'ref_tts_id_list': None, 'voice_modify_id_list': None, 'ref_voice_modify_id_list': None, 'authentication_token': 'MS4wLjAAAAAAtKJBA7YXIG59VfvhcXi-LKIas8KAc-wCfjEG1EbNQrzGePeWDWPMOrwQcODKWd19TTDa9iNkGq35cFNDXPGy9xCdj4QxkDAGOzhQiX9NavRmefnBKXyel2rrCaQWLa8bXTs2C4zryqPq4HC3kA_Ec1wF-RSV0KjmUMuBn9r7DuTbptXwrDuewEABSA1EbB17ybbioXBa-fe3gCz9K_pdMQVmK0hd9HYZ0lDbxBy72gwdcs0QYi-d2_uGL-52Zywh', 'video_game_data_channel_config': {}, 'dislike_dimension_list_v2': None, 'distribute_circle': {'distribute_type': 0, 'campus_block_interaction': False, 'is_campus': False}, 'image_crop_ctrl': 0, 'yumme_recreason': None, 'slides_music_beats': None, 'jump_tab_info_list': None, 'media_type': 4, 'reply_smart_emojis': None, 'activity_video_type': -1, 'boost_status': 0, 'create_scale_type': None, 'entertainment_product_info': {'sub_title': None, 'market_info': {'limit_free': {'in_free': False}, 'marketing_tag': None}}, 'caption': '现代父母普遍的育儿焦虑，真的有必要吗？#幼儿教育 #育儿 #家庭教育 #亲子关系 #父母课堂', 'item_title': '', 'is_use_music': False, 'original': 0, 'xigua_base_info': {'status': 0, 'star_altar_order_id': 0, 'star_altar_type': 0, 'item_id': 0}}, {'aweme_id': '7417700471487401251', 'desc': '生命为什么需要被看见？ #亲子关系  #家庭教育  #育儿  #幼儿教育  #父母课堂', 'create_time': 1727168700, 'author': {'uid': '1965574329213736', 'card_entries_not_display': None, 'nickname': '孙瑞雪聊教育', 'personal_tag_list': None, 'homepage_bottom_toast': None, 'avatar_thumb': {'uri': '100x100/aweme-avatar/tos-cn-avt-0015_afee5b125df955a19af4c41159ad1295', 'url_list': ['https://p3-pc.douyinpic.com/aweme/100x100/aweme-avatar/tos-cn-avt-0015_afee5b125df955a19af4c41159ad1295.jpeg?from=327834062'], 'width': 720, 'height': 720}, 'batch_unfollow_contain_tabs': None, 'not_seen_item_id_list': None, 'follow_status': 0, 'contrail_list': None, 'story_interactive': 0, 'data_label_list': None, 'custom_verify': '', 'follower_list_secondary_information_struct': None, 'display_info': None, 'interest_tags': None, 'account_cert_info': '{}', 'user_tags': None, 'share_info': {'share_url': '', 'share_weibo_desc': '', 'share_desc': '', 'share_title': '', 'share_qrcode_url': {'uri': '31b0500316c4e154852bc', 'url_list': ['https://p3-pc-sign.douyinpic.com/obj/31b0500316c4e154852bc?lk3s=138a59ce&x-expires=1760990400&x-signature=VnOegD8kfOkclbkCT%2BIUAVSkQl4%3D&from=327834062'], 'width': 720, 'height': 720}, 'share_title_myself': '', 'share_title_other': '', 'share_desc_info': ''}, 'can_set_geofencing': None, 'sec_uid': 'MS4wLjABAAAAnAFnkWlOm9jteymsi42fanYLMzfbqdGIwCILEUqDNmFyjfK9N8fSJdS_D2UWk_we', 'need_points': None, 'enterprise_verify_reason': '', 'is_ad_fake': False, 'story_ttl': 0, 'user_permissions': None, 'card_entries': None, 'creator_tag_list': None, 'offline_info_list': None, 'text_extra': None, 'card_sort_priority': None, 'prevent_download': False, 'special_people_labels': None, 'white_cover_url': None, 'endorsement_info_list': None, 'follower_status': 0, 'profile_mob_params': None, 'familiar_visitor_user': None, 'avatar_schema_list': None, 'cover_url': [{'uri': 'c8510002be9a3a61aad2', 'url_list': ['https://p3-pc-sign.douyinpic.com/obj/c8510002be9a3a61aad2?lk3s=138a59ce&x-expires=1762178400&x-signature=bEz6E0nbTH1458RtDsUU87G74Mk%3D&from=327834062'], 'width': 720, 'height': 720}], 'cf_list': None, 'im_role_ids': None, 'not_seen_item_id_list_v2': None, 'signature_extra': None, 'risk_notice_text': '', 'ban_user_functions': None, 'profile_component_disabled': None, 'verification_permission_ids': None, 'identity_labels': None, 'private_relation_list': None, 'link_item_list': None, 'batch_unfollow_relation_desc': None}, 'music': {'id': 7417699458588232448, 'id_str': '7417699458588232448', 'title': '@孙瑞雪聊教育创作的原声', 'author': '孙瑞雪聊教育', 'album': '', 'cover_hd': {'uri': '1080x1080/aweme-avatar/tos-cn-avt-0015_afee5b125df955a19af4c41159ad1295', 'url_list': ['https://p3-pc.douyinpic.com/aweme/1080x1080/aweme-avatar/tos-cn-avt-0015_afee5b125df955a19af4c41159ad1295.jpeg?from=327834062'], 'width': 720, 'height': 720}, 'cover_large': {'uri': '1080x1080/aweme-avatar/tos-cn-avt-0015_afee5b125df955a19af4c41159ad1295', 'url_list': ['https://p3-pc.douyinpic.com/aweme/1080x1080/aweme-avatar/tos-cn-avt-0015_afee5b125df955a19af4c41159ad1295.jpeg?from=327834062'], 'width': 720, 'height': 720}, 'cover_medium': {'uri': '720x720/aweme-avatar/tos-cn-avt-0015_afee5b125df955a19af4c41159ad1295', 'url_list': ['https://p3-pc.douyinpic.com/aweme/720x720/aweme-avatar/tos-cn-avt-0015_afee5b125df955a19af4c41159ad1295.jpeg?from=327834062'], 'width': 720, 'height': 720}, 'cover_thumb': {'uri': '100x100/aweme-avatar/tos-cn-avt-0015_afee5b125df955a19af4c41159ad1295', 'url_list': ['https://p3-pc.douyinpic.com/aweme/100x100/aweme-avatar/tos-cn-avt-0015_afee5b125df955a19af4c41159ad1295.jpeg?from=327834062'], 'width': 720, 'height': 720}, 'play_url': {'uri': 'https://lf3-music-east.douyinstatic.com/obj/ies-music-hj/7417700580447111996.mp3', 'url_list': ['https://lf3-music-east.douyinstatic.com/obj/ies-music-hj/7417700580447111996.mp3', 'https://lf9-music-east.douyinstatic.com/obj/ies-music-hj/7417700580447111996.mp3'], 'width': 720, 'height': 720, 'url_key': '7417699458588232448'}, 'schema_url': '', 'source_platform': 23, 'start_time': 0, 'end_time': 0, 'duration': 74, 'extra': '{"aed_music_score":0,"aed_singing_score":0.01,"aggregate_exempt_conf":[],"beats":{},"cover_colors":null,"douyin_beats_info":{},"dsp_switch":0,"extract_item_id":7417700471487401251,"has_edited":0,"hit_high_follow_auto":false,"hit_high_follow_extend":false,"hit_high_follow_original":false,"hotsoon_review_time":-1,"is_aed_music":0,"is_high_follow_user":false,"is_red":0,"is_subsidy_exp":false,"music_label_id":null,"music_tagging":{"AEDs":null,"Genres":null,"Instruments":null,"Languages":null,"Moods":null,"SingingVersions":null,"Themes":null},"review_unshelve_reason":0,"reviewed":0,"schedule_search_time":0,"uniqa_speech_score":0.78,"with_aed_model":1}', 'user_count': 0, 'position': None, 'collect_stat': 0, 'status': 1, 'offline_desc': '', 'owner_id': '1965574329213736', 'owner_nickname': '孙瑞雪聊教育', 'is_original': False, 'mid': '7417699458588232448', 'binded_challenge_id': 0, 'redirect': False, 'is_restricted': False, 'author_deleted': False, 'is_del_video': False, 'is_video_self_see': False, 'owner_handle': '63566855132', 'author_position': None, 'prevent_download': False, 'unshelve_countries': None, 'prevent_item_download_status': 0, 'external_song_info': [], 'sec_uid': 'MS4wLjABAAAAnAFnkWlOm9jteymsi42fanYLMzfbqdGIwCILEUqDNmFyjfK9N8fSJdS_D2UWk_we', 'avatar_thumb': {'uri': '100x100/aweme-avatar/tos-cn-avt-0015_afee5b125df955a19af4c41159ad1295', 'url_list': ['https://p3-pc.douyinpic.com/aweme/100x100/aweme-avatar/tos-cn-avt-0015_afee5b125df955a19af4c41159ad1295.jpeg?from=327834062'], 'width': 720, 'height': 720}, 'avatar_medium': {'uri': '720x720/aweme-avatar/tos-cn-avt-0015_afee5b125df955a19af4c41159ad1295', 'url_list': ['https://p3-pc.douyinpic.com/aweme/720x720/aweme-avatar/tos-cn-avt-0015_afee5b125df955a19af4c41159ad1295.jpeg?from=327834062'], 'width': 720, 'height': 720}, 'avatar_large': {'uri': '1080x1080/aweme-avatar/tos-cn-avt-0015_afee5b125df955a19af4c41159ad1295', 'url_list': ['https://p3-pc.douyinpic.com/aweme/1080x1080/aweme-avatar/tos-cn-avt-0015_afee5b125df955a19af4c41159ad1295.jpeg?from=327834062'], 'width': 720, 'height': 720}, 'preview_start_time': 0, 'preview_end_time': 0, 'is_commerce_music': False, 'is_original_sound': True, 'audition_duration': 74, 'shoot_duration': 74, 'reason_type': 0, 'artists': [], 'lyric_short_position': None, 'mute_share': False, 'tag_list': None, 'dmv_auto_show': False, 'is_pgc': False, 'is_matched_metadata': False, 'is_audio_url_with_cookie': False, 'music_chart_ranks': None, 'can_background_play': True, 'music_status': 1, 'video_duration': 74, 'pgc_music_type': 2, 'author_status': 1, 'search_impr': {'entity_id': '7417699458588232448'}, 'artist_user_infos': None, 'dsp_status': 10, 'musician_user_infos': None, 'music_collect_count': 0, 'music_cover_atmosphere_color_value': '', 'show_origin_clip': False}, 'effect_inflow_effects': None, 'video': {'play_addr': {'uri': 'v0d00fg10000crofeafog65g3kh6jiu0', 'url_list': ['https://v5-dy-o-abtest.zjcdn.com/3201347330194f71e363606415b81b60/68f66e03/video/tos/cn/tos-cn-ve-0015c800/oU9wyiHAiEnIgAepHwfu8EUA97SlmBNJAQo3BM/?a=6383&ch=10010&cr=3&dr=0&lr=all&cd=0%7C0%7C0%7C3&cv=1&br=539&bt=539&cs=0&ds=3&ft=c2YTctGHQPRUZxfusdr~kwPqYldQIKDEE-TerrNqq_45a&mime_type=video_mp4&qs=0&rc=OjU2Mzk6OGllOjQ6ODo3aEBpM2w5bmo5cmRpdTMzNGkzM0AyMGItX2AzXl4xMDE0YTIwYSNyZ2UwMmRjYmxgLS1kLWFzcw%3D%3D&btag=80000e00028000&cquery=100H_100K_100o_101r_100B&dy_q=1760969609&feature_id=aa7df520beeae8e397df15f38df0454c&l=20251020221329FF810B6B17C3D024C6A3', 'https://v5-dy-o-abtest.zjcdn.com/3201347330194f71e363606415b81b60/68f66e03/video/tos/cn/tos-cn-ve-0015c800/oU9wyiHAiEnIgAepHwfu8EUA97SlmBNJAQo3BM/?a=6383&ch=10010&cr=3&dr=0&lr=all&cd=0%7C0%7C0%7C3&cv=1&br=539&bt=539&cs=0&ds=3&ft=c2YTctGHQPRUZxfusdr~kwPqYldQIKDEE-TerrNqq_45a&mime_type=video_mp4&qs=0&rc=OjU2Mzk6OGllOjQ6ODo3aEBpM2w5bmo5cmRpdTMzNGkzM0AyMGItX2AzXl4xMDE0YTIwYSNyZ2UwMmRjYmxgLS1kLWFzcw%3D%3D&btag=80000e00028000&cquery=101r_100B_100H_100K_100o&dy_q=1760969609&feature_id=aa7df520beeae8e397df15f38df0454c&l=20251020221329FF810B6B17C3D024C6A3', 'https://www.douyin.com/aweme/v1/play/?video_id=v0d00fg10000crofeafog65g3kh6jiu0&line=0&file_id=3e54d775473147abaf65c7b600e33257&sign=bd374b58e33ab96efd61e236b8468c5f&is_play_url=1&source=PackSourceEnum_PUBLISH'], 'width': 720, 'height': 1280, 'url_key': 'v0d00fg10000crofeafog65g3kh6jiu0_h264_720p_552048', 'data_size': 5170625, 'file_hash': 'bd374b58e33ab96efd61e236b8468c5f', 'file_cs': 'c:0-82761-cd19'}, 'cover': {'uri': 'tos-cn-i-dy/1ae2268137ee46f6beef80e608523565', 'url_list': ['https://p3-pc-sign.douyinpic.com/tos-cn-i-dy/1ae2268137ee46f6beef80e608523565~tplv-dy-cropcenter:323:430.jpeg?lk3s=138a59ce&x-expires=2076328800&x-signature=grP24zCAX4ulj1GpWFUgDg%2B37hA%3D&from=327834062&s=PackSourceEnum_PUBLISH&se=true&sh=323_430&sc=cover&biz_tag=pcweb_cover&l=20251020221329FF810B6B17C3D024C6A3', 'https://p3-pc-sign.douyinpic.com/obj/tos-cn-i-dy/1ae2268137ee46f6beef80e608523565?lk3s=138a59ce&x-expires=2076328800&x-signature=bsRIdknQcOQrR4ZDiGf%2F7buadf0%3D&from=327834062&s=PackSourceEnum_PUBLISH&se=false&sc=cover&biz_tag=pcweb_cover&l=20251020221329FF810B6B17C3D024C6A3'], 'width': 720, 'height': 720}, 'height': 1920, 'width': 1080, 'dynamic_cover': {'uri': 'tos-cn-i-dy/1ae2268137ee46f6beef80e608523565', 'url_list': ['https://p3-pc-sign.douyinpic.com/obj/tos-cn-i-dy/1ae2268137ee46f6beef80e608523565?lk3s=138a59ce&x-expires=1762178400&x-signature=4MBt69TM%2FKlwpoeBaGrinhACVE4%3D&from=327834062_large&s=PackSourceEnum_PUBLISH&se=false&sc=dynamic_cover&biz_tag=pcweb_cover&l=20251020221329FF810B6B17C3D024C6A3', 'https://p9-pc-sign.douyinpic.com/obj/tos-cn-i-dy/1ae2268137ee46f6beef80e608523565?lk3s=138a59ce&x-expires=1762178400&x-signature=RyGI5HS1ei6KiBu0j2Y7MsT9w6U%3D&from=327834062_large&s=PackSourceEnum_PUBLISH&se=false&sc=dynamic_cover&biz_tag=pcweb_cover&l=20251020221329FF810B6B17C3D024C6A3'], 'width': 720, 'height': 720}, 'origin_cover': {'uri': 'tos-cn-p-0015/owBwDNXUIBpeJIi42f99APwA5u08HgySAHA3im', 'url_list': ['https://p3-pc-sign.douyinpic.com/tos-cn-p-0015/owBwDNXUIBpeJIi42f99APwA5u08HgySAHA3im~tplv-dy-360p.jpeg?lk3s=138a59ce&x-expires=1762178400&x-signature=mJ2vqqhSAjdYzjvYBXJc18TiyjE%3D&from=327834062&s=PackSourceEnum_PUBLISH&se=false&sc=origin_cover&biz_tag=pcweb_cover&l=20251020221329FF810B6B17C3D024C6A3', 'https://p9-pc-sign.douyinpic.com/tos-cn-p-0015/owBwDNXUIBpeJIi42f99APwA5u08HgySAHA3im~tplv-dy-360p.jpeg?lk3s=138a59ce&x-expires=1762178400&x-signature=fM2zi4r%2B55yDwv2RsGfA4xWtM%2F8%3D&from=327834062&s=PackSourceEnum_PUBLISH&se=false&sc=origin_cover&biz_tag=pcweb_cover&l=20251020221329FF810B6B17C3D024C6A3'], 'width': 360, 'height': 640}, 'ratio': '720p', 'format': 'mp4', 'audio': {'original_sound_infos': None}, 'bit_rate': [{'gear_name': 'normal_720_0', 'quality_type': 10, 'bit_rate': 552048, 'play_addr': {'uri': 'v0d00fg10000crofeafog65g3kh6jiu0', 'url_list': ['https://v5-dy-o-abtest.zjcdn.com/3201347330194f71e363606415b81b60/68f66e03/video/tos/cn/tos-cn-ve-0015c800/oU9wyiHAiEnIgAepHwfu8EUA97SlmBNJAQo3BM/?a=6383&ch=10010&cr=3&dr=0&lr=all&cd=0%7C0%7C0%7C3&cv=1&br=539&bt=539&cs=0&ds=3&ft=c2YTctGHQPRUZxfusdr~kwPqYldQIKDEE-TerrNqq_45a&mime_type=video_mp4&qs=0&rc=OjU2Mzk6OGllOjQ6ODo3aEBpM2w5bmo5cmRpdTMzNGkzM0AyMGItX2AzXl4xMDE0YTIwYSNyZ2UwMmRjYmxgLS1kLWFzcw%3D%3D&btag=80000e00028000&cquery=100H_100K_100o_101r_100B&dy_q=1760969609&feature_id=aa7df520beeae8e397df15f38df0454c&l=20251020221329FF810B6B17C3D024C6A3', 'https://v5-dy-o-abtest.zjcdn.com/3201347330194f71e363606415b81b60/68f66e03/video/tos/cn/tos-cn-ve-0015c800/oU9wyiHAiEnIgAepHwfu8EUA97SlmBNJAQo3BM/?a=6383&ch=10010&cr=3&dr=0&lr=all&cd=0%7C0%7C0%7C3&cv=1&br=539&bt=539&cs=0&ds=3&ft=c2YTctGHQPRUZxfusdr~kwPqYldQIKDEE-TerrNqq_45a&mime_type=video_mp4&qs=0&rc=OjU2Mzk6OGllOjQ6ODo3aEBpM2w5bmo5cmRpdTMzNGkzM0AyMGItX2AzXl4xMDE0YTIwYSNyZ2UwMmRjYmxgLS1kLWFzcw%3D%3D&btag=80000e00028000&cquery=101r_100B_100H_100K_100o&dy_q=1760969609&feature_id=aa7df520beeae8e397df15f38df0454c&l=20251020221329FF810B6B17C3D024C6A3', 'https://www.douyin.com/aweme/v1/play/?video_id=v0d00fg10000crofeafog65g3kh6jiu0&line=0&file_id=3e54d775473147abaf65c7b600e33257&sign=bd374b58e33ab96efd61e236b8468c5f&is_play_url=1&source=PackSourceEnum_PUBLISH'], 'width': 720, 'height': 1280, 'url_key': 'v0d00fg10000crofeafog65g3kh6jiu0_h264_720p_552048', 'data_size': 5170625, 'file_hash': 'bd374b58e33ab96efd61e236b8468c5f', 'file_cs': 'c:0-82761-cd19'}, 'is_h265': 0, 'is_bytevc1': 0, 'HDR_type': '', 'HDR_bit': '', 'FPS': 30, 'video_extra': '{"PktOffsetMap":"[{\\"time\\": 1, \\"offset\\": 313778}, {\\"time\\": 2, \\"offset\\": 401662}, {\\"time\\": 3, \\"offset\\": 457869}, {\\"time\\": 4, \\"offset\\": 514287}, {\\"time\\": 5, \\"offset\\": 563974}, {\\"time\\": 10, \\"offset\\": 993748}]","format":"mp4","definition":"720p","quality":"normal","file_id":"3e54d775473147abaf65c7b600e33257","applog_map":{"feature_id":"aa7df520beeae8e397df15f38df0454c"},"audio_channels":"2.0","audio_sample_rate":"44100","audio_metrics":null,"audio_score":null}', 'format': 'mp4'}, {'gear_name': 'low_720_0', 'quality_type': 211, 'bit_rate': 543633, 'play_addr': {'uri': 'v0d00fg10000crofeafog65g3kh6jiu0', 'url_list': ['https://v5-dy-o-abtest.zjcdn.com/065e1a8e07c623b51b8ed7072f0be54b/68f66e03/video/tos/cn/tos-cn-ve-0015c800/osbATnF8lQDfpggAc4tgfkEOmlIn9zTANJ6PSB/?a=6383&ch=10010&cr=3&dr=0&lr=all&cd=0%7C0%7C0%7C3&cv=1&br=530&bt=530&cs=0&ds=3&ft=c2YTctGHQPRUZxfusdr~kwPqYldQIKDEE-TerrNqq_45a&mime_type=video_mp4&qs=1&rc=M2lnNjw0NmZpNzs7OThlN0BpM2w5bmo5cmRpdTMzNGkzM0A2MV8vMzEwNS0xXjU1NDE0YSNyZ2UwMmRjYmxgLS1kLWFzcw%3D%3D&btag=80000e00028000&cquery=100H_100K_100o_101r_100B&dy_q=1760969609&feature_id=46a7bb47b4fd1280f3d3825bf2b29388&l=20251020221329FF810B6B17C3D024C6A3', 'https://v5-dy-o-abtest.zjcdn.com/065e1a8e07c623b51b8ed7072f0be54b/68f66e03/video/tos/cn/tos-cn-ve-0015c800/osbATnF8lQDfpggAc4tgfkEOmlIn9zTANJ6PSB/?a=6383&ch=10010&cr=3&dr=0&lr=all&cd=0%7C0%7C0%7C3&cv=1&br=530&bt=530&cs=0&ds=3&ft=c2YTctGHQPRUZxfusdr~kwPqYldQIKDEE-TerrNqq_45a&mime_type=video_mp4&qs=1&rc=M2lnNjw0NmZpNzs7OThlN0BpM2w5bmo5cmRpdTMzNGkzM0A2MV8vMzEwNS0xXjU1NDE0YSNyZ2UwMmRjYmxgLS1kLWFzcw%3D%3D&btag=80000e00028000&cquery=100K_100o_101r_100B_100H&dy_q=1760969609&feature_id=46a7bb47b4fd1280f3d3825bf2b29388&l=20251020221329FF810B6B17C3D024C6A3', 'https://www.douyin.com/aweme/v1/play/?video_id=v0d00fg10000crofeafog65g3kh6jiu0&line=0&file_id=744b758688a8440f8c33416923bd4f90&sign=97f865f955a074a74b3c9c7005111521&is_play_url=1&source=PackSourceEnum_PUBLISH'], 'width': 720, 'height': 1280, 'url_key': 'v0d00fg10000crofeafog65g3kh6jiu0_h264_720p_543633', 'data_size': 5091804, 'file_hash': '97f865f955a074a74b3c9c7005111521', 'file_cs': 'c:0-62988-7372|a:v0d00fg10000crofeafog65g3kh6jiu0'}, 'is_h265': 0, 'is_bytevc1': 0, 'HDR_type': '', 'HDR_bit': '', 'FPS': 30, 'video_extra': '{"PktOffsetMap":"[{\\"time\\": 1, \\"offset\\": 311802}, {\\"time\\": 2, \\"offset\\": 406887}, {\\"time\\": 3, \\"offset\\": 464379}, {\\"time\\": 4, \\"offset\\": 522252}, {\\"time\\": 5, \\"offset\\": 570548}, {\\"time\\": 10, \\"offset\\": 994605}]","format":"mp4","definition":"720p","quality":"low","file_id":"744b758688a8440f8c33416923bd4f90","applog_map":{"feature_id":"46a7bb47b4fd1280f3d3825bf2b29388"},"audio_channels":"2.0","audio_sample_rate":"44100","audio_metrics":null,"audio_score":null}', 'format': 'mp4'}, {'gear_name': 'low_540_0', 'quality_type': 292, 'bit_rate': 526183, 'play_addr': {'uri': 'v0d00fg10000crofeafog65g3kh6jiu0', 'url_list': ['https://v5-dy-o-abtest.zjcdn.com/11617b89ac64b69df7217be638f85427/68f66e03/video/tos/cn/tos-cn-ve-0015c800/osQZlmTAfBPJog9kgTIAnFEAcPD2l8gTOf4prN/?a=6383&ch=10010&cr=3&dr=0&lr=all&cd=0%7C0%7C0%7C3&cv=1&br=513&bt=513&cs=0&ds=6&ft=c2YTctGHQPRUZxfusdr~kwPqYldQIKDEE-TerrNqq_45a&mime_type=video_mp4&qs=1&rc=ODozNzU4ZTVkOmdkNzQ2PEBpM2w5bmo5cmRpdTMzNGkzM0AwNWIyXi02NWExMi0vM2BfYSNyZ2UwMmRjYmxgLS1kLWFzcw%3D%3D&btag=80000e00028000&cquery=100H_100K_100o_101r_100B&dy_q=1760969609&feature_id=46a7bb47b4fd1280f3d3825bf2b29388&l=20251020221329FF810B6B17C3D024C6A3', 'https://v5-dy-o-abtest.zjcdn.com/11617b89ac64b69df7217be638f85427/68f66e03/video/tos/cn/tos-cn-ve-0015c800/osQZlmTAfBPJog9kgTIAnFEAcPD2l8gTOf4prN/?a=6383&ch=10010&cr=3&dr=0&lr=all&cd=0%7C0%7C0%7C3&cv=1&br=513&bt=513&cs=0&ds=6&ft=c2YTctGHQPRUZxfusdr~kwPqYldQIKDEE-TerrNqq_45a&mime_type=video_mp4&qs=1&rc=ODozNzU4ZTVkOmdkNzQ2PEBpM2w5bmo5cmRpdTMzNGkzM0AwNWIyXi02NWExMi0vM2BfYSNyZ2UwMmRjYmxgLS1kLWFzcw%3D%3D&btag=80000e00028000&cquery=100B_100H_100K_100o_101r&dy_q=1760969609&feature_id=46a7bb47b4fd1280f3d3825bf2b29388&l=20251020221329FF810B6B17C3D024C6A3', 'https://www.douyin.com/aweme/v1/play/?video_id=v0d00fg10000crofeafog65g3kh6jiu0&line=0&file_id=b9c361240a5d47da829b05a254e08735&sign=0e203be35b5221f643166af13b5ccabc&is_play_url=1&source=PackSourceEnum_PUBLISH'], 'width': 576, 'height': 1024, 'url_key': 'v0d00fg10000crofeafog65g3kh6jiu0_h264_540p_526183', 'data_size': 4928370, 'file_hash': '0e203be35b5221f643166af13b5ccabc', 'file_cs': 'c:0-62988-99cc|a:v0d00fg10000crofeafog65g3kh6jiu0'}, 'is_h265': 0, 'is_bytevc1': 0, 'HDR_type': '', 'HDR_bit': '', 'FPS': 30, 'video_extra': '{"PktOffsetMap":"[{\\"time\\": 1, \\"offset\\": 277852}, {\\"time\\": 2, \\"offset\\": 366826}, {\\"time\\": 3, \\"offset\\": 424087}, {\\"time\\": 4, \\"offset\\": 480167}, {\\"time\\": 5, \\"offset\\": 527724}, {\\"time\\": 10, \\"offset\\": 935352}]","format":"mp4","definition":"540p","quality":"low","file_id":"b9c361240a5d47da829b05a254e08735","applog_map":{"feature_id":"46a7bb47b4fd1280f3d3825bf2b29388"},"audio_channels":"2.0","audio_sample_rate":"44100","audio_metrics":null,"audio_score":null}', 'format': 'mp4'}, {'gear_name': 'adapt_low_540_0', 'quality_type': 291, 'bit_rate': 352072, 'play_addr': {'uri': 'v0d00fg10000crofeafog65g3kh6jiu0', 'url_list': ['https://v5-dy-o-abtest.zjcdn.com/6a0d3010c870d9516bcfa7f24c11e56c/68f66e03/video/tos/cn/tos-cn-ve-0015c800/o4nQASP4EFAOt8ggI9cDNpTTPlSGcgmlfAkfB7/?a=6383&ch=10010&cr=3&dr=0&lr=all&cd=0%7C0%7C0%7C3&cv=1&br=343&bt=343&cs=0&ds=6&ft=c2YTctGHQPRUZxfusdr~kwPqYldQIKDEE-TerrNqq_45a&mime_type=video_mp4&qs=12&rc=Zjk4Mzw8aDw1OzU4ZzZlPEBpM2w5bmo5cmRpdTMzNGkzM0AzLS8vLjRiNjAxYzZgNTQzYSNyZ2UwMmRjYmxgLS1kLWFzcw%3D%3D&btag=80000e00028000&cquery=100K_100o_101r_100B_100H&dy_q=1760969609&feature_id=46a7bb47b4fd1280f3d3825bf2b29388&l=20251020221329FF810B6B17C3D024C6A3', 'https://v5-dy-o-abtest.zjcdn.com/6a0d3010c870d9516bcfa7f24c11e56c/68f66e03/video/tos/cn/tos-cn-ve-0015c800/o4nQASP4EFAOt8ggI9cDNpTTPlSGcgmlfAkfB7/?a=6383&ch=10010&cr=3&dr=0&lr=all&cd=0%7C0%7C0%7C3&cv=1&br=343&bt=343&cs=0&ds=6&ft=c2YTctGHQPRUZxfusdr~kwPqYldQIKDEE-TerrNqq_45a&mime_type=video_mp4&qs=12&rc=Zjk4Mzw8aDw1OzU4ZzZlPEBpM2w5bmo5cmRpdTMzNGkzM0AzLS8vLjRiNjAxYzZgNTQzYSNyZ2UwMmRjYmxgLS1kLWFzcw%3D%3D&btag=80000e00028000&cquery=100H_100K_100o_101r_100B&dy_q=1760969609&feature_id=46a7bb47b4fd1280f3d3825bf2b29388&l=20251020221329FF810B6B17C3D024C6A3', 'https://www.douyin.com/aweme/v1/play/?video_id=v0d00fg10000crofeafog65g3kh6jiu0&line=0&file_id=697b83cd95f2483299ee79192025066c&sign=a294bbd397bbda84fa7c8ac1cb1d6fde&is_play_url=1&source=PackSourceEnum_PUBLISH'], 'width': 576, 'height': 1024, 'url_key': 'v0d00fg10000crofeafog65g3kh6jiu0_h264_540p_352072', 'data_size': 3297600, 'file_hash': 'a294bbd397bbda84fa7c8ac1cb1d6fde', 'file_cs': 'c:0-62987-b4ba|a:v0d00fg10000crofeafog65g3kh6jiu0'}, 'is_h265': 0, 'is_bytevc1': 0, 'HDR_type': '', 'HDR_bit': '', 'FPS': 30, 'video_extra': '{"PktOffsetMap":"[{\\"time\\": 1, \\"offset\\": 215514}, {\\"time\\": 2, \\"offset\\": 274677}, {\\"time\\": 3, \\"offset\\": 309360}, {\\"time\\": 4, \\"offset\\": 344153}, {\\"time\\": 5, \\"offset\\": 375529}, {\\"time\\": 10, \\"offset\\": 653263}]","format":"mp4","definition":"540p","quality":"adapt_low","file_id":"697b83cd95f2483299ee79192025066c","applog_map":{"feature_id":"46a7bb47b4fd1280f3d3825bf2b29388"},"audio_channels":"2.0","audio_sample_rate":"44100","audio_metrics":null,"audio_score":null}', 'format': 'mp4'}, {'gear_name': 'adapt_lowest_1080_1', 'quality_type': 2, 'bit_rate': 253948, 'play_addr': {'uri': 'v0d00fg10000crofeafog65g3kh6jiu0', 'url_list': ['https://v5-dy-o-abtest.zjcdn.com/a4a8fe3a0f97c8200b8d25b40e0ef04e/68f66e03/video/tos/cn/tos-cn-ve-0015c800/oAeAicmIlklDsBT0gpNUPfEmFAA9Xg8gU4TOEQ/?a=6383&ch=10010&cr=3&dr=0&lr=all&cd=0%7C0%7C0%7C3&cv=1&br=247&bt=247&cs=2&ds=4&ft=c2YTctGHQPRUZxfusdr~kwPqYldQIKDEE-TerrNqq_45a&mime_type=video_mp4&qs=15&rc=ZzQ7ZzdoNGQ4ODg8OTtnPEBpM2w5bmo5cmRpdTMzNGkzM0AtNDYvLTIyXmMxM18xNTIvYSNyZ2UwMmRjYmxgLS1kLWFzcw%3D%3D&btag=80000e00028000&cquery=100K_100o_101r_100B_100H&dy_q=1760969609&feature_id=c6de0308cacfd993ef282c8e1c646267&l=20251020221329FF810B6B17C3D024C6A3', 'https://v5-dy-o-abtest.zjcdn.com/a4a8fe3a0f97c8200b8d25b40e0ef04e/68f66e03/video/tos/cn/tos-cn-ve-0015c800/oAeAicmIlklDsBT0gpNUPfEmFAA9Xg8gU4TOEQ/?a=6383&ch=10010&cr=3&dr=0&lr=all&cd=0%7C0%7C0%7C3&cv=1&br=247&bt=247&cs=2&ds=4&ft=c2YTctGHQPRUZxfusdr~kwPqYldQIKDEE-TerrNqq_45a&mime_type=video_mp4&qs=15&rc=ZzQ7ZzdoNGQ4ODg8OTtnPEBpM2w5bmo5cmRpdTMzNGkzM0AtNDYvLTIyXmMxM18xNTIvYSNyZ2UwMmRjYmxgLS1kLWFzcw%3D%3D&btag=80000e00028000&cquery=100o_101r_100B_100H_100K&dy_q=1760969609&feature_id=c6de0308cacfd993ef282c8e1c646267&l=20251020221329FF810B6B17C3D024C6A3', 'https://www.douyin.com/aweme/v1/play/?video_id=v0d00fg10000crofeafog65g3kh6jiu0&line=0&file_id=295d8846b96545f5aa515e042d98710d&sign=fc89f8281452426d23f45b4d56e5b2e8&is_play_url=1&source=PackSourceEnum_PUBLISH'], 'width': 1080, 'height': 1920, 'url_key': 'v0d00fg10000crofeafog65g3kh6jiu0_bytevc1_1080p_253948', 'data_size': 2378544, 'file_hash': 'fc89f8281452426d23f45b4d56e5b2e8', 'file_cs': 'c:0-63197-ba74'}, 'is_h265': 1, 'is_bytevc1': 1, 'HDR_type': '', 'HDR_bit': '', 'FPS': 30, 'video_extra': '{"PktOffsetMap":"[{\\"time\\": 1, \\"offset\\": 195134}, {\\"time\\": 2, \\"offset\\": 227035}, {\\"time\\": 3, \\"offset\\": 252946}, {\\"time\\": 4, \\"offset\\": 275004}, {\\"time\\": 5, \\"offset\\": 301820}, {\\"time\\": 10, \\"offset\\": 497548}]","format":"mp4","definition":"1080p","quality":"adapt_lowest","file_id":"295d8846b96545f5aa515e042d98710d","applog_map":{"feature_id":"c6de0308cacfd993ef282c8e1c646267"},"mvmaf":"{\\"mvmaf_sr_v1080\\":-1,\\"mvmaf_sr_v960\\":-1,\\"mvmaf_sr_v864\\":-1,\\"mvmaf_sr_v720\\":-1,\\"mvmaf_ori_v1080\\":92.861,\\"mvmaf_ori_v960\\":93.473,\\"mvmaf_ori_v864\\":94.337,\\"mvmaf_ori_v720\\":94.629}","audio_channels":"2.0","audio_sample_rate":"44100","audio_metrics":null,"audio_score":null}', 'format': 'mp4'}, {'gear_name': 'adapt_lowest_720_1', 'quality_type': 15, 'bit_rate': 218515, 'play_addr': {'uri': 'v0d00fg10000crofeafog65g3kh6jiu0', 'url_list': ['https://v5-dy-o-abtest.zjcdn.com/71b810c4d1ffd7eace55b1365d8c934c/68f66e03/video/tos/cn/tos-cn-ve-0015c800/ocQjf9Bmj8lCcFTVg43DMggANlAfApO5TIDkEP/?a=6383&ch=10010&cr=3&dr=0&lr=all&cd=0%7C0%7C0%7C3&cv=1&br=213&bt=213&cs=2&ds=3&ft=c2YTctGHQPRUZxfusdr~kwPqYldQIKDEE-TerrNqq_45a&mime_type=video_mp4&qs=15&rc=ODc8NjM7PDw1PDU5O2g3ZEBpM2w5bmo5cmRpdTMzNGkzM0AzNi8vXmAtXmMxMl4uMzAyYSNyZ2UwMmRjYmxgLS1kLWFzcw%3D%3D&btag=80000e00028000&cquery=100H_100K_100o_101r_100B&dy_q=1760969609&feature_id=c6de0308cacfd993ef282c8e1c646267&l=20251020221329FF810B6B17C3D024C6A3', 'https://v5-dy-o-abtest.zjcdn.com/71b810c4d1ffd7eace55b1365d8c934c/68f66e03/video/tos/cn/tos-cn-ve-0015c800/ocQjf9Bmj8lCcFTVg43DMggANlAfApO5TIDkEP/?a=6383&ch=10010&cr=3&dr=0&lr=all&cd=0%7C0%7C0%7C3&cv=1&br=213&bt=213&cs=2&ds=3&ft=c2YTctGHQPRUZxfusdr~kwPqYldQIKDEE-TerrNqq_45a&mime_type=video_mp4&qs=15&rc=ODc8NjM7PDw1PDU5O2g3ZEBpM2w5bmo5cmRpdTMzNGkzM0AzNi8vXmAtXmMxMl4uMzAyYSNyZ2UwMmRjYmxgLS1kLWFzcw%3D%3D&btag=80000e00028000&cquery=100H_100K_100o_101r_100B&dy_q=1760969609&feature_id=c6de0308cacfd993ef282c8e1c646267&l=20251020221329FF810B6B17C3D024C6A3', 'https://www.douyin.com/aweme/v1/play/?video_id=v0d00fg10000crofeafog65g3kh6jiu0&line=0&file_id=5a346e18a65249f2a909c8a023299465&sign=3e418bf7ec69d35d0024db2be2620215&is_play_url=1&source=PackSourceEnum_PUBLISH'], 'width': 720, 'height': 1280, 'url_key': 'v0d00fg10000crofeafog65g3kh6jiu0_bytevc1_720p_218515', 'data_size': 2046671, 'file_hash': '3e418bf7ec69d35d0024db2be2620215', 'file_cs': 'c:0-63197-ede5'}, 'is_h265': 1, 'is_bytevc1': 1, 'HDR_type': '', 'HDR_bit': '', 'FPS': 30, 'video_extra': '{"PktOffsetMap":"[{\\"time\\": 1, \\"offset\\": 163946}, {\\"time\\": 2, \\"offset\\": 192452}, {\\"time\\": 3, \\"offset\\": 215099}, {\\"time\\": 4, \\"offset\\": 233328}, {\\"time\\": 5, \\"offset\\": 254978}, {\\"time\\": 10, \\"offset\\": 422771}]","format":"mp4","definition":"720p","quality":"adapt_lowest","file_id":"5a346e18a65249f2a909c8a023299465","applog_map":{"feature_id":"c6de0308cacfd993ef282c8e1c646267"},"mvmaf":"{\\"mvmaf_sr_v1080\\":97.301,\\"mvmaf_sr_v960\\":99.156,\\"mvmaf_sr_v864\\":99.583,\\"mvmaf_sr_v720\\":99.884,\\"mvmaf_ori_v1080\\":88.176,\\"mvmaf_ori_v960\\":90.281,\\"mvmaf_ori_v864\\":91.993,\\"mvmaf_ori_v720\\":94.896}","audio_channels":"2.0","audio_sample_rate":"44100","audio_metrics":null,"audio_score":null}', 'format': 'mp4'}, {'gear_name': 'adapt_540_1', 'quality_type': 28, 'bit_rate': 200236, 'play_addr': {'uri': 'v0d00fg10000crofeafog65g3kh6jiu0', 'url_list': ['https://v5-dy-o-abtest.zjcdn.com/641962d4946f8a3bb5538a1d5246ee4a/68f66e03/video/tos/cn/tos-cn-ve-0015c800/oYNAA8pNHIAPlDHkT9hcyfgs4gEgOBDfmQT9kF/?a=6383&ch=10010&cr=3&dr=0&lr=all&cd=0%7C0%7C0%7C3&cv=1&br=195&bt=195&cs=2&ds=6&ft=c2YTctGHQPRUZxfusdr~kwPqYldQIKDEE-TerrNqq_45a&mime_type=video_mp4&qs=11&rc=ZTszN2g1ZDdoZDQzZzQ0NkBpM2w5bmo5cmRpdTMzNGkzM0BjL2MuMTQ2Xl8xNl42YS5gYSNyZ2UwMmRjYmxgLS1kLWFzcw%3D%3D&btag=80000e00028000&cquery=100o_101r_100B_100H_100K&dy_q=1760969609&feature_id=c6de0308cacfd993ef282c8e1c646267&l=20251020221329FF810B6B17C3D024C6A3', 'https://v5-dy-o-abtest.zjcdn.com/641962d4946f8a3bb5538a1d5246ee4a/68f66e03/video/tos/cn/tos-cn-ve-0015c800/oYNAA8pNHIAPlDHkT9hcyfgs4gEgOBDfmQT9kF/?a=6383&ch=10010&cr=3&dr=0&lr=all&cd=0%7C0%7C0%7C3&cv=1&br=195&bt=195&cs=2&ds=6&ft=c2YTctGHQPRUZxfusdr~kwPqYldQIKDEE-TerrNqq_45a&mime_type=video_mp4&qs=11&rc=ZTszN2g1ZDdoZDQzZzQ0NkBpM2w5bmo5cmRpdTMzNGkzM0BjL2MuMTQ2Xl8xNl42YS5gYSNyZ2UwMmRjYmxgLS1kLWFzcw%3D%3D&btag=80000e00028000&cquery=100B_100H_100K_100o_101r&dy_q=1760969609&feature_id=c6de0308cacfd993ef282c8e1c646267&l=20251020221329FF810B6B17C3D024C6A3', 'https://www.douyin.com/aweme/v1/play/?video_id=v0d00fg10000crofeafog65g3kh6jiu0&line=0&file_id=c311d19da0914abea49a724e14f028fb&sign=014e60b1e3f49219cb8212177478d955&is_play_url=1&source=PackSourceEnum_PUBLISH'], 'width': 576, 'height': 1024, 'url_key': 'v0d00fg10000crofeafog65g3kh6jiu0_bytevc1_540p_200236', 'data_size': 1875469, 'file_hash': '014e60b1e3f49219cb8212177478d955', 'file_cs': 'c:0-63197-cdbd'}, 'is_h265': 1, 'is_bytevc1': 1, 'HDR_type': '', 'HDR_bit': '', 'FPS': 30, 'video_extra': '{"PktOffsetMap":"[{\\"time\\": 1, \\"offset\\": 149358}, {\\"time\\": 2, \\"offset\\": 175737}, {\\"time\\": 3, \\"offset\\": 194741}, {\\"time\\": 4, \\"offset\\": 213186}, {\\"time\\": 5, \\"offset\\": 232652}, {\\"time\\": 10, \\"offset\\": 384044}]","format":"mp4","definition":"540p","quality":"adapt","file_id":"c311d19da0914abea49a724e14f028fb","applog_map":{"feature_id":"c6de0308cacfd993ef282c8e1c646267"},"mvmaf":"{\\"mvmaf_sr_v1080\\":95.639,\\"mvmaf_sr_v960\\":97.438,\\"mvmaf_sr_v864\\":98.578,\\"mvmaf_sr_v720\\":99.487,\\"mvmaf_ori_v1080\\":84.365,\\"mvmaf_ori_v960\\":87.342,\\"mvmaf_ori_v864\\":88.481,\\"mvmaf_ori_v720\\":92.174}","audio_channels":"2.0","audio_sample_rate":"44100","audio_metrics":null,"audio_score":null}', 'format': 'mp4'}, {'gear_name': 'adapt_lowest_1080_1', 'quality_type': 2, 'bit_rate': 199014, 'play_addr': {'uri': 'v0d00fg10000crofeafog65g3kh6jiu0', 'url_list': ['https://v5-dy-o-abtest.zjcdn.com/dd36aa73b874d5994260da51a4617b6d/68f79553/video/tos/cn/tos-cn-ve-0015c800/oAHuIN8HUBAK6SAKAHiwA9mADApgyBiegJfVyi/media-video-hvc1/?a=6383&ch=0&cr=8&dr=0&er=1&lr=default&cd=0%7C0%7C0%7C3&cv=1&br=194&bt=194&cs=4&ds=4&mime_type=video_mp4&qs=15&rc=aTg2aTU4ZGYzZmc2Ozc6OEBpM2w5bmo5cmRpdTMzNGkzM0BfLzFeYTExXjIxYTBgYC9fYSNyZ2UwMmRjYmxgLS1kLWFzcw%3D%3D&btag=80000e00028000&cquery=101r_100o&dy_q=1760969609&l=20251020221329FF810B6B17C3D024C6A3', 'https://v5-dy-o-abtest.zjcdn.com/dd36aa73b874d5994260da51a4617b6d/68f79553/video/tos/cn/tos-cn-ve-0015c800/oAHuIN8HUBAK6SAKAHiwA9mADApgyBiegJfVyi/media-video-hvc1/?a=6383&ch=0&cr=8&dr=0&er=1&lr=default&cd=0%7C0%7C0%7C3&cv=1&br=194&bt=194&cs=4&ds=4&mime_type=video_mp4&qs=15&rc=aTg2aTU4ZGYzZmc2Ozc6OEBpM2w5bmo5cmRpdTMzNGkzM0BfLzFeYTExXjIxYTBgYC9fYSNyZ2UwMmRjYmxgLS1kLWFzcw%3D%3D&btag=80000e00028000&cquery=101r_100o&dy_q=1760969609&l=20251020221329FF810B6B17C3D024C6A3', 'https://www.douyin.com/aweme/v1/play/dash/?video_id=v0d00fg10000crofeafog65g3kh6jiu0&line=0&file_id=b527c4c833dd4c50ac4a45d2af4325bf&sign=8c84d4ddaf2979bb2ac2a1d299a6d311&is_play_url=1&source=PackSourceEnum_PUBLISH'], 'width': 1080, 'height': 1920, 'url_key': 'v0d00fg10000crofeafog65g3kh6jiu0_bytevc1_1080p_199014', 'data_size': 1863269, 'file_hash': '8c84d4ddaf2979bb2ac2a1d299a6d311'}, 'is_h265': 1, 'is_bytevc1': 1, 'HDR_type': '', 'HDR_bit': '', 'FPS': 30, 'video_extra': '{"PktOffsetMap":"","format":"dash","sub_info":"{\\"audio_channels\\":\\"2.0\\",\\"audio_layout\\":\\"C\\",\\"audio_sample_rate\\":\\"44100\\",\\"base_range_info\\":{\\"first_moof_range\\":\\"1300-2855\\",\\"index_range\\":\\"1136-1299\\",\\"init_range\\":\\"0-1135\\"},\\"check_info\\":{\\"check_info\\":\\"a:v0d00fg10000crofeafog65g3kh6jiu0|b:0-1299-39d1541a36cc481b3edc13a7348fff9a|c:0-1299-faec\\"},\\"gear_des_key\\":\\"0:DASH|1:normal|2:h265_hvc1|4:1080p|5:adapt_lowest|10000:105\\",\\"quality_type\\":2}","definition":"1080p","quality":"adapt_lowest","quality_desc":"","file_id":"b527c4c833dd4c50ac4a45d2af4325bf","real_bitrate":250434,"audio_file_id":"a4dcc469119f0200296bed95cdd0275f","applog_map":{"feature_id":"c6de0308cacfd993ef282c8e1c646267"},"mvmaf":"{\\"mvmaf_sr_v1080\\":-1,\\"mvmaf_sr_v960\\":-1,\\"mvmaf_sr_v864\\":-1,\\"mvmaf_sr_v720\\":-1,\\"mvmaf_ori_v1080\\":92.861,\\"mvmaf_ori_v960\\":93.473,\\"mvmaf_ori_v864\\":94.337,\\"mvmaf_ori_v720\\":94.629}","audio_metrics":null,"audio_score":null}', 'format': 'dash'}, {'gear_name': 'adapt_lowest_720_1', 'quality_type': 15, 'bit_rate': 163567, 'play_addr': {'uri': 'v0d00fg10000crofeafog65g3kh6jiu0', 'url_list': ['https://v5-dy-o-abtest.zjcdn.com/a7314407723590f9933b80e0e9a97ff3/68f79553/video/tos/cn/tos-cn-ve-0015c800/oUmeDwyhgAH8BpHAIUAyaAA7A9iGdNfSxgJBui/media-video-hvc1/?a=6383&ch=0&cr=8&dr=0&er=1&lr=default&cd=0%7C0%7C0%7C3&cv=1&br=159&bt=159&cs=4&ds=3&mime_type=video_mp4&qs=15&rc=aTM3NjZlODlmNzo6aGg0NkBpM2w5bmo5cmRpdTMzNGkzM0BeNDQwMWM1NjUxLjNeMDMtYSNyZ2UwMmRjYmxgLS1kLWFzcw%3D%3D&btag=80000e00028000&cquery=101r_100o&dy_q=1760969609&l=20251020221329FF810B6B17C3D024C6A3', 'https://v5-dy-o-abtest.zjcdn.com/a7314407723590f9933b80e0e9a97ff3/68f79553/video/tos/cn/tos-cn-ve-0015c800/oUmeDwyhgAH8BpHAIUAyaAA7A9iGdNfSxgJBui/media-video-hvc1/?a=6383&ch=0&cr=8&dr=0&er=1&lr=default&cd=0%7C0%7C0%7C3&cv=1&br=159&bt=159&cs=4&ds=3&mime_type=video_mp4&qs=15&rc=aTM3NjZlODlmNzo6aGg0NkBpM2w5bmo5cmRpdTMzNGkzM0BeNDQwMWM1NjUxLjNeMDMtYSNyZ2UwMmRjYmxgLS1kLWFzcw%3D%3D&btag=80000e00028000&cquery=100o_101r&dy_q=1760969609&l=20251020221329FF810B6B17C3D024C6A3', 'https://www.douyin.com/aweme/v1/play/dash/?video_id=v0d00fg10000crofeafog65g3kh6jiu0&line=0&file_id=03613eae6717448c9685fb43337470af&sign=752b59423f949f4aef04ece4fd99ab5f&is_play_url=1&source=PackSourceEnum_PUBLISH'], 'width': 720, 'height': 1280, 'url_key': 'v0d00fg10000crofeafog65g3kh6jiu0_bytevc1_720p_163567', 'data_size': 1531396, 'file_hash': '752b59423f949f4aef04ece4fd99ab5f'}, 'is_h265': 1, 'is_bytevc1': 1, 'HDR_type': '', 'HDR_bit': '', 'FPS': 30, 'video_extra': '{"PktOffsetMap":"","format":"dash","sub_info":"{\\"audio_channels\\":\\"2.0\\",\\"audio_layout\\":\\"C\\",\\"audio_sample_rate\\":\\"44100\\",\\"base_range_info\\":{\\"first_moof_range\\":\\"1300-2855\\",\\"index_range\\":\\"1136-1299\\",\\"init_range\\":\\"0-1135\\"},\\"check_info\\":{\\"check_info\\":\\"a:v0d00fg10000crofeafog65g3kh6jiu0|b:0-1299-f2ddf68b6f63c0a69c3a21554d4cd1fa|c:0-1299-8557\\"},\\"gear_des_key\\":\\"0:DASH|1:normal|2:h265_hvc1|4:720p|5:adapt_lowest|10000:105\\",\\"quality_type\\":15}","definition":"720p","quality":"adapt_lowest","quality_desc":"","file_id":"03613eae6717448c9685fb43337470af","real_bitrate":214987,"audio_file_id":"a4dcc469119f0200296bed95cdd0275f","applog_map":{"feature_id":"c6de0308cacfd993ef282c8e1c646267"},"mvmaf":"{\\"mvmaf_sr_v1080\\":97.301,\\"mvmaf_sr_v960\\":99.156,\\"mvmaf_sr_v864\\":99.583,\\"mvmaf_sr_v720\\":99.884,\\"mvmaf_ori_v1080\\":88.176,\\"mvmaf_ori_v960\\":90.281,\\"mvmaf_ori_v864\\":91.993,\\"mvmaf_ori_v720\\":94.896}","audio_metrics":null,"audio_score":null}', 'format': 'dash'}, {'gear_name': 'adapt_540_1', 'quality_type': 28, 'bit_rate': 145281, 'play_addr': {'uri': 'v0d00fg10000crofeafog65g3kh6jiu0', 'url_list': ['https://v5-dy-o-abtest.zjcdn.com/5c75197a5129b7874d9d259aff7fe638/68f79553/video/tos/cn/tos-cn-ve-0015c800/oYlgCmAHfABSAkDpAbflcOAgTF9iP8ZATNERA4/media-video-hvc1/?a=6383&ch=0&cr=8&dr=0&er=1&lr=default&cd=0%7C0%7C0%7C3&cv=1&br=141&bt=141&cs=4&ds=6&mime_type=video_mp4&qs=11&rc=OzhpOjc0N2Q1Mzs6ZjtmaEBpM2w5bmo5cmRpdTMzNGkzM0AyMDAvNS5jNjUxMi0wMDIvYSNyZ2UwMmRjYmxgLS1kLWFzcw%3D%3D&btag=80000e00028000&cquery=101r_100o&dy_q=1760969609&l=20251020221329FF810B6B17C3D024C6A3', 'https://v5-dy-o-abtest.zjcdn.com/5c75197a5129b7874d9d259aff7fe638/68f79553/video/tos/cn/tos-cn-ve-0015c800/oYlgCmAHfABSAkDpAbflcOAgTF9iP8ZATNERA4/media-video-hvc1/?a=6383&ch=0&cr=8&dr=0&er=1&lr=default&cd=0%7C0%7C0%7C3&cv=1&br=141&bt=141&cs=4&ds=6&mime_type=video_mp4&qs=11&rc=OzhpOjc0N2Q1Mzs6ZjtmaEBpM2w5bmo5cmRpdTMzNGkzM0AyMDAvNS5jNjUxMi0wMDIvYSNyZ2UwMmRjYmxgLS1kLWFzcw%3D%3D&btag=80000e00028000&cquery=100o_101r&dy_q=1760969609&l=20251020221329FF810B6B17C3D024C6A3', 'https://www.douyin.com/aweme/v1/play/dash/?video_id=v0d00fg10000crofeafog65g3kh6jiu0&line=0&file_id=2e5c383c075840829af41184273f3558&sign=5613d016a5cb616174c0b9f5977d314a&is_play_url=1&source=PackSourceEnum_PUBLISH'], 'width': 576, 'height': 1024, 'url_key': 'v0d00fg10000crofeafog65g3kh6jiu0_bytevc1_540p_145281', 'data_size': 1360194, 'file_hash': '5613d016a5cb616174c0b9f5977d314a'}, 'is_h265': 1, 'is_bytevc1': 1, 'HDR_type': '', 'HDR_bit': '', 'FPS': 30, 'video_extra': '{"PktOffsetMap":"","format":"dash","sub_info":"{\\"audio_channels\\":\\"2.0\\",\\"audio_layout\\":\\"C\\",\\"audio_sample_rate\\":\\"44100\\",\\"base_range_info\\":{\\"first_moof_range\\":\\"1300-2855\\",\\"index_range\\":\\"1136-1299\\",\\"init_range\\":\\"0-1135\\"},\\"check_info\\":{\\"check_info\\":\\"a:v0d00fg10000crofeafog65g3kh6jiu0|b:0-1299-d134a3bd0f149e9fb58c7b70561ece57|c:0-1299-41f8\\"},\\"gear_des_key\\":\\"0:DASH|1:normal|2:h265_hvc1|4:540p|5:adapt|10000:105\\",\\"quality_type\\":28}","definition":"540p","quality":"adapt","quality_desc":"","file_id":"2e5c383c075840829af41184273f3558","real_bitrate":200236,"audio_file_id":"a4dcc469119f0200296bed95cdd0275f","applog_map":{"feature_id":"c6de0308cacfd993ef282c8e1c646267"},"mvmaf":"{\\"mvmaf_sr_v1080\\":95.639,\\"mvmaf_sr_v960\\":97.438,\\"mvmaf_sr_v864\\":98.578,\\"mvmaf_sr_v720\\":99.487,\\"mvmaf_ori_v1080\\":84.365,\\"mvmaf_ori_v960\\":87.342,\\"mvmaf_ori_v864\\":88.481,\\"mvmaf_ori_v720\\":92.174}","audio_metrics":null,"audio_score":null}', 'format': 'dash'}], 'duration': 74930, 'play_addr_265': {'uri': 'v0d00fg10000crofeafog65g3kh6jiu0', 'url_list': ['https://v5-dy-o-abtest.zjcdn.com/641962d4946f8a3bb5538a1d5246ee4a/68f66e03/video/tos/cn/tos-cn-ve-0015c800/oYNAA8pNHIAPlDHkT9hcyfgs4gEgOBDfmQT9kF/?a=6383&ch=10010&cr=3&dr=0&lr=all&cd=0%7C0%7C0%7C3&cv=1&br=195&bt=195&cs=2&ds=6&ft=c2YTctGHQPRUZxfusdr~kwPqYldQIKDEE-TerrNqq_45a&mime_type=video_mp4&qs=11&rc=ZTszN2g1ZDdoZDQzZzQ0NkBpM2w5bmo5cmRpdTMzNGkzM0BjL2MuMTQ2Xl8xNl42YS5gYSNyZ2UwMmRjYmxgLS1kLWFzcw%3D%3D&btag=80000e00028000&cquery=100o_101r_100B_100H_100K&dy_q=1760969609&feature_id=c6de0308cacfd993ef282c8e1c646267&l=20251020221329FF810B6B17C3D024C6A3', 'https://v5-dy-o-abtest.zjcdn.com/641962d4946f8a3bb5538a1d5246ee4a/68f66e03/video/tos/cn/tos-cn-ve-0015c800/oYNAA8pNHIAPlDHkT9hcyfgs4gEgOBDfmQT9kF/?a=6383&ch=10010&cr=3&dr=0&lr=all&cd=0%7C0%7C0%7C3&cv=1&br=195&bt=195&cs=2&ds=6&ft=c2YTctGHQPRUZxfusdr~kwPqYldQIKDEE-TerrNqq_45a&mime_type=video_mp4&qs=11&rc=ZTszN2g1ZDdoZDQzZzQ0NkBpM2w5bmo5cmRpdTMzNGkzM0BjL2MuMTQ2Xl8xNl42YS5gYSNyZ2UwMmRjYmxgLS1kLWFzcw%3D%3D&btag=80000e00028000&cquery=100B_100H_100K_100o_101r&dy_q=1760969609&feature_id=c6de0308cacfd993ef282c8e1c646267&l=20251020221329FF810B6B17C3D024C6A3', 'https://www.douyin.com/aweme/v1/play/?video_id=v0d00fg10000crofeafog65g3kh6jiu0&line=0&file_id=c311d19da0914abea49a724e14f028fb&sign=014e60b1e3f49219cb8212177478d955&is_play_url=1&source=PackSourceEnum_PUBLISH'], 'width': 576, 'height': 1024, 'url_key': 'v0d00fg10000crofeafog65g3kh6jiu0_bytevc1_540p_200236', 'data_size': 1875469, 'file_hash': '014e60b1e3f49219cb8212177478d955', 'file_cs': 'c:0-63197-cdbd'}, 'bit_rate_audio': [{'audio_meta': {'url_list': {'main_url': 'https://v5-dy-o-abtest.zjcdn.com/7aa86b971d9dcb95092f4a137701d559/68f79553/video/tos/cn/tos-cn-ve-0015c800/oYlgCmAHfABSAkDpAbflcOAgTF9iP8ZATNERA4/media-audio-und-mp4a/?a=6383&ch=0&cr=8&dr=0&er=1&lr=default&cd=0%7C0%7C0%7C3&cv=1&br=50&bt=50&cs=4&mime_type=video_mp4&qs=11&rc=aTozZzhnZTwzNWk0PDdmN0BpM2w5bmo5cmRpdTMzNGkzM0AyL2FgNmIzLy0tNi4zYGFeYSNyZ2UwMmRjYmxgLS1kLWFzcw%3D%3D&btag=80000e00028000&cquery=101r_100o&dy_q=1760969609&l=20251020221329FF810B6B17C3D024C6A3', 'backup_url': 'https://v5-dy-o-abtest.zjcdn.com/7aa86b971d9dcb95092f4a137701d559/68f79553/video/tos/cn/tos-cn-ve-0015c800/oYlgCmAHfABSAkDpAbflcOAgTF9iP8ZATNERA4/media-audio-und-mp4a/?a=6383&ch=0&cr=8&dr=0&er=1&lr=default&cd=0%7C0%7C0%7C3&cv=1&br=50&bt=50&cs=4&mime_type=video_mp4&qs=11&rc=aTozZzhnZTwzNWk0PDdmN0BpM2w5bmo5cmRpdTMzNGkzM0AyL2FgNmIzLy0tNi4zYGFeYSNyZ2UwMmRjYmxgLS1kLWFzcw%3D%3D&btag=80000e00028000&cquery=101r_100o&dy_q=1760969609&l=20251020221329FF810B6B17C3D024C6A3', 'fallback_url': 'https://www.douyin.com/aweme/v1/play/dash/?video_id=v0d00fg10000crofeafog65g3kh6jiu0&line=0&file_id=a4dcc469119f0200296bed95cdd0275f&sign=a4dcc469119f0200296bed95cdd0275f&is_play_url=1&source=PackSourceEnum_PUBLISH'}, 'encoded_type': 'normal', 'media_type': 'audio', 'logo_type': '', 'quality': 'adapt', 'quality_desc': '', 'format': 'dash', 'bitrate': 51420, 'codec_type': 'bytevc1', 'size': 481604, 'fps': 0, 'file_id': 'a4dcc469119f0200296bed95cdd0275f', 'file_hash': 'a4dcc469119f0200296bed95cdd0275f', 'sub_info': '{"audio_channels":"2.0","audio_layout":"C","audio_sample_rate":"44100","base_range_info":{"index_range":"866-1041","init_range":"0-865"},"check_info":{"check_info":"a:v0d00fg10000crofeafog65g3kh6jiu0|b:0-1041-07fba45e09b2b274a1bcc61d1ca2110e|c:0-1041-9e3e"},"gear_des_key":"0:dash|1:normal|2:bytevc1|5:adapt|10000:105"}'}, 'audio_quality': 5, 'audio_extra': '{"real_bitrate":200236}'}], 'play_addr_h264': {'uri': 'v0d00fg10000crofeafog65g3kh6jiu0', 'url_list': ['https://v5-dy-o-abtest.zjcdn.com/3201347330194f71e363606415b81b60/68f66e03/video/tos/cn/tos-cn-ve-0015c800/oU9wyiHAiEnIgAepHwfu8EUA97SlmBNJAQo3BM/?a=6383&ch=10010&cr=3&dr=0&lr=all&cd=0%7C0%7C0%7C3&cv=1&br=539&bt=539&cs=0&ds=3&ft=c2YTctGHQPRUZxfusdr~kwPqYldQIKDEE-TerrNqq_45a&mime_type=video_mp4&qs=0&rc=OjU2Mzk6OGllOjQ6ODo3aEBpM2w5bmo5cmRpdTMzNGkzM0AyMGItX2AzXl4xMDE0YTIwYSNyZ2UwMmRjYmxgLS1kLWFzcw%3D%3D&btag=80000e00028000&cquery=100H_100K_100o_101r_100B&dy_q=1760969609&feature_id=aa7df520beeae8e397df15f38df0454c&l=20251020221329FF810B6B17C3D024C6A3', 'https://v5-dy-o-abtest.zjcdn.com/3201347330194f71e363606415b81b60/68f66e03/video/tos/cn/tos-cn-ve-0015c800/oU9wyiHAiEnIgAepHwfu8EUA97SlmBNJAQo3BM/?a=6383&ch=10010&cr=3&dr=0&lr=all&cd=0%7C0%7C0%7C3&cv=1&br=539&bt=539&cs=0&ds=3&ft=c2YTctGHQPRUZxfusdr~kwPqYldQIKDEE-TerrNqq_45a&mime_type=video_mp4&qs=0&rc=OjU2Mzk6OGllOjQ6ODo3aEBpM2w5bmo5cmRpdTMzNGkzM0AyMGItX2AzXl4xMDE0YTIwYSNyZ2UwMmRjYmxgLS1kLWFzcw%3D%3D&btag=80000e00028000&cquery=101r_100B_100H_100K_100o&dy_q=1760969609&feature_id=aa7df520beeae8e397df15f38df0454c&l=20251020221329FF810B6B17C3D024C6A3', 'https://www.douyin.com/aweme/v1/play/?video_id=v0d00fg10000crofeafog65g3kh6jiu0&line=0&file_id=3e54d775473147abaf65c7b600e33257&sign=bd374b58e33ab96efd61e236b8468c5f&is_play_url=1&source=PackSourceEnum_PUBLISH'], 'width': 720, 'height': 1280, 'url_key': 'v0d00fg10000crofeafog65g3kh6jiu0_h264_720p_552048', 'data_size': 5170625, 'file_hash': 'bd374b58e33ab96efd61e236b8468c5f', 'file_cs': 'c:0-82761-cd19'}, 'raw_cover': {'uri': 'tos-cn-i-dy/1ae2268137ee46f6beef80e608523565', 'url_list': ['https://p3-pc-sign.douyinpic.com/tos-cn-i-dy/1ae2268137ee46f6beef80e608523565~tplv-dy-cropcenter:323:430.jpeg?lk3s=138a59ce&x-expires=2076328800&x-signature=grP24zCAX4ulj1GpWFUgDg%2B37hA%3D&from=327834062&s=PackSourceEnum_PUBLISH&se=true&sh=323_430&sc=cover&biz_tag=pcweb_cover&l=20251020221329FF810B6B17C3D024C6A3', 'https://p3-pc-sign.douyinpic.com/obj/tos-cn-i-dy/1ae2268137ee46f6beef80e608523565?lk3s=138a59ce&x-expires=2076328800&x-signature=bsRIdknQcOQrR4ZDiGf%2F7buadf0%3D&from=327834062&s=PackSourceEnum_PUBLISH&se=false&sc=cover&biz_tag=pcweb_cover&l=20251020221329FF810B6B17C3D024C6A3'], 'width': 720, 'height': 720}, 'is_long_video': 1, 'animated_cover': {'uri': 'tos-cn-i-dy/1ae2268137ee46f6beef80e608523565', 'url_list': ['https://p3-pc-sign.douyinpic.com/obj/tos-cn-i-dy/1ae2268137ee46f6beef80e608523565?lk3s=138a59ce&x-expires=1762178400&x-signature=4MBt69TM%2FKlwpoeBaGrinhACVE4%3D&from=327834062_large&s=PackSourceEnum_PUBLISH&se=false&sc=dynamic_cover&biz_tag=pcweb_cover&l=20251020221329FF810B6B17C3D024C6A3', 'https://p9-pc-sign.douyinpic.com/obj/tos-cn-i-dy/1ae2268137ee46f6beef80e608523565?lk3s=138a59ce&x-expires=1762178400&x-signature=RyGI5HS1ei6KiBu0j2Y7MsT9w6U%3D&from=327834062_large&s=PackSourceEnum_PUBLISH&se=false&sc=dynamic_cover&biz_tag=pcweb_cover&l=20251020221329FF810B6B17C3D024C6A3']}, 'gaussian_cover': {'uri': 'tos-cn-p-0015/owBwDNXUIBpeJIi42f99APwA5u08HgySAHA3im', 'url_list': ['https://p3-pc-sign.douyinpic.com/tos-cn-p-0015/owBwDNXUIBpeJIi42f99APwA5u08HgySAHA3im~tplv-tsj2vxp0zn-gaosi:40.jpeg?lk3s=138a59ce&x-expires=1792504800&x-signature=kNos2pxg8FyRxsjNLQAeo9wlqFA%3D&from=327834062', 'https://p9-pc-sign.douyinpic.com/tos-cn-p-0015/owBwDNXUIBpeJIi42f99APwA5u08HgySAHA3im~tplv-tsj2vxp0zn-gaosi:40.jpeg?lk3s=138a59ce&x-expires=1792504800&x-signature=ItGAKv4Ojl53YSgvz6aI8hi60IA%3D&from=327834062'], 'width': 720, 'height': 720}, 'meta': '{"enable_manual_ladder":"1","format":"mp4","gear_vqm":"{\\"1080p_720p\\":0,\\"720p_540p\\":1}","hrids":"500000002","is_spatial_video":"0","isad":"0","loudness":"-25.3","peak":"0.60954","qprf":"1.000","sdgs":"[\\"normal_720_0\\",\\"low_720_0\\",\\"low_540_0\\",\\"adapt_low_540_0\\",\\"adapt_lowest_1080_1\\",\\"adapt_lowest_720_1\\",\\"adapt_540_1\\"]","sr_potential":"{\\"v1.0\\":{\\"score\\":47.957}}","sr_score":"1.000","strategy_tokens":"[\\"online\\",\\"strategy_iteration_ab02_0809\\",\\"strategy_iteration_ab01_0809\\"]","title_info":"{\\"bottom_res_add\\":[5.82,8.78,40.46,63.46,45.54,58.5,68.27,16.19,1.55,2.73,0.5,0.32,0.64,0.09,0],\\"bullet_zone\\":14.11,\\"progress_bar\\":[37.66,37.9,40.38],\\"ratio_br_l\\":[0,0,0,0,0,0],\\"ratio_edge_l\\":[0.3,0.45,0.58,0.66,0.7,0.66],\\"top_res_add\\":[0,0,13.18,56.14,43.86,2.73,35],\\"version\\":\\"v1.0\\"}","volume_info":"{\\"Loudness\\":-25.3,\\"LoudnessRange\\":8.5,\\"Version\\":2,\\"LoudnessRangeEnd\\":-23,\\"LoudnessRangeStart\\":-31.5,\\"MaximumMomentaryLoudness\\":-11.7,\\"MaximumShortTermLoudness\\":-19,\\"Metrics\\":{\\"Loudness\\":{\\"Integrated\\":-25.267},\\"Phase\\":{\\"RMSDownmixDiff\\":-0.235},\\"RMSStats\\":{\\"LTotal\\":-29.922,\\"Peak\\":-4.298,\\"RTotal\\":-29.95,\\"LRDiff\\":0.028},\\"Version\\":\\"1.4.2\\"},\\"Peak\\":0.60954}","vqs_origin":"0"}', 'video_model': '', 'is_source_HDR': 0, 'use_static_cover': True, 'big_thumbs': [{'img_num': 75, 'uri': 'tos-cn-p-0015/o8JwumSHislHAiLDpDNIKgA9qU6eB8BwAI2f9y', 'img_url': 'https://p3-sign.douyinpic.com/tos-cn-p-0015/o8JwumSHislHAiLDpDNIKgA9qU6eB8BwAI2f9y~tplv-noop.image?cquery=101r_100B_100H_100K_100o&dy_q=1760969609&l=20251020221329FF810B6B17C3D024C6A3&x-expires=1760980483&x-signature=mC%2B9v96Qx%2B5af62cV4k%2FbRDQo5A%3D', 'img_x_size': 136, 'img_y_size': 240, 'img_x_len': 5, 'img_y_len': 5, 'duration': 74.9, 'interval': 1, 'fext': 'jpg', 'uris': ['tos-cn-p-0015/o8JwumSHislHAiLDpDNIKgA9qU6eB8BwAI2f9y', 'tos-cn-p-0015/og9wyiHAiIvIgFepHwfu82UA9nStmBNJADr2BS', 'tos-cn-p-0015/oMc8DfgpAE4NQ29lOHmgFBkwQg9PAfT4bAtpTl'], 'img_urls': ['https://p3-sign.douyinpic.com/tos-cn-p-0015/o8JwumSHislHAiLDpDNIKgA9qU6eB8BwAI2f9y~tplv-noop.image?cquery=101r_100B_100H_100K_100o&dy_q=1760969609&l=20251020221329FF810B6B17C3D024C6A3&x-expires=1760980483&x-signature=mC%2B9v96Qx%2B5af62cV4k%2FbRDQo5A%3D', 'https://p3-sign.douyinpic.com/tos-cn-p-0015/og9wyiHAiIvIgFepHwfu82UA9nStmBNJADr2BS~tplv-noop.image?cquery=100o_101r_100B_100H_100K&dy_q=1760969609&l=20251020221329FF810B6B17C3D024C6A3&x-expires=1760980483&x-signature=IBWVzK7I7k78Q3ZRip40Ejh0G1w%3D', 'https://p3-sign.douyinpic.com/tos-cn-p-0015/oMc8DfgpAE4NQ29lOHmgFBkwQg9PAfT4bAtpTl~tplv-noop.image?cquery=101r_100B_100H_100K_100o&dy_q=1760969609&l=20251020221329FF810B6B17C3D024C6A3&x-expires=1760980483&x-signature=vBc%2FK3h1qkAvC2Pjn07KKjCVbJ8%3D']}]}, 'item_aigc_follow_shot': 1, 'user_digged': 0, 'statistics': {'recommend_count': 2, 'comment_count': 1, 'digg_count': 52, 'admire_count': 0, 'play_count': 0, 'share_count': 6, 'collect_count': 20}, 'status': {'not_allow_soft_del_reason': 'ab', 'is_delete': False, 'allow_share': True, 'review_result': {'review_status': 0}, 'allow_friend_recommend_guide': True, 'part_see': 0, 'private_status': 0, 'listen_video_status': 2, 'in_reviewing': False, 'allow_self_recommend_to_friend': True, 'allow_friend_recommend': True, 'is_prohibited': False, 'enable_soft_delete': 0}, 'flash_mob_trends': 0, 'text_extra': [{'start': 12, 'end': 17, 'type': 1, 'hashtag_name': '亲子关系', 'hashtag_id': '1595199377513476', 'is_commerce': False, 'caption_start': 12, 'caption_end': 17}, {'start': 19, 'end': 24, 'type': 1, 'hashtag_name': '家庭教育', 'hashtag_id': '1767586804947975', 'is_commerce': False, 'caption_start': 19, 'caption_end': 24}, {'start': 26, 'end': 29, 'type': 1, 'hashtag_name': '育儿', 'hashtag_id': '1767586940916743', 'is_commerce': False, 'caption_start': 26, 'caption_end': 29}, {'start': 31, 'end': 36, 'type': 1, 'hashtag_name': '幼儿教育', 'hashtag_id': '1591352385275918', 'is_commerce': False, 'caption_start': 31, 'caption_end': 36}, {'start': 38, 'end': 43, 'type': 1, 'hashtag_name': '父母课堂', 'hashtag_id': '1600624540786695', 'is_commerce': False, 'caption_start': 38, 'caption_end': 43}], 'is_top': 0, 'mv_info': None, 'share_info': {'share_url': 'https://www.iesdouyin.com/share/video/7417700471487401251/?region=US&mid=7417699458588232448&u_code=0&did=MS4wLjABAAAAvCMmrvAxedjvycgJ9K0iX5KdtDHpyq-etIWoeicy6xniB0XMxRYv3S-CyP_GdsPs&iid=MS4wLjABAAAANwkJuWIRFOzg5uCpDRpMj4OX-QryoDgn-yYlXQnRwQQ&with_sec_did=1&video_share_track_ver=&titleType=title&share_sign=neRVsr_G30xPAV4D.Dtb.hBoMDXbNgLkzNxPaNKT_dQ-&share_version=290100&ts=1760969609&from_aid=6383&from_ssr=1&share_track_info=%7B%22link_description_type%22%3A%22%22%7D', 'share_link_desc': '1.76 hoQ:/ 12/16 U@y.tR 生命为什么需要被看见？ # 亲子关系 # 家庭教育 # 育儿 # 幼儿教育 # 父母课堂  %s 复制此链接，打开Dou音搜索，直接观看视频！'}, 'caption_template_id': 0, 'video_labels': None, 'shoot_way': '', 'is_ads': False, 'duration': 74930, 'aweme_type': 0, 'is_new_text_mode': 0, 'ai_follow_images': None, 'image_infos': None, 'risk_infos': {'vote': False, 'warn': False, 'risk_sink': False, 'type': 0, 'content': ''}, 'entertainment_video_type': 3, 'chapter_bar_color': None, 'position': None, 'uniqid_position': None, 'comment_list': None, 'author_user_id': 1965574329213736, 'product_genre_info': {'product_genre_type': 2, 'material_genre_sub_type_set': [4], 'special_info': {'recommend_group_name': 0}}, 'geofencing': [], 'is_from_ad_auth': False, 'is_moment_story': 0, 'region': '', 'video_text': None, 'video_share_edit_status': 0, 'collect_stat': 0, 'label_top_text': None, 'promotions': [], 'group_id': '7411373144050519296', 'prevent_download': False, 'nickname_position': None, 'challenge_position': None, 'trends_event_track': '{}', 'enable_comment_sticker_rec': False, 'mark_largely_following': False, 'long_video': None, 'aweme_listen_struct': {'trace_info': '{"copyright_not_speech":"false","copyright_reason":"has_listen_cp_new","copyright_tag_hit":"","copyright_use_aed_default":"false","copyright_use_tag_default":"false","cp_ab":"true","desc":"","duration_over":"false","hit_high_risk":"false","media_type":"4","reason":"hit_ab_0","show":"false"}'}, 'component_control': {'data_source_url': '/aweme/v1/web/aweme/post/'}, 'friend_recommend_info': {'friend_recommend_source': 10, 'label_user_list': None, 'disable_friend_recommend_guide_label': False}, 'nearby_hot_comment': None, 'interaction_stickers': None, 'can_cache_to_local': True, 'origin_comment_ids': None, 'commerce_config_data': None, 'douplus_user_type': 0, 'video_control': {'allow_download': False, 'share_type': 0, 'show_progress_bar': 1, 'draft_progress_bar': 1, 'allow_duet': True, 'allow_react': False, 'prevent_download_type': 2, 'allow_dynamic_wallpaper': False, 'timer_status': 1, 'allow_music': True, 'allow_stitch': False, 'allow_douplus': True, 'allow_share': True, 'share_grayed': False, 'download_ignore_visibility': False, 'duet_ignore_visibility': False, 'share_ignore_visibility': False, 'download_info': {'level': 1, 'fail_info': {'code': 290002, 'reason': 'isolation_content', 'msg': '视频暂时无法保存，链接已复制'}}, 'duet_info': {'level': 0}, 'allow_record': True, 'disable_record_reason': '', 'timer_info': {'public_time': 1727168700, 'timer_status': 0}}, 'aweme_control': {'can_forward': True, 'can_share': True, 'can_comment': True, 'can_show_comment': True}, 'interest_points': None, 'is_25_story': 0, 'aweme_type_tags': '', 'entertainment_video_paid_way': {'paid_ways': [], 'paid_type': 0, 'enable_use_new_ent_data': False}, 'anchors': None, 'hybrid_label': None, 'geofencing_regions': None, 'select_anchor_expanded_content': 0, 'aweme_acl': {'download_mask_panel': {'code': 1, 'show_type': 0}}, 'ent_log_extra': {'log_extra': '{"global_log_extra":null,"page_log_extra":null,"aweme_log_extra":{"ce_current_group_id":"7417700471487401251","author_id":"1965574329213736"},"extra_log_extra":null}'}, 'is_story': 0, 'publish_plus_alienation': {'alienation_type': 0}, 'trends_infos': None, 'follow_shot_assets': None, 'cover_labels': None, 'series_basic_info': {}, 'origin_duet_resource_uri': '', 'guide_btn_type': 0, 'cf_assets_type': 0, 'personal_page_botton_diagnose_style': 0, 'images': None, 'relation_labels': None, 'is_moment_history': 0, 'impression_data': {'group_id_list_a': [], 'group_id_list_b': [], 'similar_id_list_a': None, 'similar_id_list_b': None, 'group_id_list_c': [], 'group_id_list_d': []}, 'game_tag_info': {'is_game': False}, 'is_24_story': 0, 'libfinsert_task_id': '', 'social_tag_list': None, 'show_follow_button': {}, 'duet_aggregate_in_music_tab': False, 'is_duet_sing': False, 'comment_permission_info': {'comment_permission_status': 0, 'can_comment': True, 'item_detail_entry': False, 'press_entry': False, 'toast_guide': False}, 'original_images': None, 'series_paid_info': {'series_paid_status': 0, 'item_price': 0}, 'img_bitrate': None, 'comment_gid': 7417700471487401251, 'image_album_music_info': {'begin_time': -1, 'end_time': -1, 'volume': -1}, 'video_tag': [{'tag_id': 2024, 'tag_name': '亲子', 'level': 1}, {'tag_id': 2024006, 'tag_name': '母婴', 'level': 2}, {'tag_id': 2024006003, 'tag_name': '育儿知识', 'level': 3}], 'is_collects_selected': 0, 'chapter_list': None, 'feed_comment_config': {'input_config_text': '善语结善缘，恶言伤人心', 'author_audit_status': 0, 'common_flags': '{"hashtag":"[{\\"name\\":\\"亲子关系\\",\\"id\\":1595199377513476},{\\"name\\":\\"家庭教育\\",\\"id\\":1767586804947975},{\\"name\\":\\"育儿\\",\\"id\\":1767586940916743},{\\"name\\":\\"幼儿教育\\",\\"id\\":1591352385275918},{\\"name\\":\\"父母课堂\\",\\"id\\":1600624540786695}]","item_author_nickname":"孙瑞雪聊教育","video_labels_v2_tag1":"母婴","video_labels_v2_tag2":"育儿理念"}'}, 'is_image_beat': False, 'dislike_dimension_list': None, 'standard_bar_info_list': None, 'photo_search_entrance': {'ecom_type': 0}, 'is_life_item': False, 'image_list': None, 'component_info_v2': '{"desc_lines_limit":0,"hide_marquee":false}', 'item_warn_notification': {'type': 0, 'show': False, 'content': ''}, 'origin_text_extra': None, 'disable_relation_bar': 0, 'packed_clips': None, 'author_mask_tag': 0, 'user_recommend_status': 1, 'collection_corner_mark': 0, 'is_share_post': False, 'image_comment': {}, 'visual_search_info': {'is_show_img_entrance': False, 'is_ecom_img': False, 'is_high_accuracy_ecom': False, 'is_high_recall_ecom': False}, 'tts_id_list': None, 'ref_tts_id_list': None, 'voice_modify_id_list': None, 'ref_voice_modify_id_list': None, 'authentication_token': 'MS4wLjAAAAAAZIMvloF08nq8k2se9SZA_dXK-P_nS1TjaYyvS8c0dI98G9BcGd2TV9uZSZqKK57-je3LsBAIL0umcrvR_HwtlsbGh1TU4ALUzzZnAXT0ftGvjKTLYaunDt1Z1c_HIRRHAQi20_EJdIFvdw_DYkR0GXWyvWLlm3C9ZeU_o7aFo3b3HuRt_GoS5UuktxmGGyh4kuz4hMUmGJSW4Vm_LhMaxvrz7j_erC92ZGOshQFaR0LUlh4IJfbv_gCmGVqOzZN6', 'video_game_data_channel_config': {}, 'dislike_dimension_list_v2': None, 'distribute_circle': {'distribute_type': 0, 'campus_block_interaction': False, 'is_campus': False}, 'image_crop_ctrl': 0, 'yumme_recreason': None, 'slides_music_beats': None, 'jump_tab_info_list': None, 'media_type': 4, 'reply_smart_emojis': None, 'activity_video_type': -1, 'boost_status': 0, 'create_scale_type': None, 'entertainment_product_info': {'sub_title': None, 'market_info': {'limit_free': {'in_free': False}, 'marketing_tag': None}}, 'caption': '生命为什么需要被看见？ #亲子关系  #家庭教育  #育儿  #幼儿教育  #父母课堂', 'item_title': '', 'is_use_music': False, 'original': 0, 'xigua_base_info': {'status': 0, 'star_altar_order_id': 0, 'star_altar_type': 0, 'item_id': 0}}, {'aweme_id': '7411373144050519296', 'desc': '为什么要在十五年前创作《完整的成长》？ #父母课堂  #幼儿教育  #亲子关系  #育儿  #家庭教育', 'create_time': 1726739700, 'author': {'uid': '1965574329213736', 'card_entries_not_display': None, 'nickname': '孙瑞雪聊教育', 'personal_tag_list': None, 'homepage_bottom_toast': None, 'avatar_thumb': {'uri': '100x100/aweme-avatar/tos-cn-avt-0015_afee5b125df955a19af4c41159ad1295', 'url_list': ['https://p3-pc.douyinpic.com/aweme/100x100/aweme-avatar/tos-cn-avt-0015_afee5b125df955a19af4c41159ad1295.jpeg?from=327834062'], 'width': 720, 'height': 720}, 'batch_unfollow_contain_tabs': None, 'not_seen_item_id_list': None, 'follow_status': 0, 'contrail_list': None, 'story_interactive': 0, 'data_label_list': None, 'custom_verify': '', 'follower_list_secondary_information_struct': None, 'display_info': None, 'interest_tags': None, 'account_cert_info': '{}', 'user_tags': None, 'share_info': {'share_url': '', 'share_weibo_desc': '', 'share_desc': '', 'share_title': '', 'share_qrcode_url': {'uri': '31b0500316c4e154852bc', 'url_list': ['https://p3-pc-sign.douyinpic.com/obj/31b0500316c4e154852bc?lk3s=138a59ce&x-expires=1760990400&x-signature=VnOegD8kfOkclbkCT%2BIUAVSkQl4%3D&from=327834062'], 'width': 720, 'height': 720}, 'share_title_myself': '', 'share_title_other': '', 'share_desc_info': ''}, 'can_set_geofencing': None, 'sec_uid': 'MS4wLjABAAAAnAFnkWlOm9jteymsi42fanYLMzfbqdGIwCILEUqDNmFyjfK9N8fSJdS_D2UWk_we', 'need_points': None, 'enterprise_verify_reason': '', 'is_ad_fake': False, 'story_ttl': 0, 'user_permissions': None, 'card_entries': None, 'creator_tag_list': None, 'offline_info_list': None, 'text_extra': None, 'card_sort_priority': None, 'prevent_download': False, 'special_people_labels': None, 'white_cover_url': None, 'endorsement_info_list': None, 'follower_status': 0, 'profile_mob_params': None, 'familiar_visitor_user': None, 'avatar_schema_list': None, 'cover_url': [{'uri': 'c8510002be9a3a61aad2', 'url_list': ['https://p3-pc-sign.douyinpic.com/obj/c8510002be9a3a61aad2?lk3s=138a59ce&x-expires=1762178400&x-signature=bEz6E0nbTH1458RtDsUU87G74Mk%3D&from=327834062'], 'width': 720, 'height': 720}], 'cf_list': None, 'im_role_ids': None, 'not_seen_item_id_list_v2': None, 'signature_extra': None, 'risk_notice_text': '', 'ban_user_functions': None, 'profile_component_disabled': None, 'verification_permission_ids': None, 'identity_labels': None, 'private_relation_list': None, 'link_item_list': None, 'batch_unfollow_relation_desc': None}, 'music': {'id': 7411373185435716402, 'id_str': '7411373185435716402', 'title': '@孙瑞雪聊教育创作的原声', 'author': '孙瑞雪聊教育', 'album': '', 'cover_hd': {'uri': '1080x1080/aweme-avatar/tos-cn-avt-0015_afee5b125df955a19af4c41159ad1295', 'url_list': ['https://p3-pc.douyinpic.com/aweme/1080x1080/aweme-avatar/tos-cn-avt-0015_afee5b125df955a19af4c41159ad1295.jpeg?from=327834062'], 'width': 720, 'height': 720}, 'cover_large': {'uri': '1080x1080/aweme-avatar/tos-cn-avt-0015_afee5b125df955a19af4c41159ad1295', 'url_list': ['https://p3-pc.douyinpic.com/aweme/1080x1080/aweme-avatar/tos-cn-avt-0015_afee5b125df955a19af4c41159ad1295.jpeg?from=327834062'], 'width': 720, 'height': 720}, 'cover_medium': {'uri': '720x720/aweme-avatar/tos-cn-avt-0015_afee5b125df955a19af4c41159ad1295', 'url_list': ['https://p3-pc.douyinpic.com/aweme/720x720/aweme-avatar/tos-cn-avt-0015_afee5b125df955a19af4c41159ad1295.jpeg?from=327834062'], 'width': 720, 'height': 720}, 'cover_thumb': {'uri': '100x100/aweme-avatar/tos-cn-avt-0015_afee5b125df955a19af4c41159ad1295', 'url_list': ['https://p3-pc.douyinpic.com/aweme/100x100/aweme-avatar/tos-cn-avt-0015_afee5b125df955a19af4c41159ad1295.jpeg?from=327834062'], 'width': 720, 'height': 720}, 'play_url': {'uri': 'https://lf9-music-east.douyinstatic.com/obj/ies-music-hj/7411373258051767100.mp3', 'url_list': ['https://lf9-music-east.douyinstatic.com/obj/ies-music-hj/7411373258051767100.mp3', 'https://lf26-music-east.douyinstatic.com/obj/ies-music-hj/7411373258051767100.mp3'], 'width': 720, 'height': 720, 'url_key': '7411373185435716402'}, 'schema_url': '', 'source_platform': 23, 'start_time': 0, 'end_time': 0, 'duration': 60, 'extra': '{"aed_music_score":0,"aed_singing_score":0.02,"aggregate_exempt_conf":[],"beats":{},"cover_colors":null,"douyin_beats_info":{},"dsp_switch":0,"extract_item_id":7411373144050519296,"has_edited":0,"hit_high_follow_auto":false,"hit_high_follow_extend":false,"hit_high_follow_original":false,"hotsoon_review_time":-1,"is_aed_music":0,"is_high_follow_user":false,"is_red":0,"is_subsidy_exp":false,"music_label_id":null,"music_tagging":{"AEDs":null,"Genres":null,"Instruments":null,"Languages":null,"Moods":null,"SingingVersions":null,"Themes":null},"review_unshelve_reason":0,"reviewed":0,"schedule_search_time":0,"uniqa_speech_score":0.65,"with_aed_model":1}', 'user_count': 0, 'position': None, 'collect_stat': 0, 'status': 1, 'offline_desc': '', 'owner_id': '1965574329213736', 'owner_nickname': '孙瑞雪聊教育', 'is_original': False, 'mid': '7411373185435716402', 'binded_challenge_id': 0, 'redirect': False, 'is_restricted': False, 'author_deleted': False, 'is_del_video': False, 'is_video_self_see': False, 'owner_handle': '63566855132', 'author_position': None, 'prevent_download': False, 'unshelve_countries': None, 'prevent_item_download_status': 0, 'external_song_info': [], 'sec_uid': 'MS4wLjABAAAAnAFnkWlOm9jteymsi42fanYLMzfbqdGIwCILEUqDNmFyjfK9N8fSJdS_D2UWk_we', 'avatar_thumb': {'uri': '100x100/aweme-avatar/tos-cn-avt-0015_afee5b125df955a19af4c41159ad1295', 'url_list': ['https://p3-pc.douyinpic.com/aweme/100x100/aweme-avatar/tos-cn-avt-0015_afee5b125df955a19af4c41159ad1295.jpeg?from=327834062'], 'width': 720, 'height': 720}, 'avatar_medium': {'uri': '720x720/aweme-avatar/tos-cn-avt-0015_afee5b125df955a19af4c41159ad1295', 'url_list': ['https://p3-pc.douyinpic.com/aweme/720x720/aweme-avatar/tos-cn-avt-0015_afee5b125df955a19af4c41159ad1295.jpeg?from=327834062'], 'width': 720, 'height': 720}, 'avatar_large': {'uri': '1080x1080/aweme-avatar/tos-cn-avt-0015_afee5b125df955a19af4c41159ad1295', 'url_list': ['https://p3-pc.douyinpic.com/aweme/1080x1080/aweme-avatar/tos-cn-avt-0015_afee5b125df955a19af4c41159ad1295.jpeg?from=327834062'], 'width': 720, 'height': 720}, 'preview_start_time': 0, 'preview_end_time': 0, 'is_commerce_music': False, 'is_original_sound': True, 'audition_duration': 60, 'shoot_duration': 60, 'reason_type': 0, 'artists': [], 'lyric_short_position': None, 'mute_share': False, 'tag_list': None, 'dmv_auto_show': False, 'is_pgc': False, 'is_matched_metadata': False, 'is_audio_url_with_cookie': False, 'music_chart_ranks': None, 'can_background_play': True, 'music_status': 1, 'video_duration': 60, 'pgc_music_type': 2, 'author_status': 1, 'search_impr': {'entity_id': '7411373185435716402'}, 'artist_user_infos': None, 'dsp_status': 10, 'musician_user_infos': None, 'music_collect_count': 0, 'music_cover_atmosphere_color_value': '', 'show_origin_clip': False}, 'effect_inflow_effects': None, 'video': {'play_addr': {'uri': 'v0d00fg10000crd7p4fog65jb9g794hg', 'url_list': ['https://v5-dy-o-abtest.zjcdn.com/cebb9d3a94a6b746ccbacbbe315d85f7/68f66df5/video/tos/cn/tos-cn-ve-0015c800/oAgUpNSBeCPQZA7YNHRAdLIBkeGLStAKaeMjZa/?a=6383&ch=10010&cr=3&dr=0&lr=all&cd=0%7C0%7C0%7C3&cv=1&br=552&bt=552&cs=0&ds=3&ft=c2YTctGHQPRUZxfusdr~kwPqYldQIKDEE-TerrNqq_45a&mime_type=video_mp4&qs=0&rc=OzUzZzQ2O2Y2aTdkaTs6OUBpajc6PG05cjc6dTMzNGkzM0A1XzJgYTYxNS8xYWFfXjEtYSNlNmRfMmRjbWFgLS1kLWFzcw%3D%3D&btag=80000e00028000&cquery=101r_100B_100H_100K_100o&dy_q=1760969609&feature_id=aa7df520beeae8e397df15f38df0454c&l=20251020221329FF810B6B17C3D024C6A3', 'https://v5-dy-o-abtest.zjcdn.com/cebb9d3a94a6b746ccbacbbe315d85f7/68f66df5/video/tos/cn/tos-cn-ve-0015c800/oAgUpNSBeCPQZA7YNHRAdLIBkeGLStAKaeMjZa/?a=6383&ch=10010&cr=3&dr=0&lr=all&cd=0%7C0%7C0%7C3&cv=1&br=552&bt=552&cs=0&ds=3&ft=c2YTctGHQPRUZxfusdr~kwPqYldQIKDEE-TerrNqq_45a&mime_type=video_mp4&qs=0&rc=OzUzZzQ2O2Y2aTdkaTs6OUBpajc6PG05cjc6dTMzNGkzM0A1XzJgYTYxNS8xYWFfXjEtYSNlNmRfMmRjbWFgLS1kLWFzcw%3D%3D&btag=80000e00028000&cquery=101r_100B_100H_100K_100o&dy_q=1760969609&feature_id=aa7df520beeae8e397df15f38df0454c&l=20251020221329FF810B6B17C3D024C6A3', 'https://www.douyin.com/aweme/v1/play/?video_id=v0d00fg10000crd7p4fog65jb9g794hg&line=0&file_id=0647a8bfdad44f238c4893d1cd50b288&sign=284fe4ca5dd86a8d03fd5dd2e641554e&is_play_url=1&source=PackSourceEnum_PUBLISH'], 'width': 720, 'height': 1280, 'url_key': 'v0d00fg10000crd7p4fog65jb9g794hg_h264_720p_566253', 'data_size': 4278119, 'file_hash': '284fe4ca5dd86a8d03fd5dd2e641554e', 'file_cs': 'c:0-67077-d25e'}, 'cover': {'uri': 'tos-cn-i-dy/5e83244abb184d5fb00f75145a64da23', 'url_list': ['https://p3-pc-sign.douyinpic.com/tos-cn-i-dy/5e83244abb184d5fb00f75145a64da23~tplv-dy-cropcenter:323:430.jpeg?lk3s=138a59ce&x-expires=2076328800&x-signature=Ce2%2BgWey94rSZZVHw9RMpJhvM8M%3D&from=327834062&s=PackSourceEnum_PUBLISH&se=true&sh=323_430&sc=cover&biz_tag=pcweb_cover&l=20251020221329FF810B6B17C3D024C6A3', 'https://p3-pc-sign.douyinpic.com/obj/tos-cn-i-dy/5e83244abb184d5fb00f75145a64da23?lk3s=138a59ce&x-expires=2076328800&x-signature=HxaVEC%2F8dBwHJSOXYrljKtUpMTI%3D&from=327834062&s=PackSourceEnum_PUBLISH&se=false&sc=cover&biz_tag=pcweb_cover&l=20251020221329FF810B6B17C3D024C6A3'], 'width': 720, 'height': 720}, 'height': 1920, 'width': 1080, 'dynamic_cover': {'uri': 'tos-cn-i-dy/5e83244abb184d5fb00f75145a64da23', 'url_list': ['https://p3-pc-sign.douyinpic.com/obj/tos-cn-i-dy/5e83244abb184d5fb00f75145a64da23?lk3s=138a59ce&x-expires=1762178400&x-signature=luz%2BroPnHYMv%2BMPCfdM8GCgTiFY%3D&from=327834062_large&s=PackSourceEnum_PUBLISH&se=false&sc=dynamic_cover&biz_tag=pcweb_cover&l=20251020221329FF810B6B17C3D024C6A3', 'https://p9-pc-sign.douyinpic.com/obj/tos-cn-i-dy/5e83244abb184d5fb00f75145a64da23?lk3s=138a59ce&x-expires=1762178400&x-signature=ztk60J%2Bmzj9FROZ3bVtK0EDmRq0%3D&from=327834062_large&s=PackSourceEnum_PUBLISH&se=false&sc=dynamic_cover&biz_tag=pcweb_cover&l=20251020221329FF810B6B17C3D024C6A3'], 'width': 720, 'height': 720}, 'origin_cover': {'uri': 'tos-cn-p-0015/oMxuDeSYGB9NLNHBjpIePegWtCagaMSANh7bkA', 'url_list': ['https://p3-pc-sign.douyinpic.com/tos-cn-p-0015/oMxuDeSYGB9NLNHBjpIePegWtCagaMSANh7bkA~tplv-dy-360p.jpeg?lk3s=138a59ce&x-expires=1762178400&x-signature=vvV4yU95tCXWRGSHuUtAuMeLxDM%3D&from=327834062&s=PackSourceEnum_PUBLISH&se=false&sc=origin_cover&biz_tag=pcweb_cover&l=20251020221329FF810B6B17C3D024C6A3', 'https://p9-pc-sign.douyinpic.com/tos-cn-p-0015/oMxuDeSYGB9NLNHBjpIePegWtCagaMSANh7bkA~tplv-dy-360p.jpeg?lk3s=138a59ce&x-expires=1762178400&x-signature=cptEjZ8K9APqnRo20hSxzT5Xg5k%3D&from=327834062&s=PackSourceEnum_PUBLISH&se=false&sc=origin_cover&biz_tag=pcweb_cover&l=20251020221329FF810B6B17C3D024C6A3'], 'width': 360, 'height': 640}, 'ratio': '720p', 'format': 'mp4', 'audio': {'original_sound_infos': None}, 'bit_rate': [{'gear_name': 'normal_720_0', 'quality_type': 10, 'bit_rate': 566253, 'play_addr': {'uri': 'v0d00fg10000crd7p4fog65jb9g794hg', 'url_list': ['https://v5-dy-o-abtest.zjcdn.com/cebb9d3a94a6b746ccbacbbe315d85f7/68f66df5/video/tos/cn/tos-cn-ve-0015c800/oAgUpNSBeCPQZA7YNHRAdLIBkeGLStAKaeMjZa/?a=6383&ch=10010&cr=3&dr=0&lr=all&cd=0%7C0%7C0%7C3&cv=1&br=552&bt=552&cs=0&ds=3&ft=c2YTctGHQPRUZxfusdr~kwPqYldQIKDEE-TerrNqq_45a&mime_type=video_mp4&qs=0&rc=OzUzZzQ2O2Y2aTdkaTs6OUBpajc6PG05cjc6dTMzNGkzM0A1XzJgYTYxNS8xYWFfXjEtYSNlNmRfMmRjbWFgLS1kLWFzcw%3D%3D&btag=80000e00028000&cquery=101r_100B_100H_100K_100o&dy_q=1760969609&feature_id=aa7df520beeae8e397df15f38df0454c&l=20251020221329FF810B6B17C3D024C6A3', 'https://v5-dy-o-abtest.zjcdn.com/cebb9d3a94a6b746ccbacbbe315d85f7/68f66df5/video/tos/cn/tos-cn-ve-0015c800/oAgUpNSBeCPQZA7YNHRAdLIBkeGLStAKaeMjZa/?a=6383&ch=10010&cr=3&dr=0&lr=all&cd=0%7C0%7C0%7C3&cv=1&br=552&bt=552&cs=0&ds=3&ft=c2YTctGHQPRUZxfusdr~kwPqYldQIKDEE-TerrNqq_45a&mime_type=video_mp4&qs=0&rc=OzUzZzQ2O2Y2aTdkaTs6OUBpajc6PG05cjc6dTMzNGkzM0A1XzJgYTYxNS8xYWFfXjEtYSNlNmRfMmRjbWFgLS1kLWFzcw%3D%3D&btag=80000e00028000&cquery=101r_100B_100H_100K_100o&dy_q=1760969609&feature_id=aa7df520beeae8e397df15f38df0454c&l=20251020221329FF810B6B17C3D024C6A3', 'https://www.douyin.com/aweme/v1/play/?video_id=v0d00fg10000crd7p4fog65jb9g794hg&line=0&file_id=0647a8bfdad44f238c4893d1cd50b288&sign=284fe4ca5dd86a8d03fd5dd2e641554e&is_play_url=1&source=PackSourceEnum_PUBLISH'], 'width': 720, 'height': 1280, 'url_key': 'v0d00fg10000crd7p4fog65jb9g794hg_h264_720p_566253', 'data_size': 4278119, 'file_hash': '284fe4ca5dd86a8d03fd5dd2e641554e', 'file_cs': 'c:0-67077-d25e'}, 'is_h265': 0, 'is_bytevc1': 0, 'HDR_type': '', 'HDR_bit': '', 'FPS': 30, 'video_extra': '{"PktOffsetMap":"[{\\"time\\": 1, \\"offset\\": 299020}, {\\"time\\": 2, \\"offset\\": 387846}, {\\"time\\": 3, \\"offset\\": 445687}, {\\"time\\": 4, \\"offset\\": 499074}, {\\"time\\": 5, \\"offset\\": 550610}, {\\"time\\": 10, \\"offset\\": 962839}]","format":"mp4","definition":"720p","quality":"normal","file_id":"0647a8bfdad44f238c4893d1cd50b288","applog_map":{"feature_id":"aa7df520beeae8e397df15f38df0454c"},"audio_channels":"2.0","audio_sample_rate":"44100","audio_metrics":null,"audio_score":null}', 'format': 'mp4'}, {'gear_name': 'low_720_0', 'quality_type': 211, 'bit_rate': 557521, 'play_addr': {'uri': 'v0d00fg10000crd7p4fog65jb9g794hg', 'url_list': ['https://v5-dy-o-abtest.zjcdn.com/628fbb1a6847315697e9ae85650a2d66/68f66df5/video/tos/cn/tos-cn-ve-0015c800/ootMQgBmAgCIAP9GIEfifgJAYRDD2FmynNpvDA/?a=6383&ch=10010&cr=3&dr=0&lr=all&cd=0%7C0%7C0%7C3&cv=1&br=544&bt=544&cs=0&ds=3&ft=c2YTctGHQPRUZxfusdr~kwPqYldQIKDEE-TerrNqq_45a&mime_type=video_mp4&qs=1&rc=OWY6aDdoaDg4NjhlNjNlaUBpajc6PG05cjc6dTMzNGkzM0AuYy8zLjA0Xl8xNjQxNGExYSNlNmRfMmRjbWFgLS1kLWFzcw%3D%3D&btag=80000e00028000&cquery=100K_100o_101r_100B_100H&dy_q=1760969609&feature_id=46a7bb47b4fd1280f3d3825bf2b29388&l=20251020221329FF810B6B17C3D024C6A3', 'https://v5-dy-o-abtest.zjcdn.com/628fbb1a6847315697e9ae85650a2d66/68f66df5/video/tos/cn/tos-cn-ve-0015c800/ootMQgBmAgCIAP9GIEfifgJAYRDD2FmynNpvDA/?a=6383&ch=10010&cr=3&dr=0&lr=all&cd=0%7C0%7C0%7C3&cv=1&br=544&bt=544&cs=0&ds=3&ft=c2YTctGHQPRUZxfusdr~kwPqYldQIKDEE-TerrNqq_45a&mime_type=video_mp4&qs=1&rc=OWY6aDdoaDg4NjhlNjNlaUBpajc6PG05cjc6dTMzNGkzM0AuYy8zLjA0Xl8xNjQxNGExYSNlNmRfMmRjbWFgLS1kLWFzcw%3D%3D&btag=80000e00028000&cquery=101r_100B_100H_100K_100o&dy_q=1760969609&feature_id=46a7bb47b4fd1280f3d3825bf2b29388&l=20251020221329FF810B6B17C3D024C6A3', 'https://www.douyin.com/aweme/v1/play/?video_id=v0d00fg10000crd7p4fog65jb9g794hg&line=0&file_id=4fdb70437b9543b5a57e3e146e27fc16&sign=46f6d00df69c5fafa9e94e7402666be7&is_play_url=1&source=PackSourceEnum_PUBLISH'], 'width': 720, 'height': 1280, 'url_key': 'v0d00fg10000crd7p4fog65jb9g794hg_h264_720p_557521', 'data_size': 4212148, 'file_hash': '46f6d00df69c5fafa9e94e7402666be7', 'file_cs': 'c:0-51152-36f1|a:v0d00fg10000crd7p4fog65jb9g794hg'}, 'is_h265': 0, 'is_bytevc1': 0, 'HDR_type': '', 'HDR_bit': '', 'FPS': 30, 'video_extra': '{"PktOffsetMap":"[{\\"time\\": 1, \\"offset\\": 298419}, {\\"time\\": 2, \\"offset\\": 395617}, {\\"time\\": 3, \\"offset\\": 457512}, {\\"time\\": 4, \\"offset\\": 510515}, {\\"time\\": 5, \\"offset\\": 559814}, {\\"time\\": 10, \\"offset\\": 962244}]","format":"mp4","definition":"720p","quality":"low","file_id":"4fdb70437b9543b5a57e3e146e27fc16","applog_map":{"feature_id":"46a7bb47b4fd1280f3d3825bf2b29388"},"audio_channels":"2.0","audio_sample_rate":"44100","audio_metrics":null,"audio_score":null}', 'format': 'mp4'}, {'gear_name': 'low_540_0', 'quality_type': 292, 'bit_rate': 538728, 'play_addr': {'uri': 'v0d00fg10000crd7p4fog65jb9g794hg', 'url_list': ['https://v5-dy-o-abtest.zjcdn.com/a670393b9636c3cfabe2852b580bda4c/68f66df5/video/tos/cn/tos-cn-ve-0015c800/oYm9sA0uTNQqBiEzbbifABgSkO845jIWeDBzAI/?a=6383&ch=10010&cr=3&dr=0&lr=all&cd=0%7C0%7C0%7C3&cv=1&br=526&bt=526&cs=0&ds=6&ft=c2YTctGHQPRUZxfusdr~kwPqYldQIKDEE-TerrNqq_45a&mime_type=video_mp4&qs=1&rc=O2Q3NDo0ZWY7aTNkOWhmNEBpajc6PG05cjc6dTMzNGkzM0AzMDE0YjAvXzUxLzQzMDNgYSNlNmRfMmRjbWFgLS1kLWFzcw%3D%3D&btag=80000e00028000&cquery=101r_100B_100H_100K_100o&dy_q=1760969609&feature_id=46a7bb47b4fd1280f3d3825bf2b29388&l=20251020221329FF810B6B17C3D024C6A3', 'https://v5-dy-o-abtest.zjcdn.com/a670393b9636c3cfabe2852b580bda4c/68f66df5/video/tos/cn/tos-cn-ve-0015c800/oYm9sA0uTNQqBiEzbbifABgSkO845jIWeDBzAI/?a=6383&ch=10010&cr=3&dr=0&lr=all&cd=0%7C0%7C0%7C3&cv=1&br=526&bt=526&cs=0&ds=6&ft=c2YTctGHQPRUZxfusdr~kwPqYldQIKDEE-TerrNqq_45a&mime_type=video_mp4&qs=1&rc=O2Q3NDo0ZWY7aTNkOWhmNEBpajc6PG05cjc6dTMzNGkzM0AzMDE0YjAvXzUxLzQzMDNgYSNlNmRfMmRjbWFgLS1kLWFzcw%3D%3D&btag=80000e00028000&cquery=100H_100K_100o_101r_100B&dy_q=1760969609&feature_id=46a7bb47b4fd1280f3d3825bf2b29388&l=20251020221329FF810B6B17C3D024C6A3', 'https://www.douyin.com/aweme/v1/play/?video_id=v0d00fg10000crd7p4fog65jb9g794hg&line=0&file_id=c16c3e667a204f88bc2b31e771443a68&sign=93124c559b7b9705c615d54f048db5e1&is_play_url=1&source=PackSourceEnum_PUBLISH'], 'width': 576, 'height': 1024, 'url_key': 'v0d00fg10000crd7p4fog65jb9g794hg_h264_540p_538728', 'data_size': 4070163, 'file_hash': '93124c559b7b9705c615d54f048db5e1', 'file_cs': 'c:0-51152-a109|a:v0d00fg10000crd7p4fog65jb9g794hg'}, 'is_h265': 0, 'is_bytevc1': 0, 'HDR_type': '', 'HDR_bit': '', 'FPS': 30, 'video_extra': '{"PktOffsetMap":"[{\\"time\\": 1, \\"offset\\": 271259}, {\\"time\\": 2, \\"offset\\": 368329}, {\\"time\\": 3, \\"offset\\": 427795}, {\\"time\\": 4, \\"offset\\": 478088}, {\\"time\\": 5, \\"offset\\": 528724}, {\\"time\\": 10, \\"offset\\": 921226}]","format":"mp4","definition":"540p","quality":"low","file_id":"c16c3e667a204f88bc2b31e771443a68","applog_map":{"feature_id":"46a7bb47b4fd1280f3d3825bf2b29388"},"audio_channels":"2.0","audio_sample_rate":"44100","audio_metrics":null,"audio_score":null}', 'format': 'mp4'}, {'gear_name': 'adapt_low_540_0', 'quality_type': 291, 'bit_rate': 363606, 'play_addr': {'uri': 'v0d00fg10000crd7p4fog65jb9g794hg', 'url_list': ['https://v5-dy-o-abtest.zjcdn.com/133c5bf10045c28d56d8ad40bf176d6b/68f66df5/video/tos/cn/tos-cn-ve-0015c800/o8AMFmnBtpyEAoF9rJIgl1ANDdgfGRmYPX2QfD/?a=6383&ch=10010&cr=3&dr=0&lr=all&cd=0%7C0%7C0%7C3&cv=1&br=355&bt=355&cs=0&ds=6&ft=c2YTctGHQPRUZxfusdr~kwPqYldQIKDEE-TerrNqq_45a&mime_type=video_mp4&qs=12&rc=OjlmODU8NmQ3PGRlNTU6ZUBpajc6PG05cjc6dTMzNGkzM0A0YzE1LzIyNS0xMTE1YjFhYSNlNmRfMmRjbWFgLS1kLWFzcw%3D%3D&btag=80000e00028000&cquery=100B_100H_100K_100o_101r&dy_q=1760969609&feature_id=46a7bb47b4fd1280f3d3825bf2b29388&l=20251020221329FF810B6B17C3D024C6A3', 'https://v5-dy-o-abtest.zjcdn.com/133c5bf10045c28d56d8ad40bf176d6b/68f66df5/video/tos/cn/tos-cn-ve-0015c800/o8AMFmnBtpyEAoF9rJIgl1ANDdgfGRmYPX2QfD/?a=6383&ch=10010&cr=3&dr=0&lr=all&cd=0%7C0%7C0%7C3&cv=1&br=355&bt=355&cs=0&ds=6&ft=c2YTctGHQPRUZxfusdr~kwPqYldQIKDEE-TerrNqq_45a&mime_type=video_mp4&qs=12&rc=OjlmODU8NmQ3PGRlNTU6ZUBpajc6PG05cjc6dTMzNGkzM0A0YzE1LzIyNS0xMTE1YjFhYSNlNmRfMmRjbWFgLS1kLWFzcw%3D%3D&btag=80000e00028000&cquery=101r_100B_100H_100K_100o&dy_q=1760969609&feature_id=46a7bb47b4fd1280f3d3825bf2b29388&l=20251020221329FF810B6B17C3D024C6A3', 'https://www.douyin.com/aweme/v1/play/?video_id=v0d00fg10000crd7p4fog65jb9g794hg&line=0&file_id=db47e2824b4a49048a535922854cf677&sign=7a64966da1924b0af8d6d9f4b3e115c3&is_play_url=1&source=PackSourceEnum_PUBLISH'], 'width': 576, 'height': 1024, 'url_key': 'v0d00fg10000crd7p4fog65jb9g794hg_h264_540p_363606', 'data_size': 2747091, 'file_hash': '7a64966da1924b0af8d6d9f4b3e115c3', 'file_cs': 'c:0-51151-5c01|a:v0d00fg10000crd7p4fog65jb9g794hg'}, 'is_h265': 0, 'is_bytevc1': 0, 'HDR_type': '', 'HDR_bit': '', 'FPS': 30, 'video_extra': '{"PktOffsetMap":"[{\\"time\\": 1, \\"offset\\": 206656}, {\\"time\\": 2, \\"offset\\": 270290}, {\\"time\\": 3, \\"offset\\": 306795}, {\\"time\\": 4, \\"offset\\": 338816}, {\\"time\\": 5, \\"offset\\": 372233}, {\\"time\\": 10, \\"offset\\": 638871}]","format":"mp4","definition":"540p","quality":"adapt_low","file_id":"db47e2824b4a49048a535922854cf677","applog_map":{"feature_id":"46a7bb47b4fd1280f3d3825bf2b29388"},"audio_channels":"2.0","audio_sample_rate":"44100","audio_metrics":null,"audio_score":null}', 'format': 'mp4'}, {'gear_name': 'adapt_lowest_1080_1', 'quality_type': 2, 'bit_rate': 257766, 'play_addr': {'uri': 'v0d00fg10000crd7p4fog65jb9g794hg', 'url_list': ['https://v5-dy-o-abtest.zjcdn.com/7ad5b6d573d3a77f70ad158613ba5213/68f66df5/video/tos/cn/tos-cn-ve-0015c800/oEmkAaZ0jMAnfwOP2PWaB7NAeBkAkCftiO83xQ/?a=6383&ch=10010&cr=3&dr=0&lr=all&cd=0%7C0%7C0%7C3&cv=1&br=251&bt=251&cs=2&ds=4&ft=c2YTctGHQPRUZxfusdr~kwPqYldQIKDEE-TerrNqq_45a&mime_type=video_mp4&qs=15&rc=OjVoPDs8aDNmZDQ6ZGhpZkBpajc6PG05cjc6dTMzNGkzM0AwMTRiNWE2X18xMTAvYV8yYSNlNmRfMmRjbWFgLS1kLWFzcw%3D%3D&btag=80000e00028000&cquery=101r_100B_100H_100K_100o&dy_q=1760969609&feature_id=c6de0308cacfd993ef282c8e1c646267&l=20251020221329FF810B6B17C3D024C6A3', 'https://v5-dy-o-abtest.zjcdn.com/7ad5b6d573d3a77f70ad158613ba5213/68f66df5/video/tos/cn/tos-cn-ve-0015c800/oEmkAaZ0jMAnfwOP2PWaB7NAeBkAkCftiO83xQ/?a=6383&ch=10010&cr=3&dr=0&lr=all&cd=0%7C0%7C0%7C3&cv=1&br=251&bt=251&cs=2&ds=4&ft=c2YTctGHQPRUZxfusdr~kwPqYldQIKDEE-TerrNqq_45a&mime_type=video_mp4&qs=15&rc=OjVoPDs8aDNmZDQ6ZGhpZkBpajc6PG05cjc6dTMzNGkzM0AwMTRiNWE2X18xMTAvYV8yYSNlNmRfMmRjbWFgLS1kLWFzcw%3D%3D&btag=80000e00028000&cquery=100H_100K_100o_101r_100B&dy_q=1760969609&feature_id=c6de0308cacfd993ef282c8e1c646267&l=20251020221329FF810B6B17C3D024C6A3', 'https://www.douyin.com/aweme/v1/play/?video_id=v0d00fg10000crd7p4fog65jb9g794hg&line=0&file_id=5cbfde2a37414abcb09ed988e97e4237&sign=031625fde6929248dd6d660150fd5a34&is_play_url=1&source=PackSourceEnum_PUBLISH'], 'width': 1080, 'height': 1920, 'url_key': 'v0d00fg10000crd7p4fog65jb9g794hg_bytevc1_1080p_257766', 'data_size': 1947457, 'file_hash': '031625fde6929248dd6d660150fd5a34', 'file_cs': 'c:0-51313-0879'}, 'is_h265': 1, 'is_bytevc1': 1, 'HDR_type': '', 'HDR_bit': '', 'FPS': 30, 'video_extra': '{"PktOffsetMap":"[{\\"time\\": 1, \\"offset\\": 187643}, {\\"time\\": 2, \\"offset\\": 220546}, {\\"time\\": 3, \\"offset\\": 245899}, {\\"time\\": 4, \\"offset\\": 268037}, {\\"time\\": 5, \\"offset\\": 296848}, {\\"time\\": 10, \\"offset\\": 474031}]","format":"mp4","definition":"1080p","quality":"adapt_lowest","file_id":"5cbfde2a37414abcb09ed988e97e4237","applog_map":{"feature_id":"c6de0308cacfd993ef282c8e1c646267"},"mvmaf":"{\\"mvmaf_sr_v1080\\":-1,\\"mvmaf_sr_v960\\":-1,\\"mvmaf_sr_v864\\":-1,\\"mvmaf_sr_v720\\":-1,\\"mvmaf_ori_v1080\\":92.902,\\"mvmaf_ori_v960\\":93.433,\\"mvmaf_ori_v864\\":94.191,\\"mvmaf_ori_v720\\":94.516}","audio_channels":"2.0","audio_sample_rate":"44100","audio_metrics":null,"audio_score":null}', 'format': 'mp4'}, {'gear_name': 'adapt_lowest_720_1', 'quality_type': 15, 'bit_rate': 222348, 'play_addr': {'uri': 'v0d00fg10000crd7p4fog65jb9g794hg', 'url_list': ['https://v5-dy-o-abtest.zjcdn.com/dad002b8acefe5e8ce636f0cd6eee7da/68f66df5/video/tos/cn/tos-cn-ve-0015c800/oQjiB90zIWzANrbBkrSBfAje5IAiQmTgBiOzEm/?a=6383&ch=10010&cr=3&dr=0&lr=all&cd=0%7C0%7C0%7C3&cv=1&br=217&bt=217&cs=2&ds=3&ft=c2YTctGHQPRUZxfusdr~kwPqYldQIKDEE-TerrNqq_45a&mime_type=video_mp4&qs=15&rc=N2hkPGg1OGQ8ZGc1M2U2O0Bpajc6PG05cjc6dTMzNGkzM0A0L19gYy0yXjIxLTIwNmJhYSNlNmRfMmRjbWFgLS1kLWFzcw%3D%3D&btag=80000e00028000&cquery=100H_100K_100o_101r_100B&dy_q=1760969609&feature_id=c6de0308cacfd993ef282c8e1c646267&l=20251020221329FF810B6B17C3D024C6A3', 'https://v5-dy-o-abtest.zjcdn.com/dad002b8acefe5e8ce636f0cd6eee7da/68f66df5/video/tos/cn/tos-cn-ve-0015c800/oQjiB90zIWzANrbBkrSBfAje5IAiQmTgBiOzEm/?a=6383&ch=10010&cr=3&dr=0&lr=all&cd=0%7C0%7C0%7C3&cv=1&br=217&bt=217&cs=2&ds=3&ft=c2YTctGHQPRUZxfusdr~kwPqYldQIKDEE-TerrNqq_45a&mime_type=video_mp4&qs=15&rc=N2hkPGg1OGQ8ZGc1M2U2O0Bpajc6PG05cjc6dTMzNGkzM0A0L19gYy0yXjIxLTIwNmJhYSNlNmRfMmRjbWFgLS1kLWFzcw%3D%3D&btag=80000e00028000&cquery=101r_100B_100H_100K_100o&dy_q=1760969609&feature_id=c6de0308cacfd993ef282c8e1c646267&l=20251020221329FF810B6B17C3D024C6A3', 'https://www.douyin.com/aweme/v1/play/?video_id=v0d00fg10000crd7p4fog65jb9g794hg&line=0&file_id=d8e39b30520d4a59aa5502fec9ba2e74&sign=d1d0a24a69db283e591b23c55840611b&is_play_url=1&source=PackSourceEnum_PUBLISH'], 'width': 720, 'height': 1280, 'url_key': 'v0d00fg10000crd7p4fog65jb9g794hg_bytevc1_720p_222348', 'data_size': 1679874, 'file_hash': 'd1d0a24a69db283e591b23c55840611b', 'file_cs': 'c:0-51313-36c5'}, 'is_h265': 1, 'is_bytevc1': 1, 'HDR_type': '', 'HDR_bit': '', 'FPS': 30, 'video_extra': '{"PktOffsetMap":"[{\\"time\\": 1, \\"offset\\": 156463}, {\\"time\\": 2, \\"offset\\": 184969}, {\\"time\\": 3, \\"offset\\": 206862}, {\\"time\\": 4, \\"offset\\": 226189}, {\\"time\\": 5, \\"offset\\": 247465}, {\\"time\\": 10, \\"offset\\": 403515}]","format":"mp4","definition":"720p","quality":"adapt_lowest","file_id":"d8e39b30520d4a59aa5502fec9ba2e74","applog_map":{"feature_id":"c6de0308cacfd993ef282c8e1c646267"},"mvmaf":"{\\"mvmaf_sr_v1080\\":97.917,\\"mvmaf_sr_v960\\":99.066,\\"mvmaf_sr_v864\\":99.42,\\"mvmaf_sr_v720\\":99.944,\\"mvmaf_ori_v1080\\":88.237,\\"mvmaf_ori_v960\\":90.269,\\"mvmaf_ori_v864\\":92.021,\\"mvmaf_ori_v720\\":95.008}","audio_channels":"2.0","audio_sample_rate":"44100","audio_metrics":null,"audio_score":null}', 'format': 'mp4'}, {'gear_name': 'adapt_540_1', 'quality_type': 28, 'bit_rate': 201614, 'play_addr': {'uri': 'v0d00fg10000crd7p4fog65jb9g794hg', 'url_list': ['https://v5-dy-o-abtest.zjcdn.com/e6136d50bb2c81e790c4f9f5d98e7092/68f66df5/video/tos/cn/tos-cn-ve-0015c800/og9mJFtAEIfQgF2pnrfyGCRA95M3mDNDAgSnBh/?a=6383&ch=10010&cr=3&dr=0&lr=all&cd=0%7C0%7C0%7C3&cv=1&br=196&bt=196&cs=2&ds=6&ft=c2YTctGHQPRUZxfusdr~kwPqYldQIKDEE-TerrNqq_45a&mime_type=video_mp4&qs=11&rc=ZGc0OmgzZGY8NTplZjY7aEBpajc6PG05cjc6dTMzNGkzM0BhY2A1YTZiXmAxNS0xNS02YSNlNmRfMmRjbWFgLS1kLWFzcw%3D%3D&btag=80000e00028000&cquery=101r_100B_100H_100K_100o&dy_q=1760969609&feature_id=c6de0308cacfd993ef282c8e1c646267&l=20251020221329FF810B6B17C3D024C6A3', 'https://v5-dy-o-abtest.zjcdn.com/e6136d50bb2c81e790c4f9f5d98e7092/68f66df5/video/tos/cn/tos-cn-ve-0015c800/og9mJFtAEIfQgF2pnrfyGCRA95M3mDNDAgSnBh/?a=6383&ch=10010&cr=3&dr=0&lr=all&cd=0%7C0%7C0%7C3&cv=1&br=196&bt=196&cs=2&ds=6&ft=c2YTctGHQPRUZxfusdr~kwPqYldQIKDEE-TerrNqq_45a&mime_type=video_mp4&qs=11&rc=ZGc0OmgzZGY8NTplZjY7aEBpajc6PG05cjc6dTMzNGkzM0BhY2A1YTZiXmAxNS0xNS02YSNlNmRfMmRjbWFgLS1kLWFzcw%3D%3D&btag=80000e00028000&cquery=101r_100B_100H_100K_100o&dy_q=1760969609&feature_id=c6de0308cacfd993ef282c8e1c646267&l=20251020221329FF810B6B17C3D024C6A3', 'https://www.douyin.com/aweme/v1/play/?video_id=v0d00fg10000crd7p4fog65jb9g794hg&line=0&file_id=9e08834c0b8742c9acea90de87c1fdda&sign=f8acc1d371b159f13e558aeaff18243f&is_play_url=1&source=PackSourceEnum_PUBLISH'], 'width': 576, 'height': 1024, 'url_key': 'v0d00fg10000crd7p4fog65jb9g794hg_bytevc1_540p_201614', 'data_size': 1523220, 'file_hash': 'f8acc1d371b159f13e558aeaff18243f', 'file_cs': 'c:0-51313-7681'}, 'is_h265': 1, 'is_bytevc1': 1, 'HDR_type': '', 'HDR_bit': '', 'FPS': 30, 'video_extra': '{"PktOffsetMap":"[{\\"time\\": 1, \\"offset\\": 141462}, {\\"time\\": 2, \\"offset\\": 168293}, {\\"time\\": 3, \\"offset\\": 187651}, {\\"time\\": 4, \\"offset\\": 206645}, {\\"time\\": 5, \\"offset\\": 228694}, {\\"time\\": 10, \\"offset\\": 366574}]","format":"mp4","definition":"540p","quality":"adapt","file_id":"9e08834c0b8742c9acea90de87c1fdda","applog_map":{"feature_id":"c6de0308cacfd993ef282c8e1c646267"},"mvmaf":"{\\"mvmaf_sr_v1080\\":95.815,\\"mvmaf_sr_v960\\":97.372,\\"mvmaf_sr_v864\\":98.635,\\"mvmaf_sr_v720\\":99.394,\\"mvmaf_ori_v1080\\":84.515,\\"mvmaf_ori_v960\\":87.271,\\"mvmaf_ori_v864\\":88.389,\\"mvmaf_ori_v720\\":92.189}","audio_channels":"2.0","audio_sample_rate":"44100","audio_metrics":null,"audio_score":null}', 'format': 'mp4'}, {'gear_name': 'adapt_lowest_1080_1', 'quality_type': 2, 'bit_rate': 202447, 'play_addr': {'uri': 'v0d00fg10000crd7p4fog65jb9g794hg', 'url_list': ['https://v5-dy-o-abtest.zjcdn.com/3883f46b9889c81c7fabd2ebb0db4bc5/68f79545/video/tos/cn/tos-cn-ve-0015c800/oYRYAAAA9fD2AoDmtFHHfJ3MGymAREAgNpnzB0/media-video-hvc1/?a=6383&ch=0&cr=8&dr=0&er=1&lr=default&cd=0%7C0%7C0%7C3&cv=1&br=197&bt=197&cs=4&ds=4&mime_type=video_mp4&qs=15&rc=NDM2NzMzZjNoZ2ZlaTZkNkBpajc6PG05cjc6dTMzNGkzM0AxLmBeNTYwXzMxMGAvLjZiYSNlNmRfMmRjbWFgLS1kLWFzcw%3D%3D&btag=80000e00028000&cquery=101r_100o&dy_q=1760969609&l=20251020221329FF810B6B17C3D024C6A3', 'https://v5-dy-o-abtest.zjcdn.com/3883f46b9889c81c7fabd2ebb0db4bc5/68f79545/video/tos/cn/tos-cn-ve-0015c800/oYRYAAAA9fD2AoDmtFHHfJ3MGymAREAgNpnzB0/media-video-hvc1/?a=6383&ch=0&cr=8&dr=0&er=1&lr=default&cd=0%7C0%7C0%7C3&cv=1&br=197&bt=197&cs=4&ds=4&mime_type=video_mp4&qs=15&rc=NDM2NzMzZjNoZ2ZlaTZkNkBpajc6PG05cjc6dTMzNGkzM0AxLmBeNTYwXzMxMGAvLjZiYSNlNmRfMmRjbWFgLS1kLWFzcw%3D%3D&btag=80000e00028000&cquery=101r_100o&dy_q=1760969609&l=20251020221329FF810B6B17C3D024C6A3', 'https://www.douyin.com/aweme/v1/play/dash/?video_id=v0d00fg10000crd7p4fog65jb9g794hg&line=0&file_id=e39a132fcb3c4d6eb03c9080a4c31041&sign=bb45f4f0031a4a882e6b78688d402302&is_play_url=1&source=PackSourceEnum_PUBLISH'], 'width': 1080, 'height': 1920, 'url_key': 'v0d00fg10000crd7p4fog65jb9g794hg_bytevc1_1080p_202447', 'data_size': 1529307, 'file_hash': 'bb45f4f0031a4a882e6b78688d402302'}, 'is_h265': 1, 'is_bytevc1': 1, 'HDR_type': '', 'HDR_bit': '', 'FPS': 30, 'video_extra': '{"PktOffsetMap":"","format":"dash","sub_info":"{\\"audio_channels\\":\\"2.0\\",\\"audio_layout\\":\\"C\\",\\"audio_sample_rate\\":\\"44100\\",\\"base_range_info\\":{\\"first_moof_range\\":\\"1276-3055\\",\\"index_range\\":\\"1136-1275\\",\\"init_range\\":\\"0-1135\\"},\\"check_info\\":{\\"check_info\\":\\"a:v0d00fg10000crd7p4fog65jb9g794hg|b:0-1275-4aa021d6a72863ca1f0fae251b3c45d5|c:0-1275-844c\\"},\\"gear_des_key\\":\\"0:DASH|1:normal|2:h265_hvc1|4:1080p|5:adapt_lowest|10000:105\\",\\"quality_type\\":2}","definition":"1080p","quality":"adapt_lowest","quality_desc":"","file_id":"e39a132fcb3c4d6eb03c9080a4c31041","real_bitrate":254219,"audio_file_id":"9ac4da8b58d6f31f6f14085ed407220a","applog_map":{"feature_id":"c6de0308cacfd993ef282c8e1c646267"},"mvmaf":"{\\"mvmaf_sr_v1080\\":-1,\\"mvmaf_sr_v960\\":-1,\\"mvmaf_sr_v864\\":-1,\\"mvmaf_sr_v720\\":-1,\\"mvmaf_ori_v1080\\":92.902,\\"mvmaf_ori_v960\\":93.433,\\"mvmaf_ori_v864\\":94.191,\\"mvmaf_ori_v720\\":94.516}","audio_metrics":null,"audio_score":null}', 'format': 'dash'}, {'gear_name': 'adapt_lowest_720_1', 'quality_type': 15, 'bit_rate': 167025, 'play_addr': {'uri': 'v0d00fg10000crd7p4fog65jb9g794hg', 'url_list': ['https://v5-dy-o-abtest.zjcdn.com/72af7866dd59a44dc73f4891c7819fff/68f79545/video/tos/cn/tos-cn-ve-0015c800/oQDXRJg2fARweyHcAD9mMmBG7EANFAAptnAAvm/media-video-hvc1/?a=6383&ch=0&cr=8&dr=0&er=1&lr=default&cd=0%7C0%7C0%7C3&cv=1&br=163&bt=163&cs=4&ds=3&mime_type=video_mp4&qs=15&rc=NGU7NjxlaTU5Omk1NDc0OUBpajc6PG05cjc6dTMzNGkzM0AwLmNjLjRhNi4xMGMyLWBeYSNlNmRfMmRjbWFgLS1kLWFzcw%3D%3D&btag=80000e00028000&cquery=101r_100o&dy_q=1760969609&l=20251020221329FF810B6B17C3D024C6A3', 'https://v5-dy-o-abtest.zjcdn.com/72af7866dd59a44dc73f4891c7819fff/68f79545/video/tos/cn/tos-cn-ve-0015c800/oQDXRJg2fARweyHcAD9mMmBG7EANFAAptnAAvm/media-video-hvc1/?a=6383&ch=0&cr=8&dr=0&er=1&lr=default&cd=0%7C0%7C0%7C3&cv=1&br=163&bt=163&cs=4&ds=3&mime_type=video_mp4&qs=15&rc=NGU7NjxlaTU5Omk1NDc0OUBpajc6PG05cjc6dTMzNGkzM0AwLmNjLjRhNi4xMGMyLWBeYSNlNmRfMmRjbWFgLS1kLWFzcw%3D%3D&btag=80000e00028000&cquery=101r_100o&dy_q=1760969609&l=20251020221329FF810B6B17C3D024C6A3', 'https://www.douyin.com/aweme/v1/play/dash/?video_id=v0d00fg10000crd7p4fog65jb9g794hg&line=0&file_id=a6c10451f23f471692df7b19f3f81b31&sign=59a3fbd1f0a9687e4f1c37fb40bd21a0&is_play_url=1&source=PackSourceEnum_PUBLISH'], 'width': 720, 'height': 1280, 'url_key': 'v0d00fg10000crd7p4fog65jb9g794hg_bytevc1_720p_167025', 'data_size': 1261724, 'file_hash': '59a3fbd1f0a9687e4f1c37fb40bd21a0'}, 'is_h265': 1, 'is_bytevc1': 1, 'HDR_type': '', 'HDR_bit': '', 'FPS': 30, 'video_extra': '{"PktOffsetMap":"","format":"dash","sub_info":"{\\"audio_channels\\":\\"2.0\\",\\"audio_layout\\":\\"C\\",\\"audio_sample_rate\\":\\"44100\\",\\"base_range_info\\":{\\"first_moof_range\\":\\"1276-3055\\",\\"index_range\\":\\"1136-1275\\",\\"init_range\\":\\"0-1135\\"},\\"check_info\\":{\\"check_info\\":\\"a:v0d00fg10000crd7p4fog65jb9g794hg|b:0-1275-9d5f5bb0a7658f28ca8f63ea0653f658|c:0-1275-0313\\"},\\"gear_des_key\\":\\"0:DASH|1:normal|2:h265_hvc1|4:720p|5:adapt_lowest|10000:105\\",\\"quality_type\\":15}","definition":"720p","quality":"adapt_lowest","quality_desc":"","file_id":"a6c10451f23f471692df7b19f3f81b31","real_bitrate":218797,"audio_file_id":"9ac4da8b58d6f31f6f14085ed407220a","applog_map":{"feature_id":"c6de0308cacfd993ef282c8e1c646267"},"mvmaf":"{\\"mvmaf_sr_v1080\\":97.917,\\"mvmaf_sr_v960\\":99.066,\\"mvmaf_sr_v864\\":99.42,\\"mvmaf_sr_v720\\":99.944,\\"mvmaf_ori_v1080\\":88.237,\\"mvmaf_ori_v960\\":90.269,\\"mvmaf_ori_v864\\":92.021,\\"mvmaf_ori_v720\\":95.008}","audio_metrics":null,"audio_score":null}', 'format': 'dash'}, {'gear_name': 'adapt_540_1', 'quality_type': 28, 'bit_rate': 146287, 'play_addr': {'uri': 'v0d00fg10000crd7p4fog65jb9g794hg', 'url_list': ['https://v5-dy-o-abtest.zjcdn.com/e9ff2fecbbfbf86e7f8b1ec6ff4b3068/68f79545/video/tos/cn/tos-cn-ve-0015c800/oYfBr2IAAABiA0gWzSBkNzgnbIA519eWTijADm/media-video-hvc1/?a=6383&ch=0&cr=8&dr=0&er=1&lr=default&cd=0%7C0%7C0%7C3&cv=1&br=142&bt=142&cs=4&ds=6&mime_type=video_mp4&qs=11&rc=Zzk4ZTZlO2k5Njc8Zmg0OEBpajc6PG05cjc6dTMzNGkzM0AxY18vMF40NjAxYy4zXy80YSNlNmRfMmRjbWFgLS1kLWFzcw%3D%3D&btag=80000e00028000&cquery=101r_100o&dy_q=1760969609&l=20251020221329FF810B6B17C3D024C6A3', 'https://v5-dy-o-abtest.zjcdn.com/e9ff2fecbbfbf86e7f8b1ec6ff4b3068/68f79545/video/tos/cn/tos-cn-ve-0015c800/oYfBr2IAAABiA0gWzSBkNzgnbIA519eWTijADm/media-video-hvc1/?a=6383&ch=0&cr=8&dr=0&er=1&lr=default&cd=0%7C0%7C0%7C3&cv=1&br=142&bt=142&cs=4&ds=6&mime_type=video_mp4&qs=11&rc=Zzk4ZTZlO2k5Njc8Zmg0OEBpajc6PG05cjc6dTMzNGkzM0AxY18vMF40NjAxYy4zXy80YSNlNmRfMmRjbWFgLS1kLWFzcw%3D%3D&btag=80000e00028000&cquery=101r_100o&dy_q=1760969609&l=20251020221329FF810B6B17C3D024C6A3', 'https://www.douyin.com/aweme/v1/play/dash/?video_id=v0d00fg10000crd7p4fog65jb9g794hg&line=0&file_id=7521be6c19f443369f78ab332bb5f64d&sign=268a10a42867d5130e6d266aa132adc6&is_play_url=1&source=PackSourceEnum_PUBLISH'], 'width': 576, 'height': 1024, 'url_key': 'v0d00fg10000crd7p4fog65jb9g794hg_bytevc1_540p_146287', 'data_size': 1105070, 'file_hash': '268a10a42867d5130e6d266aa132adc6'}, 'is_h265': 1, 'is_bytevc1': 1, 'HDR_type': '', 'HDR_bit': '', 'FPS': 30, 'video_extra': '{"PktOffsetMap":"","format":"dash","sub_info":"{\\"audio_channels\\":\\"2.0\\",\\"audio_layout\\":\\"C\\",\\"audio_sample_rate\\":\\"44100\\",\\"base_range_info\\":{\\"first_moof_range\\":\\"1276-3055\\",\\"index_range\\":\\"1136-1275\\",\\"init_range\\":\\"0-1135\\"},\\"check_info\\":{\\"check_info\\":\\"a:v0d00fg10000crd7p4fog65jb9g794hg|b:0-1275-5fa62a6b714c12ed215187940aedaa36|c:0-1275-3355\\"},\\"gear_des_key\\":\\"0:DASH|1:normal|2:h265_hvc1|4:540p|5:adapt|10000:105\\",\\"quality_type\\":28}","definition":"540p","quality":"adapt","quality_desc":"","file_id":"7521be6c19f443369f78ab332bb5f64d","real_bitrate":201614,"audio_file_id":"9ac4da8b58d6f31f6f14085ed407220a","applog_map":{"feature_id":"c6de0308cacfd993ef282c8e1c646267"},"mvmaf":"{\\"mvmaf_sr_v1080\\":95.815,\\"mvmaf_sr_v960\\":97.372,\\"mvmaf_sr_v864\\":98.635,\\"mvmaf_sr_v720\\":99.394,\\"mvmaf_ori_v1080\\":84.515,\\"mvmaf_ori_v960\\":87.271,\\"mvmaf_ori_v864\\":88.389,\\"mvmaf_ori_v720\\":92.189}","audio_metrics":null,"audio_score":null}', 'format': 'dash'}], 'duration': 60441, 'play_addr_265': {'uri': 'v0d00fg10000crd7p4fog65jb9g794hg', 'url_list': ['https://v5-dy-o-abtest.zjcdn.com/e6136d50bb2c81e790c4f9f5d98e7092/68f66df5/video/tos/cn/tos-cn-ve-0015c800/og9mJFtAEIfQgF2pnrfyGCRA95M3mDNDAgSnBh/?a=6383&ch=10010&cr=3&dr=0&lr=all&cd=0%7C0%7C0%7C3&cv=1&br=196&bt=196&cs=2&ds=6&ft=c2YTctGHQPRUZxfusdr~kwPqYldQIKDEE-TerrNqq_45a&mime_type=video_mp4&qs=11&rc=ZGc0OmgzZGY8NTplZjY7aEBpajc6PG05cjc6dTMzNGkzM0BhY2A1YTZiXmAxNS0xNS02YSNlNmRfMmRjbWFgLS1kLWFzcw%3D%3D&btag=80000e00028000&cquery=101r_100B_100H_100K_100o&dy_q=1760969609&feature_id=c6de0308cacfd993ef282c8e1c646267&l=20251020221329FF810B6B17C3D024C6A3', 'https://v5-dy-o-abtest.zjcdn.com/e6136d50bb2c81e790c4f9f5d98e7092/68f66df5/video/tos/cn/tos-cn-ve-0015c800/og9mJFtAEIfQgF2pnrfyGCRA95M3mDNDAgSnBh/?a=6383&ch=10010&cr=3&dr=0&lr=all&cd=0%7C0%7C0%7C3&cv=1&br=196&bt=196&cs=2&ds=6&ft=c2YTctGHQPRUZxfusdr~kwPqYldQIKDEE-TerrNqq_45a&mime_type=video_mp4&qs=11&rc=ZGc0OmgzZGY8NTplZjY7aEBpajc6PG05cjc6dTMzNGkzM0BhY2A1YTZiXmAxNS0xNS02YSNlNmRfMmRjbWFgLS1kLWFzcw%3D%3D&btag=80000e00028000&cquery=101r_100B_100H_100K_100o&dy_q=1760969609&feature_id=c6de0308cacfd993ef282c8e1c646267&l=20251020221329FF810B6B17C3D024C6A3', 'https://www.douyin.com/aweme/v1/play/?video_id=v0d00fg10000crd7p4fog65jb9g794hg&line=0&file_id=9e08834c0b8742c9acea90de87c1fdda&sign=f8acc1d371b159f13e558aeaff18243f&is_play_url=1&source=PackSourceEnum_PUBLISH'], 'width': 576, 'height': 1024, 'url_key': 'v0d00fg10000crd7p4fog65jb9g794hg_bytevc1_540p_201614', 'data_size': 1523220, 'file_hash': 'f8acc1d371b159f13e558aeaff18243f', 'file_cs': 'c:0-51313-7681'}, 'bit_rate_audio': [{'audio_meta': {'url_list': {'main_url': 'https://v5-dy-o-abtest.zjcdn.com/b4b34a9fa2dec6b1bcfbc499a4bdc616/68f79545/video/tos/cn/tos-cn-ve-0015c800/oYfBr2IAAABiA0gWzSBkNzgnbIA519eWTijADm/media-audio-und-mp4a/?a=6383&ch=0&cr=8&dr=0&er=1&lr=default&cd=0%7C0%7C0%7C3&cv=1&br=50&bt=50&cs=4&mime_type=video_mp4&qs=11&rc=ZDU6N2g7N2lpNjk7ZWQ3ZEBpajc6PG05cjc6dTMzNGkzM0AtLy1hMi0uMy5jYTI1YWA2YSNlNmRfMmRjbWFgLS1kLWFzcw%3D%3D&btag=80000e00028000&cquery=101r_100o&dy_q=1760969609&l=20251020221329FF810B6B17C3D024C6A3', 'backup_url': 'https://v5-dy-o-abtest.zjcdn.com/b4b34a9fa2dec6b1bcfbc499a4bdc616/68f79545/video/tos/cn/tos-cn-ve-0015c800/oYfBr2IAAABiA0gWzSBkNzgnbIA519eWTijADm/media-audio-und-mp4a/?a=6383&ch=0&cr=8&dr=0&er=1&lr=default&cd=0%7C0%7C0%7C3&cv=1&br=50&bt=50&cs=4&mime_type=video_mp4&qs=11&rc=ZDU6N2g7N2lpNjk7ZWQ3ZEBpajc6PG05cjc6dTMzNGkzM0AtLy1hMi0uMy5jYTI1YWA2YSNlNmRfMmRjbWFgLS1kLWFzcw%3D%3D&btag=80000e00028000&cquery=101r_100o&dy_q=1760969609&l=20251020221329FF810B6B17C3D024C6A3', 'fallback_url': 'https://www.douyin.com/aweme/v1/play/dash/?video_id=v0d00fg10000crd7p4fog65jb9g794hg&line=0&file_id=9ac4da8b58d6f31f6f14085ed407220a&sign=9ac4da8b58d6f31f6f14085ed407220a&is_play_url=1&source=PackSourceEnum_PUBLISH'}, 'encoded_type': 'normal', 'media_type': 'audio', 'logo_type': '', 'quality': 'adapt', 'quality_desc': '', 'format': 'dash', 'bitrate': 51772, 'codec_type': 'bytevc1', 'size': 391135, 'fps': 0, 'file_id': '9ac4da8b58d6f31f6f14085ed407220a', 'file_hash': '9ac4da8b58d6f31f6f14085ed407220a', 'sub_info': '{"audio_channels":"2.0","audio_layout":"C","audio_sample_rate":"44100","base_range_info":{"index_range":"866-1017","init_range":"0-865"},"check_info":{"check_info":"a:v0d00fg10000crd7p4fog65jb9g794hg|b:0-1017-4f86dc0ee0334b6473435fe81e3ceed0|c:0-1017-3671"},"gear_des_key":"0:dash|1:normal|2:bytevc1|5:adapt|10000:105"}'}, 'audio_quality': 5, 'audio_extra': '{"real_bitrate":201614}'}], 'play_addr_h264': {'uri': 'v0d00fg10000crd7p4fog65jb9g794hg', 'url_list': ['https://v5-dy-o-abtest.zjcdn.com/cebb9d3a94a6b746ccbacbbe315d85f7/68f66df5/video/tos/cn/tos-cn-ve-0015c800/oAgUpNSBeCPQZA7YNHRAdLIBkeGLStAKaeMjZa/?a=6383&ch=10010&cr=3&dr=0&lr=all&cd=0%7C0%7C0%7C3&cv=1&br=552&bt=552&cs=0&ds=3&ft=c2YTctGHQPRUZxfusdr~kwPqYldQIKDEE-TerrNqq_45a&mime_type=video_mp4&qs=0&rc=OzUzZzQ2O2Y2aTdkaTs6OUBpajc6PG05cjc6dTMzNGkzM0A1XzJgYTYxNS8xYWFfXjEtYSNlNmRfMmRjbWFgLS1kLWFzcw%3D%3D&btag=80000e00028000&cquery=101r_100B_100H_100K_100o&dy_q=1760969609&feature_id=aa7df520beeae8e397df15f38df0454c&l=20251020221329FF810B6B17C3D024C6A3', 'https://v5-dy-o-abtest.zjcdn.com/cebb9d3a94a6b746ccbacbbe315d85f7/68f66df5/video/tos/cn/tos-cn-ve-0015c800/oAgUpNSBeCPQZA7YNHRAdLIBkeGLStAKaeMjZa/?a=6383&ch=10010&cr=3&dr=0&lr=all&cd=0%7C0%7C0%7C3&cv=1&br=552&bt=552&cs=0&ds=3&ft=c2YTctGHQPRUZxfusdr~kwPqYldQIKDEE-TerrNqq_45a&mime_type=video_mp4&qs=0&rc=OzUzZzQ2O2Y2aTdkaTs6OUBpajc6PG05cjc6dTMzNGkzM0A1XzJgYTYxNS8xYWFfXjEtYSNlNmRfMmRjbWFgLS1kLWFzcw%3D%3D&btag=80000e00028000&cquery=101r_100B_100H_100K_100o&dy_q=1760969609&feature_id=aa7df520beeae8e397df15f38df0454c&l=20251020221329FF810B6B17C3D024C6A3', 'https://www.douyin.com/aweme/v1/play/?video_id=v0d00fg10000crd7p4fog65jb9g794hg&line=0&file_id=0647a8bfdad44f238c4893d1cd50b288&sign=284fe4ca5dd86a8d03fd5dd2e641554e&is_play_url=1&source=PackSourceEnum_PUBLISH'], 'width': 720, 'height': 1280, 'url_key': 'v0d00fg10000crd7p4fog65jb9g794hg_h264_720p_566253', 'data_size': 4278119, 'file_hash': '284fe4ca5dd86a8d03fd5dd2e641554e', 'file_cs': 'c:0-67077-d25e'}, 'raw_cover': {'uri': 'tos-cn-i-dy/5e83244abb184d5fb00f75145a64da23', 'url_list': ['https://p3-pc-sign.douyinpic.com/tos-cn-i-dy/5e83244abb184d5fb00f75145a64da23~tplv-dy-cropcenter:323:430.jpeg?lk3s=138a59ce&x-expires=2076328800&x-signature=Ce2%2BgWey94rSZZVHw9RMpJhvM8M%3D&from=327834062&s=PackSourceEnum_PUBLISH&se=true&sh=323_430&sc=cover&biz_tag=pcweb_cover&l=20251020221329FF810B6B17C3D024C6A3', 'https://p3-pc-sign.douyinpic.com/obj/tos-cn-i-dy/5e83244abb184d5fb00f75145a64da23?lk3s=138a59ce&x-expires=2076328800&x-signature=HxaVEC%2F8dBwHJSOXYrljKtUpMTI%3D&from=327834062&s=PackSourceEnum_PUBLISH&se=false&sc=cover&biz_tag=pcweb_cover&l=20251020221329FF810B6B17C3D024C6A3'], 'width': 720, 'height': 720}, 'animated_cover': {'uri': 'tos-cn-i-dy/5e83244abb184d5fb00f75145a64da23', 'url_list': ['https://p3-pc-sign.douyinpic.com/obj/tos-cn-i-dy/5e83244abb184d5fb00f75145a64da23?lk3s=138a59ce&x-expires=1762178400&x-signature=luz%2BroPnHYMv%2BMPCfdM8GCgTiFY%3D&from=327834062_large&s=PackSourceEnum_PUBLISH&se=false&sc=dynamic_cover&biz_tag=pcweb_cover&l=20251020221329FF810B6B17C3D024C6A3', 'https://p9-pc-sign.douyinpic.com/obj/tos-cn-i-dy/5e83244abb184d5fb00f75145a64da23?lk3s=138a59ce&x-expires=1762178400&x-signature=ztk60J%2Bmzj9FROZ3bVtK0EDmRq0%3D&from=327834062_large&s=PackSourceEnum_PUBLISH&se=false&sc=dynamic_cover&biz_tag=pcweb_cover&l=20251020221329FF810B6B17C3D024C6A3']}, 'gaussian_cover': {'uri': 'tos-cn-p-0015/oMxuDeSYGB9NLNHBjpIePegWtCagaMSANh7bkA', 'url_list': ['https://p3-pc-sign.douyinpic.com/tos-cn-p-0015/oMxuDeSYGB9NLNHBjpIePegWtCagaMSANh7bkA~tplv-tsj2vxp0zn-gaosi:40.jpeg?lk3s=138a59ce&x-expires=1792504800&x-signature=8R89RDrI005z9jMm5qD%2FL03QD6Q%3D&from=327834062', 'https://p9-pc-sign.douyinpic.com/tos-cn-p-0015/oMxuDeSYGB9NLNHBjpIePegWtCagaMSANh7bkA~tplv-tsj2vxp0zn-gaosi:40.jpeg?lk3s=138a59ce&x-expires=1792504800&x-signature=PwAu5oQ1GS6xuM9xn4LzhBwNyOk%3D&from=327834062'], 'width': 720, 'height': 720}, 'meta': '{"enable_manual_ladder":"1","format":"mp4","gear_vqm":"{\\"1080p_720p\\":0,\\"720p_540p\\":1}","hrids":"500000002","is_spatial_video":"0","isad":"0","loudness":"-25.2","peak":"0.63096","qprf":"1.000","sdgs":"[\\"normal_720_0\\",\\"low_720_0\\",\\"low_540_0\\",\\"adapt_low_540_0\\",\\"adapt_lowest_1080_1\\",\\"adapt_lowest_720_1\\",\\"adapt_540_1\\"]","sr_potential":"{\\"v1.0\\":{\\"score\\":46.633}}","sr_score":"1.000","strategy_tokens":"[\\"online\\",\\"strategy_iteration_ab02_0809\\",\\"strategy_iteration_ab01_0809\\"]","title_info":"{\\"bottom_res_add\\":[6,8.5,41.54,63.22,45.5,56.64,57.68,12.55,1.4,2.82,0.73,0.36,0.64,0.09,0],\\"bullet_zone\\":14.68,\\"progress_bar\\":[37.58,37.76,37.94],\\"ratio_br_l\\":[0,0,0,0,0,0],\\"ratio_edge_l\\":[0.28,0.44,0.57,0.66,0.68,0.66],\\"top_res_add\\":[0,0,4.64,76.73,68.55,3.36,37.91],\\"version\\":\\"v1.0\\"}","volume_info":"{\\"LoudnessRange\\":8.7,\\"LoudnessRangeStart\\":-32,\\"Metrics\\":{\\"Loudness\\":{\\"Integrated\\":-25.233},\\"Phase\\":{\\"RMSDownmixDiff\\":-0.253},\\"RMSStats\\":{\\"LRDiff\\":0.012,\\"LTotal\\":-30.042,\\"Peak\\":-3.985,\\"RTotal\\":-30.055},\\"Version\\":\\"1.4.2\\"},\\"Version\\":2,\\"Loudness\\":-25.2,\\"LoudnessRangeEnd\\":-23.3,\\"MaximumMomentaryLoudness\\":-11.7,\\"MaximumShortTermLoudness\\":-19,\\"Peak\\":0.63096}","vqs_origin":"77.81"}', 'video_model': '', 'is_source_HDR': 0, 'use_static_cover': True, 'big_thumbs': [{'img_num': 60, 'uri': 'tos-cn-p-0015/oYNjaj0ajCSgPAL7NBSgYMHPZtBHAaeeQkfGIM', 'img_url': 'https://p3-sign.douyinpic.com/tos-cn-p-0015/oYNjaj0ajCSgPAL7NBSgYMHPZtBHAaeeQkfGIM~tplv-noop.image?cquery=100K_100o_101r_100B_100H&dy_q=1760969609&l=20251020221329FF810B6B17C3D024C6A3&x-expires=1760980469&x-signature=op3PRHFgy1vHe0%2B%2BZ47S0bi0B4Q%3D', 'img_x_size': 136, 'img_y_size': 240, 'img_x_len': 5, 'img_y_len': 5, 'duration': 60.433334, 'interval': 1, 'fext': 'jpg', 'uris': ['tos-cn-p-0015/oYNjaj0ajCSgPAL7NBSgYMHPZtBHAaeeQkfGIM', 'tos-cn-p-0015/owoyQNGtRDAMfMnOnnFmA9mHWApgJBq2QDfu0E', 'tos-cn-p-0015/o4J0RtyEzM9DDQNQMBFmAf2DgGN0PArMfn2Apm'], 'img_urls': ['https://p3-sign.douyinpic.com/tos-cn-p-0015/oYNjaj0ajCSgPAL7NBSgYMHPZtBHAaeeQkfGIM~tplv-noop.image?cquery=100K_100o_101r_100B_100H&dy_q=1760969609&l=20251020221329FF810B6B17C3D024C6A3&x-expires=1760980469&x-signature=op3PRHFgy1vHe0%2B%2BZ47S0bi0B4Q%3D', 'https://p3-sign.douyinpic.com/tos-cn-p-0015/owoyQNGtRDAMfMnOnnFmA9mHWApgJBq2QDfu0E~tplv-noop.image?cquery=101r_100B_100H_100K_100o&dy_q=1760969609&l=20251020221329FF810B6B17C3D024C6A3&x-expires=1760980469&x-signature=hu44Yr7NRHacf3rC8dDwCcZbuhE%3D', 'https://p3-sign.douyinpic.com/tos-cn-p-0015/o4J0RtyEzM9DDQNQMBFmAf2DgGN0PArMfn2Apm~tplv-noop.image?cquery=101r_100B_100H_100K_100o&dy_q=1760969609&l=20251020221329FF810B6B17C3D024C6A3&x-expires=1760980469&x-signature=%2FwtwCP0RwfWhIYxVxCBIR0WE0qA%3D']}]}, 'item_aigc_follow_shot': 1, 'user_digged': 0, 'statistics': {'recommend_count': 2, 'comment_count': 4, 'digg_count': 75, 'admire_count': 0, 'play_count': 0, 'share_count': 12, 'collect_count': 29}, 'status': {'not_allow_soft_del_reason': 'ab', 'is_delete': False, 'allow_share': True, 'review_result': {'review_status': 0}, 'allow_friend_recommend_guide': True, 'part_see': 0, 'private_status': 0, 'listen_video_status': 2, 'in_reviewing': False, 'allow_self_recommend_to_friend': True, 'allow_friend_recommend': True, 'is_prohibited': False, 'enable_soft_delete': 0}, 'flash_mob_trends': 0, 'text_extra': [{'start': 20, 'end': 25, 'type': 1, 'hashtag_name': '父母课堂', 'hashtag_id': '1600624540786695', 'is_commerce': False, 'caption_start': 20, 'caption_end': 25}, {'start': 27, 'end': 32, 'type': 1, 'hashtag_name': '幼儿教育', 'hashtag_id': '1591352385275918', 'is_commerce': False, 'caption_start': 27, 'caption_end': 32}, {'start': 34, 'end': 39, 'type': 1, 'hashtag_name': '亲子关系', 'hashtag_id': '1595199377513476', 'is_commerce': False, 'caption_start': 34, 'caption_end': 39}, {'start': 41, 'end': 44, 'type': 1, 'hashtag_name': '育儿', 'hashtag_id': '1767586940916743', 'is_commerce': False, 'caption_start': 41, 'caption_end': 44}, {'start': 46, 'end': 51, 'type': 1, 'hashtag_name': '家庭教育', 'hashtag_id': '1767586804947975', 'is_commerce': False, 'caption_start': 46, 'caption_end': 51}], 'is_top': 0, 'mv_info': None, 'share_info': {'share_url': 'https://www.iesdouyin.com/share/video/7411373144050519296/?region=US&mid=7411373185435716402&u_code=0&did=MS4wLjABAAAAvCMmrvAxedjvycgJ9K0iX5KdtDHpyq-etIWoeicy6xniB0XMxRYv3S-CyP_GdsPs&iid=MS4wLjABAAAANwkJuWIRFOzg5uCpDRpMj4OX-QryoDgn-yYlXQnRwQQ&with_sec_did=1&video_share_track_ver=&titleType=title&share_sign=di0ew0mDY8JiZ8A21M.CN6X.n05VgOidBfbzOd8mO6o-&share_version=290100&ts=1760969609&from_aid=6383&from_ssr=1&share_track_info=%7B%22link_description_type%22%3A%22%22%7D', 'share_link_desc': '7.12 nqe:/ L@W.mQ 04/22 为什么要在十五年前创作《完整的成长》？ # 父母课堂 # 幼儿教育 # 亲子关系 # 育儿 # 家庭教育  %s 复制此链接，打开Dou音搜索，直接观看视频！'}, 'caption_template_id': 0, 'video_labels': None, 'shoot_way': '', 'is_ads': False, 'duration': 60441, 'aweme_type': 0, 'is_new_text_mode': 0, 'ai_follow_images': None, 'image_infos': None, 'risk_infos': {'vote': False, 'warn': False, 'risk_sink': False, 'type': 0, 'content': ''}, 'entertainment_video_type': 3, 'chapter_bar_color': None, 'position': None, 'uniqid_position': None, 'comment_list': None, 'author_user_id': 1965574329213736, 'product_genre_info': {'product_genre_type': 2, 'material_genre_sub_type_set': [4], 'special_info': {'recommend_group_name': 0}}, 'geofencing': [], 'is_from_ad_auth': False, 'is_moment_story': 0, 'region': '', 'video_text': None, 'video_share_edit_status': 0, 'collect_stat': 0, 'label_top_text': None, 'promotions': [], 'group_id': '7411373144050519296', 'prevent_download': False, 'nickname_position': None, 'challenge_position': None, 'trends_event_track': '{}', 'enable_comment_sticker_rec': False, 'mark_largely_following': False, 'long_video': None, 'aweme_listen_struct': {'trace_info': '{"copyright_not_speech":"false","copyright_reason":"has_listen_cp_new","copyright_tag_hit":"","copyright_use_aed_default":"false","copyright_use_tag_default":"false","cp_ab":"true","desc":"","duration_over":"false","hit_high_risk":"false","media_type":"4","reason":"hit_ab_0","show":"false"}'}, 'component_control': {'data_source_url': '/aweme/v1/web/aweme/post/'}, 'friend_recommend_info': {'friend_recommend_source': 10, 'label_user_list': None, 'disable_friend_recommend_guide_label': False}, 'nearby_hot_comment': None, 'interaction_stickers': None, 'can_cache_to_local': True, 'origin_comment_ids': None, 'commerce_config_data': None, 'douplus_user_type': 0, 'video_control': {'allow_download': False, 'share_type': 0, 'show_progress_bar': 1, 'draft_progress_bar': 1, 'allow_duet': True, 'allow_react': True, 'prevent_download_type': 2, 'allow_dynamic_wallpaper': False, 'timer_status': 1, 'allow_music': True, 'allow_stitch': True, 'allow_douplus': True, 'allow_share': True, 'share_grayed': False, 'download_ignore_visibility': False, 'duet_ignore_visibility': False, 'share_ignore_visibility': False, 'download_info': {'level': 1, 'fail_info': {'code': 290002, 'reason': 'isolation_content', 'msg': '视频暂时无法保存，链接已复制'}}, 'duet_info': {'level': 0}, 'allow_record': True, 'disable_record_reason': '', 'timer_info': {}}, 'aweme_control': {'can_forward': True, 'can_share': True, 'can_comment': True, 'can_show_comment': True}, 'interest_points': None, 'is_25_story': 0, 'aweme_type_tags': '', 'entertainment_video_paid_way': {'paid_ways': [], 'paid_type': 0, 'enable_use_new_ent_data': False}, 'anchors': None, 'hybrid_label': None, 'geofencing_regions': None, 'select_anchor_expanded_content': 0, 'aweme_acl': {'download_mask_panel': {'code': 1, 'show_type': 0}}, 'ent_log_extra': {'log_extra': '{"global_log_extra":null,"page_log_extra":null,"aweme_log_extra":{"ce_current_group_id":"7411373144050519296","author_id":"1965574329213736"},"extra_log_extra":null}'}, 'is_story': 0, 'publish_plus_alienation': {'alienation_type': 0}, 'trends_infos': None, 'follow_shot_assets': None, 'cover_labels': None, 'series_basic_info': {}, 'origin_duet_resource_uri': '', 'guide_btn_type': 0, 'cf_assets_type': 0, 'personal_page_botton_diagnose_style': 0, 'images': None, 'relation_labels': None, 'is_moment_history': 0, 'impression_data': {'group_id_list_a': [], 'group_id_list_b': [], 'similar_id_list_a': None, 'similar_id_list_b': None, 'group_id_list_c': [], 'group_id_list_d': []}, 'game_tag_info': {'is_game': False}, 'is_24_story': 0, 'libfinsert_task_id': '', 'social_tag_list': None, 'suggest_words': {'suggest_words': [{'words': [{'word': '完整的成长', 'word_id': '6583108023277884680', 'info': '{"End":0,"Start":0,"ecpm_boost_tag":false,"log_pb":"","qrec_for_search":"{}"}'}, {'word': '孙瑞雪', 'word_id': '6574011292313507076', 'info': '{"End":0,"Start":0,"ecpm_boost_tag":false,"log_pb":"","qrec_for_search":"{}"}'}], 'scene': 'comment_top_rec', 'icon_url': '', 'hint_text': '大家都在搜：', 'extra_info': '{"resp_from":"hit_cache"}'}, {'words': [{'word': '完整的成长', 'word_id': '6583108023277884680', 'info': '{"End":0,"Start":0,"ecpm_boost_tag":false,"log_pb":"","qrec_for_search":"{}"}'}], 'scene': 'detail_inbox_rex', 'icon_url': '', 'hint_text': '', 'extra_info': '{"resp_from":"hit_cache"}'}]}, 'show_follow_button': {}, 'duet_aggregate_in_music_tab': False, 'is_duet_sing': False, 'comment_permission_info': {'comment_permission_status': 0, 'can_comment': True, 'item_detail_entry': False, 'press_entry': False, 'toast_guide': False}, 'original_images': None, 'series_paid_info': {'series_paid_status': 0, 'item_price': 0}, 'img_bitrate': None, 'comment_gid': 7411373144050519296, 'image_album_music_info': {'begin_time': -1, 'end_time': -1, 'volume': -1}, 'video_tag': [{'tag_id': 2024, 'tag_name': '亲子', 'level': 1}, {'tag_id': 2024006, 'tag_name': '母婴', 'level': 2}, {'tag_id': 2024006003, 'tag_name': '育儿知识', 'level': 3}], 'is_collects_selected': 0, 'chapter_list': None, 'feed_comment_config': {'input_config_text': '善语结善缘，恶言伤人心', 'author_audit_status': 0, 'common_flags': '{"hashtag":"[{\\"name\\":\\"亲子关系\\",\\"id\\":1595199377513476},{\\"name\\":\\"育儿\\",\\"id\\":1767586940916743},{\\"name\\":\\"家庭教育\\",\\"id\\":1767586804947975},{\\"name\\":\\"父母课堂\\",\\"id\\":1600624540786695},{\\"name\\":\\"幼儿教育\\",\\"id\\":1591352385275918}]","item_author_nickname":"孙瑞雪聊教育","video_labels_v2_tag1":"母婴","video_labels_v2_tag2":"育儿理念"}'}, 'is_image_beat': False, 'dislike_dimension_list': None, 'standard_bar_info_list': None, 'photo_search_entrance': {'ecom_type': 0}, 'is_life_item': False, 'image_list': None, 'component_info_v2': '{"desc_lines_limit":0,"hide_marquee":false}', 'item_warn_notification': {'type': 0, 'show': False, 'content': ''}, 'origin_text_extra': None, 'disable_relation_bar': 0, 'packed_clips': None, 'author_mask_tag': 0, 'user_recommend_status': 1, 'collection_corner_mark': 0, 'is_share_post': False, 'image_comment': {}, 'visual_search_info': {'is_show_img_entrance': False, 'is_ecom_img': False, 'is_high_accuracy_ecom': False, 'is_high_recall_ecom': False}, 'tts_id_list': None, 'ref_tts_id_list': None, 'voice_modify_id_list': None, 'ref_voice_modify_id_list': None, 'authentication_token': 'MS4wLjAAAAAAA92_IlP3Nk2cUtXpszGO1LyfLPh-CuScuA3ZFnLMT9CevG8ZO53R793WgBG2CduOgEu-lX5Hpd-Aa1XbU-7tmg-igLqO6p0uz5UZ0X2uUFzuR0vKgzmUNl9Lb85Nzz0_QzRB1LctYXdsSxpOQDhQ_mq2kR9TbKJW8irVfhVjF-LLgwF8skEoFutsPg5iADhY_5DkGL2Mz-R1SArJWdnDR1298dWArUywDoYn6g7gMBUUGFwZaZBPAfsB4mEfzjw0', 'video_game_data_channel_config': {}, 'dislike_dimension_list_v2': None, 'distribute_circle': {'distribute_type': 0, 'campus_block_interaction': False, 'is_campus': False}, 'image_crop_ctrl': 0, 'yumme_recreason': None, 'slides_music_beats': None, 'jump_tab_info_list': None, 'media_type': 4, 'reply_smart_emojis': None, 'activity_video_type': -1, 'boost_status': 0, 'create_scale_type': None, 'entertainment_product_info': {'sub_title': None, 'market_info': {'limit_free': {'in_free': False}, 'marketing_tag': None}}, 'caption': '为什么要在十五年前创作《完整的成长》？ #父母课堂  #幼儿教育  #亲子关系  #育儿  #家庭教育', 'item_title': '', 'is_use_music': False, 'original': 0, 'xigua_base_info': {'status': 0, 'star_altar_order_id': 0, 'star_altar_type': 0, 'item_id': 0}}, {'aweme_id': '7411372871798230287', 'desc': '如何降低儿童未来的人生成本？ #父母课堂  #幼儿教育  #亲子关系  #育儿', 'create_time': 1726566901, 'author': {'uid': '1965574329213736', 'card_entries_not_display': None, 'nickname': '孙瑞雪聊教育', 'personal_tag_list': None, 'homepage_bottom_toast': None, 'avatar_thumb': {'uri': '100x100/aweme-avatar/tos-cn-avt-0015_afee5b125df955a19af4c41159ad1295', 'url_list': ['https://p3-pc.douyinpic.com/aweme/100x100/aweme-avatar/tos-cn-avt-0015_afee5b125df955a19af4c41159ad1295.jpeg?from=327834062'], 'width': 720, 'height': 720}, 'batch_unfollow_contain_tabs': None, 'not_seen_item_id_list': None, 'follow_status': 0, 'contrail_list': None, 'story_interactive': 0, 'data_label_list': None, 'custom_verify': '', 'follower_list_secondary_information_struct': None, 'display_info': None, 'interest_tags': None, 'account_cert_info': '{}', 'user_tags': None, 'share_info': {'share_url': '', 'share_weibo_desc': '', 'share_desc': '', 'share_title': '', 'share_qrcode_url': {'uri': '31b0500316c4e154852bc', 'url_list': ['https://p3-pc-sign.douyinpic.com/obj/31b0500316c4e154852bc?lk3s=138a59ce&x-expires=1760990400&x-signature=VnOegD8kfOkclbkCT%2BIUAVSkQl4%3D&from=327834062'], 'width': 720, 'height': 720}, 'share_title_myself': '', 'share_title_other': '', 'share_desc_info': ''}, 'can_set_geofencing': None, 'sec_uid': 'MS4wLjABAAAAnAFnkWlOm9jteymsi42fanYLMzfbqdGIwCILEUqDNmFyjfK9N8fSJdS_D2UWk_we', 'need_points': None, 'enterprise_verify_reason': '', 'is_ad_fake': False, 'story_ttl': 0, 'user_permissions': None, 'card_entries': None, 'creator_tag_list': None, 'offline_info_list': None, 'text_extra': None, 'card_sort_priority': None, 'prevent_download': False, 'special_people_labels': None, 'white_cover_url': None, 'endorsement_info_list': None, 'follower_status': 0, 'profile_mob_params': None, 'familiar_visitor_user': None, 'avatar_schema_list': None, 'cover_url': [{'uri': 'c8510002be9a3a61aad2', 'url_list': ['https://p3-pc-sign.douyinpic.com/obj/c8510002be9a3a61aad2?lk3s=138a59ce&x-expires=1762178400&x-signature=bEz6E0nbTH1458RtDsUU87G74Mk%3D&from=327834062'], 'width': 720, 'height': 720}], 'cf_list': None, 'im_role_ids': None, 'not_seen_item_id_list_v2': None, 'signature_extra': None, 'risk_notice_text': '', 'ban_user_functions': None, 'profile_component_disabled': None, 'verification_permission_ids': None, 'identity_labels': None, 'private_relation_list': None, 'link_item_list': None, 'batch_unfollow_relation_desc': None}, 'music': {'id': 7411372903796656923, 'id_str': '7411372903796656923', 'title': '@孙瑞雪聊教育创作的原声', 'author': '孙瑞雪聊教育', 'album': '', 'cover_hd': {'uri': '1080x1080/aweme-avatar/tos-cn-avt-0015_afee5b125df955a19af4c41159ad1295', 'url_list': ['https://p3-pc.douyinpic.com/aweme/1080x1080/aweme-avatar/tos-cn-avt-0015_afee5b125df955a19af4c41159ad1295.jpeg?from=327834062'], 'width': 720, 'height': 720}, 'cover_large': {'uri': '1080x1080/aweme-avatar/tos-cn-avt-0015_afee5b125df955a19af4c41159ad1295', 'url_list': ['https://p3-pc.douyinpic.com/aweme/1080x1080/aweme-avatar/tos-cn-avt-0015_afee5b125df955a19af4c41159ad1295.jpeg?from=327834062'], 'width': 720, 'height': 720}, 'cover_medium': {'uri': '720x720/aweme-avatar/tos-cn-avt-0015_afee5b125df955a19af4c41159ad1295', 'url_list': ['https://p3-pc.douyinpic.com/aweme/720x720/aweme-avatar/tos-cn-avt-0015_afee5b125df955a19af4c41159ad1295.jpeg?from=327834062'], 'width': 720, 'height': 720}, 'cover_thumb': {'uri': '100x100/aweme-avatar/tos-cn-avt-0015_afee5b125df955a19af4c41159ad1295', 'url_list': ['https://p3-pc.douyinpic.com/aweme/100x100/aweme-avatar/tos-cn-avt-0015_afee5b125df955a19af4c41159ad1295.jpeg?from=327834062'], 'width': 720, 'height': 720}, 'play_url': {'uri': 'https://lf26-music-east.douyinstatic.com/obj/ies-music-hj/7411373017554537273.mp3', 'url_list': ['https://lf26-music-east.douyinstatic.com/obj/ies-music-hj/7411373017554537273.mp3', 'https://lf3-music-east.douyinstatic.com/obj/ies-music-hj/7411373017554537273.mp3'], 'width': 720, 'height': 720, 'url_key': '7411372903796656923'}, 'schema_url': '', 'source_platform': 23, 'start_time': 0, 'end_time': 0, 'duration': 150, 'extra': '{"aed_music_score":0,"aed_singing_score":0.02,"aggregate_exempt_conf":[],"beats":{},"cover_colors":null,"douyin_beats_info":{},"dsp_switch":0,"extract_item_id":7411372871798230287,"has_edited":0,"hit_high_follow_auto":false,"hit_high_follow_extend":false,"hit_high_follow_original":false,"hotsoon_review_time":-1,"is_aed_music":0,"is_high_follow_user":false,"is_red":0,"is_subsidy_exp":false,"music_label_id":null,"music_tagging":{"AEDs":null,"Genres":null,"Instruments":null,"Languages":null,"Moods":null,"SingingVersions":null,"Themes":null},"review_unshelve_reason":0,"reviewed":0,"schedule_search_time":0,"uniqa_speech_score":0.92,"with_aed_model":1}', 'user_count': 0, 'position': None, 'collect_stat': 0, 'status': 1, 'offline_desc': '', 'owner_id': '1965574329213736', 'owner_nickname': '孙瑞雪聊教育', 'is_original': False, 'mid': '7411372903796656923', 'binded_challenge_id': 0, 'redirect': False, 'is_restricted': False, 'author_deleted': False, 'is_del_video': False, 'is_video_self_see': False, 'owner_handle': '63566855132', 'author_position': None, 'prevent_download': False, 'unshelve_countries': None, 'prevent_item_download_status': 0, 'external_song_info': [], 'sec_uid': 'MS4wLjABAAAAnAFnkWlOm9jteymsi42fanYLMzfbqdGIwCILEUqDNmFyjfK9N8fSJdS_D2UWk_we', 'avatar_thumb': {'uri': '100x100/aweme-avatar/tos-cn-avt-0015_afee5b125df955a19af4c41159ad1295', 'url_list': ['https://p3-pc.douyinpic.com/aweme/100x100/aweme-avatar/tos-cn-avt-0015_afee5b125df955a19af4c41159ad1295.jpeg?from=327834062'], 'width': 720, 'height': 720}, 'avatar_medium': {'uri': '720x720/aweme-avatar/tos-cn-avt-0015_afee5b125df955a19af4c41159ad1295', 'url_list': ['https://p3-pc.douyinpic.com/aweme/720x720/aweme-avatar/tos-cn-avt-0015_afee5b125df955a19af4c41159ad1295.jpeg?from=327834062'], 'width': 720, 'height': 720}, 'avatar_large': {'uri': '1080x1080/aweme-avatar/tos-cn-avt-0015_afee5b125df955a19af4c41159ad1295', 'url_list': ['https://p3-pc.douyinpic.com/aweme/1080x1080/aweme-avatar/tos-cn-avt-0015_afee5b125df955a19af4c41159ad1295.jpeg?from=327834062'], 'width': 720, 'height': 720}, 'preview_start_time': 0, 'preview_end_time': 0, 'is_commerce_music': False, 'is_original_sound': True, 'audition_duration': 150, 'shoot_duration': 150, 'reason_type': 0, 'artists': [], 'lyric_short_position': None, 'mute_share': False, 'tag_list': None, 'dmv_auto_show': False, 'is_pgc': False, 'is_matched_metadata': False, 'is_audio_url_with_cookie': False, 'music_chart_ranks': None, 'can_background_play': True, 'music_status': 1, 'video_duration': 150, 'pgc_music_type': 2, 'author_status': 1, 'search_impr': {'entity_id': '7411372903796656923'}, 'artist_user_infos': None, 'dsp_status': 10, 'musician_user_infos': None, 'music_collect_count': 0, 'music_cover_atmosphere_color_value': '', 'show_origin_clip': False}, 'effect_inflow_effects': None, 'video': {'play_addr': {'uri': 'v0300fg10000crd7ogfog65l0sen4j40', 'url_list': ['https://v5-dy-o-abtest.zjcdn.com/de0aa46c75255a9d0bdc2719c9bac54e/68f66e4f/video/tos/cn/tos-cn-ve-0015c800/oMKAQfn0kg09DOdIgrqEABBDfA2FQvGjmmxDLm/?a=6383&ch=10010&cr=3&dr=0&lr=all&cd=0%7C0%7C0%7C3&cv=1&br=794&bt=794&cs=0&ds=3&ft=c2YTctGHQPRUZxfusdr~kwPqYldQIKDEE-TerrNqq_45a&mime_type=video_mp4&qs=0&rc=ZjRlOWg0NTM5aTo7NTQ7ZkBpM21xdm85cmo6dTMzNGkzM0AvYTFeYV41Ni8xLmBiNWEwYSMxMWItMmRjbGFgLS1kLTBzcw%3D%3D&btag=80000e00028000&cquery=101r_100B_100H_100K_100o&dy_q=1760969609&feature_id=2e1813f3872a2105acee44623dff2864&l=20251020221329FF810B6B17C3D024C6A3', 'https://v5-dy-o-abtest.zjcdn.com/de0aa46c75255a9d0bdc2719c9bac54e/68f66e4f/video/tos/cn/tos-cn-ve-0015c800/oMKAQfn0kg09DOdIgrqEABBDfA2FQvGjmmxDLm/?a=6383&ch=10010&cr=3&dr=0&lr=all&cd=0%7C0%7C0%7C3&cv=1&br=794&bt=794&cs=0&ds=3&ft=c2YTctGHQPRUZxfusdr~kwPqYldQIKDEE-TerrNqq_45a&mime_type=video_mp4&qs=0&rc=ZjRlOWg0NTM5aTo7NTQ7ZkBpM21xdm85cmo6dTMzNGkzM0AvYTFeYV41Ni8xLmBiNWEwYSMxMWItMmRjbGFgLS1kLTBzcw%3D%3D&btag=80000e00028000&cquery=100K_100o_101r_100B_100H&dy_q=1760969609&feature_id=2e1813f3872a2105acee44623dff2864&l=20251020221329FF810B6B17C3D024C6A3', 'https://www.douyin.com/aweme/v1/play/?video_id=v0300fg10000crd7ogfog65l0sen4j40&line=0&file_id=3cd881e2c8174f269082a1dea64bd12c&sign=ebd673eb7bce0227f9f6cc8ff9e3d847&is_play_url=1&source=PackSourceEnum_PUBLISH'], 'width': 720, 'height': 1280, 'url_key': 'v0300fg10000crd7ogfog65l0sen4j40_h264_720p_813918', 'data_size': 15298713, 'file_hash': 'ebd673eb7bce0227f9f6cc8ff9e3d847', 'file_cs': 'c:0-164657-d16a'}, 'cover': {'uri': 'tos-cn-i-dy/f5086eaa6fa94724acbc4c1ed292b501', 'url_list': ['https://p3-pc-sign.douyinpic.com/tos-cn-i-dy/f5086eaa6fa94724acbc4c1ed292b501~tplv-dy-cropcenter:323:430.jpeg?lk3s=138a59ce&x-expires=2076328800&x-signature=ax5UaNQZmXSrYrN7oWO4v4OOjdw%3D&from=327834062&s=PackSourceEnum_PUBLISH&se=true&sh=323_430&sc=cover&biz_tag=pcweb_cover&l=20251020221329FF810B6B17C3D024C6A3', 'https://p3-pc-sign.douyinpic.com/obj/tos-cn-i-dy/f5086eaa6fa94724acbc4c1ed292b501?lk3s=138a59ce&x-expires=2076328800&x-signature=%2BC4ugeErM2PZAHSo4HTgBJBnFIo%3D&from=327834062&s=PackSourceEnum_PUBLISH&se=false&sc=cover&biz_tag=pcweb_cover&l=20251020221329FF810B6B17C3D024C6A3'], 'width': 720, 'height': 720}, 'height': 1920, 'width': 1080, 'dynamic_cover': {'uri': 'tos-cn-i-dy/f5086eaa6fa94724acbc4c1ed292b501', 'url_list': ['https://p3-pc-sign.douyinpic.com/obj/tos-cn-i-dy/f5086eaa6fa94724acbc4c1ed292b501?lk3s=138a59ce&x-expires=1762178400&x-signature=Q7Z5imxAjmqmbYgUTCTNNB3utEQ%3D&from=327834062_large&s=PackSourceEnum_PUBLISH&se=false&sc=dynamic_cover&biz_tag=pcweb_cover&l=20251020221329FF810B6B17C3D024C6A3', 'https://p9-pc-sign.douyinpic.com/obj/tos-cn-i-dy/f5086eaa6fa94724acbc4c1ed292b501?lk3s=138a59ce&x-expires=1762178400&x-signature=lDsaziaRTkprBpGW6kB%2Foso3WzU%3D&from=327834062_large&s=PackSourceEnum_PUBLISH&se=false&sc=dynamic_cover&biz_tag=pcweb_cover&l=20251020221329FF810B6B17C3D024C6A3'], 'width': 720, 'height': 720}, 'origin_cover': {'uri': 'tos-cn-p-0015/oIOIXfJHgHUBG3tCM0bGeBg7iDALDXPAeulNgH', 'url_list': ['https://p3-pc-sign.douyinpic.com/tos-cn-p-0015/oIOIXfJHgHUBG3tCM0bGeBg7iDALDXPAeulNgH~tplv-dy-360p.jpeg?lk3s=138a59ce&x-expires=1762178400&x-signature=l6VXzygauJiU4uxq4jS3iCCXsPc%3D&from=327834062&s=PackSourceEnum_PUBLISH&se=false&sc=origin_cover&biz_tag=pcweb_cover&l=20251020221329FF810B6B17C3D024C6A3', 'https://p9-pc-sign.douyinpic.com/tos-cn-p-0015/oIOIXfJHgHUBG3tCM0bGeBg7iDALDXPAeulNgH~tplv-dy-360p.jpeg?lk3s=138a59ce&x-expires=1762178400&x-signature=ZDG%2F%2F3Xqp%2B3wO5flKzHUZZ90iis%3D&from=327834062&s=PackSourceEnum_PUBLISH&se=false&sc=origin_cover&biz_tag=pcweb_cover&l=20251020221329FF810B6B17C3D024C6A3'], 'width': 360, 'height': 640}, 'ratio': '720p', 'format': 'mp4', 'audio': {'original_sound_infos': None}, 'bit_rate': [{'gear_name': 'normal_720_0', 'quality_type': 10, 'bit_rate': 813918, 'play_addr': {'uri': 'v0300fg10000crd7ogfog65l0sen4j40', 'url_list': ['https://v5-dy-o-abtest.zjcdn.com/de0aa46c75255a9d0bdc2719c9bac54e/68f66e4f/video/tos/cn/tos-cn-ve-0015c800/oMKAQfn0kg09DOdIgrqEABBDfA2FQvGjmmxDLm/?a=6383&ch=10010&cr=3&dr=0&lr=all&cd=0%7C0%7C0%7C3&cv=1&br=794&bt=794&cs=0&ds=3&ft=c2YTctGHQPRUZxfusdr~kwPqYldQIKDEE-TerrNqq_45a&mime_type=video_mp4&qs=0&rc=ZjRlOWg0NTM5aTo7NTQ7ZkBpM21xdm85cmo6dTMzNGkzM0AvYTFeYV41Ni8xLmBiNWEwYSMxMWItMmRjbGFgLS1kLTBzcw%3D%3D&btag=80000e00028000&cquery=101r_100B_100H_100K_100o&dy_q=1760969609&feature_id=2e1813f3872a2105acee44623dff2864&l=20251020221329FF810B6B17C3D024C6A3', 'https://v5-dy-o-abtest.zjcdn.com/de0aa46c75255a9d0bdc2719c9bac54e/68f66e4f/video/tos/cn/tos-cn-ve-0015c800/oMKAQfn0kg09DOdIgrqEABBDfA2FQvGjmmxDLm/?a=6383&ch=10010&cr=3&dr=0&lr=all&cd=0%7C0%7C0%7C3&cv=1&br=794&bt=794&cs=0&ds=3&ft=c2YTctGHQPRUZxfusdr~kwPqYldQIKDEE-TerrNqq_45a&mime_type=video_mp4&qs=0&rc=ZjRlOWg0NTM5aTo7NTQ7ZkBpM21xdm85cmo6dTMzNGkzM0AvYTFeYV41Ni8xLmBiNWEwYSMxMWItMmRjbGFgLS1kLTBzcw%3D%3D&btag=80000e00028000&cquery=100K_100o_101r_100B_100H&dy_q=1760969609&feature_id=2e1813f3872a2105acee44623dff2864&l=20251020221329FF810B6B17C3D024C6A3', 'https://www.douyin.com/aweme/v1/play/?video_id=v0300fg10000crd7ogfog65l0sen4j40&line=0&file_id=3cd881e2c8174f269082a1dea64bd12c&sign=ebd673eb7bce0227f9f6cc8ff9e3d847&is_play_url=1&source=PackSourceEnum_PUBLISH'], 'width': 720, 'height': 1280, 'url_key': 'v0300fg10000crd7ogfog65l0sen4j40_h264_720p_813918', 'data_size': 15298713, 'file_hash': 'ebd673eb7bce0227f9f6cc8ff9e3d847', 'file_cs': 'c:0-164657-d16a'}, 'is_h265': 0, 'is_bytevc1': 0, 'HDR_type': '', 'HDR_bit': '', 'FPS': 30, 'video_extra': '{"PktOffsetMap":"[{\\"time\\": 1, \\"offset\\": 406477}, {\\"time\\": 2, \\"offset\\": 513181}, {\\"time\\": 3, \\"offset\\": 607510}, {\\"time\\": 4, \\"offset\\": 728606}, {\\"time\\": 5, \\"offset\\": 826036}, {\\"time\\": 10, \\"offset\\": 1310458}]","format":"mp4","definition":"720p","quality":"normal","file_id":"3cd881e2c8174f269082a1dea64bd12c","applog_map":{"feature_id":"2e1813f3872a2105acee44623dff2864"},"audio_channels":"2.0","audio_sample_rate":"44100","audio_metrics":null,"audio_score":null}', 'format': 'mp4'}, {'gear_name': 'low_720_0', 'quality_type': 211, 'bit_rate': 798176, 'play_addr': {'uri': 'v0300fg10000crd7ogfog65l0sen4j40', 'url_list': ['https://v5-dy-o-abtest.zjcdn.com/8aeaf27ea8365e7593f98d580c24c097/68f66e4f/video/tos/cn/tos-cn-ve-0015c800/okbigGgHDGAuiH5GOPLUB7NAfBJAMCMtRXefYI/?a=6383&ch=10010&cr=3&dr=0&lr=all&cd=0%7C0%7C0%7C3&cv=1&br=779&bt=779&cs=0&ds=3&ft=c2YTctGHQPRUZxfusdr~kwPqYldQIKDEE-TerrNqq_45a&mime_type=video_mp4&qs=1&rc=OWg6OmY3ZjQ4NmZlNzUzOUBpM21xdm85cmo6dTMzNGkzM0AtL2I0Xl8wNWMxNDZjNTUtYSMxMWItMmRjbGFgLS1kLTBzcw%3D%3D&btag=80000e00028000&cquery=101r_100B_100H_100K_100o&dy_q=1760969609&feature_id=46a7bb47b4fd1280f3d3825bf2b29388&l=20251020221329FF810B6B17C3D024C6A3', 'https://v5-dy-o-abtest.zjcdn.com/8aeaf27ea8365e7593f98d580c24c097/68f66e4f/video/tos/cn/tos-cn-ve-0015c800/okbigGgHDGAuiH5GOPLUB7NAfBJAMCMtRXefYI/?a=6383&ch=10010&cr=3&dr=0&lr=all&cd=0%7C0%7C0%7C3&cv=1&br=779&bt=779&cs=0&ds=3&ft=c2YTctGHQPRUZxfusdr~kwPqYldQIKDEE-TerrNqq_45a&mime_type=video_mp4&qs=1&rc=OWg6OmY3ZjQ4NmZlNzUzOUBpM21xdm85cmo6dTMzNGkzM0AtL2I0Xl8wNWMxNDZjNTUtYSMxMWItMmRjbGFgLS1kLTBzcw%3D%3D&btag=80000e00028000&cquery=100K_100o_101r_100B_100H&dy_q=1760969609&feature_id=46a7bb47b4fd1280f3d3825bf2b29388&l=20251020221329FF810B6B17C3D024C6A3', 'https://www.douyin.com/aweme/v1/play/?video_id=v0300fg10000crd7ogfog65l0sen4j40&line=0&file_id=068082f49b7c43f5813cb4ac77e72e06&sign=a3b5c96491f7631348848852f59dcf56&is_play_url=1&source=PackSourceEnum_PUBLISH'], 'width': 720, 'height': 1280, 'url_key': 'v0300fg10000crd7ogfog65l0sen4j40_h264_720p_798176', 'data_size': 15002821, 'file_hash': 'a3b5c96491f7631348848852f59dcf56', 'file_cs': 'c:0-124956-1db7|a:v0300fg10000crd7ogfog65l0sen4j40'}, 'is_h265': 0, 'is_bytevc1': 0, 'HDR_type': '', 'HDR_bit': '', 'FPS': 30, 'video_extra': '{"PktOffsetMap":"[{\\"time\\": 1, \\"offset\\": 375761}, {\\"time\\": 2, \\"offset\\": 493722}, {\\"time\\": 3, \\"offset\\": 587200}, {\\"time\\": 4, \\"offset\\": 708746}, {\\"time\\": 5, \\"offset\\": 819383}, {\\"time\\": 10, \\"offset\\": 1307803}]","format":"mp4","definition":"720p","quality":"low","file_id":"068082f49b7c43f5813cb4ac77e72e06","applog_map":{"feature_id":"46a7bb47b4fd1280f3d3825bf2b29388"},"audio_channels":"2.0","audio_sample_rate":"44100","audio_metrics":null,"audio_score":null}', 'format': 'mp4'}, {'gear_name': 'low_540_0', 'quality_type': 292, 'bit_rate': 763857, 'play_addr': {'uri': 'v0300fg10000crd7ogfog65l0sen4j40', 'url_list': ['https://v5-dy-o-abtest.zjcdn.com/314bab57fc101c53f13ed1f108a16dd7/68f66e4f/video/tos/cn/tos-cn-ve-0015c800/oAB6AETbviXNBATQIziB1afIEsrMg41xADsgye/?a=6383&ch=10010&cr=3&dr=0&lr=all&cd=0%7C0%7C0%7C3&cv=1&br=745&bt=745&cs=0&ds=6&ft=c2YTctGHQPRUZxfusdr~kwPqYldQIKDEE-TerrNqq_45a&mime_type=video_mp4&qs=1&rc=OWdnMzdpZzQ6O2c3OzVkaEBpM21xdm85cmo6dTMzNGkzM0BjLzQwLl4uNjQxMmMyL15fYSMxMWItMmRjbGFgLS1kLTBzcw%3D%3D&btag=80000e00028000&cquery=100o_101r_100B_100H_100K&dy_q=1760969609&feature_id=46a7bb47b4fd1280f3d3825bf2b29388&l=20251020221329FF810B6B17C3D024C6A3', 'https://v5-dy-o-abtest.zjcdn.com/314bab57fc101c53f13ed1f108a16dd7/68f66e4f/video/tos/cn/tos-cn-ve-0015c800/oAB6AETbviXNBATQIziB1afIEsrMg41xADsgye/?a=6383&ch=10010&cr=3&dr=0&lr=all&cd=0%7C0%7C0%7C3&cv=1&br=745&bt=745&cs=0&ds=6&ft=c2YTctGHQPRUZxfusdr~kwPqYldQIKDEE-TerrNqq_45a&mime_type=video_mp4&qs=1&rc=OWdnMzdpZzQ6O2c3OzVkaEBpM21xdm85cmo6dTMzNGkzM0BjLzQwLl4uNjQxMmMyL15fYSMxMWItMmRjbGFgLS1kLTBzcw%3D%3D&btag=80000e00028000&cquery=100K_100o_101r_100B_100H&dy_q=1760969609&feature_id=46a7bb47b4fd1280f3d3825bf2b29388&l=20251020221329FF810B6B17C3D024C6A3', 'https://www.douyin.com/aweme/v1/play/?video_id=v0300fg10000crd7ogfog65l0sen4j40&line=0&file_id=beaa2258f45d4877911daf14307d2df6&sign=51bf151f458cb605b3009738a7fc3494&is_play_url=1&source=PackSourceEnum_PUBLISH'], 'width': 576, 'height': 1024, 'url_key': 'v0300fg10000crd7ogfog65l0sen4j40_h264_540p_763857', 'data_size': 14357753, 'file_hash': '51bf151f458cb605b3009738a7fc3494', 'file_cs': 'c:0-124972-ce0f|a:v0300fg10000crd7ogfog65l0sen4j40'}, 'is_h265': 0, 'is_bytevc1': 0, 'HDR_type': '', 'HDR_bit': '', 'FPS': 30, 'video_extra': '{"PktOffsetMap":"[{\\"time\\": 1, \\"offset\\": 366152}, {\\"time\\": 2, \\"offset\\": 461897}, {\\"time\\": 3, \\"offset\\": 555267}, {\\"time\\": 4, \\"offset\\": 671617}, {\\"time\\": 5, \\"offset\\": 773923}, {\\"time\\": 10, \\"offset\\": 1242313}]","format":"mp4","definition":"540p","quality":"low","file_id":"beaa2258f45d4877911daf14307d2df6","applog_map":{"feature_id":"46a7bb47b4fd1280f3d3825bf2b29388"},"audio_channels":"2.0","audio_sample_rate":"44100","audio_metrics":null,"audio_score":null}', 'format': 'mp4'}, {'gear_name': 'adapt_low_540_0', 'quality_type': 291, 'bit_rate': 520804, 'play_addr': {'uri': 'v0300fg10000crd7ogfog65l0sen4j40', 'url_list': ['https://v5-dy-o-abtest.zjcdn.com/bfd95f20363fc34478347d07a37b295b/68f66e4f/video/tos/cn/tos-cn-ve-0015c800/oEf9DEgrQDmgkMAUIBsqmDFSj2QaRAfnqHADxB/?a=6383&ch=10010&cr=3&dr=0&lr=all&cd=0%7C0%7C0%7C3&cv=1&br=508&bt=508&cs=0&ds=6&ft=c2YTctGHQPRUZxfusdr~kwPqYldQIKDEE-TerrNqq_45a&mime_type=video_mp4&qs=12&rc=Ojk5aDw8OWdmZjs5O2kzZUBpM21xdm85cmo6dTMzNGkzM0AuLTZhLjVeXjUxM2AvYS81YSMxMWItMmRjbGFgLS1kLTBzcw%3D%3D&btag=80000e00028000&cquery=101r_100B_100H_100K_100o&dy_q=1760969609&feature_id=46a7bb47b4fd1280f3d3825bf2b29388&l=20251020221329FF810B6B17C3D024C6A3', 'https://v5-dy-o-abtest.zjcdn.com/bfd95f20363fc34478347d07a37b295b/68f66e4f/video/tos/cn/tos-cn-ve-0015c800/oEf9DEgrQDmgkMAUIBsqmDFSj2QaRAfnqHADxB/?a=6383&ch=10010&cr=3&dr=0&lr=all&cd=0%7C0%7C0%7C3&cv=1&br=508&bt=508&cs=0&ds=6&ft=c2YTctGHQPRUZxfusdr~kwPqYldQIKDEE-TerrNqq_45a&mime_type=video_mp4&qs=12&rc=Ojk5aDw8OWdmZjs5O2kzZUBpM21xdm85cmo6dTMzNGkzM0AuLTZhLjVeXjUxM2AvYS81YSMxMWItMmRjbGFgLS1kLTBzcw%3D%3D&btag=80000e00028000&cquery=100K_100o_101r_100B_100H&dy_q=1760969609&feature_id=46a7bb47b4fd1280f3d3825bf2b29388&l=20251020221329FF810B6B17C3D024C6A3', 'https://www.douyin.com/aweme/v1/play/?video_id=v0300fg10000crd7ogfog65l0sen4j40&line=0&file_id=8b20df28c6684c8cada68919de960617&sign=0d9b4575c2245734befd9aae775fc940&is_play_url=1&source=PackSourceEnum_PUBLISH'], 'width': 576, 'height': 1024, 'url_key': 'v0300fg10000crd7ogfog65l0sen4j40_h264_540p_520804', 'data_size': 9789245, 'file_hash': '0d9b4575c2245734befd9aae775fc940', 'file_cs': 'c:0-124971-56ca|a:v0300fg10000crd7ogfog65l0sen4j40'}, 'is_h265': 0, 'is_bytevc1': 0, 'HDR_type': '', 'HDR_bit': '', 'FPS': 30, 'video_extra': '{"PktOffsetMap":"[{\\"time\\": 1, \\"offset\\": 293351}, {\\"time\\": 2, \\"offset\\": 358154}, {\\"time\\": 3, \\"offset\\": 420133}, {\\"time\\": 4, \\"offset\\": 499730}, {\\"time\\": 5, \\"offset\\": 568133}, {\\"time\\": 10, \\"offset\\": 883605}]","format":"mp4","definition":"540p","quality":"adapt_low","file_id":"8b20df28c6684c8cada68919de960617","applog_map":{"feature_id":"46a7bb47b4fd1280f3d3825bf2b29388"},"audio_channels":"2.0","audio_sample_rate":"44100","audio_metrics":null,"audio_score":null}', 'format': 'mp4'}, {'gear_name': 'adapt_lowest_1080_1', 'quality_type': 2, 'bit_rate': 363214, 'play_addr': {'uri': 'v0300fg10000crd7ogfog65l0sen4j40', 'url_list': ['https://v5-dy-o-abtest.zjcdn.com/00ca3f9b2657e9bd7332ecf113f1d135/68f66e4f/video/tos/cn/tos-cn-ve-0015c800/o0gT0ygL1igvBGxzAIQLEXIpf4AvQBADTB1ebi/?a=6383&ch=10010&cr=3&dr=0&lr=all&cd=0%7C0%7C0%7C3&cv=1&br=354&bt=354&cs=2&ds=4&eid=3072&ft=c2YTctGHQPRUZxfusdr~kwPqYldQIKDEE-TerrNqq_45a&mime_type=video_mp4&qs=15&rc=ZWdpOjc0NGdoOjs6Zmk1ZkBpM21xdm85cmo6dTMzNGkzM0BgL2E1MzZfXmMxYGI2MWEvYSMxMWItMmRjbGFgLS1kLTBzcw%3D%3D&btag=80000e00028000&cquery=100o_101r_100B_100H_100K&dy_q=1760969609&feature_id=c6de0308cacfd993ef282c8e1c646267&l=20251020221329FF810B6B17C3D024C6A3', 'https://v5-dy-o-abtest.zjcdn.com/00ca3f9b2657e9bd7332ecf113f1d135/68f66e4f/video/tos/cn/tos-cn-ve-0015c800/o0gT0ygL1igvBGxzAIQLEXIpf4AvQBADTB1ebi/?a=6383&ch=10010&cr=3&dr=0&lr=all&cd=0%7C0%7C0%7C3&cv=1&br=354&bt=354&cs=2&ds=4&eid=3072&ft=c2YTctGHQPRUZxfusdr~kwPqYldQIKDEE-TerrNqq_45a&mime_type=video_mp4&qs=15&rc=ZWdpOjc0NGdoOjs6Zmk1ZkBpM21xdm85cmo6dTMzNGkzM0BgL2E1MzZfXmMxYGI2MWEvYSMxMWItMmRjbGFgLS1kLTBzcw%3D%3D&btag=80000e00028000&cquery=100H_100K_100o_101r_100B&dy_q=1760969609&feature_id=c6de0308cacfd993ef282c8e1c646267&l=20251020221329FF810B6B17C3D024C6A3', 'https://www.douyin.com/aweme/v1/play/?video_id=v0300fg10000crd7ogfog65l0sen4j40&line=0&file_id=2cd24f9ce7c847feadb1916487df2dcb&sign=249e4253725013b054a55683e3f7fbae&is_play_url=1&source=PackSourceEnum_PUBLISH'], 'width': 1080, 'height': 1920, 'url_key': 'v0300fg10000crd7ogfog65l0sen4j40_bytevc1_1080p_363214', 'data_size': 6827114, 'file_hash': '249e4253725013b054a55683e3f7fbae', 'file_cs': 'c:0-125137-2e31'}, 'is_h265': 1, 'is_bytevc1': 1, 'HDR_type': '', 'HDR_bit': '', 'FPS': 30, 'video_extra': '{"PktOffsetMap":"[{\\"time\\": 1, \\"offset\\": 266376}, {\\"time\\": 2, \\"offset\\": 310490}, {\\"time\\": 3, \\"offset\\": 363520}, {\\"time\\": 4, \\"offset\\": 424227}, {\\"time\\": 5, \\"offset\\": 477164}, {\\"time\\": 10, \\"offset\\": 696964}]","format":"mp4","definition":"1080p","quality":"adapt_lowest","file_id":"2cd24f9ce7c847feadb1916487df2dcb","applog_map":{"feature_id":"c6de0308cacfd993ef282c8e1c646267"},"mvmaf":"{\\"mvmaf_sr_v1080\\":-1,\\"mvmaf_sr_v960\\":-1,\\"mvmaf_sr_v864\\":-1,\\"mvmaf_sr_v720\\":-1,\\"mvmaf_ori_v1080\\":91.515,\\"mvmaf_ori_v960\\":92.639,\\"mvmaf_ori_v864\\":93.058,\\"mvmaf_ori_v720\\":93.857}","audio_channels":"2.0","audio_sample_rate":"44100","audio_metrics":null,"audio_score":null}', 'format': 'mp4'}, {'gear_name': 'adapt_lowest_720_1', 'quality_type': 15, 'bit_rate': 310893, 'play_addr': {'uri': 'v0300fg10000crd7ogfog65l0sen4j40', 'url_list': ['https://v5-dy-o-abtest.zjcdn.com/1d02172ec9801d6e9b6774377eff28cc/68f66e4f/video/tos/cn/tos-cn-ve-0015c800/oYLJgfmjDAXmFJrABSEqnOQ42BDIDQkgqT9fxA/?a=6383&ch=10010&cr=3&dr=0&lr=all&cd=0%7C0%7C0%7C3&cv=1&br=303&bt=303&cs=2&ds=3&ft=c2YTctGHQPRUZxfusdr~kwPqYldQIKDEE-TerrNqq_45a&mime_type=video_mp4&qs=15&rc=Omg5MzZmNTw2Nzk4aTkzNUBpM21xdm85cmo6dTMzNGkzM0A0Yi8uMC5jXzQxMC5hNjYxYSMxMWItMmRjbGFgLS1kLTBzcw%3D%3D&btag=80000e00028000&cquery=100B_100H_100K_100o_101r&dy_q=1760969609&feature_id=c6de0308cacfd993ef282c8e1c646267&l=20251020221329FF810B6B17C3D024C6A3', 'https://v5-dy-o-abtest.zjcdn.com/1d02172ec9801d6e9b6774377eff28cc/68f66e4f/video/tos/cn/tos-cn-ve-0015c800/oYLJgfmjDAXmFJrABSEqnOQ42BDIDQkgqT9fxA/?a=6383&ch=10010&cr=3&dr=0&lr=all&cd=0%7C0%7C0%7C3&cv=1&br=303&bt=303&cs=2&ds=3&ft=c2YTctGHQPRUZxfusdr~kwPqYldQIKDEE-TerrNqq_45a&mime_type=video_mp4&qs=15&rc=Omg5MzZmNTw2Nzk4aTkzNUBpM21xdm85cmo6dTMzNGkzM0A0Yi8uMC5jXzQxMC5hNjYxYSMxMWItMmRjbGFgLS1kLTBzcw%3D%3D&btag=80000e00028000&cquery=100o_101r_100B_100H_100K&dy_q=1760969609&feature_id=c6de0308cacfd993ef282c8e1c646267&l=20251020221329FF810B6B17C3D024C6A3', 'https://www.douyin.com/aweme/v1/play/?video_id=v0300fg10000crd7ogfog65l0sen4j40&line=0&file_id=429096df15364473b9f21c331026ee77&sign=a80acbec2a3e0a06ab47ade31a35d7c7&is_play_url=1&source=PackSourceEnum_PUBLISH'], 'width': 720, 'height': 1280, 'url_key': 'v0300fg10000crd7ogfog65l0sen4j40_bytevc1_720p_310893', 'data_size': 5843664, 'file_hash': 'a80acbec2a3e0a06ab47ade31a35d7c7', 'file_cs': 'c:0-125137-a043'}, 'is_h265': 1, 'is_bytevc1': 1, 'HDR_type': '', 'HDR_bit': '', 'FPS': 30, 'video_extra': '{"PktOffsetMap":"[{\\"time\\": 1, \\"offset\\": 231402}, {\\"time\\": 2, \\"offset\\": 266804}, {\\"time\\": 3, \\"offset\\": 306161}, {\\"time\\": 4, \\"offset\\": 356761}, {\\"time\\": 5, \\"offset\\": 402065}, {\\"time\\": 10, \\"offset\\": 595254}]","format":"mp4","definition":"720p","quality":"adapt_lowest","file_id":"429096df15364473b9f21c331026ee77","applog_map":{"feature_id":"c6de0308cacfd993ef282c8e1c646267"},"mvmaf":"{\\"mvmaf_sr_v1080\\":96.752,\\"mvmaf_sr_v960\\":97.858,\\"mvmaf_sr_v864\\":98.543,\\"mvmaf_sr_v720\\":99.383,\\"mvmaf_ori_v1080\\":86.912,\\"mvmaf_ori_v960\\":89.576,\\"mvmaf_ori_v864\\":91.036,\\"mvmaf_ori_v720\\":93.725}","audio_channels":"2.0","audio_sample_rate":"44100","audio_metrics":null,"audio_score":null}', 'format': 'mp4'}, {'gear_name': 'adapt_540_1', 'quality_type': 28, 'bit_rate': 285823, 'play_addr': {'uri': 'v0300fg10000crd7ogfog65l0sen4j40', 'url_list': ['https://v5-dy-o-abtest.zjcdn.com/52c73db23d2429c713afce60ec5a7806/68f66e4f/video/tos/cn/tos-cn-ve-0015c800/oEgiiBhbg41eAI1hzFE7xDi1AyApDTfVBTQIBH/?a=6383&ch=10010&cr=3&dr=0&lr=all&cd=0%7C0%7C0%7C3&cv=1&br=279&bt=279&cs=2&ds=6&ft=c2YTctGHQPRUZxfusdr~kwPqYldQIKDEE-TerrNqq_45a&mime_type=video_mp4&qs=11&rc=ZmRpaTc1OzY6NTtmOTZnZUBpM21xdm85cmo6dTMzNGkzM0AuNWJhYC8yXjQxLzQtMmI0YSMxMWItMmRjbGFgLS1kLTBzcw%3D%3D&btag=80000e00028000&cquery=100o_101r_100B_100H_100K&dy_q=1760969609&feature_id=c6de0308cacfd993ef282c8e1c646267&l=20251020221329FF810B6B17C3D024C6A3', 'https://v5-dy-o-abtest.zjcdn.com/52c73db23d2429c713afce60ec5a7806/68f66e4f/video/tos/cn/tos-cn-ve-0015c800/oEgiiBhbg41eAI1hzFE7xDi1AyApDTfVBTQIBH/?a=6383&ch=10010&cr=3&dr=0&lr=all&cd=0%7C0%7C0%7C3&cv=1&br=279&bt=279&cs=2&ds=6&ft=c2YTctGHQPRUZxfusdr~kwPqYldQIKDEE-TerrNqq_45a&mime_type=video_mp4&qs=11&rc=ZmRpaTc1OzY6NTtmOTZnZUBpM21xdm85cmo6dTMzNGkzM0AuNWJhYC8yXjQxLzQtMmI0YSMxMWItMmRjbGFgLS1kLTBzcw%3D%3D&btag=80000e00028000&cquery=101r_100B_100H_100K_100o&dy_q=1760969609&feature_id=c6de0308cacfd993ef282c8e1c646267&l=20251020221329FF810B6B17C3D024C6A3', 'https://www.douyin.com/aweme/v1/play/?video_id=v0300fg10000crd7ogfog65l0sen4j40&line=0&file_id=7bed53067c284277a35822c4dfef8a1c&sign=9da038b934871dcc9328a4c63231ac72&is_play_url=1&source=PackSourceEnum_PUBLISH'], 'width': 576, 'height': 1024, 'url_key': 'v0300fg10000crd7ogfog65l0sen4j40_bytevc1_540p_285823', 'data_size': 5372438, 'file_hash': '9da038b934871dcc9328a4c63231ac72', 'file_cs': 'c:0-125137-84c4'}, 'is_h265': 1, 'is_bytevc1': 1, 'HDR_type': '', 'HDR_bit': '', 'FPS': 30, 'video_extra': '{"PktOffsetMap":"[{\\"time\\": 1, \\"offset\\": 220559}, {\\"time\\": 2, \\"offset\\": 255111}, {\\"time\\": 3, \\"offset\\": 289579}, {\\"time\\": 4, \\"offset\\": 336393}, {\\"time\\": 5, \\"offset\\": 375549}, {\\"time\\": 10, \\"offset\\": 546130}]","format":"mp4","definition":"540p","quality":"adapt","file_id":"7bed53067c284277a35822c4dfef8a1c","applog_map":{"feature_id":"c6de0308cacfd993ef282c8e1c646267"},"mvmaf":"{\\"mvmaf_sr_v1080\\":93.505,\\"mvmaf_sr_v960\\":96.427,\\"mvmaf_sr_v864\\":97.025,\\"mvmaf_sr_v720\\":98.922,\\"mvmaf_ori_v1080\\":83.649,\\"mvmaf_ori_v960\\":87,\\"mvmaf_ori_v864\\":88.075,\\"mvmaf_ori_v720\\":91.731}","audio_channels":"2.0","audio_sample_rate":"44100","audio_metrics":null,"audio_score":null}', 'format': 'mp4'}, {'gear_name': 'adapt_lowest_1080_1', 'quality_type': 2, 'bit_rate': 308361, 'play_addr': {'uri': 'v0300fg10000crd7ogfog65l0sen4j40', 'url_list': ['https://v5-dy-o-abtest.zjcdn.com/e0236baf501af1d2ee24aa3a62f80332/68f7959f/video/tos/cn/tos-cn-ve-0015c800/ocDi1Xy0IB1ADNbBTpzBfAIe4gAiAATgAJuzgx/media-video-hvc1/?a=6383&ch=0&cr=8&dr=0&er=1&lr=default&cd=0%7C0%7C0%7C3&cv=1&br=301&bt=301&cs=4&ds=4&eid=3072&mime_type=video_mp4&qs=15&rc=PDc5aDM3OzZkODk0ZmU6PEBpM21xdm85cmo6dTMzNGkzM0A2NWMwYF41XzMxNDJfXjNjYSMxMWItMmRjbGFgLS1kLTBzcw%3D%3D&btag=80000e00028000&cquery=100o_101r&dy_q=1760969609&l=20251020221329FF810B6B17C3D024C6A3', 'https://v5-dy-o-abtest.zjcdn.com/e0236baf501af1d2ee24aa3a62f80332/68f7959f/video/tos/cn/tos-cn-ve-0015c800/ocDi1Xy0IB1ADNbBTpzBfAIe4gAiAATgAJuzgx/media-video-hvc1/?a=6383&ch=0&cr=8&dr=0&er=1&lr=default&cd=0%7C0%7C0%7C3&cv=1&br=301&bt=301&cs=4&ds=4&eid=3072&mime_type=video_mp4&qs=15&rc=PDc5aDM3OzZkODk0ZmU6PEBpM21xdm85cmo6dTMzNGkzM0A2NWMwYF41XzMxNDJfXjNjYSMxMWItMmRjbGFgLS1kLTBzcw%3D%3D&btag=80000e00028000&cquery=101r_100o&dy_q=1760969609&l=20251020221329FF810B6B17C3D024C6A3', 'https://www.douyin.com/aweme/v1/play/dash/?video_id=v0300fg10000crd7ogfog65l0sen4j40&line=0&file_id=f967abbc5176456ab388a4c03ef68499&sign=c6e0d5023cb5346d51afff509bc28104&is_play_url=1&source=PackSourceEnum_PUBLISH'], 'width': 1080, 'height': 1920, 'url_key': 'v0300fg10000crd7ogfog65l0sen4j40_bytevc1_1080p_308361', 'data_size': 5794597, 'file_hash': 'c6e0d5023cb5346d51afff509bc28104'}, 'is_h265': 1, 'is_bytevc1': 1, 'HDR_type': '', 'HDR_bit': '', 'FPS': 30, 'video_extra': '{"PktOffsetMap":"","format":"dash","sub_info":"{\\"audio_channels\\":\\"2.0\\",\\"audio_layout\\":\\"C\\",\\"audio_sample_rate\\":\\"44100\\",\\"base_range_info\\":{\\"first_moof_range\\":\\"1444-3223\\",\\"index_range\\":\\"1136-1443\\",\\"init_range\\":\\"0-1135\\"},\\"check_info\\":{\\"check_info\\":\\"a:v0300fg10000crd7ogfog65l0sen4j40|b:0-1443-52453e999749239e975ff1c84b5fb8d5|c:0-1443-8c51\\"},\\"gear_des_key\\":\\"0:DASH|1:normal|2:h265_hvc1|4:1080p|5:adapt_lowest|10000:105\\",\\"quality_type\\":2}","definition":"1080p","quality":"adapt_lowest","quality_desc":"","file_id":"f967abbc5176456ab388a4c03ef68499","real_bitrate":359677,"audio_file_id":"edd0eaa0cfcbf4030c22adc68e47d853","applog_map":{"feature_id":"c6de0308cacfd993ef282c8e1c646267"},"mvmaf":"{\\"mvmaf_sr_v1080\\":-1,\\"mvmaf_sr_v960\\":-1,\\"mvmaf_sr_v864\\":-1,\\"mvmaf_sr_v720\\":-1,\\"mvmaf_ori_v1080\\":91.515,\\"mvmaf_ori_v960\\":92.639,\\"mvmaf_ori_v864\\":93.058,\\"mvmaf_ori_v720\\":93.857}","audio_metrics":null,"audio_score":null}', 'format': 'dash'}, {'gear_name': 'adapt_lowest_720_1', 'quality_type': 15, 'bit_rate': 256043, 'play_addr': {'uri': 'v0300fg10000crd7ogfog65l0sen4j40', 'url_list': ['https://v5-dy-o-abtest.zjcdn.com/3b077d456bcb9dfb6c7b60e3c095fe6b/68f7959f/video/tos/cn/tos-cn-ve-0015c800/oIfzbyeDAzBb1pQiOVi4gIAcAIAxggB1TTADBA/media-video-hvc1/?a=6383&ch=0&cr=8&dr=0&er=1&lr=default&cd=0%7C0%7C0%7C3&cv=1&br=250&bt=250&cs=4&ds=3&mime_type=video_mp4&qs=15&rc=Z2dmaDhpNzg7Zjc6aGZpPEBpM21xdm85cmo6dTMzNGkzM0BiXzFeYC0xNi8xM2EtNTUuYSMxMWItMmRjbGFgLS1kLTBzcw%3D%3D&btag=80000e00028000&cquery=101r_100o&dy_q=1760969609&l=20251020221329FF810B6B17C3D024C6A3', 'https://v5-dy-o-abtest.zjcdn.com/3b077d456bcb9dfb6c7b60e3c095fe6b/68f7959f/video/tos/cn/tos-cn-ve-0015c800/oIfzbyeDAzBb1pQiOVi4gIAcAIAxggB1TTADBA/media-video-hvc1/?a=6383&ch=0&cr=8&dr=0&er=1&lr=default&cd=0%7C0%7C0%7C3&cv=1&br=250&bt=250&cs=4&ds=3&mime_type=video_mp4&qs=15&rc=Z2dmaDhpNzg7Zjc6aGZpPEBpM21xdm85cmo6dTMzNGkzM0BiXzFeYC0xNi8xM2EtNTUuYSMxMWItMmRjbGFgLS1kLTBzcw%3D%3D&btag=80000e00028000&cquery=101r_100o&dy_q=1760969609&l=20251020221329FF810B6B17C3D024C6A3', 'https://www.douyin.com/aweme/v1/play/dash/?video_id=v0300fg10000crd7ogfog65l0sen4j40&line=0&file_id=198f8c0ed7644c2895440fc5ae4cbded&sign=fcda927cff89b221157bdefd226ea272&is_play_url=1&source=PackSourceEnum_PUBLISH'], 'width': 720, 'height': 1280, 'url_key': 'v0300fg10000crd7ogfog65l0sen4j40_bytevc1_720p_256043', 'data_size': 4811460, 'file_hash': 'fcda927cff89b221157bdefd226ea272'}, 'is_h265': 1, 'is_bytevc1': 1, 'HDR_type': '', 'HDR_bit': '', 'FPS': 30, 'video_extra': '{"PktOffsetMap":"","format":"dash","sub_info":"{\\"audio_channels\\":\\"2.0\\",\\"audio_layout\\":\\"C\\",\\"audio_sample_rate\\":\\"44100\\",\\"base_range_info\\":{\\"first_moof_range\\":\\"1444-3223\\",\\"index_range\\":\\"1136-1443\\",\\"init_range\\":\\"0-1135\\"},\\"check_info\\":{\\"check_info\\":\\"a:v0300fg10000crd7ogfog65l0sen4j40|b:0-1443-dfe5db5da6a5866ac9854561fdc112b8|c:0-1443-bdf9\\"},\\"gear_des_key\\":\\"0:DASH|1:normal|2:h265_hvc1|4:720p|5:adapt_lowest|10000:105\\",\\"quality_type\\":15}","definition":"720p","quality":"adapt_lowest","quality_desc":"","file_id":"198f8c0ed7644c2895440fc5ae4cbded","real_bitrate":307359,"audio_file_id":"edd0eaa0cfcbf4030c22adc68e47d853","applog_map":{"feature_id":"c6de0308cacfd993ef282c8e1c646267"},"mvmaf":"{\\"mvmaf_sr_v1080\\":96.752,\\"mvmaf_sr_v960\\":97.858,\\"mvmaf_sr_v864\\":98.543,\\"mvmaf_sr_v720\\":99.383,\\"mvmaf_ori_v1080\\":86.912,\\"mvmaf_ori_v960\\":89.576,\\"mvmaf_ori_v864\\":91.036,\\"mvmaf_ori_v720\\":93.725}","audio_metrics":null,"audio_score":null}', 'format': 'dash'}, {'gear_name': 'adapt_540_1', 'quality_type': 28, 'bit_rate': 230966, 'play_addr': {'uri': 'v0300fg10000crd7ogfog65l0sen4j40', 'url_list': ['https://v5-dy-o-abtest.zjcdn.com/6845bcbe01bc71352dc3a11d9a71016c/68f7959f/video/tos/cn/tos-cn-ve-0015c800/oUDk2QM9mRDrArjAEmngKxDqFBfAABCAHAfSA5/media-video-hvc1/?a=6383&ch=0&cr=8&dr=0&er=1&lr=default&cd=0%7C0%7C0%7C3&cv=1&br=225&bt=225&cs=4&ds=6&mime_type=video_mp4&qs=11&rc=OmY8OjY3ZjY1NGg8aTQ6M0BpM21xdm85cmo6dTMzNGkzM0AyXmBhYjMwNjUxMjYyYTIuYSMxMWItMmRjbGFgLS1kLTBzcw%3D%3D&btag=80000e00028000&cquery=101r_100o&dy_q=1760969609&l=20251020221329FF810B6B17C3D024C6A3', 'https://v5-dy-o-abtest.zjcdn.com/6845bcbe01bc71352dc3a11d9a71016c/68f7959f/video/tos/cn/tos-cn-ve-0015c800/oUDk2QM9mRDrArjAEmngKxDqFBfAABCAHAfSA5/media-video-hvc1/?a=6383&ch=0&cr=8&dr=0&er=1&lr=default&cd=0%7C0%7C0%7C3&cv=1&br=225&bt=225&cs=4&ds=6&mime_type=video_mp4&qs=11&rc=OmY8OjY3ZjY1NGg8aTQ6M0BpM21xdm85cmo6dTMzNGkzM0AyXmBhYjMwNjUxMjYyYTIuYSMxMWItMmRjbGFgLS1kLTBzcw%3D%3D&btag=80000e00028000&cquery=101r_100o&dy_q=1760969609&l=20251020221329FF810B6B17C3D024C6A3', 'https://www.douyin.com/aweme/v1/play/dash/?video_id=v0300fg10000crd7ogfog65l0sen4j40&line=0&file_id=1057d15f995e4182933c64e3d7c9ac57&sign=a6012db30a7e04e72b703a7285b3a2d6&is_play_url=1&source=PackSourceEnum_PUBLISH'], 'width': 576, 'height': 1024, 'url_key': 'v0300fg10000crd7ogfog65l0sen4j40_bytevc1_540p_230966', 'data_size': 4340234, 'file_hash': 'a6012db30a7e04e72b703a7285b3a2d6'}, 'is_h265': 1, 'is_bytevc1': 1, 'HDR_type': '', 'HDR_bit': '', 'FPS': 30, 'video_extra': '{"PktOffsetMap":"","format":"dash","sub_info":"{\\"audio_channels\\":\\"2.0\\",\\"audio_layout\\":\\"C\\",\\"audio_sample_rate\\":\\"44100\\",\\"base_range_info\\":{\\"first_moof_range\\":\\"1444-3223\\",\\"index_range\\":\\"1136-1443\\",\\"init_range\\":\\"0-1135\\"},\\"check_info\\":{\\"check_info\\":\\"a:v0300fg10000crd7ogfog65l0sen4j40|b:0-1443-df155c0faf02f247d4c2a5b9df34f92b|c:0-1443-3321\\"},\\"gear_des_key\\":\\"0:DASH|1:normal|2:h265_hvc1|4:540p|5:adapt|10000:105\\",\\"quality_type\\":28}","definition":"540p","quality":"adapt","quality_desc":"","file_id":"1057d15f995e4182933c64e3d7c9ac57","real_bitrate":285823,"audio_file_id":"edd0eaa0cfcbf4030c22adc68e47d853","applog_map":{"feature_id":"c6de0308cacfd993ef282c8e1c646267"},"mvmaf":"{\\"mvmaf_sr_v1080\\":93.505,\\"mvmaf_sr_v960\\":96.427,\\"mvmaf_sr_v864\\":97.025,\\"mvmaf_sr_v720\\":98.922,\\"mvmaf_ori_v1080\\":83.649,\\"mvmaf_ori_v960\\":87,\\"mvmaf_ori_v864\\":88.075,\\"mvmaf_ori_v720\\":91.731}","audio_metrics":null,"audio_score":null}', 'format': 'dash'}], 'duration': 150371, 'play_addr_265': {'uri': 'v0300fg10000crd7ogfog65l0sen4j40', 'url_list': ['https://v5-dy-o-abtest.zjcdn.com/52c73db23d2429c713afce60ec5a7806/68f66e4f/video/tos/cn/tos-cn-ve-0015c800/oEgiiBhbg41eAI1hzFE7xDi1AyApDTfVBTQIBH/?a=6383&ch=10010&cr=3&dr=0&lr=all&cd=0%7C0%7C0%7C3&cv=1&br=279&bt=279&cs=2&ds=6&ft=c2YTctGHQPRUZxfusdr~kwPqYldQIKDEE-TerrNqq_45a&mime_type=video_mp4&qs=11&rc=ZmRpaTc1OzY6NTtmOTZnZUBpM21xdm85cmo6dTMzNGkzM0AuNWJhYC8yXjQxLzQtMmI0YSMxMWItMmRjbGFgLS1kLTBzcw%3D%3D&btag=80000e00028000&cquery=100o_101r_100B_100H_100K&dy_q=1760969609&feature_id=c6de0308cacfd993ef282c8e1c646267&l=20251020221329FF810B6B17C3D024C6A3', 'https://v5-dy-o-abtest.zjcdn.com/52c73db23d2429c713afce60ec5a7806/68f66e4f/video/tos/cn/tos-cn-ve-0015c800/oEgiiBhbg41eAI1hzFE7xDi1AyApDTfVBTQIBH/?a=6383&ch=10010&cr=3&dr=0&lr=all&cd=0%7C0%7C0%7C3&cv=1&br=279&bt=279&cs=2&ds=6&ft=c2YTctGHQPRUZxfusdr~kwPqYldQIKDEE-TerrNqq_45a&mime_type=video_mp4&qs=11&rc=ZmRpaTc1OzY6NTtmOTZnZUBpM21xdm85cmo6dTMzNGkzM0AuNWJhYC8yXjQxLzQtMmI0YSMxMWItMmRjbGFgLS1kLTBzcw%3D%3D&btag=80000e00028000&cquery=101r_100B_100H_100K_100o&dy_q=1760969609&feature_id=c6de0308cacfd993ef282c8e1c646267&l=20251020221329FF810B6B17C3D024C6A3', 'https://www.douyin.com/aweme/v1/play/?video_id=v0300fg10000crd7ogfog65l0sen4j40&line=0&file_id=7bed53067c284277a35822c4dfef8a1c&sign=9da038b934871dcc9328a4c63231ac72&is_play_url=1&source=PackSourceEnum_PUBLISH'], 'width': 576, 'height': 1024, 'url_key': 'v0300fg10000crd7ogfog65l0sen4j40_bytevc1_540p_285823', 'data_size': 5372438, 'file_hash': '9da038b934871dcc9328a4c63231ac72', 'file_cs': 'c:0-125137-84c4'}, 'bit_rate_audio': [{'audio_meta': {'url_list': {'main_url': 'https://v5-dy-o-abtest.zjcdn.com/01da513e12ae91ab2b28117dccb811c6/68f7959f/video/tos/cn/tos-cn-ve-0015c800/ocDi1Xy0IB1ADNbBTpzBfAIe4gAiAATgAJuzgx/media-audio-und-mp4a/?a=6383&ch=0&cr=8&dr=0&er=1&lr=default&cd=0%7C0%7C0%7C3&cv=1&br=50&bt=50&cs=4&mime_type=video_mp4&qs=15&rc=Njs6aDlnNWY2N2VpM2QzZ0BpM21xdm85cmo6dTMzNGkzM0AyYTE1YF4vLS1jYGBeYmFiYSMxMWItMmRjbGFgLS1kLTBzcw%3D%3D&btag=80000e00028000&cquery=101r_100o&dy_q=1760969609&l=20251020221329FF810B6B17C3D024C6A3', 'backup_url': 'https://v5-dy-o-abtest.zjcdn.com/01da513e12ae91ab2b28117dccb811c6/68f7959f/video/tos/cn/tos-cn-ve-0015c800/ocDi1Xy0IB1ADNbBTpzBfAIe4gAiAATgAJuzgx/media-audio-und-mp4a/?a=6383&ch=0&cr=8&dr=0&er=1&lr=default&cd=0%7C0%7C0%7C3&cv=1&br=50&bt=50&cs=4&mime_type=video_mp4&qs=15&rc=Njs6aDlnNWY2N2VpM2QzZ0BpM21xdm85cmo6dTMzNGkzM0AyYTE1YF4vLS1jYGBeYmFiYSMxMWItMmRjbGFgLS1kLTBzcw%3D%3D&btag=80000e00028000&cquery=101r_100o&dy_q=1760969609&l=20251020221329FF810B6B17C3D024C6A3', 'fallback_url': 'https://www.douyin.com/aweme/v1/play/dash/?video_id=v0300fg10000crd7ogfog65l0sen4j40&line=0&file_id=edd0eaa0cfcbf4030c22adc68e47d853&sign=edd0eaa0cfcbf4030c22adc68e47d853&is_play_url=1&source=PackSourceEnum_PUBLISH'}, 'encoded_type': 'normal', 'media_type': 'audio', 'logo_type': '', 'quality': 'adapt_lowest', 'quality_desc': '', 'format': 'dash', 'bitrate': 51316, 'codec_type': 'bytevc1', 'size': 964562, 'fps': 0, 'file_id': 'edd0eaa0cfcbf4030c22adc68e47d853', 'file_hash': 'edd0eaa0cfcbf4030c22adc68e47d853', 'sub_info': '{"audio_channels":"2.0","audio_layout":"C","audio_sample_rate":"44100","base_range_info":{"index_range":"866-1185","init_range":"0-865"},"check_info":{"check_info":"a:v0300fg10000crd7ogfog65l0sen4j40|b:0-1185-d179bd118e57382f4f21faefc8e1cac1|c:0-1185-5262"},"gear_des_key":"0:dash|1:normal|2:bytevc1|5:adapt_lowest|10000:105"}'}, 'audio_quality': 5, 'audio_extra': '{"real_bitrate":363214}'}], 'play_addr_h264': {'uri': 'v0300fg10000crd7ogfog65l0sen4j40', 'url_list': ['https://v5-dy-o-abtest.zjcdn.com/de0aa46c75255a9d0bdc2719c9bac54e/68f66e4f/video/tos/cn/tos-cn-ve-0015c800/oMKAQfn0kg09DOdIgrqEABBDfA2FQvGjmmxDLm/?a=6383&ch=10010&cr=3&dr=0&lr=all&cd=0%7C0%7C0%7C3&cv=1&br=794&bt=794&cs=0&ds=3&ft=c2YTctGHQPRUZxfusdr~kwPqYldQIKDEE-TerrNqq_45a&mime_type=video_mp4&qs=0&rc=ZjRlOWg0NTM5aTo7NTQ7ZkBpM21xdm85cmo6dTMzNGkzM0AvYTFeYV41Ni8xLmBiNWEwYSMxMWItMmRjbGFgLS1kLTBzcw%3D%3D&btag=80000e00028000&cquery=101r_100B_100H_100K_100o&dy_q=1760969609&feature_id=2e1813f3872a2105acee44623dff2864&l=20251020221329FF810B6B17C3D024C6A3', 'https://v5-dy-o-abtest.zjcdn.com/de0aa46c75255a9d0bdc2719c9bac54e/68f66e4f/video/tos/cn/tos-cn-ve-0015c800/oMKAQfn0kg09DOdIgrqEABBDfA2FQvGjmmxDLm/?a=6383&ch=10010&cr=3&dr=0&lr=all&cd=0%7C0%7C0%7C3&cv=1&br=794&bt=794&cs=0&ds=3&ft=c2YTctGHQPRUZxfusdr~kwPqYldQIKDEE-TerrNqq_45a&mime_type=video_mp4&qs=0&rc=ZjRlOWg0NTM5aTo7NTQ7ZkBpM21xdm85cmo6dTMzNGkzM0AvYTFeYV41Ni8xLmBiNWEwYSMxMWItMmRjbGFgLS1kLTBzcw%3D%3D&btag=80000e00028000&cquery=100K_100o_101r_100B_100H&dy_q=1760969609&feature_id=2e1813f3872a2105acee44623dff2864&l=20251020221329FF810B6B17C3D024C6A3', 'https://www.douyin.com/aweme/v1/play/?video_id=v0300fg10000crd7ogfog65l0sen4j40&line=0&file_id=3cd881e2c8174f269082a1dea64bd12c&sign=ebd673eb7bce0227f9f6cc8ff9e3d847&is_play_url=1&source=PackSourceEnum_PUBLISH'], 'width': 720, 'height': 1280, 'url_key': 'v0300fg10000crd7ogfog65l0sen4j40_h264_720p_813918', 'data_size': 15298713, 'file_hash': 'ebd673eb7bce0227f9f6cc8ff9e3d847', 'file_cs': 'c:0-164657-d16a'}, 'raw_cover': {'uri': 'tos-cn-i-dy/f5086eaa6fa94724acbc4c1ed292b501', 'url_list': ['https://p3-pc-sign.douyinpic.com/tos-cn-i-dy/f5086eaa6fa94724acbc4c1ed292b501~tplv-dy-cropcenter:323:430.jpeg?lk3s=138a59ce&x-expires=2076328800&x-signature=ax5UaNQZmXSrYrN7oWO4v4OOjdw%3D&from=327834062&s=PackSourceEnum_PUBLISH&se=true&sh=323_430&sc=cover&biz_tag=pcweb_cover&l=20251020221329FF810B6B17C3D024C6A3', 'https://p3-pc-sign.douyinpic.com/obj/tos-cn-i-dy/f5086eaa6fa94724acbc4c1ed292b501?lk3s=138a59ce&x-expires=2076328800&x-signature=%2BC4ugeErM2PZAHSo4HTgBJBnFIo%3D&from=327834062&s=PackSourceEnum_PUBLISH&se=false&sc=cover&biz_tag=pcweb_cover&l=20251020221329FF810B6B17C3D024C6A3'], 'width': 720, 'height': 720}, 'is_long_video': 1, 'animated_cover': {'uri': 'tos-cn-i-dy/f5086eaa6fa94724acbc4c1ed292b501', 'url_list': ['https://p3-pc-sign.douyinpic.com/obj/tos-cn-i-dy/f5086eaa6fa94724acbc4c1ed292b501?lk3s=138a59ce&x-expires=1762178400&x-signature=Q7Z5imxAjmqmbYgUTCTNNB3utEQ%3D&from=327834062_large&s=PackSourceEnum_PUBLISH&se=false&sc=dynamic_cover&biz_tag=pcweb_cover&l=20251020221329FF810B6B17C3D024C6A3', 'https://p9-pc-sign.douyinpic.com/obj/tos-cn-i-dy/f5086eaa6fa94724acbc4c1ed292b501?lk3s=138a59ce&x-expires=1762178400&x-signature=lDsaziaRTkprBpGW6kB%2Foso3WzU%3D&from=327834062_large&s=PackSourceEnum_PUBLISH&se=false&sc=dynamic_cover&biz_tag=pcweb_cover&l=20251020221329FF810B6B17C3D024C6A3']}, 'gaussian_cover': {'uri': 'tos-cn-p-0015/oIOIXfJHgHUBG3tCM0bGeBg7iDALDXPAeulNgH', 'url_list': ['https://p3-pc-sign.douyinpic.com/tos-cn-p-0015/oIOIXfJHgHUBG3tCM0bGeBg7iDALDXPAeulNgH~tplv-tsj2vxp0zn-gaosi:40.jpeg?lk3s=138a59ce&x-expires=1792504800&x-signature=umwThJZM4jxbK6o5YDNFBfgPpDg%3D&from=327834062', 'https://p9-pc-sign.douyinpic.com/tos-cn-p-0015/oIOIXfJHgHUBG3tCM0bGeBg7iDALDXPAeulNgH~tplv-tsj2vxp0zn-gaosi:40.jpeg?lk3s=138a59ce&x-expires=1792504800&x-signature=KacfzptoNY0hUwMg2DZb89DNP78%3D&from=327834062'], 'width': 720, 'height': 720}, 'meta': '{"enable_manual_ladder":"1","format":"mp4","gear_vqm":"{\\"1080p_720p\\":2,\\"720p_540p\\":0}","hrids":"500000002","is_spatial_video":"0","isad":"0","loudness":"-22.1","peak":"1","qprf":"1.000","sdgs":"[\\"normal_720_0\\",\\"low_720_0\\",\\"low_540_0\\",\\"adapt_low_540_0\\",\\"adapt_lowest_1080_1\\",\\"adapt_lowest_720_1\\",\\"adapt_540_1\\"]","sr_potential":"{\\"v1.0\\":{\\"score\\":46.325}}","sr_score":"1.000","strategy_tokens":"[\\"online\\",\\"strategy_iteration_ab01_0809\\",\\"strategy_iteration_ab02_0809\\"]","title_info":"{\\"bottom_res_add\\":[3.64,6.68,39.32,65.91,41.54,53.32,44.41,7.32,0.77,1.64,0.18,0,0,0,0],\\"bullet_zone\\":20.53,\\"progress_bar\\":[41.66,42.17,43.31],\\"ratio_br_l\\":[0,0,0,0,0,0],\\"ratio_edge_l\\":[0.48,0.57,0.67,0.71,0.73,0.72],\\"top_res_add\\":[0,0,7.36,50.73,46.55,5.68,12.27],\\"version\\":\\"v1.0\\"}","volume_info":"{\\"MaximumShortTermLoudness\\":-16.8,\\"Loudness\\":-22.1,\\"LoudnessRangeStart\\":-31.5,\\"MaximumMomentaryLoudness\\":-11.4,\\"Peak\\":1,\\"Version\\":2,\\"LoudnessRange\\":12.6,\\"LoudnessRangeEnd\\":-18.8,\\"Metrics\\":{\\"Loudness\\":{\\"Integrated\\":-22.102},\\"Phase\\":{\\"RMSDownmixDiff\\":-0.073},\\"RMSStats\\":{\\"LRDiff\\":0.037,\\"LTotal\\":-26.324,\\"Peak\\":-0.019,\\"RTotal\\":-26.361},\\"Version\\":\\"1.4.2\\"}}","vqs_origin":"76.95"}', 'video_model': '', 'is_source_HDR': 0, 'use_static_cover': True, 'big_thumbs': [{'img_num': 75, 'uri': 'tos-cn-p-0015/ocjfIH2QmOAMkmr0BqFEgxDBA2A9uzWQQDfkDn', 'img_url': 'https://p3-sign.douyinpic.com/tos-cn-p-0015/ocjfIH2QmOAMkmr0BqFEgxDBA2A9uzWQQDfkDn~tplv-noop.image?cquery=100B_100H_100K_100o_101r&dy_q=1760969609&l=20251020221329FF810B6B17C3D024C6A3&x-expires=1760980559&x-signature=s641JYgFN%2Bo5IiBVt4OoVIXZXOE%3D', 'img_x_size': 136, 'img_y_size': 240, 'img_x_len': 5, 'img_y_len': 5, 'duration': 150.33333, 'interval': 2, 'fext': 'jpg', 'uris': ['tos-cn-p-0015/ocjfIH2QmOAMkmr0BqFEgxDBA2A9uzWQQDfkDn', 'tos-cn-p-0015/ooQKz9Bmm20fxFkxqQmDIgHADmAfABDqrQzjEn', 'tos-cn-p-0015/oASxQDQDBDAIfjzyXnFqA9mHmAkgmB62Qrfz0E'], 'img_urls': ['https://p3-sign.douyinpic.com/tos-cn-p-0015/ocjfIH2QmOAMkmr0BqFEgxDBA2A9uzWQQDfkDn~tplv-noop.image?cquery=100B_100H_100K_100o_101r&dy_q=1760969609&l=20251020221329FF810B6B17C3D024C6A3&x-expires=1760980559&x-signature=s641JYgFN%2Bo5IiBVt4OoVIXZXOE%3D', 'https://p3-sign.douyinpic.com/tos-cn-p-0015/ooQKz9Bmm20fxFkxqQmDIgHADmAfABDqrQzjEn~tplv-noop.image?cquery=100o_101r_100B_100H_100K&dy_q=1760969609&l=20251020221329FF810B6B17C3D024C6A3&x-expires=1760980559&x-signature=IHRYoPqHuvs3FVz45DDj1WtUSoc%3D', 'https://p3-sign.douyinpic.com/tos-cn-p-0015/oASxQDQDBDAIfjzyXnFqA9mHmAkgmB62Qrfz0E~tplv-noop.image?cquery=100H_100K_100o_101r_100B&dy_q=1760969609&l=20251020221329FF810B6B17C3D024C6A3&x-expires=1760980559&x-signature=mYVAhSoJnyRCrqOMmnHzMMah27g%3D']}]}, 'item_aigc_follow_shot': 1, 'user_digged': 0, 'statistics': {'recommend_count': 3, 'comment_count': 23, 'digg_count': 122, 'admire_count': 0, 'play_count': 0, 'share_count': 45, 'collect_count': 75}, 'status': {'not_allow_soft_del_reason': 'ab', 'is_delete': False, 'allow_share': True, 'review_result': {'review_status': 0}, 'allow_friend_recommend_guide': True, 'part_see': 0, 'private_status': 0, 'listen_video_status': 2, 'in_reviewing': False, 'allow_self_recommend_to_friend': True, 'allow_friend_recommend': True, 'is_prohibited': False, 'enable_soft_delete': 0}, 'flash_mob_trends': 0, 'text_extra': [{'start': 15, 'end': 20, 'type': 1, 'hashtag_name': '父母课堂', 'hashtag_id': '1600624540786695', 'is_commerce': False, 'caption_start': 15, 'caption_end': 20}, {'start': 22, 'end': 27, 'type': 1, 'hashtag_name': '幼儿教育', 'hashtag_id': '1591352385275918', 'is_commerce': False, 'caption_start': 22, 'caption_end': 27}, {'start': 29, 'end': 34, 'type': 1, 'hashtag_name': '亲子关系', 'hashtag_id': '1595199377513476', 'is_commerce': False, 'caption_start': 29, 'caption_end': 34}, {'start': 36, 'end': 39, 'type': 1, 'hashtag_name': '育儿', 'hashtag_id': '1767586940916743', 'is_commerce': False, 'caption_start': 36, 'caption_end': 39}], 'is_top': 0, 'mv_info': None, 'share_info': {'share_url': 'https://www.iesdouyin.com/share/video/7411372871798230287/?region=US&mid=7411372903796656923&u_code=0&did=MS4wLjABAAAAvCMmrvAxedjvycgJ9K0iX5KdtDHpyq-etIWoeicy6xniB0XMxRYv3S-CyP_GdsPs&iid=MS4wLjABAAAANwkJuWIRFOzg5uCpDRpMj4OX-QryoDgn-yYlXQnRwQQ&with_sec_did=1&video_share_track_ver=&titleType=title&share_sign=G4HY3a9IbHczkhQ9htD31zOuJ4Z3SbTtsSvWs9V3YVo-&share_version=290100&ts=1760969609&from_aid=6383&from_ssr=1&share_track_info=%7B%22link_description_type%22%3A%22%22%7D', 'share_link_desc': '5.61 b@N.JI mqE:/ 04/29 如何降低儿童未来的人生成本？ # 父母课堂 # 幼儿教育 # 亲子关系 # 育儿  %s 复制此链接，打开Dou音搜索，直接观看视频！'}, 'caption_template_id': 0, 'video_labels': None, 'shoot_way': '', 'is_ads': False, 'duration': 150371, 'aweme_type': 0, 'is_new_text_mode': 0, 'ai_follow_images': None, 'image_infos': None, 'risk_infos': {'vote': False, 'warn': False, 'risk_sink': False, 'type': 0, 'content': ''}, 'entertainment_video_type': 3, 'chapter_bar_color': None, 'position': None, 'uniqid_position': None, 'comment_list': None, 'author_user_id': 1965574329213736, 'product_genre_info': {'product_genre_type': 2, 'material_genre_sub_type_set': [4], 'special_info': {'recommend_group_name': 0}}, 'geofencing': [], 'is_from_ad_auth': False, 'is_moment_story': 0, 'region': '', 'video_text': None, 'video_share_edit_status': 0, 'collect_stat': 0, 'label_top_text': None, 'promotions': [], 'group_id': '7411372871798230287', 'prevent_download': False, 'nickname_position': None, 'challenge_position': None, 'trends_event_track': '{}', 'enable_comment_sticker_rec': False, 'mark_largely_following': False, 'long_video': None, 'aweme_listen_struct': {'trace_info': '{"copyright_not_speech":"false","copyright_reason":"has_listen_cp_new","copyright_tag_hit":"","copyright_use_aed_default":"false","copyright_use_tag_default":"false","cp_ab":"true","desc":"","duration_over":"false","hit_high_risk":"false","media_type":"4","reason":"hit_ab_0","show":"false"}'}, 'component_control': {'data_source_url': '/aweme/v1/web/aweme/post/'}, 'friend_recommend_info': {'friend_recommend_source': 10, 'label_user_list': None, 'disable_friend_recommend_guide_label': False}, 'nearby_hot_comment': None, 'interaction_stickers': None, 'can_cache_to_local': True, 'origin_comment_ids': None, 'commerce_config_data': None, 'douplus_user_type': 0, 'video_control': {'allow_download': False, 'share_type': 0, 'show_progress_bar': 1, 'draft_progress_bar': 1, 'allow_duet': True, 'allow_react': False, 'prevent_download_type': 2, 'allow_dynamic_wallpaper': False, 'timer_status': 1, 'allow_music': True, 'allow_stitch': False, 'allow_douplus': True, 'allow_share': True, 'share_grayed': False, 'download_ignore_visibility': False, 'duet_ignore_visibility': False, 'share_ignore_visibility': False, 'download_info': {'level': 1, 'fail_info': {'code': 290002, 'reason': 'isolation_content', 'msg': '视频暂时无法保存，链接已复制'}}, 'duet_info': {'level': 0}, 'allow_record': True, 'disable_record_reason': '', 'timer_info': {}}, 'aweme_control': {'can_forward': True, 'can_share': True, 'can_comment': True, 'can_show_comment': True}, 'interest_points': None, 'is_25_story': 0, 'aweme_type_tags': '', 'entertainment_video_paid_way': {'paid_ways': [], 'paid_type': 0, 'enable_use_new_ent_data': False}, 'anchors': None, 'hybrid_label': None, 'geofencing_regions': None, 'select_anchor_expanded_content': 0, 'aweme_acl': {'download_mask_panel': {'code': 1, 'show_type': 0}}, 'ent_log_extra': {'log_extra': '{"global_log_extra":null,"page_log_extra":null,"aweme_log_extra":{"ce_current_group_id":"7411372871798230287","author_id":"1965574329213736"},"extra_log_extra":null}'}, 'is_story': 0, 'publish_plus_alienation': {'alienation_type': 0}, 'trends_infos': None, 'follow_shot_assets': None, 'cover_labels': None, 'series_basic_info': {}, 'origin_duet_resource_uri': '', 'guide_btn_type': 0, 'cf_assets_type': 0, 'personal_page_botton_diagnose_style': 0, 'images': None, 'relation_labels': None, 'is_moment_history': 0, 'impression_data': {'group_id_list_a': [], 'group_id_list_b': [], 'similar_id_list_a': None, 'similar_id_list_b': None, 'group_id_list_c': [], 'group_id_list_d': []}, 'game_tag_info': {'is_game': False}, 'is_24_story': 0, 'libfinsert_task_id': '', 'social_tag_list': None, 'suggest_words': {'suggest_words': [{'words': [], 'scene': 'detail_inbox_rex', 'icon_url': '', 'hint_text': '', 'extra_info': '{}'}]}, 'show_follow_button': {}, 'duet_aggregate_in_music_tab': False, 'is_duet_sing': False, 'comment_permission_info': {'comment_permission_status': 0, 'can_comment': True, 'item_detail_entry': False, 'press_entry': False, 'toast_guide': False}, 'original_images': None, 'series_paid_info': {'series_paid_status': 0, 'item_price': 0}, 'img_bitrate': None, 'comment_gid': 7411372871798230287, 'image_album_music_info': {'begin_time': -1, 'end_time': -1, 'volume': -1}, 'video_tag': [{'tag_id': 2024, 'tag_name': '亲子', 'level': 1}, {'tag_id': 2024006, 'tag_name': '母婴', 'level': 2}, {'tag_id': 2024006003, 'tag_name': '育儿知识', 'level': 3}], 'is_collects_selected': 0, 'chapter_list': None, 'feed_comment_config': {'input_config_text': '善语结善缘，恶言伤人心', 'author_audit_status': 0, 'common_flags': '{"hashtag":"[{\\"name\\":\\"幼儿教育\\",\\"id\\":1591352385275918},{\\"name\\":\\"亲子关系\\",\\"id\\":1595199377513476},{\\"name\\":\\"育儿\\",\\"id\\":1767586940916743},{\\"name\\":\\"父母课堂\\",\\"id\\":1600624540786695}]","item_author_nickname":"孙瑞雪聊教育","video_labels_v2_tag1":"母婴","video_labels_v2_tag2":"育儿理念"}'}, 'is_image_beat': False, 'dislike_dimension_list': None, 'standard_bar_info_list': None, 'photo_search_entrance': {'ecom_type': 0}, 'is_life_item': False, 'image_list': None, 'component_info_v2': '{"desc_lines_limit":0,"hide_marquee":false}', 'item_warn_notification': {'type': 0, 'show': False, 'content': ''}, 'origin_text_extra': None, 'disable_relation_bar': 0, 'packed_clips': None, 'author_mask_tag': 0, 'user_recommend_status': 1, 'collection_corner_mark': 0, 'is_share_post': False, 'image_comment': {}, 'visual_search_info': {'is_show_img_entrance': False, 'is_ecom_img': False, 'is_high_accuracy_ecom': False, 'is_high_recall_ecom': False}, 'tts_id_list': None, 'ref_tts_id_list': None, 'voice_modify_id_list': None, 'ref_voice_modify_id_list': None, 'authentication_token': 'MS4wLjAAAAAAO7fy3EfT7OmByiW0ui2LAx339W0Icc8m8oSko5g0NKeUKObGcxibzAoNZKiBi-T_AHk6iV-ZEgV7AHhS5HRZgQuMHbcwnNnM80Fi4k0LhJqr0Kmdv847ZmbT-vW78a1WjnrnhxV4X_kAaE1On2zWU2k6b35ZtwF27OmcaacVKMNUSeDJTUFbazdzAfzVBCyf281mehAADwJFEsgQuZqSmqNFi6lsyxG874HZ0bTLukulN-N3ccRmXdtLivS0s5PS', 'video_game_data_channel_config': {}, 'dislike_dimension_list_v2': None, 'distribute_circle': {'distribute_type': 0, 'campus_block_interaction': False, 'is_campus': False}, 'image_crop_ctrl': 0, 'yumme_recreason': None, 'slides_music_beats': None, 'jump_tab_info_list': None, 'media_type': 4, 'reply_smart_emojis': None, 'activity_video_type': -1, 'boost_status': 0, 'create_scale_type': None, 'entertainment_product_info': {'sub_title': None, 'market_info': {'limit_free': {'in_free': False}, 'marketing_tag': None}}, 'caption': '如何降低儿童未来的人生成本？ #父母课堂  #幼儿教育  #亲子关系  #育儿', 'item_title': '', 'is_use_music': False, 'original': 0, 'xigua_base_info': {'status': 0, 'star_altar_order_id': 0, 'star_altar_type': 0, 'item_id': 0}}, {'aweme_id': '7411372408919117071', 'desc': '儿童童年所遇到的问题和成人的问题一样。 #父母课堂  #幼儿教育  #亲子关系  #育儿  #家庭教育', 'create_time': 1726307400, 'author': {'uid': '1965574329213736', 'card_entries_not_display': None, 'nickname': '孙瑞雪聊教育', 'personal_tag_list': None, 'homepage_bottom_toast': None, 'avatar_thumb': {'uri': '100x100/aweme-avatar/tos-cn-avt-0015_afee5b125df955a19af4c41159ad1295', 'url_list': ['https://p3-pc.douyinpic.com/aweme/100x100/aweme-avatar/tos-cn-avt-0015_afee5b125df955a19af4c41159ad1295.jpeg?from=327834062'], 'width': 720, 'height': 720}, 'batch_unfollow_contain_tabs': None, 'not_seen_item_id_list': None, 'follow_status': 0, 'contrail_list': None, 'story_interactive': 0, 'data_label_list': None, 'custom_verify': '', 'follower_list_secondary_information_struct': None, 'display_info': None, 'interest_tags': None, 'account_cert_info': '{}', 'user_tags': None, 'share_info': {'share_url': '', 'share_weibo_desc': '', 'share_desc': '', 'share_title': '', 'share_qrcode_url': {'uri': '31b0500316c4e154852bc', 'url_list': ['https://p3-pc-sign.douyinpic.com/obj/31b0500316c4e154852bc?lk3s=138a59ce&x-expires=1760990400&x-signature=VnOegD8kfOkclbkCT%2BIUAVSkQl4%3D&from=327834062'], 'width': 720, 'height': 720}, 'share_title_myself': '', 'share_title_other': '', 'share_desc_info': ''}, 'can_set_geofencing': None, 'sec_uid': 'MS4wLjABAAAAnAFnkWlOm9jteymsi42fanYLMzfbqdGIwCILEUqDNmFyjfK9N8fSJdS_D2UWk_we', 'need_points': None, 'enterprise_verify_reason': '', 'is_ad_fake': False, 'story_ttl': 0, 'user_permissions': None, 'card_entries': None, 'creator_tag_list': None, 'offline_info_list': None, 'text_extra': None, 'card_sort_priority': None, 'prevent_download': False, 'special_people_labels': None, 'white_cover_url': None, 'endorsement_info_list': None, 'follower_status': 0, 'profile_mob_params': None, 'familiar_visitor_user': None, 'avatar_schema_list': None, 'cover_url': [{'uri': 'c8510002be9a3a61aad2', 'url_list': ['https://p3-pc-sign.douyinpic.com/obj/c8510002be9a3a61aad2?lk3s=138a59ce&x-expires=1762178400&x-signature=bEz6E0nbTH1458RtDsUU87G74Mk%3D&from=327834062'], 'width': 720, 'height': 720}], 'cf_list': None, 'im_role_ids': None, 'not_seen_item_id_list_v2': None, 'signature_extra': None, 'risk_notice_text': '', 'ban_user_functions': None, 'profile_component_disabled': None, 'verification_permission_ids': None, 'identity_labels': None, 'private_relation_list': None, 'link_item_list': None, 'batch_unfollow_relation_desc': None}, 'music': {'id': 7411367937308986147, 'id_str': '7411367937308986147', 'title': '@孙瑞雪聊教育创作的原声', 'author': '孙瑞雪聊教育', 'album': '', 'cover_hd': {'uri': '1080x1080/aweme-avatar/tos-cn-avt-0015_afee5b125df955a19af4c41159ad1295', 'url_list': ['https://p3-pc.douyinpic.com/aweme/1080x1080/aweme-avatar/tos-cn-avt-0015_afee5b125df955a19af4c41159ad1295.jpeg?from=327834062'], 'width': 720, 'height': 720}, 'cover_large': {'uri': '1080x1080/aweme-avatar/tos-cn-avt-0015_afee5b125df955a19af4c41159ad1295', 'url_list': ['https://p3-pc.douyinpic.com/aweme/1080x1080/aweme-avatar/tos-cn-avt-0015_afee5b125df955a19af4c41159ad1295.jpeg?from=327834062'], 'width': 720, 'height': 720}, 'cover_medium': {'uri': '720x720/aweme-avatar/tos-cn-avt-0015_afee5b125df955a19af4c41159ad1295', 'url_list': ['https://p3-pc.douyinpic.com/aweme/720x720/aweme-avatar/tos-cn-avt-0015_afee5b125df955a19af4c41159ad1295.jpeg?from=327834062'], 'width': 720, 'height': 720}, 'cover_thumb': {'uri': '100x100/aweme-avatar/tos-cn-avt-0015_afee5b125df955a19af4c41159ad1295', 'url_list': ['https://p3-pc.douyinpic.com/aweme/100x100/aweme-avatar/tos-cn-avt-0015_afee5b125df955a19af4c41159ad1295.jpeg?from=327834062'], 'width': 720, 'height': 720}, 'play_url': {'uri': 'https://lf3-music-east.douyinstatic.com/obj/ies-music-hj/7411372643347090234.mp3', 'url_list': ['https://lf3-music-east.douyinstatic.com/obj/ies-music-hj/7411372643347090234.mp3', 'https://lf26-music-east.douyinstatic.com/obj/ies-music-hj/7411372643347090234.mp3'], 'width': 720, 'height': 720, 'url_key': '7411367937308986147'}, 'schema_url': '', 'source_platform': 23, 'start_time': 0, 'end_time': 0, 'duration': 157, 'extra': '{"aggregate_exempt_conf":[],"beats":{},"cover_colors":null,"douyin_beats_info":{},"dsp_switch":0,"extract_item_id":7411372408919117071,"has_edited":0,"hit_high_follow_auto":false,"hit_high_follow_extend":false,"hit_high_follow_original":false,"hotsoon_review_time":-1,"is_aed_music":0,"is_high_follow_user":false,"is_red":0,"is_subsidy_exp":false,"music_label_id":null,"music_tagging":{"AEDs":null,"Genres":null,"Instruments":null,"Languages":null,"Moods":null,"SingingVersions":null,"Themes":null},"review_unshelve_reason":0,"reviewed":0,"schedule_search_time":0,"uniqa_speech_score":0.7,"with_aed_model":0}', 'user_count': 0, 'position': None, 'collect_stat': 0, 'status': 1, 'offline_desc': '', 'owner_id': '1965574329213736', 'owner_nickname': '孙瑞雪聊教育', 'is_original': False, 'mid': '7411367937308986147', 'binded_challenge_id': 0, 'redirect': False, 'is_restricted': False, 'author_deleted': False, 'is_del_video': False, 'is_video_self_see': False, 'owner_handle': '63566855132', 'author_position': None, 'prevent_download': False, 'unshelve_countries': None, 'prevent_item_download_status': 0, 'external_song_info': [], 'sec_uid': 'MS4wLjABAAAAnAFnkWlOm9jteymsi42fanYLMzfbqdGIwCILEUqDNmFyjfK9N8fSJdS_D2UWk_we', 'avatar_thumb': {'uri': '100x100/aweme-avatar/tos-cn-avt-0015_afee5b125df955a19af4c41159ad1295', 'url_list': ['https://p3-pc.douyinpic.com/aweme/100x100/aweme-avatar/tos-cn-avt-0015_afee5b125df955a19af4c41159ad1295.jpeg?from=327834062'], 'width': 720, 'height': 720}, 'avatar_medium': {'uri': '720x720/aweme-avatar/tos-cn-avt-0015_afee5b125df955a19af4c41159ad1295', 'url_list': ['https://p3-pc.douyinpic.com/aweme/720x720/aweme-avatar/tos-cn-avt-0015_afee5b125df955a19af4c41159ad1295.jpeg?from=327834062'], 'width': 720, 'height': 720}, 'avatar_large': {'uri': '1080x1080/aweme-avatar/tos-cn-avt-0015_afee5b125df955a19af4c41159ad1295', 'url_list': ['https://p3-pc.douyinpic.com/aweme/1080x1080/aweme-avatar/tos-cn-avt-0015_afee5b125df955a19af4c41159ad1295.jpeg?from=327834062'], 'width': 720, 'height': 720}, 'preview_start_time': 0, 'preview_end_time': 0, 'is_commerce_music': False, 'is_original_sound': True, 'audition_duration': 157, 'shoot_duration': 157, 'reason_type': 0, 'artists': [], 'lyric_short_position': None, 'mute_share': False, 'tag_list': None, 'dmv_auto_show': False, 'is_pgc': False, 'is_matched_metadata': False, 'is_audio_url_with_cookie': False, 'music_chart_ranks': None, 'can_background_play': True, 'music_status': 1, 'video_duration': 157, 'pgc_music_type': 2, 'author_status': 1, 'search_impr': {'entity_id': '7411367937308986147'}, 'artist_user_infos': None, 'dsp_status': 10, 'musician_user_infos': None, 'music_collect_count': 0, 'music_cover_atmosphere_color_value': '', 'show_origin_clip': False}, 'effect_inflow_effects': None, 'video': {'play_addr': {'uri': 'v0200fg10000crd7nsvog65jt82mj78g', 'url_list': ['https://v5-dy-o-abtest.zjcdn.com/ba642fba104d432fe31074b3e33a8d2e/68f66e56/video/tos/cn/tos-cn-ve-0015c800/oMAV65IgCHAiRiTQLkenzbfgs3BgABWEpQOz6m/?a=6383&ch=10010&cr=3&dr=0&lr=all&cd=0%7C0%7C0%7C3&cv=1&br=1178&bt=1178&cs=0&ds=4&ft=c2YTctGHQPRUZxfusdr~kwPqYldQIKDEE-TerrNqq_45a&mime_type=video_mp4&qs=0&rc=OTo1aTY2NTc8MzQ5NztnZUBpajpwO205cnY6dTMzNGkzM0A2Yi8uMy4vXzUxYjI0LjVjYSM1Zy9xMmRza2FgLS1kLS9zcw%3D%3D&btag=80000e00028000&cquery=100H_100K_100o_101r_100B&dy_q=1760969609&feature_id=46a7bb47b4fd1280f3d3825bf2b29388&l=20251020221329FF810B6B17C3D024C6A3', 'https://v5-dy-o-abtest.zjcdn.com/ba642fba104d432fe31074b3e33a8d2e/68f66e56/video/tos/cn/tos-cn-ve-0015c800/oMAV65IgCHAiRiTQLkenzbfgs3BgABWEpQOz6m/?a=6383&ch=10010&cr=3&dr=0&lr=all&cd=0%7C0%7C0%7C3&cv=1&br=1178&bt=1178&cs=0&ds=4&ft=c2YTctGHQPRUZxfusdr~kwPqYldQIKDEE-TerrNqq_45a&mime_type=video_mp4&qs=0&rc=OTo1aTY2NTc8MzQ5NztnZUBpajpwO205cnY6dTMzNGkzM0A2Yi8uMy4vXzUxYjI0LjVjYSM1Zy9xMmRza2FgLS1kLS9zcw%3D%3D&btag=80000e00028000&cquery=100o_101r_100B_100H_100K&dy_q=1760969609&feature_id=46a7bb47b4fd1280f3d3825bf2b29388&l=20251020221329FF810B6B17C3D024C6A3', 'https://www.douyin.com/aweme/v1/play/?video_id=v0200fg10000crd7nsvog65jt82mj78g&line=0&file_id=fb8d187456e14089b42213631f22e796&sign=bddc66cafea3193f9a84930c5eda3f42&is_play_url=1&source=PackSourceEnum_PUBLISH'], 'width': 1080, 'height': 1920, 'url_key': 'v0200fg10000crd7nsvog65jt82mj78g_h264_1080p_1206869', 'data_size': 23791765, 'file_hash': 'bddc66cafea3193f9a84930c5eda3f42', 'file_cs': 'c:0-131018-e33e|a:v0200fg10000crd7nsvog65jt82mj78g'}, 'cover': {'uri': 'tos-cn-i-dy/00c1c3d9a7d1496f9c29ec5d2693468f', 'url_list': ['https://p3-pc-sign.douyinpic.com/tos-cn-i-dy/00c1c3d9a7d1496f9c29ec5d2693468f~tplv-dy-cropcenter:323:430.jpeg?lk3s=138a59ce&x-expires=2076328800&x-signature=66iEH5Uvfi44S6ZqIn9YrIqCG%2Bw%3D&from=327834062&s=PackSourceEnum_PUBLISH&se=true&sh=323_430&sc=cover&biz_tag=pcweb_cover&l=20251020221329FF810B6B17C3D024C6A3', 'https://p3-pc-sign.douyinpic.com/obj/tos-cn-i-dy/00c1c3d9a7d1496f9c29ec5d2693468f?lk3s=138a59ce&x-expires=2076328800&x-signature=8c3dOYapX6xrQQyP9s64dSw81zQ%3D&from=327834062&s=PackSourceEnum_PUBLISH&se=false&sc=cover&biz_tag=pcweb_cover&l=20251020221329FF810B6B17C3D024C6A3'], 'width': 720, 'height': 720}, 'height': 1920, 'width': 1080, 'dynamic_cover': {'uri': 'tos-cn-i-dy/00c1c3d9a7d1496f9c29ec5d2693468f', 'url_list': ['https://p3-pc-sign.douyinpic.com/obj/tos-cn-i-dy/00c1c3d9a7d1496f9c29ec5d2693468f?lk3s=138a59ce&x-expires=1762178400&x-signature=ShmOj0imKmV1bYy2C8tOfRbCCfM%3D&from=327834062_large&s=PackSourceEnum_PUBLISH&se=false&sc=dynamic_cover&biz_tag=pcweb_cover&l=20251020221329FF810B6B17C3D024C6A3', 'https://p9-pc-sign.douyinpic.com/obj/tos-cn-i-dy/00c1c3d9a7d1496f9c29ec5d2693468f?lk3s=138a59ce&x-expires=1762178400&x-signature=FCMtBCGHWyighCpCGSGFsE4szQs%3D&from=327834062_large&s=PackSourceEnum_PUBLISH&se=false&sc=dynamic_cover&biz_tag=pcweb_cover&l=20251020221329FF810B6B17C3D024C6A3'], 'width': 720, 'height': 720}, 'origin_cover': {'uri': 'tos-cn-p-0015/o0fkd3IggEA2nJ0eBfLQ0kOmEBfWjHAqGIesDP', 'url_list': ['https://p3-pc-sign.douyinpic.com/tos-cn-p-0015/o0fkd3IggEA2nJ0eBfLQ0kOmEBfWjHAqGIesDP~tplv-dy-360p.jpeg?lk3s=138a59ce&x-expires=1762178400&x-signature=1kfzLkMDhf5mcz3abp5LqF7pBVc%3D&from=327834062&s=PackSourceEnum_PUBLISH&se=false&sc=origin_cover&biz_tag=pcweb_cover&l=20251020221329FF810B6B17C3D024C6A3', 'https://p9-pc-sign.douyinpic.com/tos-cn-p-0015/o0fkd3IggEA2nJ0eBfLQ0kOmEBfWjHAqGIesDP~tplv-dy-360p.jpeg?lk3s=138a59ce&x-expires=1762178400&x-signature=W4GUJ%2BxxV1CT2ejsWZ8vF5%2Fu%2B9w%3D&from=327834062&s=PackSourceEnum_PUBLISH&se=false&sc=origin_cover&biz_tag=pcweb_cover&l=20251020221329FF810B6B17C3D024C6A3'], 'width': 360, 'height': 640}, 'ratio': '1080p', 'format': 'mp4', 'audio': {'original_sound_infos': None}, 'bit_rate': [{'gear_name': 'normal_1080_0', 'quality_type': 1, 'bit_rate': 1206869, 'play_addr': {'uri': 'v0200fg10000crd7nsvog65jt82mj78g', 'url_list': ['https://v5-dy-o-abtest.zjcdn.com/ba642fba104d432fe31074b3e33a8d2e/68f66e56/video/tos/cn/tos-cn-ve-0015c800/oMAV65IgCHAiRiTQLkenzbfgs3BgABWEpQOz6m/?a=6383&ch=10010&cr=3&dr=0&lr=all&cd=0%7C0%7C0%7C3&cv=1&br=1178&bt=1178&cs=0&ds=4&ft=c2YTctGHQPRUZxfusdr~kwPqYldQIKDEE-TerrNqq_45a&mime_type=video_mp4&qs=0&rc=OTo1aTY2NTc8MzQ5NztnZUBpajpwO205cnY6dTMzNGkzM0A2Yi8uMy4vXzUxYjI0LjVjYSM1Zy9xMmRza2FgLS1kLS9zcw%3D%3D&btag=80000e00028000&cquery=100H_100K_100o_101r_100B&dy_q=1760969609&feature_id=46a7bb47b4fd1280f3d3825bf2b29388&l=20251020221329FF810B6B17C3D024C6A3', 'https://v5-dy-o-abtest.zjcdn.com/ba642fba104d432fe31074b3e33a8d2e/68f66e56/video/tos/cn/tos-cn-ve-0015c800/oMAV65IgCHAiRiTQLkenzbfgs3BgABWEpQOz6m/?a=6383&ch=10010&cr=3&dr=0&lr=all&cd=0%7C0%7C0%7C3&cv=1&br=1178&bt=1178&cs=0&ds=4&ft=c2YTctGHQPRUZxfusdr~kwPqYldQIKDEE-TerrNqq_45a&mime_type=video_mp4&qs=0&rc=OTo1aTY2NTc8MzQ5NztnZUBpajpwO205cnY6dTMzNGkzM0A2Yi8uMy4vXzUxYjI0LjVjYSM1Zy9xMmRza2FgLS1kLS9zcw%3D%3D&btag=80000e00028000&cquery=100o_101r_100B_100H_100K&dy_q=1760969609&feature_id=46a7bb47b4fd1280f3d3825bf2b29388&l=20251020221329FF810B6B17C3D024C6A3', 'https://www.douyin.com/aweme/v1/play/?video_id=v0200fg10000crd7nsvog65jt82mj78g&line=0&file_id=fb8d187456e14089b42213631f22e796&sign=bddc66cafea3193f9a84930c5eda3f42&is_play_url=1&source=PackSourceEnum_PUBLISH'], 'width': 1080, 'height': 1920, 'url_key': 'v0200fg10000crd7nsvog65jt82mj78g_h264_1080p_1206869', 'data_size': 23791765, 'file_hash': 'bddc66cafea3193f9a84930c5eda3f42', 'file_cs': 'c:0-131018-e33e|a:v0200fg10000crd7nsvog65jt82mj78g'}, 'is_h265': 0, 'is_bytevc1': 0, 'HDR_type': '', 'HDR_bit': '', 'FPS': 30, 'video_extra': '{"PktOffsetMap":"[{\\"time\\": 1, \\"offset\\": 488803}, {\\"time\\": 2, \\"offset\\": 705666}, {\\"time\\": 3, \\"offset\\": 886002}, {\\"time\\": 4, \\"offset\\": 1045512}, {\\"time\\": 5, \\"offset\\": 1212095}, {\\"time\\": 10, \\"offset\\": 2155451}]","format":"mp4","definition":"1080p","quality":"normal","file_id":"fb8d187456e14089b42213631f22e796","applog_map":{"feature_id":"46a7bb47b4fd1280f3d3825bf2b29388"},"audio_channels":"2.0","audio_sample_rate":"44100","audio_metrics":null,"audio_score":null}', 'format': 'mp4'}, {'gear_name': 'normal_720_0', 'quality_type': 10, 'bit_rate': 857299, 'play_addr': {'uri': 'v0200fg10000crd7nsvog65jt82mj78g', 'url_list': ['https://v5-dy-o-abtest.zjcdn.com/8ffe5fac486b92fa8ede64b716f76807/68f66e56/video/tos/cn/tos-cn-ve-0015c800/ocgAPvmI0AOD3BrfgzCGnfEWFAA9Gg2n0iT1gQ/?a=6383&ch=10010&cr=3&dr=0&lr=all&cd=0%7C0%7C0%7C3&cv=1&br=837&bt=837&cs=0&ds=3&ft=c2YTctGHQPRUZxfusdr~kwPqYldQIKDEE-TerrNqq_45a&mime_type=video_mp4&qs=0&rc=N2hpMzo4NWU7ZDVoNzc8aEBpajpwO205cnY6dTMzNGkzM0BhMjVfXjQvXzYxLjFeYTM0YSM1Zy9xMmRza2FgLS1kLS9zcw%3D%3D&btag=80000e00028000&cquery=100K_100o_101r_100B_100H&dy_q=1760969609&feature_id=2e1813f3872a2105acee44623dff2864&l=20251020221329FF810B6B17C3D024C6A3', 'https://v5-dy-o-abtest.zjcdn.com/8ffe5fac486b92fa8ede64b716f76807/68f66e56/video/tos/cn/tos-cn-ve-0015c800/ocgAPvmI0AOD3BrfgzCGnfEWFAA9Gg2n0iT1gQ/?a=6383&ch=10010&cr=3&dr=0&lr=all&cd=0%7C0%7C0%7C3&cv=1&br=837&bt=837&cs=0&ds=3&ft=c2YTctGHQPRUZxfusdr~kwPqYldQIKDEE-TerrNqq_45a&mime_type=video_mp4&qs=0&rc=N2hpMzo4NWU7ZDVoNzc8aEBpajpwO205cnY6dTMzNGkzM0BhMjVfXjQvXzYxLjFeYTM0YSM1Zy9xMmRza2FgLS1kLS9zcw%3D%3D&btag=80000e00028000&cquery=100H_100K_100o_101r_100B&dy_q=1760969609&feature_id=2e1813f3872a2105acee44623dff2864&l=20251020221329FF810B6B17C3D024C6A3', 'https://www.douyin.com/aweme/v1/play/?video_id=v0200fg10000crd7nsvog65jt82mj78g&line=0&file_id=7e69d4a44e124a98bb2275a7b08f5ed4&sign=2870a728a79b01eb182fb75ebb769a9d&is_play_url=1&source=PackSourceEnum_PUBLISH'], 'width': 720, 'height': 1280, 'url_key': 'v0200fg10000crd7nsvog65jt82mj78g_h264_720p_857299', 'data_size': 16900486, 'file_hash': '2870a728a79b01eb182fb75ebb769a9d', 'file_cs': 'c:0-172653-c73a'}, 'is_h265': 0, 'is_bytevc1': 0, 'HDR_type': '', 'HDR_bit': '', 'FPS': 30, 'video_extra': '{"PktOffsetMap":"[{\\"time\\": 1, \\"offset\\": 409866}, {\\"time\\": 2, \\"offset\\": 552421}, {\\"time\\": 3, \\"offset\\": 660849}, {\\"time\\": 4, \\"offset\\": 774495}, {\\"time\\": 5, \\"offset\\": 883050}, {\\"time\\": 10, \\"offset\\": 1536939}]","format":"mp4","definition":"720p","quality":"normal","file_id":"7e69d4a44e124a98bb2275a7b08f5ed4","applog_map":{"feature_id":"2e1813f3872a2105acee44623dff2864"},"audio_channels":"2.0","audio_sample_rate":"44100","audio_metrics":null,"audio_score":null}', 'format': 'mp4'}, {'gear_name': 'low_720_0', 'quality_type': 211, 'bit_rate': 839207, 'play_addr': {'uri': 'v0200fg10000crd7nsvog65jt82mj78g', 'url_list': ['https://v5-dy-o-abtest.zjcdn.com/76479f0f4943b6c06d0affca13c4f9e9/68f66e56/video/tos/cn/tos-cn-ve-0015c800/o8TBPp5fzn8ziAAzI3mRe4nBgiCACWQg6VbSEx/?a=6383&ch=10010&cr=3&dr=0&lr=all&cd=0%7C0%7C0%7C3&cv=1&br=819&bt=819&cs=0&ds=3&ft=c2YTctGHQPRUZxfusdr~kwPqYldQIKDEE-TerrNqq_45a&mime_type=video_mp4&qs=1&rc=aWg2M2k6aGU6NGQ5NDtmOEBpajpwO205cnY6dTMzNGkzM0AwL140X2NiX2MxYDEyXzUtYSM1Zy9xMmRza2FgLS1kLS9zcw%3D%3D&btag=80000e00028000&cquery=100o_101r_100B_100H_100K&dy_q=1760969609&feature_id=46a7bb47b4fd1280f3d3825bf2b29388&l=20251020221329FF810B6B17C3D024C6A3', 'https://v5-dy-o-abtest.zjcdn.com/76479f0f4943b6c06d0affca13c4f9e9/68f66e56/video/tos/cn/tos-cn-ve-0015c800/o8TBPp5fzn8ziAAzI3mRe4nBgiCACWQg6VbSEx/?a=6383&ch=10010&cr=3&dr=0&lr=all&cd=0%7C0%7C0%7C3&cv=1&br=819&bt=819&cs=0&ds=3&ft=c2YTctGHQPRUZxfusdr~kwPqYldQIKDEE-TerrNqq_45a&mime_type=video_mp4&qs=1&rc=aWg2M2k6aGU6NGQ5NDtmOEBpajpwO205cnY6dTMzNGkzM0AwL140X2NiX2MxYDEyXzUtYSM1Zy9xMmRza2FgLS1kLS9zcw%3D%3D&btag=80000e00028000&cquery=100B_100H_100K_100o_101r&dy_q=1760969609&feature_id=46a7bb47b4fd1280f3d3825bf2b29388&l=20251020221329FF810B6B17C3D024C6A3', 'https://www.douyin.com/aweme/v1/play/?video_id=v0200fg10000crd7nsvog65jt82mj78g&line=0&file_id=058cb85146ca41f7bbeef7bf70a32e3f&sign=65d0a3f3d307f7bfc60b60ae359675ab&is_play_url=1&source=PackSourceEnum_PUBLISH'], 'width': 720, 'height': 1280, 'url_key': 'v0200fg10000crd7nsvog65jt82mj78g_h264_720p_839207', 'data_size': 16543819, 'file_hash': '65d0a3f3d307f7bfc60b60ae359675ab', 'file_cs': 'c:0-131016-f86f|a:v0200fg10000crd7nsvog65jt82mj78g'}, 'is_h265': 0, 'is_bytevc1': 0, 'HDR_type': '', 'HDR_bit': '', 'FPS': 30, 'video_extra': '{"PktOffsetMap":"[{\\"time\\": 1, \\"offset\\": 375295}, {\\"time\\": 2, \\"offset\\": 524173}, {\\"time\\": 3, \\"offset\\": 644940}, {\\"time\\": 4, \\"offset\\": 755841}, {\\"time\\": 5, \\"offset\\": 876067}, {\\"time\\": 10, \\"offset\\": 1511987}]","format":"mp4","definition":"720p","quality":"low","file_id":"058cb85146ca41f7bbeef7bf70a32e3f","applog_map":{"feature_id":"46a7bb47b4fd1280f3d3825bf2b29388"},"audio_channels":"2.0","audio_sample_rate":"44100","audio_metrics":null,"audio_score":null}', 'format': 'mp4'}, {'gear_name': 'low_540_0', 'quality_type': 292, 'bit_rate': 804069, 'play_addr': {'uri': 'v0200fg10000crd7nsvog65jt82mj78g', 'url_list': ['https://v5-dy-o-abtest.zjcdn.com/b16c836eb14226d38564da575d32f38b/68f66e56/video/tos/cn/tos-cn-ve-0015c800/oM2fgPdHAGIemAd8EvoIeLoPfEQUnRBqse0WkA/?a=6383&ch=10010&cr=3&dr=0&lr=all&cd=0%7C0%7C0%7C3&cv=1&br=785&bt=785&cs=0&ds=6&ft=c2YTctGHQPRUZxfusdr~kwPqYldQIKDEE-TerrNqq_45a&mime_type=video_mp4&qs=1&rc=Ozk6ZTc2ZDo8M2c4NWY3ZUBpajpwO205cnY6dTMzNGkzM0A0YzM2MzQvXzMxYF9gMF8vYSM1Zy9xMmRza2FgLS1kLS9zcw%3D%3D&btag=80000e00028000&cquery=100o_101r_100B_100H_100K&dy_q=1760969609&feature_id=46a7bb47b4fd1280f3d3825bf2b29388&l=20251020221329FF810B6B17C3D024C6A3', 'https://v5-dy-o-abtest.zjcdn.com/b16c836eb14226d38564da575d32f38b/68f66e56/video/tos/cn/tos-cn-ve-0015c800/oM2fgPdHAGIemAd8EvoIeLoPfEQUnRBqse0WkA/?a=6383&ch=10010&cr=3&dr=0&lr=all&cd=0%7C0%7C0%7C3&cv=1&br=785&bt=785&cs=0&ds=6&ft=c2YTctGHQPRUZxfusdr~kwPqYldQIKDEE-TerrNqq_45a&mime_type=video_mp4&qs=1&rc=Ozk6ZTc2ZDo8M2c4NWY3ZUBpajpwO205cnY6dTMzNGkzM0A0YzM2MzQvXzMxYF9gMF8vYSM1Zy9xMmRza2FgLS1kLS9zcw%3D%3D&btag=80000e00028000&cquery=100K_100o_101r_100B_100H&dy_q=1760969609&feature_id=46a7bb47b4fd1280f3d3825bf2b29388&l=20251020221329FF810B6B17C3D024C6A3', 'https://www.douyin.com/aweme/v1/play/?video_id=v0200fg10000crd7nsvog65jt82mj78g&line=0&file_id=2bb43cc2b5cd4069b72a73649b67f678&sign=ebac90bf3cf30ceb01b1c185ad938927&is_play_url=1&source=PackSourceEnum_PUBLISH'], 'width': 576, 'height': 1024, 'url_key': 'v0200fg10000crd7nsvog65jt82mj78g_h264_540p_804069', 'data_size': 15851133, 'file_hash': 'ebac90bf3cf30ceb01b1c185ad938927', 'file_cs': 'c:0-131008-5d07|a:v0200fg10000crd7nsvog65jt82mj78g'}, 'is_h265': 0, 'is_bytevc1': 0, 'HDR_type': '', 'HDR_bit': '', 'FPS': 30, 'video_extra': '{"PktOffsetMap":"[{\\"time\\": 1, \\"offset\\": 364925}, {\\"time\\": 2, \\"offset\\": 500122}, {\\"time\\": 3, \\"offset\\": 611093}, {\\"time\\": 4, \\"offset\\": 717866}, {\\"time\\": 5, \\"offset\\": 833881}, {\\"time\\": 10, \\"offset\\": 1438194}]","format":"mp4","definition":"540p","quality":"low","file_id":"2bb43cc2b5cd4069b72a73649b67f678","applog_map":{"feature_id":"46a7bb47b4fd1280f3d3825bf2b29388"},"audio_channels":"2.0","audio_sample_rate":"44100","audio_metrics":null,"audio_score":null}', 'format': 'mp4'}, {'gear_name': 'adapt_low_540_0', 'quality_type': 291, 'bit_rate': 548885, 'play_addr': {'uri': 'v0200fg10000crd7nsvog65jt82mj78g', 'url_list': ['https://v5-dy-o-abtest.zjcdn.com/6e56e69a496eea1e73fb79f5b23b62c1/68f66e56/video/tos/cn/tos-cn-ve-0015c800/oI36zAfgCbEQR4ebA5gVIpiiX5KnUznZBJATBO/?a=6383&ch=10010&cr=3&dr=0&lr=all&cd=0%7C0%7C0%7C3&cv=1&br=536&bt=536&cs=0&ds=6&ft=c2YTctGHQPRUZxfusdr~kwPqYldQIKDEE-TerrNqq_45a&mime_type=video_mp4&qs=12&rc=NWZpNWhnNTg8NjRkaGlkOUBpajpwO205cnY6dTMzNGkzM0AuYWMyMGJhNTYxNDMyNi0uYSM1Zy9xMmRza2FgLS1kLS9zcw%3D%3D&btag=80000e00028000&cquery=100K_100o_101r_100B_100H&dy_q=1760969609&feature_id=46a7bb47b4fd1280f3d3825bf2b29388&l=20251020221329FF810B6B17C3D024C6A3', 'https://v5-dy-o-abtest.zjcdn.com/6e56e69a496eea1e73fb79f5b23b62c1/68f66e56/video/tos/cn/tos-cn-ve-0015c800/oI36zAfgCbEQR4ebA5gVIpiiX5KnUznZBJATBO/?a=6383&ch=10010&cr=3&dr=0&lr=all&cd=0%7C0%7C0%7C3&cv=1&br=536&bt=536&cs=0&ds=6&ft=c2YTctGHQPRUZxfusdr~kwPqYldQIKDEE-TerrNqq_45a&mime_type=video_mp4&qs=12&rc=NWZpNWhnNTg8NjRkaGlkOUBpajpwO205cnY6dTMzNGkzM0AuYWMyMGJhNTYxNDMyNi0uYSM1Zy9xMmRza2FgLS1kLS9zcw%3D%3D&btag=80000e00028000&cquery=101r_100B_100H_100K_100o&dy_q=1760969609&feature_id=46a7bb47b4fd1280f3d3825bf2b29388&l=20251020221329FF810B6B17C3D024C6A3', 'https://www.douyin.com/aweme/v1/play/?video_id=v0200fg10000crd7nsvog65jt82mj78g&line=0&file_id=160a9f5e6a71439985d2ed3e52ffdc12&sign=d712e1295c74c31eadfe601b30d20777&is_play_url=1&source=PackSourceEnum_PUBLISH'], 'width': 576, 'height': 1024, 'url_key': 'v0200fg10000crd7nsvog65jt82mj78g_h264_540p_548885', 'data_size': 10820526, 'file_hash': 'd712e1295c74c31eadfe601b30d20777', 'file_cs': 'c:0-131007-809d|a:v0200fg10000crd7nsvog65jt82mj78g'}, 'is_h265': 0, 'is_bytevc1': 0, 'HDR_type': '', 'HDR_bit': '', 'FPS': 30, 'video_extra': '{"PktOffsetMap":"[{\\"time\\": 1, \\"offset\\": 296245}, {\\"time\\": 2, \\"offset\\": 388583}, {\\"time\\": 3, \\"offset\\": 461962}, {\\"time\\": 4, \\"offset\\": 534089}, {\\"time\\": 5, \\"offset\\": 610637}, {\\"time\\": 10, \\"offset\\": 1022742}]","format":"mp4","definition":"540p","quality":"adapt_low","file_id":"160a9f5e6a71439985d2ed3e52ffdc12","applog_map":{"feature_id":"46a7bb47b4fd1280f3d3825bf2b29388"},"audio_channels":"2.0","audio_sample_rate":"44100","audio_metrics":null,"audio_score":null}', 'format': 'mp4'}, {'gear_name': 'adapt_lowest_1080_1', 'quality_type': 2, 'bit_rate': 392286, 'play_addr': {'uri': 'v0200fg10000crd7nsvog65jt82mj78g', 'url_list': ['https://v5-dy-o-abtest.zjcdn.com/3e0b42f525990d478003863b61f98823/68f66e56/video/tos/cn/tos-cn-ve-0015c800/oQkgAVfBCIzJepzA6dgRDbnTlBPAXi3YiQH5Eg/?a=6383&ch=10010&cr=3&dr=0&lr=all&cd=0%7C0%7C0%7C3&cv=1&br=383&bt=383&cs=2&ds=4&ft=c2YTctGHQPRUZxfusdr~kwPqYldQIKDEE-TerrNqq_45a&mime_type=video_mp4&qs=15&rc=ZTg8OGU6aGk7Ozg6M2Q0ZEBpajpwO205cnY6dTMzNGkzM0AuMDRfYGAxNmAxLjVgLWM1YSM1Zy9xMmRza2FgLS1kLS9zcw%3D%3D&btag=80000e00028000&cquery=101r_100B_100H_100K_100o&dy_q=1760969609&feature_id=c6de0308cacfd993ef282c8e1c646267&l=20251020221329FF810B6B17C3D024C6A3', 'https://v5-dy-o-abtest.zjcdn.com/3e0b42f525990d478003863b61f98823/68f66e56/video/tos/cn/tos-cn-ve-0015c800/oQkgAVfBCIzJepzA6dgRDbnTlBPAXi3YiQH5Eg/?a=6383&ch=10010&cr=3&dr=0&lr=all&cd=0%7C0%7C0%7C3&cv=1&br=383&bt=383&cs=2&ds=4&ft=c2YTctGHQPRUZxfusdr~kwPqYldQIKDEE-TerrNqq_45a&mime_type=video_mp4&qs=15&rc=ZTg8OGU6aGk7Ozg6M2Q0ZEBpajpwO205cnY6dTMzNGkzM0AuMDRfYGAxNmAxLjVgLWM1YSM1Zy9xMmRza2FgLS1kLS9zcw%3D%3D&btag=80000e00028000&cquery=101r_100B_100H_100K_100o&dy_q=1760969609&feature_id=c6de0308cacfd993ef282c8e1c646267&l=20251020221329FF810B6B17C3D024C6A3', 'https://www.douyin.com/aweme/v1/play/?video_id=v0200fg10000crd7nsvog65jt82mj78g&line=0&file_id=8af10ac0871548c89f4ec7cbb579351b&sign=235acebd270d988f6c5c41784adcbd77&is_play_url=1&source=PackSourceEnum_PUBLISH'], 'width': 1080, 'height': 1920, 'url_key': 'v0200fg10000crd7nsvog65jt82mj78g_bytevc1_1080p_392286', 'data_size': 7733390, 'file_hash': '235acebd270d988f6c5c41784adcbd77', 'file_cs': 'c:0-131177-09ac'}, 'is_h265': 1, 'is_bytevc1': 1, 'HDR_type': '', 'HDR_bit': '', 'FPS': 30, 'video_extra': '{"PktOffsetMap":"[{\\"time\\": 1, \\"offset\\": 270086}, {\\"time\\": 2, \\"offset\\": 335029}, {\\"time\\": 3, \\"offset\\": 395359}, {\\"time\\": 4, \\"offset\\": 460263}, {\\"time\\": 5, \\"offset\\": 511826}, {\\"time\\": 10, \\"offset\\": 809674}]","format":"mp4","definition":"1080p","quality":"adapt_lowest","file_id":"8af10ac0871548c89f4ec7cbb579351b","applog_map":{"feature_id":"c6de0308cacfd993ef282c8e1c646267"},"mvmaf":"{\\"mvmaf_sr_v1080\\":-1,\\"mvmaf_sr_v960\\":-1,\\"mvmaf_sr_v864\\":-1,\\"mvmaf_sr_v720\\":-1,\\"mvmaf_ori_v1080\\":91.685,\\"mvmaf_ori_v960\\":92.723,\\"mvmaf_ori_v864\\":93.111,\\"mvmaf_ori_v720\\":94.161}","audio_channels":"2.0","audio_sample_rate":"44100","audio_metrics":null,"audio_score":null}', 'format': 'mp4'}, {'gear_name': 'adapt_lowest_720_1', 'quality_type': 15, 'bit_rate': 331833, 'play_addr': {'uri': 'v0200fg10000crd7nsvog65jt82mj78g', 'url_list': ['https://v5-dy-o-abtest.zjcdn.com/a0a918d06ab5ed9f693fd1f33dc911e8/68f66e56/video/tos/cn/tos-cn-ve-0015c800/oAq2PTfWYAePAsfVAgLE0wQGneBdmEeIEHInKR/?a=6383&ch=10010&cr=3&dr=0&lr=all&cd=0%7C0%7C0%7C3&cv=1&br=324&bt=324&cs=2&ds=3&ft=c2YTctGHQPRUZxfusdr~kwPqYldQIKDEE-TerrNqq_45a&mime_type=video_mp4&qs=15&rc=OTQ0NGQ5ZzxkOWc2aWRkZEBpajpwO205cnY6dTMzNGkzM0AzNjUtMS1hNWIxYjU0LS5jYSM1Zy9xMmRza2FgLS1kLS9zcw%3D%3D&btag=80000e00028000&cquery=101r_100B_100H_100K_100o&dy_q=1760969609&feature_id=c6de0308cacfd993ef282c8e1c646267&l=20251020221329FF810B6B17C3D024C6A3', 'https://v5-dy-o-abtest.zjcdn.com/a0a918d06ab5ed9f693fd1f33dc911e8/68f66e56/video/tos/cn/tos-cn-ve-0015c800/oAq2PTfWYAePAsfVAgLE0wQGneBdmEeIEHInKR/?a=6383&ch=10010&cr=3&dr=0&lr=all&cd=0%7C0%7C0%7C3&cv=1&br=324&bt=324&cs=2&ds=3&ft=c2YTctGHQPRUZxfusdr~kwPqYldQIKDEE-TerrNqq_45a&mime_type=video_mp4&qs=15&rc=OTQ0NGQ5ZzxkOWc2aWRkZEBpajpwO205cnY6dTMzNGkzM0AzNjUtMS1hNWIxYjU0LS5jYSM1Zy9xMmRza2FgLS1kLS9zcw%3D%3D&btag=80000e00028000&cquery=100o_101r_100B_100H_100K&dy_q=1760969609&feature_id=c6de0308cacfd993ef282c8e1c646267&l=20251020221329FF810B6B17C3D024C6A3', 'https://www.douyin.com/aweme/v1/play/?video_id=v0200fg10000crd7nsvog65jt82mj78g&line=0&file_id=fa1a0a7f83ed46ea89dd064a01819166&sign=947dd3a7dc747f454d14c1c3e4859627&is_play_url=1&source=PackSourceEnum_PUBLISH'], 'width': 720, 'height': 1280, 'url_key': 'v0200fg10000crd7nsvog65jt82mj78g_bytevc1_720p_331833', 'data_size': 6541635, 'file_hash': '947dd3a7dc747f454d14c1c3e4859627', 'file_cs': 'c:0-131177-01f6'}, 'is_h265': 1, 'is_bytevc1': 1, 'HDR_type': '', 'HDR_bit': '', 'FPS': 30, 'video_extra': '{"PktOffsetMap":"[{\\"time\\": 1, \\"offset\\": 236570}, {\\"time\\": 2, \\"offset\\": 288386}, {\\"time\\": 3, \\"offset\\": 337564}, {\\"time\\": 4, \\"offset\\": 391357}, {\\"time\\": 5, \\"offset\\": 435215}, {\\"time\\": 10, \\"offset\\": 671930}]","format":"mp4","definition":"720p","quality":"adapt_lowest","file_id":"fa1a0a7f83ed46ea89dd064a01819166","applog_map":{"feature_id":"c6de0308cacfd993ef282c8e1c646267"},"mvmaf":"{\\"mvmaf_sr_v1080\\":96.499,\\"mvmaf_sr_v960\\":97.503,\\"mvmaf_sr_v864\\":98.375,\\"mvmaf_sr_v720\\":99.557,\\"mvmaf_ori_v1080\\":85.751,\\"mvmaf_ori_v960\\":89.305,\\"mvmaf_ori_v864\\":90.378,\\"mvmaf_ori_v720\\":93.593}","audio_channels":"2.0","audio_sample_rate":"44100","audio_metrics":null,"audio_score":null}', 'format': 'mp4'}, {'gear_name': 'adapt_540_1', 'quality_type': 28, 'bit_rate': 304678, 'play_addr': {'uri': 'v0200fg10000crd7nsvog65jt82mj78g', 'url_list': ['https://v5-dy-o-abtest.zjcdn.com/8bb561f286d71043245feeaefa645b8a/68f66e56/video/tos/cn/tos-cn-ve-0015c800/o4FAdvmIKAODeBrwgzConfENFAA9Pg2nCiT1LQ/?a=6383&ch=10010&cr=3&dr=0&lr=all&cd=0%7C0%7C0%7C3&cv=1&br=297&bt=297&cs=2&ds=6&ft=c2YTctGHQPRUZxfusdr~kwPqYldQIKDEE-TerrNqq_45a&mime_type=video_mp4&qs=11&rc=ZGY5aWg0MzQ1NTQ0ZmdpM0BpajpwO205cnY6dTMzNGkzM0AwYy8wMTNfX18xYDNeLi4wYSM1Zy9xMmRza2FgLS1kLS9zcw%3D%3D&btag=80000e00028000&cquery=100B_100H_100K_100o_101r&dy_q=1760969609&feature_id=c6de0308cacfd993ef282c8e1c646267&l=20251020221329FF810B6B17C3D024C6A3', 'https://v5-dy-o-abtest.zjcdn.com/8bb561f286d71043245feeaefa645b8a/68f66e56/video/tos/cn/tos-cn-ve-0015c800/o4FAdvmIKAODeBrwgzConfENFAA9Pg2nCiT1LQ/?a=6383&ch=10010&cr=3&dr=0&lr=all&cd=0%7C0%7C0%7C3&cv=1&br=297&bt=297&cs=2&ds=6&ft=c2YTctGHQPRUZxfusdr~kwPqYldQIKDEE-TerrNqq_45a&mime_type=video_mp4&qs=11&rc=ZGY5aWg0MzQ1NTQ0ZmdpM0BpajpwO205cnY6dTMzNGkzM0AwYy8wMTNfX18xYDNeLi4wYSM1Zy9xMmRza2FgLS1kLS9zcw%3D%3D&btag=80000e00028000&cquery=100K_100o_101r_100B_100H&dy_q=1760969609&feature_id=c6de0308cacfd993ef282c8e1c646267&l=20251020221329FF810B6B17C3D024C6A3', 'https://www.douyin.com/aweme/v1/play/?video_id=v0200fg10000crd7nsvog65jt82mj78g&line=0&file_id=301f1dac61c142b2b1b0614e3f26fc3a&sign=cb826bdb661659ab8b5bb70d2299f441&is_play_url=1&source=PackSourceEnum_PUBLISH'], 'width': 576, 'height': 1024, 'url_key': 'v0200fg10000crd7nsvog65jt82mj78g_bytevc1_540p_304678', 'data_size': 6006316, 'file_hash': 'cb826bdb661659ab8b5bb70d2299f441', 'file_cs': 'c:0-131177-3ce8'}, 'is_h265': 1, 'is_bytevc1': 1, 'HDR_type': '', 'HDR_bit': '', 'FPS': 30, 'video_extra': '{"PktOffsetMap":"[{\\"time\\": 1, \\"offset\\": 228025}, {\\"time\\": 2, \\"offset\\": 276419}, {\\"time\\": 3, \\"offset\\": 321946}, {\\"time\\": 4, \\"offset\\": 371335}, {\\"time\\": 5, \\"offset\\": 411285}, {\\"time\\": 10, \\"offset\\": 632666}]","format":"mp4","definition":"540p","quality":"adapt","file_id":"301f1dac61c142b2b1b0614e3f26fc3a","applog_map":{"feature_id":"c6de0308cacfd993ef282c8e1c646267"},"mvmaf":"{\\"mvmaf_sr_v1080\\":93.776,\\"mvmaf_sr_v960\\":95.946,\\"mvmaf_sr_v864\\":97.201,\\"mvmaf_sr_v720\\":98.884,\\"mvmaf_ori_v1080\\":83.506,\\"mvmaf_ori_v960\\":86.857,\\"mvmaf_ori_v864\\":88.335,\\"mvmaf_ori_v720\\":91.48}","audio_channels":"2.0","audio_sample_rate":"44100","audio_metrics":null,"audio_score":null}', 'format': 'mp4'}, {'gear_name': 'adapt_lower_540_1', 'quality_type': 21, 'bit_rate': 273075, 'play_addr': {'uri': 'v0200fg10000crd7nsvog65jt82mj78g', 'url_list': ['https://v5-dy-o-abtest.zjcdn.com/c4cfee78efb9b5ec0798f53ecd078fd9/68f66e56/video/tos/cn/tos-cn-ve-0015c800/o4C20AYMAEIgpefe4HAAiTEst9WP3J6fNeUsQx/?a=6383&ch=10010&cr=3&dr=0&lr=all&cd=0%7C0%7C0%7C3&cv=1&br=266&bt=266&cs=2&ds=6&ft=c2YTctGHQPRUZxfusdr~kwPqYldQIKDEE-TerrNqq_45a&mime_type=video_mp4&qs=14&rc=aDs8NTQzZDM8OWZkZDg0NEBpajpwO205cnY6dTMzNGkzM0AwY2I0NF4zNjMxMS5eMC4wYSM1Zy9xMmRza2FgLS1kLS9zcw%3D%3D&btag=80000e00028000&cquery=101r_100B_100H_100K_100o&dy_q=1760969609&feature_id=ce7c25ff7a5ccd0ee1c134f842898e76&l=20251020221329FF810B6B17C3D024C6A3', 'https://v5-dy-o-abtest.zjcdn.com/c4cfee78efb9b5ec0798f53ecd078fd9/68f66e56/video/tos/cn/tos-cn-ve-0015c800/o4C20AYMAEIgpefe4HAAiTEst9WP3J6fNeUsQx/?a=6383&ch=10010&cr=3&dr=0&lr=all&cd=0%7C0%7C0%7C3&cv=1&br=266&bt=266&cs=2&ds=6&ft=c2YTctGHQPRUZxfusdr~kwPqYldQIKDEE-TerrNqq_45a&mime_type=video_mp4&qs=14&rc=aDs8NTQzZDM8OWZkZDg0NEBpajpwO205cnY6dTMzNGkzM0AwY2I0NF4zNjMxMS5eMC4wYSM1Zy9xMmRza2FgLS1kLS9zcw%3D%3D&btag=80000e00028000&cquery=100K_100o_101r_100B_100H&dy_q=1760969609&feature_id=ce7c25ff7a5ccd0ee1c134f842898e76&l=20251020221329FF810B6B17C3D024C6A3', 'https://www.douyin.com/aweme/v1/play/?video_id=v0200fg10000crd7nsvog65jt82mj78g&line=0&file_id=311135aa1a4c4669906aa07172e9f83e&sign=e62d88b1c8fc7883acd32ab27df4f1fb&is_play_url=1&source=PackSourceEnum_PUBLISH'], 'width': 576, 'height': 1024, 'url_key': 'v0200fg10000crd7nsvog65jt82mj78g_bytevc1_540p_273075', 'data_size': 5383305, 'file_hash': 'e62d88b1c8fc7883acd32ab27df4f1fb', 'file_cs': 'c:0-131177-891d|a:v0200fg10000crd7nsvog65jt82mj78g'}, 'is_h265': 1, 'is_bytevc1': 1, 'HDR_type': '', 'HDR_bit': '', 'FPS': 30, 'video_extra': '{"PktOffsetMap":"[{\\"time\\": 1, \\"offset\\": 216113}, {\\"time\\": 2, \\"offset\\": 256358}, {\\"time\\": 3, \\"offset\\": 295885}, {\\"time\\": 4, \\"offset\\": 338205}, {\\"time\\": 5, \\"offset\\": 372475}, {\\"time\\": 10, \\"offset\\": 565890}]","format":"mp4","definition":"540p","quality":"adapt_lower","file_id":"311135aa1a4c4669906aa07172e9f83e","applog_map":{"feature_id":"ce7c25ff7a5ccd0ee1c134f842898e76"},"mvmaf":"{\\"mvmaf_sr_v1080\\":92.688,\\"mvmaf_sr_v960\\":95.075,\\"mvmaf_sr_v864\\":95.979,\\"mvmaf_sr_v720\\":97.85,\\"mvmaf_ori_v1080\\":82.038,\\"mvmaf_ori_v960\\":85.858,\\"mvmaf_ori_v864\\":87.209,\\"mvmaf_ori_v720\\":90.488}","audio_channels":"2.0","audio_sample_rate":"44100","audio_metrics":null,"audio_score":null}', 'format': 'mp4'}, {'gear_name': 'adapt_lowest_1080_1', 'quality_type': 2, 'bit_rate': 337356, 'play_addr': {'uri': 'v0200fg10000crd7nsvog65jt82mj78g', 'url_list': ['https://v5-dy-o-abtest.zjcdn.com/75379063fc755e5dd45f8d61b1c5bd9d/68f795a6/video/tos/cn/tos-cn-ve-0015c800/ocDA3PBpiAn5bdlXAeVRABpA6zVIgCAfgzTgti/media-video-hvc1/?a=6383&ch=0&cr=8&dr=0&er=1&lr=default&cd=0%7C0%7C0%7C3&cv=1&br=329&bt=329&cs=4&ds=4&mime_type=video_mp4&qs=15&rc=Omc6NDk4Nzw7NzVnaGY5aEBpajpwO205cnY6dTMzNGkzM0AwLjVfYDMxXy0xL2ExNS9fYSM1Zy9xMmRza2FgLS1kLS9zcw%3D%3D&btag=80000e00028000&cquery=101r_100o&dy_q=1760969609&l=20251020221329FF810B6B17C3D024C6A3', 'https://v5-dy-o-abtest.zjcdn.com/75379063fc755e5dd45f8d61b1c5bd9d/68f795a6/video/tos/cn/tos-cn-ve-0015c800/ocDA3PBpiAn5bdlXAeVRABpA6zVIgCAfgzTgti/media-video-hvc1/?a=6383&ch=0&cr=8&dr=0&er=1&lr=default&cd=0%7C0%7C0%7C3&cv=1&br=329&bt=329&cs=4&ds=4&mime_type=video_mp4&qs=15&rc=Omc6NDk4Nzw7NzVnaGY5aEBpajpwO205cnY6dTMzNGkzM0AwLjVfYDMxXy0xL2ExNS9fYSM1Zy9xMmRza2FgLS1kLS9zcw%3D%3D&btag=80000e00028000&cquery=101r_100o&dy_q=1760969609&l=20251020221329FF810B6B17C3D024C6A3', 'https://www.douyin.com/aweme/v1/play/dash/?video_id=v0200fg10000crd7nsvog65jt82mj78g&line=0&file_id=be268c4edd224408b94465c6b1871d37&sign=4215675300668a56c08dafdfe5eece2a&is_play_url=1&source=PackSourceEnum_PUBLISH'], 'width': 1080, 'height': 1920, 'url_key': 'v0200fg10000crd7nsvog65jt82mj78g_bytevc1_1080p_337356', 'data_size': 6650127, 'file_hash': '4215675300668a56c08dafdfe5eece2a'}, 'is_h265': 1, 'is_bytevc1': 1, 'HDR_type': '', 'HDR_bit': '', 'FPS': 30, 'video_extra': '{"PktOffsetMap":"","format":"dash","sub_info":"{\\"audio_channels\\":\\"2.0\\",\\"audio_layout\\":\\"C\\",\\"audio_sample_rate\\":\\"44100\\",\\"base_range_info\\":{\\"first_moof_range\\":\\"1444-3223\\",\\"index_range\\":\\"1136-1443\\",\\"init_range\\":\\"0-1135\\"},\\"check_info\\":{\\"check_info\\":\\"a:v0200fg10000crd7nsvog65jt82mj78g|b:0-1443-d6d5b2cbd8f4d6f9c3a5b51b77b1b6ec|c:0-1443-2e6a\\"},\\"gear_des_key\\":\\"0:DASH|1:normal|2:h265_hvc1|4:1080p|5:adapt_lowest|10000:105\\",\\"quality_type\\":2}","definition":"1080p","quality":"adapt_lowest","quality_desc":"","file_id":"be268c4edd224408b94465c6b1871d37","real_bitrate":388674,"audio_file_id":"945adce24b2a8c81a981488eae6f58a7","applog_map":{"feature_id":"c6de0308cacfd993ef282c8e1c646267"},"mvmaf":"{\\"mvmaf_sr_v1080\\":-1,\\"mvmaf_sr_v960\\":-1,\\"mvmaf_sr_v864\\":-1,\\"mvmaf_sr_v720\\":-1,\\"mvmaf_ori_v1080\\":91.685,\\"mvmaf_ori_v960\\":92.723,\\"mvmaf_ori_v864\\":93.111,\\"mvmaf_ori_v720\\":94.161}","audio_metrics":null,"audio_score":null}', 'format': 'dash'}, {'gear_name': 'adapt_lowest_720_1', 'quality_type': 15, 'bit_rate': 276899, 'play_addr': {'uri': 'v0200fg10000crd7nsvog65jt82mj78g', 'url_list': ['https://v5-dy-o-abtest.zjcdn.com/669efb7a3d9b337c380c1401dbefcdc0/68f795a6/video/tos/cn/tos-cn-ve-0015c800/ocLnAAlieCgfp3DRYgATIgAbIA6zVzBCL5CAiB/media-video-hvc1/?a=6383&ch=0&cr=8&dr=0&er=1&lr=default&cd=0%7C0%7C0%7C3&cv=1&br=270&bt=270&cs=4&ds=3&mime_type=video_mp4&qs=15&rc=ZzY7OTY4OmUzOTc2PGhoZUBpajpwO205cnY6dTMzNGkzM0AyYTQvYjBiX2MxL15hYzI1YSM1Zy9xMmRza2FgLS1kLS9zcw%3D%3D&btag=80000e00028000&cquery=101r_100o&dy_q=1760969609&l=20251020221329FF810B6B17C3D024C6A3', 'https://v5-dy-o-abtest.zjcdn.com/669efb7a3d9b337c380c1401dbefcdc0/68f795a6/video/tos/cn/tos-cn-ve-0015c800/ocLnAAlieCgfp3DRYgATIgAbIA6zVzBCL5CAiB/media-video-hvc1/?a=6383&ch=0&cr=8&dr=0&er=1&lr=default&cd=0%7C0%7C0%7C3&cv=1&br=270&bt=270&cs=4&ds=3&mime_type=video_mp4&qs=15&rc=ZzY7OTY4OmUzOTc2PGhoZUBpajpwO205cnY6dTMzNGkzM0AyYTQvYjBiX2MxL15hYzI1YSM1Zy9xMmRza2FgLS1kLS9zcw%3D%3D&btag=80000e00028000&cquery=100o_101r&dy_q=1760969609&l=20251020221329FF810B6B17C3D024C6A3', 'https://www.douyin.com/aweme/v1/play/dash/?video_id=v0200fg10000crd7nsvog65jt82mj78g&line=0&file_id=8b5efed9a32446f0bbe735e32678d35d&sign=dae8f9ae8cdc4b5af3ed7bde86e6a29b&is_play_url=1&source=PackSourceEnum_PUBLISH'], 'width': 720, 'height': 1280, 'url_key': 'v0200fg10000crd7nsvog65jt82mj78g_bytevc1_720p_276899', 'data_size': 5458372, 'file_hash': 'dae8f9ae8cdc4b5af3ed7bde86e6a29b'}, 'is_h265': 1, 'is_bytevc1': 1, 'HDR_type': '', 'HDR_bit': '', 'FPS': 30, 'video_extra': '{"PktOffsetMap":"","format":"dash","sub_info":"{\\"audio_channels\\":\\"2.0\\",\\"audio_layout\\":\\"C\\",\\"audio_sample_rate\\":\\"44100\\",\\"base_range_info\\":{\\"first_moof_range\\":\\"1444-3223\\",\\"index_range\\":\\"1136-1443\\",\\"init_range\\":\\"0-1135\\"},\\"check_info\\":{\\"check_info\\":\\"a:v0200fg10000crd7nsvog65jt82mj78g|b:0-1443-34c192061f73569aa00bbed43f961d9f|c:0-1443-13af\\"},\\"gear_des_key\\":\\"0:DASH|1:normal|2:h265_hvc1|4:720p|5:adapt_lowest|10000:105\\",\\"quality_type\\":15}","definition":"720p","quality":"adapt_lowest","quality_desc":"","file_id":"8b5efed9a32446f0bbe735e32678d35d","real_bitrate":328217,"audio_file_id":"945adce24b2a8c81a981488eae6f58a7","applog_map":{"feature_id":"c6de0308cacfd993ef282c8e1c646267"},"mvmaf":"{\\"mvmaf_sr_v1080\\":96.499,\\"mvmaf_sr_v960\\":97.503,\\"mvmaf_sr_v864\\":98.375,\\"mvmaf_sr_v720\\":99.557,\\"mvmaf_ori_v1080\\":85.751,\\"mvmaf_ori_v960\\":89.305,\\"mvmaf_ori_v864\\":90.378,\\"mvmaf_ori_v720\\":93.593}","audio_metrics":null,"audio_score":null}', 'format': 'dash'}, {'gear_name': 'adapt_540_1', 'quality_type': 28, 'bit_rate': 249743, 'play_addr': {'uri': 'v0200fg10000crd7nsvog65jt82mj78g', 'url_list': ['https://v5-dy-o-abtest.zjcdn.com/12d7e58e4460017879a51903d4cd3f2a/68f795a6/video/tos/cn/tos-cn-ve-0015c800/o8YTzAgz3ABpgVA5IFDABMglRCiUebniXAa6fA/media-video-hvc1/?a=6383&ch=0&cr=8&dr=0&er=1&lr=default&cd=0%7C0%7C0%7C3&cv=1&br=243&bt=243&cs=4&ds=6&mime_type=video_mp4&qs=11&rc=ODs3aGlnNmQ6aTo0OTw8aEBpajpwO205cnY6dTMzNGkzM0A2Yl5fMDQxNWExMGMvY2I0YSM1Zy9xMmRza2FgLS1kLS9zcw%3D%3D&btag=80000e00028000&cquery=100o_101r&dy_q=1760969609&l=20251020221329FF810B6B17C3D024C6A3', 'https://v5-dy-o-abtest.zjcdn.com/12d7e58e4460017879a51903d4cd3f2a/68f795a6/video/tos/cn/tos-cn-ve-0015c800/o8YTzAgz3ABpgVA5IFDABMglRCiUebniXAa6fA/media-video-hvc1/?a=6383&ch=0&cr=8&dr=0&er=1&lr=default&cd=0%7C0%7C0%7C3&cv=1&br=243&bt=243&cs=4&ds=6&mime_type=video_mp4&qs=11&rc=ODs3aGlnNmQ6aTo0OTw8aEBpajpwO205cnY6dTMzNGkzM0A2Yl5fMDQxNWExMGMvY2I0YSM1Zy9xMmRza2FgLS1kLS9zcw%3D%3D&btag=80000e00028000&cquery=100o_101r&dy_q=1760969609&l=20251020221329FF810B6B17C3D024C6A3', 'https://www.douyin.com/aweme/v1/play/dash/?video_id=v0200fg10000crd7nsvog65jt82mj78g&line=0&file_id=7ee9f926f1374fd78a437d3fbea4e895&sign=420143cd44b99a8481fda8f048155348&is_play_url=1&source=PackSourceEnum_PUBLISH'], 'width': 576, 'height': 1024, 'url_key': 'v0200fg10000crd7nsvog65jt82mj78g_bytevc1_540p_249743', 'data_size': 4923053, 'file_hash': '420143cd44b99a8481fda8f048155348'}, 'is_h265': 1, 'is_bytevc1': 1, 'HDR_type': '', 'HDR_bit': '', 'FPS': 30, 'video_extra': '{"PktOffsetMap":"","format":"dash","sub_info":"{\\"audio_channels\\":\\"2.0\\",\\"audio_layout\\":\\"C\\",\\"audio_sample_rate\\":\\"44100\\",\\"base_range_info\\":{\\"first_moof_range\\":\\"1444-3223\\",\\"index_range\\":\\"1136-1443\\",\\"init_range\\":\\"0-1135\\"},\\"check_info\\":{\\"check_info\\":\\"a:v0200fg10000crd7nsvog65jt82mj78g|b:0-1443-c9e01b9ccc24e3af84e8ec5432a1791d|c:0-1443-51c2\\"},\\"gear_des_key\\":\\"0:DASH|1:normal|2:h265_hvc1|4:540p|5:adapt|10000:105\\",\\"quality_type\\":28}","definition":"540p","quality":"adapt","quality_desc":"","file_id":"7ee9f926f1374fd78a437d3fbea4e895","real_bitrate":304678,"audio_file_id":"945adce24b2a8c81a981488eae6f58a7","applog_map":{"feature_id":"c6de0308cacfd993ef282c8e1c646267"},"mvmaf":"{\\"mvmaf_sr_v1080\\":93.776,\\"mvmaf_sr_v960\\":95.946,\\"mvmaf_sr_v864\\":97.201,\\"mvmaf_sr_v720\\":98.884,\\"mvmaf_ori_v1080\\":83.506,\\"mvmaf_ori_v960\\":86.857,\\"mvmaf_ori_v864\\":88.335,\\"mvmaf_ori_v720\\":91.48}","audio_metrics":null,"audio_score":null}', 'format': 'dash'}, {'gear_name': 'adapt_lower_540_1', 'quality_type': 21, 'bit_rate': 220511, 'play_addr': {'uri': 'v0200fg10000crd7nsvog65jt82mj78g', 'url_list': ['https://v5-dy-o-abtest.zjcdn.com/1c2bc8fc0e4455b83a5982ed6bb55ba1/68f795a6/video/tos/cn/tos-cn-ve-0015c800/okDiVspTI6zACjbBnlvBfARe35AiAATgAhuzgg/media-video-hvc1/?a=6383&ch=0&cr=8&dr=0&er=1&lr=default&cd=0%7C0%7C0%7C3&cv=1&br=215&bt=215&cs=4&ds=6&mime_type=video_mp4&qs=14&rc=ZGg1aWU5NTppZzdkZDgzNEBpajpwO205cnY6dTMzNGkzM0A0XjRhMjY0NV4xMDNgMzMzYSM1Zy9xMmRza2FgLS1kLS9zcw%3D%3D&btag=80000e00028000&cquery=100o_101r&dy_q=1760969609&l=20251020221329FF810B6B17C3D024C6A3', 'https://v5-dy-o-abtest.zjcdn.com/1c2bc8fc0e4455b83a5982ed6bb55ba1/68f795a6/video/tos/cn/tos-cn-ve-0015c800/okDiVspTI6zACjbBnlvBfARe35AiAATgAhuzgg/media-video-hvc1/?a=6383&ch=0&cr=8&dr=0&er=1&lr=default&cd=0%7C0%7C0%7C3&cv=1&br=215&bt=215&cs=4&ds=6&mime_type=video_mp4&qs=14&rc=ZGg1aWU5NTppZzdkZDgzNEBpajpwO205cnY6dTMzNGkzM0A0XjRhMjY0NV4xMDNgMzMzYSM1Zy9xMmRza2FgLS1kLS9zcw%3D%3D&btag=80000e00028000&cquery=101r_100o&dy_q=1760969609&l=20251020221329FF810B6B17C3D024C6A3', 'https://www.douyin.com/aweme/v1/play/dash/?video_id=v0200fg10000crd7nsvog65jt82mj78g&line=0&file_id=616065ca6a344daf8772965bdf72ae7a&sign=7d8816070bafb300c98f1fb728773f15&is_play_url=1&source=PackSourceEnum_PUBLISH'], 'width': 576, 'height': 1024, 'url_key': 'v0200fg10000crd7nsvog65jt82mj78g_bytevc1_540p_220511', 'data_size': 4346821, 'file_hash': '7d8816070bafb300c98f1fb728773f15'}, 'is_h265': 1, 'is_bytevc1': 1, 'HDR_type': '', 'HDR_bit': '', 'FPS': 30, 'video_extra': '{"PktOffsetMap":"","format":"dash","sub_info":"{\\"audio_channels\\":\\"2.0\\",\\"audio_layout\\":\\"C\\",\\"audio_sample_rate\\":\\"44100\\",\\"base_range_info\\":{\\"first_moof_range\\":\\"1444-3223\\",\\"index_range\\":\\"1136-1443\\",\\"init_range\\":\\"0-1135\\"},\\"check_info\\":{\\"check_info\\":\\"a:v0200fg10000crd7nsvog65jt82mj78g|b:0-1443-19d8c4b9666e190700acb31e61fd4e9b|c:0-1443-514d\\"},\\"gear_des_key\\":\\"0:DASH|1:normal|2:h265_hvc1|4:540p|5:adapt_lower|10000:105\\",\\"quality_type\\":21}","definition":"540p","quality":"adapt_lower","quality_desc":"","file_id":"616065ca6a344daf8772965bdf72ae7a","real_bitrate":273075,"audio_file_id":"945adce24b2a8c81a981488eae6f58a7","applog_map":{"feature_id":"ce7c25ff7a5ccd0ee1c134f842898e76"},"mvmaf":"{\\"mvmaf_sr_v1080\\":92.688,\\"mvmaf_sr_v960\\":95.075,\\"mvmaf_sr_v864\\":95.979,\\"mvmaf_sr_v720\\":97.85,\\"mvmaf_ori_v1080\\":82.038,\\"mvmaf_ori_v960\\":85.858,\\"mvmaf_ori_v864\\":87.209,\\"mvmaf_ori_v720\\":90.488}","audio_metrics":null,"audio_score":null}', 'format': 'dash'}], 'duration': 157709, 'play_addr_265': {'uri': 'v0200fg10000crd7nsvog65jt82mj78g', 'url_list': ['https://v5-dy-o-abtest.zjcdn.com/8bb561f286d71043245feeaefa645b8a/68f66e56/video/tos/cn/tos-cn-ve-0015c800/o4FAdvmIKAODeBrwgzConfENFAA9Pg2nCiT1LQ/?a=6383&ch=10010&cr=3&dr=0&lr=all&cd=0%7C0%7C0%7C3&cv=1&br=297&bt=297&cs=2&ds=6&ft=c2YTctGHQPRUZxfusdr~kwPqYldQIKDEE-TerrNqq_45a&mime_type=video_mp4&qs=11&rc=ZGY5aWg0MzQ1NTQ0ZmdpM0BpajpwO205cnY6dTMzNGkzM0AwYy8wMTNfX18xYDNeLi4wYSM1Zy9xMmRza2FgLS1kLS9zcw%3D%3D&btag=80000e00028000&cquery=100B_100H_100K_100o_101r&dy_q=1760969609&feature_id=c6de0308cacfd993ef282c8e1c646267&l=20251020221329FF810B6B17C3D024C6A3', 'https://v5-dy-o-abtest.zjcdn.com/8bb561f286d71043245feeaefa645b8a/68f66e56/video/tos/cn/tos-cn-ve-0015c800/o4FAdvmIKAODeBrwgzConfENFAA9Pg2nCiT1LQ/?a=6383&ch=10010&cr=3&dr=0&lr=all&cd=0%7C0%7C0%7C3&cv=1&br=297&bt=297&cs=2&ds=6&ft=c2YTctGHQPRUZxfusdr~kwPqYldQIKDEE-TerrNqq_45a&mime_type=video_mp4&qs=11&rc=ZGY5aWg0MzQ1NTQ0ZmdpM0BpajpwO205cnY6dTMzNGkzM0AwYy8wMTNfX18xYDNeLi4wYSM1Zy9xMmRza2FgLS1kLS9zcw%3D%3D&btag=80000e00028000&cquery=100K_100o_101r_100B_100H&dy_q=1760969609&feature_id=c6de0308cacfd993ef282c8e1c646267&l=20251020221329FF810B6B17C3D024C6A3', 'https://www.douyin.com/aweme/v1/play/?video_id=v0200fg10000crd7nsvog65jt82mj78g&line=0&file_id=301f1dac61c142b2b1b0614e3f26fc3a&sign=cb826bdb661659ab8b5bb70d2299f441&is_play_url=1&source=PackSourceEnum_PUBLISH'], 'width': 576, 'height': 1024, 'url_key': 'v0200fg10000crd7nsvog65jt82mj78g_bytevc1_540p_304678', 'data_size': 6006316, 'file_hash': 'cb826bdb661659ab8b5bb70d2299f441', 'file_cs': 'c:0-131177-3ce8'}, 'bit_rate_audio': [{'audio_meta': {'url_list': {'main_url': 'https://v5-dy-o-abtest.zjcdn.com/4465f7a7b5d28bb9c9db2ed188a87742/68f795a6/video/tos/cn/tos-cn-ve-0015c800/o8YTzAgz3ABpgVA5IFDABMglRCiUebniXAa6fA/media-audio-und-mp4a/?a=6383&ch=0&cr=8&dr=0&er=1&lr=default&cd=0%7C0%7C0%7C3&cv=1&br=50&bt=50&cs=4&mime_type=video_mp4&qs=11&rc=OjtpaGg7NDw0ZmRlNWZkN0BpajpwO205cnY6dTMzNGkzM0BeMjNeNTE1XjU1LzFiYTI2YSM1Zy9xMmRza2FgLS1kLS9zcw%3D%3D&btag=80000e00028000&cquery=101r_100o&dy_q=1760969609&l=20251020221329FF810B6B17C3D024C6A3', 'backup_url': 'https://v5-dy-o-abtest.zjcdn.com/4465f7a7b5d28bb9c9db2ed188a87742/68f795a6/video/tos/cn/tos-cn-ve-0015c800/o8YTzAgz3ABpgVA5IFDABMglRCiUebniXAa6fA/media-audio-und-mp4a/?a=6383&ch=0&cr=8&dr=0&er=1&lr=default&cd=0%7C0%7C0%7C3&cv=1&br=50&bt=50&cs=4&mime_type=video_mp4&qs=11&rc=OjtpaGg7NDw0ZmRlNWZkN0BpajpwO205cnY6dTMzNGkzM0BeMjNeNTE1XjU1LzFiYTI2YSM1Zy9xMmRza2FgLS1kLS9zcw%3D%3D&btag=80000e00028000&cquery=101r_100o&dy_q=1760969609&l=20251020221329FF810B6B17C3D024C6A3', 'fallback_url': 'https://www.douyin.com/aweme/v1/play/dash/?video_id=v0200fg10000crd7nsvog65jt82mj78g&line=0&file_id=945adce24b2a8c81a981488eae6f58a7&sign=945adce24b2a8c81a981488eae6f58a7&is_play_url=1&source=PackSourceEnum_PUBLISH'}, 'encoded_type': 'normal', 'media_type': 'audio', 'logo_type': '', 'quality': 'adapt', 'quality_desc': '', 'format': 'dash', 'bitrate': 51318, 'codec_type': 'bytevc1', 'size': 1011664, 'fps': 0, 'file_id': '945adce24b2a8c81a981488eae6f58a7', 'file_hash': '945adce24b2a8c81a981488eae6f58a7', 'sub_info': '{"audio_channels":"2.0","audio_layout":"C","audio_sample_rate":"44100","base_range_info":{"index_range":"866-1185","init_range":"0-865"},"check_info":{"check_info":"a:v0200fg10000crd7nsvog65jt82mj78g|b:0-1185-d25a5b91e9001eae4de6d9c5a8431266|c:0-1185-81a8"},"gear_des_key":"0:dash|1:normal|2:bytevc1|5:adapt|10000:105"}'}, 'audio_quality': 5, 'audio_extra': '{"real_bitrate":304678}'}], 'play_addr_h264': {'uri': 'v0200fg10000crd7nsvog65jt82mj78g', 'url_list': ['https://v5-dy-o-abtest.zjcdn.com/ba642fba104d432fe31074b3e33a8d2e/68f66e56/video/tos/cn/tos-cn-ve-0015c800/oMAV65IgCHAiRiTQLkenzbfgs3BgABWEpQOz6m/?a=6383&ch=10010&cr=3&dr=0&lr=all&cd=0%7C0%7C0%7C3&cv=1&br=1178&bt=1178&cs=0&ds=4&ft=c2YTctGHQPRUZxfusdr~kwPqYldQIKDEE-TerrNqq_45a&mime_type=video_mp4&qs=0&rc=OTo1aTY2NTc8MzQ5NztnZUBpajpwO205cnY6dTMzNGkzM0A2Yi8uMy4vXzUxYjI0LjVjYSM1Zy9xMmRza2FgLS1kLS9zcw%3D%3D&btag=80000e00028000&cquery=100H_100K_100o_101r_100B&dy_q=1760969609&feature_id=46a7bb47b4fd1280f3d3825bf2b29388&l=20251020221329FF810B6B17C3D024C6A3', 'https://v5-dy-o-abtest.zjcdn.com/ba642fba104d432fe31074b3e33a8d2e/68f66e56/video/tos/cn/tos-cn-ve-0015c800/oMAV65IgCHAiRiTQLkenzbfgs3BgABWEpQOz6m/?a=6383&ch=10010&cr=3&dr=0&lr=all&cd=0%7C0%7C0%7C3&cv=1&br=1178&bt=1178&cs=0&ds=4&ft=c2YTctGHQPRUZxfusdr~kwPqYldQIKDEE-TerrNqq_45a&mime_type=video_mp4&qs=0&rc=OTo1aTY2NTc8MzQ5NztnZUBpajpwO205cnY6dTMzNGkzM0A2Yi8uMy4vXzUxYjI0LjVjYSM1Zy9xMmRza2FgLS1kLS9zcw%3D%3D&btag=80000e00028000&cquery=100o_101r_100B_100H_100K&dy_q=1760969609&feature_id=46a7bb47b4fd1280f3d3825bf2b29388&l=20251020221329FF810B6B17C3D024C6A3', 'https://www.douyin.com/aweme/v1/play/?video_id=v0200fg10000crd7nsvog65jt82mj78g&line=0&file_id=fb8d187456e14089b42213631f22e796&sign=bddc66cafea3193f9a84930c5eda3f42&is_play_url=1&source=PackSourceEnum_PUBLISH'], 'width': 1080, 'height': 1920, 'url_key': 'v0200fg10000crd7nsvog65jt82mj78g_h264_1080p_1206869', 'data_size': 23791765, 'file_hash': 'bddc66cafea3193f9a84930c5eda3f42', 'file_cs': 'c:0-131018-e33e|a:v0200fg10000crd7nsvog65jt82mj78g'}, 'raw_cover': {'uri': 'tos-cn-i-dy/00c1c3d9a7d1496f9c29ec5d2693468f', 'url_list': ['https://p3-pc-sign.douyinpic.com/tos-cn-i-dy/00c1c3d9a7d1496f9c29ec5d2693468f~tplv-dy-cropcenter:323:430.jpeg?lk3s=138a59ce&x-expires=2076328800&x-signature=66iEH5Uvfi44S6ZqIn9YrIqCG%2Bw%3D&from=327834062&s=PackSourceEnum_PUBLISH&se=true&sh=323_430&sc=cover&biz_tag=pcweb_cover&l=20251020221329FF810B6B17C3D024C6A3', 'https://p3-pc-sign.douyinpic.com/obj/tos-cn-i-dy/00c1c3d9a7d1496f9c29ec5d2693468f?lk3s=138a59ce&x-expires=2076328800&x-signature=8c3dOYapX6xrQQyP9s64dSw81zQ%3D&from=327834062&s=PackSourceEnum_PUBLISH&se=false&sc=cover&biz_tag=pcweb_cover&l=20251020221329FF810B6B17C3D024C6A3'], 'width': 720, 'height': 720}, 'is_long_video': 1, 'animated_cover': {'uri': 'tos-cn-i-dy/00c1c3d9a7d1496f9c29ec5d2693468f', 'url_list': ['https://p3-pc-sign.douyinpic.com/obj/tos-cn-i-dy/00c1c3d9a7d1496f9c29ec5d2693468f?lk3s=138a59ce&x-expires=1762178400&x-signature=ShmOj0imKmV1bYy2C8tOfRbCCfM%3D&from=327834062_large&s=PackSourceEnum_PUBLISH&se=false&sc=dynamic_cover&biz_tag=pcweb_cover&l=20251020221329FF810B6B17C3D024C6A3', 'https://p9-pc-sign.douyinpic.com/obj/tos-cn-i-dy/00c1c3d9a7d1496f9c29ec5d2693468f?lk3s=138a59ce&x-expires=1762178400&x-signature=FCMtBCGHWyighCpCGSGFsE4szQs%3D&from=327834062_large&s=PackSourceEnum_PUBLISH&se=false&sc=dynamic_cover&biz_tag=pcweb_cover&l=20251020221329FF810B6B17C3D024C6A3']}, 'gaussian_cover': {'uri': 'tos-cn-p-0015/o0fkd3IggEA2nJ0eBfLQ0kOmEBfWjHAqGIesDP', 'url_list': ['https://p3-pc-sign.douyinpic.com/tos-cn-p-0015/o0fkd3IggEA2nJ0eBfLQ0kOmEBfWjHAqGIesDP~tplv-tsj2vxp0zn-gaosi:40.jpeg?lk3s=138a59ce&x-expires=1792504800&x-signature=8idkYw5BjfOoUcVND%2FAj9e7E6yQ%3D&from=327834062', 'https://p9-pc-sign.douyinpic.com/tos-cn-p-0015/o0fkd3IggEA2nJ0eBfLQ0kOmEBfWjHAqGIesDP~tplv-tsj2vxp0zn-gaosi:40.jpeg?lk3s=138a59ce&x-expires=1792504800&x-signature=s62%2Fh4zMCGxEZdmqDrjCGKvB8Ag%3D&from=327834062'], 'width': 720, 'height': 720}, 'misc_download_addrs': '{"suffix_scene":{"uri":"v0200fg10000crd7nsvog65jt82mj78g","url_list":["https://v5-dy-o-abtest.zjcdn.com/3086d0272f337d0e55c9a9dbdd179079/68f66e56/video/tos/cn/tos-cn-ve-15/oIonqD2WIACz1OgAnANEJTvmjQe9ghFrmrBAif/?a=6383\\u0026ch=10010\\u0026cr=3\\u0026dr=0\\u0026lr=all\\u0026cd=0%7C0%7C0%7C3\\u0026cv=1\\u0026br=981\\u0026bt=981\\u0026cs=0\\u0026ds=3\\u0026ft=c2YTctGHQPRUZxfusdr~kwPqYldQIKDEE-TerrNqq_45a\\u0026mime_type=video_mp4\\u0026qs=0\\u0026rc=aTgzZTw4Z2RlZDQzZTtpPEBpajpwO205cnY6dTMzNGkzM0A2MzUxYDM0XjMxM2NeNDQ2YSM1Zy9xMmRza2FgLS1kLS9zcw%3D%3D\\u0026btag=80000e00028000\\u0026cquery=100o_101r_100B_100H_100K\\u0026dy_q=1760969609\\u0026feature_id=dc6e471fd69cf67451806384e04f2b47\\u0026l=20251020221329FF810B6B17C3D024C6A3","https://v5-dy-o-abtest.zjcdn.com/3086d0272f337d0e55c9a9dbdd179079/68f66e56/video/tos/cn/tos-cn-ve-15/oIonqD2WIACz1OgAnANEJTvmjQe9ghFrmrBAif/?a=6383\\u0026ch=10010\\u0026cr=3\\u0026dr=0\\u0026lr=all\\u0026cd=0%7C0%7C0%7C3\\u0026cv=1\\u0026br=981\\u0026bt=981\\u0026cs=0\\u0026ds=3\\u0026ft=c2YTctGHQPRUZxfusdr~kwPqYldQIKDEE-TerrNqq_45a\\u0026mime_type=video_mp4\\u0026qs=0\\u0026rc=aTgzZTw4Z2RlZDQzZTtpPEBpajpwO205cnY6dTMzNGkzM0A2MzUxYDM0XjMxM2NeNDQ2YSM1Zy9xMmRza2FgLS1kLS9zcw%3D%3D\\u0026btag=80000e00028000\\u0026cquery=100H_100K_100o_101r_100B\\u0026dy_q=1760969609\\u0026feature_id=dc6e471fd69cf67451806384e04f2b47\\u0026l=20251020221329FF810B6B17C3D024C6A3","https://www.douyin.com/aweme/v1/play/?video_id=v0200fg10000crd7nsvog65jt82mj78g\\u0026line=0\\u0026ratio=1080p\\u0026watermark=1\\u0026media_type=4\\u0026vr_type=0\\u0026improve_bitrate=0\\u0026biz_sign=NRPI1lC4AlkgB1YZ_o3Jx_AfESRKvePEcuHRook6Z2uwTcZpA40JwscdpezT9VaaOzLa7CA0Ou-V1V2BgVkSdNAa60_MDGbNHaUZIZuaRMUGyO7s5wbVW7et0I2xs1hA\\u0026logo_name=aweme_diversion_search\\u0026source=PackSourceEnum_PUBLISH"],"width":720,"height":720,"data_size":20200907,"file_cs":"c:0-131018-e33e"}}', 'meta': '{"bright_ratio_mean":"0.0777","brightness_mean":"119.9559","diff_overexposure_ratio":"0.0048","enable_manual_ladder":"1","format":"mp4","gear_vqm":"{\\"1080p_720p\\":2,\\"720p_540p\\":0}","hrids":"500000002","is_spatial_video":"0","isad":"0","loudness":"-19.8","overexposure_ratio_mean":"0.0277","peak":"1","qprf":"1.000","sdgs":"[\\"normal_1080_0\\",\\"normal_720_0\\",\\"low_720_0\\",\\"low_540_0\\",\\"adapt_low_540_0\\",\\"adapt_lowest_1080_1\\",\\"adapt_lowest_720_1\\",\\"adapt_540_1\\",\\"adapt_lower_540_1\\"]","sr_potential":"{\\"v1.0\\":{\\"score\\":45.281}}","sr_score":"1.000","std_brightness":"6.5787","strategy_tokens":"[\\"online\\",\\"strategy_iteration_ab01_0809\\",\\"strategy_iteration_ab02_0809\\"]","title_info":"{\\"bottom_res_add\\":[3,5.64,33.28,47.09,43.82,58.22,41.5,5.14,0.09,1.73,0.18,0.27,0,0,0],\\"bullet_zone\\":15.91,\\"progress_bar\\":[39.7,40.84,41.59],\\"ratio_br_l\\":[0,0,0,0,0,0],\\"ratio_edge_l\\":[0.39,0.51,0.63,0.69,0.72,0.74],\\"top_res_add\\":[0,0,10.36,98.91,90,12.45,12.27],\\"version\\":\\"v1.0\\"}","volume_info":"{\\"Loudness\\":-19.8,\\"LoudnessRangeStart\\":-27,\\"Metrics\\":{\\"Version\\":\\"1.4.2\\",\\"Loudness\\":{\\"Integrated\\":-19.812},\\"Phase\\":{\\"RMSDownmixDiff\\":-0.06},\\"RMSStats\\":{\\"RTotal\\":-23.72,\\"LRDiff\\":0.025,\\"LTotal\\":-23.695,\\"Peak\\":0.72}},\\"Version\\":2,\\"LoudnessRange\\":10.6,\\"LoudnessRangeEnd\\":-16.4,\\"MaximumMomentaryLoudness\\":-8,\\"MaximumShortTermLoudness\\":-13.2,\\"Peak\\":1}","vqs_origin":"79.16"}', 'video_model': '', 'is_source_HDR': 0, 'use_static_cover': True, 'big_thumbs': [{'img_num': 79, 'uri': 'tos-cn-p-0015/oAefgQIGVqeEmPkPf2e0HdEgDwLPBsA0WnIhoA', 'img_url': 'https://p3-sign.douyinpic.com/tos-cn-p-0015/oAefgQIGVqeEmPkPf2e0HdEgDwLPBsA0WnIhoA~tplv-noop.image?cquery=101r_100B_100H_100K_100o&dy_q=1760969609&l=20251020221329FF810B6B17C3D024C6A3&x-expires=1760980566&x-signature=%2FGtk7xPybfCfQBnORKikLBkoeQ0%3D', 'img_x_size': 136, 'img_y_size': 240, 'img_x_len': 5, 'img_y_len': 5, 'duration': 157.7, 'interval': 2, 'fext': 'jpg', 'uris': ['tos-cn-p-0015/oAefgQIGVqeEmPkPf2e0HdEgDwLPBsA0WnIhoA', 'tos-cn-p-0015/o0i9n2E2r61cn0CDAAvzfJgQDfApFAHOTB8mnQ', 'tos-cn-p-0015/oIiv1HCDmBfnOQTFE3YniAQ1AAr0f2kgA9QDuz', 'tos-cn-p-0015/o0sGjEnWAP9gdCD2EeQLIfm0gIBeufk0uAGfHq'], 'img_urls': ['https://p3-sign.douyinpic.com/tos-cn-p-0015/oAefgQIGVqeEmPkPf2e0HdEgDwLPBsA0WnIhoA~tplv-noop.image?cquery=101r_100B_100H_100K_100o&dy_q=1760969609&l=20251020221329FF810B6B17C3D024C6A3&x-expires=1760980566&x-signature=%2FGtk7xPybfCfQBnORKikLBkoeQ0%3D', 'https://p3-sign.douyinpic.com/tos-cn-p-0015/o0i9n2E2r61cn0CDAAvzfJgQDfApFAHOTB8mnQ~tplv-noop.image?cquery=100B_100H_100K_100o_101r&dy_q=1760969609&l=20251020221329FF810B6B17C3D024C6A3&x-expires=1760980566&x-signature=j2knWi2m4%2Bkrl2tw6Rjy27YbJCU%3D', 'https://p3-sign.douyinpic.com/tos-cn-p-0015/oIiv1HCDmBfnOQTFE3YniAQ1AAr0f2kgA9QDuz~tplv-noop.image?cquery=101r_100B_100H_100K_100o&dy_q=1760969609&l=20251020221329FF810B6B17C3D024C6A3&x-expires=1760980566&x-signature=0mhYgwux9zgKUZUTgF7k6HJUgSA%3D', 'https://p3-sign.douyinpic.com/tos-cn-p-0015/o0sGjEnWAP9gdCD2EeQLIfm0gIBeufk0uAGfHq~tplv-noop.image?cquery=100H_100K_100o_101r_100B&dy_q=1760969609&l=20251020221329FF810B6B17C3D024C6A3&x-expires=1760980566&x-signature=tuUs%2F3YDHPyV2Yca45NjJAqvc5U%3D']}]}, 'item_aigc_follow_shot': 1, 'user_digged': 0, 'statistics': {'recommend_count': 6, 'comment_count': 4, 'digg_count': 214, 'admire_count': 0, 'play_count': 0, 'share_count': 50, 'collect_count': 105}, 'status': {'not_allow_soft_del_reason': 'ab', 'is_delete': False, 'allow_share': True, 'review_result': {'review_status': 0}, 'allow_friend_recommend_guide': True, 'part_see': 0, 'private_status': 0, 'listen_video_status': 2, 'in_reviewing': False, 'allow_self_recommend_to_friend': True, 'allow_friend_recommend': True, 'is_prohibited': False, 'enable_soft_delete': 0}, 'flash_mob_trends': 0, 'text_extra': [{'start': 20, 'end': 25, 'type': 1, 'hashtag_name': '父母课堂', 'hashtag_id': '1600624540786695', 'is_commerce': False, 'caption_start': 20, 'caption_end': 25}, {'start': 27, 'end': 32, 'type': 1, 'hashtag_name': '幼儿教育', 'hashtag_id': '1591352385275918', 'is_commerce': False, 'caption_start': 27, 'caption_end': 32}, {'start': 34, 'end': 39, 'type': 1, 'hashtag_name': '亲子关系', 'hashtag_id': '1595199377513476', 'is_commerce': False, 'caption_start': 34, 'caption_end': 39}, {'start': 41, 'end': 44, 'type': 1, 'hashtag_name': '育儿', 'hashtag_id': '1767586940916743', 'is_commerce': False, 'caption_start': 41, 'caption_end': 44}, {'start': 46, 'end': 51, 'type': 1, 'hashtag_name': '家庭教育', 'hashtag_id': '1767586804947975', 'is_commerce': False, 'caption_start': 46, 'caption_end': 51}], 'is_top': 0, 'mv_info': None, 'share_info': {'share_url': 'https://www.iesdouyin.com/share/video/7411372408919117071/?region=US&mid=7411367937308986147&u_code=0&did=MS4wLjABAAAAvCMmrvAxedjvycgJ9K0iX5KdtDHpyq-etIWoeicy6xniB0XMxRYv3S-CyP_GdsPs&iid=MS4wLjABAAAANwkJuWIRFOzg5uCpDRpMj4OX-QryoDgn-yYlXQnRwQQ&with_sec_did=1&video_share_track_ver=&titleType=title&share_sign=Vbe6hHqlZu6HCLBoL7t9FYCwmbl8G8Hgy7KCvMRqZhg-&share_version=290100&ts=1760969609&from_aid=6383&from_ssr=1&share_track_info=%7B%22link_description_type%22%3A%22%22%7D', 'share_link_desc': '6.43 08/13 D@H.vF ygb:/ 儿童童年所遇到的问题和成人的问题一样。 # 父母课堂 # 幼儿教育 # 亲子关系 # 育儿 # 家庭教育  %s 复制此链接，打开Dou音搜索，直接观看视频！'}, 'caption_template_id': 0, 'video_labels': None, 'shoot_way': '', 'is_ads': False, 'duration': 157709, 'aweme_type': 0, 'is_new_text_mode': 0, 'ai_follow_images': None, 'image_infos': None, 'risk_infos': {'vote': False, 'warn': False, 'risk_sink': False, 'type': 0, 'content': ''}, 'entertainment_video_type': 3, 'chapter_bar_color': None, 'position': None, 'uniqid_position': None, 'comment_list': None, 'author_user_id': 1965574329213736, 'product_genre_info': {'product_genre_type': 2, 'material_genre_sub_type_set': [4], 'special_info': {'recommend_group_name': 0}}, 'geofencing': [], 'is_from_ad_auth': False, 'is_moment_story': 0, 'region': '', 'video_text': None, 'video_share_edit_status': 0, 'collect_stat': 0, 'label_top_text': None, 'promotions': [], 'group_id': '7411372408919117071', 'prevent_download': False, 'nickname_position': None, 'challenge_position': None, 'trends_event_track': '{}', 'enable_comment_sticker_rec': False, 'mark_largely_following': False, 'long_video': None, 'aweme_listen_struct': {'trace_info': '{"copyright_not_speech":"false","copyright_reason":"has_listen_cp_new","copyright_tag_hit":"","copyright_use_aed_default":"false","copyright_use_tag_default":"false","cp_ab":"true","desc":"","duration_over":"false","hit_high_risk":"false","media_type":"4","reason":"hit_ab_0","show":"false"}'}, 'component_control': {'data_source_url': '/aweme/v1/web/aweme/post/'}, 'friend_recommend_info': {'friend_recommend_source': 10, 'label_user_list': None, 'disable_friend_recommend_guide_label': False}, 'nearby_hot_comment': None, 'interaction_stickers': None, 'can_cache_to_local': True, 'origin_comment_ids': None, 'commerce_config_data': None, 'douplus_user_type': 0, 'video_control': {'allow_download': False, 'share_type': 0, 'show_progress_bar': 1, 'draft_progress_bar': 1, 'allow_duet': True, 'allow_react': False, 'prevent_download_type': 2, 'allow_dynamic_wallpaper': False, 'timer_status': 1, 'allow_music': True, 'allow_stitch': False, 'allow_douplus': True, 'allow_share': True, 'share_grayed': False, 'download_ignore_visibility': False, 'duet_ignore_visibility': False, 'share_ignore_visibility': False, 'download_info': {'level': 1, 'fail_info': {'code': 290002, 'reason': 'isolation_content', 'msg': '视频暂时无法保存，链接已复制'}}, 'duet_info': {'level': 0}, 'allow_record': True, 'disable_record_reason': '', 'timer_info': {}}, 'aweme_control': {'can_forward': True, 'can_share': True, 'can_comment': True, 'can_show_comment': True}, 'interest_points': None, 'is_25_story': 0, 'aweme_type_tags': '', 'entertainment_video_paid_way': {'paid_ways': [], 'paid_type': 0, 'enable_use_new_ent_data': False}, 'anchors': None, 'hybrid_label': None, 'geofencing_regions': None, 'select_anchor_expanded_content': 0, 'aweme_acl': {'download_mask_panel': {'code': 1, 'show_type': 0}}, 'ent_log_extra': {'log_extra': '{"global_log_extra":null,"page_log_extra":null,"aweme_log_extra":{"ce_current_group_id":"7411372408919117071","author_id":"1965574329213736"},"extra_log_extra":null}'}, 'is_story': 0, 'publish_plus_alienation': {'alienation_type': 0}, 'trends_infos': None, 'follow_shot_assets': None, 'cover_labels': None, 'series_basic_info': {}, 'origin_duet_resource_uri': '', 'guide_btn_type': 0, 'cf_assets_type': 0, 'personal_page_botton_diagnose_style': 0, 'images': None, 'relation_labels': None, 'is_moment_history': 0, 'impression_data': {'group_id_list_a': [], 'group_id_list_b': [], 'similar_id_list_a': None, 'similar_id_list_b': None, 'group_id_list_c': [], 'group_id_list_d': []}, 'game_tag_info': {'is_game': False}, 'is_24_story': 0, 'libfinsert_task_id': '', 'social_tag_list': None, 'suggest_words': {'suggest_words': [{'words': [], 'scene': 'detail_inbox_rex', 'icon_url': '', 'hint_text': '', 'extra_info': '{}'}]}, 'show_follow_button': {}, 'duet_aggregate_in_music_tab': False, 'is_duet_sing': False, 'comment_permission_info': {'comment_permission_status': 0, 'can_comment': True, 'item_detail_entry': False, 'press_entry': False, 'toast_guide': False}, 'original_images': None, 'series_paid_info': {'series_paid_status': 0, 'item_price': 0}, 'img_bitrate': None, 'comment_gid': 7411372408919117071, 'image_album_music_info': {'begin_time': -1, 'end_time': -1, 'volume': -1}, 'video_tag': [{'tag_id': 2024, 'tag_name': '亲子', 'level': 1}, {'tag_id': 2024006, 'tag_name': '母婴', 'level': 2}, {'tag_id': 2024006003, 'tag_name': '育儿知识', 'level': 3}], 'is_collects_selected': 0, 'chapter_list': None, 'feed_comment_config': {'input_config_text': '善语结善缘，恶言伤人心', 'author_audit_status': 0, 'common_flags': '{"hashtag":"[{\\"name\\":\\"幼儿教育\\",\\"id\\":1591352385275918},{\\"name\\":\\"亲子关系\\",\\"id\\":1595199377513476},{\\"name\\":\\"育儿\\",\\"id\\":1767586940916743},{\\"name\\":\\"家庭教育\\",\\"id\\":1767586804947975},{\\"name\\":\\"父母课堂\\",\\"id\\":1600624540786695}]","item_author_nickname":"孙瑞雪聊教育","video_labels_v2_tag1":"母婴","video_labels_v2_tag2":"育儿理念"}'}, 'is_image_beat': False, 'dislike_dimension_list': None, 'standard_bar_info_list': None, 'photo_search_entrance': {'ecom_type': 0}, 'is_life_item': False, 'image_list': None, 'component_info_v2': '{"desc_lines_limit":0,"hide_marquee":false}', 'item_warn_notification': {'type': 0, 'show': False, 'content': ''}, 'origin_text_extra': None, 'disable_relation_bar': 0, 'packed_clips': None, 'author_mask_tag': 0, 'user_recommend_status': 1, 'collection_corner_mark': 0, 'is_share_post': False, 'image_comment': {}, 'visual_search_info': {'is_show_img_entrance': False, 'is_ecom_img': False, 'is_high_accuracy_ecom': False, 'is_high_recall_ecom': False}, 'tts_id_list': None, 'ref_tts_id_list': None, 'voice_modify_id_list': None, 'ref_voice_modify_id_list': None, 'authentication_token': 'MS4wLjAAAAAA6bE8L85dIEU8zu7209vNclHfzvZKEjCrjZ9FiZ2bbIr19oM0mdUFOonJnG8NBr3rA8xiNnHdEhMM9g4SPpFwVq_tea8aQChncc2giXt-TcRvkKRf8L0Wozpja22CZ7qdWbHvndt1ENH9pkc6Tln6K8kQqk9EI-mfRLeXoMJmMBU0kTVt0pEYWkFA1C8K2R-8sklj_-2pMwLReVzi1sfs3WmMtWX6WX7IkFfY_4OLe6gvprVW0TZZZ5EjQqElJi7U', 'video_game_data_channel_config': {}, 'dislike_dimension_list_v2': None, 'distribute_circle': {'distribute_type': 0, 'campus_block_interaction': False, 'is_campus': False}, 'image_crop_ctrl': 0, 'yumme_recreason': None, 'slides_music_beats': None, 'jump_tab_info_list': None, 'media_type': 4, 'reply_smart_emojis': None, 'activity_video_type': -1, 'boost_status': 0, 'create_scale_type': None, 'entertainment_product_info': {'sub_title': None, 'market_info': {'limit_free': {'in_free': False}, 'marketing_tag': None}}, 'caption': '儿童童年所遇到的问题和成人的问题一样。 #父母课堂  #幼儿教育  #亲子关系  #育儿  #家庭教育', 'item_title': '', 'is_use_music': False, 'original': 0, 'xigua_base_info': {'status': 0, 'star_altar_order_id': 0, 'star_altar_type': 0, 'item_id': 0}}, {'aweme_id': '7411372276047678760', 'desc': '三岁儿童就开始建立规则意识,是否过早？ #父母课堂  #幼儿教育  #亲子关系  #育儿  #家庭教育', 'create_time': 1726131000, 'author': {'uid': '1965574329213736', 'card_entries_not_display': None, 'nickname': '孙瑞雪聊教育', 'personal_tag_list': None, 'homepage_bottom_toast': None, 'avatar_thumb': {'uri': '100x100/aweme-avatar/tos-cn-avt-0015_afee5b125df955a19af4c41159ad1295', 'url_list': ['https://p3-pc.douyinpic.com/aweme/100x100/aweme-avatar/tos-cn-avt-0015_afee5b125df955a19af4c41159ad1295.jpeg?from=327834062'], 'width': 720, 'height': 720}, 'batch_unfollow_contain_tabs': None, 'not_seen_item_id_list': None, 'follow_status': 0, 'contrail_list': None, 'story_interactive': 0, 'data_label_list': None, 'custom_verify': '', 'follower_list_secondary_information_struct': None, 'display_info': None, 'interest_tags': None, 'account_cert_info': '{}', 'user_tags': None, 'share_info': {'share_url': '', 'share_weibo_desc': '', 'share_desc': '', 'share_title': '', 'share_qrcode_url': {'uri': '31b0500316c4e154852bc', 'url_list': ['https://p3-pc-sign.douyinpic.com/obj/31b0500316c4e154852bc?lk3s=138a59ce&x-expires=1760990400&x-signature=VnOegD8kfOkclbkCT%2BIUAVSkQl4%3D&from=327834062'], 'width': 720, 'height': 720}, 'share_title_myself': '', 'share_title_other': '', 'share_desc_info': ''}, 'can_set_geofencing': None, 'sec_uid': 'MS4wLjABAAAAnAFnkWlOm9jteymsi42fanYLMzfbqdGIwCILEUqDNmFyjfK9N8fSJdS_D2UWk_we', 'need_points': None, 'enterprise_verify_reason': '', 'is_ad_fake': False, 'story_ttl': 0, 'user_permissions': None, 'card_entries': None, 'creator_tag_list': None, 'offline_info_list': None, 'text_extra': None, 'card_sort_priority': None, 'prevent_download': False, 'special_people_labels': None, 'white_cover_url': None, 'endorsement_info_list': None, 'follower_status': 0, 'profile_mob_params': None, 'familiar_visitor_user': None, 'avatar_schema_list': None, 'cover_url': [{'uri': 'c8510002be9a3a61aad2', 'url_list': ['https://p3-pc-sign.douyinpic.com/obj/c8510002be9a3a61aad2?lk3s=138a59ce&x-expires=1762178400&x-signature=bEz6E0nbTH1458RtDsUU87G74Mk%3D&from=327834062'], 'width': 720, 'height': 720}], 'cf_list': None, 'im_role_ids': None, 'not_seen_item_id_list_v2': None, 'signature_extra': None, 'risk_notice_text': '', 'ban_user_functions': None, 'profile_component_disabled': None, 'verification_permission_ids': None, 'identity_labels': None, 'private_relation_list': None, 'link_item_list': None, 'batch_unfollow_relation_desc': None}, 'music': {'id': 7411371613779921664, 'id_str': '7411371613779921664', 'title': '@孙瑞雪聊教育创作的原声', 'author': '孙瑞雪聊教育', 'album': '', 'cover_hd': {'uri': '1080x1080/aweme-avatar/tos-cn-avt-0015_afee5b125df955a19af4c41159ad1295', 'url_list': ['https://p3-pc.douyinpic.com/aweme/1080x1080/aweme-avatar/tos-cn-avt-0015_afee5b125df955a19af4c41159ad1295.jpeg?from=327834062'], 'width': 720, 'height': 720}, 'cover_large': {'uri': '1080x1080/aweme-avatar/tos-cn-avt-0015_afee5b125df955a19af4c41159ad1295', 'url_list': ['https://p3-pc.douyinpic.com/aweme/1080x1080/aweme-avatar/tos-cn-avt-0015_afee5b125df955a19af4c41159ad1295.jpeg?from=327834062'], 'width': 720, 'height': 720}, 'cover_medium': {'uri': '720x720/aweme-avatar/tos-cn-avt-0015_afee5b125df955a19af4c41159ad1295', 'url_list': ['https://p3-pc.douyinpic.com/aweme/720x720/aweme-avatar/tos-cn-avt-0015_afee5b125df955a19af4c41159ad1295.jpeg?from=327834062'], 'width': 720, 'height': 720}, 'cover_thumb': {'uri': '100x100/aweme-avatar/tos-cn-avt-0015_afee5b125df955a19af4c41159ad1295', 'url_list': ['https://p3-pc.douyinpic.com/aweme/100x100/aweme-avatar/tos-cn-avt-0015_afee5b125df955a19af4c41159ad1295.jpeg?from=327834062'], 'width': 720, 'height': 720}, 'play_url': {'uri': 'https://lf9-music-east.douyinstatic.com/obj/ies-music-hj/7411372386181778235.mp3', 'url_list': ['https://lf9-music-east.douyinstatic.com/obj/ies-music-hj/7411372386181778235.mp3', 'https://lf26-music-east.douyinstatic.com/obj/ies-music-hj/7411372386181778235.mp3'], 'width': 720, 'height': 720, 'url_key': '7411371613779921664'}, 'schema_url': '', 'source_platform': 23, 'start_time': 0, 'end_time': 0, 'duration': 118, 'extra': '{"aed_music_score":0,"aed_singing_score":0.05,"aggregate_exempt_conf":[],"beats":{},"cover_colors":null,"douyin_beats_info":{},"dsp_switch":0,"extract_item_id":7411372276047678760,"has_edited":0,"hit_high_follow_auto":false,"hit_high_follow_extend":false,"hit_high_follow_original":false,"hotsoon_review_time":-1,"is_aed_music":0,"is_high_follow_user":false,"is_red":0,"is_subsidy_exp":false,"music_label_id":null,"music_tagging":{"AEDs":null,"Genres":null,"Instruments":null,"Languages":null,"Moods":null,"SingingVersions":null,"Themes":null},"review_unshelve_reason":0,"reviewed":0,"schedule_search_time":0,"uniqa_speech_score":0.79,"with_aed_model":1}', 'user_count': 0, 'position': None, 'collect_stat': 0, 'status': 1, 'offline_desc': '', 'owner_id': '1965574329213736', 'owner_nickname': '孙瑞雪聊教育', 'is_original': False, 'mid': '7411371613779921664', 'binded_challenge_id': 0, 'redirect': False, 'is_restricted': False, 'author_deleted': False, 'is_del_video': False, 'is_video_self_see': False, 'owner_handle': '63566855132', 'author_position': None, 'prevent_download': False, 'unshelve_countries': None, 'prevent_item_download_status': 0, 'external_song_info': [], 'sec_uid': 'MS4wLjABAAAAnAFnkWlOm9jteymsi42fanYLMzfbqdGIwCILEUqDNmFyjfK9N8fSJdS_D2UWk_we', 'avatar_thumb': {'uri': '100x100/aweme-avatar/tos-cn-avt-0015_afee5b125df955a19af4c41159ad1295', 'url_list': ['https://p3-pc.douyinpic.com/aweme/100x100/aweme-avatar/tos-cn-avt-0015_afee5b125df955a19af4c41159ad1295.jpeg?from=327834062'], 'width': 720, 'height': 720}, 'avatar_medium': {'uri': '720x720/aweme-avatar/tos-cn-avt-0015_afee5b125df955a19af4c41159ad1295', 'url_list': ['https://p3-pc.douyinpic.com/aweme/720x720/aweme-avatar/tos-cn-avt-0015_afee5b125df955a19af4c41159ad1295.jpeg?from=327834062'], 'width': 720, 'height': 720}, 'avatar_large': {'uri': '1080x1080/aweme-avatar/tos-cn-avt-0015_afee5b125df955a19af4c41159ad1295', 'url_list': ['https://p3-pc.douyinpic.com/aweme/1080x1080/aweme-avatar/tos-cn-avt-0015_afee5b125df955a19af4c41159ad1295.jpeg?from=327834062'], 'width': 720, 'height': 720}, 'preview_start_time': 0, 'preview_end_time': 0, 'is_commerce_music': False, 'is_original_sound': True, 'audition_duration': 118, 'shoot_duration': 118, 'reason_type': 0, 'artists': [], 'lyric_short_position': None, 'mute_share': False, 'tag_list': None, 'dmv_auto_show': False, 'is_pgc': False, 'is_matched_metadata': False, 'is_audio_url_with_cookie': False, 'music_chart_ranks': None, 'can_background_play': True, 'music_status': 1, 'video_duration': 118, 'pgc_music_type': 2, 'author_status': 1, 'search_impr': {'entity_id': '7411371613779921664'}, 'artist_user_infos': None, 'dsp_status': 10, 'musician_user_infos': None, 'music_collect_count': 0, 'music_cover_atmosphere_color_value': '', 'show_origin_clip': False}, 'effect_inflow_effects': None, 'video': {'play_addr': {'uri': 'v0d00fg10000crd7nffog65m46jcim5g', 'url_list': ['https://v5-dy-o-abtest.zjcdn.com/a7b95fcf465c2e8f264b74bcd2f9e7fa/68f66e2f/video/tos/cn/tos-cn-ve-0015c800/oMt7CeQ20AzVEi3CgimeesfJoB04ECyfHGyABY/?a=6383&ch=10010&cr=3&dr=0&lr=all&cd=0%7C0%7C0%7C3&cv=1&br=818&bt=818&cs=0&ds=3&ft=c2YTctGHQPRUZxfusdr~kwPqYldQIKDEE-TerrNqq_45a&mime_type=video_mp4&qs=0&rc=PDw1OmRkOzZpaGllOTw7aUBpanBmOXA5cmk6dTMzNGkzM0BfYmM1NWJeXjAxNV5eYDZgYSMyZmcxMmRja2FgLS1kLWFzcw%3D%3D&btag=80000e00028000&cquery=101r_100B_100H_100K_100o&dy_q=1760969609&feature_id=aa7df520beeae8e397df15f38df0454c&l=20251020221329FF810B6B17C3D024C6A3', 'https://v5-dy-o-abtest.zjcdn.com/a7b95fcf465c2e8f264b74bcd2f9e7fa/68f66e2f/video/tos/cn/tos-cn-ve-0015c800/oMt7CeQ20AzVEi3CgimeesfJoB04ECyfHGyABY/?a=6383&ch=10010&cr=3&dr=0&lr=all&cd=0%7C0%7C0%7C3&cv=1&br=818&bt=818&cs=0&ds=3&ft=c2YTctGHQPRUZxfusdr~kwPqYldQIKDEE-TerrNqq_45a&mime_type=video_mp4&qs=0&rc=PDw1OmRkOzZpaGllOTw7aUBpanBmOXA5cmk6dTMzNGkzM0BfYmM1NWJeXjAxNV5eYDZgYSMyZmcxMmRja2FgLS1kLWFzcw%3D%3D&btag=80000e00028000&cquery=101r_100B_100H_100K_100o&dy_q=1760969609&feature_id=aa7df520beeae8e397df15f38df0454c&l=20251020221329FF810B6B17C3D024C6A3', 'https://www.douyin.com/aweme/v1/play/?video_id=v0d00fg10000crd7nffog65m46jcim5g&line=0&file_id=cf98c9a6ab8f4e3fa3a8ea8a87f2e9b9&sign=d5bea7664d58633df169719761e9d4b8&is_play_url=1&source=PackSourceEnum_PUBLISH'], 'width': 720, 'height': 1280, 'url_key': 'v0d00fg10000crd7nffog65m46jcim5g_h264_720p_838355', 'data_size': 12451253, 'file_hash': 'd5bea7664d58633df169719761e9d4b8', 'file_cs': 'c:0-130425-9b6d'}, 'cover': {'uri': 'tos-cn-i-dy/d848b3bcf7be42698d129841587bbc61', 'url_list': ['https://p3-pc-sign.douyinpic.com/tos-cn-i-dy/d848b3bcf7be42698d129841587bbc61~tplv-dy-cropcenter:323:430.jpeg?lk3s=138a59ce&x-expires=2076328800&x-signature=mS2HxBS0WYxw4GXSHcpXVHiNDTw%3D&from=327834062&s=PackSourceEnum_PUBLISH&se=true&sh=323_430&sc=cover&biz_tag=pcweb_cover&l=20251020221329FF810B6B17C3D024C6A3', 'https://p3-pc-sign.douyinpic.com/obj/tos-cn-i-dy/d848b3bcf7be42698d129841587bbc61?lk3s=138a59ce&x-expires=2076328800&x-signature=xSiHfimvKRaaarp5HUW30pRJa74%3D&from=327834062&s=PackSourceEnum_PUBLISH&se=false&sc=cover&biz_tag=pcweb_cover&l=20251020221329FF810B6B17C3D024C6A3'], 'width': 720, 'height': 720}, 'height': 1920, 'width': 1080, 'dynamic_cover': {'uri': 'tos-cn-i-dy/d848b3bcf7be42698d129841587bbc61', 'url_list': ['https://p3-pc-sign.douyinpic.com/obj/tos-cn-i-dy/d848b3bcf7be42698d129841587bbc61?lk3s=138a59ce&x-expires=1762178400&x-signature=Y648lHi7aidmezr7Ea4maIqGyhc%3D&from=327834062_large&s=PackSourceEnum_PUBLISH&se=false&sc=dynamic_cover&biz_tag=pcweb_cover&l=20251020221329FF810B6B17C3D024C6A3', 'https://p9-pc-sign.douyinpic.com/obj/tos-cn-i-dy/d848b3bcf7be42698d129841587bbc61?lk3s=138a59ce&x-expires=1762178400&x-signature=meulbw1EBkCZLiYCqcXT1Nl9CB0%3D&from=327834062_large&s=PackSourceEnum_PUBLISH&se=false&sc=dynamic_cover&biz_tag=pcweb_cover&l=20251020221329FF810B6B17C3D024C6A3'], 'width': 720, 'height': 720}, 'origin_cover': {'uri': 'tos-cn-p-0015/oQD0qNW9QBS22QEsef99AYsAhusWngs0BQA4Fm', 'url_list': ['https://p3-pc-sign.douyinpic.com/tos-cn-p-0015/oQD0qNW9QBS22QEsef99AYsAhusWngs0BQA4Fm~tplv-dy-360p.jpeg?lk3s=138a59ce&x-expires=1762178400&x-signature=YQedHArcZQXO3%2BM%2BWojqo7ctLE4%3D&from=327834062&s=PackSourceEnum_PUBLISH&se=false&sc=origin_cover&biz_tag=pcweb_cover&l=20251020221329FF810B6B17C3D024C6A3', 'https://p9-pc-sign.douyinpic.com/tos-cn-p-0015/oQD0qNW9QBS22QEsef99AYsAhusWngs0BQA4Fm~tplv-dy-360p.jpeg?lk3s=138a59ce&x-expires=1762178400&x-signature=nrm%2F5UCVMio9boqgaJ3cBcozeS4%3D&from=327834062&s=PackSourceEnum_PUBLISH&se=false&sc=origin_cover&biz_tag=pcweb_cover&l=20251020221329FF810B6B17C3D024C6A3'], 'width': 360, 'height': 640}, 'ratio': '720p', 'format': 'mp4', 'audio': {'original_sound_infos': None}, 'bit_rate': [{'gear_name': 'normal_720_0', 'quality_type': 10, 'bit_rate': 838355, 'play_addr': {'uri': 'v0d00fg10000crd7nffog65m46jcim5g', 'url_list': ['https://v5-dy-o-abtest.zjcdn.com/a7b95fcf465c2e8f264b74bcd2f9e7fa/68f66e2f/video/tos/cn/tos-cn-ve-0015c800/oMt7CeQ20AzVEi3CgimeesfJoB04ECyfHGyABY/?a=6383&ch=10010&cr=3&dr=0&lr=all&cd=0%7C0%7C0%7C3&cv=1&br=818&bt=818&cs=0&ds=3&ft=c2YTctGHQPRUZxfusdr~kwPqYldQIKDEE-TerrNqq_45a&mime_type=video_mp4&qs=0&rc=PDw1OmRkOzZpaGllOTw7aUBpanBmOXA5cmk6dTMzNGkzM0BfYmM1NWJeXjAxNV5eYDZgYSMyZmcxMmRja2FgLS1kLWFzcw%3D%3D&btag=80000e00028000&cquery=101r_100B_100H_100K_100o&dy_q=1760969609&feature_id=aa7df520beeae8e397df15f38df0454c&l=20251020221329FF810B6B17C3D024C6A3', 'https://v5-dy-o-abtest.zjcdn.com/a7b95fcf465c2e8f264b74bcd2f9e7fa/68f66e2f/video/tos/cn/tos-cn-ve-0015c800/oMt7CeQ20AzVEi3CgimeesfJoB04ECyfHGyABY/?a=6383&ch=10010&cr=3&dr=0&lr=all&cd=0%7C0%7C0%7C3&cv=1&br=818&bt=818&cs=0&ds=3&ft=c2YTctGHQPRUZxfusdr~kwPqYldQIKDEE-TerrNqq_45a&mime_type=video_mp4&qs=0&rc=PDw1OmRkOzZpaGllOTw7aUBpanBmOXA5cmk6dTMzNGkzM0BfYmM1NWJeXjAxNV5eYDZgYSMyZmcxMmRja2FgLS1kLWFzcw%3D%3D&btag=80000e00028000&cquery=101r_100B_100H_100K_100o&dy_q=1760969609&feature_id=aa7df520beeae8e397df15f38df0454c&l=20251020221329FF810B6B17C3D024C6A3', 'https://www.douyin.com/aweme/v1/play/?video_id=v0d00fg10000crd7nffog65m46jcim5g&line=0&file_id=cf98c9a6ab8f4e3fa3a8ea8a87f2e9b9&sign=d5bea7664d58633df169719761e9d4b8&is_play_url=1&source=PackSourceEnum_PUBLISH'], 'width': 720, 'height': 1280, 'url_key': 'v0d00fg10000crd7nffog65m46jcim5g_h264_720p_838355', 'data_size': 12451253, 'file_hash': 'd5bea7664d58633df169719761e9d4b8', 'file_cs': 'c:0-130425-9b6d'}, 'is_h265': 0, 'is_bytevc1': 0, 'HDR_type': '', 'HDR_bit': '', 'FPS': 30, 'video_extra': '{"PktOffsetMap":"[{\\"time\\": 1, \\"offset\\": 367611}, {\\"time\\": 2, \\"offset\\": 492833}, {\\"time\\": 3, \\"offset\\": 611283}, {\\"time\\": 4, \\"offset\\": 764224}, {\\"time\\": 5, \\"offset\\": 866764}, {\\"time\\": 10, \\"offset\\": 1418833}]","format":"mp4","definition":"720p","quality":"normal","file_id":"cf98c9a6ab8f4e3fa3a8ea8a87f2e9b9","applog_map":{"feature_id":"aa7df520beeae8e397df15f38df0454c"},"audio_channels":"2.0","audio_sample_rate":"44100","audio_metrics":null,"audio_score":null}', 'format': 'mp4'}, {'gear_name': 'low_720_0', 'quality_type': 211, 'bit_rate': 824921, 'play_addr': {'uri': 'v0d00fg10000crd7nffog65m46jcim5g', 'url_list': ['https://v5-dy-o-abtest.zjcdn.com/b63d49598fd6ba22508941ec33a70749/68f66e2f/video/tos/cn/tos-cn-ve-0015c800/oQ2bryuineIW2LcmAIQE9caiXfzAuWANABLBgJ/?a=6383&ch=10010&cr=3&dr=0&lr=all&cd=0%7C0%7C0%7C3&cv=1&br=805&bt=805&cs=0&ds=3&ft=c2YTctGHQPRUZxfusdr~kwPqYldQIKDEE-TerrNqq_45a&mime_type=video_mp4&qs=1&rc=OGU3ZDRoNmc0ZmVnZGdpZ0BpanBmOXA5cmk6dTMzNGkzM0BhYjFfNjBjX2ExLTU1MzFfYSMyZmcxMmRja2FgLS1kLWFzcw%3D%3D&btag=80000e00028000&cquery=100o_101r_100B_100H_100K&dy_q=1760969609&feature_id=46a7bb47b4fd1280f3d3825bf2b29388&l=20251020221329FF810B6B17C3D024C6A3', 'https://v5-dy-o-abtest.zjcdn.com/b63d49598fd6ba22508941ec33a70749/68f66e2f/video/tos/cn/tos-cn-ve-0015c800/oQ2bryuineIW2LcmAIQE9caiXfzAuWANABLBgJ/?a=6383&ch=10010&cr=3&dr=0&lr=all&cd=0%7C0%7C0%7C3&cv=1&br=805&bt=805&cs=0&ds=3&ft=c2YTctGHQPRUZxfusdr~kwPqYldQIKDEE-TerrNqq_45a&mime_type=video_mp4&qs=1&rc=OGU3ZDRoNmc0ZmVnZGdpZ0BpanBmOXA5cmk6dTMzNGkzM0BhYjFfNjBjX2ExLTU1MzFfYSMyZmcxMmRja2FgLS1kLWFzcw%3D%3D&btag=80000e00028000&cquery=101r_100B_100H_100K_100o&dy_q=1760969609&feature_id=46a7bb47b4fd1280f3d3825bf2b29388&l=20251020221329FF810B6B17C3D024C6A3', 'https://www.douyin.com/aweme/v1/play/?video_id=v0d00fg10000crd7nffog65m46jcim5g&line=0&file_id=bd4f6d8a8d0b4cd1bdf33e91ba44ebd5&sign=656921ce74790c2aa45472ccb18a7b8c&is_play_url=1&source=PackSourceEnum_PUBLISH'], 'width': 720, 'height': 1280, 'url_key': 'v0d00fg10000crd7nffog65m46jcim5g_h264_720p_824921', 'data_size': 12251731, 'file_hash': '656921ce74790c2aa45472ccb18a7b8c', 'file_cs': 'c:0-99076-1f0b|a:v0d00fg10000crd7nffog65m46jcim5g'}, 'is_h265': 0, 'is_bytevc1': 0, 'HDR_type': '', 'HDR_bit': '', 'FPS': 30, 'video_extra': '{"PktOffsetMap":"[{\\"time\\": 1, \\"offset\\": 361576}, {\\"time\\": 2, \\"offset\\": 481368}, {\\"time\\": 3, \\"offset\\": 598427}, {\\"time\\": 4, \\"offset\\": 750053}, {\\"time\\": 5, \\"offset\\": 857538}, {\\"time\\": 10, \\"offset\\": 1400088}]","format":"mp4","definition":"720p","quality":"low","file_id":"bd4f6d8a8d0b4cd1bdf33e91ba44ebd5","applog_map":{"feature_id":"46a7bb47b4fd1280f3d3825bf2b29388"},"audio_channels":"2.0","audio_sample_rate":"44100","audio_metrics":null,"audio_score":null}', 'format': 'mp4'}, {'gear_name': 'low_540_0', 'quality_type': 292, 'bit_rate': 788946, 'play_addr': {'uri': 'v0d00fg10000crd7nffog65m46jcim5g', 'url_list': ['https://v5-dy-o-abtest.zjcdn.com/47e9fa9f7e6556dfd9e176dc8473f4b8/68f66e2f/video/tos/cn/tos-cn-ve-0015c800/oMByLNLeEBJ2bIia6f9cAC2AzuSLngWaQIALim/?a=6383&ch=10010&cr=3&dr=0&lr=all&cd=0%7C0%7C0%7C3&cv=1&br=770&bt=770&cs=0&ds=6&ft=c2YTctGHQPRUZxfusdr~kwPqYldQIKDEE-TerrNqq_45a&mime_type=video_mp4&qs=1&rc=OTVkZmQ8ZWY5ZzUzNTc2NEBpanBmOXA5cmk6dTMzNGkzM0A0LS1iYC4xNWIxMmMuLzFfYSMyZmcxMmRja2FgLS1kLWFzcw%3D%3D&btag=80000e00028000&cquery=100K_100o_101r_100B_100H&dy_q=1760969609&feature_id=46a7bb47b4fd1280f3d3825bf2b29388&l=20251020221329FF810B6B17C3D024C6A3', 'https://v5-dy-o-abtest.zjcdn.com/47e9fa9f7e6556dfd9e176dc8473f4b8/68f66e2f/video/tos/cn/tos-cn-ve-0015c800/oMByLNLeEBJ2bIia6f9cAC2AzuSLngWaQIALim/?a=6383&ch=10010&cr=3&dr=0&lr=all&cd=0%7C0%7C0%7C3&cv=1&br=770&bt=770&cs=0&ds=6&ft=c2YTctGHQPRUZxfusdr~kwPqYldQIKDEE-TerrNqq_45a&mime_type=video_mp4&qs=1&rc=OTVkZmQ8ZWY5ZzUzNTc2NEBpanBmOXA5cmk6dTMzNGkzM0A0LS1iYC4xNWIxMmMuLzFfYSMyZmcxMmRja2FgLS1kLWFzcw%3D%3D&btag=80000e00028000&cquery=100K_100o_101r_100B_100H&dy_q=1760969609&feature_id=46a7bb47b4fd1280f3d3825bf2b29388&l=20251020221329FF810B6B17C3D024C6A3', 'https://www.douyin.com/aweme/v1/play/?video_id=v0d00fg10000crd7nffog65m46jcim5g&line=0&file_id=b1432412f0524de68c4b19caec0a0276&sign=4747bfc11abd437bea4c29ecdd9deb24&is_play_url=1&source=PackSourceEnum_PUBLISH'], 'width': 576, 'height': 1024, 'url_key': 'v0d00fg10000crd7nffog65m46jcim5g_h264_540p_788946', 'data_size': 11717428, 'file_hash': '4747bfc11abd437bea4c29ecdd9deb24', 'file_cs': 'c:0-99068-5924|a:v0d00fg10000crd7nffog65m46jcim5g'}, 'is_h265': 0, 'is_bytevc1': 0, 'HDR_type': '', 'HDR_bit': '', 'FPS': 30, 'video_extra': '{"PktOffsetMap":"[{\\"time\\": 1, \\"offset\\": 343077}, {\\"time\\": 2, \\"offset\\": 457151}, {\\"time\\": 3, \\"offset\\": 568925}, {\\"time\\": 4, \\"offset\\": 712359}, {\\"time\\": 5, \\"offset\\": 814599}, {\\"time\\": 10, \\"offset\\": 1330788}]","format":"mp4","definition":"540p","quality":"low","file_id":"b1432412f0524de68c4b19caec0a0276","applog_map":{"feature_id":"46a7bb47b4fd1280f3d3825bf2b29388"},"audio_channels":"2.0","audio_sample_rate":"44100","audio_metrics":null,"audio_score":null}', 'format': 'mp4'}, {'gear_name': 'adapt_low_540_0', 'quality_type': 291, 'bit_rate': 539189, 'play_addr': {'uri': 'v0d00fg10000crd7nffog65m46jcim5g', 'url_list': ['https://v5-dy-o-abtest.zjcdn.com/b03725d1349f05e45d5cd0a648452434/68f66e2f/video/tos/cn/tos-cn-ve-0015c800/o0ImSHubHAo2Q9YhgIiL2cNBefaWJCniAABzyE/?a=6383&ch=10010&cr=3&dr=0&lr=all&cd=0%7C0%7C0%7C3&cv=1&br=526&bt=526&cs=0&ds=6&ft=c2YTctGHQPRUZxfusdr~kwPqYldQIKDEE-TerrNqq_45a&mime_type=video_mp4&qs=12&rc=OThoaGdkNjg8ZTw3MzY0Z0BpanBmOXA5cmk6dTMzNGkzM0A1MWA2YjQtNTAxMF5eNC9eYSMyZmcxMmRja2FgLS1kLWFzcw%3D%3D&btag=80000e00028000&cquery=100B_100H_100K_100o_101r&dy_q=1760969609&feature_id=46a7bb47b4fd1280f3d3825bf2b29388&l=20251020221329FF810B6B17C3D024C6A3', 'https://v5-dy-o-abtest.zjcdn.com/b03725d1349f05e45d5cd0a648452434/68f66e2f/video/tos/cn/tos-cn-ve-0015c800/o0ImSHubHAo2Q9YhgIiL2cNBefaWJCniAABzyE/?a=6383&ch=10010&cr=3&dr=0&lr=all&cd=0%7C0%7C0%7C3&cv=1&br=526&bt=526&cs=0&ds=6&ft=c2YTctGHQPRUZxfusdr~kwPqYldQIKDEE-TerrNqq_45a&mime_type=video_mp4&qs=12&rc=OThoaGdkNjg8ZTw3MzY0Z0BpanBmOXA5cmk6dTMzNGkzM0A1MWA2YjQtNTAxMF5eNC9eYSMyZmcxMmRja2FgLS1kLWFzcw%3D%3D&btag=80000e00028000&cquery=100B_100H_100K_100o_101r&dy_q=1760969609&feature_id=46a7bb47b4fd1280f3d3825bf2b29388&l=20251020221329FF810B6B17C3D024C6A3', 'https://www.douyin.com/aweme/v1/play/?video_id=v0d00fg10000crd7nffog65m46jcim5g&line=0&file_id=ad2173a0a4394b3985037aed9ece4586&sign=91c23792978d8e56bbe07bb7eda6504a&is_play_url=1&source=PackSourceEnum_PUBLISH'], 'width': 576, 'height': 1024, 'url_key': 'v0d00fg10000crd7nffog65m46jcim5g_h264_540p_539189', 'data_size': 8008048, 'file_hash': '91c23792978d8e56bbe07bb7eda6504a', 'file_cs': 'c:0-99067-906b|a:v0d00fg10000crd7nffog65m46jcim5g'}, 'is_h265': 0, 'is_bytevc1': 0, 'HDR_type': '', 'HDR_bit': '', 'FPS': 30, 'video_extra': '{"PktOffsetMap":"[{\\"time\\": 1, \\"offset\\": 270686}, {\\"time\\": 2, \\"offset\\": 345746}, {\\"time\\": 3, \\"offset\\": 420106}, {\\"time\\": 4, \\"offset\\": 517268}, {\\"time\\": 5, \\"offset\\": 585561}, {\\"time\\": 10, \\"offset\\": 936859}]","format":"mp4","definition":"540p","quality":"adapt_low","file_id":"ad2173a0a4394b3985037aed9ece4586","applog_map":{"feature_id":"46a7bb47b4fd1280f3d3825bf2b29388"},"audio_channels":"2.0","audio_sample_rate":"44100","audio_metrics":null,"audio_score":null}', 'format': 'mp4'}, {'gear_name': 'adapt_lowest_1080_1', 'quality_type': 2, 'bit_rate': 384636, 'play_addr': {'uri': 'v0d00fg10000crd7nffog65m46jcim5g', 'url_list': ['https://v5-dy-o-abtest.zjcdn.com/af8472490e4fc9158edb3965bba4ef91/68f66e2f/video/tos/cn/tos-cn-ve-0015c800/oou2Bf2eAibNEcrWIQmgiBaiIu9nAcJLrAxFbX/?a=6383&ch=10010&cr=3&dr=0&lr=all&cd=0%7C0%7C0%7C3&cv=1&br=375&bt=375&cs=2&ds=4&ft=c2YTctGHQPRUZxfusdr~kwPqYldQIKDEE-TerrNqq_45a&mime_type=video_mp4&qs=15&rc=aDk6MzM4ZDlnOmlkaDpkOEBpanBmOXA5cmk6dTMzNGkzM0AxLjNjNi8wNTMxYjJgYTUxYSMyZmcxMmRja2FgLS1kLWFzcw%3D%3D&btag=80000e00028000&cquery=100o_101r_100B_100H_100K&dy_q=1760969609&feature_id=c6de0308cacfd993ef282c8e1c646267&l=20251020221329FF810B6B17C3D024C6A3', 'https://v5-dy-o-abtest.zjcdn.com/af8472490e4fc9158edb3965bba4ef91/68f66e2f/video/tos/cn/tos-cn-ve-0015c800/oou2Bf2eAibNEcrWIQmgiBaiIu9nAcJLrAxFbX/?a=6383&ch=10010&cr=3&dr=0&lr=all&cd=0%7C0%7C0%7C3&cv=1&br=375&bt=375&cs=2&ds=4&ft=c2YTctGHQPRUZxfusdr~kwPqYldQIKDEE-TerrNqq_45a&mime_type=video_mp4&qs=15&rc=aDk6MzM4ZDlnOmlkaDpkOEBpanBmOXA5cmk6dTMzNGkzM0AxLjNjNi8wNTMxYjJgYTUxYSMyZmcxMmRja2FgLS1kLWFzcw%3D%3D&btag=80000e00028000&cquery=101r_100B_100H_100K_100o&dy_q=1760969609&feature_id=c6de0308cacfd993ef282c8e1c646267&l=20251020221329FF810B6B17C3D024C6A3', 'https://www.douyin.com/aweme/v1/play/?video_id=v0d00fg10000crd7nffog65m46jcim5g&line=0&file_id=458ad7ce5aef476d863a2590f067164e&sign=f6303a3cd3a798dcef4603d6b81704ae&is_play_url=1&source=PackSourceEnum_PUBLISH'], 'width': 1080, 'height': 1920, 'url_key': 'v0d00fg10000crd7nffog65m46jcim5g_bytevc1_1080p_384636', 'data_size': 5712624, 'file_hash': 'f6303a3cd3a798dcef4603d6b81704ae', 'file_cs': 'c:0-99209-e8ca'}, 'is_h265': 1, 'is_bytevc1': 1, 'HDR_type': '', 'HDR_bit': '', 'FPS': 30, 'video_extra': '{"PktOffsetMap":"[{\\"time\\": 1, \\"offset\\": 258358}, {\\"time\\": 2, \\"offset\\": 307232}, {\\"time\\": 3, \\"offset\\": 367574}, {\\"time\\": 4, \\"offset\\": 441019}, {\\"time\\": 5, \\"offset\\": 496086}, {\\"time\\": 10, \\"offset\\": 750526}]","format":"mp4","definition":"1080p","quality":"adapt_lowest","file_id":"458ad7ce5aef476d863a2590f067164e","applog_map":{"feature_id":"c6de0308cacfd993ef282c8e1c646267"},"mvmaf":"{\\"mvmaf_sr_v1080\\":-1,\\"mvmaf_sr_v960\\":-1,\\"mvmaf_sr_v864\\":-1,\\"mvmaf_sr_v720\\":-1,\\"mvmaf_ori_v1080\\":92.022,\\"mvmaf_ori_v960\\":92.919,\\"mvmaf_ori_v864\\":93.719,\\"mvmaf_ori_v720\\":94.092}","audio_channels":"2.0","audio_sample_rate":"44100","audio_metrics":null,"audio_score":null}', 'format': 'mp4'}, {'gear_name': 'adapt_lowest_720_1', 'quality_type': 15, 'bit_rate': 326290, 'play_addr': {'uri': 'v0d00fg10000crd7nffog65m46jcim5g', 'url_list': ['https://v5-dy-o-abtest.zjcdn.com/a14ba1c583a9f7ab63b04f4ff8dfd1cc/68f66e2f/video/tos/cn/tos-cn-ve-0015c800/oIiJILi0naNeUWriAQBAEu229ImgrBzAEnibfj/?a=6383&ch=10010&cr=3&dr=0&lr=all&cd=0%7C0%7C0%7C3&cv=1&br=318&bt=318&cs=2&ds=3&ft=c2YTctGHQPRUZxfusdr~kwPqYldQIKDEE-TerrNqq_45a&mime_type=video_mp4&qs=15&rc=aTU2Nzo2NTk4N2c4N2YzNEBpanBmOXA5cmk6dTMzNGkzM0A0YDA1XzIvXjQxMmM1Ni0tYSMyZmcxMmRja2FgLS1kLWFzcw%3D%3D&btag=80000e00028000&cquery=100K_100o_101r_100B_100H&dy_q=1760969609&feature_id=c6de0308cacfd993ef282c8e1c646267&l=20251020221329FF810B6B17C3D024C6A3', 'https://v5-dy-o-abtest.zjcdn.com/a14ba1c583a9f7ab63b04f4ff8dfd1cc/68f66e2f/video/tos/cn/tos-cn-ve-0015c800/oIiJILi0naNeUWriAQBAEu229ImgrBzAEnibfj/?a=6383&ch=10010&cr=3&dr=0&lr=all&cd=0%7C0%7C0%7C3&cv=1&br=318&bt=318&cs=2&ds=3&ft=c2YTctGHQPRUZxfusdr~kwPqYldQIKDEE-TerrNqq_45a&mime_type=video_mp4&qs=15&rc=aTU2Nzo2NTk4N2c4N2YzNEBpanBmOXA5cmk6dTMzNGkzM0A0YDA1XzIvXjQxMmM1Ni0tYSMyZmcxMmRja2FgLS1kLWFzcw%3D%3D&btag=80000e00028000&cquery=100B_100H_100K_100o_101r&dy_q=1760969609&feature_id=c6de0308cacfd993ef282c8e1c646267&l=20251020221329FF810B6B17C3D024C6A3', 'https://www.douyin.com/aweme/v1/play/?video_id=v0d00fg10000crd7nffog65m46jcim5g&line=0&file_id=01009c84f55d4475a62253b78433c27f&sign=f94765c4209e0fb65acd4492d908e9a8&is_play_url=1&source=PackSourceEnum_PUBLISH'], 'width': 720, 'height': 1280, 'url_key': 'v0d00fg10000crd7nffog65m46jcim5g_bytevc1_720p_326290', 'data_size': 4846068, 'file_hash': 'f94765c4209e0fb65acd4492d908e9a8', 'file_cs': 'c:0-99209-900e'}, 'is_h265': 1, 'is_bytevc1': 1, 'HDR_type': '', 'HDR_bit': '', 'FPS': 30, 'video_extra': '{"PktOffsetMap":"[{\\"time\\": 1, \\"offset\\": 220406}, {\\"time\\": 2, \\"offset\\": 260469}, {\\"time\\": 3, \\"offset\\": 309963}, {\\"time\\": 4, \\"offset\\": 368634}, {\\"time\\": 5, \\"offset\\": 413104}, {\\"time\\": 10, \\"offset\\": 631488}]","format":"mp4","definition":"720p","quality":"adapt_lowest","file_id":"01009c84f55d4475a62253b78433c27f","applog_map":{"feature_id":"c6de0308cacfd993ef282c8e1c646267"},"mvmaf":"{\\"mvmaf_sr_v1080\\":96.632,\\"mvmaf_sr_v960\\":97.838,\\"mvmaf_sr_v864\\":99.034,\\"mvmaf_sr_v720\\":99.643,\\"mvmaf_ori_v1080\\":86.374,\\"mvmaf_ori_v960\\":89.508,\\"mvmaf_ori_v864\\":91.143,\\"mvmaf_ori_v720\\":93.484}","audio_channels":"2.0","audio_sample_rate":"44100","audio_metrics":null,"audio_score":null}', 'format': 'mp4'}, {'gear_name': 'adapt_540_1', 'quality_type': 28, 'bit_rate': 295487, 'play_addr': {'uri': 'v0d00fg10000crd7nffog65m46jcim5g', 'url_list': ['https://v5-dy-o-abtest.zjcdn.com/f4d5cde7b30103601527472d9b9251f4/68f66e2f/video/tos/cn/tos-cn-ve-0015c800/ogALAAdmNieQE98EuLifBir23BZwInI2WpJbag/?a=6383&ch=10010&cr=3&dr=0&lr=all&cd=0%7C0%7C0%7C3&cv=1&br=288&bt=288&cs=2&ds=6&ft=c2YTctGHQPRUZxfusdr~kwPqYldQIKDEE-TerrNqq_45a&mime_type=video_mp4&qs=11&rc=ZDpnZjVmOGRoZmk0NzloO0BpanBmOXA5cmk6dTMzNGkzM0AuNGNhYzZiNi4xNS9iYTQ1YSMyZmcxMmRja2FgLS1kLWFzcw%3D%3D&btag=80000e00028000&cquery=101r_100B_100H_100K_100o&dy_q=1760969609&feature_id=c6de0308cacfd993ef282c8e1c646267&l=20251020221329FF810B6B17C3D024C6A3', 'https://v5-dy-o-abtest.zjcdn.com/f4d5cde7b30103601527472d9b9251f4/68f66e2f/video/tos/cn/tos-cn-ve-0015c800/ogALAAdmNieQE98EuLifBir23BZwInI2WpJbag/?a=6383&ch=10010&cr=3&dr=0&lr=all&cd=0%7C0%7C0%7C3&cv=1&br=288&bt=288&cs=2&ds=6&ft=c2YTctGHQPRUZxfusdr~kwPqYldQIKDEE-TerrNqq_45a&mime_type=video_mp4&qs=11&rc=ZDpnZjVmOGRoZmk0NzloO0BpanBmOXA5cmk6dTMzNGkzM0AuNGNhYzZiNi4xNS9iYTQ1YSMyZmcxMmRja2FgLS1kLWFzcw%3D%3D&btag=80000e00028000&cquery=101r_100B_100H_100K_100o&dy_q=1760969609&feature_id=c6de0308cacfd993ef282c8e1c646267&l=20251020221329FF810B6B17C3D024C6A3', 'https://www.douyin.com/aweme/v1/play/?video_id=v0d00fg10000crd7nffog65m46jcim5g&line=0&file_id=887ed6e4218f4c1e9ae59cf2dcfd771a&sign=07bb7853cf47c4f62eb1686f4a9490c0&is_play_url=1&source=PackSourceEnum_PUBLISH'], 'width': 576, 'height': 1024, 'url_key': 'v0d00fg10000crd7nffog65m46jcim5g_bytevc1_540p_295487', 'data_size': 4388585, 'file_hash': '07bb7853cf47c4f62eb1686f4a9490c0', 'file_cs': 'c:0-99209-d598'}, 'is_h265': 1, 'is_bytevc1': 1, 'HDR_type': '', 'HDR_bit': '', 'FPS': 30, 'video_extra': '{"PktOffsetMap":"[{\\"time\\": 1, \\"offset\\": 207316}, {\\"time\\": 2, \\"offset\\": 242631}, {\\"time\\": 3, \\"offset\\": 287278}, {\\"time\\": 4, \\"offset\\": 341776}, {\\"time\\": 5, \\"offset\\": 381667}, {\\"time\\": 10, \\"offset\\": 578568}]","format":"mp4","definition":"540p","quality":"adapt","file_id":"887ed6e4218f4c1e9ae59cf2dcfd771a","applog_map":{"feature_id":"c6de0308cacfd993ef282c8e1c646267"},"mvmaf":"{\\"mvmaf_sr_v1080\\":94.027,\\"mvmaf_sr_v960\\":96.215,\\"mvmaf_sr_v864\\":97.074,\\"mvmaf_sr_v720\\":99.072,\\"mvmaf_ori_v1080\\":83.817,\\"mvmaf_ori_v960\\":87.022,\\"mvmaf_ori_v864\\":88.163,\\"mvmaf_ori_v720\\":91.619}","audio_channels":"2.0","audio_sample_rate":"44100","audio_metrics":null,"audio_score":null}', 'format': 'mp4'}, {'gear_name': 'adapt_lowest_1080_1', 'quality_type': 2, 'bit_rate': 329572, 'play_addr': {'uri': 'v0d00fg10000crd7nffog65m46jcim5g', 'url_list': ['https://v5-dy-o-abtest.zjcdn.com/76b6495921d032201fec7d92326cc6fd/68f7957f/video/tos/cn/tos-cn-ve-0015c800/o8AAAcWi3ImgfBEA2DBnJIeuN2r9iuigAhbALa/media-video-hvc1/?a=6383&ch=0&cr=8&dr=0&er=1&lr=default&cd=0%7C0%7C0%7C3&cv=1&br=321&bt=321&cs=4&ds=4&mime_type=video_mp4&qs=15&rc=NzY1Njg8N2ZmNGhpO2Q8M0BpanBmOXA5cmk6dTMzNGkzM0A2YDYyMC1eNjAxMGA2LzMwYSMyZmcxMmRja2FgLS1kLWFzcw%3D%3D&btag=80000e00028000&cquery=101r_100o&dy_q=1760969609&l=20251020221329FF810B6B17C3D024C6A3', 'https://v5-dy-o-abtest.zjcdn.com/76b6495921d032201fec7d92326cc6fd/68f7957f/video/tos/cn/tos-cn-ve-0015c800/o8AAAcWi3ImgfBEA2DBnJIeuN2r9iuigAhbALa/media-video-hvc1/?a=6383&ch=0&cr=8&dr=0&er=1&lr=default&cd=0%7C0%7C0%7C3&cv=1&br=321&bt=321&cs=4&ds=4&mime_type=video_mp4&qs=15&rc=NzY1Njg8N2ZmNGhpO2Q8M0BpanBmOXA5cmk6dTMzNGkzM0A2YDYyMC1eNjAxMGA2LzMwYSMyZmcxMmRja2FgLS1kLWFzcw%3D%3D&btag=80000e00028000&cquery=101r_100o&dy_q=1760969609&l=20251020221329FF810B6B17C3D024C6A3', 'https://www.douyin.com/aweme/v1/play/dash/?video_id=v0d00fg10000crd7nffog65m46jcim5g&line=0&file_id=30692a98cf3e413c9ca409355392c394&sign=0992666d4de69425b475d9d1e36f30e6&is_play_url=1&source=PackSourceEnum_PUBLISH'], 'width': 1080, 'height': 1920, 'url_key': 'v0d00fg10000crd7nffog65m46jcim5g_bytevc1_1080p_329572', 'data_size': 4894143, 'file_hash': '0992666d4de69425b475d9d1e36f30e6'}, 'is_h265': 1, 'is_bytevc1': 1, 'HDR_type': '', 'HDR_bit': '', 'FPS': 30, 'video_extra': '{"PktOffsetMap":"","format":"dash","sub_info":"{\\"audio_channels\\":\\"2.0\\",\\"audio_layout\\":\\"C\\",\\"audio_sample_rate\\":\\"44100\\",\\"base_range_info\\":{\\"first_moof_range\\":\\"1372-3151\\",\\"index_range\\":\\"1136-1371\\",\\"init_range\\":\\"0-1135\\"},\\"check_info\\":{\\"check_info\\":\\"a:v0d00fg10000crd7nffog65m46jcim5g|b:0-1371-9c753d6dbb16b8e205d6f2f2943ea617|c:0-1371-273b\\"},\\"gear_des_key\\":\\"0:DASH|1:normal|2:h265_hvc1|4:1080p|5:adapt_lowest|10000:105\\",\\"quality_type\\":2}","definition":"1080p","quality":"adapt_lowest","quality_desc":"","file_id":"30692a98cf3e413c9ca409355392c394","real_bitrate":381056,"audio_file_id":"5c0cff96bd2d508357ef6a195baf4c12","applog_map":{"feature_id":"c6de0308cacfd993ef282c8e1c646267"},"mvmaf":"{\\"mvmaf_sr_v1080\\":-1,\\"mvmaf_sr_v960\\":-1,\\"mvmaf_sr_v864\\":-1,\\"mvmaf_sr_v720\\":-1,\\"mvmaf_ori_v1080\\":92.022,\\"mvmaf_ori_v960\\":92.919,\\"mvmaf_ori_v864\\":93.719,\\"mvmaf_ori_v720\\":94.092}","audio_metrics":null,"audio_score":null}', 'format': 'dash'}, {'gear_name': 'adapt_lowest_720_1', 'quality_type': 15, 'bit_rate': 271218, 'play_addr': {'uri': 'v0d00fg10000crd7nffog65m46jcim5g', 'url_list': ['https://v5-dy-o-abtest.zjcdn.com/e536b671cfd17902cc00275c64194977/68f7957f/video/tos/cn/tos-cn-ve-0015c800/ocBv9ABr2DnfuAwbiIaaN6eiAL2iIAmJAggAiW/media-video-hvc1/?a=6383&ch=0&cr=8&dr=0&er=1&lr=default&cd=0%7C0%7C0%7C3&cv=1&br=264&bt=264&cs=4&ds=3&mime_type=video_mp4&qs=15&rc=NDdlaTVnZDhlZTU5OzxmOEBpanBmOXA5cmk6dTMzNGkzM0AuYjFfMC4vNV4xMV5hY181YSMyZmcxMmRja2FgLS1kLWFzcw%3D%3D&btag=80000e00028000&cquery=101r_100o&dy_q=1760969609&l=20251020221329FF810B6B17C3D024C6A3', 'https://v5-dy-o-abtest.zjcdn.com/e536b671cfd17902cc00275c64194977/68f7957f/video/tos/cn/tos-cn-ve-0015c800/ocBv9ABr2DnfuAwbiIaaN6eiAL2iIAmJAggAiW/media-video-hvc1/?a=6383&ch=0&cr=8&dr=0&er=1&lr=default&cd=0%7C0%7C0%7C3&cv=1&br=264&bt=264&cs=4&ds=3&mime_type=video_mp4&qs=15&rc=NDdlaTVnZDhlZTU5OzxmOEBpanBmOXA5cmk6dTMzNGkzM0AuYjFfMC4vNV4xMV5hY181YSMyZmcxMmRja2FgLS1kLWFzcw%3D%3D&btag=80000e00028000&cquery=101r_100o&dy_q=1760969609&l=20251020221329FF810B6B17C3D024C6A3', 'https://www.douyin.com/aweme/v1/play/dash/?video_id=v0d00fg10000crd7nffog65m46jcim5g&line=0&file_id=85bcf9d8a6424bab852a1d32bf4be411&sign=6d78b318f2d91d9ad09d4038f32cdce4&is_play_url=1&source=PackSourceEnum_PUBLISH'], 'width': 720, 'height': 1280, 'url_key': 'v0d00fg10000crd7nffog65m46jcim5g_bytevc1_720p_271218', 'data_size': 4027587, 'file_hash': '6d78b318f2d91d9ad09d4038f32cdce4'}, 'is_h265': 1, 'is_bytevc1': 1, 'HDR_type': '', 'HDR_bit': '', 'FPS': 30, 'video_extra': '{"PktOffsetMap":"","format":"dash","sub_info":"{\\"audio_channels\\":\\"2.0\\",\\"audio_layout\\":\\"C\\",\\"audio_sample_rate\\":\\"44100\\",\\"base_range_info\\":{\\"first_moof_range\\":\\"1372-3151\\",\\"index_range\\":\\"1136-1371\\",\\"init_range\\":\\"0-1135\\"},\\"check_info\\":{\\"check_info\\":\\"a:v0d00fg10000crd7nffog65m46jcim5g|b:0-1371-ae0f8f8080cc5ce5c7332785329f5f7a|c:0-1371-6d97\\"},\\"gear_des_key\\":\\"0:DASH|1:normal|2:h265_hvc1|4:720p|5:adapt_lowest|10000:105\\",\\"quality_type\\":15}","definition":"720p","quality":"adapt_lowest","quality_desc":"","file_id":"85bcf9d8a6424bab852a1d32bf4be411","real_bitrate":322702,"audio_file_id":"5c0cff96bd2d508357ef6a195baf4c12","applog_map":{"feature_id":"c6de0308cacfd993ef282c8e1c646267"},"mvmaf":"{\\"mvmaf_sr_v1080\\":96.632,\\"mvmaf_sr_v960\\":97.838,\\"mvmaf_sr_v864\\":99.034,\\"mvmaf_sr_v720\\":99.643,\\"mvmaf_ori_v1080\\":86.374,\\"mvmaf_ori_v960\\":89.508,\\"mvmaf_ori_v864\\":91.143,\\"mvmaf_ori_v720\\":93.484}","audio_metrics":null,"audio_score":null}', 'format': 'dash'}, {'gear_name': 'adapt_540_1', 'quality_type': 28, 'bit_rate': 240411, 'play_addr': {'uri': 'v0d00fg10000crd7nffog65m46jcim5g', 'url_list': ['https://v5-dy-o-abtest.zjcdn.com/60fa8da1aa9224d379de3af09c1a8300/68f7957f/video/tos/cn/tos-cn-ve-0015c800/oUbieWg2fAI1VuDXAB9madBLriANiAAJInAgn2/media-video-hvc1/?a=6383&ch=0&cr=8&dr=0&er=1&lr=default&cd=0%7C0%7C0%7C3&cv=1&br=234&bt=234&cs=4&ds=6&mime_type=video_mp4&qs=11&rc=N2RnO2lnMzRmNjs8NDM7aUBpanBmOXA5cmk6dTMzNGkzM0AvLV5eNV82NV4xYS5jLi8xYSMyZmcxMmRja2FgLS1kLWFzcw%3D%3D&btag=80000e00028000&cquery=100o_101r&dy_q=1760969609&l=20251020221329FF810B6B17C3D024C6A3', 'https://v5-dy-o-abtest.zjcdn.com/60fa8da1aa9224d379de3af09c1a8300/68f7957f/video/tos/cn/tos-cn-ve-0015c800/oUbieWg2fAI1VuDXAB9madBLriANiAAJInAgn2/media-video-hvc1/?a=6383&ch=0&cr=8&dr=0&er=1&lr=default&cd=0%7C0%7C0%7C3&cv=1&br=234&bt=234&cs=4&ds=6&mime_type=video_mp4&qs=11&rc=N2RnO2lnMzRmNjs8NDM7aUBpanBmOXA5cmk6dTMzNGkzM0AvLV5eNV82NV4xYS5jLi8xYSMyZmcxMmRja2FgLS1kLWFzcw%3D%3D&btag=80000e00028000&cquery=100o_101r&dy_q=1760969609&l=20251020221329FF810B6B17C3D024C6A3', 'https://www.douyin.com/aweme/v1/play/dash/?video_id=v0d00fg10000crd7nffog65m46jcim5g&line=0&file_id=4f2810f119d843ac8190bd8fa8ad0a24&sign=4b6497b8b45e51d304cbc427c84f95c0&is_play_url=1&source=PackSourceEnum_PUBLISH'], 'width': 576, 'height': 1024, 'url_key': 'v0d00fg10000crd7nffog65m46jcim5g_bytevc1_540p_240411', 'data_size': 3570104, 'file_hash': '4b6497b8b45e51d304cbc427c84f95c0'}, 'is_h265': 1, 'is_bytevc1': 1, 'HDR_type': '', 'HDR_bit': '', 'FPS': 30, 'video_extra': '{"PktOffsetMap":"","format":"dash","sub_info":"{\\"audio_channels\\":\\"2.0\\",\\"audio_layout\\":\\"C\\",\\"audio_sample_rate\\":\\"44100\\",\\"base_range_info\\":{\\"first_moof_range\\":\\"1372-3151\\",\\"index_range\\":\\"1136-1371\\",\\"init_range\\":\\"0-1135\\"},\\"check_info\\":{\\"check_info\\":\\"a:v0d00fg10000crd7nffog65m46jcim5g|b:0-1371-72ea95b8bdcaa947c551d2fc16938c8c|c:0-1371-e7cc\\"},\\"gear_des_key\\":\\"0:DASH|1:normal|2:h265_hvc1|4:540p|5:adapt|10000:105\\",\\"quality_type\\":28}","definition":"540p","quality":"adapt","quality_desc":"","file_id":"4f2810f119d843ac8190bd8fa8ad0a24","real_bitrate":295487,"audio_file_id":"5c0cff96bd2d508357ef6a195baf4c12","applog_map":{"feature_id":"c6de0308cacfd993ef282c8e1c646267"},"mvmaf":"{\\"mvmaf_sr_v1080\\":94.027,\\"mvmaf_sr_v960\\":96.215,\\"mvmaf_sr_v864\\":97.074,\\"mvmaf_sr_v720\\":99.072,\\"mvmaf_ori_v1080\\":83.817,\\"mvmaf_ori_v960\\":87.022,\\"mvmaf_ori_v864\\":88.163,\\"mvmaf_ori_v720\\":91.619}","audio_metrics":null,"audio_score":null}', 'format': 'dash'}], 'duration': 118816, 'play_addr_265': {'uri': 'v0d00fg10000crd7nffog65m46jcim5g', 'url_list': ['https://v5-dy-o-abtest.zjcdn.com/f4d5cde7b30103601527472d9b9251f4/68f66e2f/video/tos/cn/tos-cn-ve-0015c800/ogALAAdmNieQE98EuLifBir23BZwInI2WpJbag/?a=6383&ch=10010&cr=3&dr=0&lr=all&cd=0%7C0%7C0%7C3&cv=1&br=288&bt=288&cs=2&ds=6&ft=c2YTctGHQPRUZxfusdr~kwPqYldQIKDEE-TerrNqq_45a&mime_type=video_mp4&qs=11&rc=ZDpnZjVmOGRoZmk0NzloO0BpanBmOXA5cmk6dTMzNGkzM0AuNGNhYzZiNi4xNS9iYTQ1YSMyZmcxMmRja2FgLS1kLWFzcw%3D%3D&btag=80000e00028000&cquery=101r_100B_100H_100K_100o&dy_q=1760969609&feature_id=c6de0308cacfd993ef282c8e1c646267&l=20251020221329FF810B6B17C3D024C6A3', 'https://v5-dy-o-abtest.zjcdn.com/f4d5cde7b30103601527472d9b9251f4/68f66e2f/video/tos/cn/tos-cn-ve-0015c800/ogALAAdmNieQE98EuLifBir23BZwInI2WpJbag/?a=6383&ch=10010&cr=3&dr=0&lr=all&cd=0%7C0%7C0%7C3&cv=1&br=288&bt=288&cs=2&ds=6&ft=c2YTctGHQPRUZxfusdr~kwPqYldQIKDEE-TerrNqq_45a&mime_type=video_mp4&qs=11&rc=ZDpnZjVmOGRoZmk0NzloO0BpanBmOXA5cmk6dTMzNGkzM0AuNGNhYzZiNi4xNS9iYTQ1YSMyZmcxMmRja2FgLS1kLWFzcw%3D%3D&btag=80000e00028000&cquery=101r_100B_100H_100K_100o&dy_q=1760969609&feature_id=c6de0308cacfd993ef282c8e1c646267&l=20251020221329FF810B6B17C3D024C6A3', 'https://www.douyin.com/aweme/v1/play/?video_id=v0d00fg10000crd7nffog65m46jcim5g&line=0&file_id=887ed6e4218f4c1e9ae59cf2dcfd771a&sign=07bb7853cf47c4f62eb1686f4a9490c0&is_play_url=1&source=PackSourceEnum_PUBLISH'], 'width': 576, 'height': 1024, 'url_key': 'v0d00fg10000crd7nffog65m46jcim5g_bytevc1_540p_295487', 'data_size': 4388585, 'file_hash': '07bb7853cf47c4f62eb1686f4a9490c0', 'file_cs': 'c:0-99209-d598'}, 'bit_rate_audio': [{'audio_meta': {'url_list': {'main_url': 'https://v5-dy-o-abtest.zjcdn.com/0149eb8d2224405f58c59b2664a264e7/68f7957f/video/tos/cn/tos-cn-ve-0015c800/oUbieWg2fAI1VuDXAB9madBLriANiAAJInAgn2/media-audio-und-mp4a/?a=6383&ch=0&cr=8&dr=0&er=1&lr=default&cd=0%7C0%7C0%7C3&cv=1&br=50&bt=50&cs=4&mime_type=video_mp4&qs=11&rc=NWZpZTxkaTo2M2dnOWlmZkBpanBmOXA5cmk6dTMzNGkzM0AuMV4yLjNiMjUyL182Yy0yYSMyZmcxMmRja2FgLS1kLWFzcw%3D%3D&btag=80000e00028000&cquery=101r_100o&dy_q=1760969609&l=20251020221329FF810B6B17C3D024C6A3', 'backup_url': 'https://v5-dy-o-abtest.zjcdn.com/0149eb8d2224405f58c59b2664a264e7/68f7957f/video/tos/cn/tos-cn-ve-0015c800/oUbieWg2fAI1VuDXAB9madBLriANiAAJInAgn2/media-audio-und-mp4a/?a=6383&ch=0&cr=8&dr=0&er=1&lr=default&cd=0%7C0%7C0%7C3&cv=1&br=50&bt=50&cs=4&mime_type=video_mp4&qs=11&rc=NWZpZTxkaTo2M2dnOWlmZkBpanBmOXA5cmk6dTMzNGkzM0AuMV4yLjNiMjUyL182Yy0yYSMyZmcxMmRja2FgLS1kLWFzcw%3D%3D&btag=80000e00028000&cquery=101r_100o&dy_q=1760969609&l=20251020221329FF810B6B17C3D024C6A3', 'fallback_url': 'https://www.douyin.com/aweme/v1/play/dash/?video_id=v0d00fg10000crd7nffog65m46jcim5g&line=0&file_id=5c0cff96bd2d508357ef6a195baf4c12&sign=5c0cff96bd2d508357ef6a195baf4c12&is_play_url=1&source=PackSourceEnum_PUBLISH'}, 'encoded_type': 'normal', 'media_type': 'audio', 'logo_type': '', 'quality': 'adapt', 'quality_desc': '', 'format': 'dash', 'bitrate': 51484, 'codec_type': 'bytevc1', 'size': 764638, 'fps': 0, 'file_id': '5c0cff96bd2d508357ef6a195baf4c12', 'file_hash': '5c0cff96bd2d508357ef6a195baf4c12', 'sub_info': '{"audio_channels":"2.0","audio_layout":"C","audio_sample_rate":"44100","base_range_info":{"index_range":"866-1113","init_range":"0-865"},"check_info":{"check_info":"a:v0d00fg10000crd7nffog65m46jcim5g|b:0-1113-d7ff7522d6df3a84ad4ee92d74430f55|c:0-1113-7e6b"},"gear_des_key":"0:dash|1:normal|2:bytevc1|5:adapt|10000:105"}'}, 'audio_quality': 5, 'audio_extra': '{"real_bitrate":295487}'}], 'play_addr_h264': {'uri': 'v0d00fg10000crd7nffog65m46jcim5g', 'url_list': ['https://v5-dy-o-abtest.zjcdn.com/a7b95fcf465c2e8f264b74bcd2f9e7fa/68f66e2f/video/tos/cn/tos-cn-ve-0015c800/oMt7CeQ20AzVEi3CgimeesfJoB04ECyfHGyABY/?a=6383&ch=10010&cr=3&dr=0&lr=all&cd=0%7C0%7C0%7C3&cv=1&br=818&bt=818&cs=0&ds=3&ft=c2YTctGHQPRUZxfusdr~kwPqYldQIKDEE-TerrNqq_45a&mime_type=video_mp4&qs=0&rc=PDw1OmRkOzZpaGllOTw7aUBpanBmOXA5cmk6dTMzNGkzM0BfYmM1NWJeXjAxNV5eYDZgYSMyZmcxMmRja2FgLS1kLWFzcw%3D%3D&btag=80000e00028000&cquery=101r_100B_100H_100K_100o&dy_q=1760969609&feature_id=aa7df520beeae8e397df15f38df0454c&l=20251020221329FF810B6B17C3D024C6A3', 'https://v5-dy-o-abtest.zjcdn.com/a7b95fcf465c2e8f264b74bcd2f9e7fa/68f66e2f/video/tos/cn/tos-cn-ve-0015c800/oMt7CeQ20AzVEi3CgimeesfJoB04ECyfHGyABY/?a=6383&ch=10010&cr=3&dr=0&lr=all&cd=0%7C0%7C0%7C3&cv=1&br=818&bt=818&cs=0&ds=3&ft=c2YTctGHQPRUZxfusdr~kwPqYldQIKDEE-TerrNqq_45a&mime_type=video_mp4&qs=0&rc=PDw1OmRkOzZpaGllOTw7aUBpanBmOXA5cmk6dTMzNGkzM0BfYmM1NWJeXjAxNV5eYDZgYSMyZmcxMmRja2FgLS1kLWFzcw%3D%3D&btag=80000e00028000&cquery=101r_100B_100H_100K_100o&dy_q=1760969609&feature_id=aa7df520beeae8e397df15f38df0454c&l=20251020221329FF810B6B17C3D024C6A3', 'https://www.douyin.com/aweme/v1/play/?video_id=v0d00fg10000crd7nffog65m46jcim5g&line=0&file_id=cf98c9a6ab8f4e3fa3a8ea8a87f2e9b9&sign=d5bea7664d58633df169719761e9d4b8&is_play_url=1&source=PackSourceEnum_PUBLISH'], 'width': 720, 'height': 1280, 'url_key': 'v0d00fg10000crd7nffog65m46jcim5g_h264_720p_838355', 'data_size': 12451253, 'file_hash': 'd5bea7664d58633df169719761e9d4b8', 'file_cs': 'c:0-130425-9b6d'}, 'raw_cover': {'uri': 'tos-cn-i-dy/d848b3bcf7be42698d129841587bbc61', 'url_list': ['https://p3-pc-sign.douyinpic.com/tos-cn-i-dy/d848b3bcf7be42698d129841587bbc61~tplv-dy-cropcenter:323:430.jpeg?lk3s=138a59ce&x-expires=2076328800&x-signature=mS2HxBS0WYxw4GXSHcpXVHiNDTw%3D&from=327834062&s=PackSourceEnum_PUBLISH&se=true&sh=323_430&sc=cover&biz_tag=pcweb_cover&l=20251020221329FF810B6B17C3D024C6A3', 'https://p3-pc-sign.douyinpic.com/obj/tos-cn-i-dy/d848b3bcf7be42698d129841587bbc61?lk3s=138a59ce&x-expires=2076328800&x-signature=xSiHfimvKRaaarp5HUW30pRJa74%3D&from=327834062&s=PackSourceEnum_PUBLISH&se=false&sc=cover&biz_tag=pcweb_cover&l=20251020221329FF810B6B17C3D024C6A3'], 'width': 720, 'height': 720}, 'is_long_video': 1, 'animated_cover': {'uri': 'tos-cn-i-dy/d848b3bcf7be42698d129841587bbc61', 'url_list': ['https://p3-pc-sign.douyinpic.com/obj/tos-cn-i-dy/d848b3bcf7be42698d129841587bbc61?lk3s=138a59ce&x-expires=1762178400&x-signature=Y648lHi7aidmezr7Ea4maIqGyhc%3D&from=327834062_large&s=PackSourceEnum_PUBLISH&se=false&sc=dynamic_cover&biz_tag=pcweb_cover&l=20251020221329FF810B6B17C3D024C6A3', 'https://p9-pc-sign.douyinpic.com/obj/tos-cn-i-dy/d848b3bcf7be42698d129841587bbc61?lk3s=138a59ce&x-expires=1762178400&x-signature=meulbw1EBkCZLiYCqcXT1Nl9CB0%3D&from=327834062_large&s=PackSourceEnum_PUBLISH&se=false&sc=dynamic_cover&biz_tag=pcweb_cover&l=20251020221329FF810B6B17C3D024C6A3']}, 'gaussian_cover': {'uri': 'tos-cn-p-0015/oQD0qNW9QBS22QEsef99AYsAhusWngs0BQA4Fm', 'url_list': ['https://p3-pc-sign.douyinpic.com/tos-cn-p-0015/oQD0qNW9QBS22QEsef99AYsAhusWngs0BQA4Fm~tplv-tsj2vxp0zn-gaosi:40.jpeg?lk3s=138a59ce&x-expires=1792504800&x-signature=uuXgBvFRuP49d2gvF2yxs3uyAlg%3D&from=327834062', 'https://p9-pc-sign.douyinpic.com/tos-cn-p-0015/oQD0qNW9QBS22QEsef99AYsAhusWngs0BQA4Fm~tplv-tsj2vxp0zn-gaosi:40.jpeg?lk3s=138a59ce&x-expires=1792504800&x-signature=vLjENR0epqr8Jve%2F%2BCH4%2B7tdInY%3D&from=327834062'], 'width': 720, 'height': 720}, 'meta': '{"enable_manual_ladder":"1","format":"mp4","gear_vqm":"{\\"1080p_720p\\":2,\\"720p_540p\\":0}","hrids":"500000002","is_spatial_video":"0","isad":"0","loudness":"-22.7","peak":"1","qprf":"1.000","sdgs":"[\\"normal_720_0\\",\\"low_720_0\\",\\"low_540_0\\",\\"adapt_low_540_0\\",\\"adapt_lowest_1080_1\\",\\"adapt_lowest_720_1\\",\\"adapt_540_1\\"]","sr_potential":"{\\"v1.0\\":{\\"score\\":45.539}}","sr_score":"1.000","strategy_tokens":"[\\"online\\",\\"strategy_iteration_ab02_0809\\",\\"strategy_iteration_ab01_0809\\"]","title_info":"{\\"bottom_res_add\\":[2.09,5.64,6.18,27.04,49.68,51.82,6.45,1.23,0.09,1.82,0.14,0.09,0,0,0],\\"bullet_zone\\":23.54,\\"progress_bar\\":[39.4,40.91,42.13],\\"ratio_br_l\\":[0,0,0,0,0,0],\\"ratio_edge_l\\":[0.34,0.49,0.61,0.67,0.69,0.69],\\"top_res_add\\":[0,0,4.27,65.55,61.55,14.45,6],\\"version\\":\\"v1.0\\"}","volume_info":"{\\"Loudness\\":-22.7,\\"LoudnessRangeEnd\\":-19.2,\\"LoudnessRangeStart\\":-27.7,\\"Metrics\\":{\\"RMSStats\\":{\\"LRDiff\\":0.064,\\"LTotal\\":-26.154,\\"Peak\\":0.054,\\"RTotal\\":-26.217},\\"Version\\":\\"1.4.2\\",\\"Loudness\\":{\\"Integrated\\":-22.707},\\"Phase\\":{\\"RMSDownmixDiff\\":-0.187}},\\"LoudnessRange\\":8.5,\\"MaximumMomentaryLoudness\\":-9.4,\\"MaximumShortTermLoudness\\":-15.6,\\"Peak\\":1,\\"Version\\":2}","vqs_origin":"0"}', 'video_model': '', 'is_source_HDR': 0, 'use_static_cover': True, 'big_thumbs': [{'img_num': 119, 'uri': 'tos-cn-p-0015/oU5dgash7GAf9pf3aPLYB7NPmBlAYCutgsez0I', 'img_url': 'https://p3-sign.douyinpic.com/tos-cn-p-0015/oU5dgash7GAf9pf3aPLYB7NPmBlAYCutgsez0I~tplv-noop.image?cquery=100o_101r_100B_100H_100K&dy_q=1760969609&l=20251020221329FF810B6B17C3D024C6A3&x-expires=1760980527&x-signature=mLtIq7oWnYTQACm4icNkF7DOv%2BE%3D', 'img_x_size': 136, 'img_y_size': 240, 'img_x_len': 5, 'img_y_len': 5, 'duration': 118.8, 'interval': 1, 'fext': 'jpg', 'uris': ['tos-cn-p-0015/oU5dgash7GAf9pf3aPLYB7NPmBlAYCutgsez0I', 'tos-cn-p-0015/owN9usHWQEs20v6An9mA0DfB2Q60NSDfgAQFm9', 'tos-cn-p-0015/oEfngD2JQAN9QsHAsA9EXSu50Qm9gxF2m0B0Wf', 'tos-cn-p-0015/oMknvFA0xAEeN32efxs2NeJkvAEobH7rN9dBfE', 'tos-cn-p-0015/oYfnWD2hQAN9QsGAsA9EDSuH7QG9g5F2m0B0Wf'], 'img_urls': ['https://p3-sign.douyinpic.com/tos-cn-p-0015/oU5dgash7GAf9pf3aPLYB7NPmBlAYCutgsez0I~tplv-noop.image?cquery=100o_101r_100B_100H_100K&dy_q=1760969609&l=20251020221329FF810B6B17C3D024C6A3&x-expires=1760980527&x-signature=mLtIq7oWnYTQACm4icNkF7DOv%2BE%3D', 'https://p3-sign.douyinpic.com/tos-cn-p-0015/owN9usHWQEs20v6An9mA0DfB2Q60NSDfgAQFm9~tplv-noop.image?cquery=101r_100B_100H_100K_100o&dy_q=1760969609&l=20251020221329FF810B6B17C3D024C6A3&x-expires=1760980527&x-signature=FADNiwfOeSVHV%2FeABszqcLVJeeU%3D', 'https://p3-sign.douyinpic.com/tos-cn-p-0015/oEfngD2JQAN9QsHAsA9EXSu50Qm9gxF2m0B0Wf~tplv-noop.image?cquery=101r_100B_100H_100K_100o&dy_q=1760969609&l=20251020221329FF810B6B17C3D024C6A3&x-expires=1760980527&x-signature=jL2wZgPAS0J1Wf7M9uKhxtOUIUU%3D', 'https://p3-sign.douyinpic.com/tos-cn-p-0015/oMknvFA0xAEeN32efxs2NeJkvAEobH7rN9dBfE~tplv-noop.image?cquery=100K_100o_101r_100B_100H&dy_q=1760969609&l=20251020221329FF810B6B17C3D024C6A3&x-expires=1760980527&x-signature=KV0bv61LC94606BcuTBDTFhVA%2Fg%3D', 'https://p3-sign.douyinpic.com/tos-cn-p-0015/oYfnWD2hQAN9QsGAsA9EDSuH7QG9g5F2m0B0Wf~tplv-noop.image?cquery=100K_100o_101r_100B_100H&dy_q=1760969609&l=20251020221329FF810B6B17C3D024C6A3&x-expires=1760980527&x-signature=9%2Bu61NoHYMqOJGxz5FCicshFUYI%3D']}]}, 'item_aigc_follow_shot': 1, 'user_digged': 0, 'statistics': {'recommend_count': 2, 'comment_count': 1, 'digg_count': 65, 'admire_count': 0, 'play_count': 0, 'share_count': 16, 'collect_count': 34}, 'status': {'not_allow_soft_del_reason': 'ab', 'is_delete': False, 'allow_share': True, 'review_result': {'review_status': 0}, 'allow_friend_recommend_guide': True, 'part_see': 0, 'private_status': 0, 'listen_video_status': 2, 'in_reviewing': False, 'allow_self_recommend_to_friend': True, 'allow_friend_recommend': True, 'is_prohibited': False, 'enable_soft_delete': 0}, 'flash_mob_trends': 0, 'text_extra': [{'start': 20, 'end': 25, 'type': 1, 'hashtag_name': '父母课堂', 'hashtag_id': '1600624540786695', 'is_commerce': False, 'caption_start': 20, 'caption_end': 25}, {'start': 27, 'end': 32, 'type': 1, 'hashtag_name': '幼儿教育', 'hashtag_id': '1591352385275918', 'is_commerce': False, 'caption_start': 27, 'caption_end': 32}, {'start': 34, 'end': 39, 'type': 1, 'hashtag_name': '亲子关系', 'hashtag_id': '1595199377513476', 'is_commerce': False, 'caption_start': 34, 'caption_end': 39}, {'start': 41, 'end': 44, 'type': 1, 'hashtag_name': '育儿', 'hashtag_id': '1767586940916743', 'is_commerce': False, 'caption_start': 41, 'caption_end': 44}, {'start': 46, 'end': 51, 'type': 1, 'hashtag_name': '家庭教育', 'hashtag_id': '1767586804947975', 'is_commerce': False, 'caption_start': 46, 'caption_end': 51}], 'is_top': 0, 'mv_info': None, 'share_info': {'share_url': 'https://www.iesdouyin.com/share/video/7411372276047678760/?region=US&mid=7411371613779921664&u_code=0&did=MS4wLjABAAAAvCMmrvAxedjvycgJ9K0iX5KdtDHpyq-etIWoeicy6xniB0XMxRYv3S-CyP_GdsPs&iid=MS4wLjABAAAANwkJuWIRFOzg5uCpDRpMj4OX-QryoDgn-yYlXQnRwQQ&with_sec_did=1&video_share_track_ver=&titleType=title&share_sign=.SCSJ49PdUWZwxkQLSnNe6UP7yP5ZEo00M3hBTbpSi0-&share_version=290100&ts=1760969609&from_aid=6383&from_ssr=1&share_track_info=%7B%22link_description_type%22%3A%22%22%7D', 'share_link_desc': '6.64 03/03 M@W.MJ Mwf:/ 三岁儿童就开始建立规则意识,是否过早？ # 父母课堂 # 幼儿教育 # 亲子关系 # 育儿 # 家庭教育  %s 复制此链接，打开Dou音搜索，直接观看视频！'}, 'caption_template_id': 0, 'video_labels': None, 'shoot_way': '', 'is_ads': False, 'duration': 118816, 'aweme_type': 0, 'is_new_text_mode': 0, 'ai_follow_images': None, 'image_infos': None, 'risk_infos': {'vote': False, 'warn': False, 'risk_sink': False, 'type': 0, 'content': ''}, 'entertainment_video_type': 3, 'chapter_bar_color': None, 'position': None, 'uniqid_position': None, 'comment_list': None, 'author_user_id': 1965574329213736, 'product_genre_info': {'product_genre_type': 2, 'material_genre_sub_type_set': [4], 'special_info': {'recommend_group_name': 0}}, 'geofencing': [], 'is_from_ad_auth': False, 'is_moment_story': 0, 'region': '', 'video_text': None, 'video_share_edit_status': 0, 'collect_stat': 0, 'label_top_text': None, 'promotions': [], 'group_id': '7411372276047678760', 'prevent_download': False, 'nickname_position': None, 'challenge_position': None, 'trends_event_track': '{}', 'enable_comment_sticker_rec': False, 'mark_largely_following': False, 'long_video': None, 'aweme_listen_struct': {'trace_info': '{"copyright_not_speech":"false","copyright_reason":"has_listen_cp_new","copyright_tag_hit":"","copyright_use_aed_default":"false","copyright_use_tag_default":"false","cp_ab":"true","desc":"","duration_over":"false","hit_high_risk":"false","media_type":"4","reason":"hit_ab_0","show":"false"}'}, 'component_control': {'data_source_url': '/aweme/v1/web/aweme/post/'}, 'friend_recommend_info': {'friend_recommend_source': 10, 'label_user_list': None, 'disable_friend_recommend_guide_label': False}, 'nearby_hot_comment': None, 'interaction_stickers': None, 'can_cache_to_local': True, 'origin_comment_ids': None, 'commerce_config_data': None, 'douplus_user_type': 0, 'video_control': {'allow_download': False, 'share_type': 0, 'show_progress_bar': 1, 'draft_progress_bar': 1, 'allow_duet': True, 'allow_react': False, 'prevent_download_type': 2, 'allow_dynamic_wallpaper': False, 'timer_status': 1, 'allow_music': True, 'allow_stitch': False, 'allow_douplus': True, 'allow_share': True, 'share_grayed': False, 'download_ignore_visibility': False, 'duet_ignore_visibility': False, 'share_ignore_visibility': False, 'download_info': {'level': 1, 'fail_info': {'code': 290002, 'reason': 'isolation_content', 'msg': '视频暂时无法保存，链接已复制'}}, 'duet_info': {'level': 0}, 'allow_record': True, 'disable_record_reason': '', 'timer_info': {}}, 'aweme_control': {'can_forward': True, 'can_share': True, 'can_comment': True, 'can_show_comment': True}, 'interest_points': None, 'is_25_story': 0, 'aweme_type_tags': '', 'entertainment_video_paid_way': {'paid_ways': [], 'paid_type': 0, 'enable_use_new_ent_data': False}, 'anchors': None, 'hybrid_label': None, 'geofencing_regions': None, 'select_anchor_expanded_content': 0, 'aweme_acl': {'download_mask_panel': {'code': 1, 'show_type': 0}}, 'ent_log_extra': {'log_extra': '{"global_log_extra":null,"page_log_extra":null,"aweme_log_extra":{"ce_current_group_id":"7411372276047678760","author_id":"1965574329213736"},"extra_log_extra":null}'}, 'is_story': 0, 'publish_plus_alienation': {'alienation_type': 0}, 'trends_infos': None, 'follow_shot_assets': None, 'cover_labels': None, 'series_basic_info': {}, 'origin_duet_resource_uri': '', 'guide_btn_type': 0, 'cf_assets_type': 0, 'personal_page_botton_diagnose_style': 0, 'images': None, 'relation_labels': None, 'is_moment_history': 0, 'impression_data': {'group_id_list_a': [], 'group_id_list_b': [], 'similar_id_list_a': None, 'similar_id_list_b': None, 'group_id_list_c': [], 'group_id_list_d': []}, 'game_tag_info': {'is_game': False}, 'is_24_story': 0, 'libfinsert_task_id': '', 'social_tag_list': None, 'suggest_words': {'suggest_words': [{'words': [], 'scene': 'detail_inbox_rex', 'icon_url': '', 'hint_text': '', 'extra_info': '{}'}]}, 'show_follow_button': {}, 'duet_aggregate_in_music_tab': False, 'is_duet_sing': False, 'comment_permission_info': {'comment_permission_status': 0, 'can_comment': True, 'item_detail_entry': False, 'press_entry': False, 'toast_guide': False}, 'original_images': None, 'series_paid_info': {'series_paid_status': 0, 'item_price': 0}, 'img_bitrate': None, 'comment_gid': 7411372276047678760, 'image_album_music_info': {'begin_time': -1, 'end_time': -1, 'volume': -1}, 'video_tag': [{'tag_id': 2024, 'tag_name': '亲子', 'level': 1}, {'tag_id': 2024006, 'tag_name': '母婴', 'level': 2}, {'tag_id': 2024006003, 'tag_name': '育儿知识', 'level': 3}], 'is_collects_selected': 0, 'chapter_list': None, 'feed_comment_config': {'input_config_text': '善语结善缘，恶言伤人心', 'author_audit_status': 0, 'common_flags': '{"hashtag":"[{\\"name\\":\\"幼儿教育\\",\\"id\\":1591352385275918},{\\"name\\":\\"亲子关系\\",\\"id\\":1595199377513476},{\\"name\\":\\"育儿\\",\\"id\\":1767586940916743},{\\"name\\":\\"家庭教育\\",\\"id\\":1767586804947975},{\\"name\\":\\"父母课堂\\",\\"id\\":1600624540786695}]","item_author_nickname":"孙瑞雪聊教育","video_labels_v2_tag1":"母婴","video_labels_v2_tag2":"育儿理念"}'}, 'is_image_beat': False, 'dislike_dimension_list': None, 'standard_bar_info_list': None, 'photo_search_entrance': {'ecom_type': 0}, 'is_life_item': False, 'image_list': None, 'component_info_v2': '{"desc_lines_limit":0,"hide_marquee":false}', 'item_warn_notification': {'type': 0, 'show': False, 'content': ''}, 'origin_text_extra': None, 'disable_relation_bar': 0, 'packed_clips': None, 'author_mask_tag': 0, 'user_recommend_status': 1, 'collection_corner_mark': 0, 'is_share_post': False, 'image_comment': {}, 'visual_search_info': {'is_show_img_entrance': False, 'is_ecom_img': False, 'is_high_accuracy_ecom': False, 'is_high_recall_ecom': False}, 'tts_id_list': None, 'ref_tts_id_list': None, 'voice_modify_id_list': None, 'ref_voice_modify_id_list': None, 'authentication_token': 'MS4wLjAAAAAA_xXofcoOROXN63mNKVcOpJiYS0habzDM0cDCvF7h9Dja6E7yITjMQuFlZ_8zEtteGef5xvncFOX1VgswHerSjDR9R-dTg6kkfOGTKIAhU5ArH9qGhYPYoEoJoFAr6SRRVadzs-yq3qa3QhKid06Mv7NF1bHzzhpXwpJNwMwh_vqzlUWlNP4RX87XPtCQVQwMBROj0iZdFD0XejuqF-1jE0XE3D358NqqbnsJOtbmG6eJpptWhAcFHYRq-9NnqGf3', 'video_game_data_channel_config': {}, 'dislike_dimension_list_v2': None, 'distribute_circle': {'distribute_type': 0, 'campus_block_interaction': False, 'is_campus': False}, 'image_crop_ctrl': 0, 'yumme_recreason': None, 'slides_music_beats': None, 'jump_tab_info_list': None, 'media_type': 4, 'reply_smart_emojis': None, 'activity_video_type': -1, 'boost_status': 0, 'create_scale_type': None, 'entertainment_product_info': {'sub_title': None, 'market_info': {'limit_free': {'in_free': False}, 'marketing_tag': None}}, 'caption': '三岁儿童就开始建立规则意识,是否过早？ #父母课堂  #幼儿教育  #亲子关系  #育儿  #家庭教育', 'item_title': '', 'is_use_music': False, 'original': 0, 'xigua_base_info': {'status': 0, 'star_altar_order_id': 0, 'star_altar_type': 0, 'item_id': 0}}, {'aweme_id': '7411372051270847778', 'desc': '儿童之间的冲突如何解决？ #父母课堂  #幼儿教育  #亲子关系  #育儿  #家庭教育', 'create_time': 1725958800, 'author': {'uid': '1965574329213736', 'card_entries_not_display': None, 'nickname': '孙瑞雪聊教育', 'personal_tag_list': None, 'homepage_bottom_toast': None, 'avatar_thumb': {'uri': '100x100/aweme-avatar/tos-cn-avt-0015_afee5b125df955a19af4c41159ad1295', 'url_list': ['https://p3-pc.douyinpic.com/aweme/100x100/aweme-avatar/tos-cn-avt-0015_afee5b125df955a19af4c41159ad1295.jpeg?from=327834062'], 'width': 720, 'height': 720}, 'batch_unfollow_contain_tabs': None, 'not_seen_item_id_list': None, 'follow_status': 0, 'contrail_list': None, 'story_interactive': 0, 'data_label_list': None, 'custom_verify': '', 'follower_list_secondary_information_struct': None, 'display_info': None, 'interest_tags': None, 'account_cert_info': '{}', 'user_tags': None, 'share_info': {'share_url': '', 'share_weibo_desc': '', 'share_desc': '', 'share_title': '', 'share_qrcode_url': {'uri': '31b0500316c4e154852bc', 'url_list': ['https://p3-pc-sign.douyinpic.com/obj/31b0500316c4e154852bc?lk3s=138a59ce&x-expires=1760990400&x-signature=VnOegD8kfOkclbkCT%2BIUAVSkQl4%3D&from=327834062'], 'width': 720, 'height': 720}, 'share_title_myself': '', 'share_title_other': '', 'share_desc_info': ''}, 'can_set_geofencing': None, 'sec_uid': 'MS4wLjABAAAAnAFnkWlOm9jteymsi42fanYLMzfbqdGIwCILEUqDNmFyjfK9N8fSJdS_D2UWk_we', 'need_points': None, 'enterprise_verify_reason': '', 'is_ad_fake': False, 'story_ttl': 0, 'user_permissions': None, 'card_entries': None, 'creator_tag_list': None, 'offline_info_list': None, 'text_extra': None, 'card_sort_priority': None, 'prevent_download': False, 'special_people_labels': None, 'white_cover_url': None, 'endorsement_info_list': None, 'follower_status': 0, 'profile_mob_params': None, 'familiar_visitor_user': None, 'avatar_schema_list': None, 'cover_url': [{'uri': 'c8510002be9a3a61aad2', 'url_list': ['https://p3-pc-sign.douyinpic.com/obj/c8510002be9a3a61aad2?lk3s=138a59ce&x-expires=1762178400&x-signature=bEz6E0nbTH1458RtDsUU87G74Mk%3D&from=327834062'], 'width': 720, 'height': 720}], 'cf_list': None, 'im_role_ids': None, 'not_seen_item_id_list_v2': None, 'signature_extra': None, 'risk_notice_text': '', 'ban_user_functions': None, 'profile_component_disabled': None, 'verification_permission_ids': None, 'identity_labels': None, 'private_relation_list': None, 'link_item_list': None, 'batch_unfollow_relation_desc': None}, 'music': {'id': 7411372056807344923, 'id_str': '7411372056807344923', 'title': '@孙瑞雪聊教育创作的原声', 'author': '孙瑞雪聊教育', 'album': '', 'cover_hd': {'uri': '1080x1080/aweme-avatar/tos-cn-avt-0015_afee5b125df955a19af4c41159ad1295', 'url_list': ['https://p3-pc.douyinpic.com/aweme/1080x1080/aweme-avatar/tos-cn-avt-0015_afee5b125df955a19af4c41159ad1295.jpeg?from=327834062'], 'width': 720, 'height': 720}, 'cover_large': {'uri': '1080x1080/aweme-avatar/tos-cn-avt-0015_afee5b125df955a19af4c41159ad1295', 'url_list': ['https://p3-pc.douyinpic.com/aweme/1080x1080/aweme-avatar/tos-cn-avt-0015_afee5b125df955a19af4c41159ad1295.jpeg?from=327834062'], 'width': 720, 'height': 720}, 'cover_medium': {'uri': '720x720/aweme-avatar/tos-cn-avt-0015_afee5b125df955a19af4c41159ad1295', 'url_list': ['https://p3-pc.douyinpic.com/aweme/720x720/aweme-avatar/tos-cn-avt-0015_afee5b125df955a19af4c41159ad1295.jpeg?from=327834062'], 'width': 720, 'height': 720}, 'cover_thumb': {'uri': '100x100/aweme-avatar/tos-cn-avt-0015_afee5b125df955a19af4c41159ad1295', 'url_list': ['https://p3-pc.douyinpic.com/aweme/100x100/aweme-avatar/tos-cn-avt-0015_afee5b125df955a19af4c41159ad1295.jpeg?from=327834062'], 'width': 720, 'height': 720}, 'play_url': {'uri': 'https://lf26-music-east.douyinstatic.com/obj/ies-music-hj/7411372169638316860.mp3', 'url_list': ['https://lf26-music-east.douyinstatic.com/obj/ies-music-hj/7411372169638316860.mp3', 'https://lf3-music-east.douyinstatic.com/obj/ies-music-hj/7411372169638316860.mp3'], 'width': 720, 'height': 720, 'url_key': '7411372056807344923'}, 'schema_url': '', 'source_platform': 23, 'start_time': 0, 'end_time': 0, 'duration': 112, 'extra': '{"aed_music_score":0,"aed_singing_score":0.01,"aggregate_exempt_conf":[],"beats":{},"cover_colors":null,"douyin_beats_info":{},"dsp_switch":0,"extract_item_id":7411372051270847778,"has_edited":0,"hit_high_follow_auto":false,"hit_high_follow_extend":false,"hit_high_follow_original":false,"hotsoon_review_time":-1,"is_aed_music":0,"is_high_follow_user":false,"is_red":0,"is_subsidy_exp":false,"music_label_id":null,"music_tagging":{"AEDs":null,"Genres":null,"Instruments":null,"Languages":null,"Moods":null,"SingingVersions":null,"Themes":null},"review_unshelve_reason":0,"reviewed":0,"schedule_search_time":0,"uniqa_speech_score":0.82,"with_aed_model":1}', 'user_count': 0, 'position': None, 'collect_stat': 0, 'status': 1, 'offline_desc': '', 'owner_id': '1965574329213736', 'owner_nickname': '孙瑞雪聊教育', 'is_original': False, 'mid': '7411372056807344923', 'binded_challenge_id': 0, 'redirect': False, 'is_restricted': False, 'author_deleted': False, 'is_del_video': False, 'is_video_self_see': False, 'owner_handle': '63566855132', 'author_position': None, 'prevent_download': False, 'unshelve_countries': None, 'prevent_item_download_status': 0, 'external_song_info': [], 'sec_uid': 'MS4wLjABAAAAnAFnkWlOm9jteymsi42fanYLMzfbqdGIwCILEUqDNmFyjfK9N8fSJdS_D2UWk_we', 'avatar_thumb': {'uri': '100x100/aweme-avatar/tos-cn-avt-0015_afee5b125df955a19af4c41159ad1295', 'url_list': ['https://p3-pc.douyinpic.com/aweme/100x100/aweme-avatar/tos-cn-avt-0015_afee5b125df955a19af4c41159ad1295.jpeg?from=327834062'], 'width': 720, 'height': 720}, 'avatar_medium': {'uri': '720x720/aweme-avatar/tos-cn-avt-0015_afee5b125df955a19af4c41159ad1295', 'url_list': ['https://p3-pc.douyinpic.com/aweme/720x720/aweme-avatar/tos-cn-avt-0015_afee5b125df955a19af4c41159ad1295.jpeg?from=327834062'], 'width': 720, 'height': 720}, 'avatar_large': {'uri': '1080x1080/aweme-avatar/tos-cn-avt-0015_afee5b125df955a19af4c41159ad1295', 'url_list': ['https://p3-pc.douyinpic.com/aweme/1080x1080/aweme-avatar/tos-cn-avt-0015_afee5b125df955a19af4c41159ad1295.jpeg?from=327834062'], 'width': 720, 'height': 720}, 'preview_start_time': 0, 'preview_end_time': 0, 'is_commerce_music': False, 'is_original_sound': True, 'audition_duration': 112, 'shoot_duration': 112, 'reason_type': 0, 'artists': [], 'lyric_short_position': None, 'mute_share': False, 'tag_list': None, 'dmv_auto_show': False, 'is_pgc': False, 'is_matched_metadata': False, 'is_audio_url_with_cookie': False, 'music_chart_ranks': None, 'can_background_play': True, 'music_status': 1, 'video_duration': 112, 'pgc_music_type': 2, 'author_status': 1, 'search_impr': {'entity_id': '7411372056807344923'}, 'artist_user_infos': None, 'dsp_status': 10, 'musician_user_infos': None, 'music_collect_count': 0, 'music_cover_atmosphere_color_value': '', 'show_origin_clip': False}, 'effect_inflow_effects': None, 'video': {'play_addr': {'uri': 'v0300fg10000crd7n1fog65mmmk7mpfg', 'url_list': ['https://v5-dy-o-abtest.zjcdn.com/cbb9695086d6d9fda1199d43416e3e2f/68f66e29/video/tos/cn/tos-cn-ve-15/oMDLcageQIlH81gBPeNBAGJCtIXqGt1eAA1L37/?a=6383&ch=10010&cr=3&dr=0&lr=all&cd=0%7C0%7C0%7C3&cv=1&br=1194&bt=1194&cs=0&ds=4&ft=c2YTctGHQPRUZxfusdr~kwPqYldQIKDEE-TerrNqq_45a&mime_type=video_mp4&qs=0&rc=ZzU2Z2c3OWg3aTQ3Ozw2OEBpanM6cHA5cjQ6dTMzNGkzM0A0X2FgY19jNjUxYi8vNTUzYSNjamhqMmRja2FgLS1kLTBzcw%3D%3D&btag=80000e00028000&cquery=100o_101r_100B_100H_100K&dy_q=1760969609&feature_id=46a7bb47b4fd1280f3d3825bf2b29388&l=20251020221329FF810B6B17C3D024C6A3', 'https://v5-dy-o-abtest.zjcdn.com/cbb9695086d6d9fda1199d43416e3e2f/68f66e29/video/tos/cn/tos-cn-ve-15/oMDLcageQIlH81gBPeNBAGJCtIXqGt1eAA1L37/?a=6383&ch=10010&cr=3&dr=0&lr=all&cd=0%7C0%7C0%7C3&cv=1&br=1194&bt=1194&cs=0&ds=4&ft=c2YTctGHQPRUZxfusdr~kwPqYldQIKDEE-TerrNqq_45a&mime_type=video_mp4&qs=0&rc=ZzU2Z2c3OWg3aTQ3Ozw2OEBpanM6cHA5cjQ6dTMzNGkzM0A0X2FgY19jNjUxYi8vNTUzYSNjamhqMmRja2FgLS1kLTBzcw%3D%3D&btag=80000e00028000&cquery=101r_100B_100H_100K_100o&dy_q=1760969609&feature_id=46a7bb47b4fd1280f3d3825bf2b29388&l=20251020221329FF810B6B17C3D024C6A3', 'https://www.douyin.com/aweme/v1/play/?video_id=v0300fg10000crd7n1fog65mmmk7mpfg&line=0&file_id=6583892824e14f849ef6b4fdcdd3b27d&sign=68d104ed7cb73690f49e9b4a3c278231&is_play_url=1&source=PackSourceEnum_PUBLISH'], 'width': 1080, 'height': 1920, 'url_key': 'v0300fg10000crd7n1fog65mmmk7mpfg_h264_1080p_1223657', 'data_size': 17218240, 'file_hash': '68d104ed7cb73690f49e9b4a3c278231', 'file_cs': 'c:0-93930-887c|a:v0300fg10000crd7n1fog65mmmk7mpfg'}, 'cover': {'uri': 'tos-cn-i-dy/53bb83447de746d1bb19f2ca414436af', 'url_list': ['https://p3-pc-sign.douyinpic.com/tos-cn-i-dy/53bb83447de746d1bb19f2ca414436af~tplv-dy-cropcenter:323:430.jpeg?lk3s=138a59ce&x-expires=2076328800&x-signature=w2Lq3jCRFAXXhR2cLK%2BS%2FjlW3I4%3D&from=327834062&s=PackSourceEnum_PUBLISH&se=true&sh=323_430&sc=cover&biz_tag=pcweb_cover&l=20251020221329FF810B6B17C3D024C6A3', 'https://p3-pc-sign.douyinpic.com/obj/tos-cn-i-dy/53bb83447de746d1bb19f2ca414436af?lk3s=138a59ce&x-expires=2076328800&x-signature=D2DD9zkDluSm1ou93%2F0UEEF41Nk%3D&from=327834062&s=PackSourceEnum_PUBLISH&se=false&sc=cover&biz_tag=pcweb_cover&l=20251020221329FF810B6B17C3D024C6A3'], 'width': 720, 'height': 720}, 'height': 1920, 'width': 1080, 'dynamic_cover': {'uri': 'tos-cn-i-dy/53bb83447de746d1bb19f2ca414436af', 'url_list': ['https://p3-pc-sign.douyinpic.com/obj/tos-cn-i-dy/53bb83447de746d1bb19f2ca414436af?lk3s=138a59ce&x-expires=1762178400&x-signature=QNGfrN0w2%2Fe2MNdJ0s14wSaHGwY%3D&from=327834062_large&s=PackSourceEnum_PUBLISH&se=false&sc=dynamic_cover&biz_tag=pcweb_cover&l=20251020221329FF810B6B17C3D024C6A3', 'https://p9-pc-sign.douyinpic.com/obj/tos-cn-i-dy/53bb83447de746d1bb19f2ca414436af?lk3s=138a59ce&x-expires=1762178400&x-signature=dYU50153wgPqVarBlPMfTSgQFHo%3D&from=327834062_large&s=PackSourceEnum_PUBLISH&se=false&sc=dynamic_cover&biz_tag=pcweb_cover&l=20251020221329FF810B6B17C3D024C6A3'], 'width': 720, 'height': 720}, 'origin_cover': {'uri': 'tos-cn-p-0015/oYClAeltvLeo1BPDgNIGa7e8gaKPAcHqBG0Lt7', 'url_list': ['https://p3-pc-sign.douyinpic.com/tos-cn-p-0015/oYClAeltvLeo1BPDgNIGa7e8gaKPAcHqBG0Lt7~tplv-dy-360p.jpeg?lk3s=138a59ce&x-expires=1762178400&x-signature=%2FwqmuW3pMw6VKYs%2B1HK8FvxAH%2BY%3D&from=327834062&s=PackSourceEnum_PUBLISH&se=false&sc=origin_cover&biz_tag=pcweb_cover&l=20251020221329FF810B6B17C3D024C6A3', 'https://p9-pc-sign.douyinpic.com/tos-cn-p-0015/oYClAeltvLeo1BPDgNIGa7e8gaKPAcHqBG0Lt7~tplv-dy-360p.jpeg?lk3s=138a59ce&x-expires=1762178400&x-signature=xS5%2BlH0BLxuuDv0A89U1HijEZGA%3D&from=327834062&s=PackSourceEnum_PUBLISH&se=false&sc=origin_cover&biz_tag=pcweb_cover&l=20251020221329FF810B6B17C3D024C6A3'], 'width': 360, 'height': 640}, 'ratio': '1080p', 'format': 'mp4', 'audio': {'original_sound_infos': None}, 'bit_rate': [{'gear_name': 'normal_1080_0', 'quality_type': 1, 'bit_rate': 1223657, 'play_addr': {'uri': 'v0300fg10000crd7n1fog65mmmk7mpfg', 'url_list': ['https://v5-dy-o-abtest.zjcdn.com/cbb9695086d6d9fda1199d43416e3e2f/68f66e29/video/tos/cn/tos-cn-ve-15/oMDLcageQIlH81gBPeNBAGJCtIXqGt1eAA1L37/?a=6383&ch=10010&cr=3&dr=0&lr=all&cd=0%7C0%7C0%7C3&cv=1&br=1194&bt=1194&cs=0&ds=4&ft=c2YTctGHQPRUZxfusdr~kwPqYldQIKDEE-TerrNqq_45a&mime_type=video_mp4&qs=0&rc=ZzU2Z2c3OWg3aTQ3Ozw2OEBpanM6cHA5cjQ6dTMzNGkzM0A0X2FgY19jNjUxYi8vNTUzYSNjamhqMmRja2FgLS1kLTBzcw%3D%3D&btag=80000e00028000&cquery=100o_101r_100B_100H_100K&dy_q=1760969609&feature_id=46a7bb47b4fd1280f3d3825bf2b29388&l=20251020221329FF810B6B17C3D024C6A3', 'https://v5-dy-o-abtest.zjcdn.com/cbb9695086d6d9fda1199d43416e3e2f/68f66e29/video/tos/cn/tos-cn-ve-15/oMDLcageQIlH81gBPeNBAGJCtIXqGt1eAA1L37/?a=6383&ch=10010&cr=3&dr=0&lr=all&cd=0%7C0%7C0%7C3&cv=1&br=1194&bt=1194&cs=0&ds=4&ft=c2YTctGHQPRUZxfusdr~kwPqYldQIKDEE-TerrNqq_45a&mime_type=video_mp4&qs=0&rc=ZzU2Z2c3OWg3aTQ3Ozw2OEBpanM6cHA5cjQ6dTMzNGkzM0A0X2FgY19jNjUxYi8vNTUzYSNjamhqMmRja2FgLS1kLTBzcw%3D%3D&btag=80000e00028000&cquery=101r_100B_100H_100K_100o&dy_q=1760969609&feature_id=46a7bb47b4fd1280f3d3825bf2b29388&l=20251020221329FF810B6B17C3D024C6A3', 'https://www.douyin.com/aweme/v1/play/?video_id=v0300fg10000crd7n1fog65mmmk7mpfg&line=0&file_id=6583892824e14f849ef6b4fdcdd3b27d&sign=68d104ed7cb73690f49e9b4a3c278231&is_play_url=1&source=PackSourceEnum_PUBLISH'], 'width': 1080, 'height': 1920, 'url_key': 'v0300fg10000crd7n1fog65mmmk7mpfg_h264_1080p_1223657', 'data_size': 17218240, 'file_hash': '68d104ed7cb73690f49e9b4a3c278231', 'file_cs': 'c:0-93930-887c|a:v0300fg10000crd7n1fog65mmmk7mpfg'}, 'is_h265': 0, 'is_bytevc1': 0, 'HDR_type': '', 'HDR_bit': '', 'FPS': 30, 'video_extra': '{"PktOffsetMap":"[{\\"time\\": 1, \\"offset\\": 470179}, {\\"time\\": 2, \\"offset\\": 591896}, {\\"time\\": 3, \\"offset\\": 760066}, {\\"time\\": 4, \\"offset\\": 962470}, {\\"time\\": 5, \\"offset\\": 1100418}, {\\"time\\": 10, \\"offset\\": 1903194}]","format":"mp4","definition":"1080p","quality":"normal","file_id":"6583892824e14f849ef6b4fdcdd3b27d","applog_map":{"feature_id":"46a7bb47b4fd1280f3d3825bf2b29388"},"audio_channels":"2.0","audio_sample_rate":"44100","audio_metrics":null,"audio_score":null}', 'format': 'mp4'}, {'gear_name': 'normal_720_0', 'quality_type': 10, 'bit_rate': 874512, 'play_addr': {'uri': 'v0300fg10000crd7n1fog65mmmk7mpfg', 'url_list': ['https://v5-dy-o-abtest.zjcdn.com/7d951b5a3e222e2666768f3ab871c509/68f66e29/video/tos/cn/tos-cn-ve-15/oAAA0LtLct1eG9Hu7eqCPABaAGIhBGeRlN9Hg8/?a=6383&ch=10010&cr=3&dr=0&lr=all&cd=0%7C0%7C0%7C3&cv=1&br=854&bt=854&cs=0&ds=3&ft=c2YTctGHQPRUZxfusdr~kwPqYldQIKDEE-TerrNqq_45a&mime_type=video_mp4&qs=0&rc=NmY2Z2Y4ZWVkZjVmOzk8M0BpanM6cHA5cjQ6dTMzNGkzM0BgM142MV4tNTUxYzI2XzMzYSNjamhqMmRja2FgLS1kLTBzcw%3D%3D&btag=80000e00028000&cquery=100H_100K_100o_101r_100B&dy_q=1760969609&feature_id=2e1813f3872a2105acee44623dff2864&l=20251020221329FF810B6B17C3D024C6A3', 'https://v5-dy-o-abtest.zjcdn.com/7d951b5a3e222e2666768f3ab871c509/68f66e29/video/tos/cn/tos-cn-ve-15/oAAA0LtLct1eG9Hu7eqCPABaAGIhBGeRlN9Hg8/?a=6383&ch=10010&cr=3&dr=0&lr=all&cd=0%7C0%7C0%7C3&cv=1&br=854&bt=854&cs=0&ds=3&ft=c2YTctGHQPRUZxfusdr~kwPqYldQIKDEE-TerrNqq_45a&mime_type=video_mp4&qs=0&rc=NmY2Z2Y4ZWVkZjVmOzk8M0BpanM6cHA5cjQ6dTMzNGkzM0BgM142MV4tNTUxYzI2XzMzYSNjamhqMmRja2FgLS1kLTBzcw%3D%3D&btag=80000e00028000&cquery=100B_100H_100K_100o_101r&dy_q=1760969609&feature_id=2e1813f3872a2105acee44623dff2864&l=20251020221329FF810B6B17C3D024C6A3', 'https://www.douyin.com/aweme/v1/play/?video_id=v0300fg10000crd7n1fog65mmmk7mpfg&line=0&file_id=6069b6985cf24c8a8b0ba54c9da36cc3&sign=23f9061bb098cdf261e2750db1bd264e&is_play_url=1&source=PackSourceEnum_PUBLISH'], 'width': 720, 'height': 1280, 'url_key': 'v0300fg10000crd7n1fog65mmmk7mpfg_h264_720p_874512', 'data_size': 12305373, 'file_hash': '23f9061bb098cdf261e2750db1bd264e', 'file_cs': 'c:0-123637-95b9'}, 'is_h265': 0, 'is_bytevc1': 0, 'HDR_type': '', 'HDR_bit': '', 'FPS': 30, 'video_extra': '{"PktOffsetMap":"[{\\"time\\": 1, \\"offset\\": 363878}, {\\"time\\": 2, \\"offset\\": 453835}, {\\"time\\": 3, \\"offset\\": 560796}, {\\"time\\": 4, \\"offset\\": 703268}, {\\"time\\": 5, \\"offset\\": 795849}, {\\"time\\": 10, \\"offset\\": 1373969}]","format":"mp4","definition":"720p","quality":"normal","file_id":"6069b6985cf24c8a8b0ba54c9da36cc3","applog_map":{"feature_id":"2e1813f3872a2105acee44623dff2864"},"audio_channels":"2.0","audio_sample_rate":"44100","audio_metrics":null,"audio_score":null}', 'format': 'mp4'}, {'gear_name': 'low_720_0', 'quality_type': 211, 'bit_rate': 849174, 'play_addr': {'uri': 'v0300fg10000crd7n1fog65mmmk7mpfg', 'url_list': ['https://v5-dy-o-abtest.zjcdn.com/e5b4cf129ddae5679018e70586a42538/68f66e29/video/tos/cn/tos-cn-ve-15/okL2Qfy1DATmFZDAFgESnGIo2BDEaf2gth91uA/?a=6383&ch=10010&cr=3&dr=0&lr=all&cd=0%7C0%7C0%7C3&cv=1&br=829&bt=829&cs=0&ds=3&ft=c2YTctGHQPRUZxfusdr~kwPqYldQIKDEE-TerrNqq_45a&mime_type=video_mp4&qs=1&rc=M2k4ZmhnODozPGQ7NDk7ZEBpanM6cHA5cjQ6dTMzNGkzM0AtMC1fY2JjNl4xYy01NDY1YSNjamhqMmRja2FgLS1kLTBzcw%3D%3D&btag=80000e00028000&cquery=100K_100o_101r_100B_100H&dy_q=1760969609&feature_id=46a7bb47b4fd1280f3d3825bf2b29388&l=20251020221329FF810B6B17C3D024C6A3', 'https://v5-dy-o-abtest.zjcdn.com/e5b4cf129ddae5679018e70586a42538/68f66e29/video/tos/cn/tos-cn-ve-15/okL2Qfy1DATmFZDAFgESnGIo2BDEaf2gth91uA/?a=6383&ch=10010&cr=3&dr=0&lr=all&cd=0%7C0%7C0%7C3&cv=1&br=829&bt=829&cs=0&ds=3&ft=c2YTctGHQPRUZxfusdr~kwPqYldQIKDEE-TerrNqq_45a&mime_type=video_mp4&qs=1&rc=M2k4ZmhnODozPGQ7NDk7ZEBpanM6cHA5cjQ6dTMzNGkzM0AtMC1fY2JjNl4xYy01NDY1YSNjamhqMmRja2FgLS1kLTBzcw%3D%3D&btag=80000e00028000&cquery=100H_100K_100o_101r_100B&dy_q=1760969609&feature_id=46a7bb47b4fd1280f3d3825bf2b29388&l=20251020221329FF810B6B17C3D024C6A3', 'https://www.douyin.com/aweme/v1/play/?video_id=v0300fg10000crd7n1fog65mmmk7mpfg&line=0&file_id=8a98768108fa49a097f5edfebc053f00&sign=a81f05d1c8292005586b72e5e0cdec35&is_play_url=1&source=PackSourceEnum_PUBLISH'], 'width': 720, 'height': 1280, 'url_key': 'v0300fg10000crd7n1fog65mmmk7mpfg_h264_720p_849174', 'data_size': 11948838, 'file_hash': 'a81f05d1c8292005586b72e5e0cdec35', 'file_cs': 'c:0-93936-ed3c|a:v0300fg10000crd7n1fog65mmmk7mpfg'}, 'is_h265': 0, 'is_bytevc1': 0, 'HDR_type': '', 'HDR_bit': '', 'FPS': 30, 'video_extra': '{"PktOffsetMap":"[{\\"time\\": 1, \\"offset\\": 362151}, {\\"time\\": 2, \\"offset\\": 445156}, {\\"time\\": 3, \\"offset\\": 559265}, {\\"time\\": 4, \\"offset\\": 697671}, {\\"time\\": 5, \\"offset\\": 793656}, {\\"time\\": 10, \\"offset\\": 1345330}]","format":"mp4","definition":"720p","quality":"low","file_id":"8a98768108fa49a097f5edfebc053f00","applog_map":{"feature_id":"46a7bb47b4fd1280f3d3825bf2b29388"},"audio_channels":"2.0","audio_sample_rate":"44100","audio_metrics":null,"audio_score":null}', 'format': 'mp4'}, {'gear_name': 'low_540_0', 'quality_type': 292, 'bit_rate': 812363, 'play_addr': {'uri': 'v0300fg10000crd7n1fog65mmmk7mpfg', 'url_list': ['https://v5-dy-o-abtest.zjcdn.com/a2b8f388d1bf79360bf4ecb214ba6e9c/68f66e29/video/tos/cn/tos-cn-ve-15/oonA12QraF2fABD5DmtF9xgKuEIQfAyDEgNjqN/?a=6383&ch=10010&cr=3&dr=0&lr=all&cd=0%7C0%7C0%7C3&cv=1&br=793&bt=793&cs=0&ds=6&ft=c2YTctGHQPRUZxfusdr~kwPqYldQIKDEE-TerrNqq_45a&mime_type=video_mp4&qs=1&rc=ZTQ6Zjg6PDlmaWQ4PDg0aEBpanM6cHA5cjQ6dTMzNGkzM0AwLy81LWBjNTAxNmFeNTA0YSNjamhqMmRja2FgLS1kLTBzcw%3D%3D&btag=80000e00028000&cquery=100K_100o_101r_100B_100H&dy_q=1760969609&feature_id=46a7bb47b4fd1280f3d3825bf2b29388&l=20251020221329FF810B6B17C3D024C6A3', 'https://v5-dy-o-abtest.zjcdn.com/a2b8f388d1bf79360bf4ecb214ba6e9c/68f66e29/video/tos/cn/tos-cn-ve-15/oonA12QraF2fABD5DmtF9xgKuEIQfAyDEgNjqN/?a=6383&ch=10010&cr=3&dr=0&lr=all&cd=0%7C0%7C0%7C3&cv=1&br=793&bt=793&cs=0&ds=6&ft=c2YTctGHQPRUZxfusdr~kwPqYldQIKDEE-TerrNqq_45a&mime_type=video_mp4&qs=1&rc=ZTQ6Zjg6PDlmaWQ4PDg0aEBpanM6cHA5cjQ6dTMzNGkzM0AwLy81LWBjNTAxNmFeNTA0YSNjamhqMmRja2FgLS1kLTBzcw%3D%3D&btag=80000e00028000&cquery=100H_100K_100o_101r_100B&dy_q=1760969609&feature_id=46a7bb47b4fd1280f3d3825bf2b29388&l=20251020221329FF810B6B17C3D024C6A3', 'https://www.douyin.com/aweme/v1/play/?video_id=v0300fg10000crd7n1fog65mmmk7mpfg&line=0&file_id=7e3185a9d59a4f3c86f9c7058c27213b&sign=4741f2124f4fa1a72eec0ae02f08bf3b&is_play_url=1&source=PackSourceEnum_PUBLISH'], 'width': 576, 'height': 1024, 'url_key': 'v0300fg10000crd7n1fog65mmmk7mpfg_h264_540p_812363', 'data_size': 11430865, 'file_hash': '4741f2124f4fa1a72eec0ae02f08bf3b', 'file_cs': 'c:0-93928-85e7|a:v0300fg10000crd7n1fog65mmmk7mpfg'}, 'is_h265': 0, 'is_bytevc1': 0, 'HDR_type': '', 'HDR_bit': '', 'FPS': 30, 'video_extra': '{"PktOffsetMap":"[{\\"time\\": 1, \\"offset\\": 338079}, {\\"time\\": 2, \\"offset\\": 412400}, {\\"time\\": 3, \\"offset\\": 526259}, {\\"time\\": 4, \\"offset\\": 657226}, {\\"time\\": 5, \\"offset\\": 749069}, {\\"time\\": 10, \\"offset\\": 1284765}]","format":"mp4","definition":"540p","quality":"low","file_id":"7e3185a9d59a4f3c86f9c7058c27213b","applog_map":{"feature_id":"46a7bb47b4fd1280f3d3825bf2b29388"},"audio_channels":"2.0","audio_sample_rate":"44100","audio_metrics":null,"audio_score":null}', 'format': 'mp4'}, {'gear_name': 'adapt_low_540_0', 'quality_type': 291, 'bit_rate': 554511, 'play_addr': {'uri': 'v0300fg10000crd7n1fog65mmmk7mpfg', 'url_list': ['https://v5-dy-o-abtest.zjcdn.com/e5beaf5ee0bb03bfa5bd90568212176f/68f66e29/video/tos/cn/tos-cn-ve-15/osnBH2FfPghmFAAtIutf9gyDgEHADcQ1aD2wEc/?a=6383&ch=10010&cr=3&dr=0&lr=all&cd=0%7C0%7C0%7C3&cv=1&br=541&bt=541&cs=0&ds=6&ft=c2YTctGHQPRUZxfusdr~kwPqYldQIKDEE-TerrNqq_45a&mime_type=video_mp4&qs=12&rc=Nzk2NmhnOTRmZGdlOGk8ZkBpanM6cHA5cjQ6dTMzNGkzM0AwLS8wYWAzXjUxMDUwYi9eYSNjamhqMmRja2FgLS1kLTBzcw%3D%3D&btag=80000e00028000&cquery=100o_101r_100B_100H_100K&dy_q=1760969609&feature_id=46a7bb47b4fd1280f3d3825bf2b29388&l=20251020221329FF810B6B17C3D024C6A3', 'https://v5-dy-o-abtest.zjcdn.com/e5beaf5ee0bb03bfa5bd90568212176f/68f66e29/video/tos/cn/tos-cn-ve-15/osnBH2FfPghmFAAtIutf9gyDgEHADcQ1aD2wEc/?a=6383&ch=10010&cr=3&dr=0&lr=all&cd=0%7C0%7C0%7C3&cv=1&br=541&bt=541&cs=0&ds=6&ft=c2YTctGHQPRUZxfusdr~kwPqYldQIKDEE-TerrNqq_45a&mime_type=video_mp4&qs=12&rc=Nzk2NmhnOTRmZGdlOGk8ZkBpanM6cHA5cjQ6dTMzNGkzM0AwLS8wYWAzXjUxMDUwYi9eYSNjamhqMmRja2FgLS1kLTBzcw%3D%3D&btag=80000e00028000&cquery=100B_100H_100K_100o_101r&dy_q=1760969609&feature_id=46a7bb47b4fd1280f3d3825bf2b29388&l=20251020221329FF810B6B17C3D024C6A3', 'https://www.douyin.com/aweme/v1/play/?video_id=v0300fg10000crd7n1fog65mmmk7mpfg&line=0&file_id=ac29ef358b3d4a8ca166cdde33230634&sign=5881631dc258fc53b528f36d21b62de5&is_play_url=1&source=PackSourceEnum_PUBLISH'], 'width': 576, 'height': 1024, 'url_key': 'v0300fg10000crd7n1fog65mmmk7mpfg_h264_540p_554511', 'data_size': 7802594, 'file_hash': '5881631dc258fc53b528f36d21b62de5', 'file_cs': 'c:0-93927-ce40|a:v0300fg10000crd7n1fog65mmmk7mpfg'}, 'is_h265': 0, 'is_bytevc1': 0, 'HDR_type': '', 'HDR_bit': '', 'FPS': 30, 'video_extra': '{"PktOffsetMap":"[{\\"time\\": 1, \\"offset\\": 265351}, {\\"time\\": 2, \\"offset\\": 313757}, {\\"time\\": 3, \\"offset\\": 388754}, {\\"time\\": 4, \\"offset\\": 476805}, {\\"time\\": 5, \\"offset\\": 536840}, {\\"time\\": 10, \\"offset\\": 901898}]","format":"mp4","definition":"540p","quality":"adapt_low","file_id":"ac29ef358b3d4a8ca166cdde33230634","applog_map":{"feature_id":"46a7bb47b4fd1280f3d3825bf2b29388"},"audio_channels":"2.0","audio_sample_rate":"44100","audio_metrics":null,"audio_score":null}', 'format': 'mp4'}, {'gear_name': 'adapt_lowest_1080_1', 'quality_type': 2, 'bit_rate': 395480, 'play_addr': {'uri': 'v0300fg10000crd7n1fog65mmmk7mpfg', 'url_list': ['https://v5-dy-o-abtest.zjcdn.com/aac100e2c8308c2aee38b0fbcf9d361b/68f66e29/video/tos/cn/tos-cn-ve-15/oYBQAGy2xFrFaAnQImEDtzffETZKguD1ADgF29/?a=6383&ch=10010&cr=3&dr=0&lr=all&cd=0%7C0%7C0%7C3&cv=1&br=386&bt=386&cs=2&ds=4&ft=c2YTctGHQPRUZxfusdr~kwPqYldQIKDEE-TerrNqq_45a&mime_type=video_mp4&qs=15&rc=Ozo8PDdlNzloZDQ4Ojw5aEBpanM6cHA5cjQ6dTMzNGkzM0AwMjEzMGBeX2IxYV40NS8tYSNjamhqMmRja2FgLS1kLTBzcw%3D%3D&btag=80000e00028000&cquery=100H_100K_100o_101r_100B&dy_q=1760969609&feature_id=c6de0308cacfd993ef282c8e1c646267&l=20251020221329FF810B6B17C3D024C6A3', 'https://v5-dy-o-abtest.zjcdn.com/aac100e2c8308c2aee38b0fbcf9d361b/68f66e29/video/tos/cn/tos-cn-ve-15/oYBQAGy2xFrFaAnQImEDtzffETZKguD1ADgF29/?a=6383&ch=10010&cr=3&dr=0&lr=all&cd=0%7C0%7C0%7C3&cv=1&br=386&bt=386&cs=2&ds=4&ft=c2YTctGHQPRUZxfusdr~kwPqYldQIKDEE-TerrNqq_45a&mime_type=video_mp4&qs=15&rc=Ozo8PDdlNzloZDQ4Ojw5aEBpanM6cHA5cjQ6dTMzNGkzM0AwMjEzMGBeX2IxYV40NS8tYSNjamhqMmRja2FgLS1kLTBzcw%3D%3D&btag=80000e00028000&cquery=101r_100B_100H_100K_100o&dy_q=1760969609&feature_id=c6de0308cacfd993ef282c8e1c646267&l=20251020221329FF810B6B17C3D024C6A3', 'https://www.douyin.com/aweme/v1/play/?video_id=v0300fg10000crd7n1fog65mmmk7mpfg&line=0&file_id=0e268977a5d14aeeb6a4cb3469495738&sign=83cec75bc3663e5fe8f8726e16a2ed87&is_play_url=1&source=PackSourceEnum_PUBLISH'], 'width': 1080, 'height': 1920, 'url_key': 'v0300fg10000crd7n1fog65mmmk7mpfg_bytevc1_1080p_395480', 'data_size': 5564859, 'file_hash': '83cec75bc3663e5fe8f8726e16a2ed87', 'file_cs': 'c:0-94113-663e'}, 'is_h265': 1, 'is_bytevc1': 1, 'HDR_type': '', 'HDR_bit': '', 'FPS': 30, 'video_extra': '{"PktOffsetMap":"[{\\"time\\": 1, \\"offset\\": 240081}, {\\"time\\": 2, \\"offset\\": 280944}, {\\"time\\": 3, \\"offset\\": 344408}, {\\"time\\": 4, \\"offset\\": 417643}, {\\"time\\": 5, \\"offset\\": 465436}, {\\"time\\": 10, \\"offset\\": 737024}]","format":"mp4","definition":"1080p","quality":"adapt_lowest","file_id":"0e268977a5d14aeeb6a4cb3469495738","applog_map":{"feature_id":"c6de0308cacfd993ef282c8e1c646267"},"mvmaf":"{\\"mvmaf_sr_v1080\\":-1,\\"mvmaf_sr_v960\\":-1,\\"mvmaf_sr_v864\\":-1,\\"mvmaf_sr_v720\\":-1,\\"mvmaf_ori_v1080\\":91.468,\\"mvmaf_ori_v960\\":92.63,\\"mvmaf_ori_v864\\":93.086,\\"mvmaf_ori_v720\\":94.076}","audio_channels":"2.0","audio_sample_rate":"44100","audio_metrics":null,"audio_score":null}', 'format': 'mp4'}, {'gear_name': 'adapt_lowest_720_1', 'quality_type': 15, 'bit_rate': 338892, 'play_addr': {'uri': 'v0300fg10000crd7n1fog65mmmk7mpfg', 'url_list': ['https://v5-dy-o-abtest.zjcdn.com/9bf07009578a582503724e08f559a27c/68f66e29/video/tos/cn/tos-cn-ve-15/oQrFutQfIEyD4UEAnDmAgDaB2ED1D2jfgAaFD9/?a=6383&ch=10010&cr=3&dr=0&lr=all&cd=0%7C0%7C0%7C3&cv=1&br=330&bt=330&cs=2&ds=3&ft=c2YTctGHQPRUZxfusdr~kwPqYldQIKDEE-TerrNqq_45a&mime_type=video_mp4&qs=15&rc=PGk5NzM3ZGlmM2VpNTo0ZUBpanM6cHA5cjQ6dTMzNGkzM0BfYDNhXy1jNTMxYTY0Ll82YSNjamhqMmRja2FgLS1kLTBzcw%3D%3D&btag=80000e00028000&cquery=100H_100K_100o_101r_100B&dy_q=1760969609&feature_id=c6de0308cacfd993ef282c8e1c646267&l=20251020221329FF810B6B17C3D024C6A3', 'https://v5-dy-o-abtest.zjcdn.com/9bf07009578a582503724e08f559a27c/68f66e29/video/tos/cn/tos-cn-ve-15/oQrFutQfIEyD4UEAnDmAgDaB2ED1D2jfgAaFD9/?a=6383&ch=10010&cr=3&dr=0&lr=all&cd=0%7C0%7C0%7C3&cv=1&br=330&bt=330&cs=2&ds=3&ft=c2YTctGHQPRUZxfusdr~kwPqYldQIKDEE-TerrNqq_45a&mime_type=video_mp4&qs=15&rc=PGk5NzM3ZGlmM2VpNTo0ZUBpanM6cHA5cjQ6dTMzNGkzM0BfYDNhXy1jNTMxYTY0Ll82YSNjamhqMmRja2FgLS1kLTBzcw%3D%3D&btag=80000e00028000&cquery=100B_100H_100K_100o_101r&dy_q=1760969609&feature_id=c6de0308cacfd993ef282c8e1c646267&l=20251020221329FF810B6B17C3D024C6A3', 'https://www.douyin.com/aweme/v1/play/?video_id=v0300fg10000crd7n1fog65mmmk7mpfg&line=0&file_id=9bb117729fdb406c8ffa04b0d466cfb9&sign=cedc6be3df5c8cc2d01d96d61036f0d4&is_play_url=1&source=PackSourceEnum_PUBLISH'], 'width': 720, 'height': 1280, 'url_key': 'v0300fg10000crd7n1fog65mmmk7mpfg_bytevc1_720p_338892', 'data_size': 4768599, 'file_hash': 'cedc6be3df5c8cc2d01d96d61036f0d4', 'file_cs': 'c:0-94113-791a'}, 'is_h265': 1, 'is_bytevc1': 1, 'HDR_type': '', 'HDR_bit': '', 'FPS': 30, 'video_extra': '{"PktOffsetMap":"[{\\"time\\": 1, \\"offset\\": 204567}, {\\"time\\": 2, \\"offset\\": 237037}, {\\"time\\": 3, \\"offset\\": 285103}, {\\"time\\": 4, \\"offset\\": 344283}, {\\"time\\": 5, \\"offset\\": 379251}, {\\"time\\": 10, \\"offset\\": 601439}]","format":"mp4","definition":"720p","quality":"adapt_lowest","file_id":"9bb117729fdb406c8ffa04b0d466cfb9","applog_map":{"feature_id":"c6de0308cacfd993ef282c8e1c646267"},"sr_sharpness_strength":8,"mvmaf":"{\\"mvmaf_sr_v1080\\":96.509,\\"mvmaf_sr_v960\\":97.478,\\"mvmaf_sr_v864\\":98.206,\\"mvmaf_sr_v720\\":99.453,\\"mvmaf_ori_v1080\\":86.077,\\"mvmaf_ori_v960\\":89.009,\\"mvmaf_ori_v864\\":90.338,\\"mvmaf_ori_v720\\":93.409}","audio_channels":"2.0","audio_sample_rate":"44100","audio_metrics":null,"audio_score":null}', 'format': 'mp4'}, {'gear_name': 'adapt_540_1', 'quality_type': 28, 'bit_rate': 310600, 'play_addr': {'uri': 'v0300fg10000crd7n1fog65mmmk7mpfg', 'url_list': ['https://v5-dy-o-abtest.zjcdn.com/771f475fa1ed2ea9a549aba8e1fe8cbc/68f66e29/video/tos/cn/tos-cn-ve-15/ocHALlAteAgq8cOJAG7NqfC8MIBGLBrt1PQRea/?a=6383&ch=10010&cr=3&dr=0&lr=all&cd=0%7C0%7C0%7C3&cv=1&br=303&bt=303&cs=2&ds=6&ft=c2YTctGHQPRUZxfusdr~kwPqYldQIKDEE-TerrNqq_45a&mime_type=video_mp4&qs=11&rc=Z2VlaDozaTtoNTxmZzlmNEBpanM6cHA5cjQ6dTMzNGkzM0AuMDMyYGM2XzExLjNgLmAvYSNjamhqMmRja2FgLS1kLTBzcw%3D%3D&btag=80000e00028000&cquery=101r_100B_100H_100K_100o&dy_q=1760969609&feature_id=c6de0308cacfd993ef282c8e1c646267&l=20251020221329FF810B6B17C3D024C6A3', 'https://v5-dy-o-abtest.zjcdn.com/771f475fa1ed2ea9a549aba8e1fe8cbc/68f66e29/video/tos/cn/tos-cn-ve-15/ocHALlAteAgq8cOJAG7NqfC8MIBGLBrt1PQRea/?a=6383&ch=10010&cr=3&dr=0&lr=all&cd=0%7C0%7C0%7C3&cv=1&br=303&bt=303&cs=2&ds=6&ft=c2YTctGHQPRUZxfusdr~kwPqYldQIKDEE-TerrNqq_45a&mime_type=video_mp4&qs=11&rc=Z2VlaDozaTtoNTxmZzlmNEBpanM6cHA5cjQ6dTMzNGkzM0AuMDMyYGM2XzExLjNgLmAvYSNjamhqMmRja2FgLS1kLTBzcw%3D%3D&btag=80000e00028000&cquery=100o_101r_100B_100H_100K&dy_q=1760969609&feature_id=c6de0308cacfd993ef282c8e1c646267&l=20251020221329FF810B6B17C3D024C6A3', 'https://www.douyin.com/aweme/v1/play/?video_id=v0300fg10000crd7n1fog65mmmk7mpfg&line=0&file_id=21cc16cd6c19424eb89ff0c75e6b3b1d&sign=f9db6b1d752dfc21debc0fffa25ac775&is_play_url=1&source=PackSourceEnum_PUBLISH'], 'width': 576, 'height': 1024, 'url_key': 'v0300fg10000crd7n1fog65mmmk7mpfg_bytevc1_540p_310600', 'data_size': 4370498, 'file_hash': 'f9db6b1d752dfc21debc0fffa25ac775', 'file_cs': 'c:0-94113-1f91'}, 'is_h265': 1, 'is_bytevc1': 1, 'HDR_type': '', 'HDR_bit': '', 'FPS': 30, 'video_extra': '{"PktOffsetMap":"[{\\"time\\": 1, \\"offset\\": 194848}, {\\"time\\": 2, \\"offset\\": 223797}, {\\"time\\": 3, \\"offset\\": 267315}, {\\"time\\": 4, \\"offset\\": 319736}, {\\"time\\": 5, \\"offset\\": 354236}, {\\"time\\": 10, \\"offset\\": 561286}]","format":"mp4","definition":"540p","quality":"adapt","file_id":"21cc16cd6c19424eb89ff0c75e6b3b1d","applog_map":{"feature_id":"c6de0308cacfd993ef282c8e1c646267"},"sr_sharpness_strength":8,"mvmaf":"{\\"mvmaf_sr_v1080\\":94.281,\\"mvmaf_sr_v960\\":96.203,\\"mvmaf_sr_v864\\":97.111,\\"mvmaf_sr_v720\\":99.174,\\"mvmaf_ori_v1080\\":83.491,\\"mvmaf_ori_v960\\":86.951,\\"mvmaf_ori_v864\\":87.99,\\"mvmaf_ori_v720\\":91.375}","audio_channels":"2.0","audio_sample_rate":"44100","audio_metrics":null,"audio_score":null}', 'format': 'mp4'}, {'gear_name': 'adapt_lower_540_1', 'quality_type': 21, 'bit_rate': 276473, 'play_addr': {'uri': 'v0300fg10000crd7n1fog65mmmk7mpfg', 'url_list': ['https://v5-dy-o-abtest.zjcdn.com/4efa75a21560629dedb903b435d83f7c/68f66e29/video/tos/cn/tos-cn-ve-15/o0NaGTg1LClQPAL7aBtIqlWgHtBHAGefEcTGIe/?a=6383&ch=10010&cr=3&dr=0&lr=all&cd=0%7C0%7C0%7C3&cv=1&br=269&bt=269&cs=2&ds=6&ft=c2YTctGHQPRUZxfusdr~kwPqYldQIKDEE-TerrNqq_45a&mime_type=video_mp4&qs=14&rc=NjlnNzc3ZjgzZmdmZDdkOEBpanM6cHA5cjQ6dTMzNGkzM0A1Yi5fMS0vXi8xYDFjYS1eYSNjamhqMmRja2FgLS1kLTBzcw%3D%3D&btag=80000e00028000&cquery=101r_100B_100H_100K_100o&dy_q=1760969609&feature_id=ce7c25ff7a5ccd0ee1c134f842898e76&l=20251020221329FF810B6B17C3D024C6A3', 'https://v5-dy-o-abtest.zjcdn.com/4efa75a21560629dedb903b435d83f7c/68f66e29/video/tos/cn/tos-cn-ve-15/o0NaGTg1LClQPAL7aBtIqlWgHtBHAGefEcTGIe/?a=6383&ch=10010&cr=3&dr=0&lr=all&cd=0%7C0%7C0%7C3&cv=1&br=269&bt=269&cs=2&ds=6&ft=c2YTctGHQPRUZxfusdr~kwPqYldQIKDEE-TerrNqq_45a&mime_type=video_mp4&qs=14&rc=NjlnNzc3ZjgzZmdmZDdkOEBpanM6cHA5cjQ6dTMzNGkzM0A1Yi5fMS0vXi8xYDFjYS1eYSNjamhqMmRja2FgLS1kLTBzcw%3D%3D&btag=80000e00028000&cquery=100o_101r_100B_100H_100K&dy_q=1760969609&feature_id=ce7c25ff7a5ccd0ee1c134f842898e76&l=20251020221329FF810B6B17C3D024C6A3', 'https://www.douyin.com/aweme/v1/play/?video_id=v0300fg10000crd7n1fog65mmmk7mpfg&line=0&file_id=a50ad4fa4ccd4c20a52c0444b41de683&sign=9ac9fb5acfa104de59775d3ae912e89e&is_play_url=1&source=PackSourceEnum_PUBLISH'], 'width': 576, 'height': 1024, 'url_key': 'v0300fg10000crd7n1fog65mmmk7mpfg_bytevc1_540p_276473', 'data_size': 3890298, 'file_hash': '9ac9fb5acfa104de59775d3ae912e89e', 'file_cs': 'c:0-94113-543d|a:v0300fg10000crd7n1fog65mmmk7mpfg'}, 'is_h265': 1, 'is_bytevc1': 1, 'HDR_type': '', 'HDR_bit': '', 'FPS': 30, 'video_extra': '{"PktOffsetMap":"[{\\"time\\": 1, \\"offset\\": 185269}, {\\"time\\": 2, \\"offset\\": 211704}, {\\"time\\": 3, \\"offset\\": 252615}, {\\"time\\": 4, \\"offset\\": 298420}, {\\"time\\": 5, \\"offset\\": 330552}, {\\"time\\": 10, \\"offset\\": 512936}]","format":"mp4","definition":"540p","quality":"adapt_lower","file_id":"a50ad4fa4ccd4c20a52c0444b41de683","applog_map":{"feature_id":"ce7c25ff7a5ccd0ee1c134f842898e76"},"sr_sharpness_strength":8,"mvmaf":"{\\"mvmaf_sr_v1080\\":93.27,\\"mvmaf_sr_v960\\":95.331,\\"mvmaf_sr_v864\\":95.8,\\"mvmaf_sr_v720\\":97.926,\\"mvmaf_ori_v1080\\":81.914,\\"mvmaf_ori_v960\\":85.942,\\"mvmaf_ori_v864\\":86.762,\\"mvmaf_ori_v720\\":90.389}","audio_channels":"2.0","audio_sample_rate":"44100","audio_metrics":null,"audio_score":null}', 'format': 'mp4'}, {'gear_name': 'adapt_lowest_1080_1', 'quality_type': 2, 'bit_rate': 340861, 'play_addr': {'uri': 'v0300fg10000crd7n1fog65mmmk7mpfg', 'url_list': ['https://v5-dy-o-abtest.zjcdn.com/0f0df767baeca1c14a0fa07cfd8e7a85/68f79579/video/tos/cn/tos-cn-vd-0026/oQBF9ADG2DnfuASDgaK1DZFEAftFIAm2AggAzy/media-video-hvc1/?a=6383&ch=0&cr=8&dr=0&er=1&lr=default&cd=0%7C0%7C0%7C3&cv=1&br=332&bt=332&cs=4&ds=4&mime_type=video_mp4&qs=15&rc=aDYzO2ZnPDhoaDhlZzg1OUBpanM6cHA5cjQ6dTMzNGkzM0AxY2IvMWEuXy8xMjAtNjE2YSNjamhqMmRja2FgLS1kLTBzcw%3D%3D&btag=80000e00028000&cquery=101r_100o&dy_q=1760969609&l=20251020221329FF810B6B17C3D024C6A3', 'https://v5-dy-o-abtest.zjcdn.com/0f0df767baeca1c14a0fa07cfd8e7a85/68f79579/video/tos/cn/tos-cn-vd-0026/oQBF9ADG2DnfuASDgaK1DZFEAftFIAm2AggAzy/media-video-hvc1/?a=6383&ch=0&cr=8&dr=0&er=1&lr=default&cd=0%7C0%7C0%7C3&cv=1&br=332&bt=332&cs=4&ds=4&mime_type=video_mp4&qs=15&rc=aDYzO2ZnPDhoaDhlZzg1OUBpanM6cHA5cjQ6dTMzNGkzM0AxY2IvMWEuXy8xMjAtNjE2YSNjamhqMmRja2FgLS1kLTBzcw%3D%3D&btag=80000e00028000&cquery=100o_101r&dy_q=1760969609&l=20251020221329FF810B6B17C3D024C6A3', 'https://www.douyin.com/aweme/v1/play/dash/?video_id=v0300fg10000crd7n1fog65mmmk7mpfg&line=0&file_id=9642950d3b554e2eb519dd4c28e0f34e&sign=43ef9e4d09d3d82b27f809213592a903&is_play_url=1&source=PackSourceEnum_PUBLISH'], 'width': 1080, 'height': 1920, 'url_key': 'v0300fg10000crd7n1fog65mmmk7mpfg_bytevc1_1080p_340861', 'data_size': 4794760, 'file_hash': '43ef9e4d09d3d82b27f809213592a903'}, 'is_h265': 1, 'is_bytevc1': 1, 'HDR_type': '', 'HDR_bit': '', 'FPS': 30, 'video_extra': '{"PktOffsetMap":"","format":"dash","sub_info":"{\\"audio_channels\\":\\"2.0\\",\\"audio_layout\\":\\"C\\",\\"audio_sample_rate\\":\\"44100\\",\\"base_range_info\\":{\\"first_moof_range\\":\\"1372-3151\\",\\"index_range\\":\\"1136-1371\\",\\"init_range\\":\\"0-1135\\"},\\"check_info\\":{\\"check_info\\":\\"a:v0300fg10000crd7n1fog65mmmk7mpfg|b:0-1371-03c3cef779e98758cf1fd26bce904566|c:0-1371-692e\\"},\\"gear_des_key\\":\\"0:DASH|1:normal|2:h265_hvc1|4:1080p|5:adapt_lowest|10000:105\\",\\"quality_type\\":2}","definition":"1080p","quality":"adapt_lowest","quality_desc":"","file_id":"9642950d3b554e2eb519dd4c28e0f34e","real_bitrate":389857,"audio_file_id":"a40b90ab8831f9e54885a288e29da489","applog_map":{"feature_id":"c6de0308cacfd993ef282c8e1c646267"},"mvmaf":"{\\"mvmaf_sr_v1080\\":-1,\\"mvmaf_sr_v960\\":-1,\\"mvmaf_sr_v864\\":-1,\\"mvmaf_sr_v720\\":-1,\\"mvmaf_ori_v1080\\":91.468,\\"mvmaf_ori_v960\\":92.63,\\"mvmaf_ori_v864\\":93.086,\\"mvmaf_ori_v720\\":94.076}","audio_metrics":null,"audio_score":null}', 'format': 'dash'}, {'gear_name': 'adapt_lowest_720_1', 'quality_type': 15, 'bit_rate': 284255, 'play_addr': {'uri': 'v0300fg10000crd7n1fog65mmmk7mpfg', 'url_list': ['https://v5-dy-o-abtest.zjcdn.com/7736dfa9816285cd90649b56443b2dd6/68f79579/video/tos/cn/tos-cn-vd-0026/owAg1yDFAauAntDm9KfBA2D2bEgsIAFgADA2fD/media-video-hvc1/?a=6383&ch=0&cr=8&dr=0&er=1&lr=default&cd=0%7C0%7C0%7C3&cv=1&br=277&bt=277&cs=4&ds=3&mime_type=video_mp4&qs=15&rc=Zmg7aTNnZjczPGc5MzxoOEBpanM6cHA5cjQ6dTMzNGkzM0A1X2AzYDNgNWAxNS8uNC0vYSNjamhqMmRja2FgLS1kLTBzcw%3D%3D&btag=80000e00028000&cquery=101r_100o&dy_q=1760969609&l=20251020221329FF810B6B17C3D024C6A3', 'https://v5-dy-o-abtest.zjcdn.com/7736dfa9816285cd90649b56443b2dd6/68f79579/video/tos/cn/tos-cn-vd-0026/owAg1yDFAauAntDm9KfBA2D2bEgsIAFgADA2fD/media-video-hvc1/?a=6383&ch=0&cr=8&dr=0&er=1&lr=default&cd=0%7C0%7C0%7C3&cv=1&br=277&bt=277&cs=4&ds=3&mime_type=video_mp4&qs=15&rc=Zmg7aTNnZjczPGc5MzxoOEBpanM6cHA5cjQ6dTMzNGkzM0A1X2AzYDNgNWAxNS8uNC0vYSNjamhqMmRja2FgLS1kLTBzcw%3D%3D&btag=80000e00028000&cquery=101r_100o&dy_q=1760969609&l=20251020221329FF810B6B17C3D024C6A3', 'https://www.douyin.com/aweme/v1/play/dash/?video_id=v0300fg10000crd7n1fog65mmmk7mpfg&line=0&file_id=250e7910268d49c084cc6dc06fc8be8c&sign=7e968fb436155cf0990e1caf67a1184b&is_play_url=1&source=PackSourceEnum_PUBLISH'], 'width': 720, 'height': 1280, 'url_key': 'v0300fg10000crd7n1fog65mmmk7mpfg_bytevc1_720p_284255', 'data_size': 3998511, 'file_hash': '7e968fb436155cf0990e1caf67a1184b'}, 'is_h265': 1, 'is_bytevc1': 1, 'HDR_type': '', 'HDR_bit': '', 'FPS': 30, 'video_extra': '{"PktOffsetMap":"","format":"dash","sub_info":"{\\"audio_channels\\":\\"2.0\\",\\"audio_layout\\":\\"C\\",\\"audio_sample_rate\\":\\"44100\\",\\"base_range_info\\":{\\"first_moof_range\\":\\"1372-3151\\",\\"index_range\\":\\"1136-1371\\",\\"init_range\\":\\"0-1135\\"},\\"check_info\\":{\\"check_info\\":\\"a:v0300fg10000crd7n1fog65mmmk7mpfg|b:0-1371-d770812f9979d7eb1024febcd71abe5c|c:0-1371-168d\\"},\\"gear_des_key\\":\\"0:DASH|1:normal|2:h265_hvc1|4:720p|5:adapt_lowest|10000:105\\",\\"quality_type\\":15}","definition":"720p","quality":"adapt_lowest","quality_desc":"","file_id":"250e7910268d49c084cc6dc06fc8be8c","real_bitrate":333251,"audio_file_id":"a40b90ab8831f9e54885a288e29da489","applog_map":{"feature_id":"c6de0308cacfd993ef282c8e1c646267"},"sr_sharpness_strength":8,"mvmaf":"{\\"mvmaf_sr_v1080\\":96.509,\\"mvmaf_sr_v960\\":97.478,\\"mvmaf_sr_v864\\":98.206,\\"mvmaf_sr_v720\\":99.453,\\"mvmaf_ori_v1080\\":86.077,\\"mvmaf_ori_v960\\":89.009,\\"mvmaf_ori_v864\\":90.338,\\"mvmaf_ori_v720\\":93.409}","audio_metrics":null,"audio_score":null}', 'format': 'dash'}, {'gear_name': 'adapt_540_1', 'quality_type': 28, 'bit_rate': 255953, 'play_addr': {'uri': 'v0300fg10000crd7n1fog65mmmk7mpfg', 'url_list': ['https://v5-dy-o-abtest.zjcdn.com/b74fd659627ed12fcb5f5fa4d00c6c9b/68f79579/video/tos/cn/tos-cn-vd-0026/oMyFfAB2I39DDuAFqftaggnDmPAD1D7B2AEgAA/media-video-hvc1/?a=6383&ch=0&cr=8&dr=0&er=1&lr=default&cd=0%7C0%7C0%7C3&cv=1&br=249&bt=249&cs=4&ds=6&mime_type=video_mp4&qs=11&rc=OTc6Njs0aTo3Nzs4aDRkO0BpanM6cHA5cjQ6dTMzNGkzM0AyMy9fLmMyNTMxMWAwYDYxYSNjamhqMmRja2FgLS1kLTBzcw%3D%3D&btag=80000e00028000&cquery=101r_100o&dy_q=1760969609&l=20251020221329FF810B6B17C3D024C6A3', 'https://v5-dy-o-abtest.zjcdn.com/b74fd659627ed12fcb5f5fa4d00c6c9b/68f79579/video/tos/cn/tos-cn-vd-0026/oMyFfAB2I39DDuAFqftaggnDmPAD1D7B2AEgAA/media-video-hvc1/?a=6383&ch=0&cr=8&dr=0&er=1&lr=default&cd=0%7C0%7C0%7C3&cv=1&br=249&bt=249&cs=4&ds=6&mime_type=video_mp4&qs=11&rc=OTc6Njs0aTo3Nzs4aDRkO0BpanM6cHA5cjQ6dTMzNGkzM0AyMy9fLmMyNTMxMWAwYDYxYSNjamhqMmRja2FgLS1kLTBzcw%3D%3D&btag=80000e00028000&cquery=101r_100o&dy_q=1760969609&l=20251020221329FF810B6B17C3D024C6A3', 'https://www.douyin.com/aweme/v1/play/dash/?video_id=v0300fg10000crd7n1fog65mmmk7mpfg&line=0&file_id=489ac13ec5484464875ff118b3276456&sign=d1bea5e9dabe7c622f546912643c7453&is_play_url=1&source=PackSourceEnum_PUBLISH'], 'width': 576, 'height': 1024, 'url_key': 'v0300fg10000crd7n1fog65mmmk7mpfg_bytevc1_540p_255953', 'data_size': 3600399, 'file_hash': 'd1bea5e9dabe7c622f546912643c7453'}, 'is_h265': 1, 'is_bytevc1': 1, 'HDR_type': '', 'HDR_bit': '', 'FPS': 30, 'video_extra': '{"PktOffsetMap":"","format":"dash","sub_info":"{\\"audio_channels\\":\\"2.0\\",\\"audio_layout\\":\\"C\\",\\"audio_sample_rate\\":\\"44100\\",\\"base_range_info\\":{\\"first_moof_range\\":\\"1372-3151\\",\\"index_range\\":\\"1136-1371\\",\\"init_range\\":\\"0-1135\\"},\\"check_info\\":{\\"check_info\\":\\"a:v0300fg10000crd7n1fog65mmmk7mpfg|b:0-1371-74d1bba8c34d479b0ae99e44116e2f7b|c:0-1371-bba8\\"},\\"gear_des_key\\":\\"0:DASH|1:normal|2:h265_hvc1|4:540p|5:adapt|10000:105\\",\\"quality_type\\":28}","definition":"540p","quality":"adapt","quality_desc":"","file_id":"489ac13ec5484464875ff118b3276456","real_bitrate":310600,"audio_file_id":"a40b90ab8831f9e54885a288e29da489","applog_map":{"feature_id":"c6de0308cacfd993ef282c8e1c646267"},"sr_sharpness_strength":8,"mvmaf":"{\\"mvmaf_sr_v1080\\":94.281,\\"mvmaf_sr_v960\\":96.203,\\"mvmaf_sr_v864\\":97.111,\\"mvmaf_sr_v720\\":99.174,\\"mvmaf_ori_v1080\\":83.491,\\"mvmaf_ori_v960\\":86.951,\\"mvmaf_ori_v864\\":87.99,\\"mvmaf_ori_v720\\":91.375}","audio_metrics":null,"audio_score":null}', 'format': 'dash'}, {'gear_name': 'adapt_lower_540_1', 'quality_type': 21, 'bit_rate': 223941, 'play_addr': {'uri': 'v0300fg10000crd7n1fog65mmmk7mpfg', 'url_list': ['https://v5-dy-o-abtest.zjcdn.com/1b1311ab0862c0762996a33d6e491567/68f79579/video/tos/cn/tos-cn-ve-15/oQ1lgA2CnDAVDEgmD2FfABgIyTvAufIa9ADtAF/media-video-hvc1/?a=6383&ch=0&cr=8&dr=0&er=1&lr=default&cd=0%7C0%7C0%7C3&cv=1&br=218&bt=218&cs=4&ds=6&mime_type=video_mp4&qs=14&rc=aTM4Zzo7NmY7aTxlaDVlN0BpanM6cHA5cjQ6dTMzNGkzM0AxYzYwMDAwXy4xYDM1YS0xYSNjamhqMmRja2FgLS1kLTBzcw%3D%3D&btag=80000e00028000&cquery=101r_100o&dy_q=1760969609&l=20251020221329FF810B6B17C3D024C6A3', 'https://v5-dy-o-abtest.zjcdn.com/1b1311ab0862c0762996a33d6e491567/68f79579/video/tos/cn/tos-cn-ve-15/oQ1lgA2CnDAVDEgmD2FfABgIyTvAufIa9ADtAF/media-video-hvc1/?a=6383&ch=0&cr=8&dr=0&er=1&lr=default&cd=0%7C0%7C0%7C3&cv=1&br=218&bt=218&cs=4&ds=6&mime_type=video_mp4&qs=14&rc=aTM4Zzo7NmY7aTxlaDVlN0BpanM6cHA5cjQ6dTMzNGkzM0AxYzYwMDAwXy4xYDM1YS0xYSNjamhqMmRja2FgLS1kLTBzcw%3D%3D&btag=80000e00028000&cquery=101r_100o&dy_q=1760969609&l=20251020221329FF810B6B17C3D024C6A3', 'https://www.douyin.com/aweme/v1/play/dash/?video_id=v0300fg10000crd7n1fog65mmmk7mpfg&line=0&file_id=440bd28e6bc94f18bc3338373d95f04f&sign=d387f957fd86786558559a80dc4c6d32&is_play_url=1&source=PackSourceEnum_PUBLISH'], 'width': 576, 'height': 1024, 'url_key': 'v0300fg10000crd7n1fog65mmmk7mpfg_bytevc1_540p_223941', 'data_size': 3150090, 'file_hash': 'd387f957fd86786558559a80dc4c6d32'}, 'is_h265': 1, 'is_bytevc1': 1, 'HDR_type': '', 'HDR_bit': '', 'FPS': 30, 'video_extra': '{"PktOffsetMap":"","format":"dash","sub_info":"{\\"audio_channels\\":\\"2.0\\",\\"audio_layout\\":\\"C\\",\\"audio_sample_rate\\":\\"44100\\",\\"base_range_info\\":{\\"first_moof_range\\":\\"1372-3151\\",\\"index_range\\":\\"1136-1371\\",\\"init_range\\":\\"0-1135\\"},\\"check_info\\":{\\"check_info\\":\\"a:v0300fg10000crd7n1fog65mmmk7mpfg|b:0-1371-fc137eccc5df2c813aa90b6bb80d1c2a|c:0-1371-a119\\"},\\"gear_des_key\\":\\"0:DASH|1:normal|2:h265_hvc1|4:540p|5:adapt_lower|10000:105\\",\\"quality_type\\":21}","definition":"540p","quality":"adapt_lower","quality_desc":"","file_id":"440bd28e6bc94f18bc3338373d95f04f","real_bitrate":276473,"audio_file_id":"a40b90ab8831f9e54885a288e29da489","applog_map":{"feature_id":"ce7c25ff7a5ccd0ee1c134f842898e76"},"sr_sharpness_strength":8,"mvmaf":"{\\"mvmaf_sr_v1080\\":93.27,\\"mvmaf_sr_v960\\":95.331,\\"mvmaf_sr_v864\\":95.8,\\"mvmaf_sr_v720\\":97.926,\\"mvmaf_ori_v1080\\":81.914,\\"mvmaf_ori_v960\\":85.942,\\"mvmaf_ori_v864\\":86.762,\\"mvmaf_ori_v720\\":90.389}","audio_metrics":null,"audio_score":null}', 'format': 'dash'}], 'duration': 112569, 'play_addr_265': {'uri': 'v0300fg10000crd7n1fog65mmmk7mpfg', 'url_list': ['https://v5-dy-o-abtest.zjcdn.com/771f475fa1ed2ea9a549aba8e1fe8cbc/68f66e29/video/tos/cn/tos-cn-ve-15/ocHALlAteAgq8cOJAG7NqfC8MIBGLBrt1PQRea/?a=6383&ch=10010&cr=3&dr=0&lr=all&cd=0%7C0%7C0%7C3&cv=1&br=303&bt=303&cs=2&ds=6&ft=c2YTctGHQPRUZxfusdr~kwPqYldQIKDEE-TerrNqq_45a&mime_type=video_mp4&qs=11&rc=Z2VlaDozaTtoNTxmZzlmNEBpanM6cHA5cjQ6dTMzNGkzM0AuMDMyYGM2XzExLjNgLmAvYSNjamhqMmRja2FgLS1kLTBzcw%3D%3D&btag=80000e00028000&cquery=101r_100B_100H_100K_100o&dy_q=1760969609&feature_id=c6de0308cacfd993ef282c8e1c646267&l=20251020221329FF810B6B17C3D024C6A3', 'https://v5-dy-o-abtest.zjcdn.com/771f475fa1ed2ea9a549aba8e1fe8cbc/68f66e29/video/tos/cn/tos-cn-ve-15/ocHALlAteAgq8cOJAG7NqfC8MIBGLBrt1PQRea/?a=6383&ch=10010&cr=3&dr=0&lr=all&cd=0%7C0%7C0%7C3&cv=1&br=303&bt=303&cs=2&ds=6&ft=c2YTctGHQPRUZxfusdr~kwPqYldQIKDEE-TerrNqq_45a&mime_type=video_mp4&qs=11&rc=Z2VlaDozaTtoNTxmZzlmNEBpanM6cHA5cjQ6dTMzNGkzM0AuMDMyYGM2XzExLjNgLmAvYSNjamhqMmRja2FgLS1kLTBzcw%3D%3D&btag=80000e00028000&cquery=100o_101r_100B_100H_100K&dy_q=1760969609&feature_id=c6de0308cacfd993ef282c8e1c646267&l=20251020221329FF810B6B17C3D024C6A3', 'https://www.douyin.com/aweme/v1/play/?video_id=v0300fg10000crd7n1fog65mmmk7mpfg&line=0&file_id=21cc16cd6c19424eb89ff0c75e6b3b1d&sign=f9db6b1d752dfc21debc0fffa25ac775&is_play_url=1&source=PackSourceEnum_PUBLISH'], 'width': 576, 'height': 1024, 'url_key': 'v0300fg10000crd7n1fog65mmmk7mpfg_bytevc1_540p_310600', 'data_size': 4370498, 'file_hash': 'f9db6b1d752dfc21debc0fffa25ac775', 'file_cs': 'c:0-94113-1f91'}, 'bit_rate_audio': [{'audio_meta': {'url_list': {'main_url': 'https://v5-dy-o-abtest.zjcdn.com/f858b917861f48ce7f44c5d877e403f4/68f79579/video/tos/cn/tos-cn-ve-15/oQ1lgA2CnDAVDEgmD2FfABgIyTvAufIa9ADtAF/media-audio-und-mp4a/?a=6383&ch=0&cr=8&dr=0&er=1&lr=default&cd=0%7C0%7C0%7C3&cv=1&br=47&bt=47&cs=4&mime_type=video_mp4&qs=14&rc=PDdnNTs1ODs4PDQ7ZTNlN0BpanM6cHA5cjQ6dTMzNGkzM0A1XjZiNV41MWJjMDVeNi1eYSNjamhqMmRja2FgLS1kLTBzcw%3D%3D&btag=80000e00028000&cquery=101r_100o&dy_q=1760969609&l=20251020221329FF810B6B17C3D024C6A3', 'backup_url': 'https://v5-dy-o-abtest.zjcdn.com/f858b917861f48ce7f44c5d877e403f4/68f79579/video/tos/cn/tos-cn-ve-15/oQ1lgA2CnDAVDEgmD2FfABgIyTvAufIa9ADtAF/media-audio-und-mp4a/?a=6383&ch=0&cr=8&dr=0&er=1&lr=default&cd=0%7C0%7C0%7C3&cv=1&br=47&bt=47&cs=4&mime_type=video_mp4&qs=14&rc=PDdnNTs1ODs4PDQ7ZTNlN0BpanM6cHA5cjQ6dTMzNGkzM0A1XjZiNV41MWJjMDVeNi1eYSNjamhqMmRja2FgLS1kLTBzcw%3D%3D&btag=80000e00028000&cquery=100o_101r&dy_q=1760969609&l=20251020221329FF810B6B17C3D024C6A3', 'fallback_url': 'https://www.douyin.com/aweme/v1/play/dash/?video_id=v0300fg10000crd7n1fog65mmmk7mpfg&line=0&file_id=a40b90ab8831f9e54885a288e29da489&sign=a40b90ab8831f9e54885a288e29da489&is_play_url=1&source=PackSourceEnum_PUBLISH'}, 'encoded_type': 'normal', 'media_type': 'audio', 'logo_type': '', 'quality': 'adapt_lower', 'quality_desc': '', 'format': 'dash', 'bitrate': 48996, 'codec_type': 'bytevc1', 'size': 689425, 'fps': 0, 'file_id': 'a40b90ab8831f9e54885a288e29da489', 'file_hash': 'a40b90ab8831f9e54885a288e29da489', 'sub_info': '{"audio_channels":"2.0","audio_layout":"C","audio_sample_rate":"44100","base_range_info":{"index_range":"866-1113","init_range":"0-865"},"check_info":{"check_info":"a:v0300fg10000crd7n1fog65mmmk7mpfg|b:0-1113-e81e63763523decede961648231f3369|c:0-1113-52df"},"gear_des_key":"0:dash|1:normal|2:bytevc1|5:adapt_lower|10000:105"}'}, 'audio_quality': 5, 'audio_extra': '{"real_bitrate":276473}'}], 'play_addr_h264': {'uri': 'v0300fg10000crd7n1fog65mmmk7mpfg', 'url_list': ['https://v5-dy-o-abtest.zjcdn.com/cbb9695086d6d9fda1199d43416e3e2f/68f66e29/video/tos/cn/tos-cn-ve-15/oMDLcageQIlH81gBPeNBAGJCtIXqGt1eAA1L37/?a=6383&ch=10010&cr=3&dr=0&lr=all&cd=0%7C0%7C0%7C3&cv=1&br=1194&bt=1194&cs=0&ds=4&ft=c2YTctGHQPRUZxfusdr~kwPqYldQIKDEE-TerrNqq_45a&mime_type=video_mp4&qs=0&rc=ZzU2Z2c3OWg3aTQ3Ozw2OEBpanM6cHA5cjQ6dTMzNGkzM0A0X2FgY19jNjUxYi8vNTUzYSNjamhqMmRja2FgLS1kLTBzcw%3D%3D&btag=80000e00028000&cquery=100o_101r_100B_100H_100K&dy_q=1760969609&feature_id=46a7bb47b4fd1280f3d3825bf2b29388&l=20251020221329FF810B6B17C3D024C6A3', 'https://v5-dy-o-abtest.zjcdn.com/cbb9695086d6d9fda1199d43416e3e2f/68f66e29/video/tos/cn/tos-cn-ve-15/oMDLcageQIlH81gBPeNBAGJCtIXqGt1eAA1L37/?a=6383&ch=10010&cr=3&dr=0&lr=all&cd=0%7C0%7C0%7C3&cv=1&br=1194&bt=1194&cs=0&ds=4&ft=c2YTctGHQPRUZxfusdr~kwPqYldQIKDEE-TerrNqq_45a&mime_type=video_mp4&qs=0&rc=ZzU2Z2c3OWg3aTQ3Ozw2OEBpanM6cHA5cjQ6dTMzNGkzM0A0X2FgY19jNjUxYi8vNTUzYSNjamhqMmRja2FgLS1kLTBzcw%3D%3D&btag=80000e00028000&cquery=101r_100B_100H_100K_100o&dy_q=1760969609&feature_id=46a7bb47b4fd1280f3d3825bf2b29388&l=20251020221329FF810B6B17C3D024C6A3', 'https://www.douyin.com/aweme/v1/play/?video_id=v0300fg10000crd7n1fog65mmmk7mpfg&line=0&file_id=6583892824e14f849ef6b4fdcdd3b27d&sign=68d104ed7cb73690f49e9b4a3c278231&is_play_url=1&source=PackSourceEnum_PUBLISH'], 'width': 1080, 'height': 1920, 'url_key': 'v0300fg10000crd7n1fog65mmmk7mpfg_h264_1080p_1223657', 'data_size': 17218240, 'file_hash': '68d104ed7cb73690f49e9b4a3c278231', 'file_cs': 'c:0-93930-887c|a:v0300fg10000crd7n1fog65mmmk7mpfg'}, 'raw_cover': {'uri': 'tos-cn-i-dy/53bb83447de746d1bb19f2ca414436af', 'url_list': ['https://p3-pc-sign.douyinpic.com/tos-cn-i-dy/53bb83447de746d1bb19f2ca414436af~tplv-dy-cropcenter:323:430.jpeg?lk3s=138a59ce&x-expires=2076328800&x-signature=w2Lq3jCRFAXXhR2cLK%2BS%2FjlW3I4%3D&from=327834062&s=PackSourceEnum_PUBLISH&se=true&sh=323_430&sc=cover&biz_tag=pcweb_cover&l=20251020221329FF810B6B17C3D024C6A3', 'https://p3-pc-sign.douyinpic.com/obj/tos-cn-i-dy/53bb83447de746d1bb19f2ca414436af?lk3s=138a59ce&x-expires=2076328800&x-signature=D2DD9zkDluSm1ou93%2F0UEEF41Nk%3D&from=327834062&s=PackSourceEnum_PUBLISH&se=false&sc=cover&biz_tag=pcweb_cover&l=20251020221329FF810B6B17C3D024C6A3'], 'width': 720, 'height': 720}, 'is_long_video': 1, 'animated_cover': {'uri': 'tos-cn-i-dy/53bb83447de746d1bb19f2ca414436af', 'url_list': ['https://p3-pc-sign.douyinpic.com/obj/tos-cn-i-dy/53bb83447de746d1bb19f2ca414436af?lk3s=138a59ce&x-expires=1762178400&x-signature=QNGfrN0w2%2Fe2MNdJ0s14wSaHGwY%3D&from=327834062_large&s=PackSourceEnum_PUBLISH&se=false&sc=dynamic_cover&biz_tag=pcweb_cover&l=20251020221329FF810B6B17C3D024C6A3', 'https://p9-pc-sign.douyinpic.com/obj/tos-cn-i-dy/53bb83447de746d1bb19f2ca414436af?lk3s=138a59ce&x-expires=1762178400&x-signature=dYU50153wgPqVarBlPMfTSgQFHo%3D&from=327834062_large&s=PackSourceEnum_PUBLISH&se=false&sc=dynamic_cover&biz_tag=pcweb_cover&l=20251020221329FF810B6B17C3D024C6A3']}, 'gaussian_cover': {'uri': 'tos-cn-p-0015/oYClAeltvLeo1BPDgNIGa7e8gaKPAcHqBG0Lt7', 'url_list': ['https://p3-pc-sign.douyinpic.com/tos-cn-p-0015/oYClAeltvLeo1BPDgNIGa7e8gaKPAcHqBG0Lt7~tplv-tsj2vxp0zn-gaosi:40.jpeg?lk3s=138a59ce&x-expires=1792504800&x-signature=24jMfB73IwcIFw%2BnCOqXn%2BWXCuw%3D&from=327834062', 'https://p9-pc-sign.douyinpic.com/tos-cn-p-0015/oYClAeltvLeo1BPDgNIGa7e8gaKPAcHqBG0Lt7~tplv-tsj2vxp0zn-gaosi:40.jpeg?lk3s=138a59ce&x-expires=1792504800&x-signature=EVi5ptefehXkIvB1OmyTbf8ludg%3D&from=327834062'], 'width': 720, 'height': 720}, 'meta': '{"bright_ratio_mean":"0.0769","brightness_mean":"117.1615","diff_overexposure_ratio":"0.0058","enable_manual_ladder":"1","format":"mp4","gear_vqm":"{\\"1080p_720p\\":2,\\"720p_540p\\":0}","hrids":"500000002","is_spatial_video":"0","isad":"0","loudness":"-23.8","overexposure_ratio_mean":"0.0258","peak":"1","qprf":"1.000","sdgs":"[\\"normal_1080_0\\",\\"normal_720_0\\",\\"low_720_0\\",\\"low_540_0\\",\\"adapt_low_540_0\\",\\"adapt_lowest_1080_1\\",\\"adapt_lowest_720_1\\",\\"adapt_540_1\\",\\"adapt_lower_540_1\\"]","sr_potential":"{\\"v1.0\\":{\\"score\\":46.253}}","sr_score":"1.000","std_brightness":"6.8827","strategy_tokens":"[\\"online\\",\\"strategy_iteration_ab02_0809\\",\\"strategy_iteration_ab01_0809\\"]","title_info":"{\\"bottom_res_add\\":[2.5,4.73,54.5,82.72,41.78,52.14,42.5,6.96,0.36,1.36,0,0,0,0,0],\\"bullet_zone\\":16.01,\\"progress_bar\\":[47.72,48.29,48.82],\\"ratio_br_l\\":[0,0,0,0,0,0],\\"ratio_edge_l\\":[0.52,0.61,0.7,0.74,0.77,0.79],\\"top_res_add\\":[0,0,9.64,77,66.82,23.36,7.55],\\"version\\":\\"v1.0\\"}","volume_info":"{\\"Loudness\\":-23.8,\\"LoudnessRangeStart\\":-29.8,\\"MaximumMomentaryLoudness\\":-10.3,\\"Version\\":2,\\"LoudnessRange\\":8.8,\\"LoudnessRangeEnd\\":-21,\\"MaximumShortTermLoudness\\":-16.8,\\"Metrics\\":{\\"Loudness\\":{\\"Integrated\\":-23.816},\\"Phase\\":{\\"RMSDownmixDiff\\":-0.146},\\"RMSStats\\":{\\"LRDiff\\":0.052,\\"LTotal\\":-27.335,\\"Peak\\":-0.021,\\"RTotal\\":-27.387},\\"Version\\":\\"1.4.2\\"},\\"Peak\\":1}","vqs_origin":"0"}', 'video_model': '', 'is_source_HDR': 0, 'use_static_cover': True, 'big_thumbs': [{'img_num': 113, 'uri': 'tos-cn-p-0015/ok2LcaP8gIlHwQ7BP9NB0G4CtgeqGt8eAA1Le7', 'img_url': 'https://p3-sign.douyinpic.com/tos-cn-p-0015/ok2LcaP8gIlHwQ7BP9NB0G4CtgeqGt8eAA1Le7~tplv-noop.image?cquery=100H_100K_100o_101r_100B&dy_q=1760969609&l=20251020221329FF810B6B17C3D024C6A3&x-expires=1760980521&x-signature=l%2B8mmHBMdPoYop6lbejicLWcEPA%3D', 'img_x_size': 136, 'img_y_size': 240, 'img_x_len': 5, 'img_y_len': 5, 'duration': 112.53333, 'interval': 1, 'fext': 'jpg', 'uris': ['tos-cn-p-0015/ok2LcaP8gIlHwQ7BP9NB0G4CtgeqGt8eAA1Le7', 'tos-cn-p-0015/oIcgQeG7YBZP1mGtB6ALlt89QeeHNLICqHca0A', 'tos-cn-p-0015/oEQGNtHaOHLPBCe1EZcB2tpAIOG80l3QqAeL7e', 'tos-cn-p-0015/oY20eHAQILGAtGwLPeCqON9cay1B7BHxQF4let', 'tos-cn-p-0015/oo7CcLBbIqLeeat18N7rA8G08kgBgvtHGPelIA'], 'img_urls': ['https://p3-sign.douyinpic.com/tos-cn-p-0015/ok2LcaP8gIlHwQ7BP9NB0G4CtgeqGt8eAA1Le7~tplv-noop.image?cquery=100H_100K_100o_101r_100B&dy_q=1760969609&l=20251020221329FF810B6B17C3D024C6A3&x-expires=1760980521&x-signature=l%2B8mmHBMdPoYop6lbejicLWcEPA%3D', 'https://p3-sign.douyinpic.com/tos-cn-p-0015/oIcgQeG7YBZP1mGtB6ALlt89QeeHNLICqHca0A~tplv-noop.image?cquery=100o_101r_100B_100H_100K&dy_q=1760969609&l=20251020221329FF810B6B17C3D024C6A3&x-expires=1760980521&x-signature=JVnyA8Dce5DyeOhzpUIIzxaVnyA%3D', 'https://p3-sign.douyinpic.com/tos-cn-p-0015/oEQGNtHaOHLPBCe1EZcB2tpAIOG80l3QqAeL7e~tplv-noop.image?cquery=101r_100B_100H_100K_100o&dy_q=1760969609&l=20251020221329FF810B6B17C3D024C6A3&x-expires=1760980521&x-signature=c60XX435vTpdkCA7I6okDkZc50s%3D', 'https://p3-sign.douyinpic.com/tos-cn-p-0015/oY20eHAQILGAtGwLPeCqON9cay1B7BHxQF4let~tplv-noop.image?cquery=100K_100o_101r_100B_100H&dy_q=1760969609&l=20251020221329FF810B6B17C3D024C6A3&x-expires=1760980521&x-signature=NJFTBVGNO8O%2Ft3sTIX%2FKPLBKZ7w%3D', 'https://p3-sign.douyinpic.com/tos-cn-p-0015/oo7CcLBbIqLeeat18N7rA8G08kgBgvtHGPelIA~tplv-noop.image?cquery=101r_100B_100H_100K_100o&dy_q=1760969609&l=20251020221329FF810B6B17C3D024C6A3&x-expires=1760980521&x-signature=Z9UZXVzPEF%2Bg8sGWcC3qswxq4fM%3D']}]}, 'item_aigc_follow_shot': 1, 'user_digged': 0, 'statistics': {'recommend_count': 6, 'comment_count': 8, 'digg_count': 350, 'admire_count': 0, 'play_count': 0, 'share_count': 86, 'collect_count': 198}, 'status': {'not_allow_soft_del_reason': 'ab', 'is_delete': False, 'allow_share': True, 'review_result': {'review_status': 0}, 'allow_friend_recommend_guide': True, 'part_see': 0, 'private_status': 0, 'listen_video_status': 2, 'in_reviewing': False, 'allow_self_recommend_to_friend': True, 'allow_friend_recommend': True, 'is_prohibited': False, 'enable_soft_delete': 0}, 'ent_log_extra': {'log_extra': '{"global_log_extra":null,"page_log_extra":null,"aweme_log_extra":{"ce_current_group_id":"7411372051270847778","author_id":"1965574329213736"},"extra_log_extra":null}'}, 'text_extra': [{'start': 13, 'end': 18, 'type': 1, 'hashtag_name': '父母课堂', 'hashtag_id': '1600624540786695', 'is_commerce': False, 'caption_start': 13, 'caption_end': 18}, {'start': 20, 'end': 25, 'type': 1, 'hashtag_name': '幼儿教育', 'hashtag_id': '1591352385275918', 'is_commerce': False, 'caption_start': 20, 'caption_end': 25}, {'start': 27, 'end': 32, 'type': 1, 'hashtag_name': '亲子关系', 'hashtag_id': '1595199377513476', 'is_commerce': False, 'caption_start': 27, 'caption_end': 32}, {'start': 34, 'end': 37, 'type': 1, 'hashtag_name': '育儿', 'hashtag_id': '1767586940916743', 'is_commerce': False, 'caption_start': 34, 'caption_end': 37}, {'start': 39, 'end': 44, 'type': 1, 'hashtag_name': '家庭教育', 'hashtag_id': '1767586804947975', 'is_commerce': False, 'caption_start': 39, 'caption_end': 44}], 'is_top': 0, 'publish_plus_alienation': {'alienation_type': 0}, 'share_info': {'share_url': 'https://www.iesdouyin.com/share/video/7411372051270847778/?region=US&mid=7411372056807344923&u_code=0&did=MS4wLjABAAAAvCMmrvAxedjvycgJ9K0iX5KdtDHpyq-etIWoeicy6xniB0XMxRYv3S-CyP_GdsPs&iid=MS4wLjABAAAANwkJuWIRFOzg5uCpDRpMj4OX-QryoDgn-yYlXQnRwQQ&with_sec_did=1&video_share_track_ver=&titleType=title&share_sign=zJyyLfyF3zZAual5eNoZ4EFGXsUcqLTY2EK_IdXmI7U-&share_version=290100&ts=1760969609&from_aid=6383&from_ssr=1&share_track_info=%7B%22link_description_type%22%3A%22%22%7D', 'share_link_desc': '7.92 i@p.Qk 12/17 Ago:/ 儿童之间的冲突如何解决？ # 父母课堂 # 幼儿教育 # 亲子关系 # 育儿 # 家庭教育  %s 复制此链接，打开Dou音搜索，直接观看视频！'}, 'nearby_hot_comment': None, 'video_labels': None, 'entertainment_video_type': 3, 'is_ads': False, 'duration': 112569, 'aweme_type': 0, 'select_anchor_expanded_content': 0, 'ai_follow_images': None, 'image_infos': None, 'risk_infos': {'vote': False, 'warn': False, 'risk_sink': False, 'type': 0, 'content': ''}, 'entertainment_video_paid_way': {'paid_ways': [], 'paid_type': 0, 'enable_use_new_ent_data': False}, 'flash_mob_trends': 0, 'position': None, 'uniqid_position': None, 'comment_list': None, 'author_user_id': 1965574329213736, 'product_genre_info': {'product_genre_type': 2, 'material_genre_sub_type_set': [4], 'special_info': {'recommend_group_name': 0}}, 'geofencing': [], 'series_basic_info': {}, 'is_moment_history': 0, 'region': '', 'video_text': None, 'is_24_story': 0, 'collect_stat': 0, 'label_top_text': None, 'promotions': [], 'group_id': '7411372051270847778', 'prevent_download': False, 'nickname_position': None, 'challenge_position': None, 'shoot_way': '', 'video_share_edit_status': 0, 'friend_recommend_info': {'friend_recommend_source': 10, 'label_user_list': None, 'disable_friend_recommend_guide_label': False}, 'long_video': None, 'trends_event_track': '{}', 'aweme_listen_struct': {'trace_info': '{"copyright_not_speech":"false","copyright_reason":"has_listen_cp_new","copyright_tag_hit":"","copyright_use_aed_default":"false","copyright_use_tag_default":"false","cp_ab":"true","desc":"","duration_over":"false","hit_high_risk":"false","media_type":"4","reason":"hit_ab_0","show":"false"}'}, 'enable_comment_sticker_rec': False, 'follow_shoot_clip_info': {'clip_video_all': 7411372056807344923, 'clip_from_user': 7411372056807344923}, 'interaction_stickers': None, 'mv_info': None, 'origin_comment_ids': None, 'commerce_config_data': None, 'caption_template_id': 0, 'video_control': {'allow_download': False, 'share_type': 0, 'show_progress_bar': 1, 'draft_progress_bar': 1, 'allow_duet': True, 'allow_react': False, 'prevent_download_type': 2, 'allow_dynamic_wallpaper': False, 'timer_status': 1, 'allow_music': True, 'allow_stitch': False, 'allow_douplus': True, 'allow_share': True, 'share_grayed': False, 'download_ignore_visibility': False, 'duet_ignore_visibility': False, 'share_ignore_visibility': False, 'download_info': {'level': 1, 'fail_info': {'code': 290002, 'reason': 'isolation_content', 'msg': '视频暂时无法保存，链接已复制'}}, 'duet_info': {'level': 0}, 'allow_record': True, 'disable_record_reason': '', 'timer_info': {}}, 'aweme_control': {'can_forward': True, 'can_share': True, 'can_comment': True, 'can_show_comment': True}, 'douplus_user_type': 0, 'is_25_story': 0, 'origin_duet_resource_uri': '', 'is_moment_story': 0, 'anchors': None, 'hybrid_label': None, 'geofencing_regions': None, 'interest_points': None, 'aweme_acl': {'download_mask_panel': {'code': 1, 'show_type': 0}}, 'personal_page_botton_diagnose_style': 0, 'is_story': 0, 'game_tag_info': {'is_game': False}, 'chapter_bar_color': None, 'follow_shot_assets': None, 'cover_labels': None, 'is_new_text_mode': 0, 'can_cache_to_local': True, 'guide_btn_type': 0, 'is_from_ad_auth': False, 'aweme_type_tags': '', 'images': None, 'relation_labels': None, 'cf_assets_type': 0, 'impression_data': {'group_id_list_a': [], 'group_id_list_b': [], 'similar_id_list_a': None, 'similar_id_list_b': None, 'group_id_list_c': [], 'group_id_list_d': []}, 'component_control': {'data_source_url': '/aweme/v1/web/aweme/post/'}, 'trends_infos': None, 'libfinsert_task_id': '', 'social_tag_list': None, 'suggest_words': {'suggest_words': [{'words': [{'word': '孙瑞雪', 'word_id': '6574011292313507076', 'info': '{"End":0,"Start":0,"ecpm_boost_tag":false,"log_pb":"","qrec_for_search":"{}"}'}], 'scene': 'detail_inbox_rex', 'icon_url': '', 'hint_text': '', 'extra_info': '{"resp_from":"hit_cache"}'}]}, 'show_follow_button': {}, 'duet_aggregate_in_music_tab': False, 'is_duet_sing': False, 'comment_permission_info': {'comment_permission_status': 0, 'can_comment': True, 'item_detail_entry': False, 'press_entry': False, 'toast_guide': False}, 'original_images': None, 'series_paid_info': {'series_paid_status': 0, 'item_price': 0}, 'img_bitrate': None, 'comment_gid': 7411372051270847778, 'image_album_music_info': {'begin_time': -1, 'end_time': -1, 'volume': -1}, 'video_tag': [{'tag_id': 2024, 'tag_name': '亲子', 'level': 1}, {'tag_id': 2024006, 'tag_name': '母婴', 'level': 2}, {'tag_id': 2024006003, 'tag_name': '育儿知识', 'level': 3}], 'is_collects_selected': 0, 'chapter_list': None, 'feed_comment_config': {'input_config_text': '善语结善缘，恶言伤人心', 'author_audit_status': 0, 'common_flags': '{"hashtag":"[{\\"name\\":\\"幼儿教育\\",\\"id\\":1591352385275918},{\\"name\\":\\"亲子关系\\",\\"id\\":1595199377513476},{\\"name\\":\\"育儿\\",\\"id\\":1767586940916743},{\\"name\\":\\"家庭教育\\",\\"id\\":1767586804947975},{\\"name\\":\\"父母课堂\\",\\"id\\":1600624540786695}]","item_author_nickname":"孙瑞雪聊教育","video_labels_v2_tag1":"母婴","video_labels_v2_tag2":"育儿理念"}'}, 'is_image_beat': False, 'dislike_dimension_list': None, 'standard_bar_info_list': None, 'photo_search_entrance': {'ecom_type': 0}, 'is_life_item': False, 'image_list': None, 'component_info_v2': '{"desc_lines_limit":0,"hide_marquee":false}', 'item_warn_notification': {'type': 0, 'show': False, 'content': ''}, 'origin_text_extra': None, 'disable_relation_bar': 0, 'packed_clips': None, 'author_mask_tag': 0, 'user_recommend_status': 1, 'collection_corner_mark': 0, 'is_share_post': False, 'image_comment': {}, 'visual_search_info': {'is_show_img_entrance': False, 'is_ecom_img': False, 'is_high_accuracy_ecom': False, 'is_high_recall_ecom': False}, 'tts_id_list': None, 'ref_tts_id_list': None, 'voice_modify_id_list': None, 'ref_voice_modify_id_list': None, 'authentication_token': 'MS4wLjAAAAAAckVte26y46bHZRM8etHtEl_gZEY4MBhGEzB6NfBuJdxOiygaZIhQrzbNORvP_ea1GSTnuEjZTG6dtS1_2FQFBvhDyod4Wfkt8TJSRTs5ZHwksZU7RkqB1qZSk83znsd-cqACgQQUxR1Fuj_viM2Z1BI1bN4TcNOhF_SwmUoM4O4LFL_VwdrYQe-psussOzrVDVUur3UVId7wQXeBe6sIgPXxiQvZPn9aLeiyfDUMTLAI8dG9yMtNbcdfSxbxtv1I', 'video_game_data_channel_config': {}, 'dislike_dimension_list_v2': None, 'distribute_circle': {'distribute_type': 0, 'campus_block_interaction': False, 'is_campus': False}, 'image_crop_ctrl': 0, 'yumme_recreason': None, 'slides_music_beats': None, 'jump_tab_info_list': None, 'media_type': 4, 'reply_smart_emojis': None, 'activity_video_type': -1, 'boost_status': 0, 'create_scale_type': None, 'entertainment_product_info': {'sub_title': None, 'market_info': {'limit_free': {'in_free': False}, 'marketing_tag': None}}, 'caption': '儿童之间的冲突如何解决？ #父母课堂  #幼儿教育  #亲子关系  #育儿  #家庭教育', 'item_title': '', 'is_use_music': False, 'original': 0, 'xigua_base_info': {'status': 0, 'star_altar_order_id': 0, 'star_altar_type': 0, 'item_id': 0}, 'mark_largely_following': False}, {'aweme_id': '7411371820026187060', 'desc': '对零至六岁儿童来说“奖惩无用” #父母课堂  #幼儿教育  #亲子关系  #育儿  ##家庭教育', 'create_time': 1725699600, 'author': {'uid': '1965574329213736', 'card_entries_not_display': None, 'nickname': '孙瑞雪聊教育', 'personal_tag_list': None, 'homepage_bottom_toast': None, 'avatar_thumb': {'uri': '100x100/aweme-avatar/tos-cn-avt-0015_afee5b125df955a19af4c41159ad1295', 'url_list': ['https://p3-pc.douyinpic.com/aweme/100x100/aweme-avatar/tos-cn-avt-0015_afee5b125df955a19af4c41159ad1295.jpeg?from=327834062'], 'width': 720, 'height': 720}, 'batch_unfollow_contain_tabs': None, 'not_seen_item_id_list': None, 'follow_status': 0, 'contrail_list': None, 'story_interactive': 0, 'data_label_list': None, 'custom_verify': '', 'follower_list_secondary_information_struct': None, 'display_info': None, 'interest_tags': None, 'account_cert_info': '{}', 'user_tags': None, 'share_info': {'share_url': '', 'share_weibo_desc': '', 'share_desc': '', 'share_title': '', 'share_qrcode_url': {'uri': '31b0500316c4e154852bc', 'url_list': ['https://p3-pc-sign.douyinpic.com/obj/31b0500316c4e154852bc?lk3s=138a59ce&x-expires=1760990400&x-signature=VnOegD8kfOkclbkCT%2BIUAVSkQl4%3D&from=327834062'], 'width': 720, 'height': 720}, 'share_title_myself': '', 'share_title_other': '', 'share_desc_info': ''}, 'can_set_geofencing': None, 'sec_uid': 'MS4wLjABAAAAnAFnkWlOm9jteymsi42fanYLMzfbqdGIwCILEUqDNmFyjfK9N8fSJdS_D2UWk_we', 'need_points': None, 'enterprise_verify_reason': '', 'is_ad_fake': False, 'story_ttl': 0, 'user_permissions': None, 'card_entries': None, 'creator_tag_list': None, 'offline_info_list': None, 'text_extra': None, 'card_sort_priority': None, 'prevent_download': False, 'special_people_labels': None, 'white_cover_url': None, 'endorsement_info_list': None, 'follower_status': 0, 'profile_mob_params': None, 'familiar_visitor_user': None, 'avatar_schema_list': None, 'cover_url': [{'uri': 'c8510002be9a3a61aad2', 'url_list': ['https://p3-pc-sign.douyinpic.com/obj/c8510002be9a3a61aad2?lk3s=138a59ce&x-expires=1762178400&x-signature=bEz6E0nbTH1458RtDsUU87G74Mk%3D&from=327834062'], 'width': 720, 'height': 720}], 'cf_list': None, 'im_role_ids': None, 'not_seen_item_id_list_v2': None, 'signature_extra': None, 'risk_notice_text': '', 'ban_user_functions': None, 'profile_component_disabled': None, 'verification_permission_ids': None, 'identity_labels': None, 'private_relation_list': None, 'link_item_list': None, 'batch_unfollow_relation_desc': None}, 'music': {'id': 7411370984684456756, 'id_str': '7411370984684456756', 'title': '@孙瑞雪聊教育创作的原声', 'author': '孙瑞雪聊教育', 'album': '', 'cover_hd': {'uri': '1080x1080/aweme-avatar/tos-cn-avt-0015_afee5b125df955a19af4c41159ad1295', 'url_list': ['https://p3-pc.douyinpic.com/aweme/1080x1080/aweme-avatar/tos-cn-avt-0015_afee5b125df955a19af4c41159ad1295.jpeg?from=327834062'], 'width': 720, 'height': 720}, 'cover_large': {'uri': '1080x1080/aweme-avatar/tos-cn-avt-0015_afee5b125df955a19af4c41159ad1295', 'url_list': ['https://p3-pc.douyinpic.com/aweme/1080x1080/aweme-avatar/tos-cn-avt-0015_afee5b125df955a19af4c41159ad1295.jpeg?from=327834062'], 'width': 720, 'height': 720}, 'cover_medium': {'uri': '720x720/aweme-avatar/tos-cn-avt-0015_afee5b125df955a19af4c41159ad1295', 'url_list': ['https://p3-pc.douyinpic.com/aweme/720x720/aweme-avatar/tos-cn-avt-0015_afee5b125df955a19af4c41159ad1295.jpeg?from=327834062'], 'width': 720, 'height': 720}, 'cover_thumb': {'uri': '100x100/aweme-avatar/tos-cn-avt-0015_afee5b125df955a19af4c41159ad1295', 'url_list': ['https://p3-pc.douyinpic.com/aweme/100x100/aweme-avatar/tos-cn-avt-0015_afee5b125df955a19af4c41159ad1295.jpeg?from=327834062'], 'width': 720, 'height': 720}, 'play_url': {'uri': 'https://lf26-music-east.douyinstatic.com/obj/ies-music-hj/7411371916004559673.mp3', 'url_list': ['https://lf26-music-east.douyinstatic.com/obj/ies-music-hj/7411371916004559673.mp3', 'https://lf9-music-east.douyinstatic.com/obj/ies-music-hj/7411371916004559673.mp3'], 'width': 720, 'height': 720, 'url_key': '7411370984684456756'}, 'schema_url': '', 'source_platform': 23, 'start_time': 0, 'end_time': 0, 'duration': 72, 'extra': '{"aed_music_score":0,"aed_singing_score":0.05,"aggregate_exempt_conf":[],"beats":{},"cover_colors":null,"douyin_beats_info":{},"dsp_switch":0,"extract_item_id":7411371820026187060,"has_edited":0,"hit_high_follow_auto":false,"hit_high_follow_extend":false,"hit_high_follow_original":false,"hotsoon_review_time":-1,"is_aed_music":0,"is_high_follow_user":false,"is_red":0,"is_subsidy_exp":false,"music_label_id":null,"music_tagging":{"AEDs":null,"Genres":null,"Instruments":null,"Languages":null,"Moods":null,"SingingVersions":null,"Themes":null},"review_unshelve_reason":0,"reviewed":0,"schedule_search_time":0,"uniqa_speech_score":0.95,"with_aed_model":1}', 'user_count': 0, 'position': None, 'collect_stat': 0, 'status': 1, 'offline_desc': '', 'owner_id': '1965574329213736', 'owner_nickname': '孙瑞雪聊教育', 'is_original': False, 'mid': '7411370984684456756', 'binded_challenge_id': 0, 'redirect': False, 'is_restricted': False, 'author_deleted': False, 'is_del_video': False, 'is_video_self_see': False, 'owner_handle': '63566855132', 'author_position': None, 'prevent_download': False, 'unshelve_countries': None, 'prevent_item_download_status': 0, 'external_song_info': [], 'sec_uid': 'MS4wLjABAAAAnAFnkWlOm9jteymsi42fanYLMzfbqdGIwCILEUqDNmFyjfK9N8fSJdS_D2UWk_we', 'avatar_thumb': {'uri': '100x100/aweme-avatar/tos-cn-avt-0015_afee5b125df955a19af4c41159ad1295', 'url_list': ['https://p3-pc.douyinpic.com/aweme/100x100/aweme-avatar/tos-cn-avt-0015_afee5b125df955a19af4c41159ad1295.jpeg?from=327834062'], 'width': 720, 'height': 720}, 'avatar_medium': {'uri': '720x720/aweme-avatar/tos-cn-avt-0015_afee5b125df955a19af4c41159ad1295', 'url_list': ['https://p3-pc.douyinpic.com/aweme/720x720/aweme-avatar/tos-cn-avt-0015_afee5b125df955a19af4c41159ad1295.jpeg?from=327834062'], 'width': 720, 'height': 720}, 'avatar_large': {'uri': '1080x1080/aweme-avatar/tos-cn-avt-0015_afee5b125df955a19af4c41159ad1295', 'url_list': ['https://p3-pc.douyinpic.com/aweme/1080x1080/aweme-avatar/tos-cn-avt-0015_afee5b125df955a19af4c41159ad1295.jpeg?from=327834062'], 'width': 720, 'height': 720}, 'preview_start_time': 0, 'preview_end_time': 0, 'is_commerce_music': False, 'is_original_sound': True, 'audition_duration': 72, 'shoot_duration': 72, 'reason_type': 0, 'artists': [], 'lyric_short_position': None, 'mute_share': False, 'tag_list': None, 'dmv_auto_show': False, 'is_pgc': False, 'is_matched_metadata': False, 'is_audio_url_with_cookie': False, 'music_chart_ranks': None, 'can_background_play': True, 'music_status': 1, 'video_duration': 72, 'pgc_music_type': 2, 'author_status': 1, 'search_impr': {'entity_id': '7411370984684456756'}, 'artist_user_infos': None, 'dsp_status': 10, 'musician_user_infos': None, 'music_collect_count': 0, 'music_cover_atmosphere_color_value': '', 'show_origin_clip': False}, 'effect_inflow_effects': None, 'video': {'play_addr': {'uri': 'v0200fg10000crd7mfvog65nhfenkatg', 'url_list': ['https://v5-dy-o-abtest.zjcdn.com/282982f6917749abe76e0c09a33ae7c5/68f66e01/video/tos/cn/tos-cn-ve-0015c800/oY1dfKg2fAIzAsjnQB9m9bB7PiACiAz6inIES3/?a=6383&ch=10010&cr=3&dr=0&lr=all&cd=0%7C0%7C0%7C3&cv=1&br=990&bt=990&cs=0&ds=4&ft=c2YTctGHQPRUZxfusdr~kwPqYldQIKDEE-TerrNqq_45a&mime_type=video_mp4&qs=0&rc=Mzg5OTgzOTg6NWQ0ODs7M0BpamRxaXE5cmk6dTMzNGkzM0AyNGBfXjY2NWMxYjU0XjAwYSNxaGJlMmRzamFgLS1kLS9zcw%3D%3D&btag=80000e00028000&cquery=100o_101r_100B_100H_100K&dy_q=1760969609&feature_id=46a7bb47b4fd1280f3d3825bf2b29388&l=20251020221329FF810B6B17C3D024C6A3', 'https://v5-dy-o-abtest.zjcdn.com/282982f6917749abe76e0c09a33ae7c5/68f66e01/video/tos/cn/tos-cn-ve-0015c800/oY1dfKg2fAIzAsjnQB9m9bB7PiACiAz6inIES3/?a=6383&ch=10010&cr=3&dr=0&lr=all&cd=0%7C0%7C0%7C3&cv=1&br=990&bt=990&cs=0&ds=4&ft=c2YTctGHQPRUZxfusdr~kwPqYldQIKDEE-TerrNqq_45a&mime_type=video_mp4&qs=0&rc=Mzg5OTgzOTg6NWQ0ODs7M0BpamRxaXE5cmk6dTMzNGkzM0AyNGBfXjY2NWMxYjU0XjAwYSNxaGJlMmRzamFgLS1kLS9zcw%3D%3D&btag=80000e00028000&cquery=101r_100B_100H_100K_100o&dy_q=1760969609&feature_id=46a7bb47b4fd1280f3d3825bf2b29388&l=20251020221329FF810B6B17C3D024C6A3', 'https://www.douyin.com/aweme/v1/play/?video_id=v0200fg10000crd7mfvog65nhfenkatg&line=0&file_id=3038a87581ea42f7859690a5b6c67550&sign=23b02d8df541f93a29d1badd7cb794bb&is_play_url=1&source=PackSourceEnum_PUBLISH'], 'width': 1080, 'height': 1920, 'url_key': 'v0200fg10000crd7mfvog65nhfenkatg_h264_1080p_1014060', 'data_size': 9233018, 'file_hash': '23b02d8df541f93a29d1badd7cb794bb', 'file_cs': 'c:0-61314-b3b1|a:v0200fg10000crd7mfvog65nhfenkatg'}, 'cover': {'uri': 'tos-cn-i-dy/7077469d0ea34f0b978c7df782fb5316', 'url_list': ['https://p3-pc-sign.douyinpic.com/tos-cn-i-dy/7077469d0ea34f0b978c7df782fb5316~tplv-dy-cropcenter:323:430.jpeg?lk3s=138a59ce&x-expires=2076328800&x-signature=CGjscMC8GXsCsTcpwwyacMBSWtc%3D&from=327834062&s=PackSourceEnum_PUBLISH&se=true&sh=323_430&sc=cover&biz_tag=pcweb_cover&l=20251020221329FF810B6B17C3D024C6A3', 'https://p3-pc-sign.douyinpic.com/obj/tos-cn-i-dy/7077469d0ea34f0b978c7df782fb5316?lk3s=138a59ce&x-expires=2076328800&x-signature=52J3S9jf5TDksbUDMaCJ2GnKJoI%3D&from=327834062&s=PackSourceEnum_PUBLISH&se=false&sc=cover&biz_tag=pcweb_cover&l=20251020221329FF810B6B17C3D024C6A3'], 'width': 720, 'height': 720}, 'height': 1920, 'width': 1080, 'dynamic_cover': {'uri': 'tos-cn-i-dy/7077469d0ea34f0b978c7df782fb5316', 'url_list': ['https://p3-pc-sign.douyinpic.com/obj/tos-cn-i-dy/7077469d0ea34f0b978c7df782fb5316?lk3s=138a59ce&x-expires=1762178400&x-signature=s8fGzKDaGDpD%2BziuDYz8SdzvSOQ%3D&from=327834062_large&s=PackSourceEnum_PUBLISH&se=false&sc=dynamic_cover&biz_tag=pcweb_cover&l=20251020221329FF810B6B17C3D024C6A3', 'https://p9-pc-sign.douyinpic.com/obj/tos-cn-i-dy/7077469d0ea34f0b978c7df782fb5316?lk3s=138a59ce&x-expires=1762178400&x-signature=KFnzOVcGCnTnGxqH%2BVgs2ObxZcw%3D&from=327834062_large&s=PackSourceEnum_PUBLISH&se=false&sc=dynamic_cover&biz_tag=pcweb_cover&l=20251020221329FF810B6B17C3D024C6A3'], 'width': 720, 'height': 720}, 'origin_cover': {'uri': 'tos-cn-p-0015/ogesMQAXgL2Do2H3gI0orQWn30sneE8ee5Aizf', 'url_list': ['https://p3-pc-sign.douyinpic.com/tos-cn-p-0015/ogesMQAXgL2Do2H3gI0orQWn30sneE8ee5Aizf~tplv-dy-360p.jpeg?lk3s=138a59ce&x-expires=1762178400&x-signature=JCLUjNiA%2FblUhP%2BzHzCv05w%2B%2BoI%3D&from=327834062&s=PackSourceEnum_PUBLISH&se=false&sc=origin_cover&biz_tag=pcweb_cover&l=20251020221329FF810B6B17C3D024C6A3', 'https://p9-pc-sign.douyinpic.com/tos-cn-p-0015/ogesMQAXgL2Do2H3gI0orQWn30sneE8ee5Aizf~tplv-dy-360p.jpeg?lk3s=138a59ce&x-expires=1762178400&x-signature=T4ceQjsXk%2Bhr8aSMhy%2BOMTnpzAk%3D&from=327834062&s=PackSourceEnum_PUBLISH&se=false&sc=origin_cover&biz_tag=pcweb_cover&l=20251020221329FF810B6B17C3D024C6A3'], 'width': 360, 'height': 640}, 'ratio': '1080p', 'format': 'mp4', 'audio': {'original_sound_infos': None}, 'bit_rate': [{'gear_name': 'normal_1080_0', 'quality_type': 1, 'bit_rate': 1014060, 'play_addr': {'uri': 'v0200fg10000crd7mfvog65nhfenkatg', 'url_list': ['https://v5-dy-o-abtest.zjcdn.com/282982f6917749abe76e0c09a33ae7c5/68f66e01/video/tos/cn/tos-cn-ve-0015c800/oY1dfKg2fAIzAsjnQB9m9bB7PiACiAz6inIES3/?a=6383&ch=10010&cr=3&dr=0&lr=all&cd=0%7C0%7C0%7C3&cv=1&br=990&bt=990&cs=0&ds=4&ft=c2YTctGHQPRUZxfusdr~kwPqYldQIKDEE-TerrNqq_45a&mime_type=video_mp4&qs=0&rc=Mzg5OTgzOTg6NWQ0ODs7M0BpamRxaXE5cmk6dTMzNGkzM0AyNGBfXjY2NWMxYjU0XjAwYSNxaGJlMmRzamFgLS1kLS9zcw%3D%3D&btag=80000e00028000&cquery=100o_101r_100B_100H_100K&dy_q=1760969609&feature_id=46a7bb47b4fd1280f3d3825bf2b29388&l=20251020221329FF810B6B17C3D024C6A3', 'https://v5-dy-o-abtest.zjcdn.com/282982f6917749abe76e0c09a33ae7c5/68f66e01/video/tos/cn/tos-cn-ve-0015c800/oY1dfKg2fAIzAsjnQB9m9bB7PiACiAz6inIES3/?a=6383&ch=10010&cr=3&dr=0&lr=all&cd=0%7C0%7C0%7C3&cv=1&br=990&bt=990&cs=0&ds=4&ft=c2YTctGHQPRUZxfusdr~kwPqYldQIKDEE-TerrNqq_45a&mime_type=video_mp4&qs=0&rc=Mzg5OTgzOTg6NWQ0ODs7M0BpamRxaXE5cmk6dTMzNGkzM0AyNGBfXjY2NWMxYjU0XjAwYSNxaGJlMmRzamFgLS1kLS9zcw%3D%3D&btag=80000e00028000&cquery=101r_100B_100H_100K_100o&dy_q=1760969609&feature_id=46a7bb47b4fd1280f3d3825bf2b29388&l=20251020221329FF810B6B17C3D024C6A3', 'https://www.douyin.com/aweme/v1/play/?video_id=v0200fg10000crd7mfvog65nhfenkatg&line=0&file_id=3038a87581ea42f7859690a5b6c67550&sign=23b02d8df541f93a29d1badd7cb794bb&is_play_url=1&source=PackSourceEnum_PUBLISH'], 'width': 1080, 'height': 1920, 'url_key': 'v0200fg10000crd7mfvog65nhfenkatg_h264_1080p_1014060', 'data_size': 9233018, 'file_hash': '23b02d8df541f93a29d1badd7cb794bb', 'file_cs': 'c:0-61314-b3b1|a:v0200fg10000crd7mfvog65nhfenkatg'}, 'is_h265': 0, 'is_bytevc1': 0, 'HDR_type': '', 'HDR_bit': '', 'FPS': 30, 'video_extra': '{"PktOffsetMap":"[{\\"time\\": 1, \\"offset\\": 395857}, {\\"time\\": 2, \\"offset\\": 541132}, {\\"time\\": 3, \\"offset\\": 696435}, {\\"time\\": 4, \\"offset\\": 856271}, {\\"time\\": 5, \\"offset\\": 988706}, {\\"time\\": 10, \\"offset\\": 1728703}]","format":"mp4","definition":"1080p","quality":"normal","file_id":"3038a87581ea42f7859690a5b6c67550","applog_map":{"feature_id":"46a7bb47b4fd1280f3d3825bf2b29388"},"audio_channels":"2.0","audio_sample_rate":"44100","audio_metrics":null,"audio_score":null}', 'format': 'mp4'}, {'gear_name': 'normal_720_0', 'quality_type': 10, 'bit_rate': 707094, 'play_addr': {'uri': 'v0200fg10000crd7mfvog65nhfenkatg', 'url_list': ['https://v5-dy-o-abtest.zjcdn.com/9d1229f69e086b5e6ce104407e155ed8/68f66e01/video/tos/cn/tos-cn-ve-0015c800/ocM3jQeAzRe0fWKHrQy8eXu4toYsIsAL02geAE/?a=6383&ch=10010&cr=3&dr=0&lr=all&cd=0%7C0%7C0%7C3&cv=1&br=690&bt=690&cs=0&ds=3&ft=c2YTctGHQPRUZxfusdr~kwPqYldQIKDEE-TerrNqq_45a&mime_type=video_mp4&qs=0&rc=OjRoOTQ0Njs2aGY7OGYzaEBpamRxaXE5cmk6dTMzNGkzM0AvYTU1Ml8wNjAxYzJeL2MzYSNxaGJlMmRzamFgLS1kLS9zcw%3D%3D&btag=80000e00028000&cquery=101r_100B_100H_100K_100o&dy_q=1760969609&feature_id=aa7df520beeae8e397df15f38df0454c&l=20251020221329FF810B6B17C3D024C6A3', 'https://v5-dy-o-abtest.zjcdn.com/9d1229f69e086b5e6ce104407e155ed8/68f66e01/video/tos/cn/tos-cn-ve-0015c800/ocM3jQeAzRe0fWKHrQy8eXu4toYsIsAL02geAE/?a=6383&ch=10010&cr=3&dr=0&lr=all&cd=0%7C0%7C0%7C3&cv=1&br=690&bt=690&cs=0&ds=3&ft=c2YTctGHQPRUZxfusdr~kwPqYldQIKDEE-TerrNqq_45a&mime_type=video_mp4&qs=0&rc=OjRoOTQ0Njs2aGY7OGYzaEBpamRxaXE5cmk6dTMzNGkzM0AvYTU1Ml8wNjAxYzJeL2MzYSNxaGJlMmRzamFgLS1kLS9zcw%3D%3D&btag=80000e00028000&cquery=100K_100o_101r_100B_100H&dy_q=1760969609&feature_id=aa7df520beeae8e397df15f38df0454c&l=20251020221329FF810B6B17C3D024C6A3', 'https://www.douyin.com/aweme/v1/play/?video_id=v0200fg10000crd7mfvog65nhfenkatg&line=0&file_id=6ef02ca558fc4e339833b151868ed127&sign=7e6dcda4845052827458b5e8043fd2c2&is_play_url=1&source=PackSourceEnum_PUBLISH'], 'width': 720, 'height': 1280, 'url_key': 'v0200fg10000crd7mfvog65nhfenkatg_h264_720p_707094', 'data_size': 6438097, 'file_hash': '7e6dcda4845052827458b5e8043fd2c2', 'file_cs': 'c:0-80505-9d71'}, 'is_h265': 0, 'is_bytevc1': 0, 'HDR_type': '', 'HDR_bit': '', 'FPS': 30, 'video_extra': '{"PktOffsetMap":"[{\\"time\\": 1, \\"offset\\": 301779}, {\\"time\\": 2, \\"offset\\": 399492}, {\\"time\\": 3, \\"offset\\": 492426}, {\\"time\\": 4, \\"offset\\": 608858}, {\\"time\\": 5, \\"offset\\": 681462}, {\\"time\\": 10, \\"offset\\": 1193768}]","format":"mp4","definition":"720p","quality":"normal","file_id":"6ef02ca558fc4e339833b151868ed127","applog_map":{"feature_id":"aa7df520beeae8e397df15f38df0454c"},"audio_channels":"2.0","audio_sample_rate":"44100","audio_metrics":null,"audio_score":null}', 'format': 'mp4'}, {'gear_name': 'low_720_0', 'quality_type': 211, 'bit_rate': 695027, 'play_addr': {'uri': 'v0200fg10000crd7mfvog65nhfenkatg', 'url_list': ['https://v5-dy-o-abtest.zjcdn.com/770593b68e7a214586fa3f29594fcc60/68f66e01/video/tos/cn/tos-cn-ve-0015c800/oE6seWIsQM2e0XHzJAY3AIiog8rfLQEQf9RIeA/?a=6383&ch=10010&cr=3&dr=0&lr=all&cd=0%7C0%7C0%7C3&cv=1&br=678&bt=678&cs=0&ds=3&ft=c2YTctGHQPRUZxfusdr~kwPqYldQIKDEE-TerrNqq_45a&mime_type=video_mp4&qs=1&rc=OTllZ2U1NWczPDloNGVpZUBpamRxaXE5cmk6dTMzNGkzM0AuL2AzM14zXzYxMDMwLS9gYSNxaGJlMmRzamFgLS1kLS9zcw%3D%3D&btag=80000e00028000&cquery=100o_101r_100B_100H_100K&dy_q=1760969609&feature_id=46a7bb47b4fd1280f3d3825bf2b29388&l=20251020221329FF810B6B17C3D024C6A3', 'https://v5-dy-o-abtest.zjcdn.com/770593b68e7a214586fa3f29594fcc60/68f66e01/video/tos/cn/tos-cn-ve-0015c800/oE6seWIsQM2e0XHzJAY3AIiog8rfLQEQf9RIeA/?a=6383&ch=10010&cr=3&dr=0&lr=all&cd=0%7C0%7C0%7C3&cv=1&br=678&bt=678&cs=0&ds=3&ft=c2YTctGHQPRUZxfusdr~kwPqYldQIKDEE-TerrNqq_45a&mime_type=video_mp4&qs=1&rc=OTllZ2U1NWczPDloNGVpZUBpamRxaXE5cmk6dTMzNGkzM0AuL2AzM14zXzYxMDMwLS9gYSNxaGJlMmRzamFgLS1kLS9zcw%3D%3D&btag=80000e00028000&cquery=100H_100K_100o_101r_100B&dy_q=1760969609&feature_id=46a7bb47b4fd1280f3d3825bf2b29388&l=20251020221329FF810B6B17C3D024C6A3', 'https://www.douyin.com/aweme/v1/play/?video_id=v0200fg10000crd7mfvog65nhfenkatg&line=0&file_id=cb2f0b316e364990bd62a26b6dcb2616&sign=613ae5cabd080a085551b0f8fbdcda4f&is_play_url=1&source=PackSourceEnum_PUBLISH'], 'width': 720, 'height': 1280, 'url_key': 'v0200fg10000crd7mfvog65nhfenkatg_h264_720p_695027', 'data_size': 6328228, 'file_hash': '613ae5cabd080a085551b0f8fbdcda4f', 'file_cs': 'c:0-61304-33f6|a:v0200fg10000crd7mfvog65nhfenkatg'}, 'is_h265': 0, 'is_bytevc1': 0, 'HDR_type': '', 'HDR_bit': '', 'FPS': 30, 'video_extra': '{"PktOffsetMap":"[{\\"time\\": 1, \\"offset\\": 304028}, {\\"time\\": 2, \\"offset\\": 394481}, {\\"time\\": 3, \\"offset\\": 491855}, {\\"time\\": 4, \\"offset\\": 609963}, {\\"time\\": 5, \\"offset\\": 692139}, {\\"time\\": 10, \\"offset\\": 1189058}]","format":"mp4","definition":"720p","quality":"low","file_id":"cb2f0b316e364990bd62a26b6dcb2616","applog_map":{"feature_id":"46a7bb47b4fd1280f3d3825bf2b29388"},"audio_channels":"2.0","audio_sample_rate":"44100","audio_metrics":null,"audio_score":null}', 'format': 'mp4'}, {'gear_name': 'low_540_0', 'quality_type': 292, 'bit_rate': 668708, 'play_addr': {'uri': 'v0200fg10000crd7mfvog65nhfenkatg', 'url_list': ['https://v5-dy-o-abtest.zjcdn.com/6ead62e8d413b569bbca3955af55a77f/68f66e01/video/tos/cn/tos-cn-ve-0015c800/o4BidLfsQ1KnmiFAHc3BAfC7i2EAEI9g96nzZw/?a=6383&ch=10010&cr=3&dr=0&lr=all&cd=0%7C0%7C0%7C3&cv=1&br=653&bt=653&cs=0&ds=6&ft=c2YTctGHQPRUZxfusdr~kwPqYldQIKDEE-TerrNqq_45a&mime_type=video_mp4&qs=1&rc=OjVpZGc0N2ZpNDxpNzgzZEBpamRxaXE5cmk6dTMzNGkzM0AyYF8zYzUxXy4xXjVgYF8yYSNxaGJlMmRzamFgLS1kLS9zcw%3D%3D&btag=80000e00028000&cquery=100H_100K_100o_101r_100B&dy_q=1760969609&feature_id=46a7bb47b4fd1280f3d3825bf2b29388&l=20251020221329FF810B6B17C3D024C6A3', 'https://v5-dy-o-abtest.zjcdn.com/6ead62e8d413b569bbca3955af55a77f/68f66e01/video/tos/cn/tos-cn-ve-0015c800/o4BidLfsQ1KnmiFAHc3BAfC7i2EAEI9g96nzZw/?a=6383&ch=10010&cr=3&dr=0&lr=all&cd=0%7C0%7C0%7C3&cv=1&br=653&bt=653&cs=0&ds=6&ft=c2YTctGHQPRUZxfusdr~kwPqYldQIKDEE-TerrNqq_45a&mime_type=video_mp4&qs=1&rc=OjVpZGc0N2ZpNDxpNzgzZEBpamRxaXE5cmk6dTMzNGkzM0AyYF8zYzUxXy4xXjVgYF8yYSNxaGJlMmRzamFgLS1kLS9zcw%3D%3D&btag=80000e00028000&cquery=100o_101r_100B_100H_100K&dy_q=1760969609&feature_id=46a7bb47b4fd1280f3d3825bf2b29388&l=20251020221329FF810B6B17C3D024C6A3', 'https://www.douyin.com/aweme/v1/play/?video_id=v0200fg10000crd7mfvog65nhfenkatg&line=0&file_id=5ab0c5c48fa9411fbc4481fd6abfc257&sign=3eeee63b5aeb70474a42e924999aaae5&is_play_url=1&source=PackSourceEnum_PUBLISH'], 'width': 576, 'height': 1024, 'url_key': 'v0200fg10000crd7mfvog65nhfenkatg_h264_540p_668708', 'data_size': 6088592, 'file_hash': '3eeee63b5aeb70474a42e924999aaae5', 'file_cs': 'c:0-61312-7e6f|a:v0200fg10000crd7mfvog65nhfenkatg'}, 'is_h265': 0, 'is_bytevc1': 0, 'HDR_type': '', 'HDR_bit': '', 'FPS': 30, 'video_extra': '{"PktOffsetMap":"[{\\"time\\": 1, \\"offset\\": 286837}, {\\"time\\": 2, \\"offset\\": 371964}, {\\"time\\": 3, \\"offset\\": 465811}, {\\"time\\": 4, \\"offset\\": 578437}, {\\"time\\": 5, \\"offset\\": 658017}, {\\"time\\": 10, \\"offset\\": 1129668}]","format":"mp4","definition":"540p","quality":"low","file_id":"5ab0c5c48fa9411fbc4481fd6abfc257","applog_map":{"feature_id":"46a7bb47b4fd1280f3d3825bf2b29388"},"audio_channels":"2.0","audio_sample_rate":"44100","audio_metrics":null,"audio_score":null}', 'format': 'mp4'}, {'gear_name': 'adapt_low_540_0', 'quality_type': 291, 'bit_rate': 454510, 'play_addr': {'uri': 'v0200fg10000crd7mfvog65nhfenkatg', 'url_list': ['https://v5-dy-o-abtest.zjcdn.com/5ca8f65b7e70ec5cd7014e5e41d2cc48/68f66e01/video/tos/cn/tos-cn-ve-0015c800/oUiO1D9AIAAfTEndQm8g97i6CBisKE2Bnltfg3/?a=6383&ch=10010&cr=3&dr=0&lr=all&cd=0%7C0%7C0%7C3&cv=1&br=443&bt=443&cs=0&ds=6&ft=c2YTctGHQPRUZxfusdr~kwPqYldQIKDEE-TerrNqq_45a&mime_type=video_mp4&qs=12&rc=ZzplZjlpZDY8M2U0NDozZEBpamRxaXE5cmk6dTMzNGkzM0AzNTJjMzQtNS4xLy4yLi4zYSNxaGJlMmRzamFgLS1kLS9zcw%3D%3D&btag=80000e00028000&cquery=101r_100B_100H_100K_100o&dy_q=1760969609&feature_id=46a7bb47b4fd1280f3d3825bf2b29388&l=20251020221329FF810B6B17C3D024C6A3', 'https://v5-dy-o-abtest.zjcdn.com/5ca8f65b7e70ec5cd7014e5e41d2cc48/68f66e01/video/tos/cn/tos-cn-ve-0015c800/oUiO1D9AIAAfTEndQm8g97i6CBisKE2Bnltfg3/?a=6383&ch=10010&cr=3&dr=0&lr=all&cd=0%7C0%7C0%7C3&cv=1&br=443&bt=443&cs=0&ds=6&ft=c2YTctGHQPRUZxfusdr~kwPqYldQIKDEE-TerrNqq_45a&mime_type=video_mp4&qs=12&rc=ZzplZjlpZDY8M2U0NDozZEBpamRxaXE5cmk6dTMzNGkzM0AzNTJjMzQtNS4xLy4yLi4zYSNxaGJlMmRzamFgLS1kLS9zcw%3D%3D&btag=80000e00028000&cquery=100B_100H_100K_100o_101r&dy_q=1760969609&feature_id=46a7bb47b4fd1280f3d3825bf2b29388&l=20251020221329FF810B6B17C3D024C6A3', 'https://www.douyin.com/aweme/v1/play/?video_id=v0200fg10000crd7mfvog65nhfenkatg&line=0&file_id=6a101751112b4019830a7f66fc5b876d&sign=6ed42a5df087a382b1be9a06bdad799b&is_play_url=1&source=PackSourceEnum_PUBLISH'], 'width': 576, 'height': 1024, 'url_key': 'v0200fg10000crd7mfvog65nhfenkatg_h264_540p_454510', 'data_size': 4138316, 'file_hash': '6ed42a5df087a382b1be9a06bdad799b', 'file_cs': 'c:0-61311-f251|a:v0200fg10000crd7mfvog65nhfenkatg'}, 'is_h265': 0, 'is_bytevc1': 0, 'HDR_type': '', 'HDR_bit': '', 'FPS': 30, 'video_extra': '{"PktOffsetMap":"[{\\"time\\": 1, \\"offset\\": 219694}, {\\"time\\": 2, \\"offset\\": 275985}, {\\"time\\": 3, \\"offset\\": 338000}, {\\"time\\": 4, \\"offset\\": 412853}, {\\"time\\": 5, \\"offset\\": 464854}, {\\"time\\": 10, \\"offset\\": 785855}]","format":"mp4","definition":"540p","quality":"adapt_low","file_id":"6a101751112b4019830a7f66fc5b876d","applog_map":{"feature_id":"46a7bb47b4fd1280f3d3825bf2b29388"},"audio_channels":"2.0","audio_sample_rate":"44100","audio_metrics":null,"audio_score":null}', 'format': 'mp4'}, {'gear_name': 'adapt_lowest_1080_1', 'quality_type': 2, 'bit_rate': 332280, 'play_addr': {'uri': 'v0200fg10000crd7mfvog65nhfenkatg', 'url_list': ['https://v5-dy-o-abtest.zjcdn.com/9236749f572630d2e525f03dfd023463/68f66e01/video/tos/cn/tos-cn-ve-0015c800/osB7FNPCF0ZEBVF72VIgfXAErNAf2fv4xWtQuD/?a=6383&ch=10010&cr=3&dr=0&lr=all&cd=0%7C0%7C0%7C3&cv=1&br=324&bt=324&cs=2&ds=4&ft=c2YTctGHQPRUZxfusdr~kwPqYldQIKDEE-TerrNqq_45a&mime_type=video_mp4&qs=15&rc=OmRnZDtoZ2loaDRkPDtpOkBpamRxaXE5cmk6dTMzNGkzM0AzMzQwMzYxNWAxNGAxNjY0YSNxaGJlMmRzamFgLS1kLS9zcw%3D%3D&btag=80000e00028000&cquery=100K_100o_101r_100B_100H&dy_q=1760969609&feature_id=c6de0308cacfd993ef282c8e1c646267&l=20251020221329FF810B6B17C3D024C6A3', 'https://v5-dy-o-abtest.zjcdn.com/9236749f572630d2e525f03dfd023463/68f66e01/video/tos/cn/tos-cn-ve-0015c800/osB7FNPCF0ZEBVF72VIgfXAErNAf2fv4xWtQuD/?a=6383&ch=10010&cr=3&dr=0&lr=all&cd=0%7C0%7C0%7C3&cv=1&br=324&bt=324&cs=2&ds=4&ft=c2YTctGHQPRUZxfusdr~kwPqYldQIKDEE-TerrNqq_45a&mime_type=video_mp4&qs=15&rc=OmRnZDtoZ2loaDRkPDtpOkBpamRxaXE5cmk6dTMzNGkzM0AzMzQwMzYxNWAxNGAxNjY0YSNxaGJlMmRzamFgLS1kLS9zcw%3D%3D&btag=80000e00028000&cquery=101r_100B_100H_100K_100o&dy_q=1760969609&feature_id=c6de0308cacfd993ef282c8e1c646267&l=20251020221329FF810B6B17C3D024C6A3', 'https://www.douyin.com/aweme/v1/play/?video_id=v0200fg10000crd7mfvog65nhfenkatg&line=0&file_id=779f9849ca714ece8f4d9e683a7d6a67&sign=478028a0dee5e79f5bd52391ad02c3dd&is_play_url=1&source=PackSourceEnum_PUBLISH'], 'width': 1080, 'height': 1920, 'url_key': 'v0200fg10000crd7mfvog65nhfenkatg_bytevc1_1080p_332280', 'data_size': 3025410, 'file_hash': '478028a0dee5e79f5bd52391ad02c3dd', 'file_cs': 'c:0-61445-801a'}, 'is_h265': 1, 'is_bytevc1': 1, 'HDR_type': '', 'HDR_bit': '', 'FPS': 30, 'video_extra': '{"PktOffsetMap":"[{\\"time\\": 1, \\"offset\\": 200730}, {\\"time\\": 2, \\"offset\\": 240508}, {\\"time\\": 3, \\"offset\\": 286714}, {\\"time\\": 4, \\"offset\\": 350217}, {\\"time\\": 5, \\"offset\\": 388329}, {\\"time\\": 10, \\"offset\\": 631605}]","format":"mp4","definition":"1080p","quality":"adapt_lowest","file_id":"779f9849ca714ece8f4d9e683a7d6a67","applog_map":{"feature_id":"c6de0308cacfd993ef282c8e1c646267"},"mvmaf":"{\\"mvmaf_sr_v1080\\":-1,\\"mvmaf_sr_v960\\":-1,\\"mvmaf_sr_v864\\":-1,\\"mvmaf_sr_v720\\":-1,\\"mvmaf_ori_v1080\\":92.08,\\"mvmaf_ori_v960\\":92.86,\\"mvmaf_ori_v864\\":93.638,\\"mvmaf_ori_v720\\":94.25}","audio_channels":"2.0","audio_sample_rate":"44100","audio_metrics":null,"audio_score":null}', 'format': 'mp4'}, {'gear_name': 'adapt_lowest_720_1', 'quality_type': 15, 'bit_rate': 278848, 'play_addr': {'uri': 'v0200fg10000crd7mfvog65nhfenkatg', 'url_list': ['https://v5-dy-o-abtest.zjcdn.com/a5107567f0e9f565b01baa98935a5883/68f66e01/video/tos/cn/tos-cn-ve-0015c800/owZtDfvfBEDEIWGVFgNAFC7cQd7PA102fBjErQ/?a=6383&ch=10010&cr=3&dr=0&lr=all&cd=0%7C0%7C0%7C3&cv=1&br=272&bt=272&cs=2&ds=3&ft=c2YTctGHQPRUZxfusdr~kwPqYldQIKDEE-TerrNqq_45a&mime_type=video_mp4&qs=15&rc=ZGg8ODczZmRnN2Q3aDlpO0BpamRxaXE5cmk6dTMzNGkzM0A1MmJjYmFfXzQxYGMvL2IxYSNxaGJlMmRzamFgLS1kLS9zcw%3D%3D&btag=80000e00028000&cquery=100K_100o_101r_100B_100H&dy_q=1760969609&feature_id=c6de0308cacfd993ef282c8e1c646267&l=20251020221329FF810B6B17C3D024C6A3', 'https://v5-dy-o-abtest.zjcdn.com/a5107567f0e9f565b01baa98935a5883/68f66e01/video/tos/cn/tos-cn-ve-0015c800/owZtDfvfBEDEIWGVFgNAFC7cQd7PA102fBjErQ/?a=6383&ch=10010&cr=3&dr=0&lr=all&cd=0%7C0%7C0%7C3&cv=1&br=272&bt=272&cs=2&ds=3&ft=c2YTctGHQPRUZxfusdr~kwPqYldQIKDEE-TerrNqq_45a&mime_type=video_mp4&qs=15&rc=ZGg8ODczZmRnN2Q3aDlpO0BpamRxaXE5cmk6dTMzNGkzM0A1MmJjYmFfXzQxYGMvL2IxYSNxaGJlMmRzamFgLS1kLS9zcw%3D%3D&btag=80000e00028000&cquery=100K_100o_101r_100B_100H&dy_q=1760969609&feature_id=c6de0308cacfd993ef282c8e1c646267&l=20251020221329FF810B6B17C3D024C6A3', 'https://www.douyin.com/aweme/v1/play/?video_id=v0200fg10000crd7mfvog65nhfenkatg&line=0&file_id=48ef262ef4ca447dbabcd0e4f5e95e8a&sign=0820acad6ce0710687ce88f7bb3931d8&is_play_url=1&source=PackSourceEnum_PUBLISH'], 'width': 720, 'height': 1280, 'url_key': 'v0200fg10000crd7mfvog65nhfenkatg_bytevc1_720p_278848', 'data_size': 2538919, 'file_hash': '0820acad6ce0710687ce88f7bb3931d8', 'file_cs': 'c:0-61445-2599'}, 'is_h265': 1, 'is_bytevc1': 1, 'HDR_type': '', 'HDR_bit': '', 'FPS': 30, 'video_extra': '{"PktOffsetMap":"[{\\"time\\": 1, \\"offset\\": 165240}, {\\"time\\": 2, \\"offset\\": 197351}, {\\"time\\": 3, \\"offset\\": 244067}, {\\"time\\": 4, \\"offset\\": 288775}, {\\"time\\": 5, \\"offset\\": 322246}, {\\"time\\": 10, \\"offset\\": 516346}]","format":"mp4","definition":"720p","quality":"adapt_lowest","file_id":"48ef262ef4ca447dbabcd0e4f5e95e8a","applog_map":{"feature_id":"c6de0308cacfd993ef282c8e1c646267"},"mvmaf":"{\\"mvmaf_sr_v1080\\":96.636,\\"mvmaf_sr_v960\\":98.374,\\"mvmaf_sr_v864\\":98.636,\\"mvmaf_sr_v720\\":99.56,\\"mvmaf_ori_v1080\\":86.65,\\"mvmaf_ori_v960\\":89.528,\\"mvmaf_ori_v864\\":91.061,\\"mvmaf_ori_v720\\":94.027}","audio_channels":"2.0","audio_sample_rate":"44100","audio_metrics":null,"audio_score":null}', 'format': 'mp4'}, {'gear_name': 'adapt_540_1', 'quality_type': 28, 'bit_rate': 257064, 'play_addr': {'uri': 'v0200fg10000crd7mfvog65nhfenkatg', 'url_list': ['https://v5-dy-o-abtest.zjcdn.com/16a04933879b34bc6e98287fd2be8125/68f66e01/video/tos/cn/tos-cn-ve-0015c800/o0DF4ffZgrVPNFEBaGvCAfE2EtIBMQ7A70udqb/?a=6383&ch=10010&cr=3&dr=0&lr=all&cd=0%7C0%7C0%7C3&cv=1&br=251&bt=251&cs=2&ds=6&ft=c2YTctGHQPRUZxfusdr~kwPqYldQIKDEE-TerrNqq_45a&mime_type=video_mp4&qs=11&rc=NzQ4NmY6aTpmZWk7NDpoNUBpamRxaXE5cmk6dTMzNGkzM0BhL14tX2M1XzAxMjU2LmJeYSNxaGJlMmRzamFgLS1kLS9zcw%3D%3D&btag=80000e00028000&cquery=100B_100H_100K_100o_101r&dy_q=1760969609&feature_id=c6de0308cacfd993ef282c8e1c646267&l=20251020221329FF810B6B17C3D024C6A3', 'https://v5-dy-o-abtest.zjcdn.com/16a04933879b34bc6e98287fd2be8125/68f66e01/video/tos/cn/tos-cn-ve-0015c800/o0DF4ffZgrVPNFEBaGvCAfE2EtIBMQ7A70udqb/?a=6383&ch=10010&cr=3&dr=0&lr=all&cd=0%7C0%7C0%7C3&cv=1&br=251&bt=251&cs=2&ds=6&ft=c2YTctGHQPRUZxfusdr~kwPqYldQIKDEE-TerrNqq_45a&mime_type=video_mp4&qs=11&rc=NzQ4NmY6aTpmZWk7NDpoNUBpamRxaXE5cmk6dTMzNGkzM0BhL14tX2M1XzAxMjU2LmJeYSNxaGJlMmRzamFgLS1kLS9zcw%3D%3D&btag=80000e00028000&cquery=100B_100H_100K_100o_101r&dy_q=1760969609&feature_id=c6de0308cacfd993ef282c8e1c646267&l=20251020221329FF810B6B17C3D024C6A3', 'https://www.douyin.com/aweme/v1/play/?video_id=v0200fg10000crd7mfvog65nhfenkatg&line=0&file_id=a2ee1791885f4b3cb78ff7bc03a521d4&sign=0bb7be93a706199a356408e9f01ef756&is_play_url=1&source=PackSourceEnum_PUBLISH'], 'width': 576, 'height': 1024, 'url_key': 'v0200fg10000crd7mfvog65nhfenkatg_bytevc1_540p_257064', 'data_size': 2340571, 'file_hash': '0bb7be93a706199a356408e9f01ef756', 'file_cs': 'c:0-61445-8228'}, 'is_h265': 1, 'is_bytevc1': 1, 'HDR_type': '', 'HDR_bit': '', 'FPS': 30, 'video_extra': '{"PktOffsetMap":"[{\\"time\\": 1, \\"offset\\": 155108}, {\\"time\\": 2, \\"offset\\": 183961}, {\\"time\\": 3, \\"offset\\": 223787}, {\\"time\\": 4, \\"offset\\": 263569}, {\\"time\\": 5, \\"offset\\": 292646}, {\\"time\\": 10, \\"offset\\": 470209}]","format":"mp4","definition":"540p","quality":"adapt","file_id":"a2ee1791885f4b3cb78ff7bc03a521d4","applog_map":{"feature_id":"c6de0308cacfd993ef282c8e1c646267"},"mvmaf":"{\\"mvmaf_sr_v1080\\":94.722,\\"mvmaf_sr_v960\\":96.525,\\"mvmaf_sr_v864\\":97.634,\\"mvmaf_sr_v720\\":99.025,\\"mvmaf_ori_v1080\\":83.628,\\"mvmaf_ori_v960\\":87.795,\\"mvmaf_ori_v864\\":88.813,\\"mvmaf_ori_v720\\":92.209}","audio_channels":"2.0","audio_sample_rate":"44100","audio_metrics":null,"audio_score":null}', 'format': 'mp4'}, {'gear_name': 'adapt_lower_540_1', 'quality_type': 21, 'bit_rate': 228057, 'play_addr': {'uri': 'v0200fg10000crd7mfvog65nhfenkatg', 'url_list': ['https://v5-dy-o-abtest.zjcdn.com/5be707496222117c03ff6bd639870645/68f66e01/video/tos/cn/tos-cn-ve-0015c800/o0PCD0ffvcWNFBAvQZR27dVDAExBEUg7Frt2Ie/?a=6383&ch=10010&cr=3&dr=0&lr=all&cd=0%7C0%7C0%7C3&cv=1&br=222&bt=222&cs=2&ds=6&ft=c2YTctGHQPRUZxfusdr~kwPqYldQIKDEE-TerrNqq_45a&mime_type=video_mp4&qs=14&rc=OTc0OjM5OmdmZTZpZjU3OEBpamRxaXE5cmk6dTMzNGkzM0BjYzJeNjIuNTMxLl4wYDY0YSNxaGJlMmRzamFgLS1kLS9zcw%3D%3D&btag=80000e00028000&cquery=100K_100o_101r_100B_100H&dy_q=1760969609&feature_id=ce7c25ff7a5ccd0ee1c134f842898e76&l=20251020221329FF810B6B17C3D024C6A3', 'https://v5-dy-o-abtest.zjcdn.com/5be707496222117c03ff6bd639870645/68f66e01/video/tos/cn/tos-cn-ve-0015c800/o0PCD0ffvcWNFBAvQZR27dVDAExBEUg7Frt2Ie/?a=6383&ch=10010&cr=3&dr=0&lr=all&cd=0%7C0%7C0%7C3&cv=1&br=222&bt=222&cs=2&ds=6&ft=c2YTctGHQPRUZxfusdr~kwPqYldQIKDEE-TerrNqq_45a&mime_type=video_mp4&qs=14&rc=OTc0OjM5OmdmZTZpZjU3OEBpamRxaXE5cmk6dTMzNGkzM0BjYzJeNjIuNTMxLl4wYDY0YSNxaGJlMmRzamFgLS1kLS9zcw%3D%3D&btag=80000e00028000&cquery=101r_100B_100H_100K_100o&dy_q=1760969609&feature_id=ce7c25ff7a5ccd0ee1c134f842898e76&l=20251020221329FF810B6B17C3D024C6A3', 'https://www.douyin.com/aweme/v1/play/?video_id=v0200fg10000crd7mfvog65nhfenkatg&line=0&file_id=7594c23caf134b6c8d175690a751f4f6&sign=28eab2a5692f48892a2d5f1256653c4d&is_play_url=1&source=PackSourceEnum_PUBLISH'], 'width': 576, 'height': 1024, 'url_key': 'v0200fg10000crd7mfvog65nhfenkatg_bytevc1_540p_228057', 'data_size': 2076463, 'file_hash': '28eab2a5692f48892a2d5f1256653c4d', 'file_cs': 'c:0-61445-c152|a:v0200fg10000crd7mfvog65nhfenkatg'}, 'is_h265': 1, 'is_bytevc1': 1, 'HDR_type': '', 'HDR_bit': '', 'FPS': 30, 'video_extra': '{"PktOffsetMap":"[{\\"time\\": 1, \\"offset\\": 144661}, {\\"time\\": 2, \\"offset\\": 169164}, {\\"time\\": 3, \\"offset\\": 204315}, {\\"time\\": 4, \\"offset\\": 238627}, {\\"time\\": 5, \\"offset\\": 263905}, {\\"time\\": 10, \\"offset\\": 418971}]","format":"mp4","definition":"540p","quality":"adapt_lower","file_id":"7594c23caf134b6c8d175690a751f4f6","applog_map":{"feature_id":"ce7c25ff7a5ccd0ee1c134f842898e76"},"mvmaf":"{\\"mvmaf_sr_v1080\\":93.623,\\"mvmaf_sr_v960\\":95.139,\\"mvmaf_sr_v864\\":96.102,\\"mvmaf_sr_v720\\":98.022,\\"mvmaf_ori_v1080\\":82.262,\\"mvmaf_ori_v960\\":86.672,\\"mvmaf_ori_v864\\":87.895,\\"mvmaf_ori_v720\\":91.276}","audio_channels":"2.0","audio_sample_rate":"44100","audio_metrics":null,"audio_score":null}', 'format': 'mp4'}, {'gear_name': 'adapt_lowest_1080_1', 'quality_type': 2, 'bit_rate': 277257, 'play_addr': {'uri': 'v0200fg10000crd7mfvog65nhfenkatg', 'url_list': ['https://v5-dy-o-abtest.zjcdn.com/2909ba9a7ab1dac97004f6d301110d68/68f79551/video/tos/cn/tos-cn-ve-0015c800/ogAAngAfc3mA7WIG99iFBi2A9A3BigsC1IfD6K/media-video-hvc1/?a=6383&ch=0&cr=8&dr=0&er=1&lr=default&cd=0%7C0%7C0%7C3&cv=1&br=270&bt=270&cs=4&ds=4&mime_type=video_mp4&qs=15&rc=NGY3O2c0aDw4aTwzaGVmZkBpamRxaXE5cmk6dTMzNGkzM0BiMTIvLzYxXjYxMTAvNmEtYSNxaGJlMmRzamFgLS1kLS9zcw%3D%3D&btag=80000e00028000&cquery=101r_100o&dy_q=1760969609&l=20251020221329FF810B6B17C3D024C6A3', 'https://v5-dy-o-abtest.zjcdn.com/2909ba9a7ab1dac97004f6d301110d68/68f79551/video/tos/cn/tos-cn-ve-0015c800/ogAAngAfc3mA7WIG99iFBi2A9A3BigsC1IfD6K/media-video-hvc1/?a=6383&ch=0&cr=8&dr=0&er=1&lr=default&cd=0%7C0%7C0%7C3&cv=1&br=270&bt=270&cs=4&ds=4&mime_type=video_mp4&qs=15&rc=NGY3O2c0aDw4aTwzaGVmZkBpamRxaXE5cmk6dTMzNGkzM0BiMTIvLzYxXjYxMTAvNmEtYSNxaGJlMmRzamFgLS1kLS9zcw%3D%3D&btag=80000e00028000&cquery=101r_100o&dy_q=1760969609&l=20251020221329FF810B6B17C3D024C6A3', 'https://www.douyin.com/aweme/v1/play/dash/?video_id=v0200fg10000crd7mfvog65nhfenkatg&line=0&file_id=0cdc9b2e30494f95a94e912d28544ce1&sign=ef6e97e0728bab69001a0e8dc6a2902c&is_play_url=1&source=PackSourceEnum_PUBLISH'], 'width': 1080, 'height': 1920, 'url_key': 'v0200fg10000crd7mfvog65nhfenkatg_bytevc1_1080p_277257', 'data_size': 2523038, 'file_hash': 'ef6e97e0728bab69001a0e8dc6a2902c'}, 'is_h265': 1, 'is_bytevc1': 1, 'HDR_type': '', 'HDR_bit': '', 'FPS': 30, 'video_extra': '{"PktOffsetMap":"","format":"dash","sub_info":"{\\"audio_channels\\":\\"2.0\\",\\"audio_layout\\":\\"C\\",\\"audio_sample_rate\\":\\"44100\\",\\"base_range_info\\":{\\"first_moof_range\\":\\"1300-3079\\",\\"index_range\\":\\"1136-1299\\",\\"init_range\\":\\"0-1135\\"},\\"check_info\\":{\\"check_info\\":\\"a:v0200fg10000crd7mfvog65nhfenkatg|b:0-1299-1d32d14027ece37d4e94a096ff63034b|c:0-1299-080b\\"},\\"gear_des_key\\":\\"0:DASH|1:normal|2:h265_hvc1|4:1080p|5:adapt_lowest|10000:105\\",\\"quality_type\\":2}","definition":"1080p","quality":"adapt_lowest","quality_desc":"","file_id":"0cdc9b2e30494f95a94e912d28544ce1","real_bitrate":326323,"audio_file_id":"1a6aff82d9b67ba155d1db2c56504a65","applog_map":{"feature_id":"c6de0308cacfd993ef282c8e1c646267"},"mvmaf":"{\\"mvmaf_sr_v1080\\":-1,\\"mvmaf_sr_v960\\":-1,\\"mvmaf_sr_v864\\":-1,\\"mvmaf_sr_v720\\":-1,\\"mvmaf_ori_v1080\\":92.08,\\"mvmaf_ori_v960\\":92.86,\\"mvmaf_ori_v864\\":93.638,\\"mvmaf_ori_v720\\":94.25}","audio_metrics":null,"audio_score":null}', 'format': 'dash'}, {'gear_name': 'adapt_lowest_720_1', 'quality_type': 15, 'bit_rate': 223796, 'play_addr': {'uri': 'v0200fg10000crd7mfvog65nhfenkatg', 'url_list': ['https://v5-dy-o-abtest.zjcdn.com/1c099c9dc04e90180dcd73aaf22cee7b/68f79551/video/tos/cn/tos-cn-ve-0015c800/oIi9A1fBCI3C96mAiGv7D2KncBWAIisAiAAfgg/media-video-hvc1/?a=6383&ch=0&cr=8&dr=0&er=1&lr=default&cd=0%7C0%7C0%7C3&cv=1&br=218&bt=218&cs=4&ds=3&mime_type=video_mp4&qs=15&rc=PDc2Zjo8NGQ0Nzw0OTllOkBpamRxaXE5cmk6dTMzNGkzM0AyMV42LjAzNl4xNS0tNC40YSNxaGJlMmRzamFgLS1kLS9zcw%3D%3D&btag=80000e00028000&cquery=100o_101r&dy_q=1760969609&l=20251020221329FF810B6B17C3D024C6A3', 'https://v5-dy-o-abtest.zjcdn.com/1c099c9dc04e90180dcd73aaf22cee7b/68f79551/video/tos/cn/tos-cn-ve-0015c800/oIi9A1fBCI3C96mAiGv7D2KncBWAIisAiAAfgg/media-video-hvc1/?a=6383&ch=0&cr=8&dr=0&er=1&lr=default&cd=0%7C0%7C0%7C3&cv=1&br=218&bt=218&cs=4&ds=3&mime_type=video_mp4&qs=15&rc=PDc2Zjo8NGQ0Nzw0OTllOkBpamRxaXE5cmk6dTMzNGkzM0AyMV42LjAzNl4xNS0tNC40YSNxaGJlMmRzamFgLS1kLS9zcw%3D%3D&btag=80000e00028000&cquery=100o_101r&dy_q=1760969609&l=20251020221329FF810B6B17C3D024C6A3', 'https://www.douyin.com/aweme/v1/play/dash/?video_id=v0200fg10000crd7mfvog65nhfenkatg&line=0&file_id=771b7606018944a19a6139179ca34459&sign=92eaaaffa2cf9a81f043e9c223f6de24&is_play_url=1&source=PackSourceEnum_PUBLISH'], 'width': 720, 'height': 1280, 'url_key': 'v0200fg10000crd7mfvog65nhfenkatg_bytevc1_720p_223796', 'data_size': 2036547, 'file_hash': '92eaaaffa2cf9a81f043e9c223f6de24'}, 'is_h265': 1, 'is_bytevc1': 1, 'HDR_type': '', 'HDR_bit': '', 'FPS': 30, 'video_extra': '{"PktOffsetMap":"","format":"dash","sub_info":"{\\"audio_channels\\":\\"2.0\\",\\"audio_layout\\":\\"C\\",\\"audio_sample_rate\\":\\"44100\\",\\"base_range_info\\":{\\"first_moof_range\\":\\"1300-3079\\",\\"index_range\\":\\"1136-1299\\",\\"init_range\\":\\"0-1135\\"},\\"check_info\\":{\\"check_info\\":\\"a:v0200fg10000crd7mfvog65nhfenkatg|b:0-1299-bced8560aa6bc090e7031de416996a6d|c:0-1299-bb1b\\"},\\"gear_des_key\\":\\"0:DASH|1:normal|2:h265_hvc1|4:720p|5:adapt_lowest|10000:105\\",\\"quality_type\\":15}","definition":"720p","quality":"adapt_lowest","quality_desc":"","file_id":"771b7606018944a19a6139179ca34459","real_bitrate":272862,"audio_file_id":"1a6aff82d9b67ba155d1db2c56504a65","applog_map":{"feature_id":"c6de0308cacfd993ef282c8e1c646267"},"mvmaf":"{\\"mvmaf_sr_v1080\\":96.636,\\"mvmaf_sr_v960\\":98.374,\\"mvmaf_sr_v864\\":98.636,\\"mvmaf_sr_v720\\":99.56,\\"mvmaf_ori_v1080\\":86.65,\\"mvmaf_ori_v960\\":89.528,\\"mvmaf_ori_v864\\":91.061,\\"mvmaf_ori_v720\\":94.027}","audio_metrics":null,"audio_score":null}', 'format': 'dash'}, {'gear_name': 'adapt_540_1', 'quality_type': 28, 'bit_rate': 202000, 'play_addr': {'uri': 'v0200fg10000crd7mfvog65nhfenkatg', 'url_list': ['https://v5-dy-o-abtest.zjcdn.com/60cb40198d23a3a3f5afd4d82658fce0/68f79551/video/tos/cn/tos-cn-ve-0015c800/oUNAEO4FfCVRPAF7vB0A7fyAAtBrA8fGIZMDE2/media-video-hvc1/?a=6383&ch=0&cr=8&dr=0&er=1&lr=default&cd=0%7C0%7C0%7C3&cv=1&br=197&bt=197&cs=4&ds=6&mime_type=video_mp4&qs=11&rc=ZjQ0Ojw3M2hpNmk6ZzM2O0BpamRxaXE5cmk6dTMzNGkzM0AuNGIxXi9eXi8xM2EwNjI1YSNxaGJlMmRzamFgLS1kLS9zcw%3D%3D&btag=80000e00028000&cquery=101r_100o&dy_q=1760969609&l=20251020221329FF810B6B17C3D024C6A3', 'https://v5-dy-o-abtest.zjcdn.com/60cb40198d23a3a3f5afd4d82658fce0/68f79551/video/tos/cn/tos-cn-ve-0015c800/oUNAEO4FfCVRPAF7vB0A7fyAAtBrA8fGIZMDE2/media-video-hvc1/?a=6383&ch=0&cr=8&dr=0&er=1&lr=default&cd=0%7C0%7C0%7C3&cv=1&br=197&bt=197&cs=4&ds=6&mime_type=video_mp4&qs=11&rc=ZjQ0Ojw3M2hpNmk6ZzM2O0BpamRxaXE5cmk6dTMzNGkzM0AuNGIxXi9eXi8xM2EwNjI1YSNxaGJlMmRzamFgLS1kLS9zcw%3D%3D&btag=80000e00028000&cquery=101r_100o&dy_q=1760969609&l=20251020221329FF810B6B17C3D024C6A3', 'https://www.douyin.com/aweme/v1/play/dash/?video_id=v0200fg10000crd7mfvog65nhfenkatg&line=0&file_id=8853903dd76f432faea024a947e1711c&sign=431fd542d0c4311729e289fe5914341a&is_play_url=1&source=PackSourceEnum_PUBLISH'], 'width': 576, 'height': 1024, 'url_key': 'v0200fg10000crd7mfvog65nhfenkatg_bytevc1_540p_202000', 'data_size': 1838199, 'file_hash': '431fd542d0c4311729e289fe5914341a'}, 'is_h265': 1, 'is_bytevc1': 1, 'HDR_type': '', 'HDR_bit': '', 'FPS': 30, 'video_extra': '{"PktOffsetMap":"","format":"dash","sub_info":"{\\"audio_channels\\":\\"2.0\\",\\"audio_layout\\":\\"C\\",\\"audio_sample_rate\\":\\"44100\\",\\"base_range_info\\":{\\"first_moof_range\\":\\"1300-3079\\",\\"index_range\\":\\"1136-1299\\",\\"init_range\\":\\"0-1135\\"},\\"check_info\\":{\\"check_info\\":\\"a:v0200fg10000crd7mfvog65nhfenkatg|b:0-1299-9395dee6c3775da389cffcfe128f860f|c:0-1299-7bbf\\"},\\"gear_des_key\\":\\"0:DASH|1:normal|2:h265_hvc1|4:540p|5:adapt|10000:105\\",\\"quality_type\\":28}","definition":"540p","quality":"adapt","quality_desc":"","file_id":"8853903dd76f432faea024a947e1711c","real_bitrate":257064,"audio_file_id":"1a6aff82d9b67ba155d1db2c56504a65","applog_map":{"feature_id":"c6de0308cacfd993ef282c8e1c646267"},"mvmaf":"{\\"mvmaf_sr_v1080\\":94.722,\\"mvmaf_sr_v960\\":96.525,\\"mvmaf_sr_v864\\":97.634,\\"mvmaf_sr_v720\\":99.025,\\"mvmaf_ori_v1080\\":83.628,\\"mvmaf_ori_v960\\":87.795,\\"mvmaf_ori_v864\\":88.813,\\"mvmaf_ori_v720\\":92.209}","audio_metrics":null,"audio_score":null}', 'format': 'dash'}, {'gear_name': 'adapt_lower_540_1', 'quality_type': 21, 'bit_rate': 175507, 'play_addr': {'uri': 'v0200fg10000crd7mfvog65nhfenkatg', 'url_list': ['https://v5-dy-o-abtest.zjcdn.com/342a78943781f66c3743bf1a5b259d06/68f79551/video/tos/cn/tos-cn-ve-0015c800/oE9dRAA7mDAH8K1cB3iigsBfA2A9QbAgIif6Cn/media-video-hvc1/?a=6383&ch=0&cr=8&dr=0&er=1&lr=default&cd=0%7C0%7C0%7C3&cv=1&br=171&bt=171&cs=4&ds=6&mime_type=video_mp4&qs=14&rc=ZTw4NjdpaDs6ZzUzODY4NEBpamRxaXE5cmk6dTMzNGkzM0A2MDEvYzI0Xy0xXjAwNjY0YSNxaGJlMmRzamFgLS1kLS9zcw%3D%3D&btag=80000e00028000&cquery=101r_100o&dy_q=1760969609&l=20251020221329FF810B6B17C3D024C6A3', 'https://v5-dy-o-abtest.zjcdn.com/342a78943781f66c3743bf1a5b259d06/68f79551/video/tos/cn/tos-cn-ve-0015c800/oE9dRAA7mDAH8K1cB3iigsBfA2A9QbAgIif6Cn/media-video-hvc1/?a=6383&ch=0&cr=8&dr=0&er=1&lr=default&cd=0%7C0%7C0%7C3&cv=1&br=171&bt=171&cs=4&ds=6&mime_type=video_mp4&qs=14&rc=ZTw4NjdpaDs6ZzUzODY4NEBpamRxaXE5cmk6dTMzNGkzM0A2MDEvYzI0Xy0xXjAwNjY0YSNxaGJlMmRzamFgLS1kLS9zcw%3D%3D&btag=80000e00028000&cquery=101r_100o&dy_q=1760969609&l=20251020221329FF810B6B17C3D024C6A3', 'https://www.douyin.com/aweme/v1/play/dash/?video_id=v0200fg10000crd7mfvog65nhfenkatg&line=0&file_id=7195933530a24d07b87e5ff42345399b&sign=ae40cc6203ece066cbcd13c66b5bbc99&is_play_url=1&source=PackSourceEnum_PUBLISH'], 'width': 576, 'height': 1024, 'url_key': 'v0200fg10000crd7mfvog65nhfenkatg_bytevc1_540p_175507', 'data_size': 1597116, 'file_hash': 'ae40cc6203ece066cbcd13c66b5bbc99'}, 'is_h265': 1, 'is_bytevc1': 1, 'HDR_type': '', 'HDR_bit': '', 'FPS': 30, 'video_extra': '{"PktOffsetMap":"","format":"dash","sub_info":"{\\"audio_channels\\":\\"2.0\\",\\"audio_layout\\":\\"C\\",\\"audio_sample_rate\\":\\"44100\\",\\"base_range_info\\":{\\"first_moof_range\\":\\"1300-3079\\",\\"index_range\\":\\"1136-1299\\",\\"init_range\\":\\"0-1135\\"},\\"check_info\\":{\\"check_info\\":\\"a:v0200fg10000crd7mfvog65nhfenkatg|b:0-1299-17ec8af80506dde328523d0ccdc999ba|c:0-1299-e536\\"},\\"gear_des_key\\":\\"0:DASH|1:normal|2:h265_hvc1|4:540p|5:adapt_lower|10000:105\\",\\"quality_type\\":21}","definition":"540p","quality":"adapt_lower","quality_desc":"","file_id":"7195933530a24d07b87e5ff42345399b","real_bitrate":228057,"audio_file_id":"1a6aff82d9b67ba155d1db2c56504a65","applog_map":{"feature_id":"ce7c25ff7a5ccd0ee1c134f842898e76"},"mvmaf":"{\\"mvmaf_sr_v1080\\":93.623,\\"mvmaf_sr_v960\\":95.139,\\"mvmaf_sr_v864\\":96.102,\\"mvmaf_sr_v720\\":98.022,\\"mvmaf_ori_v1080\\":82.262,\\"mvmaf_ori_v960\\":86.672,\\"mvmaf_ori_v864\\":87.895,\\"mvmaf_ori_v720\\":91.276}","audio_metrics":null,"audio_score":null}', 'format': 'dash'}], 'duration': 72840, 'play_addr_265': {'uri': 'v0200fg10000crd7mfvog65nhfenkatg', 'url_list': ['https://v5-dy-o-abtest.zjcdn.com/16a04933879b34bc6e98287fd2be8125/68f66e01/video/tos/cn/tos-cn-ve-0015c800/o0DF4ffZgrVPNFEBaGvCAfE2EtIBMQ7A70udqb/?a=6383&ch=10010&cr=3&dr=0&lr=all&cd=0%7C0%7C0%7C3&cv=1&br=251&bt=251&cs=2&ds=6&ft=c2YTctGHQPRUZxfusdr~kwPqYldQIKDEE-TerrNqq_45a&mime_type=video_mp4&qs=11&rc=NzQ4NmY6aTpmZWk7NDpoNUBpamRxaXE5cmk6dTMzNGkzM0BhL14tX2M1XzAxMjU2LmJeYSNxaGJlMmRzamFgLS1kLS9zcw%3D%3D&btag=80000e00028000&cquery=100B_100H_100K_100o_101r&dy_q=1760969609&feature_id=c6de0308cacfd993ef282c8e1c646267&l=20251020221329FF810B6B17C3D024C6A3', 'https://v5-dy-o-abtest.zjcdn.com/16a04933879b34bc6e98287fd2be8125/68f66e01/video/tos/cn/tos-cn-ve-0015c800/o0DF4ffZgrVPNFEBaGvCAfE2EtIBMQ7A70udqb/?a=6383&ch=10010&cr=3&dr=0&lr=all&cd=0%7C0%7C0%7C3&cv=1&br=251&bt=251&cs=2&ds=6&ft=c2YTctGHQPRUZxfusdr~kwPqYldQIKDEE-TerrNqq_45a&mime_type=video_mp4&qs=11&rc=NzQ4NmY6aTpmZWk7NDpoNUBpamRxaXE5cmk6dTMzNGkzM0BhL14tX2M1XzAxMjU2LmJeYSNxaGJlMmRzamFgLS1kLS9zcw%3D%3D&btag=80000e00028000&cquery=100B_100H_100K_100o_101r&dy_q=1760969609&feature_id=c6de0308cacfd993ef282c8e1c646267&l=20251020221329FF810B6B17C3D024C6A3', 'https://www.douyin.com/aweme/v1/play/?video_id=v0200fg10000crd7mfvog65nhfenkatg&line=0&file_id=a2ee1791885f4b3cb78ff7bc03a521d4&sign=0bb7be93a706199a356408e9f01ef756&is_play_url=1&source=PackSourceEnum_PUBLISH'], 'width': 576, 'height': 1024, 'url_key': 'v0200fg10000crd7mfvog65nhfenkatg_bytevc1_540p_257064', 'data_size': 2340571, 'file_hash': '0bb7be93a706199a356408e9f01ef756', 'file_cs': 'c:0-61445-8228'}, 'bit_rate_audio': [{'audio_meta': {'url_list': {'main_url': 'https://v5-dy-o-abtest.zjcdn.com/17f7f5ec3f604811c52a72bb186b99c5/68f79551/video/tos/cn/tos-cn-ve-0015c800/oE9dRAA7mDAH8K1cB3iigsBfA2A9QbAgIif6Cn/media-audio-und-mp4a/?a=6383&ch=0&cr=8&dr=0&er=1&lr=default&cd=0%7C0%7C0%7C3&cv=1&br=47&bt=47&cs=4&mime_type=video_mp4&qs=14&rc=OGQzOWZlNDg0ZTk8NWlkZEBpamRxaXE5cmk6dTMzNGkzM0AzMTIyL2FhMl40X2E1YzMuYSNxaGJlMmRzamFgLS1kLS9zcw%3D%3D&btag=80000e00028000&cquery=101r_100o&dy_q=1760969609&l=20251020221329FF810B6B17C3D024C6A3', 'backup_url': 'https://v5-dy-o-abtest.zjcdn.com/17f7f5ec3f604811c52a72bb186b99c5/68f79551/video/tos/cn/tos-cn-ve-0015c800/oE9dRAA7mDAH8K1cB3iigsBfA2A9QbAgIif6Cn/media-audio-und-mp4a/?a=6383&ch=0&cr=8&dr=0&er=1&lr=default&cd=0%7C0%7C0%7C3&cv=1&br=47&bt=47&cs=4&mime_type=video_mp4&qs=14&rc=OGQzOWZlNDg0ZTk8NWlkZEBpamRxaXE5cmk6dTMzNGkzM0AzMTIyL2FhMl40X2E1YzMuYSNxaGJlMmRzamFgLS1kLS9zcw%3D%3D&btag=80000e00028000&cquery=101r_100o&dy_q=1760969609&l=20251020221329FF810B6B17C3D024C6A3', 'fallback_url': 'https://www.douyin.com/aweme/v1/play/dash/?video_id=v0200fg10000crd7mfvog65nhfenkatg&line=0&file_id=1a6aff82d9b67ba155d1db2c56504a65&sign=1a6aff82d9b67ba155d1db2c56504a65&is_play_url=1&source=PackSourceEnum_PUBLISH'}, 'encoded_type': 'normal', 'media_type': 'audio', 'logo_type': '', 'quality': 'adapt_lower', 'quality_desc': '', 'format': 'dash', 'bitrate': 49066, 'codec_type': 'bytevc1', 'size': 446744, 'fps': 0, 'file_id': '1a6aff82d9b67ba155d1db2c56504a65', 'file_hash': '1a6aff82d9b67ba155d1db2c56504a65', 'sub_info': '{"audio_channels":"2.0","audio_layout":"C","audio_sample_rate":"44100","base_range_info":{"index_range":"866-1041","init_range":"0-865"},"check_info":{"check_info":"a:v0200fg10000crd7mfvog65nhfenkatg|b:0-1041-6a4575b784d23fb42033a8b80549923d|c:0-1041-43ab"},"gear_des_key":"0:dash|1:normal|2:bytevc1|5:adapt_lower|10000:105"}'}, 'audio_quality': 5, 'audio_extra': '{"real_bitrate":228057}'}], 'play_addr_h264': {'uri': 'v0200fg10000crd7mfvog65nhfenkatg', 'url_list': ['https://v5-dy-o-abtest.zjcdn.com/282982f6917749abe76e0c09a33ae7c5/68f66e01/video/tos/cn/tos-cn-ve-0015c800/oY1dfKg2fAIzAsjnQB9m9bB7PiACiAz6inIES3/?a=6383&ch=10010&cr=3&dr=0&lr=all&cd=0%7C0%7C0%7C3&cv=1&br=990&bt=990&cs=0&ds=4&ft=c2YTctGHQPRUZxfusdr~kwPqYldQIKDEE-TerrNqq_45a&mime_type=video_mp4&qs=0&rc=Mzg5OTgzOTg6NWQ0ODs7M0BpamRxaXE5cmk6dTMzNGkzM0AyNGBfXjY2NWMxYjU0XjAwYSNxaGJlMmRzamFgLS1kLS9zcw%3D%3D&btag=80000e00028000&cquery=100o_101r_100B_100H_100K&dy_q=1760969609&feature_id=46a7bb47b4fd1280f3d3825bf2b29388&l=20251020221329FF810B6B17C3D024C6A3', 'https://v5-dy-o-abtest.zjcdn.com/282982f6917749abe76e0c09a33ae7c5/68f66e01/video/tos/cn/tos-cn-ve-0015c800/oY1dfKg2fAIzAsjnQB9m9bB7PiACiAz6inIES3/?a=6383&ch=10010&cr=3&dr=0&lr=all&cd=0%7C0%7C0%7C3&cv=1&br=990&bt=990&cs=0&ds=4&ft=c2YTctGHQPRUZxfusdr~kwPqYldQIKDEE-TerrNqq_45a&mime_type=video_mp4&qs=0&rc=Mzg5OTgzOTg6NWQ0ODs7M0BpamRxaXE5cmk6dTMzNGkzM0AyNGBfXjY2NWMxYjU0XjAwYSNxaGJlMmRzamFgLS1kLS9zcw%3D%3D&btag=80000e00028000&cquery=101r_100B_100H_100K_100o&dy_q=1760969609&feature_id=46a7bb47b4fd1280f3d3825bf2b29388&l=20251020221329FF810B6B17C3D024C6A3', 'https://www.douyin.com/aweme/v1/play/?video_id=v0200fg10000crd7mfvog65nhfenkatg&line=0&file_id=3038a87581ea42f7859690a5b6c67550&sign=23b02d8df541f93a29d1badd7cb794bb&is_play_url=1&source=PackSourceEnum_PUBLISH'], 'width': 1080, 'height': 1920, 'url_key': 'v0200fg10000crd7mfvog65nhfenkatg_h264_1080p_1014060', 'data_size': 9233018, 'file_hash': '23b02d8df541f93a29d1badd7cb794bb', 'file_cs': 'c:0-61314-b3b1|a:v0200fg10000crd7mfvog65nhfenkatg'}, 'raw_cover': {'uri': 'tos-cn-i-dy/7077469d0ea34f0b978c7df782fb5316', 'url_list': ['https://p3-pc-sign.douyinpic.com/tos-cn-i-dy/7077469d0ea34f0b978c7df782fb5316~tplv-dy-cropcenter:323:430.jpeg?lk3s=138a59ce&x-expires=2076328800&x-signature=CGjscMC8GXsCsTcpwwyacMBSWtc%3D&from=327834062&s=PackSourceEnum_PUBLISH&se=true&sh=323_430&sc=cover&biz_tag=pcweb_cover&l=20251020221329FF810B6B17C3D024C6A3', 'https://p3-pc-sign.douyinpic.com/obj/tos-cn-i-dy/7077469d0ea34f0b978c7df782fb5316?lk3s=138a59ce&x-expires=2076328800&x-signature=52J3S9jf5TDksbUDMaCJ2GnKJoI%3D&from=327834062&s=PackSourceEnum_PUBLISH&se=false&sc=cover&biz_tag=pcweb_cover&l=20251020221329FF810B6B17C3D024C6A3'], 'width': 720, 'height': 720}, 'is_long_video': 1, 'animated_cover': {'uri': 'tos-cn-i-dy/7077469d0ea34f0b978c7df782fb5316', 'url_list': ['https://p3-pc-sign.douyinpic.com/obj/tos-cn-i-dy/7077469d0ea34f0b978c7df782fb5316?lk3s=138a59ce&x-expires=1762178400&x-signature=s8fGzKDaGDpD%2BziuDYz8SdzvSOQ%3D&from=327834062_large&s=PackSourceEnum_PUBLISH&se=false&sc=dynamic_cover&biz_tag=pcweb_cover&l=20251020221329FF810B6B17C3D024C6A3', 'https://p9-pc-sign.douyinpic.com/obj/tos-cn-i-dy/7077469d0ea34f0b978c7df782fb5316?lk3s=138a59ce&x-expires=1762178400&x-signature=KFnzOVcGCnTnGxqH%2BVgs2ObxZcw%3D&from=327834062_large&s=PackSourceEnum_PUBLISH&se=false&sc=dynamic_cover&biz_tag=pcweb_cover&l=20251020221329FF810B6B17C3D024C6A3']}, 'gaussian_cover': {'uri': 'tos-cn-p-0015/ogesMQAXgL2Do2H3gI0orQWn30sneE8ee5Aizf', 'url_list': ['https://p3-pc-sign.douyinpic.com/tos-cn-p-0015/ogesMQAXgL2Do2H3gI0orQWn30sneE8ee5Aizf~tplv-tsj2vxp0zn-gaosi:40.jpeg?lk3s=138a59ce&x-expires=1792504800&x-signature=ckCNiD4gmorubS6jorouodRCDzM%3D&from=327834062', 'https://p9-pc-sign.douyinpic.com/tos-cn-p-0015/ogesMQAXgL2Do2H3gI0orQWn30sneE8ee5Aizf~tplv-tsj2vxp0zn-gaosi:40.jpeg?lk3s=138a59ce&x-expires=1792504800&x-signature=yxxv%2FBKPKyrzcQHJkXUbWB4RR20%3D&from=327834062'], 'width': 720, 'height': 720}, 'meta': '{"bright_ratio_mean":"0.079","brightness_mean":"122.6149","diff_overexposure_ratio":"0.0054","enable_manual_ladder":"1","format":"mp4","gear_vqm":"{\\"1080p_720p\\":2,\\"720p_540p\\":0}","hrids":"500000002","is_spatial_video":"0","isad":"0","loudness":"-23.4","overexposure_ratio_mean":"0.0256","peak":"0.60256","qprf":"1.000","sdgs":"[\\"normal_1080_0\\",\\"normal_720_0\\",\\"low_720_0\\",\\"low_540_0\\",\\"adapt_low_540_0\\",\\"adapt_lowest_1080_1\\",\\"adapt_lowest_720_1\\",\\"adapt_540_1\\",\\"adapt_lower_540_1\\"]","sr_potential":"{\\"v1.0\\":{\\"score\\":46.617}}","sr_score":"1.000","std_brightness":"5.7961","strategy_tokens":"[\\"online\\",\\"strategy_iteration_ab01_0809\\",\\"strategy_iteration_ab02_0809\\"]","title_info":"{\\"bottom_res_add\\":[3.09,15.14,31.18,66.09,46.32,42.59,22.14,0.64,0.64,1.86,0.09,0.73,0.27,0,0],\\"bullet_zone\\":12.03,\\"progress_bar\\":[45.02,45.47,45.72],\\"ratio_br_l\\":[0,0,0,0,0,0],\\"ratio_edge_l\\":[0.59,0.64,0.73,0.76,0.78,0.79],\\"top_res_add\\":[0,0,3.64,48.45,44.27,4.64,10.09],\\"version\\":\\"v1.0\\"}","volume_info":"{\\"MaximumShortTermLoudness\\":-19,\\"Metrics\\":{\\"Phase\\":{\\"RMSDownmixDiff\\":-0.237},\\"RMSStats\\":{\\"RTotal\\":-27.576,\\"LRDiff\\":0.071,\\"LTotal\\":-27.505,\\"Peak\\":-4.399},\\"Version\\":\\"1.4.2\\",\\"Loudness\\":{\\"Integrated\\":-23.442}},\\"Peak\\":0.60256,\\"Version\\":2,\\"Loudness\\":-23.4,\\"LoudnessRangeEnd\\":-20.4,\\"MaximumMomentaryLoudness\\":-13.4,\\"LoudnessRange\\":7.4,\\"LoudnessRangeStart\\":-27.8}","vqs_origin":"78.72"}', 'video_model': '', 'is_source_HDR': 0, 'use_static_cover': True, 'big_thumbs': [{'img_num': 73, 'uri': 'tos-cn-p-0015/oMEIrp7BQBAf4Qm0HNJA72F0ECFZVetDP58fIv', 'img_url': 'https://p3-sign.douyinpic.com/tos-cn-p-0015/oMEIrp7BQBAf4Qm0HNJA72F0ECFZVetDP58fIv~tplv-noop.image?cquery=100H_100K_100o_101r_100B&dy_q=1760969609&l=20251020221329FF810B6B17C3D024C6A3&x-expires=1760980481&x-signature=lxfJZ2PI%2BJTICwyN4B5tj2hKPLE%3D', 'img_x_size': 136, 'img_y_size': 240, 'img_x_len': 5, 'img_y_len': 5, 'duration': 72.8, 'interval': 1, 'fext': 'jpg', 'uris': ['tos-cn-p-0015/oMEIrp7BQBAf4Qm0HNJA72F0ECFZVetDP58fIv', 'tos-cn-p-0015/o0ree2De8AIZP3MfH4P0zLgAXWsKe0FRoQQgEs', 'tos-cn-p-0015/ooz0M8efHQOQg4erLO2AWI30gbseAfosGEMLXw'], 'img_urls': ['https://p3-sign.douyinpic.com/tos-cn-p-0015/oMEIrp7BQBAf4Qm0HNJA72F0ECFZVetDP58fIv~tplv-noop.image?cquery=100H_100K_100o_101r_100B&dy_q=1760969609&l=20251020221329FF810B6B17C3D024C6A3&x-expires=1760980481&x-signature=lxfJZ2PI%2BJTICwyN4B5tj2hKPLE%3D', 'https://p3-sign.douyinpic.com/tos-cn-p-0015/o0ree2De8AIZP3MfH4P0zLgAXWsKe0FRoQQgEs~tplv-noop.image?cquery=100o_101r_100B_100H_100K&dy_q=1760969609&l=20251020221329FF810B6B17C3D024C6A3&x-expires=1760980481&x-signature=21iLLMVlmtt2ydDp%2F%2BtSmIjzmNw%3D', 'https://p3-sign.douyinpic.com/tos-cn-p-0015/ooz0M8efHQOQg4erLO2AWI30gbseAfosGEMLXw~tplv-noop.image?cquery=101r_100B_100H_100K_100o&dy_q=1760969609&l=20251020221329FF810B6B17C3D024C6A3&x-expires=1760980481&x-signature=y1caz4e32pnJ8MtMbUibYYnxkyM%3D']}]}, 'item_aigc_follow_shot': 1, 'user_digged': 0, 'statistics': {'recommend_count': 8, 'comment_count': 8, 'digg_count': 165, 'admire_count': 0, 'play_count': 0, 'share_count': 71, 'collect_count': 71}, 'status': {'not_allow_soft_del_reason': 'ab', 'is_delete': False, 'allow_share': True, 'review_result': {'review_status': 0}, 'allow_friend_recommend_guide': True, 'part_see': 0, 'private_status': 0, 'listen_video_status': 2, 'in_reviewing': False, 'allow_self_recommend_to_friend': True, 'allow_friend_recommend': True, 'is_prohibited': False, 'enable_soft_delete': 0}, 'flash_mob_trends': 0, 'text_extra': [{'start': 16, 'end': 21, 'type': 1, 'hashtag_name': '父母课堂', 'hashtag_id': '1600624540786695', 'is_commerce': False, 'caption_start': 16, 'caption_end': 21}, {'start': 23, 'end': 28, 'type': 1, 'hashtag_name': '幼儿教育', 'hashtag_id': '1591352385275918', 'is_commerce': False, 'caption_start': 23, 'caption_end': 28}, {'start': 30, 'end': 35, 'type': 1, 'hashtag_name': '亲子关系', 'hashtag_id': '1595199377513476', 'is_commerce': False, 'caption_start': 30, 'caption_end': 35}, {'start': 37, 'end': 40, 'type': 1, 'hashtag_name': '育儿', 'hashtag_id': '1767586940916743', 'is_commerce': False, 'caption_start': 37, 'caption_end': 40}, {'start': 43, 'end': 48, 'type': 1, 'hashtag_name': '家庭教育', 'hashtag_id': '1767586804947975', 'is_commerce': False, 'caption_start': 43, 'caption_end': 48}], 'is_top': 0, 'mv_info': None, 'share_info': {'share_url': 'https://www.iesdouyin.com/share/video/7411371820026187060/?region=US&mid=7411370984684456756&u_code=0&did=MS4wLjABAAAAvCMmrvAxedjvycgJ9K0iX5KdtDHpyq-etIWoeicy6xniB0XMxRYv3S-CyP_GdsPs&iid=MS4wLjABAAAANwkJuWIRFOzg5uCpDRpMj4OX-QryoDgn-yYlXQnRwQQ&with_sec_did=1&video_share_track_ver=&titleType=title&share_sign=2NTwVY_Wj2SfHNLjewYkU40pRJPVkvpLN_VyJSN4A0I-&share_version=290100&ts=1760969609&from_aid=6383&from_ssr=1&share_track_info=%7B%22link_description_type%22%3A%22%22%7D', 'share_link_desc': '5.33 fbn:/ L@j.cN 02/05 对零至六岁儿童来说“奖惩无用” # 父母课堂 # 幼儿教育 # 亲子关系 # 育儿 # # 家庭教育  %s 复制此链接，打开Dou音搜索，直接观看视频！'}, 'caption_template_id': 0, 'video_labels': None, 'shoot_way': '', 'is_ads': False, 'duration': 72840, 'aweme_type': 0, 'is_new_text_mode': 0, 'ai_follow_images': None, 'image_infos': None, 'risk_infos': {'vote': False, 'warn': False, 'risk_sink': False, 'type': 0, 'content': ''}, 'entertainment_video_type': 3, 'chapter_bar_color': None, 'position': None, 'uniqid_position': None, 'comment_list': None, 'author_user_id': 1965574329213736, 'product_genre_info': {'product_genre_type': 2, 'material_genre_sub_type_set': [4], 'special_info': {'recommend_group_name': 0}}, 'geofencing': [], 'is_from_ad_auth': False, 'is_moment_story': 0, 'region': '', 'video_text': None, 'video_share_edit_status': 0, 'collect_stat': 0, 'label_top_text': None, 'promotions': [], 'group_id': '7411371820026187060', 'prevent_download': False, 'nickname_position': None, 'challenge_position': None, 'trends_event_track': '{}', 'enable_comment_sticker_rec': False, 'mark_largely_following': False, 'long_video': None, 'aweme_listen_struct': {'trace_info': '{"copyright_not_speech":"false","copyright_reason":"has_listen_cp_new","copyright_tag_hit":"","copyright_use_aed_default":"false","copyright_use_tag_default":"false","cp_ab":"true","desc":"","duration_over":"false","hit_high_risk":"false","media_type":"4","reason":"hit_ab_0","show":"false"}'}, 'component_control': {'data_source_url': '/aweme/v1/web/aweme/post/'}, 'friend_recommend_info': {'friend_recommend_source': 10, 'label_user_list': None, 'disable_friend_recommend_guide_label': False}, 'nearby_hot_comment': None, 'interaction_stickers': None, 'can_cache_to_local': True, 'origin_comment_ids': None, 'commerce_config_data': None, 'douplus_user_type': 0, 'video_control': {'allow_download': False, 'share_type': 0, 'show_progress_bar': 1, 'draft_progress_bar': 1, 'allow_duet': True, 'allow_react': False, 'prevent_download_type': 2, 'allow_dynamic_wallpaper': False, 'timer_status': 1, 'allow_music': True, 'allow_stitch': False, 'allow_douplus': True, 'allow_share': True, 'share_grayed': False, 'download_ignore_visibility': False, 'duet_ignore_visibility': False, 'share_ignore_visibility': False, 'download_info': {'level': 1, 'fail_info': {'code': 290002, 'reason': 'isolation_content', 'msg': '视频暂时无法保存，链接已复制'}}, 'duet_info': {'level': 0}, 'allow_record': True, 'disable_record_reason': '', 'timer_info': {}}, 'aweme_control': {'can_forward': True, 'can_share': True, 'can_comment': True, 'can_show_comment': True}, 'interest_points': None, 'is_25_story': 0, 'aweme_type_tags': '', 'entertainment_video_paid_way': {'paid_ways': [], 'paid_type': 0, 'enable_use_new_ent_data': False}, 'anchors': None, 'hybrid_label': None, 'geofencing_regions': None, 'select_anchor_expanded_content': 0, 'aweme_acl': {'download_mask_panel': {'code': 1, 'show_type': 0}}, 'ent_log_extra': {'log_extra': '{"global_log_extra":null,"page_log_extra":null,"aweme_log_extra":{"ce_current_group_id":"7411371820026187060","author_id":"1965574329213736"},"extra_log_extra":null}'}, 'is_story': 0, 'publish_plus_alienation': {'alienation_type': 0}, 'trends_infos': None, 'follow_shot_assets': None, 'cover_labels': None, 'series_basic_info': {}, 'origin_duet_resource_uri': '', 'guide_btn_type': 0, 'cf_assets_type': 0, 'personal_page_botton_diagnose_style': 0, 'images': None, 'relation_labels': None, 'is_moment_history': 0, 'impression_data': {'group_id_list_a': [], 'group_id_list_b': [], 'similar_id_list_a': None, 'similar_id_list_b': None, 'group_id_list_c': [], 'group_id_list_d': []}, 'game_tag_info': {'is_game': False}, 'is_24_story': 0, 'libfinsert_task_id': '', 'social_tag_list': None, 'show_follow_button': {}, 'duet_aggregate_in_music_tab': False, 'is_duet_sing': False, 'comment_permission_info': {'comment_permission_status': 0, 'can_comment': True, 'item_detail_entry': False, 'press_entry': False, 'toast_guide': False}, 'original_images': None, 'series_paid_info': {'series_paid_status': 0, 'item_price': 0}, 'img_bitrate': None, 'comment_gid': 7411371820026187060, 'image_album_music_info': {'begin_time': -1, 'end_time': -1, 'volume': -1}, 'video_tag': [{'tag_id': 2024, 'tag_name': '亲子', 'level': 1}, {'tag_id': 2024006, 'tag_name': '母婴', 'level': 2}, {'tag_id': 2024006003, 'tag_name': '育儿知识', 'level': 3}], 'is_collects_selected': 0, 'chapter_list': None, 'feed_comment_config': {'input_config_text': '善语结善缘，恶言伤人心', 'author_audit_status': 0, 'common_flags': '{"hashtag":"[{\\"name\\":\\"家庭教育\\",\\"id\\":1767586804947975},{\\"name\\":\\"幼儿教育\\",\\"id\\":1591352385275918},{\\"name\\":\\"父母课堂\\",\\"id\\":1600624540786695},{\\"name\\":\\"亲子关系\\",\\"id\\":1595199377513476},{\\"name\\":\\"育儿\\",\\"id\\":1767586940916743}]","item_author_nickname":"孙瑞雪聊教育","video_labels_v2_tag1":"母婴","video_labels_v2_tag2":"育儿理念"}'}, 'is_image_beat': False, 'dislike_dimension_list': None, 'standard_bar_info_list': None, 'photo_search_entrance': {'ecom_type': 0}, 'is_life_item': False, 'image_list': None, 'component_info_v2': '{"desc_lines_limit":0,"hide_marquee":false}', 'item_warn_notification': {'type': 0, 'show': False, 'content': ''}, 'origin_text_extra': None, 'disable_relation_bar': 0, 'packed_clips': None, 'author_mask_tag': 0, 'user_recommend_status': 1, 'collection_corner_mark': 0, 'is_share_post': False, 'image_comment': {}, 'visual_search_info': {'is_show_img_entrance': False, 'is_ecom_img': False, 'is_high_accuracy_ecom': False, 'is_high_recall_ecom': False}, 'tts_id_list': None, 'ref_tts_id_list': None, 'voice_modify_id_list': None, 'ref_voice_modify_id_list': None, 'authentication_token': 'MS4wLjAAAAAAROpXcgCbqWYlAeFuzpM91X-ySyS05jge57SFWZH8wKv2QfFg6cQwnZ3pi7f_BZrPUkDXQdfkIgvqf2NthveidvBIpoTorKA_Mwyq6GAswcB6wm310mBYDqOdqgetlxan2elRXSyCfjucwfHUs21tOdCkdJriQ_HZG9II08cJjT-u2WIW8IyVU3cIHk7IES9ajsKfZtsRVOdttDXGDka2dJq9pyKGJKzNUq7y2hB-3Hkc3nEALPJw4RSegU2FbBtK', 'video_game_data_channel_config': {}, 'dislike_dimension_list_v2': None, 'distribute_circle': {'distribute_type': 0, 'campus_block_interaction': False, 'is_campus': False}, 'image_crop_ctrl': 0, 'yumme_recreason': None, 'slides_music_beats': None, 'jump_tab_info_list': None, 'media_type': 4, 'reply_smart_emojis': None, 'activity_video_type': -1, 'boost_status': 0, 'create_scale_type': None, 'entertainment_product_info': {'sub_title': None, 'market_info': {'limit_free': {'in_free': False}, 'marketing_tag': None}}, 'caption': '对零至六岁儿童来说“奖惩无用” #父母课堂  #幼儿教育  #亲子关系  #育儿  ##家庭教育', 'item_title': '', 'is_use_music': False, 'original': 0, 'xigua_base_info': {'status': 0, 'star_altar_order_id': 0, 'star_altar_type': 0, 'item_id': 0}}, {'aweme_id': '7406237405239397642', 'desc': '儿童开发心智需要什么样的环境？ #父母课堂  #幼儿教育  #亲子关系  #育儿', 'create_time': 1725529500, 'author': {'uid': '1965574329213736', 'card_entries_not_display': None, 'nickname': '孙瑞雪聊教育', 'personal_tag_list': None, 'homepage_bottom_toast': None, 'avatar_thumb': {'uri': '100x100/aweme-avatar/tos-cn-avt-0015_afee5b125df955a19af4c41159ad1295', 'url_list': ['https://p3-pc.douyinpic.com/aweme/100x100/aweme-avatar/tos-cn-avt-0015_afee5b125df955a19af4c41159ad1295.jpeg?from=327834062'], 'width': 720, 'height': 720}, 'batch_unfollow_contain_tabs': None, 'not_seen_item_id_list': None, 'follow_status': 0, 'contrail_list': None, 'story_interactive': 0, 'data_label_list': None, 'custom_verify': '', 'follower_list_secondary_information_struct': None, 'display_info': None, 'interest_tags': None, 'account_cert_info': '{}', 'user_tags': None, 'share_info': {'share_url': '', 'share_weibo_desc': '', 'share_desc': '', 'share_title': '', 'share_qrcode_url': {'uri': '31b0500316c4e154852bc', 'url_list': ['https://p3-pc-sign.douyinpic.com/obj/31b0500316c4e154852bc?lk3s=138a59ce&x-expires=1760990400&x-signature=VnOegD8kfOkclbkCT%2BIUAVSkQl4%3D&from=327834062'], 'width': 720, 'height': 720}, 'share_title_myself': '', 'share_title_other': '', 'share_desc_info': ''}, 'can_set_geofencing': None, 'sec_uid': 'MS4wLjABAAAAnAFnkWlOm9jteymsi42fanYLMzfbqdGIwCILEUqDNmFyjfK9N8fSJdS_D2UWk_we', 'need_points': None, 'enterprise_verify_reason': '', 'is_ad_fake': False, 'story_ttl': 0, 'user_permissions': None, 'card_entries': None, 'creator_tag_list': None, 'offline_info_list': None, 'text_extra': None, 'card_sort_priority': None, 'prevent_download': False, 'special_people_labels': None, 'white_cover_url': None, 'endorsement_info_list': None, 'follower_status': 0, 'profile_mob_params': None, 'familiar_visitor_user': None, 'avatar_schema_list': None, 'cover_url': [{'uri': 'c8510002be9a3a61aad2', 'url_list': ['https://p3-pc-sign.douyinpic.com/obj/c8510002be9a3a61aad2?lk3s=138a59ce&x-expires=1762178400&x-signature=bEz6E0nbTH1458RtDsUU87G74Mk%3D&from=327834062'], 'width': 720, 'height': 720}], 'cf_list': None, 'im_role_ids': None, 'not_seen_item_id_list_v2': None, 'signature_extra': None, 'risk_notice_text': '', 'ban_user_functions': None, 'profile_component_disabled': None, 'verification_permission_ids': None, 'identity_labels': None, 'private_relation_list': None, 'link_item_list': None, 'batch_unfollow_relation_desc': None}, 'music': {'id': 7406237467311213321, 'id_str': '7406237467311213321', 'title': '@孙瑞雪聊教育创作的原声', 'author': '孙瑞雪聊教育', 'album': '', 'cover_hd': {'uri': '1080x1080/aweme-avatar/tos-cn-avt-0015_afee5b125df955a19af4c41159ad1295', 'url_list': ['https://p3-pc.douyinpic.com/aweme/1080x1080/aweme-avatar/tos-cn-avt-0015_afee5b125df955a19af4c41159ad1295.jpeg?from=327834062'], 'width': 720, 'height': 720}, 'cover_large': {'uri': '1080x1080/aweme-avatar/tos-cn-avt-0015_afee5b125df955a19af4c41159ad1295', 'url_list': ['https://p3-pc.douyinpic.com/aweme/1080x1080/aweme-avatar/tos-cn-avt-0015_afee5b125df955a19af4c41159ad1295.jpeg?from=327834062'], 'width': 720, 'height': 720}, 'cover_medium': {'uri': '720x720/aweme-avatar/tos-cn-avt-0015_afee5b125df955a19af4c41159ad1295', 'url_list': ['https://p3-pc.douyinpic.com/aweme/720x720/aweme-avatar/tos-cn-avt-0015_afee5b125df955a19af4c41159ad1295.jpeg?from=327834062'], 'width': 720, 'height': 720}, 'cover_thumb': {'uri': '100x100/aweme-avatar/tos-cn-avt-0015_afee5b125df955a19af4c41159ad1295', 'url_list': ['https://p3-pc.douyinpic.com/aweme/100x100/aweme-avatar/tos-cn-avt-0015_afee5b125df955a19af4c41159ad1295.jpeg?from=327834062'], 'width': 720, 'height': 720}, 'play_url': {'uri': 'https://sf5-hl-cdn-tos.douyinstatic.com/obj/ies-music/7406237541098752794.mp3', 'url_list': ['https://sf5-hl-cdn-tos.douyinstatic.com/obj/ies-music/7406237541098752794.mp3', 'https://sf3-cdn-tos.douyinstatic.com/obj/ies-music/7406237541098752794.mp3'], 'width': 720, 'height': 720, 'url_key': '7406237467311213321'}, 'schema_url': '', 'source_platform': 23, 'start_time': 0, 'end_time': 0, 'duration': 100, 'extra': '{"aed_music_score":0,"aed_singing_score":0.03,"aggregate_exempt_conf":[],"beats":{},"cover_colors":null,"douyin_beats_info":{},"dsp_switch":0,"extract_item_id":7406237405239397642,"has_edited":0,"hit_high_follow_auto":false,"hit_high_follow_extend":false,"hit_high_follow_original":false,"hotsoon_review_time":-1,"is_aed_music":0,"is_high_follow_user":false,"is_red":0,"is_subsidy_exp":false,"music_label_id":null,"music_tagging":{"AEDs":null,"Genres":null,"Instruments":null,"Languages":null,"Moods":null,"SingingVersions":null,"Themes":null},"review_unshelve_reason":0,"reviewed":0,"schedule_search_time":0,"uniqa_speech_score":0.66,"with_aed_model":1}', 'user_count': 0, 'position': None, 'collect_stat': 0, 'status': 1, 'offline_desc': '', 'owner_id': '1965574329213736', 'owner_nickname': '孙瑞雪聊教育', 'is_original': False, 'mid': '7406237467311213321', 'binded_challenge_id': 0, 'redirect': False, 'is_restricted': False, 'author_deleted': False, 'is_del_video': False, 'is_video_self_see': False, 'owner_handle': '63566855132', 'author_position': None, 'prevent_download': False, 'unshelve_countries': None, 'prevent_item_download_status': 0, 'external_song_info': [], 'sec_uid': 'MS4wLjABAAAAnAFnkWlOm9jteymsi42fanYLMzfbqdGIwCILEUqDNmFyjfK9N8fSJdS_D2UWk_we', 'avatar_thumb': {'uri': '100x100/aweme-avatar/tos-cn-avt-0015_afee5b125df955a19af4c41159ad1295', 'url_list': ['https://p3-pc.douyinpic.com/aweme/100x100/aweme-avatar/tos-cn-avt-0015_afee5b125df955a19af4c41159ad1295.jpeg?from=327834062'], 'width': 720, 'height': 720}, 'avatar_medium': {'uri': '720x720/aweme-avatar/tos-cn-avt-0015_afee5b125df955a19af4c41159ad1295', 'url_list': ['https://p3-pc.douyinpic.com/aweme/720x720/aweme-avatar/tos-cn-avt-0015_afee5b125df955a19af4c41159ad1295.jpeg?from=327834062'], 'width': 720, 'height': 720}, 'avatar_large': {'uri': '1080x1080/aweme-avatar/tos-cn-avt-0015_afee5b125df955a19af4c41159ad1295', 'url_list': ['https://p3-pc.douyinpic.com/aweme/1080x1080/aweme-avatar/tos-cn-avt-0015_afee5b125df955a19af4c41159ad1295.jpeg?from=327834062'], 'width': 720, 'height': 720}, 'preview_start_time': 0, 'preview_end_time': 0, 'is_commerce_music': False, 'is_original_sound': True, 'audition_duration': 100, 'shoot_duration': 100, 'reason_type': 0, 'artists': [], 'lyric_short_position': None, 'mute_share': False, 'tag_list': None, 'dmv_auto_show': False, 'is_pgc': False, 'is_matched_metadata': False, 'is_audio_url_with_cookie': False, 'music_chart_ranks': None, 'can_background_play': True, 'music_status': 1, 'video_duration': 100, 'pgc_music_type': 2, 'author_status': 1, 'search_impr': {'entity_id': '7406237467311213321'}, 'artist_user_infos': None, 'dsp_status': 10, 'musician_user_infos': None, 'music_collect_count': 0, 'music_cover_atmosphere_color_value': '', 'show_origin_clip': False}, 'effect_inflow_effects': None, 'video': {'play_addr': {'uri': 'v0300fg10000cr43r9vog65ugphvo820', 'url_list': ['https://v5-dy-o-abtest.zjcdn.com/7dbb9b9eb4769276c68039c00644c5bb/68f66e1d/video/tos/cn/tos-cn-ve-15/oAIAIFmhDBNIAPDdEfDYXDQgEQPmEyen8H2A9h/?a=6383&ch=10010&cr=3&dr=0&lr=all&cd=0%7C0%7C0%7C3&cv=1&br=1089&bt=1089&cs=0&ds=3&ft=c2YTctGHQPRUZxfusdr~kwPqYldQIKDEE-TerrNqq_45a&mime_type=video_mp4&qs=0&rc=aDRnPDRnZGU3Z2k2NGU1aUBpMzt5c3g5cjw2dTMzNGkzM0AvNS8wXjItXjYxX15iNDMuYSMvbGVkMmRzbzFgLS1kLTBzcw%3D%3D&btag=80000e00028000&cquery=101r_100B_100H_100K_100o&dy_q=1760969609&feature_id=2e1813f3872a2105acee44623dff2864&l=20251020221329FF810B6B17C3D024C6A3', 'https://v5-dy-o-abtest.zjcdn.com/7dbb9b9eb4769276c68039c00644c5bb/68f66e1d/video/tos/cn/tos-cn-ve-15/oAIAIFmhDBNIAPDdEfDYXDQgEQPmEyen8H2A9h/?a=6383&ch=10010&cr=3&dr=0&lr=all&cd=0%7C0%7C0%7C3&cv=1&br=1089&bt=1089&cs=0&ds=3&ft=c2YTctGHQPRUZxfusdr~kwPqYldQIKDEE-TerrNqq_45a&mime_type=video_mp4&qs=0&rc=aDRnPDRnZGU3Z2k2NGU1aUBpMzt5c3g5cjw2dTMzNGkzM0AvNS8wXjItXjYxX15iNDMuYSMvbGVkMmRzbzFgLS1kLTBzcw%3D%3D&btag=80000e00028000&cquery=100B_100H_100K_100o_101r&dy_q=1760969609&feature_id=2e1813f3872a2105acee44623dff2864&l=20251020221329FF810B6B17C3D024C6A3', 'https://www.douyin.com/aweme/v1/play/?video_id=v0300fg10000cr43r9vog65ugphvo820&line=0&file_id=1f627be1a3bf4d94ab0a5da1392d812e&sign=e1366a71f2c7264a82030d5fda43f7a8&is_play_url=1&source=PackSourceEnum_PUBLISH'], 'width': 720, 'height': 1280, 'url_key': 'v0300fg10000cr43r9vog65ugphvo820_h264_720p_1115515', 'data_size': 14009762, 'file_hash': 'e1366a71f2c7264a82030d5fda43f7a8', 'file_cs': 'c:0-110469-0c7c'}, 'cover': {'uri': 'tos-cn-i-dy/a20e1410fa104606b21f42eed719801d', 'url_list': ['https://p3-pc-sign.douyinpic.com/tos-cn-i-dy/a20e1410fa104606b21f42eed719801d~tplv-dy-cropcenter:323:430.jpeg?lk3s=138a59ce&x-expires=2076328800&x-signature=bU9s56lfbqURnODQsbeadhrXYFA%3D&from=327834062&s=PackSourceEnum_PUBLISH&se=true&sh=323_430&sc=cover&biz_tag=pcweb_cover&l=20251020221329FF810B6B17C3D024C6A3', 'https://p3-pc-sign.douyinpic.com/obj/tos-cn-i-dy/a20e1410fa104606b21f42eed719801d?lk3s=138a59ce&x-expires=2076328800&x-signature=58aQbde61L3klUQHN7D91oovo1s%3D&from=327834062&s=PackSourceEnum_PUBLISH&se=false&sc=cover&biz_tag=pcweb_cover&l=20251020221329FF810B6B17C3D024C6A3'], 'width': 720, 'height': 720}, 'height': 1920, 'width': 1080, 'dynamic_cover': {'uri': 'tos-cn-i-dy/a20e1410fa104606b21f42eed719801d', 'url_list': ['https://p3-pc-sign.douyinpic.com/obj/tos-cn-i-dy/a20e1410fa104606b21f42eed719801d?lk3s=138a59ce&x-expires=1762178400&x-signature=hX9ijPvCGIe4Qpr7cEEqR5pvtKo%3D&from=327834062_large&s=PackSourceEnum_PUBLISH&se=false&sc=dynamic_cover&biz_tag=pcweb_cover&l=20251020221329FF810B6B17C3D024C6A3', 'https://p9-pc-sign.douyinpic.com/obj/tos-cn-i-dy/a20e1410fa104606b21f42eed719801d?lk3s=138a59ce&x-expires=1762178400&x-signature=iHhiZpVuo0TDVNm2texR2QViMEc%3D&from=327834062_large&s=PackSourceEnum_PUBLISH&se=false&sc=dynamic_cover&biz_tag=pcweb_cover&l=20251020221329FF810B6B17C3D024C6A3'], 'width': 720, 'height': 720}, 'origin_cover': {'uri': 'tos-cn-p-0015/oonDc8gkPElMhDmmAEBqIPIIf2AzFBADIDe9yF', 'url_list': ['https://p3-pc-sign.douyinpic.com/tos-cn-p-0015/oonDc8gkPElMhDmmAEBqIPIIf2AzFBADIDe9yF~tplv-dy-360p.jpeg?lk3s=138a59ce&x-expires=1762178400&x-signature=pDjYGYk4dUGiTsui3LZJR6xVnYw%3D&from=327834062&s=PackSourceEnum_PUBLISH&se=false&sc=origin_cover&biz_tag=pcweb_cover&l=20251020221329FF810B6B17C3D024C6A3', 'https://p9-pc-sign.douyinpic.com/tos-cn-p-0015/oonDc8gkPElMhDmmAEBqIPIIf2AzFBADIDe9yF~tplv-dy-360p.jpeg?lk3s=138a59ce&x-expires=1762178400&x-signature=9ZjpjCFX7Hwu0Xi%2FNiSb2ydea94%3D&from=327834062&s=PackSourceEnum_PUBLISH&se=false&sc=origin_cover&biz_tag=pcweb_cover&l=20251020221329FF810B6B17C3D024C6A3'], 'width': 360, 'height': 640}, 'ratio': '720p', 'format': 'mp4', 'audio': {'original_sound_infos': None}, 'bit_rate': [{'gear_name': 'normal_720_0', 'quality_type': 10, 'bit_rate': 1115515, 'play_addr': {'uri': 'v0300fg10000cr43r9vog65ugphvo820', 'url_list': ['https://v5-dy-o-abtest.zjcdn.com/7dbb9b9eb4769276c68039c00644c5bb/68f66e1d/video/tos/cn/tos-cn-ve-15/oAIAIFmhDBNIAPDdEfDYXDQgEQPmEyen8H2A9h/?a=6383&ch=10010&cr=3&dr=0&lr=all&cd=0%7C0%7C0%7C3&cv=1&br=1089&bt=1089&cs=0&ds=3&ft=c2YTctGHQPRUZxfusdr~kwPqYldQIKDEE-TerrNqq_45a&mime_type=video_mp4&qs=0&rc=aDRnPDRnZGU3Z2k2NGU1aUBpMzt5c3g5cjw2dTMzNGkzM0AvNS8wXjItXjYxX15iNDMuYSMvbGVkMmRzbzFgLS1kLTBzcw%3D%3D&btag=80000e00028000&cquery=101r_100B_100H_100K_100o&dy_q=1760969609&feature_id=2e1813f3872a2105acee44623dff2864&l=20251020221329FF810B6B17C3D024C6A3', 'https://v5-dy-o-abtest.zjcdn.com/7dbb9b9eb4769276c68039c00644c5bb/68f66e1d/video/tos/cn/tos-cn-ve-15/oAIAIFmhDBNIAPDdEfDYXDQgEQPmEyen8H2A9h/?a=6383&ch=10010&cr=3&dr=0&lr=all&cd=0%7C0%7C0%7C3&cv=1&br=1089&bt=1089&cs=0&ds=3&ft=c2YTctGHQPRUZxfusdr~kwPqYldQIKDEE-TerrNqq_45a&mime_type=video_mp4&qs=0&rc=aDRnPDRnZGU3Z2k2NGU1aUBpMzt5c3g5cjw2dTMzNGkzM0AvNS8wXjItXjYxX15iNDMuYSMvbGVkMmRzbzFgLS1kLTBzcw%3D%3D&btag=80000e00028000&cquery=100B_100H_100K_100o_101r&dy_q=1760969609&feature_id=2e1813f3872a2105acee44623dff2864&l=20251020221329FF810B6B17C3D024C6A3', 'https://www.douyin.com/aweme/v1/play/?video_id=v0300fg10000cr43r9vog65ugphvo820&line=0&file_id=1f627be1a3bf4d94ab0a5da1392d812e&sign=e1366a71f2c7264a82030d5fda43f7a8&is_play_url=1&source=PackSourceEnum_PUBLISH'], 'width': 720, 'height': 1280, 'url_key': 'v0300fg10000cr43r9vog65ugphvo820_h264_720p_1115515', 'data_size': 14009762, 'file_hash': 'e1366a71f2c7264a82030d5fda43f7a8', 'file_cs': 'c:0-110469-0c7c'}, 'is_h265': 0, 'is_bytevc1': 0, 'HDR_type': '', 'HDR_bit': '', 'FPS': 30, 'video_extra': '{"PktOffsetMap":"[{\\"time\\": 1, \\"offset\\": 287096}, {\\"time\\": 2, \\"offset\\": 438342}, {\\"time\\": 3, \\"offset\\": 532216}, {\\"time\\": 4, \\"offset\\": 659861}, {\\"time\\": 5, \\"offset\\": 841217}, {\\"time\\": 10, \\"offset\\": 1546874}]","format":"mp4","definition":"720p","quality":"normal","file_id":"1f627be1a3bf4d94ab0a5da1392d812e","applog_map":{"feature_id":"2e1813f3872a2105acee44623dff2864"},"audio_channels":"2.0","audio_sample_rate":"44100","audio_metrics":null,"audio_score":null}', 'format': 'mp4'}, {'gear_name': 'low_720_0', 'quality_type': 211, 'bit_rate': 1086521, 'play_addr': {'uri': 'v0300fg10000cr43r9vog65ugphvo820', 'url_list': ['https://v5-dy-o-abtest.zjcdn.com/4a271bf9626efcfe3fcd3b66b3f62bbe/68f66e1d/video/tos/cn/tos-cn-ve-15/osyAEBEDjxDN9XgI2hA8FqaAfeDQ3mEAnPInmN/?a=6383&ch=10010&cr=3&dr=0&lr=all&cd=0%7C0%7C0%7C3&cv=1&br=1061&bt=1061&cs=0&ds=3&ft=c2YTctGHQPRUZxfusdr~kwPqYldQIKDEE-TerrNqq_45a&mime_type=video_mp4&qs=1&rc=OGg2OzNkM2loZmRoOWc1NkBpMzt5c3g5cjw2dTMzNGkzM0AuMi8uNS40Xy4xLmBhXjFeYSMvbGVkMmRzbzFgLS1kLTBzcw%3D%3D&btag=80000e00028000&cquery=100o_101r_100B_100H_100K&dy_q=1760969609&feature_id=46a7bb47b4fd1280f3d3825bf2b29388&l=20251020221329FF810B6B17C3D024C6A3', 'https://v5-dy-o-abtest.zjcdn.com/4a271bf9626efcfe3fcd3b66b3f62bbe/68f66e1d/video/tos/cn/tos-cn-ve-15/osyAEBEDjxDN9XgI2hA8FqaAfeDQ3mEAnPInmN/?a=6383&ch=10010&cr=3&dr=0&lr=all&cd=0%7C0%7C0%7C3&cv=1&br=1061&bt=1061&cs=0&ds=3&ft=c2YTctGHQPRUZxfusdr~kwPqYldQIKDEE-TerrNqq_45a&mime_type=video_mp4&qs=1&rc=OGg2OzNkM2loZmRoOWc1NkBpMzt5c3g5cjw2dTMzNGkzM0AuMi8uNS40Xy4xLmBhXjFeYSMvbGVkMmRzbzFgLS1kLTBzcw%3D%3D&btag=80000e00028000&cquery=100K_100o_101r_100B_100H&dy_q=1760969609&feature_id=46a7bb47b4fd1280f3d3825bf2b29388&l=20251020221329FF810B6B17C3D024C6A3', 'https://www.douyin.com/aweme/v1/play/?video_id=v0300fg10000cr43r9vog65ugphvo820&line=0&file_id=a342add6ce1a4c1ebf701a8018235e15&sign=fa54d9ee82a6fdf1d2bb1eb0b59c47e9&is_play_url=1&source=PackSourceEnum_PUBLISH'], 'width': 720, 'height': 1280, 'url_key': 'v0300fg10000cr43r9vog65ugphvo820_h264_720p_1086521', 'data_size': 13645622, 'file_hash': 'fa54d9ee82a6fdf1d2bb1eb0b59c47e9', 'file_cs': 'c:0-83992-4636|a:v0300fg10000cr43r9vog65ugphvo820'}, 'is_h265': 0, 'is_bytevc1': 0, 'HDR_type': '', 'HDR_bit': '', 'FPS': 30, 'video_extra': '{"PktOffsetMap":"[{\\"time\\": 1, \\"offset\\": 279066}, {\\"time\\": 2, \\"offset\\": 431537}, {\\"time\\": 3, \\"offset\\": 538812}, {\\"time\\": 4, \\"offset\\": 670079}, {\\"time\\": 5, \\"offset\\": 782486}, {\\"time\\": 10, \\"offset\\": 1537979}]","format":"mp4","definition":"720p","quality":"low","file_id":"a342add6ce1a4c1ebf701a8018235e15","applog_map":{"feature_id":"46a7bb47b4fd1280f3d3825bf2b29388"},"audio_channels":"2.0","audio_sample_rate":"44100","audio_metrics":null,"audio_score":null}', 'format': 'mp4'}, {'gear_name': 'low_540_0', 'quality_type': 292, 'bit_rate': 1022942, 'play_addr': {'uri': 'v0300fg10000cr43r9vog65ugphvo820', 'url_list': ['https://v5-dy-o-abtest.zjcdn.com/41e449a7159eed24fa717f8afbb40935/68f66e1d/video/tos/cn/tos-cn-ve-15/oMmtaA8FDDQhPEEmLyFfABgvInGQ2EIh9MDeAn/?a=6383&ch=10010&cr=3&dr=0&lr=all&cd=0%7C0%7C0%7C3&cv=1&br=998&bt=998&cs=0&ds=6&ft=c2YTctGHQPRUZxfusdr~kwPqYldQIKDEE-TerrNqq_45a&mime_type=video_mp4&qs=1&rc=aWc4Ozw0Njs0ZTZoaGhnZUBpMzt5c3g5cjw2dTMzNGkzM0AwMjNjXmBeNmMxMC02LWA2YSMvbGVkMmRzbzFgLS1kLTBzcw%3D%3D&btag=80000e00028000&cquery=101r_100B_100H_100K_100o&dy_q=1760969609&feature_id=46a7bb47b4fd1280f3d3825bf2b29388&l=20251020221329FF810B6B17C3D024C6A3', 'https://v5-dy-o-abtest.zjcdn.com/41e449a7159eed24fa717f8afbb40935/68f66e1d/video/tos/cn/tos-cn-ve-15/oMmtaA8FDDQhPEEmLyFfABgvInGQ2EIh9MDeAn/?a=6383&ch=10010&cr=3&dr=0&lr=all&cd=0%7C0%7C0%7C3&cv=1&br=998&bt=998&cs=0&ds=6&ft=c2YTctGHQPRUZxfusdr~kwPqYldQIKDEE-TerrNqq_45a&mime_type=video_mp4&qs=1&rc=aWc4Ozw0Njs0ZTZoaGhnZUBpMzt5c3g5cjw2dTMzNGkzM0AwMjNjXmBeNmMxMC02LWA2YSMvbGVkMmRzbzFgLS1kLTBzcw%3D%3D&btag=80000e00028000&cquery=100o_101r_100B_100H_100K&dy_q=1760969609&feature_id=46a7bb47b4fd1280f3d3825bf2b29388&l=20251020221329FF810B6B17C3D024C6A3', 'https://www.douyin.com/aweme/v1/play/?video_id=v0300fg10000cr43r9vog65ugphvo820&line=0&file_id=9bcd0e9e0e334bf198a3c1a9f8655d3f&sign=62fbc7fce4835a76b8d4984d89bb62a4&is_play_url=1&source=PackSourceEnum_PUBLISH'], 'width': 576, 'height': 1024, 'url_key': 'v0300fg10000cr43r9vog65ugphvo820_h264_540p_1022942', 'data_size': 12847133, 'file_hash': '62fbc7fce4835a76b8d4984d89bb62a4', 'file_cs': 'c:0-84000-6529|a:v0300fg10000cr43r9vog65ugphvo820'}, 'is_h265': 0, 'is_bytevc1': 0, 'HDR_type': '', 'HDR_bit': '', 'FPS': 30, 'video_extra': '{"PktOffsetMap":"[{\\"time\\": 1, \\"offset\\": 265785}, {\\"time\\": 2, \\"offset\\": 407413}, {\\"time\\": 3, \\"offset\\": 506864}, {\\"time\\": 4, \\"offset\\": 626579}, {\\"time\\": 5, \\"offset\\": 734690}, {\\"time\\": 10, \\"offset\\": 1429844}]","format":"mp4","definition":"540p","quality":"low","file_id":"9bcd0e9e0e334bf198a3c1a9f8655d3f","applog_map":{"feature_id":"46a7bb47b4fd1280f3d3825bf2b29388"},"audio_channels":"2.0","audio_sample_rate":"44100","audio_metrics":null,"audio_score":null}', 'format': 'mp4'}, {'gear_name': 'adapt_low_540_0', 'quality_type': 291, 'bit_rate': 679142, 'play_addr': {'uri': 'v0300fg10000cr43r9vog65ugphvo820', 'url_list': ['https://v5-dy-o-abtest.zjcdn.com/7215f4c6e61d6554791c3cd4fb8bcf3b/68f66e1d/video/tos/cn/tos-cn-ve-15/oUqxAkMAiRNgXdwtfG8C7MPo50gfWHBfAQBQMg/?a=6383&ch=10010&cr=3&dr=0&lr=all&cd=0%7C0%7C0%7C3&cv=1&br=663&bt=663&cs=0&ds=6&ft=c2YTctGHQPRUZxfusdr~kwPqYldQIKDEE-TerrNqq_45a&mime_type=video_mp4&qs=12&rc=OGlpNTc1Z2dlaTs6PGlpZkBpMzt5c3g5cjw2dTMzNGkzM0A2YGI0MTNhX2MxYzNeMV4vYSMvbGVkMmRzbzFgLS1kLTBzcw%3D%3D&btag=80000e00028000&cquery=100B_100H_100K_100o_101r&dy_q=1760969609&feature_id=46a7bb47b4fd1280f3d3825bf2b29388&l=20251020221329FF810B6B17C3D024C6A3', 'https://v5-dy-o-abtest.zjcdn.com/7215f4c6e61d6554791c3cd4fb8bcf3b/68f66e1d/video/tos/cn/tos-cn-ve-15/oUqxAkMAiRNgXdwtfG8C7MPo50gfWHBfAQBQMg/?a=6383&ch=10010&cr=3&dr=0&lr=all&cd=0%7C0%7C0%7C3&cv=1&br=663&bt=663&cs=0&ds=6&ft=c2YTctGHQPRUZxfusdr~kwPqYldQIKDEE-TerrNqq_45a&mime_type=video_mp4&qs=12&rc=OGlpNTc1Z2dlaTs6PGlpZkBpMzt5c3g5cjw2dTMzNGkzM0A2YGI0MTNhX2MxYzNeMV4vYSMvbGVkMmRzbzFgLS1kLTBzcw%3D%3D&btag=80000e00028000&cquery=101r_100B_100H_100K_100o&dy_q=1760969609&feature_id=46a7bb47b4fd1280f3d3825bf2b29388&l=20251020221329FF810B6B17C3D024C6A3', 'https://www.douyin.com/aweme/v1/play/?video_id=v0300fg10000cr43r9vog65ugphvo820&line=0&file_id=2caf4fa967f84ffbbddd624472efcf95&sign=323a1856f04efc6ddaa7344a1498b1ef&is_play_url=1&source=PackSourceEnum_PUBLISH'], 'width': 576, 'height': 1024, 'url_key': 'v0300fg10000cr43r9vog65ugphvo820_h264_540p_679142', 'data_size': 8529353, 'file_hash': '323a1856f04efc6ddaa7344a1498b1ef', 'file_cs': 'c:0-83999-d7bb|a:v0300fg10000cr43r9vog65ugphvo820'}, 'is_h265': 0, 'is_bytevc1': 0, 'HDR_type': '', 'HDR_bit': '', 'FPS': 30, 'video_extra': '{"PktOffsetMap":"[{\\"time\\": 1, \\"offset\\": 210231}, {\\"time\\": 2, \\"offset\\": 306363}, {\\"time\\": 3, \\"offset\\": 370036}, {\\"time\\": 4, \\"offset\\": 447435}, {\\"time\\": 5, \\"offset\\": 519370}, {\\"time\\": 10, \\"offset\\": 989430}]","format":"mp4","definition":"540p","quality":"adapt_low","file_id":"2caf4fa967f84ffbbddd624472efcf95","applog_map":{"feature_id":"46a7bb47b4fd1280f3d3825bf2b29388"},"audio_channels":"2.0","audio_sample_rate":"44100","audio_metrics":null,"audio_score":null}', 'format': 'mp4'}, {'gear_name': 'adapt_lowest_1080_1', 'quality_type': 2, 'bit_rate': 514540, 'play_addr': {'uri': 'v0300fg10000cr43r9vog65ugphvo820', 'url_list': ['https://v5-dy-o-abtest.zjcdn.com/c67b5df68174307f636ea42f90f7739d/68f66e1d/video/tos/cn/tos-cn-ve-15/o0PZ2mmhEv4DAF4b8QDIKgAtBnGyBEDeAErf9I/?a=6383&ch=10010&cr=3&dr=0&lr=all&cd=0%7C0%7C0%7C3&cv=1&br=502&bt=502&cs=2&ds=4&ft=c2YTctGHQPRUZxfusdr~kwPqYldQIKDEE-TerrNqq_45a&mime_type=video_mp4&qs=15&rc=NzQ3aDRoaDtpZmg5O2lpM0BpMzt5c3g5cjw2dTMzNGkzM0AwXmE0YGM1X2AxMDNhNjBeYSMvbGVkMmRzbzFgLS1kLTBzcw%3D%3D&btag=80000e00028000&cquery=100o_101r_100B_100H_100K&dy_q=1760969609&feature_id=c6de0308cacfd993ef282c8e1c646267&l=20251020221329FF810B6B17C3D024C6A3', 'https://v5-dy-o-abtest.zjcdn.com/c67b5df68174307f636ea42f90f7739d/68f66e1d/video/tos/cn/tos-cn-ve-15/o0PZ2mmhEv4DAF4b8QDIKgAtBnGyBEDeAErf9I/?a=6383&ch=10010&cr=3&dr=0&lr=all&cd=0%7C0%7C0%7C3&cv=1&br=502&bt=502&cs=2&ds=4&ft=c2YTctGHQPRUZxfusdr~kwPqYldQIKDEE-TerrNqq_45a&mime_type=video_mp4&qs=15&rc=NzQ3aDRoaDtpZmg5O2lpM0BpMzt5c3g5cjw2dTMzNGkzM0AwXmE0YGM1X2AxMDNhNjBeYSMvbGVkMmRzbzFgLS1kLTBzcw%3D%3D&btag=80000e00028000&cquery=100o_101r_100B_100H_100K&dy_q=1760969609&feature_id=c6de0308cacfd993ef282c8e1c646267&l=20251020221329FF810B6B17C3D024C6A3', 'https://www.douyin.com/aweme/v1/play/?video_id=v0300fg10000cr43r9vog65ugphvo820&line=0&file_id=a03f9fd8663e4ccfb88efec17ed4a134&sign=43eec0d55869efa13a98ef9e88c0e137&is_play_url=1&source=PackSourceEnum_PUBLISH'], 'width': 1080, 'height': 1920, 'url_key': 'v0300fg10000cr43r9vog65ugphvo820_bytevc1_1080p_514540', 'data_size': 6462113, 'file_hash': '43eec0d55869efa13a98ef9e88c0e137', 'file_cs': 'c:0-84185-6e85'}, 'is_h265': 1, 'is_bytevc1': 1, 'HDR_type': '', 'HDR_bit': '', 'FPS': 30, 'video_extra': '{"PktOffsetMap":"[{\\"time\\": 1, \\"offset\\": 209622}, {\\"time\\": 2, \\"offset\\": 291397}, {\\"time\\": 3, \\"offset\\": 344036}, {\\"time\\": 4, \\"offset\\": 415181}, {\\"time\\": 5, \\"offset\\": 506660}, {\\"time\\": 10, \\"offset\\": 827700}]","format":"mp4","definition":"1080p","quality":"adapt_lowest","file_id":"a03f9fd8663e4ccfb88efec17ed4a134","applog_map":{"feature_id":"c6de0308cacfd993ef282c8e1c646267"},"mvmaf":"{\\"mvmaf_sr_v1080\\":-1,\\"mvmaf_sr_v960\\":-1,\\"mvmaf_sr_v864\\":-1,\\"mvmaf_sr_v720\\":-1,\\"mvmaf_ori_v1080\\":91.222,\\"mvmaf_ori_v960\\":92.216,\\"mvmaf_ori_v864\\":93.282,\\"mvmaf_ori_v720\\":93.848}","audio_channels":"2.0","audio_sample_rate":"44100","audio_metrics":null,"audio_score":null}', 'format': 'mp4'}, {'gear_name': 'adapt_lowest_720_1', 'quality_type': 15, 'bit_rate': 412318, 'play_addr': {'uri': 'v0300fg10000cr43r9vog65ugphvo820', 'url_list': ['https://v5-dy-o-abtest.zjcdn.com/c7f2cc7d618f9c5b1a62785ba9382b4f/68f66e1d/video/tos/cn/tos-cn-ve-15/o4DmBZXEEnEF8DgABguIyEh892mPDAQeAf1EID/?a=6383&ch=10010&cr=3&dr=0&lr=all&cd=0%7C0%7C0%7C3&cv=1&br=402&bt=402&cs=2&ds=3&ft=c2YTctGHQPRUZxfusdr~kwPqYldQIKDEE-TerrNqq_45a&mime_type=video_mp4&qs=15&rc=Z2dpZTVnNzY2OTQ1ODw6aEBpMzt5c3g5cjw2dTMzNGkzM0AzNTZgMTEvNTMxNDItLS4xYSMvbGVkMmRzbzFgLS1kLTBzcw%3D%3D&btag=80000e00028000&cquery=101r_100B_100H_100K_100o&dy_q=1760969609&feature_id=c6de0308cacfd993ef282c8e1c646267&l=20251020221329FF810B6B17C3D024C6A3', 'https://v5-dy-o-abtest.zjcdn.com/c7f2cc7d618f9c5b1a62785ba9382b4f/68f66e1d/video/tos/cn/tos-cn-ve-15/o4DmBZXEEnEF8DgABguIyEh892mPDAQeAf1EID/?a=6383&ch=10010&cr=3&dr=0&lr=all&cd=0%7C0%7C0%7C3&cv=1&br=402&bt=402&cs=2&ds=3&ft=c2YTctGHQPRUZxfusdr~kwPqYldQIKDEE-TerrNqq_45a&mime_type=video_mp4&qs=15&rc=Z2dpZTVnNzY2OTQ1ODw6aEBpMzt5c3g5cjw2dTMzNGkzM0AzNTZgMTEvNTMxNDItLS4xYSMvbGVkMmRzbzFgLS1kLTBzcw%3D%3D&btag=80000e00028000&cquery=100K_100o_101r_100B_100H&dy_q=1760969609&feature_id=c6de0308cacfd993ef282c8e1c646267&l=20251020221329FF810B6B17C3D024C6A3', 'https://www.douyin.com/aweme/v1/play/?video_id=v0300fg10000cr43r9vog65ugphvo820&line=0&file_id=4e1709055271466383244d42cb9f8d6d&sign=a19175c19dc926ed3f98541456a88054&is_play_url=1&source=PackSourceEnum_PUBLISH'], 'width': 720, 'height': 1280, 'url_key': 'v0300fg10000cr43r9vog65ugphvo820_bytevc1_720p_412318', 'data_size': 5178303, 'file_hash': 'a19175c19dc926ed3f98541456a88054', 'file_cs': 'c:0-84185-80d4'}, 'is_h265': 1, 'is_bytevc1': 1, 'HDR_type': '', 'HDR_bit': '', 'FPS': 30, 'video_extra': '{"PktOffsetMap":"[{\\"time\\": 1, \\"offset\\": 186416}, {\\"time\\": 2, \\"offset\\": 246846}, {\\"time\\": 3, \\"offset\\": 291728}, {\\"time\\": 4, \\"offset\\": 357451}, {\\"time\\": 5, \\"offset\\": 433180}, {\\"time\\": 10, \\"offset\\": 704106}]","format":"mp4","definition":"720p","quality":"adapt_lowest","file_id":"4e1709055271466383244d42cb9f8d6d","applog_map":{"feature_id":"c6de0308cacfd993ef282c8e1c646267"},"mvmaf":"{\\"mvmaf_sr_v1080\\":95.642,\\"mvmaf_sr_v960\\":97.055,\\"mvmaf_sr_v864\\":97.993,\\"mvmaf_sr_v720\\":99.184,\\"mvmaf_ori_v1080\\":85.388,\\"mvmaf_ori_v960\\":88.239,\\"mvmaf_ori_v864\\":89.635,\\"mvmaf_ori_v720\\":92.707}","audio_channels":"2.0","audio_sample_rate":"44100","audio_metrics":null,"audio_score":null}', 'format': 'mp4'}, {'gear_name': 'adapt_540_1', 'quality_type': 28, 'bit_rate': 372999, 'play_addr': {'uri': 'v0300fg10000cr43r9vog65ugphvo820', 'url_list': ['https://v5-dy-o-abtest.zjcdn.com/87a7d69165c2888b8fd014d4d4d74e0d/68f66e1d/video/tos/cn/tos-cn-ve-15/o4cA87FyIIDMneQA2EdgfmEhmZE597PADEHDgB/?a=6383&ch=10010&cr=3&dr=0&lr=all&cd=0%7C0%7C0%7C3&cv=1&br=364&bt=364&cs=2&ds=6&ft=c2YTctGHQPRUZxfusdr~kwPqYldQIKDEE-TerrNqq_45a&mime_type=video_mp4&qs=11&rc=ZGgzaDVkNTNmZzg1M2g2ZkBpMzt5c3g5cjw2dTMzNGkzM0BgNWEyYjJfXy0xYmEyNDJfYSMvbGVkMmRzbzFgLS1kLTBzcw%3D%3D&btag=80000e00028000&cquery=100H_100K_100o_101r_100B&dy_q=1760969609&feature_id=c6de0308cacfd993ef282c8e1c646267&l=20251020221329FF810B6B17C3D024C6A3', 'https://v5-dy-o-abtest.zjcdn.com/87a7d69165c2888b8fd014d4d4d74e0d/68f66e1d/video/tos/cn/tos-cn-ve-15/o4cA87FyIIDMneQA2EdgfmEhmZE597PADEHDgB/?a=6383&ch=10010&cr=3&dr=0&lr=all&cd=0%7C0%7C0%7C3&cv=1&br=364&bt=364&cs=2&ds=6&ft=c2YTctGHQPRUZxfusdr~kwPqYldQIKDEE-TerrNqq_45a&mime_type=video_mp4&qs=11&rc=ZGgzaDVkNTNmZzg1M2g2ZkBpMzt5c3g5cjw2dTMzNGkzM0BgNWEyYjJfXy0xYmEyNDJfYSMvbGVkMmRzbzFgLS1kLTBzcw%3D%3D&btag=80000e00028000&cquery=100H_100K_100o_101r_100B&dy_q=1760969609&feature_id=c6de0308cacfd993ef282c8e1c646267&l=20251020221329FF810B6B17C3D024C6A3', 'https://www.douyin.com/aweme/v1/play/?video_id=v0300fg10000cr43r9vog65ugphvo820&line=0&file_id=bc537e50d2e54d0cb0b25ae25ed08eca&sign=9e3aa20c027f1ab8c96e9f54763ebedf&is_play_url=1&source=PackSourceEnum_PUBLISH'], 'width': 576, 'height': 1024, 'url_key': 'v0300fg10000cr43r9vog65ugphvo820_bytevc1_540p_372999', 'data_size': 4684502, 'file_hash': '9e3aa20c027f1ab8c96e9f54763ebedf', 'file_cs': 'c:0-84185-56c0'}, 'is_h265': 1, 'is_bytevc1': 1, 'HDR_type': '', 'HDR_bit': '', 'FPS': 30, 'video_extra': '{"PktOffsetMap":"[{\\"time\\": 1, \\"offset\\": 173716}, {\\"time\\": 2, \\"offset\\": 227428}, {\\"time\\": 3, \\"offset\\": 266677}, {\\"time\\": 4, \\"offset\\": 326905}, {\\"time\\": 5, \\"offset\\": 397156}, {\\"time\\": 10, \\"offset\\": 637878}]","format":"mp4","definition":"540p","quality":"adapt","file_id":"bc537e50d2e54d0cb0b25ae25ed08eca","applog_map":{"feature_id":"c6de0308cacfd993ef282c8e1c646267"},"mvmaf":"{\\"mvmaf_sr_v1080\\":93.345,\\"mvmaf_sr_v960\\":95.065,\\"mvmaf_sr_v864\\":96.139,\\"mvmaf_sr_v720\\":98.012,\\"mvmaf_ori_v1080\\":80.79,\\"mvmaf_ori_v960\\":85.203,\\"mvmaf_ori_v864\\":87.134,\\"mvmaf_ori_v720\\":89.84}","audio_channels":"2.0","audio_sample_rate":"44100","audio_metrics":null,"audio_score":null}', 'format': 'mp4'}, {'gear_name': 'adapt_lowest_1080_1', 'quality_type': 2, 'bit_rate': 460316, 'play_addr': {'uri': 'v0300fg10000cr43r9vog65ugphvo820', 'url_list': ['https://v5-dy-o-abtest.zjcdn.com/8f22be68a5458840fe3b8e4ee11321ca/68f7956d/video/tos/cn/tos-cn-vd-0026/owmtrAAEmDAGHIPZBeFEg2DnAyA98yAgIhf8DD/media-video-hvc1/?a=6383&ch=0&cr=8&dr=0&er=1&lr=default&cd=0%7C0%7C0%7C3&cv=1&br=449&bt=449&cs=4&ds=4&mime_type=video_mp4&qs=15&rc=aDZlaGg4NGU6OWdkNWgzPEBpMzt5c3g5cjw2dTMzNGkzM0AvYTJiLmM2NTIxYWBhYDFeYSMvbGVkMmRzbzFgLS1kLTBzcw%3D%3D&btag=80000e00028000&cquery=100o_101r&dy_q=1760969609&l=20251020221329FF810B6B17C3D024C6A3', 'https://v5-dy-o-abtest.zjcdn.com/8f22be68a5458840fe3b8e4ee11321ca/68f7956d/video/tos/cn/tos-cn-vd-0026/owmtrAAEmDAGHIPZBeFEg2DnAyA98yAgIhf8DD/media-video-hvc1/?a=6383&ch=0&cr=8&dr=0&er=1&lr=default&cd=0%7C0%7C0%7C3&cv=1&br=449&bt=449&cs=4&ds=4&mime_type=video_mp4&qs=15&rc=aDZlaGg4NGU6OWdkNWgzPEBpMzt5c3g5cjw2dTMzNGkzM0AvYTJiLmM2NTIxYWBhYDFeYSMvbGVkMmRzbzFgLS1kLTBzcw%3D%3D&btag=80000e00028000&cquery=100o_101r&dy_q=1760969609&l=20251020221329FF810B6B17C3D024C6A3', 'https://www.douyin.com/aweme/v1/play/dash/?video_id=v0300fg10000cr43r9vog65ugphvo820&line=0&file_id=a940ced2cadd46578b91f51eee5bd32e&sign=afbf5f0a8200ef2146d685564497a090&is_play_url=1&source=PackSourceEnum_PUBLISH'], 'width': 1080, 'height': 1920, 'url_key': 'v0300fg10000cr43r9vog65ugphvo820_bytevc1_1080p_460316', 'data_size': 5778860, 'file_hash': 'afbf5f0a8200ef2146d685564497a090'}, 'is_h265': 1, 'is_bytevc1': 1, 'HDR_type': '', 'HDR_bit': '', 'FPS': 30, 'video_extra': '{"PktOffsetMap":"","format":"dash","sub_info":"{\\"audio_channels\\":\\"2.0\\",\\"audio_layout\\":\\"C\\",\\"audio_sample_rate\\":\\"44100\\",\\"base_range_info\\":{\\"first_moof_range\\":\\"1360-2691\\",\\"index_range\\":\\"1136-1359\\",\\"init_range\\":\\"0-1135\\"},\\"check_info\\":{\\"check_info\\":\\"a:v0300fg10000cr43r9vog65ugphvo820|b:0-1359-2d4f7e4d067b5e7b6019ed95e6de1c11|c:0-1359-fade\\"},\\"gear_des_key\\":\\"0:DASH|1:normal|2:h265_hvc1|4:1080p|5:adapt_lowest|10000:105\\",\\"quality_type\\":2}","definition":"1080p","quality":"adapt_lowest","quality_desc":"","file_id":"a940ced2cadd46578b91f51eee5bd32e","real_bitrate":511132,"audio_file_id":"749ddadc0173cd8d3cf80ba452222546","applog_map":{"feature_id":"c6de0308cacfd993ef282c8e1c646267"},"mvmaf":"{\\"mvmaf_sr_v1080\\":-1,\\"mvmaf_sr_v960\\":-1,\\"mvmaf_sr_v864\\":-1,\\"mvmaf_sr_v720\\":-1,\\"mvmaf_ori_v1080\\":91.222,\\"mvmaf_ori_v960\\":92.216,\\"mvmaf_ori_v864\\":93.282,\\"mvmaf_ori_v720\\":93.848}","audio_metrics":null,"audio_score":null}', 'format': 'dash'}, {'gear_name': 'adapt_lowest_720_1', 'quality_type': 15, 'bit_rate': 358054, 'play_addr': {'uri': 'v0300fg10000cr43r9vog65ugphvo820', 'url_list': ['https://v5-dy-o-abtest.zjcdn.com/2b1f2723bf73923ee12ce49d1119ee4a/68f7956d/video/tos/cn/tos-cn-vd-0026/osEAEfDZ8g69DmAgAPeEAnBDgAyFIIommI2hAD/media-video-hvc1/?a=6383&ch=0&cr=8&dr=0&er=1&lr=default&cd=0%7C0%7C0%7C3&cv=1&br=349&bt=349&cs=4&ds=3&mime_type=video_mp4&qs=15&rc=MzpkZTQ3ZzZpNDs5ODY8NEBpMzt5c3g5cjw2dTMzNGkzM0BfMy0wMTQyXzMxMy9eNjVjYSMvbGVkMmRzbzFgLS1kLTBzcw%3D%3D&btag=80000e00028000&cquery=101r_100o&dy_q=1760969609&l=20251020221329FF810B6B17C3D024C6A3', 'https://v5-dy-o-abtest.zjcdn.com/2b1f2723bf73923ee12ce49d1119ee4a/68f7956d/video/tos/cn/tos-cn-vd-0026/osEAEfDZ8g69DmAgAPeEAnBDgAyFIIommI2hAD/media-video-hvc1/?a=6383&ch=0&cr=8&dr=0&er=1&lr=default&cd=0%7C0%7C0%7C3&cv=1&br=349&bt=349&cs=4&ds=3&mime_type=video_mp4&qs=15&rc=MzpkZTQ3ZzZpNDs5ODY8NEBpMzt5c3g5cjw2dTMzNGkzM0BfMy0wMTQyXzMxMy9eNjVjYSMvbGVkMmRzbzFgLS1kLTBzcw%3D%3D&btag=80000e00028000&cquery=100o_101r&dy_q=1760969609&l=20251020221329FF810B6B17C3D024C6A3', 'https://www.douyin.com/aweme/v1/play/dash/?video_id=v0300fg10000cr43r9vog65ugphvo820&line=0&file_id=f18993a52668416fb35d74413b0a67b0&sign=ab9d14478ef15c846eb7cfeedad98267&is_play_url=1&source=PackSourceEnum_PUBLISH'], 'width': 720, 'height': 1280, 'url_key': 'v0300fg10000cr43r9vog65ugphvo820_bytevc1_720p_358054', 'data_size': 4495050, 'file_hash': 'ab9d14478ef15c846eb7cfeedad98267'}, 'is_h265': 1, 'is_bytevc1': 1, 'HDR_type': '', 'HDR_bit': '', 'FPS': 30, 'video_extra': '{"PktOffsetMap":"","format":"dash","sub_info":"{\\"audio_channels\\":\\"2.0\\",\\"audio_layout\\":\\"C\\",\\"audio_sample_rate\\":\\"44100\\",\\"base_range_info\\":{\\"first_moof_range\\":\\"1360-2691\\",\\"index_range\\":\\"1136-1359\\",\\"init_range\\":\\"0-1135\\"},\\"check_info\\":{\\"check_info\\":\\"a:v0300fg10000cr43r9vog65ugphvo820|b:0-1359-be23ef9da8bd6fd7182452c649c9deaf|c:0-1359-92a9\\"},\\"gear_des_key\\":\\"0:DASH|1:normal|2:h265_hvc1|4:720p|5:adapt_lowest|10000:105\\",\\"quality_type\\":15}","definition":"720p","quality":"adapt_lowest","quality_desc":"","file_id":"f18993a52668416fb35d74413b0a67b0","real_bitrate":408870,"audio_file_id":"749ddadc0173cd8d3cf80ba452222546","applog_map":{"feature_id":"c6de0308cacfd993ef282c8e1c646267"},"mvmaf":"{\\"mvmaf_sr_v1080\\":95.642,\\"mvmaf_sr_v960\\":97.055,\\"mvmaf_sr_v864\\":97.993,\\"mvmaf_sr_v720\\":99.184,\\"mvmaf_ori_v1080\\":85.388,\\"mvmaf_ori_v960\\":88.239,\\"mvmaf_ori_v864\\":89.635,\\"mvmaf_ori_v720\\":92.707}","audio_metrics":null,"audio_score":null}', 'format': 'dash'}, {'gear_name': 'adapt_540_1', 'quality_type': 28, 'bit_rate': 318730, 'play_addr': {'uri': 'v0300fg10000cr43r9vog65ugphvo820', 'url_list': ['https://v5-dy-o-abtest.zjcdn.com/44ecba333747e1094844b96043743865/68f7956d/video/tos/cn/tos-cn-vd-0026/oQeNc47GBpGkfzgIeALtPRAPBIAYAAC6HQAGGA/media-video-hvc1/?a=6383&ch=0&cr=8&dr=0&er=1&lr=default&cd=0%7C0%7C0%7C3&cv=1&br=311&bt=311&cs=4&ds=6&mime_type=video_mp4&qs=11&rc=ZjM6NjgzNTlmZzM2aWg5NkBpMzt5c3g5cjw2dTMzNGkzM0A1NS5eNWFeXjMxX2FgMF5fYSMvbGVkMmRzbzFgLS1kLTBzcw%3D%3D&btag=80000e00028000&cquery=101r_100o&dy_q=1760969609&l=20251020221329FF810B6B17C3D024C6A3', 'https://v5-dy-o-abtest.zjcdn.com/44ecba333747e1094844b96043743865/68f7956d/video/tos/cn/tos-cn-vd-0026/oQeNc47GBpGkfzgIeALtPRAPBIAYAAC6HQAGGA/media-video-hvc1/?a=6383&ch=0&cr=8&dr=0&er=1&lr=default&cd=0%7C0%7C0%7C3&cv=1&br=311&bt=311&cs=4&ds=6&mime_type=video_mp4&qs=11&rc=ZjM6NjgzNTlmZzM2aWg5NkBpMzt5c3g5cjw2dTMzNGkzM0A1NS5eNWFeXjMxX2FgMF5fYSMvbGVkMmRzbzFgLS1kLTBzcw%3D%3D&btag=80000e00028000&cquery=101r_100o&dy_q=1760969609&l=20251020221329FF810B6B17C3D024C6A3', 'https://www.douyin.com/aweme/v1/play/dash/?video_id=v0300fg10000cr43r9vog65ugphvo820&line=0&file_id=b3a63ecfd3b04d6ca6a2d085a317808c&sign=c62c0d9aecee9a60494659100cd0ea67&is_play_url=1&source=PackSourceEnum_PUBLISH'], 'width': 576, 'height': 1024, 'url_key': 'v0300fg10000cr43r9vog65ugphvo820_bytevc1_540p_318730', 'data_size': 4001374, 'file_hash': 'c62c0d9aecee9a60494659100cd0ea67'}, 'is_h265': 1, 'is_bytevc1': 1, 'HDR_type': '', 'HDR_bit': '', 'FPS': 30, 'video_extra': '{"PktOffsetMap":"","format":"dash","sub_info":"{\\"audio_channels\\":\\"2.0\\",\\"audio_layout\\":\\"C\\",\\"audio_sample_rate\\":\\"44100\\",\\"base_range_info\\":{\\"first_moof_range\\":\\"1360-2691\\",\\"index_range\\":\\"1136-1359\\",\\"init_range\\":\\"0-1135\\"},\\"check_info\\":{\\"check_info\\":\\"a:v0300fg10000cr43r9vog65ugphvo820|b:0-1359-7cc04b59fb6f5dcc675b51c1014bbfb3|c:0-1359-b903\\"},\\"gear_des_key\\":\\"0:DASH|1:normal|2:h265_hvc1|4:540p|5:adapt|10000:105\\",\\"quality_type\\":28}","definition":"540p","quality":"adapt","quality_desc":"","file_id":"b3a63ecfd3b04d6ca6a2d085a317808c","real_bitrate":372999,"audio_file_id":"749ddadc0173cd8d3cf80ba452222546","applog_map":{"feature_id":"c6de0308cacfd993ef282c8e1c646267"},"mvmaf":"{\\"mvmaf_sr_v1080\\":93.345,\\"mvmaf_sr_v960\\":95.065,\\"mvmaf_sr_v864\\":96.139,\\"mvmaf_sr_v720\\":98.012,\\"mvmaf_ori_v1080\\":80.79,\\"mvmaf_ori_v960\\":85.203,\\"mvmaf_ori_v864\\":87.134,\\"mvmaf_ori_v720\\":89.84}","audio_metrics":null,"audio_score":null}', 'format': 'dash'}], 'duration': 100472, 'play_addr_265': {'uri': 'v0300fg10000cr43r9vog65ugphvo820', 'url_list': ['https://v5-dy-o-abtest.zjcdn.com/87a7d69165c2888b8fd014d4d4d74e0d/68f66e1d/video/tos/cn/tos-cn-ve-15/o4cA87FyIIDMneQA2EdgfmEhmZE597PADEHDgB/?a=6383&ch=10010&cr=3&dr=0&lr=all&cd=0%7C0%7C0%7C3&cv=1&br=364&bt=364&cs=2&ds=6&ft=c2YTctGHQPRUZxfusdr~kwPqYldQIKDEE-TerrNqq_45a&mime_type=video_mp4&qs=11&rc=ZGgzaDVkNTNmZzg1M2g2ZkBpMzt5c3g5cjw2dTMzNGkzM0BgNWEyYjJfXy0xYmEyNDJfYSMvbGVkMmRzbzFgLS1kLTBzcw%3D%3D&btag=80000e00028000&cquery=100H_100K_100o_101r_100B&dy_q=1760969609&feature_id=c6de0308cacfd993ef282c8e1c646267&l=20251020221329FF810B6B17C3D024C6A3', 'https://v5-dy-o-abtest.zjcdn.com/87a7d69165c2888b8fd014d4d4d74e0d/68f66e1d/video/tos/cn/tos-cn-ve-15/o4cA87FyIIDMneQA2EdgfmEhmZE597PADEHDgB/?a=6383&ch=10010&cr=3&dr=0&lr=all&cd=0%7C0%7C0%7C3&cv=1&br=364&bt=364&cs=2&ds=6&ft=c2YTctGHQPRUZxfusdr~kwPqYldQIKDEE-TerrNqq_45a&mime_type=video_mp4&qs=11&rc=ZGgzaDVkNTNmZzg1M2g2ZkBpMzt5c3g5cjw2dTMzNGkzM0BgNWEyYjJfXy0xYmEyNDJfYSMvbGVkMmRzbzFgLS1kLTBzcw%3D%3D&btag=80000e00028000&cquery=100H_100K_100o_101r_100B&dy_q=1760969609&feature_id=c6de0308cacfd993ef282c8e1c646267&l=20251020221329FF810B6B17C3D024C6A3', 'https://www.douyin.com/aweme/v1/play/?video_id=v0300fg10000cr43r9vog65ugphvo820&line=0&file_id=bc537e50d2e54d0cb0b25ae25ed08eca&sign=9e3aa20c027f1ab8c96e9f54763ebedf&is_play_url=1&source=PackSourceEnum_PUBLISH'], 'width': 576, 'height': 1024, 'url_key': 'v0300fg10000cr43r9vog65ugphvo820_bytevc1_540p_372999', 'data_size': 4684502, 'file_hash': '9e3aa20c027f1ab8c96e9f54763ebedf', 'file_cs': 'c:0-84185-56c0'}, 'bit_rate_audio': [{'audio_meta': {'url_list': {'main_url': 'https://v5-dy-o-abtest.zjcdn.com/29b8dc4dacd52ceb3ffa22dfcd757db8/68f7956d/video/tos/cn/tos-cn-vd-0026/osEAEfDZ8g69DmAgAPeEAnBDgAyFIIommI2hAD/media-audio-und-mp4a/?a=6383&ch=0&cr=8&dr=0&er=1&lr=default&cd=0%7C0%7C0%7C3&cv=1&br=49&bt=49&cs=4&mime_type=video_mp4&qs=15&rc=OTg1NTdlO2ZnZzY0ZmRnN0BpMzt5c3g5cjw2dTMzNGkzM0AxLy8yXi1jMDVgNC1hYTY0YSMvbGVkMmRzbzFgLS1kLTBzcw%3D%3D&btag=80000e00028000&cquery=101r_100o&dy_q=1760969609&l=20251020221329FF810B6B17C3D024C6A3', 'backup_url': 'https://v5-dy-o-abtest.zjcdn.com/29b8dc4dacd52ceb3ffa22dfcd757db8/68f7956d/video/tos/cn/tos-cn-vd-0026/osEAEfDZ8g69DmAgAPeEAnBDgAyFIIommI2hAD/media-audio-und-mp4a/?a=6383&ch=0&cr=8&dr=0&er=1&lr=default&cd=0%7C0%7C0%7C3&cv=1&br=49&bt=49&cs=4&mime_type=video_mp4&qs=15&rc=OTg1NTdlO2ZnZzY0ZmRnN0BpMzt5c3g5cjw2dTMzNGkzM0AxLy8yXi1jMDVgNC1hYTY0YSMvbGVkMmRzbzFgLS1kLTBzcw%3D%3D&btag=80000e00028000&cquery=101r_100o&dy_q=1760969609&l=20251020221329FF810B6B17C3D024C6A3', 'fallback_url': 'https://www.douyin.com/aweme/v1/play/dash/?video_id=v0300fg10000cr43r9vog65ugphvo820&line=0&file_id=749ddadc0173cd8d3cf80ba452222546&sign=749ddadc0173cd8d3cf80ba452222546&is_play_url=1&source=PackSourceEnum_PUBLISH'}, 'encoded_type': 'normal', 'media_type': 'audio', 'logo_type': '', 'quality': 'adapt_lowest', 'quality_desc': '', 'format': 'dash', 'bitrate': 50816, 'codec_type': 'bytevc1', 'size': 638192, 'fps': 0, 'file_id': '749ddadc0173cd8d3cf80ba452222546', 'file_hash': '749ddadc0173cd8d3cf80ba452222546', 'sub_info': '{"audio_channels":"2.0","audio_layout":"C","audio_sample_rate":"44100","base_range_info":{"index_range":"866-1101","init_range":"0-865"},"check_info":{"check_info":"a:v0300fg10000cr43r9vog65ugphvo820|b:0-1101-f2ef6708b40c3acc203819c5e0bf7802|c:0-1101-5d22"},"gear_des_key":"0:dash|1:normal|2:bytevc1|5:adapt_lowest|10000:105"}'}, 'audio_quality': 5, 'audio_extra': '{"real_bitrate":412318}'}], 'play_addr_h264': {'uri': 'v0300fg10000cr43r9vog65ugphvo820', 'url_list': ['https://v5-dy-o-abtest.zjcdn.com/7dbb9b9eb4769276c68039c00644c5bb/68f66e1d/video/tos/cn/tos-cn-ve-15/oAIAIFmhDBNIAPDdEfDYXDQgEQPmEyen8H2A9h/?a=6383&ch=10010&cr=3&dr=0&lr=all&cd=0%7C0%7C0%7C3&cv=1&br=1089&bt=1089&cs=0&ds=3&ft=c2YTctGHQPRUZxfusdr~kwPqYldQIKDEE-TerrNqq_45a&mime_type=video_mp4&qs=0&rc=aDRnPDRnZGU3Z2k2NGU1aUBpMzt5c3g5cjw2dTMzNGkzM0AvNS8wXjItXjYxX15iNDMuYSMvbGVkMmRzbzFgLS1kLTBzcw%3D%3D&btag=80000e00028000&cquery=101r_100B_100H_100K_100o&dy_q=1760969609&feature_id=2e1813f3872a2105acee44623dff2864&l=20251020221329FF810B6B17C3D024C6A3', 'https://v5-dy-o-abtest.zjcdn.com/7dbb9b9eb4769276c68039c00644c5bb/68f66e1d/video/tos/cn/tos-cn-ve-15/oAIAIFmhDBNIAPDdEfDYXDQgEQPmEyen8H2A9h/?a=6383&ch=10010&cr=3&dr=0&lr=all&cd=0%7C0%7C0%7C3&cv=1&br=1089&bt=1089&cs=0&ds=3&ft=c2YTctGHQPRUZxfusdr~kwPqYldQIKDEE-TerrNqq_45a&mime_type=video_mp4&qs=0&rc=aDRnPDRnZGU3Z2k2NGU1aUBpMzt5c3g5cjw2dTMzNGkzM0AvNS8wXjItXjYxX15iNDMuYSMvbGVkMmRzbzFgLS1kLTBzcw%3D%3D&btag=80000e00028000&cquery=100B_100H_100K_100o_101r&dy_q=1760969609&feature_id=2e1813f3872a2105acee44623dff2864&l=20251020221329FF810B6B17C3D024C6A3', 'https://www.douyin.com/aweme/v1/play/?video_id=v0300fg10000cr43r9vog65ugphvo820&line=0&file_id=1f627be1a3bf4d94ab0a5da1392d812e&sign=e1366a71f2c7264a82030d5fda43f7a8&is_play_url=1&source=PackSourceEnum_PUBLISH'], 'width': 720, 'height': 1280, 'url_key': 'v0300fg10000cr43r9vog65ugphvo820_h264_720p_1115515', 'data_size': 14009762, 'file_hash': 'e1366a71f2c7264a82030d5fda43f7a8', 'file_cs': 'c:0-110469-0c7c'}, 'raw_cover': {'uri': 'tos-cn-i-dy/a20e1410fa104606b21f42eed719801d', 'url_list': ['https://p3-pc-sign.douyinpic.com/tos-cn-i-dy/a20e1410fa104606b21f42eed719801d~tplv-dy-cropcenter:323:430.jpeg?lk3s=138a59ce&x-expires=2076328800&x-signature=bU9s56lfbqURnODQsbeadhrXYFA%3D&from=327834062&s=PackSourceEnum_PUBLISH&se=true&sh=323_430&sc=cover&biz_tag=pcweb_cover&l=20251020221329FF810B6B17C3D024C6A3', 'https://p3-pc-sign.douyinpic.com/obj/tos-cn-i-dy/a20e1410fa104606b21f42eed719801d?lk3s=138a59ce&x-expires=2076328800&x-signature=58aQbde61L3klUQHN7D91oovo1s%3D&from=327834062&s=PackSourceEnum_PUBLISH&se=false&sc=cover&biz_tag=pcweb_cover&l=20251020221329FF810B6B17C3D024C6A3'], 'width': 720, 'height': 720}, 'is_long_video': 1, 'animated_cover': {'uri': 'tos-cn-i-dy/a20e1410fa104606b21f42eed719801d', 'url_list': ['https://p3-pc-sign.douyinpic.com/obj/tos-cn-i-dy/a20e1410fa104606b21f42eed719801d?lk3s=138a59ce&x-expires=1762178400&x-signature=hX9ijPvCGIe4Qpr7cEEqR5pvtKo%3D&from=327834062_large&s=PackSourceEnum_PUBLISH&se=false&sc=dynamic_cover&biz_tag=pcweb_cover&l=20251020221329FF810B6B17C3D024C6A3', 'https://p9-pc-sign.douyinpic.com/obj/tos-cn-i-dy/a20e1410fa104606b21f42eed719801d?lk3s=138a59ce&x-expires=1762178400&x-signature=iHhiZpVuo0TDVNm2texR2QViMEc%3D&from=327834062_large&s=PackSourceEnum_PUBLISH&se=false&sc=dynamic_cover&biz_tag=pcweb_cover&l=20251020221329FF810B6B17C3D024C6A3']}, 'gaussian_cover': {'uri': 'tos-cn-p-0015/oonDc8gkPElMhDmmAEBqIPIIf2AzFBADIDe9yF', 'url_list': ['https://p9-pc-sign.douyinpic.com/tos-cn-p-0015/oonDc8gkPElMhDmmAEBqIPIIf2AzFBADIDe9yF~tplv-tsj2vxp0zn-gaosi:40.jpeg?lk3s=138a59ce&x-expires=1792504800&x-signature=4hc6mJDTWQvquMhmTqz5XTJrqds%3D&from=327834062', 'https://p3-pc-sign.douyinpic.com/tos-cn-p-0015/oonDc8gkPElMhDmmAEBqIPIIf2AzFBADIDe9yF~tplv-tsj2vxp0zn-gaosi:40.jpeg?lk3s=138a59ce&x-expires=1792504800&x-signature=vZDbru619DL6RlEB7uvD2LfvqgE%3D&from=327834062'], 'width': 720, 'height': 720}, 'meta': '{"enable_manual_ladder":"1","format":"mp4","gear_vqm":"{\\"1080p_720p\\":2,\\"720p_540p\\":2}","hrids":"500000002","is_spatial_video":"0","isad":"0","loudness":"-24.2","peak":"0.63096","qprf":"1.000","sdgs":"[\\"normal_720_0\\",\\"low_720_0\\",\\"low_540_0\\",\\"adapt_low_540_0\\",\\"adapt_lowest_1080_1\\",\\"adapt_lowest_720_1\\",\\"adapt_540_1\\"]","sr_score":"1.000","strategy_tokens":"[\\"online\\",\\"strategy_iteration_ab02_0809\\",\\"strategy_iteration_ab01_0809\\"]","title_info":"{\\"bottom_res_add\\":[7,13,16.55,40.4,48.04,46.96,16.09,2.41,2.18,8.32,2.82,4.78,0,0,4.64],\\"bullet_zone\\":8.74,\\"progress_bar\\":[18.5,19.54,20.7],\\"ratio_br_l\\":[0,0,0,0,0,0],\\"ratio_edge_l\\":[0.07,0.06,0.18,0.35,0.45,0.51],\\"top_res_add\\":[0,0,0,32.73,54.18,3.91,26.68],\\"version\\":\\"v1.0\\"}","volume_info":"{\\"Loudness\\":-24.2,\\"Peak\\":0.63096,\\"LoudnessRange\\":11.4,\\"LoudnessRangeEnd\\":-20,\\"LoudnessRangeStart\\":-31.4,\\"MaximumMomentaryLoudness\\":-11.8,\\"MaximumShortTermLoudness\\":-18.5,\\"Metrics\\":{\\"Loudness\\":{\\"Integrated\\":-24.151},\\"Phase\\":{\\"RMSDownmixDiff\\":-0.02},\\"RMSStats\\":{\\"LRDiff\\":-0.05,\\"LTotal\\":-27.987,\\"Peak\\":-4.018,\\"RTotal\\":-27.937},\\"Version\\":\\"1.4.2\\"},\\"Version\\":2}","vqs_origin":"76.59"}', 'video_model': '', 'is_source_HDR': 0, 'use_static_cover': True, 'big_thumbs': [{'img_num': 100, 'uri': 'tos-cn-p-0015/ooQ6PNwfeAC2HYGPBd0ItGQAfL7OHkWY4GIQBI', 'img_url': 'https://p3-sign.douyinpic.com/tos-cn-p-0015/ooQ6PNwfeAC2HYGPBd0ItGQAfL7OHkWY4GIQBI~tplv-noop.image?cquery=100H_100K_100o_101r_100B&dy_q=1760969609&l=20251020221329FF810B6B17C3D024C6A3&x-expires=1760980509&x-signature=AJZ%2BwKNOajlN0UGj0Q2tEkJwFEo%3D', 'img_x_size': 136, 'img_y_size': 240, 'img_x_len': 5, 'img_y_len': 5, 'duration': 100.433334, 'interval': 1, 'fext': 'jpg', 'uris': ['tos-cn-p-0015/ooQ6PNwfeAC2HYGPBd0ItGQAfL7OHkWY4GIQBI', 'tos-cn-p-0015/osg6gNwBPCH8eA7x0fgAMXQBteMlgkOZM8QP6G', 'tos-cn-p-0015/oAhmPJ2PrAseD9PLgIFEyPDDnfmI8dDEAAB3II', 'tos-cn-p-0015/oAQPPDPhDIzdEIe2A8FDDr9nIBfImuAIEwgmAy'], 'img_urls': ['https://p3-sign.douyinpic.com/tos-cn-p-0015/ooQ6PNwfeAC2HYGPBd0ItGQAfL7OHkWY4GIQBI~tplv-noop.image?cquery=100H_100K_100o_101r_100B&dy_q=1760969609&l=20251020221329FF810B6B17C3D024C6A3&x-expires=1760980509&x-signature=AJZ%2BwKNOajlN0UGj0Q2tEkJwFEo%3D', 'https://p3-sign.douyinpic.com/tos-cn-p-0015/osg6gNwBPCH8eA7x0fgAMXQBteMlgkOZM8QP6G~tplv-noop.image?cquery=101r_100B_100H_100K_100o&dy_q=1760969609&l=20251020221329FF810B6B17C3D024C6A3&x-expires=1760980509&x-signature=Xfu9WEvtN158qCqj0iZQx4Qg0I4%3D', 'https://p3-sign.douyinpic.com/tos-cn-p-0015/oAhmPJ2PrAseD9PLgIFEyPDDnfmI8dDEAAB3II~tplv-noop.image?cquery=100K_100o_101r_100B_100H&dy_q=1760969609&l=20251020221329FF810B6B17C3D024C6A3&x-expires=1760980509&x-signature=8HWki2752O0mudbolSVJYJIDFqY%3D', 'https://p3-sign.douyinpic.com/tos-cn-p-0015/oAQPPDPhDIzdEIe2A8FDDr9nIBfImuAIEwgmAy~tplv-noop.image?cquery=100o_101r_100B_100H_100K&dy_q=1760969609&l=20251020221329FF810B6B17C3D024C6A3&x-expires=1760980509&x-signature=4h47jgpw%2FHLcxyV3UNFEIYFzTxA%3D']}]}, 'item_aigc_follow_shot': 1, 'user_digged': 0, 'statistics': {'recommend_count': 6, 'comment_count': 2, 'digg_count': 114, 'admire_count': 0, 'play_count': 0, 'share_count': 79, 'collect_count': 69}, 'status': {'not_allow_soft_del_reason': 'ab', 'is_delete': False, 'allow_share': True, 'review_result': {'review_status': 0}, 'allow_friend_recommend_guide': True, 'part_see': 0, 'private_status': 0, 'listen_video_status': 2, 'in_reviewing': False, 'allow_self_recommend_to_friend': True, 'allow_friend_recommend': True, 'is_prohibited': False, 'enable_soft_delete': 0}, 'flash_mob_trends': 0, 'text_extra': [{'start': 16, 'end': 21, 'type': 1, 'hashtag_name': '父母课堂', 'hashtag_id': '1600624540786695', 'is_commerce': False, 'caption_start': 16, 'caption_end': 21}, {'start': 23, 'end': 28, 'type': 1, 'hashtag_name': '幼儿教育', 'hashtag_id': '1591352385275918', 'is_commerce': False, 'caption_start': 23, 'caption_end': 28}, {'start': 30, 'end': 35, 'type': 1, 'hashtag_name': '亲子关系', 'hashtag_id': '1595199377513476', 'is_commerce': False, 'caption_start': 30, 'caption_end': 35}, {'start': 37, 'end': 40, 'type': 1, 'hashtag_name': '育儿', 'hashtag_id': '1767586940916743', 'is_commerce': False, 'caption_start': 37, 'caption_end': 40}], 'is_top': 0, 'mv_info': None, 'share_info': {'share_url': 'https://www.iesdouyin.com/share/video/7406237405239397642/?region=US&mid=7406237467311213321&u_code=0&did=MS4wLjABAAAAvCMmrvAxedjvycgJ9K0iX5KdtDHpyq-etIWoeicy6xniB0XMxRYv3S-CyP_GdsPs&iid=MS4wLjABAAAANwkJuWIRFOzg5uCpDRpMj4OX-QryoDgn-yYlXQnRwQQ&with_sec_did=1&video_share_track_ver=&titleType=title&share_sign=2M3Vf0khm5iY8R_UyUIUzBEx_I.nsG5f7n_a0y8utBY-&share_version=290100&ts=1760969609&from_aid=6383&from_ssr=1&share_track_info=%7B%22link_description_type%22%3A%22%22%7D', 'share_link_desc': '8.76 05/26 D@h.BT Btr:/ 儿童开发心智需要什么样的环境？ # 父母课堂 # 幼儿教育 # 亲子关系 # 育儿  %s 复制此链接，打开Dou音搜索，直接观看视频！'}, 'caption_template_id': 0, 'video_labels': None, 'shoot_way': '', 'is_ads': False, 'duration': 100472, 'aweme_type': 0, 'is_new_text_mode': 0, 'ai_follow_images': None, 'image_infos': None, 'risk_infos': {'vote': False, 'warn': False, 'risk_sink': False, 'type': 0, 'content': ''}, 'entertainment_video_type': 3, 'chapter_bar_color': None, 'position': None, 'uniqid_position': None, 'comment_list': None, 'author_user_id': 1965574329213736, 'product_genre_info': {'product_genre_type': 2, 'material_genre_sub_type_set': [4], 'special_info': {'recommend_group_name': 0}}, 'geofencing': [], 'is_from_ad_auth': False, 'is_moment_story': 0, 'region': '', 'video_text': None, 'video_share_edit_status': 0, 'collect_stat': 0, 'label_top_text': None, 'promotions': [], 'group_id': '7406237405239397642', 'prevent_download': False, 'nickname_position': None, 'challenge_position': None, 'trends_event_track': '{}', 'enable_comment_sticker_rec': False, 'mark_largely_following': False, 'long_video': None, 'aweme_listen_struct': {'trace_info': '{"copyright_not_speech":"false","copyright_reason":"has_listen_cp_new","copyright_tag_hit":"","copyright_use_aed_default":"false","copyright_use_tag_default":"false","cp_ab":"true","desc":"","duration_over":"false","hit_high_risk":"false","media_type":"4","reason":"hit_ab_0","show":"false"}'}, 'component_control': {'data_source_url': '/aweme/v1/web/aweme/post/'}, 'friend_recommend_info': {'friend_recommend_source': 10, 'label_user_list': None, 'disable_friend_recommend_guide_label': False}, 'nearby_hot_comment': None, 'interaction_stickers': None, 'can_cache_to_local': True, 'origin_comment_ids': None, 'commerce_config_data': None, 'douplus_user_type': 0, 'video_control': {'allow_download': False, 'share_type': 0, 'show_progress_bar': 1, 'draft_progress_bar': 1, 'allow_duet': True, 'allow_react': False, 'prevent_download_type': 2, 'allow_dynamic_wallpaper': False, 'timer_status': 1, 'allow_music': True, 'allow_stitch': False, 'allow_douplus': True, 'allow_share': True, 'share_grayed': False, 'download_ignore_visibility': False, 'duet_ignore_visibility': False, 'share_ignore_visibility': False, 'download_info': {'level': 1, 'fail_info': {'code': 290002, 'reason': 'isolation_content', 'msg': '视频暂时无法保存，链接已复制'}}, 'duet_info': {'level': 0}, 'allow_record': True, 'disable_record_reason': '', 'timer_info': {}}, 'aweme_control': {'can_forward': True, 'can_share': True, 'can_comment': True, 'can_show_comment': True}, 'interest_points': None, 'is_25_story': 0, 'aweme_type_tags': '', 'entertainment_video_paid_way': {'paid_ways': [], 'paid_type': 0, 'enable_use_new_ent_data': False}, 'anchors': None, 'hybrid_label': None, 'geofencing_regions': None, 'select_anchor_expanded_content': 0, 'aweme_acl': {'download_mask_panel': {'code': 1, 'show_type': 0}}, 'ent_log_extra': {'log_extra': '{"global_log_extra":null,"page_log_extra":null,"aweme_log_extra":{"ce_current_group_id":"7406237405239397642","author_id":"1965574329213736"},"extra_log_extra":null}'}, 'is_story': 0, 'publish_plus_alienation': {'alienation_type': 0}, 'trends_infos': None, 'follow_shot_assets': None, 'cover_labels': None, 'series_basic_info': {}, 'origin_duet_resource_uri': '', 'guide_btn_type': 0, 'cf_assets_type': 0, 'personal_page_botton_diagnose_style': 0, 'images': None, 'relation_labels': None, 'is_moment_history': 0, 'impression_data': {'group_id_list_a': [], 'group_id_list_b': [], 'similar_id_list_a': None, 'similar_id_list_b': None, 'group_id_list_c': [], 'group_id_list_d': []}, 'game_tag_info': {'is_game': False}, 'is_24_story': 0, 'libfinsert_task_id': '', 'social_tag_list': None, 'suggest_words': {'suggest_words': [{'words': [], 'scene': 'detail_inbox_rex', 'icon_url': '', 'hint_text': '', 'extra_info': '{}'}]}, 'show_follow_button': {}, 'duet_aggregate_in_music_tab': False, 'is_duet_sing': False, 'comment_permission_info': {'comment_permission_status': 0, 'can_comment': True, 'item_detail_entry': False, 'press_entry': False, 'toast_guide': False}, 'original_images': None, 'series_paid_info': {'series_paid_status': 0, 'item_price': 0}, 'img_bitrate': None, 'comment_gid': 7406237405239397642, 'image_album_music_info': {'begin_time': -1, 'end_time': -1, 'volume': -1}, 'video_tag': [{'tag_id': 2024, 'tag_name': '亲子', 'level': 1}, {'tag_id': 2024006, 'tag_name': '母婴', 'level': 2}, {'tag_id': 2024006003, 'tag_name': '育儿知识', 'level': 3}], 'is_collects_selected': 0, 'chapter_list': None, 'feed_comment_config': {'input_config_text': '善语结善缘，恶言伤人心', 'author_audit_status': 0, 'common_flags': '{"hashtag":"[{\\"name\\":\\"亲子关系\\",\\"id\\":1595199377513476},{\\"name\\":\\"育儿\\",\\"id\\":1767586940916743},{\\"name\\":\\"父母课堂\\",\\"id\\":1600624540786695},{\\"name\\":\\"幼儿教育\\",\\"id\\":1591352385275918}]","item_author_nickname":"孙瑞雪聊教育","video_labels_v2_tag1":"母婴","video_labels_v2_tag2":"育儿理念"}'}, 'is_image_beat': False, 'dislike_dimension_list': None, 'standard_bar_info_list': None, 'photo_search_entrance': {'ecom_type': 0}, 'is_life_item': False, 'image_list': None, 'component_info_v2': '{"desc_lines_limit":0,"hide_marquee":false}', 'item_warn_notification': {'type': 0, 'show': False, 'content': ''}, 'origin_text_extra': None, 'disable_relation_bar': 0, 'packed_clips': None, 'author_mask_tag': 0, 'user_recommend_status': 1, 'collection_corner_mark': 0, 'is_share_post': False, 'image_comment': {}, 'visual_search_info': {'is_show_img_entrance': False, 'is_ecom_img': False, 'is_high_accuracy_ecom': False, 'is_high_recall_ecom': False}, 'tts_id_list': None, 'ref_tts_id_list': None, 'voice_modify_id_list': None, 'ref_voice_modify_id_list': None, 'authentication_token': 'MS4wLjAAAAAAhABJnn-txMvmX4nBjWYlJrJlzrAYD8Mbq_-tOuytI6LoPmESjGfWzjfubx3va1n6Lc4lW7gOJoXKJ1Cq1ii_cSXhGH6qDWfFrIf6TsnMgl4YR2uVmYTB5lBZUBBdKSXU0giLNXoryuYrkAU93Ty41PneuaFzBsOiW6G2Ud3JZYLknbrBsCSrMZ2zPiC3ZjXIG4fF_pTtvCzrkkoTnPlNAbJbJlFijXBDDJFRg3abiBkbBobt3DGPahgp2nJbr3tB', 'video_game_data_channel_config': {}, 'dislike_dimension_list_v2': None, 'distribute_circle': {'distribute_type': 0, 'campus_block_interaction': False, 'is_campus': False}, 'image_crop_ctrl': 0, 'yumme_recreason': None, 'slides_music_beats': None, 'jump_tab_info_list': None, 'media_type': 4, 'reply_smart_emojis': None, 'activity_video_type': -1, 'boost_status': 0, 'create_scale_type': None, 'entertainment_product_info': {'sub_title': None, 'market_info': {'limit_free': {'in_free': False}, 'marketing_tag': None}}, 'caption': '儿童开发心智需要什么样的环境？ #父母课堂  #幼儿教育  #亲子关系  #育儿', 'item_title': '', 'is_use_music': False, 'original': 0, 'xigua_base_info': {'status': 0, 'star_altar_order_id': 0, 'star_altar_type': 0, 'item_id': 0}}, {'aweme_id': '7406237173474692379', 'desc': '善待孩子就是善待自己 #父母课堂  #幼儿教育  #亲子关系  #家庭教育  #育儿', 'create_time': 1725356700, 'author': {'uid': '1965574329213736', 'card_entries_not_display': None, 'nickname': '孙瑞雪聊教育', 'personal_tag_list': None, 'homepage_bottom_toast': None, 'avatar_thumb': {'uri': '100x100/aweme-avatar/tos-cn-avt-0015_afee5b125df955a19af4c41159ad1295', 'url_list': ['https://p3-pc.douyinpic.com/aweme/100x100/aweme-avatar/tos-cn-avt-0015_afee5b125df955a19af4c41159ad1295.jpeg?from=327834062'], 'width': 720, 'height': 720}, 'batch_unfollow_contain_tabs': None, 'not_seen_item_id_list': None, 'follow_status': 0, 'contrail_list': None, 'story_interactive': 0, 'data_label_list': None, 'custom_verify': '', 'follower_list_secondary_information_struct': None, 'display_info': None, 'interest_tags': None, 'account_cert_info': '{}', 'user_tags': None, 'share_info': {'share_url': '', 'share_weibo_desc': '', 'share_desc': '', 'share_title': '', 'share_qrcode_url': {'uri': '31b0500316c4e154852bc', 'url_list': ['https://p3-pc-sign.douyinpic.com/obj/31b0500316c4e154852bc?lk3s=138a59ce&x-expires=1760990400&x-signature=VnOegD8kfOkclbkCT%2BIUAVSkQl4%3D&from=327834062'], 'width': 720, 'height': 720}, 'share_title_myself': '', 'share_title_other': '', 'share_desc_info': ''}, 'can_set_geofencing': None, 'sec_uid': 'MS4wLjABAAAAnAFnkWlOm9jteymsi42fanYLMzfbqdGIwCILEUqDNmFyjfK9N8fSJdS_D2UWk_we', 'need_points': None, 'enterprise_verify_reason': '', 'is_ad_fake': False, 'story_ttl': 0, 'user_permissions': None, 'card_entries': None, 'creator_tag_list': None, 'offline_info_list': None, 'text_extra': None, 'card_sort_priority': None, 'prevent_download': False, 'special_people_labels': None, 'white_cover_url': None, 'endorsement_info_list': None, 'follower_status': 0, 'profile_mob_params': None, 'familiar_visitor_user': None, 'avatar_schema_list': None, 'cover_url': [{'uri': 'c8510002be9a3a61aad2', 'url_list': ['https://p3-pc-sign.douyinpic.com/obj/c8510002be9a3a61aad2?lk3s=138a59ce&x-expires=1762178400&x-signature=bEz6E0nbTH1458RtDsUU87G74Mk%3D&from=327834062'], 'width': 720, 'height': 720}], 'cf_list': None, 'im_role_ids': None, 'not_seen_item_id_list_v2': None, 'signature_extra': None, 'risk_notice_text': '', 'ban_user_functions': None, 'profile_component_disabled': None, 'verification_permission_ids': None, 'identity_labels': None, 'private_relation_list': None, 'link_item_list': None, 'batch_unfollow_relation_desc': None}, 'music': {'id': 7406237212980874021, 'id_str': '7406237212980874021', 'title': '@孙瑞雪聊教育创作的原声', 'author': '孙瑞雪聊教育', 'album': '', 'cover_hd': {'uri': '1080x1080/aweme-avatar/tos-cn-avt-0015_afee5b125df955a19af4c41159ad1295', 'url_list': ['https://p3-pc.douyinpic.com/aweme/1080x1080/aweme-avatar/tos-cn-avt-0015_afee5b125df955a19af4c41159ad1295.jpeg?from=327834062'], 'width': 720, 'height': 720}, 'cover_large': {'uri': '1080x1080/aweme-avatar/tos-cn-avt-0015_afee5b125df955a19af4c41159ad1295', 'url_list': ['https://p3-pc.douyinpic.com/aweme/1080x1080/aweme-avatar/tos-cn-avt-0015_afee5b125df955a19af4c41159ad1295.jpeg?from=327834062'], 'width': 720, 'height': 720}, 'cover_medium': {'uri': '720x720/aweme-avatar/tos-cn-avt-0015_afee5b125df955a19af4c41159ad1295', 'url_list': ['https://p3-pc.douyinpic.com/aweme/720x720/aweme-avatar/tos-cn-avt-0015_afee5b125df955a19af4c41159ad1295.jpeg?from=327834062'], 'width': 720, 'height': 720}, 'cover_thumb': {'uri': '100x100/aweme-avatar/tos-cn-avt-0015_afee5b125df955a19af4c41159ad1295', 'url_list': ['https://p3-pc.douyinpic.com/aweme/100x100/aweme-avatar/tos-cn-avt-0015_afee5b125df955a19af4c41159ad1295.jpeg?from=327834062'], 'width': 720, 'height': 720}, 'play_url': {'uri': 'https://sf5-hl-ali-cdn-tos.douyinstatic.com/obj/ies-music/7406237263421590323.mp3', 'url_list': ['https://sf5-hl-ali-cdn-tos.douyinstatic.com/obj/ies-music/7406237263421590323.mp3', 'https://sf6-cdn-tos.douyinstatic.com/obj/ies-music/7406237263421590323.mp3'], 'width': 720, 'height': 720, 'url_key': '7406237212980874021'}, 'schema_url': '', 'source_platform': 23, 'start_time': 0, 'end_time': 0, 'duration': 80, 'extra': '{"aed_music_score":0,"aed_singing_score":0.01,"aggregate_exempt_conf":[],"beats":{},"cover_colors":null,"douyin_beats_info":{},"dsp_switch":0,"extract_item_id":7406237173474692379,"has_edited":0,"hit_high_follow_auto":false,"hit_high_follow_extend":false,"hit_high_follow_original":false,"hotsoon_review_time":-1,"is_aed_music":0,"is_high_follow_user":false,"is_red":0,"is_subsidy_exp":false,"music_label_id":null,"music_tagging":{"AEDs":null,"Genres":null,"Instruments":null,"Languages":null,"Moods":null,"SingingVersions":null,"Themes":null},"review_unshelve_reason":0,"reviewed":0,"schedule_search_time":0,"uniqa_speech_score":0.73,"with_aed_model":1}', 'user_count': 0, 'position': None, 'collect_stat': 0, 'status': 1, 'offline_desc': '', 'owner_id': '1965574329213736', 'owner_nickname': '孙瑞雪聊教育', 'is_original': False, 'mid': '7406237212980874021', 'binded_challenge_id': 0, 'redirect': False, 'is_restricted': False, 'author_deleted': False, 'is_del_video': False, 'is_video_self_see': False, 'owner_handle': '63566855132', 'author_position': None, 'prevent_download': False, 'unshelve_countries': None, 'prevent_item_download_status': 0, 'external_song_info': [], 'sec_uid': 'MS4wLjABAAAAnAFnkWlOm9jteymsi42fanYLMzfbqdGIwCILEUqDNmFyjfK9N8fSJdS_D2UWk_we', 'avatar_thumb': {'uri': '100x100/aweme-avatar/tos-cn-avt-0015_afee5b125df955a19af4c41159ad1295', 'url_list': ['https://p3-pc.douyinpic.com/aweme/100x100/aweme-avatar/tos-cn-avt-0015_afee5b125df955a19af4c41159ad1295.jpeg?from=327834062'], 'width': 720, 'height': 720}, 'avatar_medium': {'uri': '720x720/aweme-avatar/tos-cn-avt-0015_afee5b125df955a19af4c41159ad1295', 'url_list': ['https://p3-pc.douyinpic.com/aweme/720x720/aweme-avatar/tos-cn-avt-0015_afee5b125df955a19af4c41159ad1295.jpeg?from=327834062'], 'width': 720, 'height': 720}, 'avatar_large': {'uri': '1080x1080/aweme-avatar/tos-cn-avt-0015_afee5b125df955a19af4c41159ad1295', 'url_list': ['https://p3-pc.douyinpic.com/aweme/1080x1080/aweme-avatar/tos-cn-avt-0015_afee5b125df955a19af4c41159ad1295.jpeg?from=327834062'], 'width': 720, 'height': 720}, 'preview_start_time': 0, 'preview_end_time': 0, 'is_commerce_music': False, 'is_original_sound': True, 'audition_duration': 80, 'shoot_duration': 80, 'reason_type': 0, 'artists': [], 'lyric_short_position': None, 'mute_share': False, 'tag_list': None, 'dmv_auto_show': False, 'is_pgc': False, 'is_matched_metadata': False, 'is_audio_url_with_cookie': False, 'music_chart_ranks': None, 'can_background_play': True, 'music_status': 1, 'video_duration': 80, 'pgc_music_type': 2, 'author_status': 1, 'search_impr': {'entity_id': '7406237212980874021'}, 'artist_user_infos': None, 'dsp_status': 10, 'musician_user_infos': None, 'music_collect_count': 0, 'music_cover_atmosphere_color_value': '', 'show_origin_clip': False}, 'effect_inflow_effects': None, 'video': {'play_addr': {'uri': 'v0300fg10000cr43qqnog65nov9n7eog', 'url_list': ['https://v5-dy-o-abtest.zjcdn.com/6c3a9cdf16a06df667447065ce3b261f/68f66e09/video/tos/cn/tos-cn-ve-0015c800/ooRvdFjAEIWQg4ynDwf1iRqA9J6YmDDbAgecB4/?a=6383&ch=10010&cr=3&dr=0&lr=all&cd=0%7C0%7C0%7C3&cv=1&br=871&bt=871&cs=0&ds=4&ft=c2YTctGHQPRUZxfusdr~kwPqYldQIKDEE-TerrNqq_45a&mime_type=video_mp4&qs=0&rc=Ojs4M2k5Ojo7aWg4ZzhnZkBpamhxeXE5cnQ2dTMzNGkzM0AwYGFgX15fNjIxNV9hYDReYSNsNDZsMmRrbjFgLS1kLTBzcw%3D%3D&btag=80000e00028000&cquery=100o_101r_100B_100H_100K&dy_q=1760969609&feature_id=46a7bb47b4fd1280f3d3825bf2b29388&l=20251020221329FF810B6B17C3D024C6A3', 'https://v5-dy-o-abtest.zjcdn.com/6c3a9cdf16a06df667447065ce3b261f/68f66e09/video/tos/cn/tos-cn-ve-0015c800/ooRvdFjAEIWQg4ynDwf1iRqA9J6YmDDbAgecB4/?a=6383&ch=10010&cr=3&dr=0&lr=all&cd=0%7C0%7C0%7C3&cv=1&br=871&bt=871&cs=0&ds=4&ft=c2YTctGHQPRUZxfusdr~kwPqYldQIKDEE-TerrNqq_45a&mime_type=video_mp4&qs=0&rc=Ojs4M2k5Ojo7aWg4ZzhnZkBpamhxeXE5cnQ2dTMzNGkzM0AwYGFgX15fNjIxNV9hYDReYSNsNDZsMmRrbjFgLS1kLTBzcw%3D%3D&btag=80000e00028000&cquery=101r_100B_100H_100K_100o&dy_q=1760969609&feature_id=46a7bb47b4fd1280f3d3825bf2b29388&l=20251020221329FF810B6B17C3D024C6A3', 'https://www.douyin.com/aweme/v1/play/?video_id=v0300fg10000cr43qqnog65nov9n7eog&line=0&file_id=ac7dc5ddb58e4f5897b7a6bfc0d5c837&sign=2d607f61289b247949d5850238694dff&is_play_url=1&source=PackSourceEnum_PUBLISH'], 'width': 1080, 'height': 1920, 'url_key': 'v0300fg10000cr43qqnog65nov9n7eog_h264_1080p_892572', 'data_size': 8989541, 'file_hash': '2d607f61289b247949d5850238694dff', 'file_cs': 'c:0-67634-20bd|a:v0300fg10000cr43qqnog65nov9n7eog'}, 'cover': {'uri': 'tos-cn-i-dy/8df1f2ce02e947c9b277011e26e5fa40', 'url_list': ['https://p3-pc-sign.douyinpic.com/tos-cn-i-dy/8df1f2ce02e947c9b277011e26e5fa40~tplv-dy-cropcenter:323:430.jpeg?lk3s=138a59ce&x-expires=2076328800&x-signature=PXOpjobHS3eBBoCyALtayjm6FR0%3D&from=327834062&s=PackSourceEnum_PUBLISH&se=true&sh=323_430&sc=cover&biz_tag=pcweb_cover&l=20251020221329FF810B6B17C3D024C6A3', 'https://p3-pc-sign.douyinpic.com/obj/tos-cn-i-dy/8df1f2ce02e947c9b277011e26e5fa40?lk3s=138a59ce&x-expires=2076328800&x-signature=u20TSXUiYqEmM7tjGlbL3jM7fRg%3D&from=327834062&s=PackSourceEnum_PUBLISH&se=false&sc=cover&biz_tag=pcweb_cover&l=20251020221329FF810B6B17C3D024C6A3'], 'width': 720, 'height': 720}, 'height': 1920, 'width': 1080, 'dynamic_cover': {'uri': 'tos-cn-i-dy/8df1f2ce02e947c9b277011e26e5fa40', 'url_list': ['https://p3-pc-sign.douyinpic.com/obj/tos-cn-i-dy/8df1f2ce02e947c9b277011e26e5fa40?lk3s=138a59ce&x-expires=1762178400&x-signature=qkCzLRgqGvybGoUnjue3mFQHuvE%3D&from=327834062_large&s=PackSourceEnum_PUBLISH&se=false&sc=dynamic_cover&biz_tag=pcweb_cover&l=20251020221329FF810B6B17C3D024C6A3', 'https://p9-pc-sign.douyinpic.com/obj/tos-cn-i-dy/8df1f2ce02e947c9b277011e26e5fa40?lk3s=138a59ce&x-expires=1762178400&x-signature=Qkp%2FHY00FZ%2FzEr9u30GIqrFU1Zc%3D&from=327834062_large&s=PackSourceEnum_PUBLISH&se=false&sc=dynamic_cover&biz_tag=pcweb_cover&l=20251020221329FF810B6B17C3D024C6A3'], 'width': 720, 'height': 720}, 'origin_cover': {'uri': 'tos-cn-p-0015/osN3I3YQZPz9PIxnAaAuihLIjABivsxIR9wgI', 'url_list': ['https://p3-pc-sign.douyinpic.com/tos-cn-p-0015/osN3I3YQZPz9PIxnAaAuihLIjABivsxIR9wgI~tplv-dy-360p.jpeg?lk3s=138a59ce&x-expires=1762178400&x-signature=Ahd9D97Q8o4Tt5Lwc19sVhIsWzk%3D&from=327834062&s=PackSourceEnum_PUBLISH&se=false&sc=origin_cover&biz_tag=pcweb_cover&l=20251020221329FF810B6B17C3D024C6A3', 'https://p9-pc-sign.douyinpic.com/tos-cn-p-0015/osN3I3YQZPz9PIxnAaAuihLIjABivsxIR9wgI~tplv-dy-360p.jpeg?lk3s=138a59ce&x-expires=1762178400&x-signature=aYcqhRbgSYVmYsv4v8mg940OEWs%3D&from=327834062&s=PackSourceEnum_PUBLISH&se=false&sc=origin_cover&biz_tag=pcweb_cover&l=20251020221329FF810B6B17C3D024C6A3'], 'width': 360, 'height': 640}, 'ratio': '1080p', 'format': 'mp4', 'audio': {'original_sound_infos': None}, 'bit_rate': [{'gear_name': 'normal_1080_0', 'quality_type': 1, 'bit_rate': 892572, 'play_addr': {'uri': 'v0300fg10000cr43qqnog65nov9n7eog', 'url_list': ['https://v5-dy-o-abtest.zjcdn.com/6c3a9cdf16a06df667447065ce3b261f/68f66e09/video/tos/cn/tos-cn-ve-0015c800/ooRvdFjAEIWQg4ynDwf1iRqA9J6YmDDbAgecB4/?a=6383&ch=10010&cr=3&dr=0&lr=all&cd=0%7C0%7C0%7C3&cv=1&br=871&bt=871&cs=0&ds=4&ft=c2YTctGHQPRUZxfusdr~kwPqYldQIKDEE-TerrNqq_45a&mime_type=video_mp4&qs=0&rc=Ojs4M2k5Ojo7aWg4ZzhnZkBpamhxeXE5cnQ2dTMzNGkzM0AwYGFgX15fNjIxNV9hYDReYSNsNDZsMmRrbjFgLS1kLTBzcw%3D%3D&btag=80000e00028000&cquery=100o_101r_100B_100H_100K&dy_q=1760969609&feature_id=46a7bb47b4fd1280f3d3825bf2b29388&l=20251020221329FF810B6B17C3D024C6A3', 'https://v5-dy-o-abtest.zjcdn.com/6c3a9cdf16a06df667447065ce3b261f/68f66e09/video/tos/cn/tos-cn-ve-0015c800/ooRvdFjAEIWQg4ynDwf1iRqA9J6YmDDbAgecB4/?a=6383&ch=10010&cr=3&dr=0&lr=all&cd=0%7C0%7C0%7C3&cv=1&br=871&bt=871&cs=0&ds=4&ft=c2YTctGHQPRUZxfusdr~kwPqYldQIKDEE-TerrNqq_45a&mime_type=video_mp4&qs=0&rc=Ojs4M2k5Ojo7aWg4ZzhnZkBpamhxeXE5cnQ2dTMzNGkzM0AwYGFgX15fNjIxNV9hYDReYSNsNDZsMmRrbjFgLS1kLTBzcw%3D%3D&btag=80000e00028000&cquery=101r_100B_100H_100K_100o&dy_q=1760969609&feature_id=46a7bb47b4fd1280f3d3825bf2b29388&l=20251020221329FF810B6B17C3D024C6A3', 'https://www.douyin.com/aweme/v1/play/?video_id=v0300fg10000cr43qqnog65nov9n7eog&line=0&file_id=ac7dc5ddb58e4f5897b7a6bfc0d5c837&sign=2d607f61289b247949d5850238694dff&is_play_url=1&source=PackSourceEnum_PUBLISH'], 'width': 1080, 'height': 1920, 'url_key': 'v0300fg10000cr43qqnog65nov9n7eog_h264_1080p_892572', 'data_size': 8989541, 'file_hash': '2d607f61289b247949d5850238694dff', 'file_cs': 'c:0-67634-20bd|a:v0300fg10000cr43qqnog65nov9n7eog'}, 'is_h265': 0, 'is_bytevc1': 0, 'HDR_type': '', 'HDR_bit': '', 'FPS': 30, 'video_extra': '{"PktOffsetMap":"[{\\"time\\": 1, \\"offset\\": 403834}, {\\"time\\": 2, \\"offset\\": 549207}, {\\"time\\": 3, \\"offset\\": 754157}, {\\"time\\": 4, \\"offset\\": 864278}, {\\"time\\": 5, \\"offset\\": 977219}, {\\"time\\": 10, \\"offset\\": 1581332}]","format":"mp4","definition":"1080p","quality":"normal","file_id":"ac7dc5ddb58e4f5897b7a6bfc0d5c837","applog_map":{"feature_id":"46a7bb47b4fd1280f3d3825bf2b29388"},"audio_channels":"2.0","audio_sample_rate":"44100","audio_metrics":null,"audio_score":null}', 'format': 'mp4'}, {'gear_name': 'normal_720_0', 'quality_type': 10, 'bit_rate': 680936, 'play_addr': {'uri': 'v0300fg10000cr43qqnog65nov9n7eog', 'url_list': ['https://v5-dy-o-abtest.zjcdn.com/15ec3cec2463a27bef357c67d1c7ae85/68f66e09/video/tos/cn/tos-cn-ve-0015c800/oUPsIIblZxu9gzQcGiNAwnIHPax9ivAIBQ3iE/?a=6383&ch=10010&cr=3&dr=0&lr=all&cd=0%7C0%7C0%7C3&cv=1&br=664&bt=664&cs=0&ds=3&ft=c2YTctGHQPRUZxfusdr~kwPqYldQIKDEE-TerrNqq_45a&mime_type=video_mp4&qs=0&rc=ZDk3Njo7NzlmZjo3ODU5ZkBpamhxeXE5cnQ2dTMzNGkzM0AwM19jYS1hNTYxMV81NDJjYSNsNDZsMmRrbjFgLS1kLTBzcw%3D%3D&btag=80000e00028000&cquery=100B_100H_100K_100o_101r&dy_q=1760969609&feature_id=2e1813f3872a2105acee44623dff2864&l=20251020221329FF810B6B17C3D024C6A3', 'https://v5-dy-o-abtest.zjcdn.com/15ec3cec2463a27bef357c67d1c7ae85/68f66e09/video/tos/cn/tos-cn-ve-0015c800/oUPsIIblZxu9gzQcGiNAwnIHPax9ivAIBQ3iE/?a=6383&ch=10010&cr=3&dr=0&lr=all&cd=0%7C0%7C0%7C3&cv=1&br=664&bt=664&cs=0&ds=3&ft=c2YTctGHQPRUZxfusdr~kwPqYldQIKDEE-TerrNqq_45a&mime_type=video_mp4&qs=0&rc=ZDk3Njo7NzlmZjo3ODU5ZkBpamhxeXE5cnQ2dTMzNGkzM0AwM19jYS1hNTYxMV81NDJjYSNsNDZsMmRrbjFgLS1kLTBzcw%3D%3D&btag=80000e00028000&cquery=100K_100o_101r_100B_100H&dy_q=1760969609&feature_id=2e1813f3872a2105acee44623dff2864&l=20251020221329FF810B6B17C3D024C6A3', 'https://www.douyin.com/aweme/v1/play/?video_id=v0300fg10000cr43qqnog65nov9n7eog&line=0&file_id=fc567285b4474c9c86d408d7f3b4663a&sign=5ef89b2b9037e4be7e1970ea95e171db&is_play_url=1&source=PackSourceEnum_PUBLISH'], 'width': 720, 'height': 1280, 'url_key': 'v0300fg10000cr43qqnog65nov9n7eog_h264_720p_680936', 'data_size': 6858056, 'file_hash': '5ef89b2b9037e4be7e1970ea95e171db', 'file_cs': 'c:0-88885-d578'}, 'is_h265': 0, 'is_bytevc1': 0, 'HDR_type': '', 'HDR_bit': '', 'FPS': 30, 'video_extra': '{"PktOffsetMap":"[{\\"time\\": 1, \\"offset\\": 312555}, {\\"time\\": 2, \\"offset\\": 416025}, {\\"time\\": 3, \\"offset\\": 554196}, {\\"time\\": 4, \\"offset\\": 632224}, {\\"time\\": 5, \\"offset\\": 778079}, {\\"time\\": 10, \\"offset\\": 1178275}]","format":"mp4","definition":"720p","quality":"normal","file_id":"fc567285b4474c9c86d408d7f3b4663a","applog_map":{"feature_id":"2e1813f3872a2105acee44623dff2864"},"audio_channels":"2.0","audio_sample_rate":"44100","audio_metrics":null,"audio_score":null}', 'format': 'mp4'}, {'gear_name': 'low_720_0', 'quality_type': 211, 'bit_rate': 611356, 'play_addr': {'uri': 'v0300fg10000cr43qqnog65nov9n7eog', 'url_list': ['https://v5-dy-o-abtest.zjcdn.com/c63323fd460b4a8524887497d0c60d61/68f66e09/video/tos/cn/tos-cn-ve-0015c800/o4ZIU3XPqQEzAaAwNuiIz3i99gQFxux9IvTBs/?a=6383&ch=10010&cr=3&dr=0&lr=all&cd=0%7C0%7C0%7C3&cv=1&br=597&bt=597&cs=0&ds=3&ft=c2YTctGHQPRUZxfusdr~kwPqYldQIKDEE-TerrNqq_45a&mime_type=video_mp4&qs=1&rc=aDo7N2Q8MzxmOzozZ2YzaEBpamhxeXE5cnQ2dTMzNGkzM0AtLmEuNGNfXy8xYzZfMl4vYSNsNDZsMmRrbjFgLS1kLTBzcw%3D%3D&btag=80000e00028000&cquery=101r_100B_100H_100K_100o&dy_q=1760969609&feature_id=46a7bb47b4fd1280f3d3825bf2b29388&l=20251020221329FF810B6B17C3D024C6A3', 'https://v5-dy-o-abtest.zjcdn.com/c63323fd460b4a8524887497d0c60d61/68f66e09/video/tos/cn/tos-cn-ve-0015c800/o4ZIU3XPqQEzAaAwNuiIz3i99gQFxux9IvTBs/?a=6383&ch=10010&cr=3&dr=0&lr=all&cd=0%7C0%7C0%7C3&cv=1&br=597&bt=597&cs=0&ds=3&ft=c2YTctGHQPRUZxfusdr~kwPqYldQIKDEE-TerrNqq_45a&mime_type=video_mp4&qs=1&rc=aDo7N2Q8MzxmOzozZ2YzaEBpamhxeXE5cnQ2dTMzNGkzM0AtLmEuNGNfXy8xYzZfMl4vYSNsNDZsMmRrbjFgLS1kLTBzcw%3D%3D&btag=80000e00028000&cquery=100H_100K_100o_101r_100B&dy_q=1760969609&feature_id=46a7bb47b4fd1280f3d3825bf2b29388&l=20251020221329FF810B6B17C3D024C6A3', 'https://www.douyin.com/aweme/v1/play/?video_id=v0300fg10000cr43qqnog65nov9n7eog&line=0&file_id=2ea05cbd90f7482cb9b0f97a14d8170e&sign=4cbc533a2b330367157e11b5fcd9b07b&is_play_url=1&source=PackSourceEnum_PUBLISH'], 'width': 720, 'height': 1280, 'url_key': 'v0300fg10000cr43qqnog65nov9n7eog_h264_720p_611356', 'data_size': 6157281, 'file_hash': '4cbc533a2b330367157e11b5fcd9b07b', 'file_cs': 'c:0-67688-4070|a:v0300fg10000cr43qqnog65nov9n7eog'}, 'is_h265': 0, 'is_bytevc1': 0, 'HDR_type': '', 'HDR_bit': '', 'FPS': 30, 'video_extra': '{"PktOffsetMap":"[{\\"time\\": 1, \\"offset\\": 302195}, {\\"time\\": 2, \\"offset\\": 398912}, {\\"time\\": 3, \\"offset\\": 535541}, {\\"time\\": 4, \\"offset\\": 610409}, {\\"time\\": 5, \\"offset\\": 684255}, {\\"time\\": 10, \\"offset\\": 1096631}]","format":"mp4","definition":"720p","quality":"low","file_id":"2ea05cbd90f7482cb9b0f97a14d8170e","applog_map":{"feature_id":"46a7bb47b4fd1280f3d3825bf2b29388"},"audio_channels":"2.0","audio_sample_rate":"44100","audio_metrics":null,"audio_score":null}', 'format': 'mp4'}, {'gear_name': 'low_540_0', 'quality_type': 292, 'bit_rate': 587365, 'play_addr': {'uri': 'v0300fg10000cr43qqnog65nov9n7eog', 'url_list': ['https://v5-dy-o-abtest.zjcdn.com/572f8085c036471dede023cb8001f618/68f66e09/video/tos/cn/tos-cn-ve-0015c800/oAu6gyDgSImLFOn1eDfB9jq7jvduZDAbAEAiQQ/?a=6383&ch=10010&cr=3&dr=0&lr=all&cd=0%7C0%7C0%7C3&cv=1&br=573&bt=573&cs=0&ds=6&ft=c2YTctGHQPRUZxfusdr~kwPqYldQIKDEE-TerrNqq_45a&mime_type=video_mp4&qs=1&rc=OmU7M2k1Zmk4aDo2ODg5aUBpamhxeXE5cnQ2dTMzNGkzM0AuNDMxLTA1NmIxLi8xXzAyYSNsNDZsMmRrbjFgLS1kLTBzcw%3D%3D&btag=80000e00028000&cquery=100H_100K_100o_101r_100B&dy_q=1760969609&feature_id=46a7bb47b4fd1280f3d3825bf2b29388&l=20251020221329FF810B6B17C3D024C6A3', 'https://v5-dy-o-abtest.zjcdn.com/572f8085c036471dede023cb8001f618/68f66e09/video/tos/cn/tos-cn-ve-0015c800/oAu6gyDgSImLFOn1eDfB9jq7jvduZDAbAEAiQQ/?a=6383&ch=10010&cr=3&dr=0&lr=all&cd=0%7C0%7C0%7C3&cv=1&br=573&bt=573&cs=0&ds=6&ft=c2YTctGHQPRUZxfusdr~kwPqYldQIKDEE-TerrNqq_45a&mime_type=video_mp4&qs=1&rc=OmU7M2k1Zmk4aDo2ODg5aUBpamhxeXE5cnQ2dTMzNGkzM0AuNDMxLTA1NmIxLi8xXzAyYSNsNDZsMmRrbjFgLS1kLTBzcw%3D%3D&btag=80000e00028000&cquery=100H_100K_100o_101r_100B&dy_q=1760969609&feature_id=46a7bb47b4fd1280f3d3825bf2b29388&l=20251020221329FF810B6B17C3D024C6A3', 'https://www.douyin.com/aweme/v1/play/?video_id=v0300fg10000cr43qqnog65nov9n7eog&line=0&file_id=5f36b54523174ee59f8c320f40687b17&sign=d8b50371e76bd259c5cc943927db82cd&is_play_url=1&source=PackSourceEnum_PUBLISH'], 'width': 576, 'height': 1024, 'url_key': 'v0300fg10000cr43qqnog65nov9n7eog_h264_540p_587365', 'data_size': 5915648, 'file_hash': 'd8b50371e76bd259c5cc943927db82cd', 'file_cs': 'c:0-67648-59c0|a:v0300fg10000cr43qqnog65nov9n7eog'}, 'is_h265': 0, 'is_bytevc1': 0, 'HDR_type': '', 'HDR_bit': '', 'FPS': 30, 'video_extra': '{"PktOffsetMap":"[{\\"time\\": 1, \\"offset\\": 281351}, {\\"time\\": 2, \\"offset\\": 377949}, {\\"time\\": 3, \\"offset\\": 507047}, {\\"time\\": 4, \\"offset\\": 577919}, {\\"time\\": 5, \\"offset\\": 647326}, {\\"time\\": 10, \\"offset\\": 1037061}]","format":"mp4","definition":"540p","quality":"low","file_id":"5f36b54523174ee59f8c320f40687b17","applog_map":{"feature_id":"46a7bb47b4fd1280f3d3825bf2b29388"},"audio_channels":"2.0","audio_sample_rate":"44100","audio_metrics":null,"audio_score":null}', 'format': 'mp4'}, {'gear_name': 'adapt_low_540_0', 'quality_type': 291, 'bit_rate': 404486, 'play_addr': {'uri': 'v0300fg10000cr43qqnog65nov9n7eog', 'url_list': ['https://v5-dy-o-abtest.zjcdn.com/6f1414f2d81219b7a2989b7646b1de7e/68f66e09/video/tos/cn/tos-cn-ve-0015c800/osxbQDMjDIWeiuv1AnFgDQ9qdBfsmHAQELg6Ay/?a=6383&ch=10010&cr=3&dr=0&lr=all&cd=0%7C0%7C0%7C3&cv=1&br=395&bt=395&cs=0&ds=6&ft=c2YTctGHQPRUZxfusdr~kwPqYldQIKDEE-TerrNqq_45a&mime_type=video_mp4&qs=12&rc=ZGlkaWdnNTdmOjo5NGQ3ZUBpamhxeXE5cnQ2dTMzNGkzM0AvMS0wYC8wNmMxYC9gXi5hYSNsNDZsMmRrbjFgLS1kLTBzcw%3D%3D&btag=80000e00028000&cquery=100o_101r_100B_100H_100K&dy_q=1760969609&feature_id=46a7bb47b4fd1280f3d3825bf2b29388&l=20251020221329FF810B6B17C3D024C6A3', 'https://v5-dy-o-abtest.zjcdn.com/6f1414f2d81219b7a2989b7646b1de7e/68f66e09/video/tos/cn/tos-cn-ve-0015c800/osxbQDMjDIWeiuv1AnFgDQ9qdBfsmHAQELg6Ay/?a=6383&ch=10010&cr=3&dr=0&lr=all&cd=0%7C0%7C0%7C3&cv=1&br=395&bt=395&cs=0&ds=6&ft=c2YTctGHQPRUZxfusdr~kwPqYldQIKDEE-TerrNqq_45a&mime_type=video_mp4&qs=12&rc=ZGlkaWdnNTdmOjo5NGQ3ZUBpamhxeXE5cnQ2dTMzNGkzM0AvMS0wYC8wNmMxYC9gXi5hYSNsNDZsMmRrbjFgLS1kLTBzcw%3D%3D&btag=80000e00028000&cquery=101r_100B_100H_100K_100o&dy_q=1760969609&feature_id=46a7bb47b4fd1280f3d3825bf2b29388&l=20251020221329FF810B6B17C3D024C6A3', 'https://www.douyin.com/aweme/v1/play/?video_id=v0300fg10000cr43qqnog65nov9n7eog&line=0&file_id=db14aac126c747fc94322dcd3f0a4f2a&sign=7388390788b3788789900d422337af77&is_play_url=1&source=PackSourceEnum_PUBLISH'], 'width': 576, 'height': 1024, 'url_key': 'v0300fg10000cr43qqnog65nov9n7eog_h264_540p_404486', 'data_size': 4073782, 'file_hash': '7388390788b3788789900d422337af77', 'file_cs': 'c:0-67647-8423|a:v0300fg10000cr43qqnog65nov9n7eog'}, 'is_h265': 0, 'is_bytevc1': 0, 'HDR_type': '', 'HDR_bit': '', 'FPS': 30, 'video_extra': '{"PktOffsetMap":"[{\\"time\\": 1, \\"offset\\": 220609}, {\\"time\\": 2, \\"offset\\": 286761}, {\\"time\\": 3, \\"offset\\": 375161}, {\\"time\\": 4, \\"offset\\": 423136}, {\\"time\\": 5, \\"offset\\": 469467}, {\\"time\\": 10, \\"offset\\": 738365}]","format":"mp4","definition":"540p","quality":"adapt_low","file_id":"db14aac126c747fc94322dcd3f0a4f2a","applog_map":{"feature_id":"46a7bb47b4fd1280f3d3825bf2b29388"},"audio_channels":"2.0","audio_sample_rate":"44100","audio_metrics":null,"audio_score":null}', 'format': 'mp4'}, {'gear_name': 'adapt_lowest_1080_1', 'quality_type': 2, 'bit_rate': 303703, 'play_addr': {'uri': 'v0300fg10000cr43qqnog65nov9n7eog', 'url_list': ['https://v5-dy-o-abtest.zjcdn.com/307741b3ff6890a83e17f7fdd35a9ce8/68f66e09/video/tos/cn/tos-cn-ve-0015c800/ogN37CCQZPz93IxSAaAuicvE6QBivsxWc9wgI/?a=6383&ch=10010&cr=3&dr=0&lr=all&cd=0%7C0%7C0%7C3&cv=1&br=296&bt=296&cs=2&ds=4&ft=c2YTctGHQPRUZxfusdr~kwPqYldQIKDEE-TerrNqq_45a&mime_type=video_mp4&qs=15&rc=aTQ1N2U4ZjdlNGU4Nmk8aEBpamhxeXE5cnQ2dTMzNGkzM0BjYjEwYzJiNTMxMy0xLjNhYSNsNDZsMmRrbjFgLS1kLTBzcw%3D%3D&btag=80000e00028000&cquery=100B_100H_100K_100o_101r&dy_q=1760969609&feature_id=c6de0308cacfd993ef282c8e1c646267&l=20251020221329FF810B6B17C3D024C6A3', 'https://v5-dy-o-abtest.zjcdn.com/307741b3ff6890a83e17f7fdd35a9ce8/68f66e09/video/tos/cn/tos-cn-ve-0015c800/ogN37CCQZPz93IxSAaAuicvE6QBivsxWc9wgI/?a=6383&ch=10010&cr=3&dr=0&lr=all&cd=0%7C0%7C0%7C3&cv=1&br=296&bt=296&cs=2&ds=4&ft=c2YTctGHQPRUZxfusdr~kwPqYldQIKDEE-TerrNqq_45a&mime_type=video_mp4&qs=15&rc=aTQ1N2U4ZjdlNGU4Nmk8aEBpamhxeXE5cnQ2dTMzNGkzM0BjYjEwYzJiNTMxMy0xLjNhYSNsNDZsMmRrbjFgLS1kLTBzcw%3D%3D&btag=80000e00028000&cquery=101r_100B_100H_100K_100o&dy_q=1760969609&feature_id=c6de0308cacfd993ef282c8e1c646267&l=20251020221329FF810B6B17C3D024C6A3', 'https://www.douyin.com/aweme/v1/play/?video_id=v0300fg10000cr43qqnog65nov9n7eog&line=0&file_id=de691f43056b416b84ec55fb3442e1ff&sign=ee79cc1eff70a50ed3fd1cbb4f67f21f&is_play_url=1&source=PackSourceEnum_PUBLISH'], 'width': 1080, 'height': 1920, 'url_key': 'v0300fg10000cr43qqnog65nov9n7eog_bytevc1_1080p_303703', 'data_size': 3058750, 'file_hash': 'ee79cc1eff70a50ed3fd1cbb4f67f21f', 'file_cs': 'c:0-67849-09ab'}, 'is_h265': 1, 'is_bytevc1': 1, 'HDR_type': '', 'HDR_bit': '', 'FPS': 30, 'video_extra': '{"PktOffsetMap":"[{\\"time\\": 1, \\"offset\\": 205411}, {\\"time\\": 2, \\"offset\\": 250963}, {\\"time\\": 3, \\"offset\\": 323786}, {\\"time\\": 4, \\"offset\\": 367022}, {\\"time\\": 5, \\"offset\\": 400919}, {\\"time\\": 10, \\"offset\\": 634454}]","format":"mp4","definition":"1080p","quality":"adapt_lowest","file_id":"de691f43056b416b84ec55fb3442e1ff","applog_map":{"feature_id":"c6de0308cacfd993ef282c8e1c646267"},"mvmaf":"{\\"mvmaf_sr_v1080\\":-1,\\"mvmaf_sr_v960\\":-1,\\"mvmaf_sr_v864\\":-1,\\"mvmaf_sr_v720\\":-1,\\"mvmaf_ori_v1080\\":93.273,\\"mvmaf_ori_v960\\":93.937,\\"mvmaf_ori_v864\\":94.537,\\"mvmaf_ori_v720\\":95.255}","audio_channels":"2.0","audio_sample_rate":"44100","audio_metrics":null,"audio_score":null}', 'format': 'mp4'}, {'gear_name': 'adapt_lowest_720_1', 'quality_type': 15, 'bit_rate': 264157, 'play_addr': {'uri': 'v0300fg10000cr43qqnog65nov9n7eog', 'url_list': ['https://v5-dy-o-abtest.zjcdn.com/363aa3464d3698cf95e9c2e73369f484/68f66e09/video/tos/cn/tos-cn-ve-0015c800/owWxCIiCOwig39BAiQisr3Za9AbQuENv4IPzx/?a=6383&ch=10010&cr=3&dr=0&lr=all&cd=0%7C0%7C0%7C3&cv=1&br=257&bt=257&cs=2&ds=3&ft=c2YTctGHQPRUZxfusdr~kwPqYldQIKDEE-TerrNqq_45a&mime_type=video_mp4&qs=15&rc=Njo3Nmk8ZTxpO2U2ZjM6OUBpamhxeXE5cnQ2dTMzNGkzM0AyLS1jL2MyXjExYzRhYy4yYSNsNDZsMmRrbjFgLS1kLTBzcw%3D%3D&btag=80000e00028000&cquery=101r_100B_100H_100K_100o&dy_q=1760969609&feature_id=c6de0308cacfd993ef282c8e1c646267&l=20251020221329FF810B6B17C3D024C6A3', 'https://v5-dy-o-abtest.zjcdn.com/363aa3464d3698cf95e9c2e73369f484/68f66e09/video/tos/cn/tos-cn-ve-0015c800/owWxCIiCOwig39BAiQisr3Za9AbQuENv4IPzx/?a=6383&ch=10010&cr=3&dr=0&lr=all&cd=0%7C0%7C0%7C3&cv=1&br=257&bt=257&cs=2&ds=3&ft=c2YTctGHQPRUZxfusdr~kwPqYldQIKDEE-TerrNqq_45a&mime_type=video_mp4&qs=15&rc=Njo3Nmk8ZTxpO2U2ZjM6OUBpamhxeXE5cnQ2dTMzNGkzM0AyLS1jL2MyXjExYzRhYy4yYSNsNDZsMmRrbjFgLS1kLTBzcw%3D%3D&btag=80000e00028000&cquery=100o_101r_100B_100H_100K&dy_q=1760969609&feature_id=c6de0308cacfd993ef282c8e1c646267&l=20251020221329FF810B6B17C3D024C6A3', 'https://www.douyin.com/aweme/v1/play/?video_id=v0300fg10000cr43qqnog65nov9n7eog&line=0&file_id=5617f0dc73fb484fa95bf92ff3040753&sign=b8e5d8a37ed44a938a70abd37ecbf0f9&is_play_url=1&source=PackSourceEnum_PUBLISH'], 'width': 720, 'height': 1280, 'url_key': 'v0300fg10000cr43qqnog65nov9n7eog_bytevc1_720p_264157', 'data_size': 2660461, 'file_hash': 'b8e5d8a37ed44a938a70abd37ecbf0f9', 'file_cs': 'c:0-67849-f905'}, 'is_h265': 1, 'is_bytevc1': 1, 'HDR_type': '', 'HDR_bit': '', 'FPS': 30, 'video_extra': '{"PktOffsetMap":"[{\\"time\\": 1, \\"offset\\": 168324}, {\\"time\\": 2, \\"offset\\": 207528}, {\\"time\\": 3, \\"offset\\": 266289}, {\\"time\\": 4, \\"offset\\": 302847}, {\\"time\\": 5, \\"offset\\": 332721}, {\\"time\\": 10, \\"offset\\": 528193}]","format":"mp4","definition":"720p","quality":"adapt_lowest","file_id":"5617f0dc73fb484fa95bf92ff3040753","applog_map":{"feature_id":"c6de0308cacfd993ef282c8e1c646267"},"mvmaf":"{\\"mvmaf_sr_v1080\\":96.307,\\"mvmaf_sr_v960\\":98.524,\\"mvmaf_sr_v864\\":99.222,\\"mvmaf_sr_v720\\":99.833,\\"mvmaf_ori_v1080\\":87.108,\\"mvmaf_ori_v960\\":90.547,\\"mvmaf_ori_v864\\":91.748,\\"mvmaf_ori_v720\\":95.138}","audio_channels":"2.0","audio_sample_rate":"44100","audio_metrics":null,"audio_score":null}', 'format': 'mp4'}, {'gear_name': 'adapt_540_1', 'quality_type': 28, 'bit_rate': 239839, 'play_addr': {'uri': 'v0300fg10000cr43qqnog65nov9n7eog', 'url_list': ['https://v5-dy-o-abtest.zjcdn.com/21bff39920c85146d9206e523d12ca8b/68f66e09/video/tos/cn/tos-cn-ve-0015c800/oAAaw3Q9TNimIuxCgPUQxziCE3WvsZbNAYBI9/?a=6383&ch=10010&cr=3&dr=0&lr=all&cd=0%7C0%7C0%7C3&cv=1&br=234&bt=234&cs=2&ds=6&ft=c2YTctGHQPRUZxfusdr~kwPqYldQIKDEE-TerrNqq_45a&mime_type=video_mp4&qs=11&rc=PDQ5ZWRmN2doNWdmOTppPEBpamhxeXE5cnQ2dTMzNGkzM0AuYjA0XjJhNi4xMl8xYmJfYSNsNDZsMmRrbjFgLS1kLTBzcw%3D%3D&btag=80000e00028000&cquery=101r_100B_100H_100K_100o&dy_q=1760969609&feature_id=c6de0308cacfd993ef282c8e1c646267&l=20251020221329FF810B6B17C3D024C6A3', 'https://v5-dy-o-abtest.zjcdn.com/21bff39920c85146d9206e523d12ca8b/68f66e09/video/tos/cn/tos-cn-ve-0015c800/oAAaw3Q9TNimIuxCgPUQxziCE3WvsZbNAYBI9/?a=6383&ch=10010&cr=3&dr=0&lr=all&cd=0%7C0%7C0%7C3&cv=1&br=234&bt=234&cs=2&ds=6&ft=c2YTctGHQPRUZxfusdr~kwPqYldQIKDEE-TerrNqq_45a&mime_type=video_mp4&qs=11&rc=PDQ5ZWRmN2doNWdmOTppPEBpamhxeXE5cnQ2dTMzNGkzM0AuYjA0XjJhNi4xMl8xYmJfYSNsNDZsMmRrbjFgLS1kLTBzcw%3D%3D&btag=80000e00028000&cquery=101r_100B_100H_100K_100o&dy_q=1760969609&feature_id=c6de0308cacfd993ef282c8e1c646267&l=20251020221329FF810B6B17C3D024C6A3', 'https://www.douyin.com/aweme/v1/play/?video_id=v0300fg10000cr43qqnog65nov9n7eog&line=0&file_id=b9efe746bc5d421e9dd45caa7b36e119&sign=b3cdbbcacf5fa2971b6e0486acb029d7&is_play_url=1&source=PackSourceEnum_PUBLISH'], 'width': 576, 'height': 1024, 'url_key': 'v0300fg10000cr43qqnog65nov9n7eog_bytevc1_540p_239839', 'data_size': 2415542, 'file_hash': 'b3cdbbcacf5fa2971b6e0486acb029d7', 'file_cs': 'c:0-67849-0820'}, 'is_h265': 1, 'is_bytevc1': 1, 'HDR_type': '', 'HDR_bit': '', 'FPS': 30, 'video_extra': '{"PktOffsetMap":"[{\\"time\\": 1, \\"offset\\": 152379}, {\\"time\\": 2, \\"offset\\": 184720}, {\\"time\\": 3, \\"offset\\": 232177}, {\\"time\\": 4, \\"offset\\": 265404}, {\\"time\\": 5, \\"offset\\": 292096}, {\\"time\\": 10, \\"offset\\": 466927}]","format":"mp4","definition":"540p","quality":"adapt","file_id":"b9efe746bc5d421e9dd45caa7b36e119","applog_map":{"feature_id":"c6de0308cacfd993ef282c8e1c646267"},"mvmaf":"{\\"mvmaf_sr_v1080\\":94.216,\\"mvmaf_sr_v960\\":95.786,\\"mvmaf_sr_v864\\":97.276,\\"mvmaf_sr_v720\\":98.867,\\"mvmaf_ori_v1080\\":83.989,\\"mvmaf_ori_v960\\":87.71,\\"mvmaf_ori_v864\\":88.965,\\"mvmaf_ori_v720\\":92.112}","audio_channels":"2.0","audio_sample_rate":"44100","audio_metrics":null,"audio_score":null}', 'format': 'mp4'}, {'gear_name': 'adapt_lower_540_1', 'quality_type': 21, 'bit_rate': 219274, 'play_addr': {'uri': 'v0300fg10000cr43qqnog65nov9n7eog', 'url_list': ['https://v5-dy-o-abtest.zjcdn.com/1243d5384c0e2210f2a47ec0708ff6ca/68f66e09/video/tos/cn/tos-cn-ve-0015c800/oIN3xCOQZPz9WIxwAaAuiizEGQBivsxX69wgI/?a=6383&ch=10010&cr=3&dr=0&lr=all&cd=0%7C0%7C0%7C3&cv=1&br=214&bt=214&cs=2&ds=6&ft=c2YTctGHQPRUZxfusdr~kwPqYldQIKDEE-TerrNqq_45a&mime_type=video_mp4&qs=14&rc=aTdnOTc4NDxnZmc1ZDc8N0BpamhxeXE5cnQ2dTMzNGkzM0A1YTM2Xi82X2ExLjI1NDIxYSNsNDZsMmRrbjFgLS1kLTBzcw%3D%3D&btag=80000e00028000&cquery=100o_101r_100B_100H_100K&dy_q=1760969609&feature_id=ce7c25ff7a5ccd0ee1c134f842898e76&l=20251020221329FF810B6B17C3D024C6A3', 'https://v5-dy-o-abtest.zjcdn.com/1243d5384c0e2210f2a47ec0708ff6ca/68f66e09/video/tos/cn/tos-cn-ve-0015c800/oIN3xCOQZPz9WIxwAaAuiizEGQBivsxX69wgI/?a=6383&ch=10010&cr=3&dr=0&lr=all&cd=0%7C0%7C0%7C3&cv=1&br=214&bt=214&cs=2&ds=6&ft=c2YTctGHQPRUZxfusdr~kwPqYldQIKDEE-TerrNqq_45a&mime_type=video_mp4&qs=14&rc=aTdnOTc4NDxnZmc1ZDc8N0BpamhxeXE5cnQ2dTMzNGkzM0A1YTM2Xi82X2ExLjI1NDIxYSNsNDZsMmRrbjFgLS1kLTBzcw%3D%3D&btag=80000e00028000&cquery=101r_100B_100H_100K_100o&dy_q=1760969609&feature_id=ce7c25ff7a5ccd0ee1c134f842898e76&l=20251020221329FF810B6B17C3D024C6A3', 'https://www.douyin.com/aweme/v1/play/?video_id=v0300fg10000cr43qqnog65nov9n7eog&line=0&file_id=4459748a521d4cddb99125a4966dd48f&sign=12669767447d8aa37cf2b6f84057b925&is_play_url=1&source=PackSourceEnum_PUBLISH'], 'width': 576, 'height': 1024, 'url_key': 'v0300fg10000cr43qqnog65nov9n7eog_bytevc1_540p_219274', 'data_size': 2208426, 'file_hash': '12669767447d8aa37cf2b6f84057b925', 'file_cs': 'c:0-67849-a2e8|a:v0300fg10000cr43qqnog65nov9n7eog'}, 'is_h265': 1, 'is_bytevc1': 1, 'HDR_type': '', 'HDR_bit': '', 'FPS': 30, 'video_extra': '{"PktOffsetMap":"[{\\"time\\": 1, \\"offset\\": 145520}, {\\"time\\": 2, \\"offset\\": 175081}, {\\"time\\": 3, \\"offset\\": 217866}, {\\"time\\": 4, \\"offset\\": 250373}, {\\"time\\": 5, \\"offset\\": 274272}, {\\"time\\": 10, \\"offset\\": 432680}]","format":"mp4","definition":"540p","quality":"adapt_lower","file_id":"4459748a521d4cddb99125a4966dd48f","applog_map":{"feature_id":"ce7c25ff7a5ccd0ee1c134f842898e76"},"mvmaf":"{\\"mvmaf_sr_v1080\\":93.673,\\"mvmaf_sr_v960\\":94.72,\\"mvmaf_sr_v864\\":96.773,\\"mvmaf_sr_v720\\":98.086,\\"mvmaf_ori_v1080\\":82.741,\\"mvmaf_ori_v960\\":86.761,\\"mvmaf_ori_v864\\":88.07,\\"mvmaf_ori_v720\\":91.292}","audio_channels":"2.0","audio_sample_rate":"44100","audio_metrics":null,"audio_score":null}', 'format': 'mp4'}, {'gear_name': 'adapt_lowest_1080_1', 'quality_type': 2, 'bit_rate': 248430, 'play_addr': {'uri': 'v0300fg10000cr43qqnog65nov9n7eog', 'url_list': ['https://v5-dy-o-abtest.zjcdn.com/cba6acd12dc81068194c313a4de8b3e5/68f79559/video/tos/cn/tos-cn-vd-0026/o43Nt9PhiI4sAxuAvzD9iAxVQWCgAgaIwZBA3/media-video-hvc1/?a=6383&ch=0&cr=8&dr=0&er=1&lr=default&cd=0%7C0%7C0%7C3&cv=1&br=242&bt=242&cs=4&ds=4&mime_type=video_mp4&qs=15&rc=OjpkZzo2Mzs7PDhmZjY7OEBpamhxeXE5cnQ2dTMzNGkzM0A0NF8vXmBiNjUxYzYvNV4uYSNsNDZsMmRrbjFgLS1kLTBzcw%3D%3D&btag=80000e00028000&cquery=101r_100o&dy_q=1760969609&l=20251020221329FF810B6B17C3D024C6A3', 'https://v5-dy-o-abtest.zjcdn.com/cba6acd12dc81068194c313a4de8b3e5/68f79559/video/tos/cn/tos-cn-vd-0026/o43Nt9PhiI4sAxuAvzD9iAxVQWCgAgaIwZBA3/media-video-hvc1/?a=6383&ch=0&cr=8&dr=0&er=1&lr=default&cd=0%7C0%7C0%7C3&cv=1&br=242&bt=242&cs=4&ds=4&mime_type=video_mp4&qs=15&rc=OjpkZzo2Mzs7PDhmZjY7OEBpamhxeXE5cnQ2dTMzNGkzM0A0NF8vXmBiNjUxYzYvNV4uYSNsNDZsMmRrbjFgLS1kLTBzcw%3D%3D&btag=80000e00028000&cquery=101r_100o&dy_q=1760969609&l=20251020221329FF810B6B17C3D024C6A3', 'https://www.douyin.com/aweme/v1/play/dash/?video_id=v0300fg10000cr43qqnog65nov9n7eog&line=0&file_id=15a8832c9cf5498898e0c3a72dba7777&sign=7da0c626ddd73bd28589a507ce8ffa71&is_play_url=1&source=PackSourceEnum_PUBLISH'], 'width': 1080, 'height': 1920, 'url_key': 'v0300fg10000cr43qqnog65nov9n7eog_bytevc1_1080p_248430', 'data_size': 2501909, 'file_hash': '7da0c626ddd73bd28589a507ce8ffa71'}, 'is_h265': 1, 'is_bytevc1': 1, 'HDR_type': '', 'HDR_bit': '', 'FPS': 30, 'video_extra': '{"PktOffsetMap":"","format":"dash","sub_info":"{\\"audio_channels\\":\\"2.0\\",\\"audio_layout\\":\\"C\\",\\"audio_sample_rate\\":\\"44100\\",\\"base_range_info\\":{\\"first_moof_range\\":\\"1312-3091\\",\\"index_range\\":\\"1136-1311\\",\\"init_range\\":\\"0-1135\\"},\\"check_info\\":{\\"check_info\\":\\"a:v0300fg10000cr43qqnog65nov9n7eog|b:0-1311-c94a42113582aadc4dc9976486312ee4|c:0-1311-ff64\\"},\\"gear_des_key\\":\\"0:DASH|1:normal|2:h265_hvc1|4:1080p|5:adapt_lowest|10000:105\\",\\"quality_type\\":2}","definition":"1080p","quality":"adapt_lowest","quality_desc":"","file_id":"15a8832c9cf5498898e0c3a72dba7777","real_bitrate":300123,"audio_file_id":"c3cb4ec774ee8481c81b4462d635e17c","applog_map":{"feature_id":"c6de0308cacfd993ef282c8e1c646267"},"mvmaf":"{\\"mvmaf_sr_v1080\\":-1,\\"mvmaf_sr_v960\\":-1,\\"mvmaf_sr_v864\\":-1,\\"mvmaf_sr_v720\\":-1,\\"mvmaf_ori_v1080\\":93.273,\\"mvmaf_ori_v960\\":93.937,\\"mvmaf_ori_v864\\":94.537,\\"mvmaf_ori_v720\\":95.255}","audio_metrics":null,"audio_score":null}', 'format': 'dash'}, {'gear_name': 'adapt_lowest_720_1', 'quality_type': 15, 'bit_rate': 208882, 'play_addr': {'uri': 'v0300fg10000cr43qqnog65nov9n7eog', 'url_list': ['https://v5-dy-o-abtest.zjcdn.com/3af2c5e1ccb6bb4cfe9a0aed57fc3373/68f79559/video/tos/cn/tos-cn-vd-0026/oEuwugs3vDaAAAi3izZIxW9gIPAZBQ9wCN9xA/media-video-hvc1/?a=6383&ch=0&cr=8&dr=0&er=1&lr=default&cd=0%7C0%7C0%7C3&cv=1&br=203&bt=203&cs=4&ds=3&mime_type=video_mp4&qs=15&rc=OGRnPDk6Ojc5ZzM7ZWU6Z0BpamhxeXE5cnQ2dTMzNGkzM0AyXy5gLTUwNTAxLWMzLTIyYSNsNDZsMmRrbjFgLS1kLTBzcw%3D%3D&btag=80000e00028000&cquery=100o_101r&dy_q=1760969609&l=20251020221329FF810B6B17C3D024C6A3', 'https://v5-dy-o-abtest.zjcdn.com/3af2c5e1ccb6bb4cfe9a0aed57fc3373/68f79559/video/tos/cn/tos-cn-vd-0026/oEuwugs3vDaAAAi3izZIxW9gIPAZBQ9wCN9xA/media-video-hvc1/?a=6383&ch=0&cr=8&dr=0&er=1&lr=default&cd=0%7C0%7C0%7C3&cv=1&br=203&bt=203&cs=4&ds=3&mime_type=video_mp4&qs=15&rc=OGRnPDk6Ojc5ZzM7ZWU6Z0BpamhxeXE5cnQ2dTMzNGkzM0AyXy5gLTUwNTAxLWMzLTIyYSNsNDZsMmRrbjFgLS1kLTBzcw%3D%3D&btag=80000e00028000&cquery=100o_101r&dy_q=1760969609&l=20251020221329FF810B6B17C3D024C6A3', 'https://www.douyin.com/aweme/v1/play/dash/?video_id=v0300fg10000cr43qqnog65nov9n7eog&line=0&file_id=5d570b6bf8004d3684378706c91dba55&sign=0708f7083f07cc22e70c58f235ff1f5c&is_play_url=1&source=PackSourceEnum_PUBLISH'], 'width': 720, 'height': 1280, 'url_key': 'v0300fg10000cr43qqnog65nov9n7eog_bytevc1_720p_208882', 'data_size': 2103620, 'file_hash': '0708f7083f07cc22e70c58f235ff1f5c'}, 'is_h265': 1, 'is_bytevc1': 1, 'HDR_type': '', 'HDR_bit': '', 'FPS': 30, 'video_extra': '{"PktOffsetMap":"","format":"dash","sub_info":"{\\"audio_channels\\":\\"2.0\\",\\"audio_layout\\":\\"C\\",\\"audio_sample_rate\\":\\"44100\\",\\"base_range_info\\":{\\"first_moof_range\\":\\"1312-3091\\",\\"index_range\\":\\"1136-1311\\",\\"init_range\\":\\"0-1135\\"},\\"check_info\\":{\\"check_info\\":\\"a:v0300fg10000cr43qqnog65nov9n7eog|b:0-1311-9dc9c07a67146770e8fd525adfb8689c|c:0-1311-7f3c\\"},\\"gear_des_key\\":\\"0:DASH|1:normal|2:h265_hvc1|4:720p|5:adapt_lowest|10000:105\\",\\"quality_type\\":15}","definition":"720p","quality":"adapt_lowest","quality_desc":"","file_id":"5d570b6bf8004d3684378706c91dba55","real_bitrate":260575,"audio_file_id":"c3cb4ec774ee8481c81b4462d635e17c","applog_map":{"feature_id":"c6de0308cacfd993ef282c8e1c646267"},"mvmaf":"{\\"mvmaf_sr_v1080\\":96.307,\\"mvmaf_sr_v960\\":98.524,\\"mvmaf_sr_v864\\":99.222,\\"mvmaf_sr_v720\\":99.833,\\"mvmaf_ori_v1080\\":87.108,\\"mvmaf_ori_v960\\":90.547,\\"mvmaf_ori_v864\\":91.748,\\"mvmaf_ori_v720\\":95.138}","audio_metrics":null,"audio_score":null}', 'format': 'dash'}, {'gear_name': 'adapt_540_1', 'quality_type': 28, 'bit_rate': 184562, 'play_addr': {'uri': 'v0300fg10000cr43qqnog65nov9n7eog', 'url_list': ['https://v5-dy-o-abtest.zjcdn.com/967dcab0312e845e1ca2a4b895bc56a0/68f79559/video/tos/cn/tos-cn-vd-0026/osg3gxUivN9c3WwDnQAPIuBzA3AxIA9aZAisZ/media-video-hvc1/?a=6383&ch=0&cr=8&dr=0&er=1&lr=default&cd=0%7C0%7C0%7C3&cv=1&br=180&bt=180&cs=4&ds=6&mime_type=video_mp4&qs=11&rc=aDxoMzY0aWQzPDQzNzU5PEBpamhxeXE5cnQ2dTMzNGkzM0BgYDQzNV9iXjYxYzU0MGM2YSNsNDZsMmRrbjFgLS1kLTBzcw%3D%3D&btag=80000e00028000&cquery=100o_101r&dy_q=1760969609&l=20251020221329FF810B6B17C3D024C6A3', 'https://v5-dy-o-abtest.zjcdn.com/967dcab0312e845e1ca2a4b895bc56a0/68f79559/video/tos/cn/tos-cn-vd-0026/osg3gxUivN9c3WwDnQAPIuBzA3AxIA9aZAisZ/media-video-hvc1/?a=6383&ch=0&cr=8&dr=0&er=1&lr=default&cd=0%7C0%7C0%7C3&cv=1&br=180&bt=180&cs=4&ds=6&mime_type=video_mp4&qs=11&rc=aDxoMzY0aWQzPDQzNzU5PEBpamhxeXE5cnQ2dTMzNGkzM0BgYDQzNV9iXjYxYzU0MGM2YSNsNDZsMmRrbjFgLS1kLTBzcw%3D%3D&btag=80000e00028000&cquery=101r_100o&dy_q=1760969609&l=20251020221329FF810B6B17C3D024C6A3', 'https://www.douyin.com/aweme/v1/play/dash/?video_id=v0300fg10000cr43qqnog65nov9n7eog&line=0&file_id=99f6327480f14990aaefb183607ec9ce&sign=69a555ef10682d95a1a9a25f5a91ef36&is_play_url=1&source=PackSourceEnum_PUBLISH'], 'width': 576, 'height': 1024, 'url_key': 'v0300fg10000cr43qqnog65nov9n7eog_bytevc1_540p_184562', 'data_size': 1858701, 'file_hash': '69a555ef10682d95a1a9a25f5a91ef36'}, 'is_h265': 1, 'is_bytevc1': 1, 'HDR_type': '', 'HDR_bit': '', 'FPS': 30, 'video_extra': '{"PktOffsetMap":"","format":"dash","sub_info":"{\\"audio_channels\\":\\"2.0\\",\\"audio_layout\\":\\"C\\",\\"audio_sample_rate\\":\\"44100\\",\\"base_range_info\\":{\\"first_moof_range\\":\\"1312-3091\\",\\"index_range\\":\\"1136-1311\\",\\"init_range\\":\\"0-1135\\"},\\"check_info\\":{\\"check_info\\":\\"a:v0300fg10000cr43qqnog65nov9n7eog|b:0-1311-598a53950ad6613eee27e9e6681f4898|c:0-1311-2788\\"},\\"gear_des_key\\":\\"0:DASH|1:normal|2:h265_hvc1|4:540p|5:adapt|10000:105\\",\\"quality_type\\":28}","definition":"540p","quality":"adapt","quality_desc":"","file_id":"99f6327480f14990aaefb183607ec9ce","real_bitrate":239839,"audio_file_id":"c3cb4ec774ee8481c81b4462d635e17c","applog_map":{"feature_id":"c6de0308cacfd993ef282c8e1c646267"},"mvmaf":"{\\"mvmaf_sr_v1080\\":94.216,\\"mvmaf_sr_v960\\":95.786,\\"mvmaf_sr_v864\\":97.276,\\"mvmaf_sr_v720\\":98.867,\\"mvmaf_ori_v1080\\":83.989,\\"mvmaf_ori_v960\\":87.71,\\"mvmaf_ori_v864\\":88.965,\\"mvmaf_ori_v720\\":92.112}","audio_metrics":null,"audio_score":null}', 'format': 'dash'}, {'gear_name': 'adapt_lower_540_1', 'quality_type': 21, 'bit_rate': 166633, 'play_addr': {'uri': 'v0300fg10000cr43qqnog65nov9n7eog', 'url_list': ['https://v5-dy-o-abtest.zjcdn.com/fa3300bebd49d28abf0ab2e3a976bc4f/68f79559/video/tos/cn/tos-cn-ve-15/owcvAiaAgHBwOXxs9ZNngQzIAixWDuAP29IA3/media-video-hvc1/?a=6383&ch=0&cr=8&dr=0&er=1&lr=default&cd=0%7C0%7C0%7C3&cv=1&br=162&bt=162&cs=4&ds=6&mime_type=video_mp4&qs=14&rc=Z2dpOzhpO2ZkaDQ6aWQ0M0BpamhxeXE5cnQ2dTMzNGkzM0BeYGBfYjMwXzQxMV81Xy9fYSNsNDZsMmRrbjFgLS1kLTBzcw%3D%3D&btag=80000e00028000&cquery=100o_101r&dy_q=1760969609&l=20251020221329FF810B6B17C3D024C6A3', 'https://v5-dy-o-abtest.zjcdn.com/fa3300bebd49d28abf0ab2e3a976bc4f/68f79559/video/tos/cn/tos-cn-ve-15/owcvAiaAgHBwOXxs9ZNngQzIAixWDuAP29IA3/media-video-hvc1/?a=6383&ch=0&cr=8&dr=0&er=1&lr=default&cd=0%7C0%7C0%7C3&cv=1&br=162&bt=162&cs=4&ds=6&mime_type=video_mp4&qs=14&rc=Z2dpOzhpO2ZkaDQ6aWQ0M0BpamhxeXE5cnQ2dTMzNGkzM0BeYGBfYjMwXzQxMV81Xy9fYSNsNDZsMmRrbjFgLS1kLTBzcw%3D%3D&btag=80000e00028000&cquery=101r_100o&dy_q=1760969609&l=20251020221329FF810B6B17C3D024C6A3', 'https://www.douyin.com/aweme/v1/play/dash/?video_id=v0300fg10000cr43qqnog65nov9n7eog&line=0&file_id=b021ba8fb7414e7abc386fe5b8cfcdad&sign=78aebd4d8e4084bf3ca81418654f51f4&is_play_url=1&source=PackSourceEnum_PUBLISH'], 'width': 576, 'height': 1024, 'url_key': 'v0300fg10000cr43qqnog65nov9n7eog_bytevc1_540p_166633', 'data_size': 1678137, 'file_hash': '78aebd4d8e4084bf3ca81418654f51f4'}, 'is_h265': 1, 'is_bytevc1': 1, 'HDR_type': '', 'HDR_bit': '', 'FPS': 30, 'video_extra': '{"PktOffsetMap":"","format":"dash","sub_info":"{\\"audio_channels\\":\\"2.0\\",\\"audio_layout\\":\\"C\\",\\"audio_sample_rate\\":\\"44100\\",\\"base_range_info\\":{\\"first_moof_range\\":\\"1312-3091\\",\\"index_range\\":\\"1136-1311\\",\\"init_range\\":\\"0-1135\\"},\\"check_info\\":{\\"check_info\\":\\"a:v0300fg10000cr43qqnog65nov9n7eog|b:0-1311-4b8c27c21d1bb6f078c7ce995502ac33|c:0-1311-136d\\"},\\"gear_des_key\\":\\"0:DASH|1:normal|2:h265_hvc1|4:540p|5:adapt_lower|10000:105\\",\\"quality_type\\":21}","definition":"540p","quality":"adapt_lower","quality_desc":"","file_id":"b021ba8fb7414e7abc386fe5b8cfcdad","real_bitrate":219274,"audio_file_id":"c3cb4ec774ee8481c81b4462d635e17c","applog_map":{"feature_id":"ce7c25ff7a5ccd0ee1c134f842898e76"},"mvmaf":"{\\"mvmaf_sr_v1080\\":93.673,\\"mvmaf_sr_v960\\":94.72,\\"mvmaf_sr_v864\\":96.773,\\"mvmaf_sr_v720\\":98.086,\\"mvmaf_ori_v1080\\":82.741,\\"mvmaf_ori_v960\\":86.761,\\"mvmaf_ori_v864\\":88.07,\\"mvmaf_ori_v720\\":91.292}","audio_metrics":null,"audio_score":null}', 'format': 'dash'}], 'duration': 80572, 'play_addr_265': {'uri': 'v0300fg10000cr43qqnog65nov9n7eog', 'url_list': ['https://v5-dy-o-abtest.zjcdn.com/21bff39920c85146d9206e523d12ca8b/68f66e09/video/tos/cn/tos-cn-ve-0015c800/oAAaw3Q9TNimIuxCgPUQxziCE3WvsZbNAYBI9/?a=6383&ch=10010&cr=3&dr=0&lr=all&cd=0%7C0%7C0%7C3&cv=1&br=234&bt=234&cs=2&ds=6&ft=c2YTctGHQPRUZxfusdr~kwPqYldQIKDEE-TerrNqq_45a&mime_type=video_mp4&qs=11&rc=PDQ5ZWRmN2doNWdmOTppPEBpamhxeXE5cnQ2dTMzNGkzM0AuYjA0XjJhNi4xMl8xYmJfYSNsNDZsMmRrbjFgLS1kLTBzcw%3D%3D&btag=80000e00028000&cquery=101r_100B_100H_100K_100o&dy_q=1760969609&feature_id=c6de0308cacfd993ef282c8e1c646267&l=20251020221329FF810B6B17C3D024C6A3', 'https://v5-dy-o-abtest.zjcdn.com/21bff39920c85146d9206e523d12ca8b/68f66e09/video/tos/cn/tos-cn-ve-0015c800/oAAaw3Q9TNimIuxCgPUQxziCE3WvsZbNAYBI9/?a=6383&ch=10010&cr=3&dr=0&lr=all&cd=0%7C0%7C0%7C3&cv=1&br=234&bt=234&cs=2&ds=6&ft=c2YTctGHQPRUZxfusdr~kwPqYldQIKDEE-TerrNqq_45a&mime_type=video_mp4&qs=11&rc=PDQ5ZWRmN2doNWdmOTppPEBpamhxeXE5cnQ2dTMzNGkzM0AuYjA0XjJhNi4xMl8xYmJfYSNsNDZsMmRrbjFgLS1kLTBzcw%3D%3D&btag=80000e00028000&cquery=101r_100B_100H_100K_100o&dy_q=1760969609&feature_id=c6de0308cacfd993ef282c8e1c646267&l=20251020221329FF810B6B17C3D024C6A3', 'https://www.douyin.com/aweme/v1/play/?video_id=v0300fg10000cr43qqnog65nov9n7eog&line=0&file_id=b9efe746bc5d421e9dd45caa7b36e119&sign=b3cdbbcacf5fa2971b6e0486acb029d7&is_play_url=1&source=PackSourceEnum_PUBLISH'], 'width': 576, 'height': 1024, 'url_key': 'v0300fg10000cr43qqnog65nov9n7eog_bytevc1_540p_239839', 'data_size': 2415542, 'file_hash': 'b3cdbbcacf5fa2971b6e0486acb029d7', 'file_cs': 'c:0-67849-0820'}, 'bit_rate_audio': [{'audio_meta': {'url_list': {'main_url': 'https://v5-dy-o-abtest.zjcdn.com/a54f4927c800d2b9b441484b857a0689/68f79559/video/tos/cn/tos-cn-vd-0026/osg3gxUivN9c3WwDnQAPIuBzA3AxIA9aZAisZ/media-audio-und-mp4a/?a=6383&ch=0&cr=8&dr=0&er=1&lr=default&cd=0%7C0%7C0%7C3&cv=1&br=50&bt=50&cs=4&mime_type=video_mp4&qs=11&rc=ZjQ4OTU3ZTs0N2g3OmhlNkBpamhxeXE5cnQ2dTMzNGkzM0A0YjBhMzEuYDU1YjRgMWBgYSNsNDZsMmRrbjFgLS1kLTBzcw%3D%3D&btag=80000e00028000&cquery=101r_100o&dy_q=1760969609&l=20251020221329FF810B6B17C3D024C6A3', 'backup_url': 'https://v5-dy-o-abtest.zjcdn.com/a54f4927c800d2b9b441484b857a0689/68f79559/video/tos/cn/tos-cn-vd-0026/osg3gxUivN9c3WwDnQAPIuBzA3AxIA9aZAisZ/media-audio-und-mp4a/?a=6383&ch=0&cr=8&dr=0&er=1&lr=default&cd=0%7C0%7C0%7C3&cv=1&br=50&bt=50&cs=4&mime_type=video_mp4&qs=11&rc=ZjQ4OTU3ZTs0N2g3OmhlNkBpamhxeXE5cnQ2dTMzNGkzM0A0YjBhMzEuYDU1YjRgMWBgYSNsNDZsMmRrbjFgLS1kLTBzcw%3D%3D&btag=80000e00028000&cquery=101r_100o&dy_q=1760969609&l=20251020221329FF810B6B17C3D024C6A3', 'fallback_url': 'https://www.douyin.com/aweme/v1/play/dash/?video_id=v0300fg10000cr43qqnog65nov9n7eog&line=0&file_id=c3cb4ec774ee8481c81b4462d635e17c&sign=c3cb4ec774ee8481c81b4462d635e17c&is_play_url=1&source=PackSourceEnum_PUBLISH'}, 'encoded_type': 'normal', 'media_type': 'audio', 'logo_type': '', 'quality': 'adapt', 'quality_desc': '', 'format': 'dash', 'bitrate': 51693, 'codec_type': 'bytevc1', 'size': 520620, 'fps': 0, 'file_id': 'c3cb4ec774ee8481c81b4462d635e17c', 'file_hash': 'c3cb4ec774ee8481c81b4462d635e17c', 'sub_info': '{"audio_channels":"2.0","audio_layout":"C","audio_sample_rate":"44100","base_range_info":{"index_range":"866-1053","init_range":"0-865"},"check_info":{"check_info":"a:v0300fg10000cr43qqnog65nov9n7eog|b:0-1053-a48becb2547999a59a9b852ce21fa6f0|c:0-1053-3814"},"gear_des_key":"0:dash|1:normal|2:bytevc1|5:adapt|10000:105"}'}, 'audio_quality': 5, 'audio_extra': '{"real_bitrate":239839}'}], 'play_addr_h264': {'uri': 'v0300fg10000cr43qqnog65nov9n7eog', 'url_list': ['https://v5-dy-o-abtest.zjcdn.com/6c3a9cdf16a06df667447065ce3b261f/68f66e09/video/tos/cn/tos-cn-ve-0015c800/ooRvdFjAEIWQg4ynDwf1iRqA9J6YmDDbAgecB4/?a=6383&ch=10010&cr=3&dr=0&lr=all&cd=0%7C0%7C0%7C3&cv=1&br=871&bt=871&cs=0&ds=4&ft=c2YTctGHQPRUZxfusdr~kwPqYldQIKDEE-TerrNqq_45a&mime_type=video_mp4&qs=0&rc=Ojs4M2k5Ojo7aWg4ZzhnZkBpamhxeXE5cnQ2dTMzNGkzM0AwYGFgX15fNjIxNV9hYDReYSNsNDZsMmRrbjFgLS1kLTBzcw%3D%3D&btag=80000e00028000&cquery=100o_101r_100B_100H_100K&dy_q=1760969609&feature_id=46a7bb47b4fd1280f3d3825bf2b29388&l=20251020221329FF810B6B17C3D024C6A3', 'https://v5-dy-o-abtest.zjcdn.com/6c3a9cdf16a06df667447065ce3b261f/68f66e09/video/tos/cn/tos-cn-ve-0015c800/ooRvdFjAEIWQg4ynDwf1iRqA9J6YmDDbAgecB4/?a=6383&ch=10010&cr=3&dr=0&lr=all&cd=0%7C0%7C0%7C3&cv=1&br=871&bt=871&cs=0&ds=4&ft=c2YTctGHQPRUZxfusdr~kwPqYldQIKDEE-TerrNqq_45a&mime_type=video_mp4&qs=0&rc=Ojs4M2k5Ojo7aWg4ZzhnZkBpamhxeXE5cnQ2dTMzNGkzM0AwYGFgX15fNjIxNV9hYDReYSNsNDZsMmRrbjFgLS1kLTBzcw%3D%3D&btag=80000e00028000&cquery=101r_100B_100H_100K_100o&dy_q=1760969609&feature_id=46a7bb47b4fd1280f3d3825bf2b29388&l=20251020221329FF810B6B17C3D024C6A3', 'https://www.douyin.com/aweme/v1/play/?video_id=v0300fg10000cr43qqnog65nov9n7eog&line=0&file_id=ac7dc5ddb58e4f5897b7a6bfc0d5c837&sign=2d607f61289b247949d5850238694dff&is_play_url=1&source=PackSourceEnum_PUBLISH'], 'width': 1080, 'height': 1920, 'url_key': 'v0300fg10000cr43qqnog65nov9n7eog_h264_1080p_892572', 'data_size': 8989541, 'file_hash': '2d607f61289b247949d5850238694dff', 'file_cs': 'c:0-67634-20bd|a:v0300fg10000cr43qqnog65nov9n7eog'}, 'raw_cover': {'uri': 'tos-cn-i-dy/8df1f2ce02e947c9b277011e26e5fa40', 'url_list': ['https://p3-pc-sign.douyinpic.com/tos-cn-i-dy/8df1f2ce02e947c9b277011e26e5fa40~tplv-dy-cropcenter:323:430.jpeg?lk3s=138a59ce&x-expires=2076328800&x-signature=PXOpjobHS3eBBoCyALtayjm6FR0%3D&from=327834062&s=PackSourceEnum_PUBLISH&se=true&sh=323_430&sc=cover&biz_tag=pcweb_cover&l=20251020221329FF810B6B17C3D024C6A3', 'https://p3-pc-sign.douyinpic.com/obj/tos-cn-i-dy/8df1f2ce02e947c9b277011e26e5fa40?lk3s=138a59ce&x-expires=2076328800&x-signature=u20TSXUiYqEmM7tjGlbL3jM7fRg%3D&from=327834062&s=PackSourceEnum_PUBLISH&se=false&sc=cover&biz_tag=pcweb_cover&l=20251020221329FF810B6B17C3D024C6A3'], 'width': 720, 'height': 720}, 'is_long_video': 1, 'animated_cover': {'uri': 'tos-cn-i-dy/8df1f2ce02e947c9b277011e26e5fa40', 'url_list': ['https://p3-pc-sign.douyinpic.com/obj/tos-cn-i-dy/8df1f2ce02e947c9b277011e26e5fa40?lk3s=138a59ce&x-expires=1762178400&x-signature=qkCzLRgqGvybGoUnjue3mFQHuvE%3D&from=327834062_large&s=PackSourceEnum_PUBLISH&se=false&sc=dynamic_cover&biz_tag=pcweb_cover&l=20251020221329FF810B6B17C3D024C6A3', 'https://p9-pc-sign.douyinpic.com/obj/tos-cn-i-dy/8df1f2ce02e947c9b277011e26e5fa40?lk3s=138a59ce&x-expires=1762178400&x-signature=Qkp%2FHY00FZ%2FzEr9u30GIqrFU1Zc%3D&from=327834062_large&s=PackSourceEnum_PUBLISH&se=false&sc=dynamic_cover&biz_tag=pcweb_cover&l=20251020221329FF810B6B17C3D024C6A3']}, 'gaussian_cover': {'uri': 'tos-cn-p-0015/osN3I3YQZPz9PIxnAaAuihLIjABivsxIR9wgI', 'url_list': ['https://p3-pc-sign.douyinpic.com/tos-cn-p-0015/osN3I3YQZPz9PIxnAaAuihLIjABivsxIR9wgI~tplv-tsj2vxp0zn-gaosi:40.jpeg?lk3s=138a59ce&x-expires=1792504800&x-signature=0mP6bC%2BoRe0rSzb5P5tLgV4qqCA%3D&from=327834062', 'https://p9-pc-sign.douyinpic.com/tos-cn-p-0015/osN3I3YQZPz9PIxnAaAuihLIjABivsxIR9wgI~tplv-tsj2vxp0zn-gaosi:40.jpeg?lk3s=138a59ce&x-expires=1792504800&x-signature=kGLQ%2F7FwlcdvWqb4AXy0tEp2SME%3D&from=327834062'], 'width': 720, 'height': 720}, 'meta': '{"bright_ratio_mean":"0.0353","brightness_mean":"94.3997","diff_overexposure_ratio":"0.0049","enable_manual_ladder":"1","format":"mp4","gear_vqm":"{\\"1080p_720p\\":2,\\"720p_540p\\":0}","hrids":"500000002","is_spatial_video":"0","isad":"0","loudness":"-24.9","overexposure_ratio_mean":"0.0446","peak":"0.68391","qprf":"1.000","sdgs":"[\\"normal_1080_0\\",\\"normal_720_0\\",\\"low_720_0\\",\\"low_540_0\\",\\"adapt_low_540_0\\",\\"adapt_lowest_1080_1\\",\\"adapt_lowest_720_1\\",\\"adapt_540_1\\",\\"adapt_lower_540_1\\"]","sr_potential":"{\\"v1.0\\":{\\"score\\":51.295}}","sr_score":"1.000","std_brightness":"8.8552","strategy_tokens":"[\\"online\\",\\"strategy_iteration_ab02_0809\\",\\"strategy_iteration_ab01_0809\\"]","title_info":"{\\"bottom_res_add\\":[5.18,24.68,62.77,73.37,73.27,68.27,22.5,2.27,3.27,0.22,0.36,0,0,0,0.45],\\"bullet_zone\\":8.61,\\"progress_bar\\":[0.4,0.42,0.45],\\"ratio_br_l\\":[0,0,0,0,0,0],\\"ratio_edge_l\\":[0.04,0.02,0.15,0.31,0.33,0.29],\\"top_res_add\\":[0,0,1.27,23.45,22.27,0.18,2.09],\\"version\\":\\"v1.0\\"}","volume_info":"{\\"Loudness\\":-24.9,\\"LoudnessRange\\":8.8,\\"LoudnessRangeStart\\":-31.1,\\"Metrics\\":{\\"RMSStats\\":{\\"LTotal\\":-28.804,\\"Peak\\":-3.347,\\"RTotal\\":-28.784,\\"LRDiff\\":-0.02},\\"Version\\":\\"1.4.2\\",\\"Loudness\\":{\\"Integrated\\":-24.907},\\"Phase\\":{\\"RMSDownmixDiff\\":-0.01}},\\"LoudnessRangeEnd\\":-22.3,\\"MaximumMomentaryLoudness\\":-14.9,\\"MaximumShortTermLoudness\\":-19.6,\\"Peak\\":0.68391,\\"Version\\":2}","vqs_origin":"0"}', 'video_model': '', 'is_source_HDR': 0, 'use_static_cover': True, 'big_thumbs': [{'img_num': 81, 'uri': 'tos-cn-p-0015/oA2g2PJfbBMeDsCeeEIthMWgAuYaPvAdrA49yp', 'img_url': 'https://p3-sign.douyinpic.com/tos-cn-p-0015/oA2g2PJfbBMeDsCeeEIthMWgAuYaPvAdrA49yp~tplv-noop.image?cquery=100o_101r_100B_100H_100K&dy_q=1760969609&l=20251020221329FF810B6B17C3D024C6A3&x-expires=1760980489&x-signature=M6YgfjE9Z6ZR2dI%2B2i65iNGOyaw%3D', 'img_x_size': 136, 'img_y_size': 240, 'img_x_len': 5, 'img_y_len': 5, 'duration': 80.566666, 'interval': 1, 'fext': 'jpg', 'uris': ['tos-cn-p-0015/oA2g2PJfbBMeDsCeeEIthMWgAuYaPvAdrA49yp', 'tos-cn-p-0015/ocITxaAziw9zg93sBIXIZuPiIDiAZIxNvQIDP', 'tos-cn-p-0015/o0wiQVxaX9AIsB3xiDPNuZId79IINZPvWAgUz', 'tos-cn-p-0015/oQANxPEQPIAxixIP96u3sZIi9AghBAZvaIwzX'], 'img_urls': ['https://p3-sign.douyinpic.com/tos-cn-p-0015/oA2g2PJfbBMeDsCeeEIthMWgAuYaPvAdrA49yp~tplv-noop.image?cquery=100o_101r_100B_100H_100K&dy_q=1760969609&l=20251020221329FF810B6B17C3D024C6A3&x-expires=1760980489&x-signature=M6YgfjE9Z6ZR2dI%2B2i65iNGOyaw%3D', 'https://p3-sign.douyinpic.com/tos-cn-p-0015/ocITxaAziw9zg93sBIXIZuPiIDiAZIxNvQIDP~tplv-noop.image?cquery=101r_100B_100H_100K_100o&dy_q=1760969609&l=20251020221329FF810B6B17C3D024C6A3&x-expires=1760980489&x-signature=RQ6GAioN3A6ufwAkxrYScE1iRyc%3D', 'https://p3-sign.douyinpic.com/tos-cn-p-0015/o0wiQVxaX9AIsB3xiDPNuZId79IINZPvWAgUz~tplv-noop.image?cquery=100o_101r_100B_100H_100K&dy_q=1760969609&l=20251020221329FF810B6B17C3D024C6A3&x-expires=1760980489&x-signature=%2Fd2rGXp3ZNhsh0Y8IZrTKC%2Fu0uc%3D', 'https://p3-sign.douyinpic.com/tos-cn-p-0015/oQANxPEQPIAxixIP96u3sZIi9AghBAZvaIwzX~tplv-noop.image?cquery=100o_101r_100B_100H_100K&dy_q=1760969609&l=20251020221329FF810B6B17C3D024C6A3&x-expires=1760980489&x-signature=iB%2Bp2P3Lv0EncDZDY3elMylZioc%3D']}]}, 'item_aigc_follow_shot': 1, 'user_digged': 0, 'statistics': {'recommend_count': 4, 'comment_count': 5, 'digg_count': 174, 'admire_count': 0, 'play_count': 0, 'share_count': 59, 'collect_count': 77}, 'status': {'not_allow_soft_del_reason': 'ab', 'is_delete': False, 'allow_share': True, 'review_result': {'review_status': 0}, 'allow_friend_recommend_guide': True, 'part_see': 0, 'private_status': 0, 'listen_video_status': 2, 'in_reviewing': False, 'allow_self_recommend_to_friend': True, 'allow_friend_recommend': True, 'is_prohibited': False, 'enable_soft_delete': 0}, 'flash_mob_trends': 0, 'text_extra': [{'start': 11, 'end': 16, 'type': 1, 'hashtag_name': '父母课堂', 'hashtag_id': '1600624540786695', 'is_commerce': False, 'caption_start': 11, 'caption_end': 16}, {'start': 18, 'end': 23, 'type': 1, 'hashtag_name': '幼儿教育', 'hashtag_id': '1591352385275918', 'is_commerce': False, 'caption_start': 18, 'caption_end': 23}, {'start': 25, 'end': 30, 'type': 1, 'hashtag_name': '亲子关系', 'hashtag_id': '1595199377513476', 'is_commerce': False, 'caption_start': 25, 'caption_end': 30}, {'start': 32, 'end': 37, 'type': 1, 'hashtag_name': '家庭教育', 'hashtag_id': '1767586804947975', 'is_commerce': False, 'caption_start': 32, 'caption_end': 37}, {'start': 39, 'end': 42, 'type': 1, 'hashtag_name': '育儿', 'hashtag_id': '1767586940916743', 'is_commerce': False, 'caption_start': 39, 'caption_end': 42}], 'is_top': 0, 'mv_info': None, 'share_info': {'share_url': 'https://www.iesdouyin.com/share/video/7406237173474692379/?region=US&mid=7406237212980874021&u_code=0&did=MS4wLjABAAAAvCMmrvAxedjvycgJ9K0iX5KdtDHpyq-etIWoeicy6xniB0XMxRYv3S-CyP_GdsPs&iid=MS4wLjABAAAANwkJuWIRFOzg5uCpDRpMj4OX-QryoDgn-yYlXQnRwQQ&with_sec_did=1&video_share_track_ver=&titleType=title&share_sign=jCYonYQNABioLnDiUvExQzq9zdmd8.0h9UC95OSztrs-&share_version=290100&ts=1760969609&from_aid=6383&from_ssr=1&share_track_info=%7B%22link_description_type%22%3A%22%22%7D', 'share_link_desc': '6.61 02/25 Ymd:/ e@O.xf 善待孩子就是善待自己 # 父母课堂 # 幼儿教育 # 亲子关系 # 家庭教育 # 育儿  %s 复制此链接，打开Dou音搜索，直接观看视频！'}, 'caption_template_id': 0, 'video_labels': None, 'shoot_way': '', 'is_ads': False, 'duration': 80572, 'aweme_type': 0, 'is_new_text_mode': 0, 'ai_follow_images': None, 'image_infos': None, 'risk_infos': {'vote': False, 'warn': False, 'risk_sink': False, 'type': 0, 'content': ''}, 'entertainment_video_type': 3, 'chapter_bar_color': None, 'position': None, 'uniqid_position': None, 'comment_list': None, 'author_user_id': 1965574329213736, 'product_genre_info': {'product_genre_type': 2, 'material_genre_sub_type_set': [4], 'special_info': {'recommend_group_name': 0}}, 'geofencing': [], 'is_from_ad_auth': False, 'is_moment_story': 0, 'region': '', 'video_text': None, 'video_share_edit_status': 0, 'collect_stat': 0, 'label_top_text': None, 'promotions': [], 'group_id': '7406237173474692379', 'prevent_download': False, 'nickname_position': None, 'challenge_position': None, 'trends_event_track': '{}', 'enable_comment_sticker_rec': False, 'mark_largely_following': False, 'long_video': None, 'aweme_listen_struct': {'trace_info': '{"copyright_not_speech":"false","copyright_reason":"has_listen_cp_new","copyright_tag_hit":"","copyright_use_aed_default":"false","copyright_use_tag_default":"false","cp_ab":"true","desc":"","duration_over":"false","hit_high_risk":"false","media_type":"4","reason":"hit_ab_0","show":"false"}'}, 'component_control': {'data_source_url': '/aweme/v1/web/aweme/post/'}, 'friend_recommend_info': {'friend_recommend_source': 10, 'label_user_list': None, 'disable_friend_recommend_guide_label': False}, 'nearby_hot_comment': None, 'interaction_stickers': None, 'can_cache_to_local': True, 'origin_comment_ids': None, 'commerce_config_data': None, 'douplus_user_type': 0, 'video_control': {'allow_download': False, 'share_type': 0, 'show_progress_bar': 1, 'draft_progress_bar': 1, 'allow_duet': True, 'allow_react': False, 'prevent_download_type': 2, 'allow_dynamic_wallpaper': False, 'timer_status': 1, 'allow_music': True, 'allow_stitch': False, 'allow_douplus': True, 'allow_share': True, 'share_grayed': False, 'download_ignore_visibility': False, 'duet_ignore_visibility': False, 'share_ignore_visibility': False, 'download_info': {'level': 1, 'fail_info': {'code': 290002, 'reason': 'isolation_content', 'msg': '视频暂时无法保存，链接已复制'}}, 'duet_info': {'level': 0}, 'allow_record': True, 'disable_record_reason': '', 'timer_info': {}}, 'aweme_control': {'can_forward': True, 'can_share': True, 'can_comment': True, 'can_show_comment': True}, 'interest_points': None, 'is_25_story': 0, 'aweme_type_tags': '', 'entertainment_video_paid_way': {'paid_ways': [], 'paid_type': 0, 'enable_use_new_ent_data': False}, 'anchors': None, 'hybrid_label': None, 'geofencing_regions': None, 'select_anchor_expanded_content': 0, 'aweme_acl': {'download_mask_panel': {'code': 1, 'show_type': 0}}, 'ent_log_extra': {'log_extra': '{"global_log_extra":null,"page_log_extra":null,"aweme_log_extra":{"ce_current_group_id":"7406237173474692379","author_id":"1965574329213736"},"extra_log_extra":null}'}, 'is_story': 0, 'publish_plus_alienation': {'alienation_type': 0}, 'trends_infos': None, 'follow_shot_assets': None, 'cover_labels': None, 'series_basic_info': {}, 'origin_duet_resource_uri': '', 'guide_btn_type': 0, 'cf_assets_type': 0, 'personal_page_botton_diagnose_style': 0, 'images': None, 'relation_labels': None, 'is_moment_history': 0, 'impression_data': {'group_id_list_a': [], 'group_id_list_b': [], 'similar_id_list_a': None, 'similar_id_list_b': None, 'group_id_list_c': [], 'group_id_list_d': []}, 'game_tag_info': {'is_game': False}, 'is_24_story': 0, 'libfinsert_task_id': '', 'social_tag_list': None, 'suggest_words': {'suggest_words': [{'words': [{'word': '美满的亲子关系如何养成', 'word_id': '7127622497163498782', 'info': '{"End":0,"Start":0,"ecpm_boost_tag":false,"log_pb":"","qrec_for_search":"{}"}'}], 'scene': 'feed_bottom_rec', 'icon_url': '', 'hint_text': '相关搜索', 'extra_info': '{"resp_from":"hit_cache"}'}, {'words': [{'word': '孙瑞雪', 'word_id': '6574011292313507076', 'info': '{"End":0,"Start":0,"ecpm_boost_tag":false,"log_pb":"","qrec_for_search":"{}"}'}], 'scene': 'detail_inbox_rex', 'icon_url': '', 'hint_text': '', 'extra_info': '{"resp_from":"hit_cache"}'}]}, 'show_follow_button': {}, 'duet_aggregate_in_music_tab': False, 'is_duet_sing': False, 'comment_permission_info': {'comment_permission_status': 0, 'can_comment': True, 'item_detail_entry': False, 'press_entry': False, 'toast_guide': False}, 'original_images': None, 'series_paid_info': {'series_paid_status': 0, 'item_price': 0}, 'img_bitrate': None, 'comment_gid': 7406237173474692379, 'image_album_music_info': {'begin_time': -1, 'end_time': -1, 'volume': -1}, 'video_tag': [{'tag_id': 2024, 'tag_name': '亲子', 'level': 1}, {'tag_id': 2024006, 'tag_name': '母婴', 'level': 2}, {'tag_id': 2024006003, 'tag_name': '育儿知识', 'level': 3}], 'is_collects_selected': 0, 'chapter_list': None, 'feed_comment_config': {'input_config_text': '善语结善缘，恶言伤人心', 'author_audit_status': 0, 'common_flags': '{"hashtag":"[{\\"name\\":\\"亲子关系\\",\\"id\\":1595199377513476},{\\"name\\":\\"家庭教育\\",\\"id\\":1767586804947975},{\\"name\\":\\"育儿\\",\\"id\\":1767586940916743},{\\"name\\":\\"父母课堂\\",\\"id\\":1600624540786695},{\\"name\\":\\"幼儿教育\\",\\"id\\":1591352385275918}]","item_author_nickname":"孙瑞雪聊教育","video_labels_v2_tag1":"母婴","video_labels_v2_tag2":"育儿理念"}'}, 'is_image_beat': False, 'dislike_dimension_list': None, 'standard_bar_info_list': None, 'photo_search_entrance': {'ecom_type': 0}, 'is_life_item': False, 'image_list': None, 'component_info_v2': '{"desc_lines_limit":0,"hide_marquee":false}', 'item_warn_notification': {'type': 0, 'show': False, 'content': ''}, 'origin_text_extra': None, 'disable_relation_bar': 0, 'packed_clips': None, 'author_mask_tag': 0, 'user_recommend_status': 1, 'collection_corner_mark': 0, 'is_share_post': False, 'image_comment': {}, 'visual_search_info': {'is_show_img_entrance': False, 'is_ecom_img': False, 'is_high_accuracy_ecom': False, 'is_high_recall_ecom': False}, 'tts_id_list': None, 'ref_tts_id_list': None, 'voice_modify_id_list': None, 'ref_voice_modify_id_list': None, 'authentication_token': 'MS4wLjAAAAAATfHpvwJ63lVcXFKN6MWxjfFZDynjNOCS_AQXgp3OEKQfFdooXW0v8KHqD-zwvKysFVuAsHiLO_zEZplRhJZLExCTbcdsCGDf9DRCfXywtFICxRTBrb6834bt0yPuyXKgHvDLrkvQxnRLT74mJLx3EndSo7cllplw3kzszZCvQ1RIZh_5DsOQXJaQcMd7kQNrz_zQWCW6zyurpsXdo5YWUaKkzHzZRHiiYPA_iYKJNHZhmfUDeqcSkqXpx7zffSe2', 'video_game_data_channel_config': {}, 'dislike_dimension_list_v2': None, 'distribute_circle': {'distribute_type': 0, 'campus_block_interaction': False, 'is_campus': False}, 'image_crop_ctrl': 0, 'yumme_recreason': None, 'slides_music_beats': None, 'jump_tab_info_list': None, 'media_type': 4, 'reply_smart_emojis': None, 'activity_video_type': -1, 'boost_status': 0, 'create_scale_type': None, 'entertainment_product_info': {'sub_title': None, 'market_info': {'limit_free': {'in_free': False}, 'marketing_tag': None}}, 'caption': '善待孩子就是善待自己 #父母课堂  #幼儿教育  #亲子关系  #家庭教育  #育儿', 'item_title': '', 'is_use_music': False, 'original': 0, 'xigua_base_info': {'status': 0, 'star_altar_order_id': 0, 'star_altar_type': 0, 'item_id': 0}}, {'aweme_id': '7406236896176655642', 'desc': '意识与选择：上野千鹤子对话北大女生 #父母课堂  #幼儿教育  #亲子关系  #育儿', 'create_time': 1725097500, 'author': {'uid': '1965574329213736', 'card_entries_not_display': None, 'nickname': '孙瑞雪聊教育', 'personal_tag_list': None, 'homepage_bottom_toast': None, 'avatar_thumb': {'uri': '100x100/aweme-avatar/tos-cn-avt-0015_afee5b125df955a19af4c41159ad1295', 'url_list': ['https://p3-pc.douyinpic.com/aweme/100x100/aweme-avatar/tos-cn-avt-0015_afee5b125df955a19af4c41159ad1295.jpeg?from=327834062'], 'width': 720, 'height': 720}, 'batch_unfollow_contain_tabs': None, 'not_seen_item_id_list': None, 'follow_status': 0, 'contrail_list': None, 'story_interactive': 0, 'data_label_list': None, 'custom_verify': '', 'follower_list_secondary_information_struct': None, 'display_info': None, 'interest_tags': None, 'account_cert_info': '{}', 'user_tags': None, 'share_info': {'share_url': '', 'share_weibo_desc': '', 'share_desc': '', 'share_title': '', 'share_qrcode_url': {'uri': '31b0500316c4e154852bc', 'url_list': ['https://p3-pc-sign.douyinpic.com/obj/31b0500316c4e154852bc?lk3s=138a59ce&x-expires=1760990400&x-signature=VnOegD8kfOkclbkCT%2BIUAVSkQl4%3D&from=327834062'], 'width': 720, 'height': 720}, 'share_title_myself': '', 'share_title_other': '', 'share_desc_info': ''}, 'can_set_geofencing': None, 'sec_uid': 'MS4wLjABAAAAnAFnkWlOm9jteymsi42fanYLMzfbqdGIwCILEUqDNmFyjfK9N8fSJdS_D2UWk_we', 'need_points': None, 'enterprise_verify_reason': '', 'is_ad_fake': False, 'story_ttl': 0, 'user_permissions': None, 'card_entries': None, 'creator_tag_list': None, 'offline_info_list': None, 'text_extra': None, 'card_sort_priority': None, 'prevent_download': False, 'special_people_labels': None, 'white_cover_url': None, 'endorsement_info_list': None, 'follower_status': 0, 'profile_mob_params': None, 'familiar_visitor_user': None, 'avatar_schema_list': None, 'cover_url': [{'uri': 'c8510002be9a3a61aad2', 'url_list': ['https://p3-pc-sign.douyinpic.com/obj/c8510002be9a3a61aad2?lk3s=138a59ce&x-expires=1762178400&x-signature=bEz6E0nbTH1458RtDsUU87G74Mk%3D&from=327834062'], 'width': 720, 'height': 720}], 'cf_list': None, 'im_role_ids': None, 'not_seen_item_id_list_v2': None, 'signature_extra': None, 'risk_notice_text': '', 'ban_user_functions': None, 'profile_component_disabled': None, 'verification_permission_ids': None, 'identity_labels': None, 'private_relation_list': None, 'link_item_list': None, 'batch_unfollow_relation_desc': None}, 'music': {'id': 7406236926149282587, 'id_str': '7406236926149282587', 'title': '@孙瑞雪聊教育创作的原声', 'author': '孙瑞雪聊教育', 'album': '', 'cover_hd': {'uri': '1080x1080/aweme-avatar/tos-cn-avt-0015_afee5b125df955a19af4c41159ad1295', 'url_list': ['https://p3-pc.douyinpic.com/aweme/1080x1080/aweme-avatar/tos-cn-avt-0015_afee5b125df955a19af4c41159ad1295.jpeg?from=327834062'], 'width': 720, 'height': 720}, 'cover_large': {'uri': '1080x1080/aweme-avatar/tos-cn-avt-0015_afee5b125df955a19af4c41159ad1295', 'url_list': ['https://p3-pc.douyinpic.com/aweme/1080x1080/aweme-avatar/tos-cn-avt-0015_afee5b125df955a19af4c41159ad1295.jpeg?from=327834062'], 'width': 720, 'height': 720}, 'cover_medium': {'uri': '720x720/aweme-avatar/tos-cn-avt-0015_afee5b125df955a19af4c41159ad1295', 'url_list': ['https://p3-pc.douyinpic.com/aweme/720x720/aweme-avatar/tos-cn-avt-0015_afee5b125df955a19af4c41159ad1295.jpeg?from=327834062'], 'width': 720, 'height': 720}, 'cover_thumb': {'uri': '100x100/aweme-avatar/tos-cn-avt-0015_afee5b125df955a19af4c41159ad1295', 'url_list': ['https://p3-pc.douyinpic.com/aweme/100x100/aweme-avatar/tos-cn-avt-0015_afee5b125df955a19af4c41159ad1295.jpeg?from=327834062'], 'width': 720, 'height': 720}, 'play_url': {'uri': 'https://sf5-hl-cdn-tos.douyinstatic.com/obj/ies-music/7406237010845190921.mp3', 'url_list': ['https://sf5-hl-cdn-tos.douyinstatic.com/obj/ies-music/7406237010845190921.mp3', 'https://sf6-cdn-tos.douyinstatic.com/obj/ies-music/7406237010845190921.mp3'], 'width': 720, 'height': 720, 'url_key': '7406236926149282587'}, 'schema_url': '', 'source_platform': 23, 'start_time': 0, 'end_time': 0, 'duration': 129, 'extra': '{"aed_music_score":0,"aed_singing_score":0.01,"aggregate_exempt_conf":[],"beats":{},"cover_colors":null,"douyin_beats_info":{},"dsp_switch":0,"extract_item_id":7406236896176655642,"has_edited":0,"hit_high_follow_auto":false,"hit_high_follow_extend":false,"hit_high_follow_original":false,"hotsoon_review_time":-1,"is_aed_music":0,"is_high_follow_user":false,"is_red":0,"is_subsidy_exp":false,"music_label_id":null,"music_tagging":{"AEDs":null,"Genres":null,"Instruments":null,"Languages":null,"Moods":null,"SingingVersions":null,"Themes":null},"review_unshelve_reason":0,"reviewed":0,"schedule_search_time":0,"uniqa_speech_score":0.7,"with_aed_model":1}', 'user_count': 0, 'position': None, 'collect_stat': 0, 'status': 1, 'offline_desc': '', 'owner_id': '1965574329213736', 'owner_nickname': '孙瑞雪聊教育', 'is_original': False, 'mid': '7406236926149282587', 'binded_challenge_id': 0, 'redirect': False, 'is_restricted': False, 'author_deleted': False, 'is_del_video': False, 'is_video_self_see': False, 'owner_handle': '63566855132', 'author_position': None, 'prevent_download': False, 'unshelve_countries': None, 'prevent_item_download_status': 0, 'external_song_info': [], 'sec_uid': 'MS4wLjABAAAAnAFnkWlOm9jteymsi42fanYLMzfbqdGIwCILEUqDNmFyjfK9N8fSJdS_D2UWk_we', 'avatar_thumb': {'uri': '100x100/aweme-avatar/tos-cn-avt-0015_afee5b125df955a19af4c41159ad1295', 'url_list': ['https://p3-pc.douyinpic.com/aweme/100x100/aweme-avatar/tos-cn-avt-0015_afee5b125df955a19af4c41159ad1295.jpeg?from=327834062'], 'width': 720, 'height': 720}, 'avatar_medium': {'uri': '720x720/aweme-avatar/tos-cn-avt-0015_afee5b125df955a19af4c41159ad1295', 'url_list': ['https://p3-pc.douyinpic.com/aweme/720x720/aweme-avatar/tos-cn-avt-0015_afee5b125df955a19af4c41159ad1295.jpeg?from=327834062'], 'width': 720, 'height': 720}, 'avatar_large': {'uri': '1080x1080/aweme-avatar/tos-cn-avt-0015_afee5b125df955a19af4c41159ad1295', 'url_list': ['https://p3-pc.douyinpic.com/aweme/1080x1080/aweme-avatar/tos-cn-avt-0015_afee5b125df955a19af4c41159ad1295.jpeg?from=327834062'], 'width': 720, 'height': 720}, 'preview_start_time': 0, 'preview_end_time': 0, 'is_commerce_music': False, 'is_original_sound': True, 'audition_duration': 129, 'shoot_duration': 129, 'reason_type': 0, 'artists': [], 'lyric_short_position': None, 'mute_share': False, 'tag_list': None, 'dmv_auto_show': False, 'is_pgc': False, 'is_matched_metadata': False, 'is_audio_url_with_cookie': False, 'music_chart_ranks': None, 'can_background_play': True, 'music_status': 1, 'video_duration': 129, 'pgc_music_type': 2, 'author_status': 1, 'search_impr': {'entity_id': '7406236926149282587'}, 'artist_user_infos': None, 'dsp_status': 10, 'musician_user_infos': None, 'music_collect_count': 0, 'music_cover_atmosphere_color_value': '', 'show_origin_clip': False}, 'effect_inflow_effects': None, 'video': {'play_addr': {'uri': 'v0d00fg10000cr43q9fog65og5nsso9g', 'url_list': ['https://v5-dy-o-abtest.zjcdn.com/dc483a1d5465067d77583ad9db044b6c/68f66e3a/video/tos/cn/tos-cn-ve-0015c800/osYxPm7XfABSQtDlAbXI0AEgfF9cDyyKONEIAT/?a=6383&ch=10010&cr=3&dr=0&lr=all&cd=0%7C0%7C0%7C3&cv=1&br=689&bt=689&cs=0&ds=3&ft=c2YTctGHQPRUZxfusdr~kwPqYldQIKDEE-TerrNqq_45a&mime_type=video_mp4&qs=0&rc=M2ZkOTMzODs7M2ZpOjY8ZkBpanJ2OHI5cjw2dTMzNGkzM0BgMjZiYzUtNl8xM15eYDAuYSM2cGtkMmRjbjFgLS1kLWFzcw%3D%3D&btag=80000e00028000&cquery=100H_100K_100o_101r_100B&dy_q=1760969609&feature_id=2e1813f3872a2105acee44623dff2864&l=20251020221329FF810B6B17C3D024C6A3', 'https://v5-dy-o-abtest.zjcdn.com/dc483a1d5465067d77583ad9db044b6c/68f66e3a/video/tos/cn/tos-cn-ve-0015c800/osYxPm7XfABSQtDlAbXI0AEgfF9cDyyKONEIAT/?a=6383&ch=10010&cr=3&dr=0&lr=all&cd=0%7C0%7C0%7C3&cv=1&br=689&bt=689&cs=0&ds=3&ft=c2YTctGHQPRUZxfusdr~kwPqYldQIKDEE-TerrNqq_45a&mime_type=video_mp4&qs=0&rc=M2ZkOTMzODs7M2ZpOjY8ZkBpanJ2OHI5cjw2dTMzNGkzM0BgMjZiYzUtNl8xM15eYDAuYSM2cGtkMmRjbjFgLS1kLWFzcw%3D%3D&btag=80000e00028000&cquery=100B_100H_100K_100o_101r&dy_q=1760969609&feature_id=2e1813f3872a2105acee44623dff2864&l=20251020221329FF810B6B17C3D024C6A3', 'https://www.douyin.com/aweme/v1/play/?video_id=v0d00fg10000cr43q9fog65og5nsso9g&line=0&file_id=1c39c3a7af6c40b8980580f0e69a5cc0&sign=9ccd87167ab0f4d5678fca51850ddad1&is_play_url=1&source=PackSourceEnum_PUBLISH'], 'width': 720, 'height': 1280, 'url_key': 'v0d00fg10000cr43q9fog65og5nsso9g_h264_720p_705976', 'data_size': 11458445, 'file_hash': '9ccd87167ab0f4d5678fca51850ddad1', 'file_cs': 'c:0-142305-41f9'}, 'cover': {'uri': 'tos-cn-i-dy/fca9b56d3e4646c894062d9b019a43a8', 'url_list': ['https://p3-pc-sign.douyinpic.com/tos-cn-i-dy/fca9b56d3e4646c894062d9b019a43a8~tplv-dy-cropcenter:323:430.jpeg?lk3s=138a59ce&x-expires=2076328800&x-signature=H8qfvE3JvHENYHxSiCRpa%2BYFdd4%3D&from=327834062&s=PackSourceEnum_PUBLISH&se=true&sh=323_430&sc=cover&biz_tag=pcweb_cover&l=20251020221329FF810B6B17C3D024C6A3', 'https://p3-pc-sign.douyinpic.com/obj/tos-cn-i-dy/fca9b56d3e4646c894062d9b019a43a8?lk3s=138a59ce&x-expires=2076328800&x-signature=nnXvGPIkqvUgbCY9LtgO8gPCf9A%3D&from=327834062&s=PackSourceEnum_PUBLISH&se=false&sc=cover&biz_tag=pcweb_cover&l=20251020221329FF810B6B17C3D024C6A3'], 'width': 720, 'height': 720}, 'height': 1920, 'width': 1080, 'dynamic_cover': {'uri': 'tos-cn-i-dy/fca9b56d3e4646c894062d9b019a43a8', 'url_list': ['https://p3-pc-sign.douyinpic.com/obj/tos-cn-i-dy/fca9b56d3e4646c894062d9b019a43a8?lk3s=138a59ce&x-expires=1762178400&x-signature=aJhc%2FkCGOwoTIH3Me21%2B%2BwrAo%2Bw%3D&from=327834062_large&s=PackSourceEnum_PUBLISH&se=false&sc=dynamic_cover&biz_tag=pcweb_cover&l=20251020221329FF810B6B17C3D024C6A3', 'https://p9-pc-sign.douyinpic.com/obj/tos-cn-i-dy/fca9b56d3e4646c894062d9b019a43a8?lk3s=138a59ce&x-expires=1762178400&x-signature=tGDwtaV2oqvR9ynMYcKN%2F4u0D4g%3D&from=327834062_large&s=PackSourceEnum_PUBLISH&se=false&sc=dynamic_cover&biz_tag=pcweb_cover&l=20251020221329FF810B6B17C3D024C6A3'], 'width': 720, 'height': 720}, 'origin_cover': {'uri': 'tos-cn-p-0015/ogDAtyAbAFOTABNyfmxl9jg40EIWfAYDIIPUgT', 'url_list': ['https://p3-pc-sign.douyinpic.com/tos-cn-p-0015/ogDAtyAbAFOTABNyfmxl9jg40EIWfAYDIIPUgT~tplv-dy-360p.jpeg?lk3s=138a59ce&x-expires=1762178400&x-signature=c1%2FF%2FpPcL1hy3wlOAuVhpR6c8Jg%3D&from=327834062&s=PackSourceEnum_PUBLISH&se=false&sc=origin_cover&biz_tag=pcweb_cover&l=20251020221329FF810B6B17C3D024C6A3', 'https://p9-pc-sign.douyinpic.com/tos-cn-p-0015/ogDAtyAbAFOTABNyfmxl9jg40EIWfAYDIIPUgT~tplv-dy-360p.jpeg?lk3s=138a59ce&x-expires=1762178400&x-signature=31alRA%2FFF6NCi3LvwsM01gUV%2FdE%3D&from=327834062&s=PackSourceEnum_PUBLISH&se=false&sc=origin_cover&biz_tag=pcweb_cover&l=20251020221329FF810B6B17C3D024C6A3'], 'width': 360, 'height': 640}, 'ratio': '720p', 'format': 'mp4', 'audio': {'original_sound_infos': None}, 'bit_rate': [{'gear_name': 'normal_720_0', 'quality_type': 10, 'bit_rate': 705976, 'play_addr': {'uri': 'v0d00fg10000cr43q9fog65og5nsso9g', 'url_list': ['https://v5-dy-o-abtest.zjcdn.com/dc483a1d5465067d77583ad9db044b6c/68f66e3a/video/tos/cn/tos-cn-ve-0015c800/osYxPm7XfABSQtDlAbXI0AEgfF9cDyyKONEIAT/?a=6383&ch=10010&cr=3&dr=0&lr=all&cd=0%7C0%7C0%7C3&cv=1&br=689&bt=689&cs=0&ds=3&ft=c2YTctGHQPRUZxfusdr~kwPqYldQIKDEE-TerrNqq_45a&mime_type=video_mp4&qs=0&rc=M2ZkOTMzODs7M2ZpOjY8ZkBpanJ2OHI5cjw2dTMzNGkzM0BgMjZiYzUtNl8xM15eYDAuYSM2cGtkMmRjbjFgLS1kLWFzcw%3D%3D&btag=80000e00028000&cquery=100H_100K_100o_101r_100B&dy_q=1760969609&feature_id=2e1813f3872a2105acee44623dff2864&l=20251020221329FF810B6B17C3D024C6A3', 'https://v5-dy-o-abtest.zjcdn.com/dc483a1d5465067d77583ad9db044b6c/68f66e3a/video/tos/cn/tos-cn-ve-0015c800/osYxPm7XfABSQtDlAbXI0AEgfF9cDyyKONEIAT/?a=6383&ch=10010&cr=3&dr=0&lr=all&cd=0%7C0%7C0%7C3&cv=1&br=689&bt=689&cs=0&ds=3&ft=c2YTctGHQPRUZxfusdr~kwPqYldQIKDEE-TerrNqq_45a&mime_type=video_mp4&qs=0&rc=M2ZkOTMzODs7M2ZpOjY8ZkBpanJ2OHI5cjw2dTMzNGkzM0BgMjZiYzUtNl8xM15eYDAuYSM2cGtkMmRjbjFgLS1kLWFzcw%3D%3D&btag=80000e00028000&cquery=100B_100H_100K_100o_101r&dy_q=1760969609&feature_id=2e1813f3872a2105acee44623dff2864&l=20251020221329FF810B6B17C3D024C6A3', 'https://www.douyin.com/aweme/v1/play/?video_id=v0d00fg10000cr43q9fog65og5nsso9g&line=0&file_id=1c39c3a7af6c40b8980580f0e69a5cc0&sign=9ccd87167ab0f4d5678fca51850ddad1&is_play_url=1&source=PackSourceEnum_PUBLISH'], 'width': 720, 'height': 1280, 'url_key': 'v0d00fg10000cr43q9fog65og5nsso9g_h264_720p_705976', 'data_size': 11458445, 'file_hash': '9ccd87167ab0f4d5678fca51850ddad1', 'file_cs': 'c:0-142305-41f9'}, 'is_h265': 0, 'is_bytevc1': 0, 'HDR_type': '', 'HDR_bit': '', 'FPS': 30, 'video_extra': '{"PktOffsetMap":"[{\\"time\\": 1, \\"offset\\": 378759}, {\\"time\\": 2, \\"offset\\": 450146}, {\\"time\\": 3, \\"offset\\": 501241}, {\\"time\\": 4, \\"offset\\": 540641}, {\\"time\\": 5, \\"offset\\": 659515}, {\\"time\\": 10, \\"offset\\": 974990}]","format":"mp4","definition":"720p","quality":"normal","file_id":"1c39c3a7af6c40b8980580f0e69a5cc0","applog_map":{"feature_id":"2e1813f3872a2105acee44623dff2864"},"audio_channels":"2.0","audio_sample_rate":"44100","audio_metrics":null,"audio_score":null}', 'format': 'mp4'}, {'gear_name': 'low_720_0', 'quality_type': 211, 'bit_rate': 626039, 'play_addr': {'uri': 'v0d00fg10000cr43q9fog65og5nsso9g', 'url_list': ['https://v5-dy-o-abtest.zjcdn.com/9f1477404093bc969b237bd524d34dc2/68f66e3a/video/tos/cn/tos-cn-ve-0015c800/okmsNQUAlBYIDAF9xAOEt8AQJyAfgMfL60mDET/?a=6383&ch=10010&cr=3&dr=0&lr=all&cd=0%7C0%7C0%7C3&cv=1&br=611&bt=611&cs=0&ds=3&ft=c2YTctGHQPRUZxfusdr~kwPqYldQIKDEE-TerrNqq_45a&mime_type=video_mp4&qs=1&rc=ODw0NzU5PGczMzRoOmg4aUBpanJ2OHI5cjw2dTMzNGkzM0AwNWMuNmJeNmExMS1jYDMyYSM2cGtkMmRjbjFgLS1kLWFzcw%3D%3D&btag=80000e00028000&cquery=100B_100H_100K_100o_101r&dy_q=1760969609&feature_id=46a7bb47b4fd1280f3d3825bf2b29388&l=20251020221329FF810B6B17C3D024C6A3', 'https://v5-dy-o-abtest.zjcdn.com/9f1477404093bc969b237bd524d34dc2/68f66e3a/video/tos/cn/tos-cn-ve-0015c800/okmsNQUAlBYIDAF9xAOEt8AQJyAfgMfL60mDET/?a=6383&ch=10010&cr=3&dr=0&lr=all&cd=0%7C0%7C0%7C3&cv=1&br=611&bt=611&cs=0&ds=3&ft=c2YTctGHQPRUZxfusdr~kwPqYldQIKDEE-TerrNqq_45a&mime_type=video_mp4&qs=1&rc=ODw0NzU5PGczMzRoOmg4aUBpanJ2OHI5cjw2dTMzNGkzM0AwNWMuNmJeNmExMS1jYDMyYSM2cGtkMmRjbjFgLS1kLWFzcw%3D%3D&btag=80000e00028000&cquery=100K_100o_101r_100B_100H&dy_q=1760969609&feature_id=46a7bb47b4fd1280f3d3825bf2b29388&l=20251020221329FF810B6B17C3D024C6A3', 'https://www.douyin.com/aweme/v1/play/?video_id=v0d00fg10000cr43q9fog65og5nsso9g&line=0&file_id=5f65cef70e4140d09da9e69214f18935&sign=2b4f94cd83bc4009ff3cbcfea153f458&is_play_url=1&source=PackSourceEnum_PUBLISH'], 'width': 720, 'height': 1280, 'url_key': 'v0d00fg10000cr43q9fog65og5nsso9g_h264_720p_626039', 'data_size': 10161007, 'file_hash': '2b4f94cd83bc4009ff3cbcfea153f458', 'file_cs': 'c:0-108088-4f15|a:v0d00fg10000cr43q9fog65og5nsso9g'}, 'is_h265': 0, 'is_bytevc1': 0, 'HDR_type': '', 'HDR_bit': '', 'FPS': 30, 'video_extra': '{"PktOffsetMap":"[{\\"time\\": 1, \\"offset\\": 359462}, {\\"time\\": 2, \\"offset\\": 434577}, {\\"time\\": 3, \\"offset\\": 489474}, {\\"time\\": 4, \\"offset\\": 527889}, {\\"time\\": 5, \\"offset\\": 569628}, {\\"time\\": 10, \\"offset\\": 883491}]","format":"mp4","definition":"720p","quality":"low","file_id":"5f65cef70e4140d09da9e69214f18935","applog_map":{"feature_id":"46a7bb47b4fd1280f3d3825bf2b29388"},"audio_channels":"2.0","audio_sample_rate":"44100","audio_metrics":null,"audio_score":null}', 'format': 'mp4'}, {'gear_name': 'low_540_0', 'quality_type': 292, 'bit_rate': 600919, 'play_addr': {'uri': 'v0d00fg10000cr43q9fog65og5nsso9g', 'url_list': ['https://v5-dy-o-abtest.zjcdn.com/2e94b3e1ed6a0eec8a8e0d47cc4bdb40/68f66e3a/video/tos/cn/tos-cn-ve-0015c800/osE9fDEUxTGtT1DOBgfTFAANQ0IYZJTlADymdA/?a=6383&ch=10010&cr=3&dr=0&lr=all&cd=0%7C0%7C0%7C3&cv=1&br=586&bt=586&cs=0&ds=6&ft=c2YTctGHQPRUZxfusdr~kwPqYldQIKDEE-TerrNqq_45a&mime_type=video_mp4&qs=1&rc=NzdlOjRlMzdlNWc6ZTplN0BpanJ2OHI5cjw2dTMzNGkzM0BhY2JgYTEyXzQxNmMxL15eYSM2cGtkMmRjbjFgLS1kLWFzcw%3D%3D&btag=80000e00028000&cquery=101r_100B_100H_100K_100o&dy_q=1760969609&feature_id=46a7bb47b4fd1280f3d3825bf2b29388&l=20251020221329FF810B6B17C3D024C6A3', 'https://v5-dy-o-abtest.zjcdn.com/2e94b3e1ed6a0eec8a8e0d47cc4bdb40/68f66e3a/video/tos/cn/tos-cn-ve-0015c800/osE9fDEUxTGtT1DOBgfTFAANQ0IYZJTlADymdA/?a=6383&ch=10010&cr=3&dr=0&lr=all&cd=0%7C0%7C0%7C3&cv=1&br=586&bt=586&cs=0&ds=6&ft=c2YTctGHQPRUZxfusdr~kwPqYldQIKDEE-TerrNqq_45a&mime_type=video_mp4&qs=1&rc=NzdlOjRlMzdlNWc6ZTplN0BpanJ2OHI5cjw2dTMzNGkzM0BhY2JgYTEyXzQxNmMxL15eYSM2cGtkMmRjbjFgLS1kLWFzcw%3D%3D&btag=80000e00028000&cquery=101r_100B_100H_100K_100o&dy_q=1760969609&feature_id=46a7bb47b4fd1280f3d3825bf2b29388&l=20251020221329FF810B6B17C3D024C6A3', 'https://www.douyin.com/aweme/v1/play/?video_id=v0d00fg10000cr43q9fog65og5nsso9g&line=0&file_id=a4ab274bf79d427bb4504bd1c7ebf4d4&sign=dfbb337cdefb65527a727b07d93aa3d1&is_play_url=1&source=PackSourceEnum_PUBLISH'], 'width': 576, 'height': 1024, 'url_key': 'v0d00fg10000cr43q9fog65og5nsso9g_h264_540p_600919', 'data_size': 9753305, 'file_hash': 'dfbb337cdefb65527a727b07d93aa3d1', 'file_cs': 'c:0-108120-2251|a:v0d00fg10000cr43q9fog65og5nsso9g'}, 'is_h265': 0, 'is_bytevc1': 0, 'HDR_type': '', 'HDR_bit': '', 'FPS': 30, 'video_extra': '{"PktOffsetMap":"[{\\"time\\": 1, \\"offset\\": 325087}, {\\"time\\": 2, \\"offset\\": 399233}, {\\"time\\": 3, \\"offset\\": 452796}, {\\"time\\": 4, \\"offset\\": 488988}, {\\"time\\": 5, \\"offset\\": 531847}, {\\"time\\": 10, \\"offset\\": 832950}]","format":"mp4","definition":"540p","quality":"low","file_id":"a4ab274bf79d427bb4504bd1c7ebf4d4","applog_map":{"feature_id":"46a7bb47b4fd1280f3d3825bf2b29388"},"audio_channels":"2.0","audio_sample_rate":"44100","audio_metrics":null,"audio_score":null}', 'format': 'mp4'}, {'gear_name': 'adapt_low_540_0', 'quality_type': 291, 'bit_rate': 415128, 'play_addr': {'uri': 'v0d00fg10000cr43q9fog65og5nsso9g', 'url_list': ['https://v5-dy-o-abtest.zjcdn.com/3c872d911be4f8dfd238e9812860d582/68f66e3a/video/tos/cn/tos-cn-ve-0015c800/owbfdD4ADEPITUx0AOFQNA9lYBfSmGAIE8gtAy/?a=6383&ch=10010&cr=3&dr=0&lr=all&cd=0%7C0%7C0%7C3&cv=1&br=405&bt=405&cs=0&ds=6&ft=c2YTctGHQPRUZxfusdr~kwPqYldQIKDEE-TerrNqq_45a&mime_type=video_mp4&qs=12&rc=ZjplPDM1ZDg3N2c0N2Y4aUBpanJ2OHI5cjw2dTMzNGkzM0BgYzVhYl8xNV4xMDAyYTQtYSM2cGtkMmRjbjFgLS1kLWFzcw%3D%3D&btag=80000e00028000&cquery=100K_100o_101r_100B_100H&dy_q=1760969609&feature_id=46a7bb47b4fd1280f3d3825bf2b29388&l=20251020221329FF810B6B17C3D024C6A3', 'https://v5-dy-o-abtest.zjcdn.com/3c872d911be4f8dfd238e9812860d582/68f66e3a/video/tos/cn/tos-cn-ve-0015c800/owbfdD4ADEPITUx0AOFQNA9lYBfSmGAIE8gtAy/?a=6383&ch=10010&cr=3&dr=0&lr=all&cd=0%7C0%7C0%7C3&cv=1&br=405&bt=405&cs=0&ds=6&ft=c2YTctGHQPRUZxfusdr~kwPqYldQIKDEE-TerrNqq_45a&mime_type=video_mp4&qs=12&rc=ZjplPDM1ZDg3N2c0N2Y4aUBpanJ2OHI5cjw2dTMzNGkzM0BgYzVhYl8xNV4xMDAyYTQtYSM2cGtkMmRjbjFgLS1kLWFzcw%3D%3D&btag=80000e00028000&cquery=100o_101r_100B_100H_100K&dy_q=1760969609&feature_id=46a7bb47b4fd1280f3d3825bf2b29388&l=20251020221329FF810B6B17C3D024C6A3', 'https://www.douyin.com/aweme/v1/play/?video_id=v0d00fg10000cr43q9fog65og5nsso9g&line=0&file_id=0f75dc54313d44a4854ab2e0d98bf7cc&sign=0352dc5c9f947675c30a2c43be72622f&is_play_url=1&source=PackSourceEnum_PUBLISH'], 'width': 576, 'height': 1024, 'url_key': 'v0d00fg10000cr43q9fog65og5nsso9g_h264_540p_415128', 'data_size': 6737793, 'file_hash': '0352dc5c9f947675c30a2c43be72622f', 'file_cs': 'c:0-108119-cefd|a:v0d00fg10000cr43q9fog65og5nsso9g'}, 'is_h265': 0, 'is_bytevc1': 0, 'HDR_type': '', 'HDR_bit': '', 'FPS': 30, 'video_extra': '{"PktOffsetMap":"[{\\"time\\": 1, \\"offset\\": 264310}, {\\"time\\": 2, \\"offset\\": 313888}, {\\"time\\": 3, \\"offset\\": 349996}, {\\"time\\": 4, \\"offset\\": 374374}, {\\"time\\": 5, \\"offset\\": 402234}, {\\"time\\": 10, \\"offset\\": 608402}]","format":"mp4","definition":"540p","quality":"adapt_low","file_id":"0f75dc54313d44a4854ab2e0d98bf7cc","applog_map":{"feature_id":"46a7bb47b4fd1280f3d3825bf2b29388"},"audio_channels":"2.0","audio_sample_rate":"44100","audio_metrics":null,"audio_score":null}', 'format': 'mp4'}, {'gear_name': 'adapt_lowest_1080_1', 'quality_type': 2, 'bit_rate': 301071, 'play_addr': {'uri': 'v0d00fg10000cr43q9fog65og5nsso9g', 'url_list': ['https://v5-dy-o-abtest.zjcdn.com/5bc341f54fdc85027e8d968aa903f8e7/68f66e3a/video/tos/cn/tos-cn-ve-0015c800/oMBQfMwbBGgkeacmXmLmApII7Aisg3LeBJCNUH/?a=6383&ch=10010&cr=3&dr=0&lr=all&cd=0%7C0%7C0%7C3&cv=1&br=294&bt=294&cs=2&ds=4&ft=c2YTctGHQPRUZxfusdr~kwPqYldQIKDEE-TerrNqq_45a&mime_type=video_mp4&qs=15&rc=NTQ2OTdnNzk0MzY1OzU7NkBpanJ2OHI5cjw2dTMzNGkzM0AuMjNjYWAyNjIxNi40M140YSM2cGtkMmRjbjFgLS1kLWFzcw%3D%3D&btag=80000e00028000&cquery=100o_101r_100B_100H_100K&dy_q=1760969609&feature_id=c6de0308cacfd993ef282c8e1c646267&l=20251020221329FF810B6B17C3D024C6A3', 'https://v5-dy-o-abtest.zjcdn.com/5bc341f54fdc85027e8d968aa903f8e7/68f66e3a/video/tos/cn/tos-cn-ve-0015c800/oMBQfMwbBGgkeacmXmLmApII7Aisg3LeBJCNUH/?a=6383&ch=10010&cr=3&dr=0&lr=all&cd=0%7C0%7C0%7C3&cv=1&br=294&bt=294&cs=2&ds=4&ft=c2YTctGHQPRUZxfusdr~kwPqYldQIKDEE-TerrNqq_45a&mime_type=video_mp4&qs=15&rc=NTQ2OTdnNzk0MzY1OzU7NkBpanJ2OHI5cjw2dTMzNGkzM0AuMjNjYWAyNjIxNi40M140YSM2cGtkMmRjbjFgLS1kLWFzcw%3D%3D&btag=80000e00028000&cquery=100B_100H_100K_100o_101r&dy_q=1760969609&feature_id=c6de0308cacfd993ef282c8e1c646267&l=20251020221329FF810B6B17C3D024C6A3', 'https://www.douyin.com/aweme/v1/play/?video_id=v0d00fg10000cr43q9fog65og5nsso9g&line=0&file_id=73a86278129340519654cdd4f6635112&sign=b0d8c809181d9c8f3d49b8d76657f9f9&is_play_url=1&source=PackSourceEnum_PUBLISH'], 'width': 1080, 'height': 1920, 'url_key': 'v0d00fg10000cr43q9fog65og5nsso9g_bytevc1_1080p_301071', 'data_size': 4886586, 'file_hash': 'b0d8c809181d9c8f3d49b8d76657f9f9', 'file_cs': 'c:0-108285-6dae'}, 'is_h265': 1, 'is_bytevc1': 1, 'HDR_type': '', 'HDR_bit': '', 'FPS': 30, 'video_extra': '{"PktOffsetMap":"[{\\"time\\": 1, \\"offset\\": 247533}, {\\"time\\": 2, \\"offset\\": 278157}, {\\"time\\": 3, \\"offset\\": 310745}, {\\"time\\": 4, \\"offset\\": 330572}, {\\"time\\": 5, \\"offset\\": 350198}, {\\"time\\": 10, \\"offset\\": 554824}]","format":"mp4","definition":"1080p","quality":"adapt_lowest","file_id":"73a86278129340519654cdd4f6635112","applog_map":{"feature_id":"c6de0308cacfd993ef282c8e1c646267"},"mvmaf":"{\\"mvmaf_sr_v1080\\":-1,\\"mvmaf_sr_v960\\":-1,\\"mvmaf_sr_v864\\":-1,\\"mvmaf_sr_v720\\":-1,\\"mvmaf_ori_v1080\\":93.435,\\"mvmaf_ori_v960\\":93.899,\\"mvmaf_ori_v864\\":94.656,\\"mvmaf_ori_v720\\":95.162}","audio_channels":"2.0","audio_sample_rate":"44100","audio_metrics":null,"audio_score":null}', 'format': 'mp4'}, {'gear_name': 'adapt_lowest_720_1', 'quality_type': 15, 'bit_rate': 264890, 'play_addr': {'uri': 'v0d00fg10000cr43q9fog65og5nsso9g', 'url_list': ['https://v5-dy-o-abtest.zjcdn.com/b6b940fc7ba553fa00cdf2c6b8eb2198/68f66e3a/video/tos/cn/tos-cn-ve-0015c800/oIIGSmOABBDEug9txfEAbFEA06DWYyQcAfTlMN/?a=6383&ch=10010&cr=3&dr=0&lr=all&cd=0%7C0%7C0%7C3&cv=1&br=258&bt=258&cs=2&ds=3&ft=c2YTctGHQPRUZxfusdr~kwPqYldQIKDEE-TerrNqq_45a&mime_type=video_mp4&qs=15&rc=NTQ1ZTM2NGdoNjczO2Q4PEBpanJ2OHI5cjw2dTMzNGkzM0AzXmAzXy5iNTYxLjAwYjA2YSM2cGtkMmRjbjFgLS1kLWFzcw%3D%3D&btag=80000e00028000&cquery=101r_100B_100H_100K_100o&dy_q=1760969609&feature_id=c6de0308cacfd993ef282c8e1c646267&l=20251020221329FF810B6B17C3D024C6A3', 'https://v5-dy-o-abtest.zjcdn.com/b6b940fc7ba553fa00cdf2c6b8eb2198/68f66e3a/video/tos/cn/tos-cn-ve-0015c800/oIIGSmOABBDEug9txfEAbFEA06DWYyQcAfTlMN/?a=6383&ch=10010&cr=3&dr=0&lr=all&cd=0%7C0%7C0%7C3&cv=1&br=258&bt=258&cs=2&ds=3&ft=c2YTctGHQPRUZxfusdr~kwPqYldQIKDEE-TerrNqq_45a&mime_type=video_mp4&qs=15&rc=NTQ1ZTM2NGdoNjczO2Q4PEBpanJ2OHI5cjw2dTMzNGkzM0AzXmAzXy5iNTYxLjAwYjA2YSM2cGtkMmRjbjFgLS1kLWFzcw%3D%3D&btag=80000e00028000&cquery=100H_100K_100o_101r_100B&dy_q=1760969609&feature_id=c6de0308cacfd993ef282c8e1c646267&l=20251020221329FF810B6B17C3D024C6A3', 'https://www.douyin.com/aweme/v1/play/?video_id=v0d00fg10000cr43q9fog65og5nsso9g&line=0&file_id=9935ea383014439e8de113b06bc2a162&sign=72062f213c2bc3e4c90726443e1a696e&is_play_url=1&source=PackSourceEnum_PUBLISH'], 'width': 720, 'height': 1280, 'url_key': 'v0d00fg10000cr43q9fog65og5nsso9g_bytevc1_720p_264890', 'data_size': 4299335, 'file_hash': '72062f213c2bc3e4c90726443e1a696e', 'file_cs': 'c:0-108285-4c6d'}, 'is_h265': 1, 'is_bytevc1': 1, 'HDR_type': '', 'HDR_bit': '', 'FPS': 30, 'video_extra': '{"PktOffsetMap":"[{\\"time\\": 1, \\"offset\\": 211470}, {\\"time\\": 2, \\"offset\\": 240157}, {\\"time\\": 3, \\"offset\\": 269967}, {\\"time\\": 4, \\"offset\\": 286657}, {\\"time\\": 5, \\"offset\\": 303737}, {\\"time\\": 10, \\"offset\\": 475909}]","format":"mp4","definition":"720p","quality":"adapt_lowest","file_id":"9935ea383014439e8de113b06bc2a162","applog_map":{"feature_id":"c6de0308cacfd993ef282c8e1c646267"},"mvmaf":"{\\"mvmaf_sr_v1080\\":96.979,\\"mvmaf_sr_v960\\":98.333,\\"mvmaf_sr_v864\\":99.388,\\"mvmaf_sr_v720\\":99.726,\\"mvmaf_ori_v1080\\":87.437,\\"mvmaf_ori_v960\\":90.434,\\"mvmaf_ori_v864\\":91.914,\\"mvmaf_ori_v720\\":95.073}","audio_channels":"2.0","audio_sample_rate":"44100","audio_metrics":null,"audio_score":null}', 'format': 'mp4'}, {'gear_name': 'adapt_540_1', 'quality_type': 28, 'bit_rate': 244772, 'play_addr': {'uri': 'v0d00fg10000cr43q9fog65og5nsso9g', 'url_list': ['https://v5-dy-o-abtest.zjcdn.com/9dbc4d5911f784326c65fadebdd51879/68f66e3a/video/tos/cn/tos-cn-ve-0015c800/ooKS7NHBkfbIB6EnBAIkwipeLeKAnLQGgcaCmH/?a=6383&ch=10010&cr=3&dr=0&lr=all&cd=0%7C0%7C0%7C3&cv=1&br=239&bt=239&cs=2&ds=6&ft=c2YTctGHQPRUZxfusdr~kwPqYldQIKDEE-TerrNqq_45a&mime_type=video_mp4&qs=11&rc=NzxkOjtlaTdmZTU8OjlnaEBpanJ2OHI5cjw2dTMzNGkzM0AxYDMvM2AxNjUxL2MvY2M1YSM2cGtkMmRjbjFgLS1kLWFzcw%3D%3D&btag=80000e00028000&cquery=100B_100H_100K_100o_101r&dy_q=1760969609&feature_id=c6de0308cacfd993ef282c8e1c646267&l=20251020221329FF810B6B17C3D024C6A3', 'https://v5-dy-o-abtest.zjcdn.com/9dbc4d5911f784326c65fadebdd51879/68f66e3a/video/tos/cn/tos-cn-ve-0015c800/ooKS7NHBkfbIB6EnBAIkwipeLeKAnLQGgcaCmH/?a=6383&ch=10010&cr=3&dr=0&lr=all&cd=0%7C0%7C0%7C3&cv=1&br=239&bt=239&cs=2&ds=6&ft=c2YTctGHQPRUZxfusdr~kwPqYldQIKDEE-TerrNqq_45a&mime_type=video_mp4&qs=11&rc=NzxkOjtlaTdmZTU8OjlnaEBpanJ2OHI5cjw2dTMzNGkzM0AxYDMvM2AxNjUxL2MvY2M1YSM2cGtkMmRjbjFgLS1kLWFzcw%3D%3D&btag=80000e00028000&cquery=101r_100B_100H_100K_100o&dy_q=1760969609&feature_id=c6de0308cacfd993ef282c8e1c646267&l=20251020221329FF810B6B17C3D024C6A3', 'https://www.douyin.com/aweme/v1/play/?video_id=v0d00fg10000cr43q9fog65og5nsso9g&line=0&file_id=8efdf627f9224b8c944fcb68276ac944&sign=a12cee5f22c127ddbbed57923bb1e43d&is_play_url=1&source=PackSourceEnum_PUBLISH'], 'width': 576, 'height': 1024, 'url_key': 'v0d00fg10000cr43q9fog65og5nsso9g_bytevc1_540p_244772', 'data_size': 3972806, 'file_hash': 'a12cee5f22c127ddbbed57923bb1e43d', 'file_cs': 'c:0-108285-8250'}, 'is_h265': 1, 'is_bytevc1': 1, 'HDR_type': '', 'HDR_bit': '', 'FPS': 30, 'video_extra': '{"PktOffsetMap":"[{\\"time\\": 1, \\"offset\\": 194831}, {\\"time\\": 2, \\"offset\\": 221503}, {\\"time\\": 3, \\"offset\\": 247765}, {\\"time\\": 4, \\"offset\\": 263179}, {\\"time\\": 5, \\"offset\\": 279232}, {\\"time\\": 10, \\"offset\\": 434956}]","format":"mp4","definition":"540p","quality":"adapt","file_id":"8efdf627f9224b8c944fcb68276ac944","applog_map":{"feature_id":"c6de0308cacfd993ef282c8e1c646267"},"mvmaf":"{\\"mvmaf_sr_v1080\\":94.357,\\"mvmaf_sr_v960\\":96.305,\\"mvmaf_sr_v864\\":97.371,\\"mvmaf_sr_v720\\":98.909,\\"mvmaf_ori_v1080\\":83.988,\\"mvmaf_ori_v960\\":87.869,\\"mvmaf_ori_v864\\":89.003,\\"mvmaf_ori_v720\\":92.311}","audio_channels":"2.0","audio_sample_rate":"44100","audio_metrics":null,"audio_score":null}', 'format': 'mp4'}, {'gear_name': 'adapt_lowest_1080_1', 'quality_type': 2, 'bit_rate': 246548, 'play_addr': {'uri': 'v0d00fg10000cr43q9fog65og5nsso9g', 'url_list': ['https://v5-dy-o-abtest.zjcdn.com/c18da9b9dccfc912fdc588241e4d83f4/68f7958a/video/tos/cn/tos-cn-ve-0015c800/oMwBAGpRmALHBPLeBAimbaNfgG7ckA2xIAeCAx/media-video-hvc1/?a=6383&ch=0&cr=8&dr=0&er=1&lr=default&cd=0%7C0%7C0%7C3&cv=1&br=240&bt=240&cs=4&ds=4&mime_type=video_mp4&qs=15&rc=OGg4Ojs4MzVpNWg5ZzU4ZEBpanJ2OHI5cjw2dTMzNGkzM0BjMTRiNDFiXjExNDMwMzM0YSM2cGtkMmRjbjFgLS1kLWFzcw%3D%3D&btag=80000e00028000&cquery=101r_100o&dy_q=1760969609&l=20251020221329FF810B6B17C3D024C6A3', 'https://v5-dy-o-abtest.zjcdn.com/c18da9b9dccfc912fdc588241e4d83f4/68f7958a/video/tos/cn/tos-cn-ve-0015c800/oMwBAGpRmALHBPLeBAimbaNfgG7ckA2xIAeCAx/media-video-hvc1/?a=6383&ch=0&cr=8&dr=0&er=1&lr=default&cd=0%7C0%7C0%7C3&cv=1&br=240&bt=240&cs=4&ds=4&mime_type=video_mp4&qs=15&rc=OGg4Ojs4MzVpNWg5ZzU4ZEBpanJ2OHI5cjw2dTMzNGkzM0BjMTRiNDFiXjExNDMwMzM0YSM2cGtkMmRjbjFgLS1kLWFzcw%3D%3D&btag=80000e00028000&cquery=100o_101r&dy_q=1760969609&l=20251020221329FF810B6B17C3D024C6A3', 'https://www.douyin.com/aweme/v1/play/dash/?video_id=v0d00fg10000cr43q9fog65og5nsso9g&line=0&file_id=7a65623d667e424fa2e04578e7754ef5&sign=199f28f739dfe85dca2d474db8a60276&is_play_url=1&source=PackSourceEnum_PUBLISH'], 'width': 1080, 'height': 1920, 'url_key': 'v0d00fg10000cr43q9fog65og5nsso9g_bytevc1_1080p_246548', 'data_size': 4000249, 'file_hash': '199f28f739dfe85dca2d474db8a60276'}, 'is_h265': 1, 'is_bytevc1': 1, 'HDR_type': '', 'HDR_bit': '', 'FPS': 30, 'video_extra': '{"PktOffsetMap":"","format":"dash","sub_info":"{\\"audio_channels\\":\\"2.0\\",\\"audio_layout\\":\\"C\\",\\"audio_sample_rate\\":\\"44100\\",\\"base_range_info\\":{\\"first_moof_range\\":\\"1396-3175\\",\\"index_range\\":\\"1136-1395\\",\\"init_range\\":\\"0-1135\\"},\\"check_info\\":{\\"check_info\\":\\"a:v0d00fg10000cr43q9fog65og5nsso9g|b:0-1395-60884c47dd27dcfbfdbf2d421d055117|c:0-1395-7aef\\"},\\"gear_des_key\\":\\"0:DASH|1:normal|2:h265_hvc1|4:1080p|5:adapt_lowest|8:v1.9.0.5-ot|10000:105\\",\\"quality_type\\":2}","definition":"1080p","quality":"adapt_lowest","quality_desc":"","file_id":"7a65623d667e424fa2e04578e7754ef5","real_bitrate":297534,"audio_file_id":"04e6b9689e63c2f19c482d2b89c53659","applog_map":{"feature_id":"c6de0308cacfd993ef282c8e1c646267"},"mvmaf":"{\\"mvmaf_sr_v1080\\":-1,\\"mvmaf_sr_v960\\":-1,\\"mvmaf_sr_v864\\":-1,\\"mvmaf_sr_v720\\":-1,\\"mvmaf_ori_v1080\\":93.435,\\"mvmaf_ori_v960\\":93.899,\\"mvmaf_ori_v864\\":94.656,\\"mvmaf_ori_v720\\":95.162}","audio_metrics":null,"audio_score":null}', 'format': 'dash'}, {'gear_name': 'adapt_lowest_720_1', 'quality_type': 15, 'bit_rate': 210313, 'play_addr': {'uri': 'v0d00fg10000cr43q9fog65og5nsso9g', 'url_list': ['https://v5-dy-o-abtest.zjcdn.com/1c177157b0db9e5f5e2c0b103513fed9/68f7958a/video/tos/cn/tos-cn-ve-0015c800/owYS9DTumINAAAAx6ByF5D0EgfDAAdAOlgftMt/media-video-hvc1/?a=6383&ch=0&cr=8&dr=0&er=1&lr=default&cd=0%7C0%7C0%7C3&cv=1&br=205&bt=205&cs=4&ds=3&mime_type=video_mp4&qs=15&rc=Njk8OGlmZ2g0OTppaTU6M0BpanJ2OHI5cjw2dTMzNGkzM0BhYDIvLzItXzAxXzA2MjZiYSM2cGtkMmRjbjFgLS1kLWFzcw%3D%3D&btag=80000e00028000&cquery=101r_100o&dy_q=1760969609&l=20251020221329FF810B6B17C3D024C6A3', 'https://v5-dy-o-abtest.zjcdn.com/1c177157b0db9e5f5e2c0b103513fed9/68f7958a/video/tos/cn/tos-cn-ve-0015c800/owYS9DTumINAAAAx6ByF5D0EgfDAAdAOlgftMt/media-video-hvc1/?a=6383&ch=0&cr=8&dr=0&er=1&lr=default&cd=0%7C0%7C0%7C3&cv=1&br=205&bt=205&cs=4&ds=3&mime_type=video_mp4&qs=15&rc=Njk8OGlmZ2g0OTppaTU6M0BpanJ2OHI5cjw2dTMzNGkzM0BhYDIvLzItXzAxXzA2MjZiYSM2cGtkMmRjbjFgLS1kLWFzcw%3D%3D&btag=80000e00028000&cquery=101r_100o&dy_q=1760969609&l=20251020221329FF810B6B17C3D024C6A3', 'https://www.douyin.com/aweme/v1/play/dash/?video_id=v0d00fg10000cr43q9fog65og5nsso9g&line=0&file_id=e097529f3fb74631be0d5c2f2559c6d3&sign=717610555c94f7a3f80114bbbf9c8124&is_play_url=1&source=PackSourceEnum_PUBLISH'], 'width': 720, 'height': 1280, 'url_key': 'v0d00fg10000cr43q9fog65og5nsso9g_bytevc1_720p_210313', 'data_size': 3412323, 'file_hash': '717610555c94f7a3f80114bbbf9c8124'}, 'is_h265': 1, 'is_bytevc1': 1, 'HDR_type': '', 'HDR_bit': '', 'FPS': 30, 'video_extra': '{"PktOffsetMap":"","format":"dash","sub_info":"{\\"audio_channels\\":\\"2.0\\",\\"audio_layout\\":\\"C\\",\\"audio_sample_rate\\":\\"44100\\",\\"base_range_info\\":{\\"first_moof_range\\":\\"1396-3175\\",\\"index_range\\":\\"1136-1395\\",\\"init_range\\":\\"0-1135\\"},\\"check_info\\":{\\"check_info\\":\\"a:v0d00fg10000cr43q9fog65og5nsso9g|b:0-1395-2194a2dd33308d6450b1ee932e56b67d|c:0-1395-4da3\\"},\\"gear_des_key\\":\\"0:DASH|1:normal|2:h265_hvc1|4:720p|5:adapt_lowest|8:v1.9.0.5-ot|10000:105\\",\\"quality_type\\":15}","definition":"720p","quality":"adapt_lowest","quality_desc":"","file_id":"e097529f3fb74631be0d5c2f2559c6d3","real_bitrate":261299,"audio_file_id":"04e6b9689e63c2f19c482d2b89c53659","applog_map":{"feature_id":"c6de0308cacfd993ef282c8e1c646267"},"mvmaf":"{\\"mvmaf_sr_v1080\\":96.979,\\"mvmaf_sr_v960\\":98.333,\\"mvmaf_sr_v864\\":99.388,\\"mvmaf_sr_v720\\":99.726,\\"mvmaf_ori_v1080\\":87.437,\\"mvmaf_ori_v960\\":90.434,\\"mvmaf_ori_v864\\":91.914,\\"mvmaf_ori_v720\\":95.073}","audio_metrics":null,"audio_score":null}', 'format': 'dash'}, {'gear_name': 'adapt_540_1', 'quality_type': 28, 'bit_rate': 190188, 'play_addr': {'uri': 'v0d00fg10000cr43q9fog65og5nsso9g', 'url_list': ['https://v5-dy-o-abtest.zjcdn.com/2ca58b28dca89289011a27b057ca9480/68f7958a/video/tos/cn/tos-cn-ve-0015c800/ogxfAS0EDlIYyAKmAAAg96tFrfDEzMANADTBgO/media-video-hvc1/?a=6383&ch=0&cr=8&dr=0&er=1&lr=default&cd=0%7C0%7C0%7C3&cv=1&br=185&bt=185&cs=4&ds=6&mime_type=video_mp4&qs=11&rc=ODM8N2U0ZjppZmc1Njw5ZUBpanJ2OHI5cjw2dTMzNGkzM0BjYy9eXzJjNjMxYjFjXjYxYSM2cGtkMmRjbjFgLS1kLWFzcw%3D%3D&btag=80000e00028000&cquery=101r_100o&dy_q=1760969609&l=20251020221329FF810B6B17C3D024C6A3', 'https://v5-dy-o-abtest.zjcdn.com/2ca58b28dca89289011a27b057ca9480/68f7958a/video/tos/cn/tos-cn-ve-0015c800/ogxfAS0EDlIYyAKmAAAg96tFrfDEzMANADTBgO/media-video-hvc1/?a=6383&ch=0&cr=8&dr=0&er=1&lr=default&cd=0%7C0%7C0%7C3&cv=1&br=185&bt=185&cs=4&ds=6&mime_type=video_mp4&qs=11&rc=ODM8N2U0ZjppZmc1Njw5ZUBpanJ2OHI5cjw2dTMzNGkzM0BjYy9eXzJjNjMxYjFjXjYxYSM2cGtkMmRjbjFgLS1kLWFzcw%3D%3D&btag=80000e00028000&cquery=101r_100o&dy_q=1760969609&l=20251020221329FF810B6B17C3D024C6A3', 'https://www.douyin.com/aweme/v1/play/dash/?video_id=v0d00fg10000cr43q9fog65og5nsso9g&line=0&file_id=4b96a9f342ed4c6f97fc51bba429f0f5&sign=0e88b66f0311c1e9feb53e49d2ff2e54&is_play_url=1&source=PackSourceEnum_PUBLISH'], 'width': 576, 'height': 1024, 'url_key': 'v0d00fg10000cr43q9fog65og5nsso9g_bytevc1_540p_190188', 'data_size': 3085794, 'file_hash': '0e88b66f0311c1e9feb53e49d2ff2e54'}, 'is_h265': 1, 'is_bytevc1': 1, 'HDR_type': '', 'HDR_bit': '', 'FPS': 30, 'video_extra': '{"PktOffsetMap":"","format":"dash","sub_info":"{\\"audio_channels\\":\\"2.0\\",\\"audio_layout\\":\\"C\\",\\"audio_sample_rate\\":\\"44100\\",\\"base_range_info\\":{\\"first_moof_range\\":\\"1396-3175\\",\\"index_range\\":\\"1136-1395\\",\\"init_range\\":\\"0-1135\\"},\\"check_info\\":{\\"check_info\\":\\"a:v0d00fg10000cr43q9fog65og5nsso9g|b:0-1395-3fed55d3dfd6e314a906ec5cddf71590|c:0-1395-002b\\"},\\"gear_des_key\\":\\"0:DASH|1:normal|2:h265_hvc1|4:540p|5:adapt|8:v1.9.0.5-ot|10000:105\\",\\"quality_type\\":28}","definition":"540p","quality":"adapt","quality_desc":"","file_id":"4b96a9f342ed4c6f97fc51bba429f0f5","real_bitrate":244772,"audio_file_id":"04e6b9689e63c2f19c482d2b89c53659","applog_map":{"feature_id":"c6de0308cacfd993ef282c8e1c646267"},"mvmaf":"{\\"mvmaf_sr_v1080\\":94.357,\\"mvmaf_sr_v960\\":96.305,\\"mvmaf_sr_v864\\":97.371,\\"mvmaf_sr_v720\\":98.909,\\"mvmaf_ori_v1080\\":83.988,\\"mvmaf_ori_v960\\":87.869,\\"mvmaf_ori_v864\\":89.003,\\"mvmaf_ori_v720\\":92.311}","audio_metrics":null,"audio_score":null}', 'format': 'dash'}], 'duration': 129845, 'play_addr_265': {'uri': 'v0d00fg10000cr43q9fog65og5nsso9g', 'url_list': ['https://v5-dy-o-abtest.zjcdn.com/9dbc4d5911f784326c65fadebdd51879/68f66e3a/video/tos/cn/tos-cn-ve-0015c800/ooKS7NHBkfbIB6EnBAIkwipeLeKAnLQGgcaCmH/?a=6383&ch=10010&cr=3&dr=0&lr=all&cd=0%7C0%7C0%7C3&cv=1&br=239&bt=239&cs=2&ds=6&ft=c2YTctGHQPRUZxfusdr~kwPqYldQIKDEE-TerrNqq_45a&mime_type=video_mp4&qs=11&rc=NzxkOjtlaTdmZTU8OjlnaEBpanJ2OHI5cjw2dTMzNGkzM0AxYDMvM2AxNjUxL2MvY2M1YSM2cGtkMmRjbjFgLS1kLWFzcw%3D%3D&btag=80000e00028000&cquery=100B_100H_100K_100o_101r&dy_q=1760969609&feature_id=c6de0308cacfd993ef282c8e1c646267&l=20251020221329FF810B6B17C3D024C6A3', 'https://v5-dy-o-abtest.zjcdn.com/9dbc4d5911f784326c65fadebdd51879/68f66e3a/video/tos/cn/tos-cn-ve-0015c800/ooKS7NHBkfbIB6EnBAIkwipeLeKAnLQGgcaCmH/?a=6383&ch=10010&cr=3&dr=0&lr=all&cd=0%7C0%7C0%7C3&cv=1&br=239&bt=239&cs=2&ds=6&ft=c2YTctGHQPRUZxfusdr~kwPqYldQIKDEE-TerrNqq_45a&mime_type=video_mp4&qs=11&rc=NzxkOjtlaTdmZTU8OjlnaEBpanJ2OHI5cjw2dTMzNGkzM0AxYDMvM2AxNjUxL2MvY2M1YSM2cGtkMmRjbjFgLS1kLWFzcw%3D%3D&btag=80000e00028000&cquery=101r_100B_100H_100K_100o&dy_q=1760969609&feature_id=c6de0308cacfd993ef282c8e1c646267&l=20251020221329FF810B6B17C3D024C6A3', 'https://www.douyin.com/aweme/v1/play/?video_id=v0d00fg10000cr43q9fog65og5nsso9g&line=0&file_id=8efdf627f9224b8c944fcb68276ac944&sign=a12cee5f22c127ddbbed57923bb1e43d&is_play_url=1&source=PackSourceEnum_PUBLISH'], 'width': 576, 'height': 1024, 'url_key': 'v0d00fg10000cr43q9fog65og5nsso9g_bytevc1_540p_244772', 'data_size': 3972806, 'file_hash': 'a12cee5f22c127ddbbed57923bb1e43d', 'file_cs': 'c:0-108285-8250'}, 'bit_rate_audio': [{'audio_meta': {'url_list': {'main_url': 'https://v5-dy-o-abtest.zjcdn.com/2f612f580b1f13e449c6c16679042616/68f7958a/video/tos/cn/tos-cn-ve-0015c800/oMwBAGpRmALHBPLeBAimbaNfgG7ckA2xIAeCAx/media-audio-und-mp4a/?a=6383&ch=0&cr=8&dr=0&er=1&lr=default&cd=0%7C0%7C0%7C3&cv=1&br=49&bt=49&cs=4&mime_type=video_mp4&qs=15&rc=PDk4PGVnO2Y0NTZoOzw5N0BpanJ2OHI5cjw2dTMzNGkzM0AyMGA1Ly8xNmNgMzYzX2ItYSM2cGtkMmRjbjFgLS1kLWFzcw%3D%3D&btag=80000e00028000&cquery=100o_101r&dy_q=1760969609&l=20251020221329FF810B6B17C3D024C6A3', 'backup_url': 'https://v5-dy-o-abtest.zjcdn.com/2f612f580b1f13e449c6c16679042616/68f7958a/video/tos/cn/tos-cn-ve-0015c800/oMwBAGpRmALHBPLeBAimbaNfgG7ckA2xIAeCAx/media-audio-und-mp4a/?a=6383&ch=0&cr=8&dr=0&er=1&lr=default&cd=0%7C0%7C0%7C3&cv=1&br=49&bt=49&cs=4&mime_type=video_mp4&qs=15&rc=PDk4PGVnO2Y0NTZoOzw5N0BpanJ2OHI5cjw2dTMzNGkzM0AyMGA1Ly8xNmNgMzYzX2ItYSM2cGtkMmRjbjFgLS1kLWFzcw%3D%3D&btag=80000e00028000&cquery=101r_100o&dy_q=1760969609&l=20251020221329FF810B6B17C3D024C6A3', 'fallback_url': 'https://www.douyin.com/aweme/v1/play/dash/?video_id=v0d00fg10000cr43q9fog65og5nsso9g&line=0&file_id=04e6b9689e63c2f19c482d2b89c53659&sign=04e6b9689e63c2f19c482d2b89c53659&is_play_url=1&source=PackSourceEnum_PUBLISH'}, 'encoded_type': 'normal', 'media_type': 'audio', 'logo_type': '', 'quality': 'adapt_lowest', 'quality_desc': '', 'format': 'dash', 'bitrate': 50986, 'codec_type': 'bytevc1', 'size': 827522, 'fps': 0, 'file_id': '04e6b9689e63c2f19c482d2b89c53659', 'file_hash': '04e6b9689e63c2f19c482d2b89c53659', 'sub_info': '{"audio_channels":"2.0","audio_layout":"C","audio_sample_rate":"44100","base_range_info":{"index_range":"866-1137","init_range":"0-865"},"check_info":{"check_info":"a:v0d00fg10000cr43q9fog65og5nsso9g|b:0-1137-7b74e35121f32a4b9369cc5396e6327d|c:0-1137-7d8a"},"gear_des_key":"0:dash|1:normal|2:bytevc1|5:adapt_lowest|10000:105"}'}, 'audio_quality': 5, 'audio_extra': '{"real_bitrate":301071}'}], 'play_addr_h264': {'uri': 'v0d00fg10000cr43q9fog65og5nsso9g', 'url_list': ['https://v5-dy-o-abtest.zjcdn.com/dc483a1d5465067d77583ad9db044b6c/68f66e3a/video/tos/cn/tos-cn-ve-0015c800/osYxPm7XfABSQtDlAbXI0AEgfF9cDyyKONEIAT/?a=6383&ch=10010&cr=3&dr=0&lr=all&cd=0%7C0%7C0%7C3&cv=1&br=689&bt=689&cs=0&ds=3&ft=c2YTctGHQPRUZxfusdr~kwPqYldQIKDEE-TerrNqq_45a&mime_type=video_mp4&qs=0&rc=M2ZkOTMzODs7M2ZpOjY8ZkBpanJ2OHI5cjw2dTMzNGkzM0BgMjZiYzUtNl8xM15eYDAuYSM2cGtkMmRjbjFgLS1kLWFzcw%3D%3D&btag=80000e00028000&cquery=100H_100K_100o_101r_100B&dy_q=1760969609&feature_id=2e1813f3872a2105acee44623dff2864&l=20251020221329FF810B6B17C3D024C6A3', 'https://v5-dy-o-abtest.zjcdn.com/dc483a1d5465067d77583ad9db044b6c/68f66e3a/video/tos/cn/tos-cn-ve-0015c800/osYxPm7XfABSQtDlAbXI0AEgfF9cDyyKONEIAT/?a=6383&ch=10010&cr=3&dr=0&lr=all&cd=0%7C0%7C0%7C3&cv=1&br=689&bt=689&cs=0&ds=3&ft=c2YTctGHQPRUZxfusdr~kwPqYldQIKDEE-TerrNqq_45a&mime_type=video_mp4&qs=0&rc=M2ZkOTMzODs7M2ZpOjY8ZkBpanJ2OHI5cjw2dTMzNGkzM0BgMjZiYzUtNl8xM15eYDAuYSM2cGtkMmRjbjFgLS1kLWFzcw%3D%3D&btag=80000e00028000&cquery=100B_100H_100K_100o_101r&dy_q=1760969609&feature_id=2e1813f3872a2105acee44623dff2864&l=20251020221329FF810B6B17C3D024C6A3', 'https://www.douyin.com/aweme/v1/play/?video_id=v0d00fg10000cr43q9fog65og5nsso9g&line=0&file_id=1c39c3a7af6c40b8980580f0e69a5cc0&sign=9ccd87167ab0f4d5678fca51850ddad1&is_play_url=1&source=PackSourceEnum_PUBLISH'], 'width': 720, 'height': 1280, 'url_key': 'v0d00fg10000cr43q9fog65og5nsso9g_h264_720p_705976', 'data_size': 11458445, 'file_hash': '9ccd87167ab0f4d5678fca51850ddad1', 'file_cs': 'c:0-142305-41f9'}, 'raw_cover': {'uri': 'tos-cn-i-dy/fca9b56d3e4646c894062d9b019a43a8', 'url_list': ['https://p3-pc-sign.douyinpic.com/tos-cn-i-dy/fca9b56d3e4646c894062d9b019a43a8~tplv-dy-cropcenter:323:430.jpeg?lk3s=138a59ce&x-expires=2076328800&x-signature=H8qfvE3JvHENYHxSiCRpa%2BYFdd4%3D&from=327834062&s=PackSourceEnum_PUBLISH&se=true&sh=323_430&sc=cover&biz_tag=pcweb_cover&l=20251020221329FF810B6B17C3D024C6A3', 'https://p3-pc-sign.douyinpic.com/obj/tos-cn-i-dy/fca9b56d3e4646c894062d9b019a43a8?lk3s=138a59ce&x-expires=2076328800&x-signature=nnXvGPIkqvUgbCY9LtgO8gPCf9A%3D&from=327834062&s=PackSourceEnum_PUBLISH&se=false&sc=cover&biz_tag=pcweb_cover&l=20251020221329FF810B6B17C3D024C6A3'], 'width': 720, 'height': 720}, 'is_long_video': 1, 'animated_cover': {'uri': 'tos-cn-i-dy/fca9b56d3e4646c894062d9b019a43a8', 'url_list': ['https://p3-pc-sign.douyinpic.com/obj/tos-cn-i-dy/fca9b56d3e4646c894062d9b019a43a8?lk3s=138a59ce&x-expires=1762178400&x-signature=aJhc%2FkCGOwoTIH3Me21%2B%2BwrAo%2Bw%3D&from=327834062_large&s=PackSourceEnum_PUBLISH&se=false&sc=dynamic_cover&biz_tag=pcweb_cover&l=20251020221329FF810B6B17C3D024C6A3', 'https://p9-pc-sign.douyinpic.com/obj/tos-cn-i-dy/fca9b56d3e4646c894062d9b019a43a8?lk3s=138a59ce&x-expires=1762178400&x-signature=tGDwtaV2oqvR9ynMYcKN%2F4u0D4g%3D&from=327834062_large&s=PackSourceEnum_PUBLISH&se=false&sc=dynamic_cover&biz_tag=pcweb_cover&l=20251020221329FF810B6B17C3D024C6A3']}, 'gaussian_cover': {'uri': 'tos-cn-p-0015/ogDAtyAbAFOTABNyfmxl9jg40EIWfAYDIIPUgT', 'url_list': ['https://p3-pc-sign.douyinpic.com/tos-cn-p-0015/ogDAtyAbAFOTABNyfmxl9jg40EIWfAYDIIPUgT~tplv-tsj2vxp0zn-gaosi:40.jpeg?lk3s=138a59ce&x-expires=1792504800&x-signature=qNeVG1xvMcUmWAyorjp9MVivLjI%3D&from=327834062', 'https://p9-pc-sign.douyinpic.com/tos-cn-p-0015/ogDAtyAbAFOTABNyfmxl9jg40EIWfAYDIIPUgT~tplv-tsj2vxp0zn-gaosi:40.jpeg?lk3s=138a59ce&x-expires=1792504800&x-signature=rhal03L5HlLfaFXa1eNLDgPcGYw%3D&from=327834062'], 'width': 720, 'height': 720}, 'meta': '{"enable_manual_ladder":"1","format":"mp4","gear_vqm":"{\\"1080p_720p\\":2,\\"720p_540p\\":0}","hrids":"500000002","is_spatial_video":"0","isad":"0","loudness":"-21.2","peak":"1","qprf":"1.000","sdgs":"[\\"normal_720_0\\",\\"low_720_0\\",\\"low_540_0\\",\\"adapt_low_540_0\\",\\"adapt_lowest_1080_1\\",\\"adapt_lowest_720_1\\",\\"adapt_540_1\\"]","sr_score":"1.000","strategy_tokens":"[\\"online\\",\\"strategy_iteration_ab02_0809\\",\\"strategy_iteration_ab01_0809\\"]","title_info":"{\\"bottom_res_add\\":[1.68,18.36,56.54,61.6,59.73,43.46,20.13,3.04,3.18,0.45,0.45,0.55,0,0,0.55],\\"bullet_zone\\":11.91,\\"progress_bar\\":[0.4,0.43,0.45],\\"ratio_br_l\\":[0,0,0,0,0,0],\\"ratio_edge_l\\":[0.02,0.01,0.15,0.31,0.32,0.27],\\"top_res_add\\":[0,0,2.55,41.73,36.5,3.91,0.45],\\"version\\":\\"v1.0\\"}","volume_info":"{\\"LoudnessRangeStart\\":-29.1,\\"Metrics\\":{\\"Phase\\":{\\"RMSDownmixDiff\\":0},\\"RMSStats\\":{\\"LTotal\\":-25.208,\\"Peak\\":-0.005,\\"RTotal\\":-25.21,\\"LRDiff\\":0.001},\\"Version\\":\\"1.4.2\\",\\"Loudness\\":{\\"Integrated\\":-21.245}},\\"Peak\\":1,\\"LoudnessRange\\":11.4,\\"LoudnessRangeEnd\\":-17.7,\\"MaximumMomentaryLoudness\\":-8.7,\\"MaximumShortTermLoudness\\":-16.2,\\"Version\\":2,\\"Loudness\\":-21.2}","vqs_origin":"0"}', 'video_model': '', 'is_source_HDR': 0, 'use_static_cover': True, 'big_thumbs': [{'img_num': 65, 'uri': 'tos-cn-p-0015/oEfaEAAFOILxP9DgACAyY0IDPTPlDfkBNWZmtI', 'img_url': 'https://p3-sign.douyinpic.com/tos-cn-p-0015/oEfaEAAFOILxP9DgACAyY0IDPTPlDfkBNWZmtI~tplv-noop.image?cquery=101r_100B_100H_100K_100o&dy_q=1760969609&l=20251020221329FF810B6B17C3D024C6A3&x-expires=1760980538&x-signature=t1L71S%2BNvhgEbOXM9p2sy7QMASQ%3D', 'img_x_size': 136, 'img_y_size': 240, 'img_x_len': 5, 'img_y_len': 5, 'duration': 129.8, 'interval': 2, 'fext': 'jpg', 'uris': ['tos-cn-p-0015/oEfaEAAFOILxP9DgACAyY0IDPTPlDfkBNWZmtI', 'tos-cn-p-0015/o0gbAkGNQgNlLM5pfaeC7BL3sihCeHB8AIBM5g', 'tos-cn-p-0015/oEFIgExC90fImAPfI3TyvDWwtYEDABFlNACA2O'], 'img_urls': ['https://p3-sign.douyinpic.com/tos-cn-p-0015/oEfaEAAFOILxP9DgACAyY0IDPTPlDfkBNWZmtI~tplv-noop.image?cquery=101r_100B_100H_100K_100o&dy_q=1760969609&l=20251020221329FF810B6B17C3D024C6A3&x-expires=1760980538&x-signature=t1L71S%2BNvhgEbOXM9p2sy7QMASQ%3D', 'https://p3-sign.douyinpic.com/tos-cn-p-0015/o0gbAkGNQgNlLM5pfaeC7BL3sihCeHB8AIBM5g~tplv-noop.image?cquery=100H_100K_100o_101r_100B&dy_q=1760969609&l=20251020221329FF810B6B17C3D024C6A3&x-expires=1760980538&x-signature=r6NxEJfgPUHcXkZRxNgWPqtgXKQ%3D', 'https://p3-sign.douyinpic.com/tos-cn-p-0015/oEFIgExC90fImAPfI3TyvDWwtYEDABFlNACA2O~tplv-noop.image?cquery=101r_100B_100H_100K_100o&dy_q=1760969609&l=20251020221329FF810B6B17C3D024C6A3&x-expires=1760980538&x-signature=CqAqO%2B6TxsxvUVaNhOdSHYuaLXo%3D']}]}, 'item_aigc_follow_shot': 1, 'user_digged': 0, 'statistics': {'recommend_count': 1, 'comment_count': 3, 'digg_count': 64, 'admire_count': 0, 'play_count': 0, 'share_count': 6, 'collect_count': 12}, 'status': {'not_allow_soft_del_reason': 'ab', 'is_delete': False, 'allow_share': True, 'review_result': {'review_status': 0}, 'allow_friend_recommend_guide': True, 'part_see': 0, 'private_status': 0, 'listen_video_status': 2, 'in_reviewing': False, 'allow_self_recommend_to_friend': True, 'allow_friend_recommend': True, 'is_prohibited': False, 'enable_soft_delete': 0}, 'flash_mob_trends': 0, 'text_extra': [{'start': 18, 'end': 23, 'type': 1, 'hashtag_name': '父母课堂', 'hashtag_id': '1600624540786695', 'is_commerce': False, 'caption_start': 18, 'caption_end': 23}, {'start': 25, 'end': 30, 'type': 1, 'hashtag_name': '幼儿教育', 'hashtag_id': '1591352385275918', 'is_commerce': False, 'caption_start': 25, 'caption_end': 30}, {'start': 32, 'end': 37, 'type': 1, 'hashtag_name': '亲子关系', 'hashtag_id': '1595199377513476', 'is_commerce': False, 'caption_start': 32, 'caption_end': 37}, {'start': 39, 'end': 42, 'type': 1, 'hashtag_name': '育儿', 'hashtag_id': '1767586940916743', 'is_commerce': False, 'caption_start': 39, 'caption_end': 42}], 'is_top': 0, 'mv_info': None, 'share_info': {'share_url': 'https://www.iesdouyin.com/share/video/7406236896176655642/?region=US&mid=7406236926149282587&u_code=0&did=MS4wLjABAAAAvCMmrvAxedjvycgJ9K0iX5KdtDHpyq-etIWoeicy6xniB0XMxRYv3S-CyP_GdsPs&iid=MS4wLjABAAAANwkJuWIRFOzg5uCpDRpMj4OX-QryoDgn-yYlXQnRwQQ&with_sec_did=1&video_share_track_ver=&titleType=title&share_sign=reH_YxdWJldA6DMIT32xzSL0lEbtlRGZwt2xT1t5BBg-&share_version=290100&ts=1760969609&from_aid=6383&from_ssr=1&share_track_info=%7B%22link_description_type%22%3A%22%22%7D', 'share_link_desc': '5.15 B@t.Rx jPK:/ 09/02 意识与选择：上野千鹤子对话北大女生 # 父母课堂 # 幼儿教育 # 亲子关系 # 育儿  %s 复制此链接，打开Dou音搜索，直接观看视频！'}, 'caption_template_id': 0, 'video_labels': None, 'shoot_way': '', 'is_ads': False, 'duration': 129845, 'aweme_type': 0, 'is_new_text_mode': 0, 'ai_follow_images': None, 'image_infos': None, 'risk_infos': {'vote': False, 'warn': False, 'risk_sink': False, 'type': 0, 'content': ''}, 'entertainment_video_type': 3, 'chapter_bar_color': None, 'position': None, 'uniqid_position': None, 'comment_list': None, 'author_user_id': 1965574329213736, 'product_genre_info': {'product_genre_type': 2, 'material_genre_sub_type_set': [4], 'special_info': {'recommend_group_name': 0}}, 'geofencing': [], 'is_from_ad_auth': False, 'is_moment_story': 0, 'region': '', 'video_text': None, 'video_share_edit_status': 0, 'collect_stat': 0, 'label_top_text': None, 'promotions': [], 'group_id': '7406236896176655642', 'prevent_download': False, 'nickname_position': None, 'challenge_position': None, 'trends_event_track': '{}', 'enable_comment_sticker_rec': False, 'mark_largely_following': False, 'long_video': None, 'aweme_listen_struct': {'trace_info': '{"copyright_not_speech":"false","copyright_reason":"has_listen_cp_new","copyright_tag_hit":"","copyright_use_aed_default":"false","copyright_use_tag_default":"false","cp_ab":"true","desc":"","duration_over":"false","hit_high_risk":"false","media_type":"4","reason":"hit_ab_0","show":"false"}'}, 'component_control': {'data_source_url': '/aweme/v1/web/aweme/post/'}, 'friend_recommend_info': {'friend_recommend_source': 10, 'label_user_list': None, 'disable_friend_recommend_guide_label': False}, 'nearby_hot_comment': None, 'interaction_stickers': None, 'can_cache_to_local': True, 'origin_comment_ids': None, 'commerce_config_data': None, 'douplus_user_type': 0, 'video_control': {'allow_download': False, 'share_type': 0, 'show_progress_bar': 1, 'draft_progress_bar': 1, 'allow_duet': True, 'allow_react': False, 'prevent_download_type': 2, 'allow_dynamic_wallpaper': False, 'timer_status': 1, 'allow_music': True, 'allow_stitch': False, 'allow_douplus': True, 'allow_share': True, 'share_grayed': False, 'download_ignore_visibility': False, 'duet_ignore_visibility': False, 'share_ignore_visibility': False, 'download_info': {'level': 1, 'fail_info': {'code': 290002, 'reason': 'isolation_content', 'msg': '视频暂时无法保存，链接已复制'}}, 'duet_info': {'level': 0}, 'allow_record': True, 'disable_record_reason': '', 'timer_info': {}}, 'aweme_control': {'can_forward': True, 'can_share': True, 'can_comment': True, 'can_show_comment': True}, 'interest_points': None, 'is_25_story': 0, 'aweme_type_tags': '', 'entertainment_video_paid_way': {'paid_ways': [], 'paid_type': 0, 'enable_use_new_ent_data': False}, 'anchors': None, 'hybrid_label': None, 'geofencing_regions': None, 'select_anchor_expanded_content': 0, 'aweme_acl': {'download_mask_panel': {'code': 1, 'show_type': 0}}, 'ent_log_extra': {'log_extra': '{"global_log_extra":null,"page_log_extra":null,"aweme_log_extra":{"ce_current_group_id":"7406236896176655642","author_id":"1965574329213736"},"extra_log_extra":null}'}, 'is_story': 0, 'publish_plus_alienation': {'alienation_type': 0}, 'trends_infos': None, 'follow_shot_assets': None, 'cover_labels': None, 'series_basic_info': {}, 'origin_duet_resource_uri': '', 'guide_btn_type': 0, 'cf_assets_type': 0, 'personal_page_botton_diagnose_style': 0, 'images': None, 'relation_labels': None, 'is_moment_history': 0, 'impression_data': {'group_id_list_a': [], 'group_id_list_b': [], 'similar_id_list_a': None, 'similar_id_list_b': None, 'group_id_list_c': [], 'group_id_list_d': []}, 'game_tag_info': {'is_game': False}, 'is_24_story': 0, 'libfinsert_task_id': '', 'social_tag_list': None, 'suggest_words': {'suggest_words': [{'words': [], 'scene': 'detail_inbox_rex', 'icon_url': '', 'hint_text': '', 'extra_info': '{}'}]}, 'show_follow_button': {}, 'duet_aggregate_in_music_tab': False, 'is_duet_sing': False, 'comment_permission_info': {'comment_permission_status': 0, 'can_comment': True, 'item_detail_entry': False, 'press_entry': False, 'toast_guide': False}, 'original_images': None, 'series_paid_info': {'series_paid_status': 0, 'item_price': 0}, 'img_bitrate': None, 'comment_gid': 7406236896176655642, 'image_album_music_info': {'begin_time': -1, 'end_time': -1, 'volume': -1}, 'video_tag': [{'tag_id': 2024, 'tag_name': '亲子', 'level': 1}, {'tag_id': 2024006, 'tag_name': '母婴', 'level': 2}, {'tag_id': 2024006003, 'tag_name': '育儿知识', 'level': 3}], 'is_collects_selected': 0, 'chapter_list': None, 'feed_comment_config': {'input_config_text': '善语结善缘，恶言伤人心', 'author_audit_status': 0, 'common_flags': '{"hashtag":"[{\\"name\\":\\"育儿\\",\\"id\\":1767586940916743},{\\"name\\":\\"父母课堂\\",\\"id\\":1600624540786695},{\\"name\\":\\"幼儿教育\\",\\"id\\":1591352385275918},{\\"name\\":\\"亲子关系\\",\\"id\\":1595199377513476}]","item_author_nickname":"孙瑞雪聊教育","video_labels_v2_tag1":"母婴","video_labels_v2_tag2":"育儿理念"}'}, 'is_image_beat': False, 'dislike_dimension_list': None, 'standard_bar_info_list': None, 'photo_search_entrance': {'ecom_type': 0}, 'is_life_item': False, 'image_list': None, 'component_info_v2': '{"desc_lines_limit":0,"hide_marquee":false}', 'item_warn_notification': {'type': 0, 'show': False, 'content': ''}, 'origin_text_extra': None, 'disable_relation_bar': 0, 'packed_clips': None, 'author_mask_tag': 0, 'user_recommend_status': 1, 'collection_corner_mark': 0, 'is_share_post': False, 'image_comment': {}, 'visual_search_info': {'is_show_img_entrance': False, 'is_ecom_img': False, 'is_high_accuracy_ecom': False, 'is_high_recall_ecom': False}, 'tts_id_list': None, 'ref_tts_id_list': None, 'voice_modify_id_list': None, 'ref_voice_modify_id_list': None, 'authentication_token': 'MS4wLjAAAAAAeVBcs2uZtJuCHXioN_UjMIHZLU8Sq0YkGMVh79gZJ7FrOiGxiC7zNYJMmJHA1_pgZOqCFFU1p7yIFv4QnLfyZesQLq64gLWjdAu_lSwOZV4EIZyEYRnKu4PLFmKHD4bytHVOBmR5Xsixvwt77tv-OLC43fK6QUayQRReKkatcgVkz-98UwX4vVvp0m4kq2PTZCDVjZc3qHtoLFI9ItA_dp3akzZwupFqR4JAriu9sJ64SZvX2BcpqkpOwbp3ezxG', 'video_game_data_channel_config': {}, 'dislike_dimension_list_v2': None, 'distribute_circle': {'distribute_type': 0, 'campus_block_interaction': False, 'is_campus': False}, 'image_crop_ctrl': 0, 'yumme_recreason': None, 'slides_music_beats': None, 'jump_tab_info_list': None, 'media_type': 4, 'reply_smart_emojis': None, 'activity_video_type': -1, 'boost_status': 0, 'create_scale_type': None, 'entertainment_product_info': {'sub_title': None, 'market_info': {'limit_free': {'in_free': False}, 'marketing_tag': None}}, 'caption': '意识与选择：上野千鹤子对话北大女生 #父母课堂  #幼儿教育  #亲子关系  #育儿', 'item_title': '', 'is_use_music': False, 'original': 0, 'xigua_base_info': {'status': 0, 'star_altar_order_id': 0, 'star_altar_type': 0, 'item_id': 0}}, {'aweme_id': '7406236630928903461', 'desc': '如何培养儿童抵御他人侵犯的能力？  #幼儿教育  #亲子关系  #父母成长  #家庭教育  #育儿', 'create_time': 1724924400, 'author': {'uid': '1965574329213736', 'card_entries_not_display': None, 'nickname': '孙瑞雪聊教育', 'personal_tag_list': None, 'homepage_bottom_toast': None, 'avatar_thumb': {'uri': '100x100/aweme-avatar/tos-cn-avt-0015_afee5b125df955a19af4c41159ad1295', 'url_list': ['https://p3-pc.douyinpic.com/aweme/100x100/aweme-avatar/tos-cn-avt-0015_afee5b125df955a19af4c41159ad1295.jpeg?from=327834062'], 'width': 720, 'height': 720}, 'batch_unfollow_contain_tabs': None, 'not_seen_item_id_list': None, 'follow_status': 0, 'contrail_list': None, 'story_interactive': 0, 'data_label_list': None, 'custom_verify': '', 'follower_list_secondary_information_struct': None, 'display_info': None, 'interest_tags': None, 'account_cert_info': '{}', 'user_tags': None, 'share_info': {'share_url': '', 'share_weibo_desc': '', 'share_desc': '', 'share_title': '', 'share_qrcode_url': {'uri': '31b0500316c4e154852bc', 'url_list': ['https://p3-pc-sign.douyinpic.com/obj/31b0500316c4e154852bc?lk3s=138a59ce&x-expires=1760990400&x-signature=VnOegD8kfOkclbkCT%2BIUAVSkQl4%3D&from=327834062'], 'width': 720, 'height': 720}, 'share_title_myself': '', 'share_title_other': '', 'share_desc_info': ''}, 'can_set_geofencing': None, 'sec_uid': 'MS4wLjABAAAAnAFnkWlOm9jteymsi42fanYLMzfbqdGIwCILEUqDNmFyjfK9N8fSJdS_D2UWk_we', 'need_points': None, 'enterprise_verify_reason': '', 'is_ad_fake': False, 'story_ttl': 0, 'user_permissions': None, 'card_entries': None, 'creator_tag_list': None, 'offline_info_list': None, 'text_extra': None, 'card_sort_priority': None, 'prevent_download': False, 'special_people_labels': None, 'white_cover_url': None, 'endorsement_info_list': None, 'follower_status': 0, 'profile_mob_params': None, 'familiar_visitor_user': None, 'avatar_schema_list': None, 'cover_url': [{'uri': 'c8510002be9a3a61aad2', 'url_list': ['https://p3-pc-sign.douyinpic.com/obj/c8510002be9a3a61aad2?lk3s=138a59ce&x-expires=1762178400&x-signature=bEz6E0nbTH1458RtDsUU87G74Mk%3D&from=327834062'], 'width': 720, 'height': 720}], 'cf_list': None, 'im_role_ids': None, 'not_seen_item_id_list_v2': None, 'signature_extra': None, 'risk_notice_text': '', 'ban_user_functions': None, 'profile_component_disabled': None, 'verification_permission_ids': None, 'identity_labels': None, 'private_relation_list': None, 'link_item_list': None, 'batch_unfollow_relation_desc': None}, 'music': {'id': 7406236465841621771, 'id_str': '7406236465841621771', 'title': '@孙瑞雪聊教育创作的原声', 'author': '孙瑞雪聊教育', 'album': '', 'cover_hd': {'uri': '1080x1080/aweme-avatar/tos-cn-avt-0015_afee5b125df955a19af4c41159ad1295', 'url_list': ['https://p3-pc.douyinpic.com/aweme/1080x1080/aweme-avatar/tos-cn-avt-0015_afee5b125df955a19af4c41159ad1295.jpeg?from=327834062'], 'width': 720, 'height': 720}, 'cover_large': {'uri': '1080x1080/aweme-avatar/tos-cn-avt-0015_afee5b125df955a19af4c41159ad1295', 'url_list': ['https://p3-pc.douyinpic.com/aweme/1080x1080/aweme-avatar/tos-cn-avt-0015_afee5b125df955a19af4c41159ad1295.jpeg?from=327834062'], 'width': 720, 'height': 720}, 'cover_medium': {'uri': '720x720/aweme-avatar/tos-cn-avt-0015_afee5b125df955a19af4c41159ad1295', 'url_list': ['https://p3-pc.douyinpic.com/aweme/720x720/aweme-avatar/tos-cn-avt-0015_afee5b125df955a19af4c41159ad1295.jpeg?from=327834062'], 'width': 720, 'height': 720}, 'cover_thumb': {'uri': '100x100/aweme-avatar/tos-cn-avt-0015_afee5b125df955a19af4c41159ad1295', 'url_list': ['https://p3-pc.douyinpic.com/aweme/100x100/aweme-avatar/tos-cn-avt-0015_afee5b125df955a19af4c41159ad1295.jpeg?from=327834062'], 'width': 720, 'height': 720}, 'play_url': {'uri': 'https://sf5-hl-cdn-tos.douyinstatic.com/obj/ies-music/7406236814933117737.mp3', 'url_list': ['https://sf5-hl-cdn-tos.douyinstatic.com/obj/ies-music/7406236814933117737.mp3', 'https://sf3-cdn-tos.douyinstatic.com/obj/ies-music/7406236814933117737.mp3'], 'width': 720, 'height': 720, 'url_key': '7406236465841621771'}, 'schema_url': '', 'source_platform': 23, 'start_time': 0, 'end_time': 0, 'duration': 256, 'extra': '{"aed_music_score":0.01,"aed_singing_score":0.07,"aggregate_exempt_conf":[],"beats":{},"cover_colors":null,"douyin_beats_info":{},"dsp_switch":0,"extract_item_id":7406236630928903461,"has_edited":0,"hit_high_follow_auto":false,"hit_high_follow_extend":false,"hit_high_follow_original":false,"hotsoon_review_time":-1,"is_aed_music":0,"is_high_follow_user":false,"is_red":0,"is_subsidy_exp":false,"music_label_id":null,"music_tagging":{"AEDs":null,"Genres":null,"Instruments":null,"Languages":null,"Moods":null,"SingingVersions":null,"Themes":null},"review_unshelve_reason":0,"reviewed":0,"schedule_search_time":0,"uniqa_speech_score":0.54,"with_aed_model":1}', 'user_count': 0, 'position': None, 'collect_stat': 0, 'status': 1, 'offline_desc': '', 'owner_id': '1965574329213736', 'owner_nickname': '孙瑞雪聊教育', 'is_original': False, 'mid': '7406236465841621771', 'binded_challenge_id': 0, 'redirect': False, 'is_restricted': False, 'author_deleted': False, 'is_del_video': False, 'is_video_self_see': False, 'owner_handle': '63566855132', 'author_position': None, 'prevent_download': False, 'unshelve_countries': None, 'prevent_item_download_status': 0, 'external_song_info': [], 'sec_uid': 'MS4wLjABAAAAnAFnkWlOm9jteymsi42fanYLMzfbqdGIwCILEUqDNmFyjfK9N8fSJdS_D2UWk_we', 'avatar_thumb': {'uri': '100x100/aweme-avatar/tos-cn-avt-0015_afee5b125df955a19af4c41159ad1295', 'url_list': ['https://p3-pc.douyinpic.com/aweme/100x100/aweme-avatar/tos-cn-avt-0015_afee5b125df955a19af4c41159ad1295.jpeg?from=327834062'], 'width': 720, 'height': 720}, 'avatar_medium': {'uri': '720x720/aweme-avatar/tos-cn-avt-0015_afee5b125df955a19af4c41159ad1295', 'url_list': ['https://p3-pc.douyinpic.com/aweme/720x720/aweme-avatar/tos-cn-avt-0015_afee5b125df955a19af4c41159ad1295.jpeg?from=327834062'], 'width': 720, 'height': 720}, 'avatar_large': {'uri': '1080x1080/aweme-avatar/tos-cn-avt-0015_afee5b125df955a19af4c41159ad1295', 'url_list': ['https://p3-pc.douyinpic.com/aweme/1080x1080/aweme-avatar/tos-cn-avt-0015_afee5b125df955a19af4c41159ad1295.jpeg?from=327834062'], 'width': 720, 'height': 720}, 'preview_start_time': 0, 'preview_end_time': 0, 'is_commerce_music': False, 'is_original_sound': True, 'audition_duration': 256, 'shoot_duration': 256, 'reason_type': 0, 'artists': [], 'lyric_short_position': None, 'mute_share': False, 'tag_list': None, 'dmv_auto_show': False, 'is_pgc': False, 'is_matched_metadata': False, 'is_audio_url_with_cookie': False, 'music_chart_ranks': None, 'can_background_play': True, 'music_status': 1, 'video_duration': 256, 'pgc_music_type': 2, 'author_status': 1, 'search_impr': {'entity_id': '7406236465841621771'}, 'artist_user_infos': None, 'dsp_status': 10, 'musician_user_infos': None, 'music_collect_count': 0, 'music_cover_atmosphere_color_value': '', 'show_origin_clip': False}, 'effect_inflow_effects': None, 'video': {'play_addr': {'uri': 'v0d00fg10000cr43pqvog65of1vj80pg', 'url_list': ['https://v5-dy-o-abtest.zjcdn.com/115c5e86aa16f9fc5e101ef5d478d8a2/68f66eb9/video/tos/cn/tos-cn-ve-0015c800/ooc2YgAmAhbCgYD5iEgOG0uefIZeeC4PH1A8Ov/?a=6383&ch=10010&cr=3&dr=0&lr=all&cd=0%7C0%7C0%7C3&cv=1&br=753&bt=753&cs=0&ds=3&ft=c2YTctGHQPRUZxfusdr~kwPqYldQIKDEE-TerrNqq_45a&mime_type=video_mp4&qs=0&rc=Z2loZDk1PGhpN2k8ZGg3O0BpajNtNHI5cnQ2dTMzNGkzM0AuMDZiXi1gXy0xMGAwMy42YSNtNXNjMmRzbTFgLS1kLWFzcw%3D%3D&btag=80000e00030000&cquery=100o_101r_100B_100H_100K&dy_q=1760969609&feature_id=2e1813f3872a2105acee44623dff2864&l=20251020221329FF810B6B17C3D024C6A3', 'https://v5-dy-o-abtest.zjcdn.com/115c5e86aa16f9fc5e101ef5d478d8a2/68f66eb9/video/tos/cn/tos-cn-ve-0015c800/ooc2YgAmAhbCgYD5iEgOG0uefIZeeC4PH1A8Ov/?a=6383&ch=10010&cr=3&dr=0&lr=all&cd=0%7C0%7C0%7C3&cv=1&br=753&bt=753&cs=0&ds=3&ft=c2YTctGHQPRUZxfusdr~kwPqYldQIKDEE-TerrNqq_45a&mime_type=video_mp4&qs=0&rc=Z2loZDk1PGhpN2k8ZGg3O0BpajNtNHI5cnQ2dTMzNGkzM0AuMDZiXi1gXy0xMGAwMy42YSNtNXNjMmRzbTFgLS1kLWFzcw%3D%3D&btag=80000e00030000&cquery=100K_100o_101r_100B_100H&dy_q=1760969609&feature_id=2e1813f3872a2105acee44623dff2864&l=20251020221329FF810B6B17C3D024C6A3', 'https://www.douyin.com/aweme/v1/play/?video_id=v0d00fg10000cr43pqvog65of1vj80pg&line=0&file_id=98146e3ac93f440fbec902a6ea9e3f1d&sign=104b3ca0590729360c72c83575f544c0&is_play_url=1&source=PackSourceEnum_PUBLISH'], 'width': 720, 'height': 1280, 'url_key': 'v0d00fg10000cr43pqvog65of1vj80pg_h264_720p_771594', 'data_size': 24700676, 'file_hash': '104b3ca0590729360c72c83575f544c0', 'file_cs': 'c:0-279301-081a'}, 'cover': {'uri': 'tos-cn-i-dy/80377341f671498dadb9dd412b27ee37', 'url_list': ['https://p3-pc-sign.douyinpic.com/tos-cn-i-dy/80377341f671498dadb9dd412b27ee37~tplv-dy-cropcenter:323:430.jpeg?lk3s=138a59ce&x-expires=2076328800&x-signature=twCv%2B5r%2FAY%2Fn3rHk2%2FpEEIWdnOg%3D&from=327834062&s=PackSourceEnum_PUBLISH&se=true&sh=323_430&sc=cover&biz_tag=pcweb_cover&l=20251020221329FF810B6B17C3D024C6A3', 'https://p3-pc-sign.douyinpic.com/obj/tos-cn-i-dy/80377341f671498dadb9dd412b27ee37?lk3s=138a59ce&x-expires=2076328800&x-signature=QUpC3s9PPbnig%2FCMnHXCDFOBtcM%3D&from=327834062&s=PackSourceEnum_PUBLISH&se=false&sc=cover&biz_tag=pcweb_cover&l=20251020221329FF810B6B17C3D024C6A3'], 'width': 720, 'height': 720}, 'height': 1920, 'width': 1080, 'dynamic_cover': {'uri': 'tos-cn-i-dy/80377341f671498dadb9dd412b27ee37', 'url_list': ['https://p3-pc-sign.douyinpic.com/obj/tos-cn-i-dy/80377341f671498dadb9dd412b27ee37?lk3s=138a59ce&x-expires=1762178400&x-signature=Fx%2FK5GpgGlETV8vOuS7Kk377Wy4%3D&from=327834062_large&s=PackSourceEnum_PUBLISH&se=false&sc=dynamic_cover&biz_tag=pcweb_cover&l=20251020221329FF810B6B17C3D024C6A3', 'https://p9-pc-sign.douyinpic.com/obj/tos-cn-i-dy/80377341f671498dadb9dd412b27ee37?lk3s=138a59ce&x-expires=1762178400&x-signature=H5wJxSGcM8EA%2FuzpYTvpeDCxl%2FM%3D&from=327834062_large&s=PackSourceEnum_PUBLISH&se=false&sc=dynamic_cover&biz_tag=pcweb_cover&l=20251020221329FF810B6B17C3D024C6A3'], 'width': 720, 'height': 720}, 'origin_cover': {'uri': 'tos-cn-p-0015/o8e0BaDrIFAzI2ByzAEN0PA3AwDrf98ImHRrgA', 'url_list': ['https://p3-pc-sign.douyinpic.com/tos-cn-p-0015/o8e0BaDrIFAzI2ByzAEN0PA3AwDrf98ImHRrgA~tplv-dy-360p.jpeg?lk3s=138a59ce&x-expires=1762178400&x-signature=kvFrCgoUlYTjTAS4XZ3N4eYpyRA%3D&from=327834062&s=PackSourceEnum_PUBLISH&se=false&sc=origin_cover&biz_tag=pcweb_cover&l=20251020221329FF810B6B17C3D024C6A3', 'https://p9-pc-sign.douyinpic.com/tos-cn-p-0015/o8e0BaDrIFAzI2ByzAEN0PA3AwDrf98ImHRrgA~tplv-dy-360p.jpeg?lk3s=138a59ce&x-expires=1762178400&x-signature=jB%2BUTl%2Fmzoqd85Z%2F3pS2ax8Mbvo%3D&from=327834062&s=PackSourceEnum_PUBLISH&se=false&sc=origin_cover&biz_tag=pcweb_cover&l=20251020221329FF810B6B17C3D024C6A3'], 'width': 360, 'height': 640}, 'ratio': '720p', 'format': 'mp4', 'audio': {'original_sound_infos': None}, 'bit_rate': [{'gear_name': 'normal_720_0', 'quality_type': 10, 'bit_rate': 771594, 'play_addr': {'uri': 'v0d00fg10000cr43pqvog65of1vj80pg', 'url_list': ['https://v5-dy-o-abtest.zjcdn.com/115c5e86aa16f9fc5e101ef5d478d8a2/68f66eb9/video/tos/cn/tos-cn-ve-0015c800/ooc2YgAmAhbCgYD5iEgOG0uefIZeeC4PH1A8Ov/?a=6383&ch=10010&cr=3&dr=0&lr=all&cd=0%7C0%7C0%7C3&cv=1&br=753&bt=753&cs=0&ds=3&ft=c2YTctGHQPRUZxfusdr~kwPqYldQIKDEE-TerrNqq_45a&mime_type=video_mp4&qs=0&rc=Z2loZDk1PGhpN2k8ZGg3O0BpajNtNHI5cnQ2dTMzNGkzM0AuMDZiXi1gXy0xMGAwMy42YSNtNXNjMmRzbTFgLS1kLWFzcw%3D%3D&btag=80000e00030000&cquery=100o_101r_100B_100H_100K&dy_q=1760969609&feature_id=2e1813f3872a2105acee44623dff2864&l=20251020221329FF810B6B17C3D024C6A3', 'https://v5-dy-o-abtest.zjcdn.com/115c5e86aa16f9fc5e101ef5d478d8a2/68f66eb9/video/tos/cn/tos-cn-ve-0015c800/ooc2YgAmAhbCgYD5iEgOG0uefIZeeC4PH1A8Ov/?a=6383&ch=10010&cr=3&dr=0&lr=all&cd=0%7C0%7C0%7C3&cv=1&br=753&bt=753&cs=0&ds=3&ft=c2YTctGHQPRUZxfusdr~kwPqYldQIKDEE-TerrNqq_45a&mime_type=video_mp4&qs=0&rc=Z2loZDk1PGhpN2k8ZGg3O0BpajNtNHI5cnQ2dTMzNGkzM0AuMDZiXi1gXy0xMGAwMy42YSNtNXNjMmRzbTFgLS1kLWFzcw%3D%3D&btag=80000e00030000&cquery=100K_100o_101r_100B_100H&dy_q=1760969609&feature_id=2e1813f3872a2105acee44623dff2864&l=20251020221329FF810B6B17C3D024C6A3', 'https://www.douyin.com/aweme/v1/play/?video_id=v0d00fg10000cr43pqvog65of1vj80pg&line=0&file_id=98146e3ac93f440fbec902a6ea9e3f1d&sign=104b3ca0590729360c72c83575f544c0&is_play_url=1&source=PackSourceEnum_PUBLISH'], 'width': 720, 'height': 1280, 'url_key': 'v0d00fg10000cr43pqvog65of1vj80pg_h264_720p_771594', 'data_size': 24700676, 'file_hash': '104b3ca0590729360c72c83575f544c0', 'file_cs': 'c:0-279301-081a'}, 'is_h265': 0, 'is_bytevc1': 0, 'HDR_type': '', 'HDR_bit': '', 'FPS': 30, 'video_extra': '{"PktOffsetMap":"[{\\"time\\": 1, \\"offset\\": 499064}, {\\"time\\": 2, \\"offset\\": 631421}, {\\"time\\": 3, \\"offset\\": 728254}, {\\"time\\": 4, \\"offset\\": 819554}, {\\"time\\": 5, \\"offset\\": 975257}, {\\"time\\": 10, \\"offset\\": 1340331}]","format":"mp4","definition":"720p","quality":"normal","file_id":"98146e3ac93f440fbec902a6ea9e3f1d","applog_map":{"feature_id":"2e1813f3872a2105acee44623dff2864"},"audio_channels":"2.0","audio_sample_rate":"44100","audio_metrics":null,"audio_score":null}', 'format': 'mp4'}, {'gear_name': 'low_720_0', 'quality_type': 211, 'bit_rate': 687126, 'play_addr': {'uri': 'v0d00fg10000cr43pqvog65of1vj80pg', 'url_list': ['https://v5-dy-o-abtest.zjcdn.com/a940ccf15a94956d382089b9158ae265/68f66eb9/video/tos/cn/tos-cn-ve-0015c800/owuAmfDQogH9DipIg5wEArBNUAyFQsYPmBz8en/?a=6383&ch=10010&cr=3&dr=0&lr=all&cd=0%7C0%7C0%7C3&cv=1&br=671&bt=671&cs=0&ds=3&ft=c2YTctGHQPRUZxfusdr~kwPqYldQIKDEE-TerrNqq_45a&mime_type=video_mp4&qs=1&rc=aWhoPDc4OTM2NDdlZTk2M0BpajNtNHI5cnQ2dTMzNGkzM0BfNF5eMmJeNjYxMC1hL2BjYSNtNXNjMmRzbTFgLS1kLWFzcw%3D%3D&btag=80000e00030000&cquery=101r_100B_100H_100K_100o&dy_q=1760969609&feature_id=46a7bb47b4fd1280f3d3825bf2b29388&l=20251020221329FF810B6B17C3D024C6A3', 'https://v5-dy-o-abtest.zjcdn.com/a940ccf15a94956d382089b9158ae265/68f66eb9/video/tos/cn/tos-cn-ve-0015c800/owuAmfDQogH9DipIg5wEArBNUAyFQsYPmBz8en/?a=6383&ch=10010&cr=3&dr=0&lr=all&cd=0%7C0%7C0%7C3&cv=1&br=671&bt=671&cs=0&ds=3&ft=c2YTctGHQPRUZxfusdr~kwPqYldQIKDEE-TerrNqq_45a&mime_type=video_mp4&qs=1&rc=aWhoPDc4OTM2NDdlZTk2M0BpajNtNHI5cnQ2dTMzNGkzM0BfNF5eMmJeNjYxMC1hL2BjYSNtNXNjMmRzbTFgLS1kLWFzcw%3D%3D&btag=80000e00030000&cquery=100o_101r_100B_100H_100K&dy_q=1760969609&feature_id=46a7bb47b4fd1280f3d3825bf2b29388&l=20251020221329FF810B6B17C3D024C6A3', 'https://www.douyin.com/aweme/v1/play/?video_id=v0d00fg10000cr43pqvog65of1vj80pg&line=0&file_id=f0c326db0b34419390a6e554a9ae7ebf&sign=fbcf397b7c7282e62ec328ec9fb1d0f4&is_play_url=1&source=PackSourceEnum_PUBLISH'], 'width': 720, 'height': 1280, 'url_key': 'v0d00fg10000cr43pqvog65of1vj80pg_h264_720p_687126', 'data_size': 21996631, 'file_hash': 'fbcf397b7c7282e62ec328ec9fb1d0f4', 'file_cs': 'c:0-211740-9df2|a:v0d00fg10000cr43pqvog65of1vj80pg'}, 'is_h265': 0, 'is_bytevc1': 0, 'HDR_type': '', 'HDR_bit': '', 'FPS': 30, 'video_extra': '{"PktOffsetMap":"[{\\"time\\": 1, \\"offset\\": 437272}, {\\"time\\": 2, \\"offset\\": 568680}, {\\"time\\": 3, \\"offset\\": 672598}, {\\"time\\": 4, \\"offset\\": 750644}, {\\"time\\": 5, \\"offset\\": 832597}, {\\"time\\": 10, \\"offset\\": 1223305}]","format":"mp4","definition":"720p","quality":"low","file_id":"f0c326db0b34419390a6e554a9ae7ebf","applog_map":{"feature_id":"46a7bb47b4fd1280f3d3825bf2b29388"},"audio_channels":"2.0","audio_sample_rate":"44100","audio_metrics":null,"audio_score":null}', 'format': 'mp4'}, {'gear_name': 'low_540_0', 'quality_type': 292, 'bit_rate': 662276, 'play_addr': {'uri': 'v0d00fg10000cr43pqvog65of1vj80pg', 'url_list': ['https://v5-dy-o-abtest.zjcdn.com/eb879b344e1b7b2becba5cd77b0abbb7/68f66eb9/video/tos/cn/tos-cn-ve-0015c800/oIfrOAGDDmHIIgEbw80FeAtDBMUzyE9QzwNAQA/?a=6383&ch=10010&cr=3&dr=0&lr=all&cd=0%7C0%7C0%7C3&cv=1&br=646&bt=646&cs=0&ds=6&ft=c2YTctGHQPRUZxfusdr~kwPqYldQIKDEE-TerrNqq_45a&mime_type=video_mp4&qs=1&rc=M2ZkNjtlNTxlZmg3aTtlZ0BpajNtNHI5cnQ2dTMzNGkzM0AvYzYtYC4uXzMxMDJiMF5hYSNtNXNjMmRzbTFgLS1kLWFzcw%3D%3D&btag=80000e00030000&cquery=100o_101r_100B_100H_100K&dy_q=1760969609&feature_id=46a7bb47b4fd1280f3d3825bf2b29388&l=20251020221329FF810B6B17C3D024C6A3', 'https://v5-dy-o-abtest.zjcdn.com/eb879b344e1b7b2becba5cd77b0abbb7/68f66eb9/video/tos/cn/tos-cn-ve-0015c800/oIfrOAGDDmHIIgEbw80FeAtDBMUzyE9QzwNAQA/?a=6383&ch=10010&cr=3&dr=0&lr=all&cd=0%7C0%7C0%7C3&cv=1&br=646&bt=646&cs=0&ds=6&ft=c2YTctGHQPRUZxfusdr~kwPqYldQIKDEE-TerrNqq_45a&mime_type=video_mp4&qs=1&rc=M2ZkNjtlNTxlZmg3aTtlZ0BpajNtNHI5cnQ2dTMzNGkzM0AvYzYtYC4uXzMxMDJiMF5hYSNtNXNjMmRzbTFgLS1kLWFzcw%3D%3D&btag=80000e00030000&cquery=101r_100B_100H_100K_100o&dy_q=1760969609&feature_id=46a7bb47b4fd1280f3d3825bf2b29388&l=20251020221329FF810B6B17C3D024C6A3', 'https://www.douyin.com/aweme/v1/play/?video_id=v0d00fg10000cr43pqvog65of1vj80pg&line=0&file_id=ddab38ef543e4c6bb9121bc8039afc20&sign=680b1a6b1f6ae396152125f06fa4ae70&is_play_url=1&source=PackSourceEnum_PUBLISH'], 'width': 576, 'height': 1024, 'url_key': 'v0d00fg10000cr43pqvog65of1vj80pg_h264_540p_662276', 'data_size': 21201138, 'file_hash': '680b1a6b1f6ae396152125f06fa4ae70', 'file_cs': 'c:0-211668-8aa3|a:v0d00fg10000cr43pqvog65of1vj80pg'}, 'is_h265': 0, 'is_bytevc1': 0, 'HDR_type': '', 'HDR_bit': '', 'FPS': 30, 'video_extra': '{"PktOffsetMap":"[{\\"time\\": 1, \\"offset\\": 417464}, {\\"time\\": 2, \\"offset\\": 540899}, {\\"time\\": 3, \\"offset\\": 639417}, {\\"time\\": 4, \\"offset\\": 713903}, {\\"time\\": 5, \\"offset\\": 793282}, {\\"time\\": 10, \\"offset\\": 1163916}]","format":"mp4","definition":"540p","quality":"low","file_id":"ddab38ef543e4c6bb9121bc8039afc20","applog_map":{"feature_id":"46a7bb47b4fd1280f3d3825bf2b29388"},"audio_channels":"2.0","audio_sample_rate":"44100","audio_metrics":null,"audio_score":null}', 'format': 'mp4'}, {'gear_name': 'adapt_low_540_0', 'quality_type': 291, 'bit_rate': 451932, 'play_addr': {'uri': 'v0d00fg10000cr43pqvog65of1vj80pg', 'url_list': ['https://v5-dy-o-abtest.zjcdn.com/7769c8914a3d8c4d0fcebd911bbbf22f/68f66eb9/video/tos/cn/tos-cn-ve-0015c800/ogDyNIrED8YzDBwAgEfCAVQz0FeHNmAASwz9tQ/?a=6383&ch=10010&cr=3&dr=0&lr=all&cd=0%7C0%7C0%7C3&cv=1&br=441&bt=441&cs=0&ds=6&ft=c2YTctGHQPRUZxfusdr~kwPqYldQIKDEE-TerrNqq_45a&mime_type=video_mp4&qs=12&rc=ZWRlOzM7ODg2Mzw5NThmZEBpajNtNHI5cnQ2dTMzNGkzM0BgMi8tXmAzNjExXi8xNTRgYSNtNXNjMmRzbTFgLS1kLWFzcw%3D%3D&btag=80000e00030000&cquery=101r_100B_100H_100K_100o&dy_q=1760969609&feature_id=46a7bb47b4fd1280f3d3825bf2b29388&l=20251020221329FF810B6B17C3D024C6A3', 'https://v5-dy-o-abtest.zjcdn.com/7769c8914a3d8c4d0fcebd911bbbf22f/68f66eb9/video/tos/cn/tos-cn-ve-0015c800/ogDyNIrED8YzDBwAgEfCAVQz0FeHNmAASwz9tQ/?a=6383&ch=10010&cr=3&dr=0&lr=all&cd=0%7C0%7C0%7C3&cv=1&br=441&bt=441&cs=0&ds=6&ft=c2YTctGHQPRUZxfusdr~kwPqYldQIKDEE-TerrNqq_45a&mime_type=video_mp4&qs=12&rc=ZWRlOzM7ODg2Mzw5NThmZEBpajNtNHI5cnQ2dTMzNGkzM0BgMi8tXmAzNjExXi8xNTRgYSNtNXNjMmRzbTFgLS1kLWFzcw%3D%3D&btag=80000e00030000&cquery=100H_100K_100o_101r_100B&dy_q=1760969609&feature_id=46a7bb47b4fd1280f3d3825bf2b29388&l=20251020221329FF810B6B17C3D024C6A3', 'https://www.douyin.com/aweme/v1/play/?video_id=v0d00fg10000cr43pqvog65of1vj80pg&line=0&file_id=ca7c854226a940439565c8a0082b5acb&sign=813d8757202dbc683cc1f78d9dac02f1&is_play_url=1&source=PackSourceEnum_PUBLISH'], 'width': 576, 'height': 1024, 'url_key': 'v0d00fg10000cr43pqvog65of1vj80pg_h264_540p_451932', 'data_size': 14467479, 'file_hash': '813d8757202dbc683cc1f78d9dac02f1', 'file_cs': 'c:0-211667-b825|a:v0d00fg10000cr43pqvog65of1vj80pg'}, 'is_h265': 0, 'is_bytevc1': 0, 'HDR_type': '', 'HDR_bit': '', 'FPS': 30, 'video_extra': '{"PktOffsetMap":"[{\\"time\\": 1, \\"offset\\": 358642}, {\\"time\\": 2, \\"offset\\": 442257}, {\\"time\\": 3, \\"offset\\": 508263}, {\\"time\\": 4, \\"offset\\": 558839}, {\\"time\\": 5, \\"offset\\": 612115}, {\\"time\\": 10, \\"offset\\": 866346}]","format":"mp4","definition":"540p","quality":"adapt_low","file_id":"ca7c854226a940439565c8a0082b5acb","applog_map":{"feature_id":"46a7bb47b4fd1280f3d3825bf2b29388"},"audio_channels":"2.0","audio_sample_rate":"44100","audio_metrics":null,"audio_score":null}', 'format': 'mp4'}, {'gear_name': 'adapt_lowest_720_1', 'quality_type': 15, 'bit_rate': 278928, 'play_addr': {'uri': 'v0d00fg10000cr43pqvog65of1vj80pg', 'url_list': ['https://v5-dy-o-abtest.zjcdn.com/ec86e01f265043b703ee9f04b8380a04/68f66eb9/video/tos/cn/tos-cn-ve-0015c800/owiRAQDA7nzgNAf8jDMkeHDIfD9MBCXXawPB9Q/?a=6383&ch=10010&cr=3&dr=0&lr=all&cd=0%7C0%7C0%7C3&cv=1&br=272&bt=272&cs=2&ds=3&ft=c2YTctGHQPRUZxfusdr~kwPqYldQIKDEE-TerrNqq_45a&mime_type=video_mp4&qs=15&rc=NzU8NDU1ZjQ3OzpoaDs4ZkBpajNtNHI5cnQ2dTMzNGkzM0AyYWI0YWAyXmMxMjU0Ni40YSNtNXNjMmRzbTFgLS1kLWFzcw%3D%3D&btag=80000e00030000&cquery=101r_100B_100H_100K_100o&dy_q=1760969609&feature_id=c6de0308cacfd993ef282c8e1c646267&l=20251020221329FF810B6B17C3D024C6A3', 'https://v5-dy-o-abtest.zjcdn.com/ec86e01f265043b703ee9f04b8380a04/68f66eb9/video/tos/cn/tos-cn-ve-0015c800/owiRAQDA7nzgNAf8jDMkeHDIfD9MBCXXawPB9Q/?a=6383&ch=10010&cr=3&dr=0&lr=all&cd=0%7C0%7C0%7C3&cv=1&br=272&bt=272&cs=2&ds=3&ft=c2YTctGHQPRUZxfusdr~kwPqYldQIKDEE-TerrNqq_45a&mime_type=video_mp4&qs=15&rc=NzU8NDU1ZjQ3OzpoaDs4ZkBpajNtNHI5cnQ2dTMzNGkzM0AyYWI0YWAyXmMxMjU0Ni40YSNtNXNjMmRzbTFgLS1kLWFzcw%3D%3D&btag=80000e00030000&cquery=100H_100K_100o_101r_100B&dy_q=1760969609&feature_id=c6de0308cacfd993ef282c8e1c646267&l=20251020221329FF810B6B17C3D024C6A3', 'https://www.douyin.com/aweme/v1/play/?video_id=v0d00fg10000cr43pqvog65of1vj80pg&line=0&file_id=7c15987e8e5748f4a15cc2d271e9d254&sign=e179a25c8ed2641b4e1636f3b1797a4d&is_play_url=1&source=PackSourceEnum_PUBLISH'], 'width': 720, 'height': 1280, 'url_key': 'v0d00fg10000cr43pqvog65of1vj80pg_bytevc1_720p_278928', 'data_size': 8929191, 'file_hash': 'e179a25c8ed2641b4e1636f3b1797a4d', 'file_cs': 'c:0-212161-8554'}, 'is_h265': 1, 'is_bytevc1': 1, 'HDR_type': '', 'HDR_bit': '', 'FPS': 30, 'video_extra': '{"PktOffsetMap":"[{\\"time\\": 1, \\"offset\\": 307520}, {\\"time\\": 2, \\"offset\\": 350401}, {\\"time\\": 3, \\"offset\\": 387272}, {\\"time\\": 4, \\"offset\\": 422946}, {\\"time\\": 5, \\"offset\\": 455343}, {\\"time\\": 10, \\"offset\\": 625374}]","format":"mp4","definition":"720p","quality":"adapt_lowest","file_id":"7c15987e8e5748f4a15cc2d271e9d254","applog_map":{"feature_id":"c6de0308cacfd993ef282c8e1c646267"},"mvmaf":"{\\"mvmaf_sr_v1080\\":97.186,\\"mvmaf_sr_v960\\":98.149,\\"mvmaf_sr_v864\\":98.792,\\"mvmaf_sr_v720\\":99.509,\\"mvmaf_ori_v1080\\":88.234,\\"mvmaf_ori_v960\\":90.306,\\"mvmaf_ori_v864\\":91.659,\\"mvmaf_ori_v720\\":94.903}","audio_channels":"2.0","audio_sample_rate":"44100","audio_metrics":null,"audio_score":null}', 'format': 'mp4'}, {'gear_name': 'adapt_540_1', 'quality_type': 28, 'bit_rate': 255122, 'play_addr': {'uri': 'v0d00fg10000cr43pqvog65of1vj80pg', 'url_list': ['https://v5-dy-o-abtest.zjcdn.com/1f6cf0320605d2d341cc1e210a305318/68f66eb9/video/tos/cn/tos-cn-ve-0015c800/o4egm9ggAhHD05IEGjeY4CZ2OvAuAJPAfDcbif/?a=6383&ch=10010&cr=3&dr=0&lr=all&cd=0%7C0%7C0%7C3&cv=1&br=249&bt=249&cs=2&ds=6&ft=c2YTctGHQPRUZxfusdr~kwPqYldQIKDEE-TerrNqq_45a&mime_type=video_mp4&qs=11&rc=NmZlaDxnOjQ8aTtlOzppZkBpajNtNHI5cnQ2dTMzNGkzM0AtNjNeYy4zXy8xYDFeXl82YSNtNXNjMmRzbTFgLS1kLWFzcw%3D%3D&btag=80000e00030000&cquery=101r_100B_100H_100K_100o&dy_q=1760969609&feature_id=c6de0308cacfd993ef282c8e1c646267&l=20251020221329FF810B6B17C3D024C6A3', 'https://v5-dy-o-abtest.zjcdn.com/1f6cf0320605d2d341cc1e210a305318/68f66eb9/video/tos/cn/tos-cn-ve-0015c800/o4egm9ggAhHD05IEGjeY4CZ2OvAuAJPAfDcbif/?a=6383&ch=10010&cr=3&dr=0&lr=all&cd=0%7C0%7C0%7C3&cv=1&br=249&bt=249&cs=2&ds=6&ft=c2YTctGHQPRUZxfusdr~kwPqYldQIKDEE-TerrNqq_45a&mime_type=video_mp4&qs=11&rc=NmZlaDxnOjQ8aTtlOzppZkBpajNtNHI5cnQ2dTMzNGkzM0AtNjNeYy4zXy8xYDFeXl82YSNtNXNjMmRzbTFgLS1kLWFzcw%3D%3D&btag=80000e00030000&cquery=100K_100o_101r_100B_100H&dy_q=1760969609&feature_id=c6de0308cacfd993ef282c8e1c646267&l=20251020221329FF810B6B17C3D024C6A3', 'https://www.douyin.com/aweme/v1/play/?video_id=v0d00fg10000cr43pqvog65of1vj80pg&line=0&file_id=9cbfa7a84bc84f29b1671df9ae6b9c03&sign=29d3e8a6ddc8624790b7e024a1172a2a&is_play_url=1&source=PackSourceEnum_PUBLISH'], 'width': 576, 'height': 1024, 'url_key': 'v0d00fg10000cr43pqvog65of1vj80pg_bytevc1_540p_255122', 'data_size': 8167123, 'file_hash': '29d3e8a6ddc8624790b7e024a1172a2a', 'file_cs': 'c:0-212161-7d88'}, 'is_h265': 1, 'is_bytevc1': 1, 'HDR_type': '', 'HDR_bit': '', 'FPS': 30, 'video_extra': '{"PktOffsetMap":"[{\\"time\\": 1, \\"offset\\": 292765}, {\\"time\\": 2, \\"offset\\": 329799}, {\\"time\\": 3, \\"offset\\": 364492}, {\\"time\\": 4, \\"offset\\": 394530}, {\\"time\\": 5, \\"offset\\": 424680}, {\\"time\\": 10, \\"offset\\": 574239}]","format":"mp4","definition":"540p","quality":"adapt","file_id":"9cbfa7a84bc84f29b1671df9ae6b9c03","applog_map":{"feature_id":"c6de0308cacfd993ef282c8e1c646267"},"mvmaf":"{\\"mvmaf_sr_v1080\\":95.071,\\"mvmaf_sr_v960\\":95.871,\\"mvmaf_sr_v864\\":96.765,\\"mvmaf_sr_v720\\":98.113,\\"mvmaf_ori_v1080\\":84.165,\\"mvmaf_ori_v960\\":87.692,\\"mvmaf_ori_v864\\":89.072,\\"mvmaf_ori_v720\\":91.718}","audio_channels":"2.0","audio_sample_rate":"44100","audio_metrics":null,"audio_score":null}', 'format': 'mp4'}, {'gear_name': 'adapt_lowest_720_1', 'quality_type': 15, 'bit_rate': 225580, 'play_addr': {'uri': 'v0d00fg10000cr43pqvog65of1vj80pg', 'url_list': ['https://v5-dy-o-abtest.zjcdn.com/edebc27864e8c614baea2d7242beb407/68f79609/video/tos/cn/tos-cn-ve-0015c800/oU9BzFATAPrfGwy8DmuHAmNjUARAAAo5DDfBEg/media-video-hvc1/?a=6383&ch=0&cr=8&dr=0&er=1&lr=default&cd=0%7C0%7C0%7C3&cv=1&br=220&bt=220&cs=4&ds=3&mime_type=video_mp4&qs=15&rc=M2k3N2dmOWc4NztpMzo5NkBpajNtNHI5cnQ2dTMzNGkzM0AwLTE2YzZeNmMxMF8wMi1iYSNtNXNjMmRzbTFgLS1kLWFzcw%3D%3D&btag=80000e00030000&cquery=101r_100o&dy_q=1760969609&l=20251020221329FF810B6B17C3D024C6A3', 'https://v5-dy-o-abtest.zjcdn.com/edebc27864e8c614baea2d7242beb407/68f79609/video/tos/cn/tos-cn-ve-0015c800/oU9BzFATAPrfGwy8DmuHAmNjUARAAAo5DDfBEg/media-video-hvc1/?a=6383&ch=0&cr=8&dr=0&er=1&lr=default&cd=0%7C0%7C0%7C3&cv=1&br=220&bt=220&cs=4&ds=3&mime_type=video_mp4&qs=15&rc=M2k3N2dmOWc4NztpMzo5NkBpajNtNHI5cnQ2dTMzNGkzM0AwLTE2YzZeNmMxMF8wMi1iYSNtNXNjMmRzbTFgLS1kLWFzcw%3D%3D&btag=80000e00030000&cquery=101r_100o&dy_q=1760969609&l=20251020221329FF810B6B17C3D024C6A3', 'https://www.douyin.com/aweme/v1/play/dash/?video_id=v0d00fg10000cr43pqvog65of1vj80pg&line=0&file_id=e3065730bf3844f59da69cfd94440f30&sign=4643f9e9a08013b8392e213d704ed6a8&is_play_url=1&source=PackSourceEnum_PUBLISH'], 'width': 720, 'height': 1280, 'url_key': 'v0d00fg10000cr43pqvog65of1vj80pg_bytevc1_720p_225580', 'data_size': 7221389, 'file_hash': '4643f9e9a08013b8392e213d704ed6a8'}, 'is_h265': 1, 'is_bytevc1': 1, 'HDR_type': '', 'HDR_bit': '', 'FPS': 30, 'video_extra': '{"PktOffsetMap":"","format":"dash","sub_info":"{\\"audio_channels\\":\\"2.0\\",\\"audio_layout\\":\\"L R\\",\\"audio_sample_rate\\":\\"44100\\",\\"base_range_info\\":{\\"first_moof_range\\":\\"1780-3559\\",\\"index_range\\":\\"1292-1779\\",\\"init_range\\":\\"0-1291\\"},\\"check_info\\":{\\"check_info\\":\\"a:v0d00fg10000cr43pqvog65of1vj80pg|b:0-1779-250a2487f89a5dc8b40bc3b3304d3ebe|c:0-1779-007e\\"},\\"gear_des_key\\":\\"0:DASH|1:normal|2:h265_hvc1|4:720p|5:adapt_lowest|8:v1.9.0.5-ot|10000:105\\",\\"quality_type\\":15}","definition":"720p","quality":"adapt_lowest","quality_desc":"","file_id":"e3065730bf3844f59da69cfd94440f30","real_bitrate":355167,"audio_file_id":"620d95080821be61c43f83814dae9ed7","applog_map":{"feature_id":"c6de0308cacfd993ef282c8e1c646267"},"mvmaf":"{\\"mvmaf_sr_v1080\\":97.186,\\"mvmaf_sr_v960\\":98.149,\\"mvmaf_sr_v864\\":98.792,\\"mvmaf_sr_v720\\":99.509,\\"mvmaf_ori_v1080\\":88.234,\\"mvmaf_ori_v960\\":90.306,\\"mvmaf_ori_v864\\":91.659,\\"mvmaf_ori_v720\\":94.903}","audio_metrics":null,"audio_score":null}', 'format': 'dash'}, {'gear_name': 'adapt_540_1', 'quality_type': 28, 'bit_rate': 201775, 'play_addr': {'uri': 'v0d00fg10000cr43pqvog65of1vj80pg', 'url_list': ['https://v5-dy-o-abtest.zjcdn.com/253e4564f73ed902287df29cc4143cfa/68f79609/video/tos/cn/tos-cn-ve-0015c800/o0lgPBerA8zADwNm9UmBAo54wEAqRAFjAGAyfD/media-video-hvc1/?a=6383&ch=0&cr=8&dr=0&er=1&lr=default&cd=0%7C0%7C0%7C3&cv=1&br=197&bt=197&cs=4&ds=6&mime_type=video_mp4&qs=11&rc=Mzo6ZmZpOTw2OWYzOjc0M0BpajNtNHI5cnQ2dTMzNGkzM0A2Y2MtLTYwXy8xYmBhNTAtYSNtNXNjMmRzbTFgLS1kLWFzcw%3D%3D&btag=80000e00030000&cquery=101r_100o&dy_q=1760969609&l=20251020221329FF810B6B17C3D024C6A3', 'https://v5-dy-o-abtest.zjcdn.com/253e4564f73ed902287df29cc4143cfa/68f79609/video/tos/cn/tos-cn-ve-0015c800/o0lgPBerA8zADwNm9UmBAo54wEAqRAFjAGAyfD/media-video-hvc1/?a=6383&ch=0&cr=8&dr=0&er=1&lr=default&cd=0%7C0%7C0%7C3&cv=1&br=197&bt=197&cs=4&ds=6&mime_type=video_mp4&qs=11&rc=Mzo6ZmZpOTw2OWYzOjc0M0BpajNtNHI5cnQ2dTMzNGkzM0A2Y2MtLTYwXy8xYmBhNTAtYSNtNXNjMmRzbTFgLS1kLWFzcw%3D%3D&btag=80000e00030000&cquery=101r_100o&dy_q=1760969609&l=20251020221329FF810B6B17C3D024C6A3', 'https://www.douyin.com/aweme/v1/play/dash/?video_id=v0d00fg10000cr43pqvog65of1vj80pg&line=0&file_id=003184d7c0ec4623b9369f0c0cf7f790&sign=7ad92640a9f49d04d249d925495dd6d2&is_play_url=1&source=PackSourceEnum_PUBLISH'], 'width': 576, 'height': 1024, 'url_key': 'v0d00fg10000cr43pqvog65of1vj80pg_bytevc1_540p_201775', 'data_size': 6459321, 'file_hash': '7ad92640a9f49d04d249d925495dd6d2'}, 'is_h265': 1, 'is_bytevc1': 1, 'HDR_type': '', 'HDR_bit': '', 'FPS': 30, 'video_extra': '{"PktOffsetMap":"","format":"dash","sub_info":"{\\"audio_channels\\":\\"2.0\\",\\"audio_layout\\":\\"C\\",\\"audio_sample_rate\\":\\"44100\\",\\"base_range_info\\":{\\"first_moof_range\\":\\"1780-3559\\",\\"index_range\\":\\"1292-1779\\",\\"init_range\\":\\"0-1291\\"},\\"check_info\\":{\\"check_info\\":\\"a:v0d00fg10000cr43pqvog65of1vj80pg|b:0-1779-b921ac718d99c3acf0ad2f4d27fb4cad|c:0-1779-6017\\"},\\"gear_des_key\\":\\"0:DASH|1:normal|2:h265_hvc1|4:540p|5:adapt|8:v1.9.0.5-ot|10000:105\\",\\"quality_type\\":28}","definition":"540p","quality":"adapt","quality_desc":"","file_id":"003184d7c0ec4623b9369f0c0cf7f790","real_bitrate":270323,"audio_file_id":"513ddced166dc6426f404d24796c3395","applog_map":{"feature_id":"c6de0308cacfd993ef282c8e1c646267"},"mvmaf":"{\\"mvmaf_sr_v1080\\":95.071,\\"mvmaf_sr_v960\\":95.871,\\"mvmaf_sr_v864\\":96.765,\\"mvmaf_sr_v720\\":98.113,\\"mvmaf_ori_v1080\\":84.165,\\"mvmaf_ori_v960\\":87.692,\\"mvmaf_ori_v864\\":89.072,\\"mvmaf_ori_v720\\":91.718}","audio_metrics":null,"audio_score":null}', 'format': 'dash'}], 'duration': 256100, 'play_addr_265': {'uri': 'v0d00fg10000cr43pqvog65of1vj80pg', 'url_list': ['https://v5-dy-o-abtest.zjcdn.com/1f6cf0320605d2d341cc1e210a305318/68f66eb9/video/tos/cn/tos-cn-ve-0015c800/o4egm9ggAhHD05IEGjeY4CZ2OvAuAJPAfDcbif/?a=6383&ch=10010&cr=3&dr=0&lr=all&cd=0%7C0%7C0%7C3&cv=1&br=249&bt=249&cs=2&ds=6&ft=c2YTctGHQPRUZxfusdr~kwPqYldQIKDEE-TerrNqq_45a&mime_type=video_mp4&qs=11&rc=NmZlaDxnOjQ8aTtlOzppZkBpajNtNHI5cnQ2dTMzNGkzM0AtNjNeYy4zXy8xYDFeXl82YSNtNXNjMmRzbTFgLS1kLWFzcw%3D%3D&btag=80000e00030000&cquery=101r_100B_100H_100K_100o&dy_q=1760969609&feature_id=c6de0308cacfd993ef282c8e1c646267&l=20251020221329FF810B6B17C3D024C6A3', 'https://v5-dy-o-abtest.zjcdn.com/1f6cf0320605d2d341cc1e210a305318/68f66eb9/video/tos/cn/tos-cn-ve-0015c800/o4egm9ggAhHD05IEGjeY4CZ2OvAuAJPAfDcbif/?a=6383&ch=10010&cr=3&dr=0&lr=all&cd=0%7C0%7C0%7C3&cv=1&br=249&bt=249&cs=2&ds=6&ft=c2YTctGHQPRUZxfusdr~kwPqYldQIKDEE-TerrNqq_45a&mime_type=video_mp4&qs=11&rc=NmZlaDxnOjQ8aTtlOzppZkBpajNtNHI5cnQ2dTMzNGkzM0AtNjNeYy4zXy8xYDFeXl82YSNtNXNjMmRzbTFgLS1kLWFzcw%3D%3D&btag=80000e00030000&cquery=100K_100o_101r_100B_100H&dy_q=1760969609&feature_id=c6de0308cacfd993ef282c8e1c646267&l=20251020221329FF810B6B17C3D024C6A3', 'https://www.douyin.com/aweme/v1/play/?video_id=v0d00fg10000cr43pqvog65of1vj80pg&line=0&file_id=9cbfa7a84bc84f29b1671df9ae6b9c03&sign=29d3e8a6ddc8624790b7e024a1172a2a&is_play_url=1&source=PackSourceEnum_PUBLISH'], 'width': 576, 'height': 1024, 'url_key': 'v0d00fg10000cr43pqvog65of1vj80pg_bytevc1_540p_255122', 'data_size': 8167123, 'file_hash': '29d3e8a6ddc8624790b7e024a1172a2a', 'file_cs': 'c:0-212161-7d88'}, 'bit_rate_audio': [{'audio_meta': {'url_list': {'main_url': 'https://v5-dy-o-abtest.zjcdn.com/cb48023b8e1ec2bfc07dcb603b31dd9b/68f79609/video/tos/cn/tos-cn-ve-0015c800/o0lgPBerA8zADwNm9UmBAo54wEAqRAFjAGAyfD/media-audio-und-mp4a/?a=6383&ch=0&cr=8&dr=0&er=1&lr=default&cd=0%7C0%7C0%7C3&cv=1&br=63&bt=63&cs=4&mime_type=video_mp4&qs=11&rc=ODZmPDdnM2k1OWc5Z2ZnNEBpajNtNHI5cnQ2dTMzNGkzM0A2MDM0LzExMzFgMy5iYTAyYSNtNXNjMmRzbTFgLS1kLWFzcw%3D%3D&btag=80000e00030000&cquery=100o_101r&dy_q=1760969609&l=20251020221329FF810B6B17C3D024C6A3', 'backup_url': 'https://v5-dy-o-abtest.zjcdn.com/cb48023b8e1ec2bfc07dcb603b31dd9b/68f79609/video/tos/cn/tos-cn-ve-0015c800/o0lgPBerA8zADwNm9UmBAo54wEAqRAFjAGAyfD/media-audio-und-mp4a/?a=6383&ch=0&cr=8&dr=0&er=1&lr=default&cd=0%7C0%7C0%7C3&cv=1&br=63&bt=63&cs=4&mime_type=video_mp4&qs=11&rc=ODZmPDdnM2k1OWc5Z2ZnNEBpajNtNHI5cnQ2dTMzNGkzM0A2MDM0LzExMzFgMy5iYTAyYSNtNXNjMmRzbTFgLS1kLWFzcw%3D%3D&btag=80000e00030000&cquery=100o_101r&dy_q=1760969609&l=20251020221329FF810B6B17C3D024C6A3', 'fallback_url': 'https://www.douyin.com/aweme/v1/play/dash/?video_id=v0d00fg10000cr43pqvog65of1vj80pg&line=0&file_id=513ddced166dc6426f404d24796c3395&sign=513ddced166dc6426f404d24796c3395&is_play_url=1&source=PackSourceEnum_PUBLISH'}, 'encoded_type': 'normal', 'media_type': 'audio', 'logo_type': '', 'quality': 'adapt', 'quality_desc': '', 'format': 'dash', 'bitrate': 64915, 'codec_type': 'bytevc1', 'size': 2078023, 'fps': 0, 'file_id': '513ddced166dc6426f404d24796c3395', 'file_hash': '513ddced166dc6426f404d24796c3395', 'sub_info': '{"audio_channels":"2.0","audio_layout":"C","audio_sample_rate":"44100","base_range_info":{"index_range":"1022-1521","init_range":"0-1021"},"check_info":{"check_info":"a:v0d00fg10000cr43pqvog65of1vj80pg|b:0-1521-5c290821535b8bb07c48981fa451c3c4|c:0-1521-a87c"},"gear_des_key":"0:dash|1:normal|2:bytevc1|5:adapt|10000:105"}'}, 'audio_quality': 6, 'audio_extra': '{"real_bitrate":270323}'}, {'audio_meta': {'url_list': {'main_url': 'https://v5-dy-o-abtest.zjcdn.com/866400606f82590298c780ecd8e0ad92/68f79609/video/tos/cn/tos-cn-ve-0015c800/oU9BzFATAPrfGwy8DmuHAmNjUARAAAo5DDfBEg/media-audio-und-mp4a/?a=6383&ch=0&cr=8&dr=0&er=1&lr=default&cd=0%7C0%7C0%7C3&cv=1&br=126&bt=126&cs=4&mime_type=video_mp4&qs=15&rc=OmhoZzQ2aTc0aDQ7OzhnNUBpajNtNHI5cnQ2dTMzNGkzM0BhNl4xNTUwYDNfLy0tNi0zYSNtNXNjMmRzbTFgLS1kLWFzcw%3D%3D&btag=80000e00030000&cquery=101r_100o&dy_q=1760969609&l=20251020221329FF810B6B17C3D024C6A3', 'backup_url': 'https://v5-dy-o-abtest.zjcdn.com/866400606f82590298c780ecd8e0ad92/68f79609/video/tos/cn/tos-cn-ve-0015c800/oU9BzFATAPrfGwy8DmuHAmNjUARAAAo5DDfBEg/media-audio-und-mp4a/?a=6383&ch=0&cr=8&dr=0&er=1&lr=default&cd=0%7C0%7C0%7C3&cv=1&br=126&bt=126&cs=4&mime_type=video_mp4&qs=15&rc=OmhoZzQ2aTc0aDQ7OzhnNUBpajNtNHI5cnQ2dTMzNGkzM0BhNl4xNTUwYDNfLy0tNi0zYSNtNXNjMmRzbTFgLS1kLWFzcw%3D%3D&btag=80000e00030000&cquery=100o_101r&dy_q=1760969609&l=20251020221329FF810B6B17C3D024C6A3', 'fallback_url': 'https://www.douyin.com/aweme/v1/play/dash/?video_id=v0d00fg10000cr43pqvog65of1vj80pg&line=0&file_id=620d95080821be61c43f83814dae9ed7&sign=620d95080821be61c43f83814dae9ed7&is_play_url=1&source=PackSourceEnum_PUBLISH'}, 'encoded_type': 'normal', 'media_type': 'audio', 'logo_type': '', 'quality': 'adapt_lowest', 'quality_desc': '', 'format': 'dash', 'bitrate': 129587, 'codec_type': 'bytevc1', 'size': 4148255, 'fps': 0, 'file_id': '620d95080821be61c43f83814dae9ed7', 'file_hash': '620d95080821be61c43f83814dae9ed7', 'sub_info': '{"audio_channels":"2.0","audio_layout":"L R","audio_sample_rate":"44100","base_range_info":{"index_range":"1020-1519","init_range":"0-1019"},"check_info":{"check_info":"a:v0d00fg10000cr43pqvog65of1vj80pg|b:0-1519-8c90b80060fbb50333076909c1d8ef3a|c:0-1519-683d"},"gear_des_key":"0:dash|1:normal|2:bytevc1|5:adapt_lowest|10000:105"}'}, 'audio_quality': 8, 'audio_extra': '{"real_bitrate":360221}'}], 'play_addr_h264': {'uri': 'v0d00fg10000cr43pqvog65of1vj80pg', 'url_list': ['https://v5-dy-o-abtest.zjcdn.com/115c5e86aa16f9fc5e101ef5d478d8a2/68f66eb9/video/tos/cn/tos-cn-ve-0015c800/ooc2YgAmAhbCgYD5iEgOG0uefIZeeC4PH1A8Ov/?a=6383&ch=10010&cr=3&dr=0&lr=all&cd=0%7C0%7C0%7C3&cv=1&br=753&bt=753&cs=0&ds=3&ft=c2YTctGHQPRUZxfusdr~kwPqYldQIKDEE-TerrNqq_45a&mime_type=video_mp4&qs=0&rc=Z2loZDk1PGhpN2k8ZGg3O0BpajNtNHI5cnQ2dTMzNGkzM0AuMDZiXi1gXy0xMGAwMy42YSNtNXNjMmRzbTFgLS1kLWFzcw%3D%3D&btag=80000e00030000&cquery=100o_101r_100B_100H_100K&dy_q=1760969609&feature_id=2e1813f3872a2105acee44623dff2864&l=20251020221329FF810B6B17C3D024C6A3', 'https://v5-dy-o-abtest.zjcdn.com/115c5e86aa16f9fc5e101ef5d478d8a2/68f66eb9/video/tos/cn/tos-cn-ve-0015c800/ooc2YgAmAhbCgYD5iEgOG0uefIZeeC4PH1A8Ov/?a=6383&ch=10010&cr=3&dr=0&lr=all&cd=0%7C0%7C0%7C3&cv=1&br=753&bt=753&cs=0&ds=3&ft=c2YTctGHQPRUZxfusdr~kwPqYldQIKDEE-TerrNqq_45a&mime_type=video_mp4&qs=0&rc=Z2loZDk1PGhpN2k8ZGg3O0BpajNtNHI5cnQ2dTMzNGkzM0AuMDZiXi1gXy0xMGAwMy42YSNtNXNjMmRzbTFgLS1kLWFzcw%3D%3D&btag=80000e00030000&cquery=100K_100o_101r_100B_100H&dy_q=1760969609&feature_id=2e1813f3872a2105acee44623dff2864&l=20251020221329FF810B6B17C3D024C6A3', 'https://www.douyin.com/aweme/v1/play/?video_id=v0d00fg10000cr43pqvog65of1vj80pg&line=0&file_id=98146e3ac93f440fbec902a6ea9e3f1d&sign=104b3ca0590729360c72c83575f544c0&is_play_url=1&source=PackSourceEnum_PUBLISH'], 'width': 720, 'height': 1280, 'url_key': 'v0d00fg10000cr43pqvog65of1vj80pg_h264_720p_771594', 'data_size': 24700676, 'file_hash': '104b3ca0590729360c72c83575f544c0', 'file_cs': 'c:0-279301-081a'}, 'raw_cover': {'uri': 'tos-cn-i-dy/80377341f671498dadb9dd412b27ee37', 'url_list': ['https://p3-pc-sign.douyinpic.com/tos-cn-i-dy/80377341f671498dadb9dd412b27ee37~tplv-dy-cropcenter:323:430.jpeg?lk3s=138a59ce&x-expires=2076328800&x-signature=twCv%2B5r%2FAY%2Fn3rHk2%2FpEEIWdnOg%3D&from=327834062&s=PackSourceEnum_PUBLISH&se=true&sh=323_430&sc=cover&biz_tag=pcweb_cover&l=20251020221329FF810B6B17C3D024C6A3', 'https://p3-pc-sign.douyinpic.com/obj/tos-cn-i-dy/80377341f671498dadb9dd412b27ee37?lk3s=138a59ce&x-expires=2076328800&x-signature=QUpC3s9PPbnig%2FCMnHXCDFOBtcM%3D&from=327834062&s=PackSourceEnum_PUBLISH&se=false&sc=cover&biz_tag=pcweb_cover&l=20251020221329FF810B6B17C3D024C6A3'], 'width': 720, 'height': 720}, 'is_long_video': 1, 'animated_cover': {'uri': 'tos-cn-i-dy/80377341f671498dadb9dd412b27ee37', 'url_list': ['https://p3-pc-sign.douyinpic.com/obj/tos-cn-i-dy/80377341f671498dadb9dd412b27ee37?lk3s=138a59ce&x-expires=1762178400&x-signature=Fx%2FK5GpgGlETV8vOuS7Kk377Wy4%3D&from=327834062_large&s=PackSourceEnum_PUBLISH&se=false&sc=dynamic_cover&biz_tag=pcweb_cover&l=20251020221329FF810B6B17C3D024C6A3', 'https://p9-pc-sign.douyinpic.com/obj/tos-cn-i-dy/80377341f671498dadb9dd412b27ee37?lk3s=138a59ce&x-expires=1762178400&x-signature=H5wJxSGcM8EA%2FuzpYTvpeDCxl%2FM%3D&from=327834062_large&s=PackSourceEnum_PUBLISH&se=false&sc=dynamic_cover&biz_tag=pcweb_cover&l=20251020221329FF810B6B17C3D024C6A3']}, 'gaussian_cover': {'uri': 'tos-cn-p-0015/o8e0BaDrIFAzI2ByzAEN0PA3AwDrf98ImHRrgA', 'url_list': ['https://p3-pc-sign.douyinpic.com/tos-cn-p-0015/o8e0BaDrIFAzI2ByzAEN0PA3AwDrf98ImHRrgA~tplv-tsj2vxp0zn-gaosi:40.jpeg?lk3s=138a59ce&x-expires=1792504800&x-signature=5MxU4r6K60ZqPgKUYe5s2mY3BMo%3D&from=327834062', 'https://p9-pc-sign.douyinpic.com/tos-cn-p-0015/o8e0BaDrIFAzI2ByzAEN0PA3AwDrf98ImHRrgA~tplv-tsj2vxp0zn-gaosi:40.jpeg?lk3s=138a59ce&x-expires=1792504800&x-signature=QH27m0a5GkWFBw4bUuVF%2Fj9EuO4%3D&from=327834062'], 'width': 720, 'height': 720}, 'meta': '{"enable_manual_ladder":"1","format":"mp4","gear_vqm":"{\\"1080p_720p\\":-1,\\"720p_540p\\":1}","hrids":"500000002","is_spatial_video":"0","isad":"0","loudness":"-27.6","peak":"0.78524","qprf":"1.000","sdgs":"[\\"normal_720_0\\",\\"low_720_0\\",\\"low_540_0\\",\\"adapt_low_540_0\\",\\"adapt_lowest_720_1\\",\\"adapt_540_1\\"]","sr_score":"1.000","strategy_tokens":"[\\"online\\",\\"strategy_iteration_ab02_0809\\",\\"strategy_iteration_ab01_0809\\"]","title_info":"{\\"bottom_res_add\\":[2.68,3.46,14.28,67.91,57.14,16,10.41,3.91,5.45,0.09,0.45,0.45,0.18,0.18,1.73],\\"bullet_zone\\":3.69,\\"progress_bar\\":[0.58,0.61,0.64],\\"ratio_br_l\\":[0,0,0,0,0,0],\\"ratio_edge_l\\":[0.05,0.04,0.16,0.31,0.32,0.29],\\"top_res_add\\":[0,0,5.64,41.45,20,0,0],\\"version\\":\\"v1.0\\"}","volume_info":"{\\"LoudnessRangeStart\\":-34.4,\\"MaximumShortTermLoudness\\":-20.6,\\"Peak\\":0.78524,\\"Version\\":2,\\"LoudnessRange\\":11.5,\\"LoudnessRangeEnd\\":-22.9,\\"Metrics\\":{\\"Loudness\\":{\\"Integrated\\":-27.584},\\"Phase\\":{\\"RMSDownmixDiff\\":-0.201},\\"RMSStats\\":{\\"LTotal\\":-30.778,\\"Peak\\":-2.082,\\"RTotal\\":-30.866,\\"LRDiff\\":0.088},\\"Version\\":\\"1.4.2\\"},\\"Loudness\\":-27.6,\\"MaximumMomentaryLoudness\\":-13.3}","vqs_origin":"0"}', 'video_model': '', 'is_source_HDR': 0, 'use_static_cover': True, 'big_thumbs': [{'img_num': 85, 'uri': 'tos-cn-p-0015/osIoB7AA9Q8ATN1fwfQGP5DmOumFEArDBgPzPy', 'img_url': 'https://p3-sign.douyinpic.com/tos-cn-p-0015/osIoB7AA9Q8ATN1fwfQGP5DmOumFEArDBgPzPy~tplv-noop.image?cquery=101r_100B_100H_100K_100o&dy_q=1760969609&l=20251020221329FF810B6B17C3D024C6A3&x-expires=1760980665&x-signature=A24W3aOlS1LjEqOY9bac7DbiUus%3D', 'img_x_size': 136, 'img_y_size': 240, 'img_x_len': 5, 'img_y_len': 5, 'duration': 256.1, 'interval': 3.003, 'fext': 'jpg', 'uris': ['tos-cn-p-0015/osIoB7AA9Q8ATN1fwfQGP5DmOumFEArDBgPzPy', 'tos-cn-p-0015/o89BzFA0DHrfTwyeTmVZAzNIaXIAIW08DDPAEg', 'tos-cn-p-0015/o4DP8EwGzQPyrFaABN1fD5ATgoemB9g8ImQDAA', 'tos-cn-p-0015/oIaCkefA8HzMUwDeF6j7PX8nBDBXg9QNAgMgQU'], 'img_urls': ['https://p3-sign.douyinpic.com/tos-cn-p-0015/osIoB7AA9Q8ATN1fwfQGP5DmOumFEArDBgPzPy~tplv-noop.image?cquery=101r_100B_100H_100K_100o&dy_q=1760969609&l=20251020221329FF810B6B17C3D024C6A3&x-expires=1760980665&x-signature=A24W3aOlS1LjEqOY9bac7DbiUus%3D', 'https://p3-sign.douyinpic.com/tos-cn-p-0015/o89BzFA0DHrfTwyeTmVZAzNIaXIAIW08DDPAEg~tplv-noop.image?cquery=100B_100H_100K_100o_101r&dy_q=1760969609&l=20251020221329FF810B6B17C3D024C6A3&x-expires=1760980665&x-signature=VbYCmIh1GU02qrjKarF4a1e9PzE%3D', 'https://p3-sign.douyinpic.com/tos-cn-p-0015/o4DP8EwGzQPyrFaABN1fD5ATgoemB9g8ImQDAA~tplv-noop.image?cquery=100H_100K_100o_101r_100B&dy_q=1760969609&l=20251020221329FF810B6B17C3D024C6A3&x-expires=1760980665&x-signature=y1KqbbmRZ%2FDzIgWDTFuR5cY3OEo%3D', 'https://p3-sign.douyinpic.com/tos-cn-p-0015/oIaCkefA8HzMUwDeF6j7PX8nBDBXg9QNAgMgQU~tplv-noop.image?cquery=101r_100B_100H_100K_100o&dy_q=1760969609&l=20251020221329FF810B6B17C3D024C6A3&x-expires=1760980665&x-signature=PioYCAcu3dPihu2lVJdOqCE%2FlLM%3D']}]}, 'item_aigc_follow_shot': 1, 'user_digged': 0, 'statistics': {'recommend_count': 6, 'comment_count': 6, 'digg_count': 115, 'admire_count': 0, 'play_count': 0, 'share_count': 66, 'collect_count': 49}, 'status': {'not_allow_soft_del_reason': 'ab', 'is_delete': False, 'allow_share': True, 'review_result': {'review_status': 0}, 'allow_friend_recommend_guide': True, 'part_see': 0, 'private_status': 0, 'listen_video_status': 2, 'in_reviewing': False, 'allow_self_recommend_to_friend': True, 'allow_friend_recommend': True, 'is_prohibited': False, 'enable_soft_delete': 0}, 'ent_log_extra': {'log_extra': '{"global_log_extra":null,"page_log_extra":null,"aweme_log_extra":{"ce_current_group_id":"7406236630928903461","author_id":"1965574329213736"},"extra_log_extra":null}'}, 'text_extra': [{'start': 18, 'end': 23, 'type': 1, 'hashtag_name': '幼儿教育', 'hashtag_id': '1591352385275918', 'is_commerce': False, 'caption_start': 18, 'caption_end': 23}, {'start': 25, 'end': 30, 'type': 1, 'hashtag_name': '亲子关系', 'hashtag_id': '1595199377513476', 'is_commerce': False, 'caption_start': 25, 'caption_end': 30}, {'start': 32, 'end': 37, 'type': 1, 'hashtag_name': '父母成长', 'hashtag_id': '1613220835356676', 'is_commerce': False, 'caption_start': 32, 'caption_end': 37}, {'start': 39, 'end': 44, 'type': 1, 'hashtag_name': '家庭教育', 'hashtag_id': '1767586804947975', 'is_commerce': False, 'caption_start': 39, 'caption_end': 44}, {'start': 46, 'end': 49, 'type': 1, 'hashtag_name': '育儿', 'hashtag_id': '1767586940916743', 'is_commerce': False, 'caption_start': 46, 'caption_end': 49}], 'is_top': 0, 'publish_plus_alienation': {'alienation_type': 0}, 'share_info': {'share_url': 'https://www.iesdouyin.com/share/video/7406236630928903461/?region=US&mid=7406236465841621771&u_code=0&did=MS4wLjABAAAAvCMmrvAxedjvycgJ9K0iX5KdtDHpyq-etIWoeicy6xniB0XMxRYv3S-CyP_GdsPs&iid=MS4wLjABAAAANwkJuWIRFOzg5uCpDRpMj4OX-QryoDgn-yYlXQnRwQQ&with_sec_did=1&video_share_track_ver=&titleType=title&share_sign=E4rYhCLZFNr_lDNrifAszuaysWUwCtANwNQ18L55Z_U-&share_version=290100&ts=1760969609&from_aid=6383&from_ssr=1&share_track_info=%7B%22link_description_type%22%3A%22%22%7D', 'share_link_desc': '4.64 I@V.yt fOX:/ 05/07 如何培养儿童抵御他人侵犯的能力？ # 幼儿教育 # 亲子关系 # 父母成长 # 家庭教育 # 育儿  %s 复制此链接，打开Dou音搜索，直接观看视频！'}, 'nearby_hot_comment': None, 'video_labels': None, 'entertainment_video_type': 3, 'is_ads': False, 'duration': 256100, 'aweme_type': 0, 'select_anchor_expanded_content': 0, 'douyin_p_c_video_extra': '{"ai_note":1,"ai_note_vertical":1}', 'image_infos': None, 'risk_infos': {'vote': False, 'warn': False, 'risk_sink': False, 'type': 0, 'content': ''}, 'entertainment_video_paid_way': {'paid_ways': [], 'paid_type': 0, 'enable_use_new_ent_data': False}, 'flash_mob_trends': 0, 'position': None, 'uniqid_position': None, 'comment_list': None, 'author_user_id': 1965574329213736, 'product_genre_info': {'product_genre_type': 2, 'material_genre_sub_type_set': [4], 'special_info': {'recommend_group_name': 0}}, 'geofencing': [], 'series_basic_info': {}, 'is_moment_history': 0, 'region': '', 'video_text': None, 'is_24_story': 0, 'collect_stat': 0, 'label_top_text': None, 'promotions': [], 'group_id': '7406236630928903461', 'prevent_download': False, 'nickname_position': None, 'challenge_position': None, 'shoot_way': '', 'video_share_edit_status': 0, 'friend_recommend_info': {'friend_recommend_source': 10, 'label_user_list': None, 'disable_friend_recommend_guide_label': False}, 'long_video': None, 'trends_event_track': '{}', 'aweme_listen_struct': {'trace_info': '{"copyright_not_speech":"false","copyright_reason":"has_listen_cp_new","copyright_tag_hit":"","copyright_use_aed_default":"false","copyright_use_tag_default":"false","cp_ab":"true","desc":"","duration_over":"true","hit_high_risk":"false","media_type":"4","reason":"hit_ab_0","show":"false"}'}, 'enable_comment_sticker_rec': False, 'is_25_story': 0, 'interaction_stickers': None, 'mv_info': None, 'origin_comment_ids': None, 'commerce_config_data': None, 'caption_template_id': 0, 'video_control': {'allow_download': False, 'share_type': 0, 'show_progress_bar': 1, 'draft_progress_bar': 1, 'allow_duet': True, 'allow_react': False, 'prevent_download_type': 2, 'allow_dynamic_wallpaper': False, 'timer_status': 1, 'allow_music': True, 'allow_stitch': False, 'allow_douplus': True, 'allow_share': True, 'share_grayed': False, 'download_ignore_visibility': False, 'duet_ignore_visibility': False, 'share_ignore_visibility': False, 'download_info': {'level': 1, 'fail_info': {'code': 290002, 'reason': 'isolation_content', 'msg': '视频暂时无法保存，链接已复制'}}, 'duet_info': {'level': 2, 'fail_info': {'code': 100014, 'reason': 'video_duration'}}, 'allow_record': True, 'disable_record_reason': '', 'timer_info': {}}, 'aweme_control': {'can_forward': True, 'can_share': True, 'can_comment': True, 'can_show_comment': True}, 'douplus_user_type': 0, 'ai_follow_images': None, 'origin_duet_resource_uri': '', 'is_moment_story': 0, 'anchors': None, 'hybrid_label': None, 'geofencing_regions': None, 'interest_points': None, 'aweme_acl': {'download_mask_panel': {'code': 1, 'show_type': 0}}, 'personal_page_botton_diagnose_style': 0, 'is_story': 0, 'game_tag_info': {'is_game': False}, 'chapter_bar_color': None, 'follow_shot_assets': None, 'cover_labels': None, 'is_new_text_mode': 0, 'can_cache_to_local': True, 'guide_btn_type': 0, 'is_from_ad_auth': False, 'aweme_type_tags': '', 'images': None, 'relation_labels': None, 'cf_assets_type': 0, 'impression_data': {'group_id_list_a': [], 'group_id_list_b': [], 'similar_id_list_a': None, 'similar_id_list_b': None, 'group_id_list_c': [], 'group_id_list_d': []}, 'component_control': {'data_source_url': '/aweme/v1/web/aweme/post/'}, 'trends_infos': None, 'libfinsert_task_id': '', 'social_tag_list': None, 'show_follow_button': {}, 'duet_aggregate_in_music_tab': False, 'is_duet_sing': False, 'comment_permission_info': {'comment_permission_status': 0, 'can_comment': True, 'item_detail_entry': False, 'press_entry': False, 'toast_guide': False}, 'original_images': None, 'series_paid_info': {'series_paid_status': 0, 'item_price': 0}, 'img_bitrate': None, 'comment_gid': 7406236630928903461, 'image_album_music_info': {'begin_time': -1, 'end_time': -1, 'volume': -1}, 'video_tag': [{'tag_id': 2024, 'tag_name': '亲子', 'level': 1}, {'tag_id': 2024006, 'tag_name': '母婴', 'level': 2}, {'tag_id': 2024006003, 'tag_name': '育儿知识', 'level': 3}], 'is_collects_selected': 0, 'chapter_list': None, 'feed_comment_config': {'input_config_text': '善语结善缘，恶言伤人心', 'author_audit_status': 0, 'common_flags': '{"hashtag":"[{\\"name\\":\\"幼儿教育\\",\\"id\\":1591352385275918},{\\"name\\":\\"亲子关系\\",\\"id\\":1595199377513476},{\\"name\\":\\"父母成长\\",\\"id\\":1613220835356676},{\\"name\\":\\"家庭教育\\",\\"id\\":1767586804947975},{\\"name\\":\\"育儿\\",\\"id\\":1767586940916743}]","item_author_nickname":"孙瑞雪聊教育","video_labels_v2_tag1":"母婴","video_labels_v2_tag2":"育儿理念"}'}, 'is_image_beat': False, 'dislike_dimension_list': None, 'standard_bar_info_list': None, 'photo_search_entrance': {'ecom_type': 0}, 'is_life_item': False, 'image_list': None, 'component_info_v2': '{"desc_lines_limit":0,"hide_marquee":false}', 'item_warn_notification': {'type': 0, 'show': False, 'content': ''}, 'origin_text_extra': None, 'disable_relation_bar': 0, 'packed_clips': None, 'author_mask_tag': 0, 'user_recommend_status': 1, 'collection_corner_mark': 0, 'is_share_post': False, 'image_comment': {}, 'visual_search_info': {'is_show_img_entrance': False, 'is_ecom_img': False, 'is_high_accuracy_ecom': False, 'is_high_recall_ecom': False}, 'tts_id_list': None, 'ref_tts_id_list': None, 'voice_modify_id_list': None, 'ref_voice_modify_id_list': None, 'authentication_token': 'MS4wLjAAAAAAvBjPPLhbjXWnXOvWBBWw9T6KlZf1kFdoZgr-RbftdVidznDPUI_zI7BNJ5thnKwZwKvmhervfmpOB1QhLf1Qsq8-Q202q2mLUO34OmY2MrAOhgziPB2VekPLNVgURGG1055SdofSWVvV3SNlCn2eLAokOPC4O01yegabKLO78HAzy_IXrG0GCNJWqZuRkJrfE8KT5Lg9Yf3E6VxqwcP8BgnYGbPdEQioiVTMK4o2mheKNp75CJv1RbQ05mf5RfLP', 'video_game_data_channel_config': {}, 'dislike_dimension_list_v2': None, 'distribute_circle': {'distribute_type': 0, 'campus_block_interaction': False, 'is_campus': False}, 'image_crop_ctrl': 0, 'yumme_recreason': None, 'slides_music_beats': None, 'jump_tab_info_list': None, 'media_type': 4, 'reply_smart_emojis': None, 'activity_video_type': -1, 'boost_status': 0, 'create_scale_type': None, 'entertainment_product_info': {'sub_title': None, 'market_info': {'limit_free': {'in_free': False}, 'marketing_tag': None}}, 'caption': '如何培养儿童抵御他人侵犯的能力？  #幼儿教育  #亲子关系  #父母成长  #家庭教育  #育儿', 'item_title': '', 'is_use_music': False, 'original': 0, 'xigua_base_info': {'status': 0, 'star_altar_order_id': 0, 'star_altar_type': 0, 'item_id': 0}, 'mark_largely_following': False}, {'aweme_id': '7406236218150669619', 'desc': '如何培养自信且敢于表达的孩子 #父母课堂  #幼儿教育  #亲子关系  #父母成长  #育儿', 'create_time': 1724751600, 'author': {'uid': '1965574329213736', 'card_entries_not_display': None, 'nickname': '孙瑞雪聊教育', 'personal_tag_list': None, 'homepage_bottom_toast': None, 'avatar_thumb': {'uri': '100x100/aweme-avatar/tos-cn-avt-0015_afee5b125df955a19af4c41159ad1295', 'url_list': ['https://p3-pc.douyinpic.com/aweme/100x100/aweme-avatar/tos-cn-avt-0015_afee5b125df955a19af4c41159ad1295.jpeg?from=327834062'], 'width': 720, 'height': 720}, 'batch_unfollow_contain_tabs': None, 'not_seen_item_id_list': None, 'follow_status': 0, 'contrail_list': None, 'story_interactive': 0, 'data_label_list': None, 'custom_verify': '', 'follower_list_secondary_information_struct': None, 'display_info': None, 'interest_tags': None, 'account_cert_info': '{}', 'user_tags': None, 'share_info': {'share_url': '', 'share_weibo_desc': '', 'share_desc': '', 'share_title': '', 'share_qrcode_url': {'uri': '31b0500316c4e154852bc', 'url_list': ['https://p3-pc-sign.douyinpic.com/obj/31b0500316c4e154852bc?lk3s=138a59ce&x-expires=1760990400&x-signature=VnOegD8kfOkclbkCT%2BIUAVSkQl4%3D&from=327834062'], 'width': 720, 'height': 720}, 'share_title_myself': '', 'share_title_other': '', 'share_desc_info': ''}, 'can_set_geofencing': None, 'sec_uid': 'MS4wLjABAAAAnAFnkWlOm9jteymsi42fanYLMzfbqdGIwCILEUqDNmFyjfK9N8fSJdS_D2UWk_we', 'need_points': None, 'enterprise_verify_reason': '', 'is_ad_fake': False, 'story_ttl': 0, 'user_permissions': None, 'card_entries': None, 'creator_tag_list': None, 'offline_info_list': None, 'text_extra': None, 'card_sort_priority': None, 'prevent_download': False, 'special_people_labels': None, 'white_cover_url': None, 'endorsement_info_list': None, 'follower_status': 0, 'profile_mob_params': None, 'familiar_visitor_user': None, 'avatar_schema_list': None, 'cover_url': [{'uri': 'c8510002be9a3a61aad2', 'url_list': ['https://p3-pc-sign.douyinpic.com/obj/c8510002be9a3a61aad2?lk3s=138a59ce&x-expires=1762178400&x-signature=bEz6E0nbTH1458RtDsUU87G74Mk%3D&from=327834062'], 'width': 720, 'height': 720}], 'cf_list': None, 'im_role_ids': None, 'not_seen_item_id_list_v2': None, 'signature_extra': None, 'risk_notice_text': '', 'ban_user_functions': None, 'profile_component_disabled': None, 'verification_permission_ids': None, 'identity_labels': None, 'private_relation_list': None, 'link_item_list': None, 'batch_unfollow_relation_desc': None}, 'music': {'id': 7406236411306756901, 'id_str': '7406236411306756901', 'title': '@孙瑞雪聊教育创作的原声', 'author': '孙瑞雪聊教育', 'album': '', 'cover_hd': {'uri': '1080x1080/aweme-avatar/tos-cn-avt-0015_afee5b125df955a19af4c41159ad1295', 'url_list': ['https://p3-pc.douyinpic.com/aweme/1080x1080/aweme-avatar/tos-cn-avt-0015_afee5b125df955a19af4c41159ad1295.jpeg?from=327834062'], 'width': 720, 'height': 720}, 'cover_large': {'uri': '1080x1080/aweme-avatar/tos-cn-avt-0015_afee5b125df955a19af4c41159ad1295', 'url_list': ['https://p3-pc.douyinpic.com/aweme/1080x1080/aweme-avatar/tos-cn-avt-0015_afee5b125df955a19af4c41159ad1295.jpeg?from=327834062'], 'width': 720, 'height': 720}, 'cover_medium': {'uri': '720x720/aweme-avatar/tos-cn-avt-0015_afee5b125df955a19af4c41159ad1295', 'url_list': ['https://p3-pc.douyinpic.com/aweme/720x720/aweme-avatar/tos-cn-avt-0015_afee5b125df955a19af4c41159ad1295.jpeg?from=327834062'], 'width': 720, 'height': 720}, 'cover_thumb': {'uri': '100x100/aweme-avatar/tos-cn-avt-0015_afee5b125df955a19af4c41159ad1295', 'url_list': ['https://p3-pc.douyinpic.com/aweme/100x100/aweme-avatar/tos-cn-avt-0015_afee5b125df955a19af4c41159ad1295.jpeg?from=327834062'], 'width': 720, 'height': 720}, 'play_url': {'uri': 'https://sf5-hl-cdn-tos.douyinstatic.com/obj/ies-music/7406236473961663241.mp3', 'url_list': ['https://sf5-hl-cdn-tos.douyinstatic.com/obj/ies-music/7406236473961663241.mp3', 'https://sf5-hl-ali-cdn-tos.douyinstatic.com/obj/ies-music/7406236473961663241.mp3'], 'width': 720, 'height': 720, 'url_key': '7406236411306756901'}, 'schema_url': '', 'source_platform': 23, 'start_time': 0, 'end_time': 0, 'duration': 151, 'extra': '{"aed_music_score":0,"aed_singing_score":0.06,"aggregate_exempt_conf":[],"beats":{},"cover_colors":null,"douyin_beats_info":{},"dsp_switch":0,"extract_item_id":7406236218150669619,"has_edited":0,"hit_high_follow_auto":false,"hit_high_follow_extend":false,"hit_high_follow_original":false,"hotsoon_review_time":-1,"is_aed_music":0,"is_high_follow_user":false,"is_red":0,"is_subsidy_exp":false,"music_label_id":null,"music_tagging":{"AEDs":null,"Genres":null,"Instruments":null,"Languages":null,"Moods":null,"SingingVersions":null,"Themes":null},"review_unshelve_reason":0,"reviewed":0,"schedule_search_time":0,"uniqa_speech_score":0.67,"with_aed_model":1}', 'user_count': 0, 'position': None, 'collect_stat': 0, 'status': 1, 'offline_desc': '', 'owner_id': '1965574329213736', 'owner_nickname': '孙瑞雪聊教育', 'is_original': False, 'mid': '7406236411306756901', 'binded_challenge_id': 0, 'redirect': False, 'is_restricted': False, 'author_deleted': False, 'is_del_video': False, 'is_video_self_see': False, 'owner_handle': '63566855132', 'author_position': None, 'prevent_download': False, 'unshelve_countries': None, 'prevent_item_download_status': 0, 'external_song_info': [], 'sec_uid': 'MS4wLjABAAAAnAFnkWlOm9jteymsi42fanYLMzfbqdGIwCILEUqDNmFyjfK9N8fSJdS_D2UWk_we', 'avatar_thumb': {'uri': '100x100/aweme-avatar/tos-cn-avt-0015_afee5b125df955a19af4c41159ad1295', 'url_list': ['https://p3-pc.douyinpic.com/aweme/100x100/aweme-avatar/tos-cn-avt-0015_afee5b125df955a19af4c41159ad1295.jpeg?from=327834062'], 'width': 720, 'height': 720}, 'avatar_medium': {'uri': '720x720/aweme-avatar/tos-cn-avt-0015_afee5b125df955a19af4c41159ad1295', 'url_list': ['https://p3-pc.douyinpic.com/aweme/720x720/aweme-avatar/tos-cn-avt-0015_afee5b125df955a19af4c41159ad1295.jpeg?from=327834062'], 'width': 720, 'height': 720}, 'avatar_large': {'uri': '1080x1080/aweme-avatar/tos-cn-avt-0015_afee5b125df955a19af4c41159ad1295', 'url_list': ['https://p3-pc.douyinpic.com/aweme/1080x1080/aweme-avatar/tos-cn-avt-0015_afee5b125df955a19af4c41159ad1295.jpeg?from=327834062'], 'width': 720, 'height': 720}, 'preview_start_time': 0, 'preview_end_time': 0, 'is_commerce_music': False, 'is_original_sound': True, 'audition_duration': 151, 'shoot_duration': 151, 'reason_type': 0, 'artists': [], 'lyric_short_position': None, 'mute_share': False, 'tag_list': None, 'dmv_auto_show': False, 'is_pgc': False, 'is_matched_metadata': False, 'is_audio_url_with_cookie': False, 'music_chart_ranks': None, 'can_background_play': True, 'music_status': 1, 'video_duration': 151, 'pgc_music_type': 2, 'author_status': 1, 'search_impr': {'entity_id': '7406236411306756901'}, 'artist_user_infos': None, 'dsp_status': 10, 'musician_user_infos': None, 'music_collect_count': 0, 'music_cover_atmosphere_color_value': '', 'show_origin_clip': False}, 'effect_inflow_effects': None, 'video': {'play_addr': {'uri': 'v0200fg10000cr43panog65isie1o57g', 'url_list': ['https://v5-dy-o-abtest.zjcdn.com/0684ffe629b286fb565e8d8a97fa4bf3/68f66e50/video/tos/cn/tos-cn-ve-0015c800/oQPsIIIGZPFJgcQUNYwAg7LQPq58ivAIBQyiE/?a=6383&ch=10010&cr=3&dr=0&lr=all&cd=0%7C0%7C0%7C3&cv=1&br=725&bt=725&cs=0&ds=3&ft=c2YTctGHQPRUZxfusdr~kwPqYldQIKDEE-TerrNqq_45a&mime_type=video_mp4&qs=0&rc=NDU8NmVmNDw0M2Y0PDM0N0Bpajg0bGw5cmQ2dTMzNGkzM0AzNmE0Yy4uNi8xYC1fYy41YSM0bGJwMmRrbTFgLS1kLS9zcw%3D%3D&btag=80000e00028000&cquery=100K_100o_101r_100B_100H&dy_q=1760969609&feature_id=2e1813f3872a2105acee44623dff2864&l=20251020221329FF810B6B17C3D024C6A3', 'https://v5-dy-o-abtest.zjcdn.com/0684ffe629b286fb565e8d8a97fa4bf3/68f66e50/video/tos/cn/tos-cn-ve-0015c800/oQPsIIIGZPFJgcQUNYwAg7LQPq58ivAIBQyiE/?a=6383&ch=10010&cr=3&dr=0&lr=all&cd=0%7C0%7C0%7C3&cv=1&br=725&bt=725&cs=0&ds=3&ft=c2YTctGHQPRUZxfusdr~kwPqYldQIKDEE-TerrNqq_45a&mime_type=video_mp4&qs=0&rc=NDU8NmVmNDw0M2Y0PDM0N0Bpajg0bGw5cmQ2dTMzNGkzM0AzNmE0Yy4uNi8xYC1fYy41YSM0bGJwMmRrbTFgLS1kLS9zcw%3D%3D&btag=80000e00028000&cquery=100K_100o_101r_100B_100H&dy_q=1760969609&feature_id=2e1813f3872a2105acee44623dff2864&l=20251020221329FF810B6B17C3D024C6A3', 'https://www.douyin.com/aweme/v1/play/?video_id=v0200fg10000cr43panog65isie1o57g&line=0&file_id=8411f0b901cc402199111cfb73d99261&sign=7b29bf8d017acb074f48cde723c6180b&is_play_url=1&source=PackSourceEnum_PUBLISH'], 'width': 720, 'height': 1280, 'url_key': 'v0200fg10000cr43panog65isie1o57g_h264_720p_743032', 'data_size': 14039697, 'file_hash': '7b29bf8d017acb074f48cde723c6180b', 'file_cs': 'c:0-165413-c41f'}, 'cover': {'uri': 'tos-cn-i-dy/0f5d0052108c4b528098cc154855a506', 'url_list': ['https://p3-pc-sign.douyinpic.com/tos-cn-i-dy/0f5d0052108c4b528098cc154855a506~tplv-dy-cropcenter:323:430.jpeg?lk3s=138a59ce&x-expires=2076328800&x-signature=0004wA2RkXVvGmMd2KGs8oi4fVA%3D&from=327834062&s=PackSourceEnum_PUBLISH&se=true&sh=323_430&sc=cover&biz_tag=pcweb_cover&l=20251020221329FF810B6B17C3D024C6A3', 'https://p3-pc-sign.douyinpic.com/obj/tos-cn-i-dy/0f5d0052108c4b528098cc154855a506?lk3s=138a59ce&x-expires=2076328800&x-signature=rRd8L23k%2Bal8sVkLaOCLjMKr2Ck%3D&from=327834062&s=PackSourceEnum_PUBLISH&se=false&sc=cover&biz_tag=pcweb_cover&l=20251020221329FF810B6B17C3D024C6A3'], 'width': 720, 'height': 720}, 'height': 1920, 'width': 1080, 'dynamic_cover': {'uri': 'tos-cn-i-dy/0f5d0052108c4b528098cc154855a506', 'url_list': ['https://p3-pc-sign.douyinpic.com/obj/tos-cn-i-dy/0f5d0052108c4b528098cc154855a506?lk3s=138a59ce&x-expires=1762178400&x-signature=wWKsv2dCd6dL8jUuIO0zj7xKB04%3D&from=327834062_large&s=PackSourceEnum_PUBLISH&se=false&sc=dynamic_cover&biz_tag=pcweb_cover&l=20251020221329FF810B6B17C3D024C6A3', 'https://p9-pc-sign.douyinpic.com/obj/tos-cn-i-dy/0f5d0052108c4b528098cc154855a506?lk3s=138a59ce&x-expires=1762178400&x-signature=9aS0Pl8usksCY4Er16o60hMWYJM%3D&from=327834062_large&s=PackSourceEnum_PUBLISH&se=false&sc=dynamic_cover&biz_tag=pcweb_cover&l=20251020221329FF810B6B17C3D024C6A3'], 'width': 720, 'height': 720}, 'origin_cover': {'uri': 'tos-cn-p-0015/oEGgnEMVgCwkBgIoZe7eBTLBgle8HAUnDkAWLN', 'url_list': ['https://p3-pc-sign.douyinpic.com/tos-cn-p-0015/oEGgnEMVgCwkBgIoZe7eBTLBgle8HAUnDkAWLN~tplv-dy-360p.jpeg?lk3s=138a59ce&x-expires=1762178400&x-signature=7JS3OzKG57ABbTpglUi6%2FRyD09U%3D&from=327834062&s=PackSourceEnum_PUBLISH&se=false&sc=origin_cover&biz_tag=pcweb_cover&l=20251020221329FF810B6B17C3D024C6A3', 'https://p9-pc-sign.douyinpic.com/tos-cn-p-0015/oEGgnEMVgCwkBgIoZe7eBTLBgle8HAUnDkAWLN~tplv-dy-360p.jpeg?lk3s=138a59ce&x-expires=1762178400&x-signature=yDxBHlj1lRiYJp%2BXZyrdb%2B6jd04%3D&from=327834062&s=PackSourceEnum_PUBLISH&se=false&sc=origin_cover&biz_tag=pcweb_cover&l=20251020221329FF810B6B17C3D024C6A3'], 'width': 360, 'height': 640}, 'ratio': '720p', 'format': 'mp4', 'audio': {'original_sound_infos': None}, 'bit_rate': [{'gear_name': 'normal_720_0', 'quality_type': 10, 'bit_rate': 743032, 'play_addr': {'uri': 'v0200fg10000cr43panog65isie1o57g', 'url_list': ['https://v5-dy-o-abtest.zjcdn.com/0684ffe629b286fb565e8d8a97fa4bf3/68f66e50/video/tos/cn/tos-cn-ve-0015c800/oQPsIIIGZPFJgcQUNYwAg7LQPq58ivAIBQyiE/?a=6383&ch=10010&cr=3&dr=0&lr=all&cd=0%7C0%7C0%7C3&cv=1&br=725&bt=725&cs=0&ds=3&ft=c2YTctGHQPRUZxfusdr~kwPqYldQIKDEE-TerrNqq_45a&mime_type=video_mp4&qs=0&rc=NDU8NmVmNDw0M2Y0PDM0N0Bpajg0bGw5cmQ2dTMzNGkzM0AzNmE0Yy4uNi8xYC1fYy41YSM0bGJwMmRrbTFgLS1kLS9zcw%3D%3D&btag=80000e00028000&cquery=100K_100o_101r_100B_100H&dy_q=1760969609&feature_id=2e1813f3872a2105acee44623dff2864&l=20251020221329FF810B6B17C3D024C6A3', 'https://v5-dy-o-abtest.zjcdn.com/0684ffe629b286fb565e8d8a97fa4bf3/68f66e50/video/tos/cn/tos-cn-ve-0015c800/oQPsIIIGZPFJgcQUNYwAg7LQPq58ivAIBQyiE/?a=6383&ch=10010&cr=3&dr=0&lr=all&cd=0%7C0%7C0%7C3&cv=1&br=725&bt=725&cs=0&ds=3&ft=c2YTctGHQPRUZxfusdr~kwPqYldQIKDEE-TerrNqq_45a&mime_type=video_mp4&qs=0&rc=NDU8NmVmNDw0M2Y0PDM0N0Bpajg0bGw5cmQ2dTMzNGkzM0AzNmE0Yy4uNi8xYC1fYy41YSM0bGJwMmRrbTFgLS1kLS9zcw%3D%3D&btag=80000e00028000&cquery=100K_100o_101r_100B_100H&dy_q=1760969609&feature_id=2e1813f3872a2105acee44623dff2864&l=20251020221329FF810B6B17C3D024C6A3', 'https://www.douyin.com/aweme/v1/play/?video_id=v0200fg10000cr43panog65isie1o57g&line=0&file_id=8411f0b901cc402199111cfb73d99261&sign=7b29bf8d017acb074f48cde723c6180b&is_play_url=1&source=PackSourceEnum_PUBLISH'], 'width': 720, 'height': 1280, 'url_key': 'v0200fg10000cr43panog65isie1o57g_h264_720p_743032', 'data_size': 14039697, 'file_hash': '7b29bf8d017acb074f48cde723c6180b', 'file_cs': 'c:0-165413-c41f'}, 'is_h265': 0, 'is_bytevc1': 0, 'HDR_type': '', 'HDR_bit': '', 'FPS': 30, 'video_extra': '{"PktOffsetMap":"[{\\"time\\": 1, \\"offset\\": 374258}, {\\"time\\": 2, \\"offset\\": 463500}, {\\"time\\": 3, \\"offset\\": 533747}, {\\"time\\": 4, \\"offset\\": 619895}, {\\"time\\": 5, \\"offset\\": 790030}, {\\"time\\": 10, \\"offset\\": 1328312}]","format":"mp4","definition":"720p","quality":"normal","file_id":"8411f0b901cc402199111cfb73d99261","applog_map":{"feature_id":"2e1813f3872a2105acee44623dff2864"},"audio_channels":"2.0","audio_sample_rate":"44100","audio_metrics":null,"audio_score":null}', 'format': 'mp4'}, {'gear_name': 'low_720_0', 'quality_type': 211, 'bit_rate': 661143, 'play_addr': {'uri': 'v0200fg10000cr43panog65isie1o57g', 'url_list': ['https://v5-dy-o-abtest.zjcdn.com/af5be5b964f2d5f29d71675de2e3aeec/68f66e50/video/tos/cn/tos-cn-ve-0015c800/ow8LULkBIIfQApkwHPeleXVA70nSNGEBBg5kC8/?a=6383&ch=10010&cr=3&dr=0&lr=all&cd=0%7C0%7C0%7C3&cv=1&br=645&bt=645&cs=0&ds=3&ft=c2YTctGHQPRUZxfusdr~kwPqYldQIKDEE-TerrNqq_45a&mime_type=video_mp4&qs=1&rc=NGY4aGU0N2RlZ2VoZ2dkOUBpajg0bGw5cmQ2dTMzNGkzM0BjMmJhNmNhNV8xLy4yYGE2YSM0bGJwMmRrbTFgLS1kLS9zcw%3D%3D&btag=80000e00028000&cquery=100H_100K_100o_101r_100B&dy_q=1760969609&feature_id=46a7bb47b4fd1280f3d3825bf2b29388&l=20251020221329FF810B6B17C3D024C6A3', 'https://v5-dy-o-abtest.zjcdn.com/af5be5b964f2d5f29d71675de2e3aeec/68f66e50/video/tos/cn/tos-cn-ve-0015c800/ow8LULkBIIfQApkwHPeleXVA70nSNGEBBg5kC8/?a=6383&ch=10010&cr=3&dr=0&lr=all&cd=0%7C0%7C0%7C3&cv=1&br=645&bt=645&cs=0&ds=3&ft=c2YTctGHQPRUZxfusdr~kwPqYldQIKDEE-TerrNqq_45a&mime_type=video_mp4&qs=1&rc=NGY4aGU0N2RlZ2VoZ2dkOUBpajg0bGw5cmQ2dTMzNGkzM0BjMmJhNmNhNV8xLy4yYGE2YSM0bGJwMmRrbTFgLS1kLS9zcw%3D%3D&btag=80000e00028000&cquery=101r_100B_100H_100K_100o&dy_q=1760969609&feature_id=46a7bb47b4fd1280f3d3825bf2b29388&l=20251020221329FF810B6B17C3D024C6A3', 'https://www.douyin.com/aweme/v1/play/?video_id=v0200fg10000cr43panog65isie1o57g&line=0&file_id=96dacd5d1e2b4dbb8ad4f19bdee55cf1&sign=9ac74254a3a0a5d6bb0074bdc656e7c6&is_play_url=1&source=PackSourceEnum_PUBLISH'], 'width': 720, 'height': 1280, 'url_key': 'v0200fg10000cr43panog65isie1o57g_h264_720p_661143', 'data_size': 12492394, 'file_hash': '9ac74254a3a0a5d6bb0074bdc656e7c6', 'file_cs': 'c:0-125608-c2c6|a:v0200fg10000cr43panog65isie1o57g'}, 'is_h265': 0, 'is_bytevc1': 0, 'HDR_type': '', 'HDR_bit': '', 'FPS': 30, 'video_extra': '{"PktOffsetMap":"[{\\"time\\": 1, \\"offset\\": 364809}, {\\"time\\": 2, \\"offset\\": 443710}, {\\"time\\": 3, \\"offset\\": 514073}, {\\"time\\": 4, \\"offset\\": 589343}, {\\"time\\": 5, \\"offset\\": 693108}, {\\"time\\": 10, \\"offset\\": 1203255}]","format":"mp4","definition":"720p","quality":"low","file_id":"96dacd5d1e2b4dbb8ad4f19bdee55cf1","applog_map":{"feature_id":"46a7bb47b4fd1280f3d3825bf2b29388"},"audio_channels":"2.0","audio_sample_rate":"44100","audio_metrics":null,"audio_score":null}', 'format': 'mp4'}, {'gear_name': 'low_540_0', 'quality_type': 292, 'bit_rate': 635844, 'play_addr': {'uri': 'v0200fg10000cr43panog65isie1o57g', 'url_list': ['https://v5-dy-o-abtest.zjcdn.com/997ebd04d059156806925bbaaaa3f140/68f66e50/video/tos/cn/tos-cn-ve-0015c800/oUb5cZrEvgPsiA4iUABy8gIqJQQLPT8sPwdFI/?a=6383&ch=10010&cr=3&dr=0&lr=all&cd=0%7C0%7C0%7C3&cv=1&br=620&bt=620&cs=0&ds=6&ft=c2YTctGHQPRUZxfusdr~kwPqYldQIKDEE-TerrNqq_45a&mime_type=video_mp4&qs=1&rc=MzhnNDxpNDY1MztnMzw2ZUBpajg0bGw5cmQ2dTMzNGkzM0BiYjIuLTVeX2AxNGIyLTZgYSM0bGJwMmRrbTFgLS1kLS9zcw%3D%3D&btag=80000e00028000&cquery=100K_100o_101r_100B_100H&dy_q=1760969609&feature_id=46a7bb47b4fd1280f3d3825bf2b29388&l=20251020221329FF810B6B17C3D024C6A3', 'https://v5-dy-o-abtest.zjcdn.com/997ebd04d059156806925bbaaaa3f140/68f66e50/video/tos/cn/tos-cn-ve-0015c800/oUb5cZrEvgPsiA4iUABy8gIqJQQLPT8sPwdFI/?a=6383&ch=10010&cr=3&dr=0&lr=all&cd=0%7C0%7C0%7C3&cv=1&br=620&bt=620&cs=0&ds=6&ft=c2YTctGHQPRUZxfusdr~kwPqYldQIKDEE-TerrNqq_45a&mime_type=video_mp4&qs=1&rc=MzhnNDxpNDY1MztnMzw2ZUBpajg0bGw5cmQ2dTMzNGkzM0BiYjIuLTVeX2AxNGIyLTZgYSM0bGJwMmRrbTFgLS1kLS9zcw%3D%3D&btag=80000e00028000&cquery=100K_100o_101r_100B_100H&dy_q=1760969609&feature_id=46a7bb47b4fd1280f3d3825bf2b29388&l=20251020221329FF810B6B17C3D024C6A3', 'https://www.douyin.com/aweme/v1/play/?video_id=v0200fg10000cr43panog65isie1o57g&line=0&file_id=cb930950ed7840c2b3a18f09115de5e0&sign=760216d954ca6981a96d6e2046420946&is_play_url=1&source=PackSourceEnum_PUBLISH'], 'width': 576, 'height': 1024, 'url_key': 'v0200fg10000cr43panog65isie1o57g_h264_540p_635844', 'data_size': 12014365, 'file_hash': '760216d954ca6981a96d6e2046420946', 'file_cs': 'c:0-125568-f21b|a:v0200fg10000cr43panog65isie1o57g'}, 'is_h265': 0, 'is_bytevc1': 0, 'HDR_type': '', 'HDR_bit': '', 'FPS': 30, 'video_extra': '{"PktOffsetMap":"[{\\"time\\": 1, \\"offset\\": 334508}, {\\"time\\": 2, \\"offset\\": 409153}, {\\"time\\": 3, \\"offset\\": 476311}, {\\"time\\": 4, \\"offset\\": 548475}, {\\"time\\": 5, \\"offset\\": 645539}, {\\"time\\": 10, \\"offset\\": 1131669}]","format":"mp4","definition":"540p","quality":"low","file_id":"cb930950ed7840c2b3a18f09115de5e0","applog_map":{"feature_id":"46a7bb47b4fd1280f3d3825bf2b29388"},"audio_channels":"2.0","audio_sample_rate":"44100","audio_metrics":null,"audio_score":null}', 'format': 'mp4'}, {'gear_name': 'adapt_low_540_0', 'quality_type': 291, 'bit_rate': 437916, 'play_addr': {'uri': 'v0200fg10000cr43panog65isie1o57g', 'url_list': ['https://v5-dy-o-abtest.zjcdn.com/afb5786d773770dd31ad4650ea8361e1/68f66e50/video/tos/cn/tos-cn-ve-0015c800/oEAwHQgcEqPBIAocHvQZ8IDJPsPa8iiy5gFK5/?a=6383&ch=10010&cr=3&dr=0&lr=all&cd=0%7C0%7C0%7C3&cv=1&br=427&bt=427&cs=0&ds=6&ft=c2YTctGHQPRUZxfusdr~kwPqYldQIKDEE-TerrNqq_45a&mime_type=video_mp4&qs=12&rc=NDk8Zzg4ZTRoO2kzOWg8NUBpajg0bGw5cmQ2dTMzNGkzM0BjL2JhNjJgXi4xNmFjMzJgYSM0bGJwMmRrbTFgLS1kLS9zcw%3D%3D&btag=80000e00028000&cquery=100H_100K_100o_101r_100B&dy_q=1760969609&feature_id=46a7bb47b4fd1280f3d3825bf2b29388&l=20251020221329FF810B6B17C3D024C6A3', 'https://v5-dy-o-abtest.zjcdn.com/afb5786d773770dd31ad4650ea8361e1/68f66e50/video/tos/cn/tos-cn-ve-0015c800/oEAwHQgcEqPBIAocHvQZ8IDJPsPa8iiy5gFK5/?a=6383&ch=10010&cr=3&dr=0&lr=all&cd=0%7C0%7C0%7C3&cv=1&br=427&bt=427&cs=0&ds=6&ft=c2YTctGHQPRUZxfusdr~kwPqYldQIKDEE-TerrNqq_45a&mime_type=video_mp4&qs=12&rc=NDk8Zzg4ZTRoO2kzOWg8NUBpajg0bGw5cmQ2dTMzNGkzM0BjL2JhNjJgXi4xNmFjMzJgYSM0bGJwMmRrbTFgLS1kLS9zcw%3D%3D&btag=80000e00028000&cquery=100H_100K_100o_101r_100B&dy_q=1760969609&feature_id=46a7bb47b4fd1280f3d3825bf2b29388&l=20251020221329FF810B6B17C3D024C6A3', 'https://www.douyin.com/aweme/v1/play/?video_id=v0200fg10000cr43panog65isie1o57g&line=0&file_id=c2596ef6d09f481ea1cb5595dde926f1&sign=0d8ba1bc09896cd603b3c59ce0df1f91&is_play_url=1&source=PackSourceEnum_PUBLISH'], 'width': 576, 'height': 1024, 'url_key': 'v0200fg10000cr43panog65isie1o57g_h264_540p_437916', 'data_size': 8274481, 'file_hash': '0d8ba1bc09896cd603b3c59ce0df1f91', 'file_cs': 'c:0-125567-7723|a:v0200fg10000cr43panog65isie1o57g'}, 'is_h265': 0, 'is_bytevc1': 0, 'HDR_type': '', 'HDR_bit': '', 'FPS': 30, 'video_extra': '{"PktOffsetMap":"[{\\"time\\": 1, \\"offset\\": 274792}, {\\"time\\": 2, \\"offset\\": 323905}, {\\"time\\": 3, \\"offset\\": 368000}, {\\"time\\": 4, \\"offset\\": 417802}, {\\"time\\": 5, \\"offset\\": 482906}, {\\"time\\": 10, \\"offset\\": 816810}]","format":"mp4","definition":"540p","quality":"adapt_low","file_id":"c2596ef6d09f481ea1cb5595dde926f1","applog_map":{"feature_id":"46a7bb47b4fd1280f3d3825bf2b29388"},"audio_channels":"2.0","audio_sample_rate":"44100","audio_metrics":null,"audio_score":null}', 'format': 'mp4'}, {'gear_name': 'adapt_lowest_1080_1', 'quality_type': 2, 'bit_rate': 326077, 'play_addr': {'uri': 'v0200fg10000cr43panog65isie1o57g', 'url_list': ['https://v5-dy-o-abtest.zjcdn.com/c0265eeabfcd59914efbb7de6ba38ed2/68f66e50/video/tos/cn/tos-cn-ve-0015c800/ooAvsywZA8FrqFP5BnIL4gkDcEFQiJbQINPgi/?a=6383&ch=10010&cr=3&dr=0&lr=all&cd=0%7C0%7C0%7C3&cv=1&br=318&bt=318&cs=2&ds=4&ft=c2YTctGHQPRUZxfusdr~kwPqYldQIKDEE-TerrNqq_45a&mime_type=video_mp4&qs=15&rc=aGU6Z2c6OTw4NGVnNmU8ZUBpajg0bGw5cmQ2dTMzNGkzM0AtMGBjYi1hNV4xMDU0YDEwYSM0bGJwMmRrbTFgLS1kLS9zcw%3D%3D&btag=80000e00028000&cquery=100o_101r_100B_100H_100K&dy_q=1760969609&feature_id=c6de0308cacfd993ef282c8e1c646267&l=20251020221329FF810B6B17C3D024C6A3', 'https://v5-dy-o-abtest.zjcdn.com/c0265eeabfcd59914efbb7de6ba38ed2/68f66e50/video/tos/cn/tos-cn-ve-0015c800/ooAvsywZA8FrqFP5BnIL4gkDcEFQiJbQINPgi/?a=6383&ch=10010&cr=3&dr=0&lr=all&cd=0%7C0%7C0%7C3&cv=1&br=318&bt=318&cs=2&ds=4&ft=c2YTctGHQPRUZxfusdr~kwPqYldQIKDEE-TerrNqq_45a&mime_type=video_mp4&qs=15&rc=aGU6Z2c6OTw4NGVnNmU8ZUBpajg0bGw5cmQ2dTMzNGkzM0AtMGBjYi1hNV4xMDU0YDEwYSM0bGJwMmRrbTFgLS1kLS9zcw%3D%3D&btag=80000e00028000&cquery=100B_100H_100K_100o_101r&dy_q=1760969609&feature_id=c6de0308cacfd993ef282c8e1c646267&l=20251020221329FF810B6B17C3D024C6A3', 'https://www.douyin.com/aweme/v1/play/?video_id=v0200fg10000cr43panog65isie1o57g&line=0&file_id=3b49cb738d3b41a589d607edfdc73b0e&sign=4ee1fa404ce651332c48c75abbd4f768&is_play_url=1&source=PackSourceEnum_PUBLISH'], 'width': 1080, 'height': 1920, 'url_key': 'v0200fg10000cr43panog65isie1o57g_bytevc1_1080p_326077', 'data_size': 6161266, 'file_hash': '4ee1fa404ce651332c48c75abbd4f768', 'file_cs': 'c:0-125789-b5a2'}, 'is_h265': 1, 'is_bytevc1': 1, 'HDR_type': '', 'HDR_bit': '', 'FPS': 30, 'video_extra': '{"PktOffsetMap":"[{\\"time\\": 1, \\"offset\\": 257404}, {\\"time\\": 2, \\"offset\\": 294215}, {\\"time\\": 3, \\"offset\\": 331007}, {\\"time\\": 4, \\"offset\\": 370856}, {\\"time\\": 5, \\"offset\\": 416682}, {\\"time\\": 10, \\"offset\\": 670450}]","format":"mp4","definition":"1080p","quality":"adapt_lowest","file_id":"3b49cb738d3b41a589d607edfdc73b0e","applog_map":{"feature_id":"c6de0308cacfd993ef282c8e1c646267"},"mvmaf":"{\\"mvmaf_sr_v1080\\":-1,\\"mvmaf_sr_v960\\":-1,\\"mvmaf_sr_v864\\":-1,\\"mvmaf_sr_v720\\":-1,\\"mvmaf_ori_v1080\\":93.44,\\"mvmaf_ori_v960\\":93.843,\\"mvmaf_ori_v864\\":94.64,\\"mvmaf_ori_v720\\":95.227}","audio_channels":"2.0","audio_sample_rate":"44100","audio_metrics":null,"audio_score":null}', 'format': 'mp4'}, {'gear_name': 'adapt_lowest_720_1', 'quality_type': 15, 'bit_rate': 276846, 'play_addr': {'uri': 'v0200fg10000cr43panog65isie1o57g', 'url_list': ['https://v5-dy-o-abtest.zjcdn.com/f9a9d1ca4a775667270a470aa6ca708e/68f66e50/video/tos/cn/tos-cn-ve-0015c800/o8IJIEreHQUQBlB7VpkNkgLlef4GnTABAwL5NC/?a=6383&ch=10010&cr=3&dr=0&lr=all&cd=0%7C0%7C0%7C3&cv=1&br=270&bt=270&cs=2&ds=3&ft=c2YTctGHQPRUZxfusdr~kwPqYldQIKDEE-TerrNqq_45a&mime_type=video_mp4&qs=15&rc=aTM0ZDpmO2dkM2c7NWY7N0Bpajg0bGw5cmQ2dTMzNGkzM0AvY2AtYDA1Ni8xYzBfL2JfYSM0bGJwMmRrbTFgLS1kLS9zcw%3D%3D&btag=80000e00028000&cquery=101r_100B_100H_100K_100o&dy_q=1760969609&feature_id=c6de0308cacfd993ef282c8e1c646267&l=20251020221329FF810B6B17C3D024C6A3', 'https://v5-dy-o-abtest.zjcdn.com/f9a9d1ca4a775667270a470aa6ca708e/68f66e50/video/tos/cn/tos-cn-ve-0015c800/o8IJIEreHQUQBlB7VpkNkgLlef4GnTABAwL5NC/?a=6383&ch=10010&cr=3&dr=0&lr=all&cd=0%7C0%7C0%7C3&cv=1&br=270&bt=270&cs=2&ds=3&ft=c2YTctGHQPRUZxfusdr~kwPqYldQIKDEE-TerrNqq_45a&mime_type=video_mp4&qs=15&rc=aTM0ZDpmO2dkM2c7NWY7N0Bpajg0bGw5cmQ2dTMzNGkzM0AvY2AtYDA1Ni8xYzBfL2JfYSM0bGJwMmRrbTFgLS1kLS9zcw%3D%3D&btag=80000e00028000&cquery=101r_100B_100H_100K_100o&dy_q=1760969609&feature_id=c6de0308cacfd993ef282c8e1c646267&l=20251020221329FF810B6B17C3D024C6A3', 'https://www.douyin.com/aweme/v1/play/?video_id=v0200fg10000cr43panog65isie1o57g&line=0&file_id=b4e82cb238fd402a9d883cc70ac1f02f&sign=0b76724fdee11b6888eb30bc062197a9&is_play_url=1&source=PackSourceEnum_PUBLISH'], 'width': 720, 'height': 1280, 'url_key': 'v0200fg10000cr43panog65isie1o57g_bytevc1_720p_276846', 'data_size': 5231053, 'file_hash': '0b76724fdee11b6888eb30bc062197a9', 'file_cs': 'c:0-125789-4b53'}, 'is_h265': 1, 'is_bytevc1': 1, 'HDR_type': '', 'HDR_bit': '', 'FPS': 30, 'video_extra': '{"PktOffsetMap":"[{\\"time\\": 1, \\"offset\\": 220633}, {\\"time\\": 2, \\"offset\\": 252426}, {\\"time\\": 3, \\"offset\\": 281901}, {\\"time\\": 4, \\"offset\\": 315004}, {\\"time\\": 5, \\"offset\\": 349220}, {\\"time\\": 10, \\"offset\\": 555684}]","format":"mp4","definition":"720p","quality":"adapt_lowest","file_id":"b4e82cb238fd402a9d883cc70ac1f02f","applog_map":{"feature_id":"c6de0308cacfd993ef282c8e1c646267"},"mvmaf":"{\\"mvmaf_sr_v1080\\":97.164,\\"mvmaf_sr_v960\\":98.244,\\"mvmaf_sr_v864\\":99.031,\\"mvmaf_sr_v720\\":99.41,\\"mvmaf_ori_v1080\\":87.205,\\"mvmaf_ori_v960\\":90.741,\\"mvmaf_ori_v864\\":92.181,\\"mvmaf_ori_v720\\":95.018}","audio_channels":"2.0","audio_sample_rate":"44100","audio_metrics":null,"audio_score":null}', 'format': 'mp4'}, {'gear_name': 'adapt_540_1', 'quality_type': 28, 'bit_rate': 256179, 'play_addr': {'uri': 'v0200fg10000cr43panog65isie1o57g', 'url_list': ['https://v5-dy-o-abtest.zjcdn.com/a76d6ebb453351caf53152c20989ee7d/68f66e50/video/tos/cn/tos-cn-ve-0015c800/oAPlQEekVGAIpnJkOHLLB7NgfBwAUC0kIBeZNI/?a=6383&ch=10010&cr=3&dr=0&lr=all&cd=0%7C0%7C0%7C3&cv=1&br=250&bt=250&cs=2&ds=6&ft=c2YTctGHQPRUZxfusdr~kwPqYldQIKDEE-TerrNqq_45a&mime_type=video_mp4&qs=11&rc=OzMzZWg3ZzgzZWdpNzw0ZkBpajg0bGw5cmQ2dTMzNGkzM0AtYjItYF9iNV4xLTYtMTUzYSM0bGJwMmRrbTFgLS1kLS9zcw%3D%3D&btag=80000e00028000&cquery=100o_101r_100B_100H_100K&dy_q=1760969609&feature_id=c6de0308cacfd993ef282c8e1c646267&l=20251020221329FF810B6B17C3D024C6A3', 'https://v5-dy-o-abtest.zjcdn.com/a76d6ebb453351caf53152c20989ee7d/68f66e50/video/tos/cn/tos-cn-ve-0015c800/oAPlQEekVGAIpnJkOHLLB7NgfBwAUC0kIBeZNI/?a=6383&ch=10010&cr=3&dr=0&lr=all&cd=0%7C0%7C0%7C3&cv=1&br=250&bt=250&cs=2&ds=6&ft=c2YTctGHQPRUZxfusdr~kwPqYldQIKDEE-TerrNqq_45a&mime_type=video_mp4&qs=11&rc=OzMzZWg3ZzgzZWdpNzw0ZkBpajg0bGw5cmQ2dTMzNGkzM0AtYjItYF9iNV4xLTYtMTUzYSM0bGJwMmRrbTFgLS1kLS9zcw%3D%3D&btag=80000e00028000&cquery=101r_100B_100H_100K_100o&dy_q=1760969609&feature_id=c6de0308cacfd993ef282c8e1c646267&l=20251020221329FF810B6B17C3D024C6A3', 'https://www.douyin.com/aweme/v1/play/?video_id=v0200fg10000cr43panog65isie1o57g&line=0&file_id=6c8149049f0d4ba085edb4ce0b50e008&sign=4232c919c7099ec6e2af265491d5b172&is_play_url=1&source=PackSourceEnum_PUBLISH'], 'width': 576, 'height': 1024, 'url_key': 'v0200fg10000cr43panog65isie1o57g_bytevc1_540p_256179', 'data_size': 4840539, 'file_hash': '4232c919c7099ec6e2af265491d5b172', 'file_cs': 'c:0-125789-8108'}, 'is_h265': 1, 'is_bytevc1': 1, 'HDR_type': '', 'HDR_bit': '', 'FPS': 30, 'video_extra': '{"PktOffsetMap":"[{\\"time\\": 1, \\"offset\\": 208312}, {\\"time\\": 2, \\"offset\\": 236660}, {\\"time\\": 3, \\"offset\\": 265014}, {\\"time\\": 4, \\"offset\\": 296290}, {\\"time\\": 5, \\"offset\\": 326917}, {\\"time\\": 10, \\"offset\\": 509619}]","format":"mp4","definition":"540p","quality":"adapt","file_id":"6c8149049f0d4ba085edb4ce0b50e008","applog_map":{"feature_id":"c6de0308cacfd993ef282c8e1c646267"},"mvmaf":"{\\"mvmaf_sr_v1080\\":94.354,\\"mvmaf_sr_v960\\":96.215,\\"mvmaf_sr_v864\\":97.003,\\"mvmaf_sr_v720\\":98.212,\\"mvmaf_ori_v1080\\":83.936,\\"mvmaf_ori_v960\\":87.524,\\"mvmaf_ori_v864\\":88.828,\\"mvmaf_ori_v720\\":91.829}","audio_channels":"2.0","audio_sample_rate":"44100","audio_metrics":null,"audio_score":null}', 'format': 'mp4'}, {'gear_name': 'adapt_lowest_1080_1', 'quality_type': 2, 'bit_rate': 271120, 'play_addr': {'uri': 'v0200fg10000cr43panog65isie1o57g', 'url_list': ['https://v5-dy-o-abtest.zjcdn.com/bdd33d7c7013abcdd31e85d403695b2f/68f795a0/video/tos/cn/tos-cn-ve-0015c800/oIZqrAkJ5I5PFygAsIkiQgwgBvPcDAiNA0mA8/media-video-hvc1/?a=6383&ch=0&cr=8&dr=0&er=1&lr=default&cd=0%7C0%7C0%7C3&cv=1&br=264&bt=264&cs=4&ds=4&mime_type=video_mp4&qs=15&rc=ZzhkOWg4OGRkMzppZ2lpOUBpajg0bGw5cmQ2dTMzNGkzM0AtMGFiLzRgNmAxYTBhNTQvYSM0bGJwMmRrbTFgLS1kLS9zcw%3D%3D&btag=80000e00028000&cquery=100o_101r&dy_q=1760969609&l=20251020221329FF810B6B17C3D024C6A3', 'https://v5-dy-o-abtest.zjcdn.com/bdd33d7c7013abcdd31e85d403695b2f/68f795a0/video/tos/cn/tos-cn-ve-0015c800/oIZqrAkJ5I5PFygAsIkiQgwgBvPcDAiNA0mA8/media-video-hvc1/?a=6383&ch=0&cr=8&dr=0&er=1&lr=default&cd=0%7C0%7C0%7C3&cv=1&br=264&bt=264&cs=4&ds=4&mime_type=video_mp4&qs=15&rc=ZzhkOWg4OGRkMzppZ2lpOUBpajg0bGw5cmQ2dTMzNGkzM0AtMGFiLzRgNmAxYTBhNTQvYSM0bGJwMmRrbTFgLS1kLS9zcw%3D%3D&btag=80000e00028000&cquery=101r_100o&dy_q=1760969609&l=20251020221329FF810B6B17C3D024C6A3', 'https://www.douyin.com/aweme/v1/play/dash/?video_id=v0200fg10000cr43panog65isie1o57g&line=0&file_id=267f8fdd3fd740ca9ac5752ee6da350d&sign=483e774adb5deb060ef4f63698020837&is_play_url=1&source=PackSourceEnum_PUBLISH'], 'width': 1080, 'height': 1920, 'url_key': 'v0200fg10000cr43panog65isie1o57g_bytevc1_1080p_271120', 'data_size': 5121901, 'file_hash': '483e774adb5deb060ef4f63698020837'}, 'is_h265': 1, 'is_bytevc1': 1, 'HDR_type': '', 'HDR_bit': '', 'FPS': 30, 'video_extra': '{"PktOffsetMap":"","format":"dash","sub_info":"{\\"audio_channels\\":\\"2.0\\",\\"audio_layout\\":\\"C\\",\\"audio_sample_rate\\":\\"44100\\",\\"base_range_info\\":{\\"first_moof_range\\":\\"1444-3223\\",\\"index_range\\":\\"1136-1443\\",\\"init_range\\":\\"0-1135\\"},\\"check_info\\":{\\"check_info\\":\\"a:v0200fg10000cr43panog65isie1o57g|b:0-1443-d4aaec7c4ef5a488ec3eb528af569e02|c:0-1443-0525\\"},\\"gear_des_key\\":\\"0:DASH|1:normal|2:h265_hvc1|4:1080p|5:adapt_lowest|10000:105\\",\\"quality_type\\":2}","definition":"1080p","quality":"adapt_lowest","quality_desc":"","file_id":"267f8fdd3fd740ca9ac5752ee6da350d","real_bitrate":322510,"audio_file_id":"f3f7b816be4952123f077f45558ff1e0","applog_map":{"feature_id":"c6de0308cacfd993ef282c8e1c646267"},"mvmaf":"{\\"mvmaf_sr_v1080\\":-1,\\"mvmaf_sr_v960\\":-1,\\"mvmaf_sr_v864\\":-1,\\"mvmaf_sr_v720\\":-1,\\"mvmaf_ori_v1080\\":93.44,\\"mvmaf_ori_v960\\":93.843,\\"mvmaf_ori_v864\\":94.64,\\"mvmaf_ori_v720\\":95.227}","audio_metrics":null,"audio_score":null}', 'format': 'dash'}, {'gear_name': 'adapt_lowest_720_1', 'quality_type': 15, 'bit_rate': 221881, 'play_addr': {'uri': 'v0200fg10000cr43panog65isie1o57g', 'url_list': ['https://v5-dy-o-abtest.zjcdn.com/f986e9f2789be93db1b49904c7bf3657/68f795a0/video/tos/cn/tos-cn-ve-0015c800/o8knRfCNBAAAHG7eAIlieAUAbVwGkLLlHEwSBB/media-video-hvc1/?a=6383&ch=0&cr=8&dr=0&er=1&lr=default&cd=0%7C0%7C0%7C3&cv=1&br=216&bt=216&cs=4&ds=3&mime_type=video_mp4&qs=15&rc=OWdmaTdpPDk6aTM4ZDg5ZkBpajg0bGw5cmQ2dTMzNGkzM0BiNV5hMV5gXmAxLy1iLjBgYSM0bGJwMmRrbTFgLS1kLS9zcw%3D%3D&btag=80000e00028000&cquery=101r_100o&dy_q=1760969609&l=20251020221329FF810B6B17C3D024C6A3', 'https://v5-dy-o-abtest.zjcdn.com/f986e9f2789be93db1b49904c7bf3657/68f795a0/video/tos/cn/tos-cn-ve-0015c800/o8knRfCNBAAAHG7eAIlieAUAbVwGkLLlHEwSBB/media-video-hvc1/?a=6383&ch=0&cr=8&dr=0&er=1&lr=default&cd=0%7C0%7C0%7C3&cv=1&br=216&bt=216&cs=4&ds=3&mime_type=video_mp4&qs=15&rc=OWdmaTdpPDk6aTM4ZDg5ZkBpajg0bGw5cmQ2dTMzNGkzM0BiNV5hMV5gXmAxLy1iLjBgYSM0bGJwMmRrbTFgLS1kLS9zcw%3D%3D&btag=80000e00028000&cquery=101r_100o&dy_q=1760969609&l=20251020221329FF810B6B17C3D024C6A3', 'https://www.douyin.com/aweme/v1/play/dash/?video_id=v0200fg10000cr43panog65isie1o57g&line=0&file_id=cc3615ea05204fc7a6c9af44dfac8de6&sign=b5945988dd5ad822612bfadf6bb85702&is_play_url=1&source=PackSourceEnum_PUBLISH'], 'width': 720, 'height': 1280, 'url_key': 'v0200fg10000cr43panog65isie1o57g_bytevc1_720p_221881', 'data_size': 4191688, 'file_hash': 'b5945988dd5ad822612bfadf6bb85702'}, 'is_h265': 1, 'is_bytevc1': 1, 'HDR_type': '', 'HDR_bit': '', 'FPS': 30, 'video_extra': '{"PktOffsetMap":"","format":"dash","sub_info":"{\\"audio_channels\\":\\"2.0\\",\\"audio_layout\\":\\"C\\",\\"audio_sample_rate\\":\\"44100\\",\\"base_range_info\\":{\\"first_moof_range\\":\\"1444-3223\\",\\"index_range\\":\\"1136-1443\\",\\"init_range\\":\\"0-1135\\"},\\"check_info\\":{\\"check_info\\":\\"a:v0200fg10000cr43panog65isie1o57g|b:0-1443-f0507d8950d411f0e6ec16cd3df552f8|c:0-1443-4fc4\\"},\\"gear_des_key\\":\\"0:DASH|1:normal|2:h265_hvc1|4:720p|5:adapt_lowest|10000:105\\",\\"quality_type\\":15}","definition":"720p","quality":"adapt_lowest","quality_desc":"","file_id":"cc3615ea05204fc7a6c9af44dfac8de6","real_bitrate":273271,"audio_file_id":"f3f7b816be4952123f077f45558ff1e0","applog_map":{"feature_id":"c6de0308cacfd993ef282c8e1c646267"},"mvmaf":"{\\"mvmaf_sr_v1080\\":97.164,\\"mvmaf_sr_v960\\":98.244,\\"mvmaf_sr_v864\\":99.031,\\"mvmaf_sr_v720\\":99.41,\\"mvmaf_ori_v1080\\":87.205,\\"mvmaf_ori_v960\\":90.741,\\"mvmaf_ori_v864\\":92.181,\\"mvmaf_ori_v720\\":95.018}","audio_metrics":null,"audio_score":null}', 'format': 'dash'}, {'gear_name': 'adapt_540_1', 'quality_type': 28, 'bit_rate': 201209, 'play_addr': {'uri': 'v0200fg10000cr43panog65isie1o57g', 'url_list': ['https://v5-dy-o-abtest.zjcdn.com/dbc1aa0a5504e597841f713acf1c1ead/68f795a0/video/tos/cn/tos-cn-ve-0015c800/o8YIgIDAvApgPFyJAZ2AqP5QwAN8iissgcBIr/media-video-hvc1/?a=6383&ch=0&cr=8&dr=0&er=1&lr=default&cd=0%7C0%7C0%7C3&cv=1&br=196&bt=196&cs=4&ds=6&mime_type=video_mp4&qs=11&rc=ZWY1OjQ5PDNnZTlpZTozOUBpajg0bGw5cmQ2dTMzNGkzM0AwY2BeNjAuX2IxMGI2Y2NgYSM0bGJwMmRrbTFgLS1kLS9zcw%3D%3D&btag=80000e00028000&cquery=100o_101r&dy_q=1760969609&l=20251020221329FF810B6B17C3D024C6A3', 'https://v5-dy-o-abtest.zjcdn.com/dbc1aa0a5504e597841f713acf1c1ead/68f795a0/video/tos/cn/tos-cn-ve-0015c800/o8YIgIDAvApgPFyJAZ2AqP5QwAN8iissgcBIr/media-video-hvc1/?a=6383&ch=0&cr=8&dr=0&er=1&lr=default&cd=0%7C0%7C0%7C3&cv=1&br=196&bt=196&cs=4&ds=6&mime_type=video_mp4&qs=11&rc=ZWY1OjQ5PDNnZTlpZTozOUBpajg0bGw5cmQ2dTMzNGkzM0AwY2BeNjAuX2IxMGI2Y2NgYSM0bGJwMmRrbTFgLS1kLS9zcw%3D%3D&btag=80000e00028000&cquery=101r_100o&dy_q=1760969609&l=20251020221329FF810B6B17C3D024C6A3', 'https://www.douyin.com/aweme/v1/play/dash/?video_id=v0200fg10000cr43panog65isie1o57g&line=0&file_id=c6f0f79bef364bedb0193691a7c2fc3b&sign=4090190505b193d0ca2794483441f0c9&is_play_url=1&source=PackSourceEnum_PUBLISH'], 'width': 576, 'height': 1024, 'url_key': 'v0200fg10000cr43panog65isie1o57g_bytevc1_540p_201209', 'data_size': 3801174, 'file_hash': '4090190505b193d0ca2794483441f0c9'}, 'is_h265': 1, 'is_bytevc1': 1, 'HDR_type': '', 'HDR_bit': '', 'FPS': 30, 'video_extra': '{"PktOffsetMap":"","format":"dash","sub_info":"{\\"audio_channels\\":\\"2.0\\",\\"audio_layout\\":\\"C\\",\\"audio_sample_rate\\":\\"44100\\",\\"base_range_info\\":{\\"first_moof_range\\":\\"1444-3223\\",\\"index_range\\":\\"1136-1443\\",\\"init_range\\":\\"0-1135\\"},\\"check_info\\":{\\"check_info\\":\\"a:v0200fg10000cr43panog65isie1o57g|b:0-1443-99e32b87213605bd825589ae2bcaeb61|c:0-1443-e138\\"},\\"gear_des_key\\":\\"0:DASH|1:normal|2:h265_hvc1|4:540p|5:adapt|10000:105\\",\\"quality_type\\":28}","definition":"540p","quality":"adapt","quality_desc":"","file_id":"c6f0f79bef364bedb0193691a7c2fc3b","real_bitrate":256179,"audio_file_id":"f3f7b816be4952123f077f45558ff1e0","applog_map":{"feature_id":"c6de0308cacfd993ef282c8e1c646267"},"mvmaf":"{\\"mvmaf_sr_v1080\\":94.354,\\"mvmaf_sr_v960\\":96.215,\\"mvmaf_sr_v864\\":97.003,\\"mvmaf_sr_v720\\":98.212,\\"mvmaf_ori_v1080\\":83.936,\\"mvmaf_ori_v960\\":87.524,\\"mvmaf_ori_v864\\":88.828,\\"mvmaf_ori_v720\\":91.829}","audio_metrics":null,"audio_score":null}', 'format': 'dash'}], 'duration': 151161, 'play_addr_265': {'uri': 'v0200fg10000cr43panog65isie1o57g', 'url_list': ['https://v5-dy-o-abtest.zjcdn.com/a76d6ebb453351caf53152c20989ee7d/68f66e50/video/tos/cn/tos-cn-ve-0015c800/oAPlQEekVGAIpnJkOHLLB7NgfBwAUC0kIBeZNI/?a=6383&ch=10010&cr=3&dr=0&lr=all&cd=0%7C0%7C0%7C3&cv=1&br=250&bt=250&cs=2&ds=6&ft=c2YTctGHQPRUZxfusdr~kwPqYldQIKDEE-TerrNqq_45a&mime_type=video_mp4&qs=11&rc=OzMzZWg3ZzgzZWdpNzw0ZkBpajg0bGw5cmQ2dTMzNGkzM0AtYjItYF9iNV4xLTYtMTUzYSM0bGJwMmRrbTFgLS1kLS9zcw%3D%3D&btag=80000e00028000&cquery=100o_101r_100B_100H_100K&dy_q=1760969609&feature_id=c6de0308cacfd993ef282c8e1c646267&l=20251020221329FF810B6B17C3D024C6A3', 'https://v5-dy-o-abtest.zjcdn.com/a76d6ebb453351caf53152c20989ee7d/68f66e50/video/tos/cn/tos-cn-ve-0015c800/oAPlQEekVGAIpnJkOHLLB7NgfBwAUC0kIBeZNI/?a=6383&ch=10010&cr=3&dr=0&lr=all&cd=0%7C0%7C0%7C3&cv=1&br=250&bt=250&cs=2&ds=6&ft=c2YTctGHQPRUZxfusdr~kwPqYldQIKDEE-TerrNqq_45a&mime_type=video_mp4&qs=11&rc=OzMzZWg3ZzgzZWdpNzw0ZkBpajg0bGw5cmQ2dTMzNGkzM0AtYjItYF9iNV4xLTYtMTUzYSM0bGJwMmRrbTFgLS1kLS9zcw%3D%3D&btag=80000e00028000&cquery=101r_100B_100H_100K_100o&dy_q=1760969609&feature_id=c6de0308cacfd993ef282c8e1c646267&l=20251020221329FF810B6B17C3D024C6A3', 'https://www.douyin.com/aweme/v1/play/?video_id=v0200fg10000cr43panog65isie1o57g&line=0&file_id=6c8149049f0d4ba085edb4ce0b50e008&sign=4232c919c7099ec6e2af265491d5b172&is_play_url=1&source=PackSourceEnum_PUBLISH'], 'width': 576, 'height': 1024, 'url_key': 'v0200fg10000cr43panog65isie1o57g_bytevc1_540p_256179', 'data_size': 4840539, 'file_hash': '4232c919c7099ec6e2af265491d5b172', 'file_cs': 'c:0-125789-8108'}, 'bit_rate_audio': [{'audio_meta': {'url_list': {'main_url': 'https://v5-dy-o-abtest.zjcdn.com/90cb9afb6f579b968bcaa5762e2b0c77/68f795a0/video/tos/cn/tos-cn-ve-0015c800/o8YIgIDAvApgPFyJAZ2AqP5QwAN8iissgcBIr/media-audio-und-mp4a/?a=6383&ch=0&cr=8&dr=0&er=1&lr=default&cd=0%7C0%7C0%7C3&cv=1&br=50&bt=50&cs=4&mime_type=video_mp4&qs=11&rc=MzRpODhpOmk1NTxoOTs6NkBpajg0bGw5cmQ2dTMzNGkzM0BiYzUyMTQtMC4yMV8uX2NjYSM0bGJwMmRrbTFgLS1kLS9zcw%3D%3D&btag=80000e00028000&cquery=101r_100o&dy_q=1760969609&l=20251020221329FF810B6B17C3D024C6A3', 'backup_url': 'https://v5-dy-o-abtest.zjcdn.com/90cb9afb6f579b968bcaa5762e2b0c77/68f795a0/video/tos/cn/tos-cn-ve-0015c800/o8YIgIDAvApgPFyJAZ2AqP5QwAN8iissgcBIr/media-audio-und-mp4a/?a=6383&ch=0&cr=8&dr=0&er=1&lr=default&cd=0%7C0%7C0%7C3&cv=1&br=50&bt=50&cs=4&mime_type=video_mp4&qs=11&rc=MzRpODhpOmk1NTxoOTs6NkBpajg0bGw5cmQ2dTMzNGkzM0BiYzUyMTQtMC4yMV8uX2NjYSM0bGJwMmRrbTFgLS1kLS9zcw%3D%3D&btag=80000e00028000&cquery=101r_100o&dy_q=1760969609&l=20251020221329FF810B6B17C3D024C6A3', 'fallback_url': 'https://www.douyin.com/aweme/v1/play/dash/?video_id=v0200fg10000cr43panog65isie1o57g&line=0&file_id=f3f7b816be4952123f077f45558ff1e0&sign=f3f7b816be4952123f077f45558ff1e0&is_play_url=1&source=PackSourceEnum_PUBLISH'}, 'encoded_type': 'normal', 'media_type': 'audio', 'logo_type': '', 'quality': 'adapt', 'quality_desc': '', 'format': 'dash', 'bitrate': 51390, 'codec_type': 'bytevc1', 'size': 971018, 'fps': 0, 'file_id': 'f3f7b816be4952123f077f45558ff1e0', 'file_hash': 'f3f7b816be4952123f077f45558ff1e0', 'sub_info': '{"audio_channels":"2.0","audio_layout":"C","audio_sample_rate":"44100","base_range_info":{"index_range":"866-1185","init_range":"0-865"},"check_info":{"check_info":"a:v0200fg10000cr43panog65isie1o57g|b:0-1185-581cb36a08db59c728ebfd38b6d4d885|c:0-1185-67f1"},"gear_des_key":"0:dash|1:normal|2:bytevc1|5:adapt|10000:105"}'}, 'audio_quality': 5, 'audio_extra': '{"real_bitrate":256179}'}], 'play_addr_h264': {'uri': 'v0200fg10000cr43panog65isie1o57g', 'url_list': ['https://v5-dy-o-abtest.zjcdn.com/0684ffe629b286fb565e8d8a97fa4bf3/68f66e50/video/tos/cn/tos-cn-ve-0015c800/oQPsIIIGZPFJgcQUNYwAg7LQPq58ivAIBQyiE/?a=6383&ch=10010&cr=3&dr=0&lr=all&cd=0%7C0%7C0%7C3&cv=1&br=725&bt=725&cs=0&ds=3&ft=c2YTctGHQPRUZxfusdr~kwPqYldQIKDEE-TerrNqq_45a&mime_type=video_mp4&qs=0&rc=NDU8NmVmNDw0M2Y0PDM0N0Bpajg0bGw5cmQ2dTMzNGkzM0AzNmE0Yy4uNi8xYC1fYy41YSM0bGJwMmRrbTFgLS1kLS9zcw%3D%3D&btag=80000e00028000&cquery=100K_100o_101r_100B_100H&dy_q=1760969609&feature_id=2e1813f3872a2105acee44623dff2864&l=20251020221329FF810B6B17C3D024C6A3', 'https://v5-dy-o-abtest.zjcdn.com/0684ffe629b286fb565e8d8a97fa4bf3/68f66e50/video/tos/cn/tos-cn-ve-0015c800/oQPsIIIGZPFJgcQUNYwAg7LQPq58ivAIBQyiE/?a=6383&ch=10010&cr=3&dr=0&lr=all&cd=0%7C0%7C0%7C3&cv=1&br=725&bt=725&cs=0&ds=3&ft=c2YTctGHQPRUZxfusdr~kwPqYldQIKDEE-TerrNqq_45a&mime_type=video_mp4&qs=0&rc=NDU8NmVmNDw0M2Y0PDM0N0Bpajg0bGw5cmQ2dTMzNGkzM0AzNmE0Yy4uNi8xYC1fYy41YSM0bGJwMmRrbTFgLS1kLS9zcw%3D%3D&btag=80000e00028000&cquery=100K_100o_101r_100B_100H&dy_q=1760969609&feature_id=2e1813f3872a2105acee44623dff2864&l=20251020221329FF810B6B17C3D024C6A3', 'https://www.douyin.com/aweme/v1/play/?video_id=v0200fg10000cr43panog65isie1o57g&line=0&file_id=8411f0b901cc402199111cfb73d99261&sign=7b29bf8d017acb074f48cde723c6180b&is_play_url=1&source=PackSourceEnum_PUBLISH'], 'width': 720, 'height': 1280, 'url_key': 'v0200fg10000cr43panog65isie1o57g_h264_720p_743032', 'data_size': 14039697, 'file_hash': '7b29bf8d017acb074f48cde723c6180b', 'file_cs': 'c:0-165413-c41f'}, 'raw_cover': {'uri': 'tos-cn-i-dy/0f5d0052108c4b528098cc154855a506', 'url_list': ['https://p3-pc-sign.douyinpic.com/tos-cn-i-dy/0f5d0052108c4b528098cc154855a506~tplv-dy-cropcenter:323:430.jpeg?lk3s=138a59ce&x-expires=2076328800&x-signature=0004wA2RkXVvGmMd2KGs8oi4fVA%3D&from=327834062&s=PackSourceEnum_PUBLISH&se=true&sh=323_430&sc=cover&biz_tag=pcweb_cover&l=20251020221329FF810B6B17C3D024C6A3', 'https://p3-pc-sign.douyinpic.com/obj/tos-cn-i-dy/0f5d0052108c4b528098cc154855a506?lk3s=138a59ce&x-expires=2076328800&x-signature=rRd8L23k%2Bal8sVkLaOCLjMKr2Ck%3D&from=327834062&s=PackSourceEnum_PUBLISH&se=false&sc=cover&biz_tag=pcweb_cover&l=20251020221329FF810B6B17C3D024C6A3'], 'width': 720, 'height': 720}, 'is_long_video': 1, 'animated_cover': {'uri': 'tos-cn-i-dy/0f5d0052108c4b528098cc154855a506', 'url_list': ['https://p3-pc-sign.douyinpic.com/obj/tos-cn-i-dy/0f5d0052108c4b528098cc154855a506?lk3s=138a59ce&x-expires=1762178400&x-signature=wWKsv2dCd6dL8jUuIO0zj7xKB04%3D&from=327834062_large&s=PackSourceEnum_PUBLISH&se=false&sc=dynamic_cover&biz_tag=pcweb_cover&l=20251020221329FF810B6B17C3D024C6A3', 'https://p9-pc-sign.douyinpic.com/obj/tos-cn-i-dy/0f5d0052108c4b528098cc154855a506?lk3s=138a59ce&x-expires=1762178400&x-signature=9aS0Pl8usksCY4Er16o60hMWYJM%3D&from=327834062_large&s=PackSourceEnum_PUBLISH&se=false&sc=dynamic_cover&biz_tag=pcweb_cover&l=20251020221329FF810B6B17C3D024C6A3']}, 'gaussian_cover': {'uri': 'tos-cn-p-0015/oEGgnEMVgCwkBgIoZe7eBTLBgle8HAUnDkAWLN', 'url_list': ['https://p3-pc-sign.douyinpic.com/tos-cn-p-0015/oEGgnEMVgCwkBgIoZe7eBTLBgle8HAUnDkAWLN~tplv-tsj2vxp0zn-gaosi:40.jpeg?lk3s=138a59ce&x-expires=1792504800&x-signature=lBsNuWBL6%2FvhdctP3dCQ8XXrR1w%3D&from=327834062', 'https://p9-pc-sign.douyinpic.com/tos-cn-p-0015/oEGgnEMVgCwkBgIoZe7eBTLBgle8HAUnDkAWLN~tplv-tsj2vxp0zn-gaosi:40.jpeg?lk3s=138a59ce&x-expires=1792504800&x-signature=QvzXV3F%2F38iuo%2BIH1JYJ15Fe%2FrI%3D&from=327834062'], 'width': 720, 'height': 720}, 'meta': '{"enable_manual_ladder":"1","format":"mp4","gear_vqm":"{\\"1080p_720p\\":2,\\"720p_540p\\":0}","hrids":"500000002","is_spatial_video":"0","isad":"0","loudness":"-22.1","peak":"1","qprf":"1.000","sdgs":"[\\"normal_720_0\\",\\"low_720_0\\",\\"low_540_0\\",\\"adapt_low_540_0\\",\\"adapt_lowest_1080_1\\",\\"adapt_lowest_720_1\\",\\"adapt_540_1\\"]","sr_score":"1.000","strategy_tokens":"[\\"online\\",\\"strategy_iteration_ab01_0809\\",\\"strategy_iteration_ab02_0809\\"]","title_info":"{\\"bottom_res_add\\":[2.32,18.95,44.96,55.82,68.27,57.91,22.18,2.64,2.68,0.18,0.27,0,0,0,0.45],\\"bullet_zone\\":8.73,\\"progress_bar\\":[0.4,0.41,0.43],\\"ratio_br_l\\":[0,0,0,0,0,0],\\"ratio_edge_l\\":[0.02,0.01,0.14,0.3,0.31,0.28],\\"top_res_add\\":[0,0,3.64,52.64,43.09,0.09,0.82],\\"version\\":\\"v1.0\\"}","volume_info":"{\\"LoudnessRangeStart\\":-27,\\"MaximumMomentaryLoudness\\":-8.9,\\"MaximumShortTermLoudness\\":-16.6,\\"Peak\\":1,\\"Version\\":2,\\"LoudnessRangeEnd\\":-17.8,\\"LoudnessRange\\":9.2,\\"Metrics\\":{\\"Loudness\\":{\\"Integrated\\":-22.053},\\"Phase\\":{\\"RMSDownmixDiff\\":-0.317},\\"RMSStats\\":{\\"Peak\\":0.108,\\"RTotal\\":-25.141,\\"LRDiff\\":0.065,\\"LTotal\\":-25.076},\\"Version\\":\\"1.4.2\\"},\\"Loudness\\":-22.1}","vqs_origin":"0"}', 'video_model': '', 'is_source_HDR': 0, 'use_static_cover': True, 'big_thumbs': [{'img_num': 76, 'uri': 'tos-cn-p-0015/o4qvQrPOGAwsIF86iIIDHyZPBPIZJg5cbiRAg', 'img_url': 'https://p3-sign.douyinpic.com/tos-cn-p-0015/o4qvQrPOGAwsIF86iIIDHyZPBPIZJg5cbiRAg~tplv-noop.image?cquery=100o_101r_100B_100H_100K&dy_q=1760969609&l=20251020221329FF810B6B17C3D024C6A3&x-expires=1760980560&x-signature=20i4JliSCNgWAmp5hZXjGfw45pk%3D', 'img_x_size': 136, 'img_y_size': 240, 'img_x_len': 5, 'img_y_len': 5, 'duration': 151.13333, 'interval': 2, 'fext': 'jpg', 'uris': ['tos-cn-p-0015/o4qvQrPOGAwsIF86iIIDHyZPBPIZJg5cbiRAg', 'tos-cn-p-0015/ooZDAasXgJBWiOdIV8I5wgyPPcPIAviI4QFqa', 'tos-cn-p-0015/ooQGNkGL7BVHBCekdZlBDweAIbEOIUrQnAeL7P', 'tos-cn-p-0015/o4AIz7PlcwsyPIOZA8IPZIiABgIkJPFQiqvg5'], 'img_urls': ['https://p3-sign.douyinpic.com/tos-cn-p-0015/o4qvQrPOGAwsIF86iIIDHyZPBPIZJg5cbiRAg~tplv-noop.image?cquery=100o_101r_100B_100H_100K&dy_q=1760969609&l=20251020221329FF810B6B17C3D024C6A3&x-expires=1760980560&x-signature=20i4JliSCNgWAmp5hZXjGfw45pk%3D', 'https://p3-sign.douyinpic.com/tos-cn-p-0015/ooZDAasXgJBWiOdIV8I5wgyPPcPIAviI4QFqa~tplv-noop.image?cquery=100B_100H_100K_100o_101r&dy_q=1760969609&l=20251020221329FF810B6B17C3D024C6A3&x-expires=1760980560&x-signature=dMb%2BgoQHmTgia7gYPyj6IEHbZNA%3D', 'https://p3-sign.douyinpic.com/tos-cn-p-0015/ooQGNkGL7BVHBCekdZlBDweAIbEOIUrQnAeL7P~tplv-noop.image?cquery=100o_101r_100B_100H_100K&dy_q=1760969609&l=20251020221329FF810B6B17C3D024C6A3&x-expires=1760980560&x-signature=1f1aKV60EDhpZjsFzBMt0WWcYcw%3D', 'https://p3-sign.douyinpic.com/tos-cn-p-0015/o4AIz7PlcwsyPIOZA8IPZIiABgIkJPFQiqvg5~tplv-noop.image?cquery=101r_100B_100H_100K_100o&dy_q=1760969609&l=20251020221329FF810B6B17C3D024C6A3&x-expires=1760980560&x-signature=5nNhefdhY8mei48ZYXq%2FOXWgNFM%3D']}]}, 'item_aigc_follow_shot': 1, 'user_digged': 0, 'statistics': {'recommend_count': 4, 'comment_count': 6, 'digg_count': 107, 'admire_count': 0, 'play_count': 0, 'share_count': 54, 'collect_count': 42}, 'status': {'not_allow_soft_del_reason': 'ab', 'is_delete': False, 'allow_share': True, 'review_result': {'review_status': 0}, 'allow_friend_recommend_guide': True, 'part_see': 0, 'private_status': 0, 'listen_video_status': 2, 'in_reviewing': False, 'allow_self_recommend_to_friend': True, 'allow_friend_recommend': True, 'is_prohibited': False, 'enable_soft_delete': 0}, 'flash_mob_trends': 0, 'text_extra': [{'start': 15, 'end': 20, 'type': 1, 'hashtag_name': '父母课堂', 'hashtag_id': '1600624540786695', 'is_commerce': False, 'caption_start': 15, 'caption_end': 20}, {'start': 22, 'end': 27, 'type': 1, 'hashtag_name': '幼儿教育', 'hashtag_id': '1591352385275918', 'is_commerce': False, 'caption_start': 22, 'caption_end': 27}, {'start': 29, 'end': 34, 'type': 1, 'hashtag_name': '亲子关系', 'hashtag_id': '1595199377513476', 'is_commerce': False, 'caption_start': 29, 'caption_end': 34}, {'start': 36, 'end': 41, 'type': 1, 'hashtag_name': '父母成长', 'hashtag_id': '1613220835356676', 'is_commerce': False, 'caption_start': 36, 'caption_end': 41}, {'start': 43, 'end': 46, 'type': 1, 'hashtag_name': '育儿', 'hashtag_id': '1767586940916743', 'is_commerce': False, 'caption_start': 43, 'caption_end': 46}], 'is_top': 0, 'mv_info': None, 'share_info': {'share_url': 'https://www.iesdouyin.com/share/video/7406236218150669619/?region=US&mid=7406236411306756901&u_code=0&did=MS4wLjABAAAAvCMmrvAxedjvycgJ9K0iX5KdtDHpyq-etIWoeicy6xniB0XMxRYv3S-CyP_GdsPs&iid=MS4wLjABAAAANwkJuWIRFOzg5uCpDRpMj4OX-QryoDgn-yYlXQnRwQQ&with_sec_did=1&video_share_track_ver=&titleType=title&share_sign=UjY2LmH_B1jLY7ywx9ZsRQXSHh7FFBSRRRIy6y3UzZs-&share_version=290100&ts=1760969609&from_aid=6383&from_ssr=1&share_track_info=%7B%22link_description_type%22%3A%22%22%7D', 'share_link_desc': '4.82 U@y.Gv seb:/ 11/16 如何培养自信且敢于表达的孩子 # 父母课堂 # 幼儿教育 # 亲子关系 # 父母成长 # 育儿  %s 复制此链接，打开Dou音搜索，直接观看视频！'}, 'caption_template_id': 0, 'video_labels': None, 'shoot_way': '', 'is_ads': False, 'duration': 151161, 'aweme_type': 0, 'is_new_text_mode': 0, 'ai_follow_images': None, 'image_infos': None, 'risk_infos': {'vote': False, 'warn': False, 'risk_sink': False, 'type': 0, 'content': ''}, 'entertainment_video_type': 3, 'chapter_bar_color': None, 'position': None, 'uniqid_position': None, 'comment_list': None, 'author_user_id': 1965574329213736, 'product_genre_info': {'product_genre_type': 2, 'material_genre_sub_type_set': [4], 'special_info': {'recommend_group_name': 0}}, 'geofencing': [], 'is_from_ad_auth': False, 'is_moment_story': 0, 'region': '', 'video_text': None, 'video_share_edit_status': 0, 'collect_stat': 0, 'label_top_text': None, 'promotions': [], 'group_id': '7406236218150669619', 'prevent_download': False, 'nickname_position': None, 'challenge_position': None, 'trends_event_track': '{}', 'enable_comment_sticker_rec': False, 'mark_largely_following': False, 'long_video': None, 'aweme_listen_struct': {'trace_info': '{"copyright_not_speech":"false","copyright_reason":"has_listen_cp_new","copyright_tag_hit":"","copyright_use_aed_default":"false","copyright_use_tag_default":"false","cp_ab":"true","desc":"","duration_over":"false","hit_high_risk":"false","media_type":"4","reason":"hit_ab_0","show":"false"}'}, 'component_control': {'data_source_url': '/aweme/v1/web/aweme/post/'}, 'friend_recommend_info': {'friend_recommend_source': 10, 'label_user_list': None, 'disable_friend_recommend_guide_label': False}, 'nearby_hot_comment': None, 'interaction_stickers': None, 'can_cache_to_local': True, 'origin_comment_ids': None, 'commerce_config_data': None, 'douplus_user_type': 0, 'video_control': {'allow_download': False, 'share_type': 0, 'show_progress_bar': 1, 'draft_progress_bar': 1, 'allow_duet': True, 'allow_react': False, 'prevent_download_type': 2, 'allow_dynamic_wallpaper': False, 'timer_status': 1, 'allow_music': True, 'allow_stitch': False, 'allow_douplus': True, 'allow_share': True, 'share_grayed': False, 'download_ignore_visibility': False, 'duet_ignore_visibility': False, 'share_ignore_visibility': False, 'download_info': {'level': 1, 'fail_info': {'code': 290002, 'reason': 'isolation_content', 'msg': '视频暂时无法保存，链接已复制'}}, 'duet_info': {'level': 0}, 'allow_record': True, 'disable_record_reason': '', 'timer_info': {}}, 'aweme_control': {'can_forward': True, 'can_share': True, 'can_comment': True, 'can_show_comment': True}, 'interest_points': None, 'is_25_story': 0, 'aweme_type_tags': '', 'entertainment_video_paid_way': {'paid_ways': [], 'paid_type': 0, 'enable_use_new_ent_data': False}, 'anchors': None, 'hybrid_label': None, 'geofencing_regions': None, 'select_anchor_expanded_content': 0, 'aweme_acl': {'download_mask_panel': {'code': 1, 'show_type': 0}}, 'ent_log_extra': {'log_extra': '{"global_log_extra":null,"page_log_extra":null,"aweme_log_extra":{"ce_current_group_id":"7406236218150669619","author_id":"1965574329213736"},"extra_log_extra":null}'}, 'is_story': 0, 'publish_plus_alienation': {'alienation_type': 0}, 'trends_infos': None, 'follow_shot_assets': None, 'cover_labels': None, 'series_basic_info': {}, 'origin_duet_resource_uri': '', 'guide_btn_type': 0, 'cf_assets_type': 0, 'personal_page_botton_diagnose_style': 0, 'images': None, 'relation_labels': None, 'is_moment_history': 0, 'impression_data': {'group_id_list_a': [], 'group_id_list_b': [], 'similar_id_list_a': None, 'similar_id_list_b': None, 'group_id_list_c': [], 'group_id_list_d': []}, 'game_tag_info': {'is_game': False}, 'is_24_story': 0, 'libfinsert_task_id': '', 'social_tag_list': None, 'suggest_words': {'suggest_words': [{'words': [], 'scene': 'detail_inbox_rex', 'icon_url': '', 'hint_text': '', 'extra_info': '{}'}]}, 'show_follow_button': {}, 'duet_aggregate_in_music_tab': False, 'is_duet_sing': False, 'comment_permission_info': {'comment_permission_status': 0, 'can_comment': True, 'item_detail_entry': False, 'press_entry': False, 'toast_guide': False}, 'original_images': None, 'series_paid_info': {'series_paid_status': 0, 'item_price': 0}, 'img_bitrate': None, 'comment_gid': 7406236218150669619, 'image_album_music_info': {'begin_time': -1, 'end_time': -1, 'volume': -1}, 'video_tag': [{'tag_id': 2024, 'tag_name': '亲子', 'level': 1}, {'tag_id': 2024006, 'tag_name': '母婴', 'level': 2}, {'tag_id': 2024006003, 'tag_name': '育儿知识', 'level': 3}], 'is_collects_selected': 0, 'chapter_list': None, 'feed_comment_config': {'input_config_text': '善语结善缘，恶言伤人心', 'author_audit_status': 0, 'common_flags': '{"hashtag":"[{\\"name\\":\\"亲子关系\\",\\"id\\":1595199377513476},{\\"name\\":\\"父母成长\\",\\"id\\":1613220835356676},{\\"name\\":\\"育儿\\",\\"id\\":1767586940916743},{\\"name\\":\\"父母课堂\\",\\"id\\":1600624540786695},{\\"name\\":\\"幼儿教育\\",\\"id\\":1591352385275918}]","item_author_nickname":"孙瑞雪聊教育","video_labels_v2_tag1":"母婴","video_labels_v2_tag2":"育儿理念"}'}, 'is_image_beat': False, 'dislike_dimension_list': None, 'standard_bar_info_list': None, 'photo_search_entrance': {'ecom_type': 0}, 'is_life_item': False, 'image_list': None, 'component_info_v2': '{"desc_lines_limit":0,"hide_marquee":false}', 'item_warn_notification': {'type': 0, 'show': False, 'content': ''}, 'origin_text_extra': None, 'disable_relation_bar': 0, 'packed_clips': None, 'author_mask_tag': 0, 'user_recommend_status': 1, 'collection_corner_mark': 0, 'is_share_post': False, 'image_comment': {}, 'visual_search_info': {'is_show_img_entrance': False, 'is_ecom_img': False, 'is_high_accuracy_ecom': False, 'is_high_recall_ecom': False}, 'tts_id_list': None, 'ref_tts_id_list': None, 'voice_modify_id_list': None, 'ref_voice_modify_id_list': None, 'authentication_token': 'MS4wLjAAAAAAdRKLXOybJdOettEUDqVoWkP4hEuRvd9zoFFm-yhpLt-M0QC4hAlJGYEAkh3c_Y6qYPhGkLc9t6z31s1S32iz8Hza5LalEUUoPX_zGYqEvcST0MhkI8syNJ29mnHhFVD4m-Sf75u65XmuVEFGmCbAxHcFNN8jsmlP_OCQuUdpQCe1RCY8p7lq2veupefAa8gLGYu_F5MRApgZfWKawa0IEVVg9tHrQ1BMmwkHm74elajPS-vK83_LXCToF4jTKG_k', 'video_game_data_channel_config': {}, 'dislike_dimension_list_v2': None, 'distribute_circle': {'distribute_type': 0, 'campus_block_interaction': False, 'is_campus': False}, 'image_crop_ctrl': 0, 'yumme_recreason': None, 'slides_music_beats': None, 'jump_tab_info_list': None, 'media_type': 4, 'reply_smart_emojis': None, 'activity_video_type': -1, 'boost_status': 0, 'create_scale_type': None, 'entertainment_product_info': {'sub_title': None, 'market_info': {'limit_free': {'in_free': False}, 'marketing_tag': None}}, 'caption': '如何培养自信且敢于表达的孩子 #父母课堂  #幼儿教育  #亲子关系  #父母成长  #育儿', 'item_title': '', 'is_use_music': False, 'original': 0, 'xigua_base_info': {'status': 0, 'star_altar_order_id': 0, 'star_altar_type': 0, 'item_id': 0}}, {'aweme_id': '7406236063473159462', 'desc': '当我们面对不同的价值观… #家庭教育  #女性成长  #父母课堂  #育儿', 'create_time': 1724492400, 'author': {'uid': '1965574329213736', 'card_entries_not_display': None, 'nickname': '孙瑞雪聊教育', 'personal_tag_list': None, 'homepage_bottom_toast': None, 'avatar_thumb': {'uri': '100x100/aweme-avatar/tos-cn-avt-0015_afee5b125df955a19af4c41159ad1295', 'url_list': ['https://p3-pc.douyinpic.com/aweme/100x100/aweme-avatar/tos-cn-avt-0015_afee5b125df955a19af4c41159ad1295.jpeg?from=327834062'], 'width': 720, 'height': 720}, 'batch_unfollow_contain_tabs': None, 'not_seen_item_id_list': None, 'follow_status': 0, 'contrail_list': None, 'story_interactive': 0, 'data_label_list': None, 'custom_verify': '', 'follower_list_secondary_information_struct': None, 'display_info': None, 'interest_tags': None, 'account_cert_info': '{}', 'user_tags': None, 'share_info': {'share_url': '', 'share_weibo_desc': '', 'share_desc': '', 'share_title': '', 'share_qrcode_url': {'uri': '31b0500316c4e154852bc', 'url_list': ['https://p3-pc-sign.douyinpic.com/obj/31b0500316c4e154852bc?lk3s=138a59ce&x-expires=1760990400&x-signature=VnOegD8kfOkclbkCT%2BIUAVSkQl4%3D&from=327834062'], 'width': 720, 'height': 720}, 'share_title_myself': '', 'share_title_other': '', 'share_desc_info': ''}, 'can_set_geofencing': None, 'sec_uid': 'MS4wLjABAAAAnAFnkWlOm9jteymsi42fanYLMzfbqdGIwCILEUqDNmFyjfK9N8fSJdS_D2UWk_we', 'need_points': None, 'enterprise_verify_reason': '', 'is_ad_fake': False, 'story_ttl': 0, 'user_permissions': None, 'card_entries': None, 'creator_tag_list': None, 'offline_info_list': None, 'text_extra': None, 'card_sort_priority': None, 'prevent_download': False, 'special_people_labels': None, 'white_cover_url': None, 'endorsement_info_list': None, 'follower_status': 0, 'profile_mob_params': None, 'familiar_visitor_user': None, 'avatar_schema_list': None, 'cover_url': [{'uri': 'c8510002be9a3a61aad2', 'url_list': ['https://p3-pc-sign.douyinpic.com/obj/c8510002be9a3a61aad2?lk3s=138a59ce&x-expires=1762178400&x-signature=bEz6E0nbTH1458RtDsUU87G74Mk%3D&from=327834062'], 'width': 720, 'height': 720}], 'cf_list': None, 'im_role_ids': None, 'not_seen_item_id_list_v2': None, 'signature_extra': None, 'risk_notice_text': '', 'ban_user_functions': None, 'profile_component_disabled': None, 'verification_permission_ids': None, 'identity_labels': None, 'private_relation_list': None, 'link_item_list': None, 'batch_unfollow_relation_desc': None}, 'music': {'id': 7406236083568020250, 'id_str': '7406236083568020250', 'title': '@孙瑞雪聊教育创作的原声', 'author': '孙瑞雪聊教育', 'album': '', 'cover_hd': {'uri': '1080x1080/aweme-avatar/tos-cn-avt-0015_afee5b125df955a19af4c41159ad1295', 'url_list': ['https://p3-pc.douyinpic.com/aweme/1080x1080/aweme-avatar/tos-cn-avt-0015_afee5b125df955a19af4c41159ad1295.jpeg?from=327834062'], 'width': 720, 'height': 720}, 'cover_large': {'uri': '1080x1080/aweme-avatar/tos-cn-avt-0015_afee5b125df955a19af4c41159ad1295', 'url_list': ['https://p3-pc.douyinpic.com/aweme/1080x1080/aweme-avatar/tos-cn-avt-0015_afee5b125df955a19af4c41159ad1295.jpeg?from=327834062'], 'width': 720, 'height': 720}, 'cover_medium': {'uri': '720x720/aweme-avatar/tos-cn-avt-0015_afee5b125df955a19af4c41159ad1295', 'url_list': ['https://p3-pc.douyinpic.com/aweme/720x720/aweme-avatar/tos-cn-avt-0015_afee5b125df955a19af4c41159ad1295.jpeg?from=327834062'], 'width': 720, 'height': 720}, 'cover_thumb': {'uri': '100x100/aweme-avatar/tos-cn-avt-0015_afee5b125df955a19af4c41159ad1295', 'url_list': ['https://p3-pc.douyinpic.com/aweme/100x100/aweme-avatar/tos-cn-avt-0015_afee5b125df955a19af4c41159ad1295.jpeg?from=327834062'], 'width': 720, 'height': 720}, 'play_url': {'uri': 'https://sf5-hl-ali-cdn-tos.douyinstatic.com/obj/ies-music/7406236156179909426.mp3', 'url_list': ['https://sf5-hl-ali-cdn-tos.douyinstatic.com/obj/ies-music/7406236156179909426.mp3', 'https://sf5-hl-cdn-tos.douyinstatic.com/obj/ies-music/7406236156179909426.mp3'], 'width': 720, 'height': 720, 'url_key': '7406236083568020250'}, 'schema_url': '', 'source_platform': 23, 'start_time': 0, 'end_time': 0, 'duration': 59, 'extra': '{"aed_music_score":0,"aed_singing_score":0.02,"aggregate_exempt_conf":[],"beats":{},"cover_colors":null,"douyin_beats_info":{},"dsp_switch":0,"extract_item_id":7406236063473159462,"has_edited":0,"hit_high_follow_auto":false,"hit_high_follow_extend":false,"hit_high_follow_original":false,"hotsoon_review_time":-1,"is_aed_music":0,"is_high_follow_user":false,"is_red":0,"is_subsidy_exp":false,"music_label_id":null,"music_tagging":{"AEDs":null,"Genres":null,"Instruments":null,"Languages":null,"Moods":null,"SingingVersions":null,"Themes":null},"review_unshelve_reason":0,"reviewed":0,"schedule_search_time":0,"uniqa_speech_score":0.97,"with_aed_model":1}', 'user_count': 0, 'position': None, 'collect_stat': 0, 'status': 1, 'offline_desc': '', 'owner_id': '1965574329213736', 'owner_nickname': '孙瑞雪聊教育', 'is_original': False, 'mid': '7406236083568020250', 'binded_challenge_id': 0, 'redirect': False, 'is_restricted': False, 'author_deleted': False, 'is_del_video': False, 'is_video_self_see': False, 'owner_handle': '63566855132', 'author_position': None, 'prevent_download': False, 'unshelve_countries': None, 'prevent_item_download_status': 0, 'external_song_info': [], 'sec_uid': 'MS4wLjABAAAAnAFnkWlOm9jteymsi42fanYLMzfbqdGIwCILEUqDNmFyjfK9N8fSJdS_D2UWk_we', 'avatar_thumb': {'uri': '100x100/aweme-avatar/tos-cn-avt-0015_afee5b125df955a19af4c41159ad1295', 'url_list': ['https://p3-pc.douyinpic.com/aweme/100x100/aweme-avatar/tos-cn-avt-0015_afee5b125df955a19af4c41159ad1295.jpeg?from=327834062'], 'width': 720, 'height': 720}, 'avatar_medium': {'uri': '720x720/aweme-avatar/tos-cn-avt-0015_afee5b125df955a19af4c41159ad1295', 'url_list': ['https://p3-pc.douyinpic.com/aweme/720x720/aweme-avatar/tos-cn-avt-0015_afee5b125df955a19af4c41159ad1295.jpeg?from=327834062'], 'width': 720, 'height': 720}, 'avatar_large': {'uri': '1080x1080/aweme-avatar/tos-cn-avt-0015_afee5b125df955a19af4c41159ad1295', 'url_list': ['https://p3-pc.douyinpic.com/aweme/1080x1080/aweme-avatar/tos-cn-avt-0015_afee5b125df955a19af4c41159ad1295.jpeg?from=327834062'], 'width': 720, 'height': 720}, 'preview_start_time': 0, 'preview_end_time': 0, 'is_commerce_music': False, 'is_original_sound': True, 'audition_duration': 59, 'shoot_duration': 59, 'reason_type': 0, 'artists': [], 'lyric_short_position': None, 'mute_share': False, 'tag_list': None, 'dmv_auto_show': False, 'is_pgc': False, 'is_matched_metadata': False, 'is_audio_url_with_cookie': False, 'music_chart_ranks': None, 'can_background_play': True, 'music_status': 1, 'video_duration': 59, 'pgc_music_type': 2, 'author_status': 1, 'search_impr': {'entity_id': '7406236083568020250'}, 'artist_user_infos': None, 'dsp_status': 10, 'musician_user_infos': None, 'music_collect_count': 0, 'music_cover_atmosphere_color_value': '', 'show_origin_clip': False}, 'effect_inflow_effects': None, 'video': {'play_addr': {'uri': 'v0200fg10000cr43oqvog65nqdnv1o40', 'url_list': ['https://v5-dy-o-abtest.zjcdn.com/32e31e430b63ed87ab5aaaa9da29d624/68f66df4/video/tos/cn/tos-cn-ve-0015c800/ocGIY4evDg0IRVegmAbAtE3gg52PAZDgsC2Vff/?a=6383&ch=10010&cr=3&dr=0&lr=all&cd=0%7C0%7C0%7C3&cv=1&br=733&bt=733&cs=0&ds=3&ft=c2YTctGHQPRUZxfusdr~kwPqYldQIKDEE-TerrNqq_45a&mime_type=video_mp4&qs=0&rc=NmgzZjs6NzY7ZGRlaThlM0BpM3J5Z3E5cnQ2dTMzNGkzM0AzL2JjMTY1NS4xX142YjVfYSMxLmtuMmRzbDFgLS1kLS9zcw%3D%3D&btag=80000e00028000&cquery=100H_100K_100o_101r_100B&dy_q=1760969609&feature_id=2e1813f3872a2105acee44623dff2864&l=20251020221329FF810B6B17C3D024C6A3', 'https://v5-dy-o-abtest.zjcdn.com/32e31e430b63ed87ab5aaaa9da29d624/68f66df4/video/tos/cn/tos-cn-ve-0015c800/ocGIY4evDg0IRVegmAbAtE3gg52PAZDgsC2Vff/?a=6383&ch=10010&cr=3&dr=0&lr=all&cd=0%7C0%7C0%7C3&cv=1&br=733&bt=733&cs=0&ds=3&ft=c2YTctGHQPRUZxfusdr~kwPqYldQIKDEE-TerrNqq_45a&mime_type=video_mp4&qs=0&rc=NmgzZjs6NzY7ZGRlaThlM0BpM3J5Z3E5cnQ2dTMzNGkzM0AzL2JjMTY1NS4xX142YjVfYSMxLmtuMmRzbDFgLS1kLS9zcw%3D%3D&btag=80000e00028000&cquery=100H_100K_100o_101r_100B&dy_q=1760969609&feature_id=2e1813f3872a2105acee44623dff2864&l=20251020221329FF810B6B17C3D024C6A3', 'https://www.douyin.com/aweme/v1/play/?video_id=v0200fg10000cr43oqvog65nqdnv1o40&line=0&file_id=b08be59fabba4a1883849748fce02e63&sign=e1e402a88b96cc47121b74077670f990&is_play_url=1&source=PackSourceEnum_PUBLISH'], 'width': 720, 'height': 1280, 'url_key': 'v0200fg10000cr43oqvog65nqdnv1o40_h264_720p_751558', 'data_size': 5610480, 'file_hash': 'e1e402a88b96cc47121b74077670f990', 'file_cs': 'c:0-66245-42aa|d:0-2805239-5715,2805240-5610479-b9b9'}, 'cover': {'uri': 'tos-cn-i-dy/2f3875e6d8c24887a638436d7a31e9e0', 'url_list': ['https://p3-pc-sign.douyinpic.com/tos-cn-i-dy/2f3875e6d8c24887a638436d7a31e9e0~tplv-dy-cropcenter:323:430.jpeg?lk3s=138a59ce&x-expires=2076328800&x-signature=eZSp3s87COqAEEUMfkltEBWSqL0%3D&from=327834062&s=PackSourceEnum_PUBLISH&se=true&sh=323_430&sc=cover&biz_tag=pcweb_cover&l=20251020221329FF810B6B17C3D024C6A3', 'https://p3-pc-sign.douyinpic.com/obj/tos-cn-i-dy/2f3875e6d8c24887a638436d7a31e9e0?lk3s=138a59ce&x-expires=2076328800&x-signature=qJcwrnWP7Z2vkbIPERTCYdewE5w%3D&from=327834062&s=PackSourceEnum_PUBLISH&se=false&sc=cover&biz_tag=pcweb_cover&l=20251020221329FF810B6B17C3D024C6A3'], 'width': 720, 'height': 720}, 'height': 1920, 'width': 1080, 'dynamic_cover': {'uri': 'tos-cn-i-dy/2f3875e6d8c24887a638436d7a31e9e0', 'url_list': ['https://p3-pc-sign.douyinpic.com/obj/tos-cn-i-dy/2f3875e6d8c24887a638436d7a31e9e0?lk3s=138a59ce&x-expires=1762178400&x-signature=BM1GPgOjhIXxRRBPrBEX9qFnynE%3D&from=327834062_large&s=PackSourceEnum_PUBLISH&se=false&sc=dynamic_cover&biz_tag=pcweb_cover&l=20251020221329FF810B6B17C3D024C6A3', 'https://p9-pc-sign.douyinpic.com/obj/tos-cn-i-dy/2f3875e6d8c24887a638436d7a31e9e0?lk3s=138a59ce&x-expires=1762178400&x-signature=ptWL7U57232YxXJuiD9Zre40iyk%3D&from=327834062_large&s=PackSourceEnum_PUBLISH&se=false&sc=dynamic_cover&biz_tag=pcweb_cover&l=20251020221329FF810B6B17C3D024C6A3'], 'width': 720, 'height': 720}, 'origin_cover': {'uri': 'tos-cn-p-0015/osIwIIFZjtCro4BIAADAIxyv9pmgPBbA2DEffE', 'url_list': ['https://p3-pc-sign.douyinpic.com/tos-cn-p-0015/osIwIIFZjtCro4BIAADAIxyv9pmgPBbA2DEffE~tplv-dy-360p.jpeg?lk3s=138a59ce&x-expires=1762178400&x-signature=x7WGLF7R85gtVHJT2N67UA%2BPhWg%3D&from=327834062&s=PackSourceEnum_PUBLISH&se=false&sc=origin_cover&biz_tag=pcweb_cover&l=20251020221329FF810B6B17C3D024C6A3', 'https://p9-pc-sign.douyinpic.com/tos-cn-p-0015/osIwIIFZjtCro4BIAADAIxyv9pmgPBbA2DEffE~tplv-dy-360p.jpeg?lk3s=138a59ce&x-expires=1762178400&x-signature=z51VjQnHsNJjO5hLYnbItHC6pec%3D&from=327834062&s=PackSourceEnum_PUBLISH&se=false&sc=origin_cover&biz_tag=pcweb_cover&l=20251020221329FF810B6B17C3D024C6A3'], 'width': 360, 'height': 640}, 'ratio': '720p', 'format': 'mp4', 'audio': {'original_sound_infos': None}, 'bit_rate': [{'gear_name': 'normal_720_0', 'quality_type': 10, 'bit_rate': 751558, 'play_addr': {'uri': 'v0200fg10000cr43oqvog65nqdnv1o40', 'url_list': ['https://v5-dy-o-abtest.zjcdn.com/32e31e430b63ed87ab5aaaa9da29d624/68f66df4/video/tos/cn/tos-cn-ve-0015c800/ocGIY4evDg0IRVegmAbAtE3gg52PAZDgsC2Vff/?a=6383&ch=10010&cr=3&dr=0&lr=all&cd=0%7C0%7C0%7C3&cv=1&br=733&bt=733&cs=0&ds=3&ft=c2YTctGHQPRUZxfusdr~kwPqYldQIKDEE-TerrNqq_45a&mime_type=video_mp4&qs=0&rc=NmgzZjs6NzY7ZGRlaThlM0BpM3J5Z3E5cnQ2dTMzNGkzM0AzL2JjMTY1NS4xX142YjVfYSMxLmtuMmRzbDFgLS1kLS9zcw%3D%3D&btag=80000e00028000&cquery=100H_100K_100o_101r_100B&dy_q=1760969609&feature_id=2e1813f3872a2105acee44623dff2864&l=20251020221329FF810B6B17C3D024C6A3', 'https://v5-dy-o-abtest.zjcdn.com/32e31e430b63ed87ab5aaaa9da29d624/68f66df4/video/tos/cn/tos-cn-ve-0015c800/ocGIY4evDg0IRVegmAbAtE3gg52PAZDgsC2Vff/?a=6383&ch=10010&cr=3&dr=0&lr=all&cd=0%7C0%7C0%7C3&cv=1&br=733&bt=733&cs=0&ds=3&ft=c2YTctGHQPRUZxfusdr~kwPqYldQIKDEE-TerrNqq_45a&mime_type=video_mp4&qs=0&rc=NmgzZjs6NzY7ZGRlaThlM0BpM3J5Z3E5cnQ2dTMzNGkzM0AzL2JjMTY1NS4xX142YjVfYSMxLmtuMmRzbDFgLS1kLS9zcw%3D%3D&btag=80000e00028000&cquery=100H_100K_100o_101r_100B&dy_q=1760969609&feature_id=2e1813f3872a2105acee44623dff2864&l=20251020221329FF810B6B17C3D024C6A3', 'https://www.douyin.com/aweme/v1/play/?video_id=v0200fg10000cr43oqvog65nqdnv1o40&line=0&file_id=b08be59fabba4a1883849748fce02e63&sign=e1e402a88b96cc47121b74077670f990&is_play_url=1&source=PackSourceEnum_PUBLISH'], 'width': 720, 'height': 1280, 'url_key': 'v0200fg10000cr43oqvog65nqdnv1o40_h264_720p_751558', 'data_size': 5610480, 'file_hash': 'e1e402a88b96cc47121b74077670f990', 'file_cs': 'c:0-66245-42aa|d:0-2805239-5715,2805240-5610479-b9b9'}, 'is_h265': 0, 'is_bytevc1': 0, 'HDR_type': '', 'HDR_bit': '', 'FPS': 30, 'video_extra': '{"PktOffsetMap":"[{\\"time\\": 1, \\"offset\\": 275680}, {\\"time\\": 2, \\"offset\\": 358886}, {\\"time\\": 3, \\"offset\\": 418473}, {\\"time\\": 4, \\"offset\\": 483051}, {\\"time\\": 5, \\"offset\\": 630599}, {\\"time\\": 10, \\"offset\\": 1117301}]","format":"mp4","definition":"720p","quality":"normal","file_id":"b08be59fabba4a1883849748fce02e63","applog_map":{"feature_id":"2e1813f3872a2105acee44623dff2864"},"audio_channels":"2.0","audio_sample_rate":"44100","audio_metrics":null,"audio_score":null}', 'format': 'mp4'}, {'gear_name': 'low_720_0', 'quality_type': 211, 'bit_rate': 670777, 'play_addr': {'uri': 'v0200fg10000cr43oqvog65nqdnv1o40', 'url_list': ['https://v5-dy-o-abtest.zjcdn.com/0ae8f5f02b7747b7b7a0329be4d172af/68f66df4/video/tos/cn/tos-cn-ve-0015c800/oYDpLofxQf4DmFEARQvBArCIEyEACItg9wrxnk/?a=6383&ch=10010&cr=3&dr=0&lr=all&cd=0%7C0%7C0%7C3&cv=1&br=655&bt=655&cs=0&ds=3&ft=c2YTctGHQPRUZxfusdr~kwPqYldQIKDEE-TerrNqq_45a&mime_type=video_mp4&qs=1&rc=Zmg8PDhkZWU3NDg5Zzo0NkBpM3J5Z3E5cnQ2dTMzNGkzM0BhMDQuYWMxX18xMTQtNi0yYSMxLmtuMmRzbDFgLS1kLS9zcw%3D%3D&btag=80000e00028000&cquery=100K_100o_101r_100B_100H&dy_q=1760969609&feature_id=46a7bb47b4fd1280f3d3825bf2b29388&l=20251020221329FF810B6B17C3D024C6A3', 'https://v5-dy-o-abtest.zjcdn.com/0ae8f5f02b7747b7b7a0329be4d172af/68f66df4/video/tos/cn/tos-cn-ve-0015c800/oYDpLofxQf4DmFEARQvBArCIEyEACItg9wrxnk/?a=6383&ch=10010&cr=3&dr=0&lr=all&cd=0%7C0%7C0%7C3&cv=1&br=655&bt=655&cs=0&ds=3&ft=c2YTctGHQPRUZxfusdr~kwPqYldQIKDEE-TerrNqq_45a&mime_type=video_mp4&qs=1&rc=Zmg8PDhkZWU3NDg5Zzo0NkBpM3J5Z3E5cnQ2dTMzNGkzM0BhMDQuYWMxX18xMTQtNi0yYSMxLmtuMmRzbDFgLS1kLS9zcw%3D%3D&btag=80000e00028000&cquery=101r_100B_100H_100K_100o&dy_q=1760969609&feature_id=46a7bb47b4fd1280f3d3825bf2b29388&l=20251020221329FF810B6B17C3D024C6A3', 'https://www.douyin.com/aweme/v1/play/?video_id=v0200fg10000cr43oqvog65nqdnv1o40&line=0&file_id=5301970d764541b4bb4bfad519793edc&sign=26715cc8612aac54021ab93b5cffe3ca&is_play_url=1&source=PackSourceEnum_PUBLISH'], 'width': 720, 'height': 1280, 'url_key': 'v0200fg10000cr43oqvog65nqdnv1o40_h264_720p_670777', 'data_size': 5007440, 'file_hash': '26715cc8612aac54021ab93b5cffe3ca', 'file_cs': 'c:0-50520-4330|d:0-2503719-ab88,2503720-5007439-7324|a:v0200fg10000cr43oqvog65nqdnv1o40'}, 'is_h265': 0, 'is_bytevc1': 0, 'HDR_type': '', 'HDR_bit': '', 'FPS': 30, 'video_extra': '{"PktOffsetMap":"[{\\"time\\": 1, \\"offset\\": 269037}, {\\"time\\": 2, \\"offset\\": 354264}, {\\"time\\": 3, \\"offset\\": 421796}, {\\"time\\": 4, \\"offset\\": 478088}, {\\"time\\": 5, \\"offset\\": 551688}, {\\"time\\": 10, \\"offset\\": 1020977}]","format":"mp4","definition":"720p","quality":"low","file_id":"5301970d764541b4bb4bfad519793edc","applog_map":{"feature_id":"46a7bb47b4fd1280f3d3825bf2b29388"},"audio_channels":"2.0","audio_sample_rate":"44100","audio_metrics":null,"audio_score":null}', 'format': 'mp4'}, {'gear_name': 'low_540_0', 'quality_type': 292, 'bit_rate': 641755, 'play_addr': {'uri': 'v0200fg10000cr43oqvog65nqdnv1o40', 'url_list': ['https://v5-dy-o-abtest.zjcdn.com/24970a0e0fee7bbc62a3bed09af77f79/68f66df4/video/tos/cn/tos-cn-ve-0015c800/o4EEECWfD04IfvA9rCympQFxIkqDtbgAAwvsLB/?a=6383&ch=10010&cr=3&dr=0&lr=all&cd=0%7C0%7C0%7C3&cv=1&br=626&bt=626&cs=0&ds=6&ft=c2YTctGHQPRUZxfusdr~kwPqYldQIKDEE-TerrNqq_45a&mime_type=video_mp4&qs=1&rc=aDVkMzs1Ozc4OjtpOWg5ZkBpM3J5Z3E5cnQ2dTMzNGkzM0AuY2BjYzNgNS8xLTIyLWMtYSMxLmtuMmRzbDFgLS1kLS9zcw%3D%3D&btag=80000e00028000&cquery=100B_100H_100K_100o_101r&dy_q=1760969609&feature_id=46a7bb47b4fd1280f3d3825bf2b29388&l=20251020221329FF810B6B17C3D024C6A3', 'https://v5-dy-o-abtest.zjcdn.com/24970a0e0fee7bbc62a3bed09af77f79/68f66df4/video/tos/cn/tos-cn-ve-0015c800/o4EEECWfD04IfvA9rCympQFxIkqDtbgAAwvsLB/?a=6383&ch=10010&cr=3&dr=0&lr=all&cd=0%7C0%7C0%7C3&cv=1&br=626&bt=626&cs=0&ds=6&ft=c2YTctGHQPRUZxfusdr~kwPqYldQIKDEE-TerrNqq_45a&mime_type=video_mp4&qs=1&rc=aDVkMzs1Ozc4OjtpOWg5ZkBpM3J5Z3E5cnQ2dTMzNGkzM0AuY2BjYzNgNS8xLTIyLWMtYSMxLmtuMmRzbDFgLS1kLS9zcw%3D%3D&btag=80000e00028000&cquery=101r_100B_100H_100K_100o&dy_q=1760969609&feature_id=46a7bb47b4fd1280f3d3825bf2b29388&l=20251020221329FF810B6B17C3D024C6A3', 'https://www.douyin.com/aweme/v1/play/?video_id=v0200fg10000cr43oqvog65nqdnv1o40&line=0&file_id=0cf60e565f08472584c862f8f0caf21e&sign=cc12e0b1ec954962f422d7bb6bd34e30&is_play_url=1&source=PackSourceEnum_PUBLISH'], 'width': 576, 'height': 1024, 'url_key': 'v0200fg10000cr43oqvog65nqdnv1o40_h264_540p_641755', 'data_size': 4790787, 'file_hash': 'cc12e0b1ec954962f422d7bb6bd34e30', 'file_cs': 'c:0-50552-d752|d:0-2395392-5850,2395393-4790786-b2b5|a:v0200fg10000cr43oqvog65nqdnv1o40'}, 'is_h265': 0, 'is_bytevc1': 0, 'HDR_type': '', 'HDR_bit': '', 'FPS': 30, 'video_extra': '{"PktOffsetMap":"[{\\"time\\": 1, \\"offset\\": 252158}, {\\"time\\": 2, \\"offset\\": 330845}, {\\"time\\": 3, \\"offset\\": 392272}, {\\"time\\": 4, \\"offset\\": 446178}, {\\"time\\": 5, \\"offset\\": 517623}, {\\"time\\": 10, \\"offset\\": 958122}]","format":"mp4","definition":"540p","quality":"low","file_id":"0cf60e565f08472584c862f8f0caf21e","applog_map":{"feature_id":"46a7bb47b4fd1280f3d3825bf2b29388"},"audio_channels":"2.0","audio_sample_rate":"44100","audio_metrics":null,"audio_score":null}', 'format': 'mp4'}, {'gear_name': 'adapt_low_540_0', 'quality_type': 291, 'bit_rate': 441771, 'play_addr': {'uri': 'v0200fg10000cr43oqvog65nqdnv1o40', 'url_list': ['https://v5-dy-o-abtest.zjcdn.com/587ad48682261b9924693ffca242ee9a/68f66df4/video/tos/cn/tos-cn-ve-0015c800/oY7tAffDCIvJ9wmApCmITy4DLBnA2ExJFQDrEg/?a=6383&ch=10010&cr=3&dr=0&lr=all&cd=0%7C0%7C0%7C3&cv=1&br=431&bt=431&cs=0&ds=6&ft=c2YTctGHQPRUZxfusdr~kwPqYldQIKDEE-TerrNqq_45a&mime_type=video_mp4&qs=12&rc=aTw0OGg2NDk3NjRlOGc0aUBpM3J5Z3E5cnQ2dTMzNGkzM0BhMDRiNTUuXjQxM2IyMl8vYSMxLmtuMmRzbDFgLS1kLS9zcw%3D%3D&btag=80000e00028000&cquery=100o_101r_100B_100H_100K&dy_q=1760969609&feature_id=46a7bb47b4fd1280f3d3825bf2b29388&l=20251020221329FF810B6B17C3D024C6A3', 'https://v5-dy-o-abtest.zjcdn.com/587ad48682261b9924693ffca242ee9a/68f66df4/video/tos/cn/tos-cn-ve-0015c800/oY7tAffDCIvJ9wmApCmITy4DLBnA2ExJFQDrEg/?a=6383&ch=10010&cr=3&dr=0&lr=all&cd=0%7C0%7C0%7C3&cv=1&br=431&bt=431&cs=0&ds=6&ft=c2YTctGHQPRUZxfusdr~kwPqYldQIKDEE-TerrNqq_45a&mime_type=video_mp4&qs=12&rc=aTw0OGg2NDk3NjRlOGc0aUBpM3J5Z3E5cnQ2dTMzNGkzM0BhMDRiNTUuXjQxM2IyMl8vYSMxLmtuMmRzbDFgLS1kLS9zcw%3D%3D&btag=80000e00028000&cquery=100B_100H_100K_100o_101r&dy_q=1760969609&feature_id=46a7bb47b4fd1280f3d3825bf2b29388&l=20251020221329FF810B6B17C3D024C6A3', 'https://www.douyin.com/aweme/v1/play/?video_id=v0200fg10000cr43oqvog65nqdnv1o40&line=0&file_id=2fb15d55eb614374a611838ee57139df&sign=17e54aa701d2e2b1f7ccc8f20ee6699d&is_play_url=1&source=PackSourceEnum_PUBLISH'], 'width': 576, 'height': 1024, 'url_key': 'v0200fg10000cr43oqvog65nqdnv1o40_h264_540p_441771', 'data_size': 3297883, 'file_hash': '17e54aa701d2e2b1f7ccc8f20ee6699d', 'file_cs': 'c:0-50551-9906|d:0-1648940-cc80,1648941-3297882-1228|a:v0200fg10000cr43oqvog65nqdnv1o40'}, 'is_h265': 0, 'is_bytevc1': 0, 'HDR_type': '', 'HDR_bit': '', 'FPS': 30, 'video_extra': '{"PktOffsetMap":"[{\\"time\\": 1, \\"offset\\": 193492}, {\\"time\\": 2, \\"offset\\": 246928}, {\\"time\\": 3, \\"offset\\": 286448}, {\\"time\\": 4, \\"offset\\": 322525}, {\\"time\\": 5, \\"offset\\": 370991}, {\\"time\\": 10, \\"offset\\": 675552}]","format":"mp4","definition":"540p","quality":"adapt_low","file_id":"2fb15d55eb614374a611838ee57139df","applog_map":{"feature_id":"46a7bb47b4fd1280f3d3825bf2b29388"},"audio_channels":"2.0","audio_sample_rate":"44100","audio_metrics":null,"audio_score":null}', 'format': 'mp4'}, {'gear_name': 'adapt_lowest_1080_1', 'quality_type': 2, 'bit_rate': 329890, 'play_addr': {'uri': 'v0200fg10000cr43oqvog65nqdnv1o40', 'url_list': ['https://v5-dy-o-abtest.zjcdn.com/f8e263b8dd32d7edb60c8b510773de8a/68f66df4/video/tos/cn/tos-cn-ve-0015c800/ow9BxFAFQtrfTvypvmKIAICJdWIAECwfDD94Eg/?a=6383&ch=10010&cr=3&dr=0&lr=all&cd=0%7C0%7C0%7C3&cv=1&br=322&bt=322&cs=2&ds=4&ft=c2YTctGHQPRUZxfusdr~kwPqYldQIKDEE-TerrNqq_45a&mime_type=video_mp4&qs=15&rc=aDk4PDppZTRkaTs6NDw2N0BpM3J5Z3E5cnQ2dTMzNGkzM0BjYjViXzQvNTMxNS4xLi8tYSMxLmtuMmRzbDFgLS1kLS9zcw%3D%3D&btag=80000e00028000&cquery=101r_100B_100H_100K_100o&dy_q=1760969609&feature_id=c6de0308cacfd993ef282c8e1c646267&l=20251020221329FF810B6B17C3D024C6A3', 'https://v5-dy-o-abtest.zjcdn.com/f8e263b8dd32d7edb60c8b510773de8a/68f66df4/video/tos/cn/tos-cn-ve-0015c800/ow9BxFAFQtrfTvypvmKIAICJdWIAECwfDD94Eg/?a=6383&ch=10010&cr=3&dr=0&lr=all&cd=0%7C0%7C0%7C3&cv=1&br=322&bt=322&cs=2&ds=4&ft=c2YTctGHQPRUZxfusdr~kwPqYldQIKDEE-TerrNqq_45a&mime_type=video_mp4&qs=15&rc=aDk4PDppZTRkaTs6NDw2N0BpM3J5Z3E5cnQ2dTMzNGkzM0BjYjViXzQvNTMxNS4xLi8tYSMxLmtuMmRzbDFgLS1kLS9zcw%3D%3D&btag=80000e00028000&cquery=101r_100B_100H_100K_100o&dy_q=1760969609&feature_id=c6de0308cacfd993ef282c8e1c646267&l=20251020221329FF810B6B17C3D024C6A3', 'https://www.douyin.com/aweme/v1/play/?video_id=v0200fg10000cr43oqvog65nqdnv1o40&line=0&file_id=0423194117884f6a812b7fb7e985e6fe&sign=24d3ceb8b8ec02ef4c2ec1ec86a2c5b7&is_play_url=1&source=PackSourceEnum_PUBLISH'], 'width': 1080, 'height': 1920, 'url_key': 'v0200fg10000cr43oqvog65nqdnv1o40_bytevc1_1080p_329890', 'data_size': 2462676, 'file_hash': '24d3ceb8b8ec02ef4c2ec1ec86a2c5b7', 'file_cs': 'c:0-50743-883e|d:0-1231337-1811,1231338-2462675-b9eb|a:v0200fg10000cr43oqvog65nqdnv1o40'}, 'is_h265': 1, 'is_bytevc1': 1, 'HDR_type': '', 'HDR_bit': '', 'FPS': 30, 'video_extra': '{"PktOffsetMap":"[{\\"time\\": 1, \\"offset\\": 182783}, {\\"time\\": 2, \\"offset\\": 221424}, {\\"time\\": 3, \\"offset\\": 250848}, {\\"time\\": 4, \\"offset\\": 285749}, {\\"time\\": 5, \\"offset\\": 321551}, {\\"time\\": 10, \\"offset\\": 564183}]","format":"mp4","definition":"1080p","quality":"adapt_lowest","file_id":"0423194117884f6a812b7fb7e985e6fe","applog_map":{"feature_id":"c6de0308cacfd993ef282c8e1c646267"},"mvmaf":"{\\"mvmaf_sr_v1080\\":-1,\\"mvmaf_sr_v960\\":-1,\\"mvmaf_sr_v864\\":-1,\\"mvmaf_sr_v720\\":-1,\\"mvmaf_ori_v1080\\":93.603,\\"mvmaf_ori_v960\\":93.952,\\"mvmaf_ori_v864\\":94.63,\\"mvmaf_ori_v720\\":95.249}","audio_channels":"2.0","audio_sample_rate":"44100","audio_metrics":null,"audio_score":null}', 'format': 'mp4'}, {'gear_name': 'adapt_lowest_720_1', 'quality_type': 15, 'bit_rate': 277306, 'play_addr': {'uri': 'v0200fg10000cr43oqvog65nqdnv1o40', 'url_list': ['https://v5-dy-o-abtest.zjcdn.com/e36658b290d82bbb0cc205884e48f27e/68f66df4/video/tos/cn/tos-cn-ve-0015c800/oIWjdD3NkA2hBwXgQfbHu7WCEeT8I3f8BTQAQM/?a=6383&ch=10010&cr=3&dr=0&lr=all&cd=0%7C0%7C0%7C3&cv=1&br=270&bt=270&cs=2&ds=3&ft=c2YTctGHQPRUZxfusdr~kwPqYldQIKDEE-TerrNqq_45a&mime_type=video_mp4&qs=15&rc=NWc2PGQ5N2lkZWUzODNmPEBpM3J5Z3E5cnQ2dTMzNGkzM0A2XzI0NWBiXzIxXzItLl5hYSMxLmtuMmRzbDFgLS1kLS9zcw%3D%3D&btag=80000e00028000&cquery=100B_100H_100K_100o_101r&dy_q=1760969609&feature_id=c6de0308cacfd993ef282c8e1c646267&l=20251020221329FF810B6B17C3D024C6A3', 'https://v5-dy-o-abtest.zjcdn.com/e36658b290d82bbb0cc205884e48f27e/68f66df4/video/tos/cn/tos-cn-ve-0015c800/oIWjdD3NkA2hBwXgQfbHu7WCEeT8I3f8BTQAQM/?a=6383&ch=10010&cr=3&dr=0&lr=all&cd=0%7C0%7C0%7C3&cv=1&br=270&bt=270&cs=2&ds=3&ft=c2YTctGHQPRUZxfusdr~kwPqYldQIKDEE-TerrNqq_45a&mime_type=video_mp4&qs=15&rc=NWc2PGQ5N2lkZWUzODNmPEBpM3J5Z3E5cnQ2dTMzNGkzM0A2XzI0NWBiXzIxXzItLl5hYSMxLmtuMmRzbDFgLS1kLS9zcw%3D%3D&btag=80000e00028000&cquery=101r_100B_100H_100K_100o&dy_q=1760969609&feature_id=c6de0308cacfd993ef282c8e1c646267&l=20251020221329FF810B6B17C3D024C6A3', 'https://www.douyin.com/aweme/v1/play/?video_id=v0200fg10000cr43oqvog65nqdnv1o40&line=0&file_id=d9ac100550bb4b5abfe4c68a7953bd92&sign=f872ae8ee3213dbbc679334b1fcdf550&is_play_url=1&source=PackSourceEnum_PUBLISH'], 'width': 720, 'height': 1280, 'url_key': 'v0200fg10000cr43oqvog65nqdnv1o40_bytevc1_720p_277306', 'data_size': 2070124, 'file_hash': 'f872ae8ee3213dbbc679334b1fcdf550', 'file_cs': 'c:0-50743-94a7|d:0-1035061-bc5e,1035062-2070123-cf25|a:v0200fg10000cr43oqvog65nqdnv1o40'}, 'is_h265': 1, 'is_bytevc1': 1, 'HDR_type': '', 'HDR_bit': '', 'FPS': 30, 'video_extra': '{"PktOffsetMap":"[{\\"time\\": 1, \\"offset\\": 149206}, {\\"time\\": 2, \\"offset\\": 179405}, {\\"time\\": 3, \\"offset\\": 205019}, {\\"time\\": 4, \\"offset\\": 235085}, {\\"time\\": 5, \\"offset\\": 266008}, {\\"time\\": 10, \\"offset\\": 466641}]","format":"mp4","definition":"720p","quality":"adapt_lowest","file_id":"d9ac100550bb4b5abfe4c68a7953bd92","applog_map":{"feature_id":"c6de0308cacfd993ef282c8e1c646267"},"mvmaf":"{\\"mvmaf_sr_v1080\\":97.607,\\"mvmaf_sr_v960\\":98.72,\\"mvmaf_sr_v864\\":99.236,\\"mvmaf_sr_v720\\":99.649,\\"mvmaf_ori_v1080\\":87.363,\\"mvmaf_ori_v960\\":90.751,\\"mvmaf_ori_v864\\":92.214,\\"mvmaf_ori_v720\\":95.254}","audio_channels":"2.0","audio_sample_rate":"44100","audio_metrics":null,"audio_score":null}', 'format': 'mp4'}, {'gear_name': 'adapt_540_1', 'quality_type': 28, 'bit_rate': 250752, 'play_addr': {'uri': 'v0200fg10000cr43oqvog65nqdnv1o40', 'url_list': ['https://v5-dy-o-abtest.zjcdn.com/286ae8b4bdc55a7a186083b00533bb59/68f66df4/video/tos/cn/tos-cn-ve-0015c800/oMJIvFB9CDmTyfAxrgBtAdHwIf4rpBAEBDEyDQ/?a=6383&ch=10010&cr=3&dr=0&lr=all&cd=0%7C0%7C0%7C3&cv=1&br=244&bt=244&cs=2&ds=6&ft=c2YTctGHQPRUZxfusdr~kwPqYldQIKDEE-TerrNqq_45a&mime_type=video_mp4&qs=11&rc=NjU8ZjM3MzpmOTxoOTszNkBpM3J5Z3E5cnQ2dTMzNGkzM0BeNjQtMF5iNTMxYTFfYS5fYSMxLmtuMmRzbDFgLS1kLS9zcw%3D%3D&btag=80000e00028000&cquery=100K_100o_101r_100B_100H&dy_q=1760969609&feature_id=c6de0308cacfd993ef282c8e1c646267&l=20251020221329FF810B6B17C3D024C6A3', 'https://v5-dy-o-abtest.zjcdn.com/286ae8b4bdc55a7a186083b00533bb59/68f66df4/video/tos/cn/tos-cn-ve-0015c800/oMJIvFB9CDmTyfAxrgBtAdHwIf4rpBAEBDEyDQ/?a=6383&ch=10010&cr=3&dr=0&lr=all&cd=0%7C0%7C0%7C3&cv=1&br=244&bt=244&cs=2&ds=6&ft=c2YTctGHQPRUZxfusdr~kwPqYldQIKDEE-TerrNqq_45a&mime_type=video_mp4&qs=11&rc=NjU8ZjM3MzpmOTxoOTszNkBpM3J5Z3E5cnQ2dTMzNGkzM0BeNjQtMF5iNTMxYTFfYS5fYSMxLmtuMmRzbDFgLS1kLS9zcw%3D%3D&btag=80000e00028000&cquery=100H_100K_100o_101r_100B&dy_q=1760969609&feature_id=c6de0308cacfd993ef282c8e1c646267&l=20251020221329FF810B6B17C3D024C6A3', 'https://www.douyin.com/aweme/v1/play/?video_id=v0200fg10000cr43oqvog65nqdnv1o40&line=0&file_id=b310d8b64ed9466c87e0a4300c7992a3&sign=0ed22fe706143c1491e4932050fa7bfd&is_play_url=1&source=PackSourceEnum_PUBLISH'], 'width': 576, 'height': 1024, 'url_key': 'v0200fg10000cr43oqvog65nqdnv1o40_bytevc1_540p_250752', 'data_size': 1871900, 'file_hash': '0ed22fe706143c1491e4932050fa7bfd', 'file_cs': 'c:0-50743-986d|d:0-935949-5963,935950-1871899-db8a|a:v0200fg10000cr43oqvog65nqdnv1o40'}, 'is_h265': 1, 'is_bytevc1': 1, 'HDR_type': '', 'HDR_bit': '', 'FPS': 30, 'video_extra': '{"PktOffsetMap":"[{\\"time\\": 1, \\"offset\\": 132420}, {\\"time\\": 2, \\"offset\\": 160658}, {\\"time\\": 3, \\"offset\\": 184951}, {\\"time\\": 4, \\"offset\\": 211418}, {\\"time\\": 5, \\"offset\\": 237138}, {\\"time\\": 10, \\"offset\\": 410011}]","format":"mp4","definition":"540p","quality":"adapt","file_id":"b310d8b64ed9466c87e0a4300c7992a3","applog_map":{"feature_id":"c6de0308cacfd993ef282c8e1c646267"},"mvmaf":"{\\"mvmaf_sr_v1080\\":95.17,\\"mvmaf_sr_v960\\":96.759,\\"mvmaf_sr_v864\\":97.591,\\"mvmaf_sr_v720\\":98.888,\\"mvmaf_ori_v1080\\":84.67,\\"mvmaf_ori_v960\\":87.447,\\"mvmaf_ori_v864\\":88.957,\\"mvmaf_ori_v720\\":92.308}","audio_channels":"2.0","audio_sample_rate":"44100","audio_metrics":null,"audio_score":null}', 'format': 'mp4'}], 'duration': 59721, 'play_addr_265': {'uri': 'v0200fg10000cr43oqvog65nqdnv1o40', 'url_list': ['https://v5-dy-o-abtest.zjcdn.com/286ae8b4bdc55a7a186083b00533bb59/68f66df4/video/tos/cn/tos-cn-ve-0015c800/oMJIvFB9CDmTyfAxrgBtAdHwIf4rpBAEBDEyDQ/?a=6383&ch=10010&cr=3&dr=0&lr=all&cd=0%7C0%7C0%7C3&cv=1&br=244&bt=244&cs=2&ds=6&ft=c2YTctGHQPRUZxfusdr~kwPqYldQIKDEE-TerrNqq_45a&mime_type=video_mp4&qs=11&rc=NjU8ZjM3MzpmOTxoOTszNkBpM3J5Z3E5cnQ2dTMzNGkzM0BeNjQtMF5iNTMxYTFfYS5fYSMxLmtuMmRzbDFgLS1kLS9zcw%3D%3D&btag=80000e00028000&cquery=100K_100o_101r_100B_100H&dy_q=1760969609&feature_id=c6de0308cacfd993ef282c8e1c646267&l=20251020221329FF810B6B17C3D024C6A3', 'https://v5-dy-o-abtest.zjcdn.com/286ae8b4bdc55a7a186083b00533bb59/68f66df4/video/tos/cn/tos-cn-ve-0015c800/oMJIvFB9CDmTyfAxrgBtAdHwIf4rpBAEBDEyDQ/?a=6383&ch=10010&cr=3&dr=0&lr=all&cd=0%7C0%7C0%7C3&cv=1&br=244&bt=244&cs=2&ds=6&ft=c2YTctGHQPRUZxfusdr~kwPqYldQIKDEE-TerrNqq_45a&mime_type=video_mp4&qs=11&rc=NjU8ZjM3MzpmOTxoOTszNkBpM3J5Z3E5cnQ2dTMzNGkzM0BeNjQtMF5iNTMxYTFfYS5fYSMxLmtuMmRzbDFgLS1kLS9zcw%3D%3D&btag=80000e00028000&cquery=100H_100K_100o_101r_100B&dy_q=1760969609&feature_id=c6de0308cacfd993ef282c8e1c646267&l=20251020221329FF810B6B17C3D024C6A3', 'https://www.douyin.com/aweme/v1/play/?video_id=v0200fg10000cr43oqvog65nqdnv1o40&line=0&file_id=b310d8b64ed9466c87e0a4300c7992a3&sign=0ed22fe706143c1491e4932050fa7bfd&is_play_url=1&source=PackSourceEnum_PUBLISH'], 'width': 576, 'height': 1024, 'url_key': 'v0200fg10000cr43oqvog65nqdnv1o40_bytevc1_540p_250752', 'data_size': 1871900, 'file_hash': '0ed22fe706143c1491e4932050fa7bfd', 'file_cs': 'c:0-50743-986d|d:0-935949-5963,935950-1871899-db8a|a:v0200fg10000cr43oqvog65nqdnv1o40'}, 'bit_rate_audio': None, 'play_addr_h264': {'uri': 'v0200fg10000cr43oqvog65nqdnv1o40', 'url_list': ['https://v5-dy-o-abtest.zjcdn.com/32e31e430b63ed87ab5aaaa9da29d624/68f66df4/video/tos/cn/tos-cn-ve-0015c800/ocGIY4evDg0IRVegmAbAtE3gg52PAZDgsC2Vff/?a=6383&ch=10010&cr=3&dr=0&lr=all&cd=0%7C0%7C0%7C3&cv=1&br=733&bt=733&cs=0&ds=3&ft=c2YTctGHQPRUZxfusdr~kwPqYldQIKDEE-TerrNqq_45a&mime_type=video_mp4&qs=0&rc=NmgzZjs6NzY7ZGRlaThlM0BpM3J5Z3E5cnQ2dTMzNGkzM0AzL2JjMTY1NS4xX142YjVfYSMxLmtuMmRzbDFgLS1kLS9zcw%3D%3D&btag=80000e00028000&cquery=100H_100K_100o_101r_100B&dy_q=1760969609&feature_id=2e1813f3872a2105acee44623dff2864&l=20251020221329FF810B6B17C3D024C6A3', 'https://v5-dy-o-abtest.zjcdn.com/32e31e430b63ed87ab5aaaa9da29d624/68f66df4/video/tos/cn/tos-cn-ve-0015c800/ocGIY4evDg0IRVegmAbAtE3gg52PAZDgsC2Vff/?a=6383&ch=10010&cr=3&dr=0&lr=all&cd=0%7C0%7C0%7C3&cv=1&br=733&bt=733&cs=0&ds=3&ft=c2YTctGHQPRUZxfusdr~kwPqYldQIKDEE-TerrNqq_45a&mime_type=video_mp4&qs=0&rc=NmgzZjs6NzY7ZGRlaThlM0BpM3J5Z3E5cnQ2dTMzNGkzM0AzL2JjMTY1NS4xX142YjVfYSMxLmtuMmRzbDFgLS1kLS9zcw%3D%3D&btag=80000e00028000&cquery=100H_100K_100o_101r_100B&dy_q=1760969609&feature_id=2e1813f3872a2105acee44623dff2864&l=20251020221329FF810B6B17C3D024C6A3', 'https://www.douyin.com/aweme/v1/play/?video_id=v0200fg10000cr43oqvog65nqdnv1o40&line=0&file_id=b08be59fabba4a1883849748fce02e63&sign=e1e402a88b96cc47121b74077670f990&is_play_url=1&source=PackSourceEnum_PUBLISH'], 'width': 720, 'height': 1280, 'url_key': 'v0200fg10000cr43oqvog65nqdnv1o40_h264_720p_751558', 'data_size': 5610480, 'file_hash': 'e1e402a88b96cc47121b74077670f990', 'file_cs': 'c:0-66245-42aa|d:0-2805239-5715,2805240-5610479-b9b9'}, 'raw_cover': {'uri': 'tos-cn-i-dy/2f3875e6d8c24887a638436d7a31e9e0', 'url_list': ['https://p3-pc-sign.douyinpic.com/tos-cn-i-dy/2f3875e6d8c24887a638436d7a31e9e0~tplv-dy-cropcenter:323:430.jpeg?lk3s=138a59ce&x-expires=2076328800&x-signature=eZSp3s87COqAEEUMfkltEBWSqL0%3D&from=327834062&s=PackSourceEnum_PUBLISH&se=true&sh=323_430&sc=cover&biz_tag=pcweb_cover&l=20251020221329FF810B6B17C3D024C6A3', 'https://p3-pc-sign.douyinpic.com/obj/tos-cn-i-dy/2f3875e6d8c24887a638436d7a31e9e0?lk3s=138a59ce&x-expires=2076328800&x-signature=qJcwrnWP7Z2vkbIPERTCYdewE5w%3D&from=327834062&s=PackSourceEnum_PUBLISH&se=false&sc=cover&biz_tag=pcweb_cover&l=20251020221329FF810B6B17C3D024C6A3'], 'width': 720, 'height': 720}, 'animated_cover': {'uri': 'tos-cn-i-dy/2f3875e6d8c24887a638436d7a31e9e0', 'url_list': ['https://p3-pc-sign.douyinpic.com/obj/tos-cn-i-dy/2f3875e6d8c24887a638436d7a31e9e0?lk3s=138a59ce&x-expires=1762178400&x-signature=BM1GPgOjhIXxRRBPrBEX9qFnynE%3D&from=327834062_large&s=PackSourceEnum_PUBLISH&se=false&sc=dynamic_cover&biz_tag=pcweb_cover&l=20251020221329FF810B6B17C3D024C6A3', 'https://p9-pc-sign.douyinpic.com/obj/tos-cn-i-dy/2f3875e6d8c24887a638436d7a31e9e0?lk3s=138a59ce&x-expires=1762178400&x-signature=ptWL7U57232YxXJuiD9Zre40iyk%3D&from=327834062_large&s=PackSourceEnum_PUBLISH&se=false&sc=dynamic_cover&biz_tag=pcweb_cover&l=20251020221329FF810B6B17C3D024C6A3']}, 'gaussian_cover': {'uri': 'tos-cn-p-0015/osIwIIFZjtCro4BIAADAIxyv9pmgPBbA2DEffE', 'url_list': ['https://p3-pc-sign.douyinpic.com/tos-cn-p-0015/osIwIIFZjtCro4BIAADAIxyv9pmgPBbA2DEffE~tplv-tsj2vxp0zn-gaosi:40.jpeg?lk3s=138a59ce&x-expires=1792504800&x-signature=MGkg2OJdMAo%2BBg6pXV9Uvxv%2B1tI%3D&from=327834062', 'https://p9-pc-sign.douyinpic.com/tos-cn-p-0015/osIwIIFZjtCro4BIAADAIxyv9pmgPBbA2DEffE~tplv-tsj2vxp0zn-gaosi:40.jpeg?lk3s=138a59ce&x-expires=1792504800&x-signature=2azKRMxxvhB2CzmXtGjCQp%2BBLx0%3D&from=327834062'], 'width': 720, 'height': 720}, 'meta': '{"enable_manual_ladder":"1","format":"mp4","gear_vqm":"{\\"1080p_720p\\":0,\\"720p_540p\\":0}","hrids":"500000002","is_spatial_video":"0","isad":"0","loudness":"-21.8","peak":"0.62373","qprf":"1.000","sdgs":"[\\"normal_720_0\\",\\"low_720_0\\",\\"low_540_0\\",\\"adapt_low_540_0\\",\\"adapt_lowest_1080_1\\",\\"adapt_lowest_720_1\\",\\"adapt_540_1\\"]","sr_score":"1.000","strategy_tokens":"[\\"online\\"]","title_info":"{\\"bottom_res_add\\":[2.27,23.64,67.27,64.64,68.64,60.36,16.73,1.91,4.64,0.09,0.55,0,0,0,0.73],\\"bullet_zone\\":9.32,\\"progress_bar\\":[0.4,0.45,0.47],\\"ratio_br_l\\":[0,0,0,0,0,0],\\"ratio_edge_l\\":[0.02,0.01,0.14,0.3,0.31,0.28],\\"top_res_add\\":[0,0,8.09,48.45,37.82,1.09,2.64],\\"version\\":\\"v1.0\\"}","volume_info":"{\\"Loudness\\":-21.8,\\"LoudnessRangeEnd\\":-19.9,\\"LoudnessRangeStart\\":-27.9,\\"LoudnessRange\\":8,\\"MaximumMomentaryLoudness\\":-12.4,\\"MaximumShortTermLoudness\\":-18.9,\\"Metrics\\":{\\"Phase\\":{\\"RMSDownmixDiff\\":-0.068},\\"RMSStats\\":{\\"LRDiff\\":0.022,\\"LTotal\\":-25.658,\\"Peak\\":-4.065,\\"RTotal\\":-25.68},\\"Version\\":\\"1.4.2\\",\\"Loudness\\":{\\"Integrated\\":-21.814}},\\"Peak\\":0.62373,\\"Version\\":2}","vqs_origin":"0"}', 'video_model': '', 'is_source_HDR': 0, 'use_static_cover': True, 'big_thumbs': [{'img_num': 60, 'uri': 'tos-cn-p-0015/o0DBgwrfDIZmFAAvIxJI9P4DgEyACGDtpfy0II', 'img_url': 'https://p3-sign.douyinpic.com/tos-cn-p-0015/o0DBgwrfDIZmFAAvIxJI9P4DgEyACGDtpfy0II~tplv-noop.image?cquery=101r_100B_100H_100K_100o&dy_q=1760969609&l=20251020221329FF810B6B17C3D024C6A3&x-expires=1760980468&x-signature=0g9Q%2BEp5evfqPEr%2BnnQCyzlWKWM%3D', 'img_x_size': 136, 'img_y_size': 240, 'img_x_len': 5, 'img_y_len': 5, 'duration': 59.7, 'interval': 1, 'fext': 'jpg', 'uris': ['tos-cn-p-0015/o0DBgwrfDIZmFAAvIxJI9P4DgEyACGDtpfy0II', 'tos-cn-p-0015/ooAfZrIgCZAFIEDPTE94vyfttxD1ABWIwDJmpI', 'tos-cn-p-0015/o0AtbmDBpwxEA5F9i4IBwFACfPgfIrvIVTyIJD'], 'img_urls': ['https://p3-sign.douyinpic.com/tos-cn-p-0015/o0DBgwrfDIZmFAAvIxJI9P4DgEyACGDtpfy0II~tplv-noop.image?cquery=101r_100B_100H_100K_100o&dy_q=1760969609&l=20251020221329FF810B6B17C3D024C6A3&x-expires=1760980468&x-signature=0g9Q%2BEp5evfqPEr%2BnnQCyzlWKWM%3D', 'https://p3-sign.douyinpic.com/tos-cn-p-0015/ooAfZrIgCZAFIEDPTE94vyfttxD1ABWIwDJmpI~tplv-noop.image?cquery=101r_100B_100H_100K_100o&dy_q=1760969609&l=20251020221329FF810B6B17C3D024C6A3&x-expires=1760980468&x-signature=NE3mj1Lw7JM6DbXOocsWdBPVkRE%3D', 'https://p3-sign.douyinpic.com/tos-cn-p-0015/o0AtbmDBpwxEA5F9i4IBwFACfPgfIrvIVTyIJD~tplv-noop.image?cquery=100B_100H_100K_100o_101r&dy_q=1760969609&l=20251020221329FF810B6B17C3D024C6A3&x-expires=1760980468&x-signature=PmfKupP56c%2Fny3w2g4n9xMprMUE%3D']}]}, 'item_aigc_follow_shot': 1, 'user_digged': 0, 'statistics': {'recommend_count': 1, 'comment_count': 2, 'digg_count': 36, 'admire_count': 0, 'play_count': 0, 'share_count': 2, 'collect_count': 11}, 'status': {'not_allow_soft_del_reason': 'ab', 'is_delete': False, 'allow_share': True, 'review_result': {'review_status': 0}, 'allow_friend_recommend_guide': True, 'part_see': 0, 'private_status': 0, 'listen_video_status': 2, 'in_reviewing': False, 'allow_self_recommend_to_friend': True, 'allow_friend_recommend': True, 'is_prohibited': False, 'enable_soft_delete': 0}, 'flash_mob_trends': 0, 'text_extra': [{'start': 13, 'end': 18, 'type': 1, 'hashtag_name': '家庭教育', 'hashtag_id': '1767586804947975', 'is_commerce': False, 'caption_start': 13, 'caption_end': 18}, {'start': 20, 'end': 25, 'type': 1, 'hashtag_name': '女性成长', 'hashtag_id': '1767586830235661', 'is_commerce': False, 'caption_start': 20, 'caption_end': 25}, {'start': 27, 'end': 32, 'type': 1, 'hashtag_name': '父母课堂', 'hashtag_id': '1600624540786695', 'is_commerce': False, 'caption_start': 27, 'caption_end': 32}, {'start': 34, 'end': 37, 'type': 1, 'hashtag_name': '育儿', 'hashtag_id': '1767586940916743', 'is_commerce': False, 'caption_start': 34, 'caption_end': 37}], 'is_top': 0, 'mv_info': None, 'share_info': {'share_url': 'https://www.iesdouyin.com/share/video/7406236063473159462/?region=US&mid=7406236083568020250&u_code=0&did=MS4wLjABAAAAvCMmrvAxedjvycgJ9K0iX5KdtDHpyq-etIWoeicy6xniB0XMxRYv3S-CyP_GdsPs&iid=MS4wLjABAAAANwkJuWIRFOzg5uCpDRpMj4OX-QryoDgn-yYlXQnRwQQ&with_sec_did=1&video_share_track_ver=&titleType=title&share_sign=0oOf0uuNThfFliO28jovRwW4ogitJffl3J30SX9wNO0-&share_version=290100&ts=1760969609&from_aid=6383&from_ssr=1&share_track_info=%7B%22link_description_type%22%3A%22%22%7D', 'share_link_desc': '6.41 PxF:/ D@u.FU 05/09 当我们面对不同的价值观… # 家庭教育 # 女性成长 # 父母课堂 # 育儿  %s 复制此链接，打开Dou音搜索，直接观看视频！'}, 'caption_template_id': 0, 'video_labels': None, 'shoot_way': '', 'is_ads': False, 'duration': 59721, 'aweme_type': 0, 'is_new_text_mode': 0, 'ai_follow_images': None, 'image_infos': None, 'risk_infos': {'vote': False, 'warn': False, 'risk_sink': False, 'type': 0, 'content': ''}, 'entertainment_video_type': 3, 'chapter_bar_color': None, 'position': None, 'uniqid_position': None, 'comment_list': None, 'author_user_id': 1965574329213736, 'product_genre_info': {'product_genre_type': 2, 'material_genre_sub_type_set': [4], 'special_info': {'recommend_group_name': 0}}, 'geofencing': [], 'is_from_ad_auth': False, 'is_moment_story': 0, 'region': '', 'video_text': None, 'video_share_edit_status': 0, 'collect_stat': 0, 'label_top_text': None, 'promotions': [], 'group_id': '7406236063473159462', 'prevent_download': False, 'nickname_position': None, 'challenge_position': None, 'trends_event_track': '{}', 'enable_comment_sticker_rec': False, 'mark_largely_following': False, 'long_video': None, 'aweme_listen_struct': {'trace_info': '{"copyright_not_speech":"false","copyright_reason":"has_listen_cp_new","copyright_tag_hit":"","copyright_use_aed_default":"false","copyright_use_tag_default":"false","cp_ab":"true","desc":"","duration_over":"false","hit_high_risk":"false","media_type":"4","reason":"hit_ab_0","show":"false"}'}, 'component_control': {'data_source_url': '/aweme/v1/web/aweme/post/'}, 'friend_recommend_info': {'friend_recommend_source': 10, 'label_user_list': None, 'disable_friend_recommend_guide_label': False}, 'nearby_hot_comment': None, 'interaction_stickers': None, 'can_cache_to_local': True, 'origin_comment_ids': None, 'commerce_config_data': None, 'douplus_user_type': 0, 'video_control': {'allow_download': False, 'share_type': 0, 'show_progress_bar': 1, 'draft_progress_bar': 1, 'allow_duet': True, 'allow_react': True, 'prevent_download_type': 2, 'allow_dynamic_wallpaper': False, 'timer_status': 1, 'allow_music': True, 'allow_stitch': True, 'allow_douplus': True, 'allow_share': True, 'share_grayed': False, 'download_ignore_visibility': False, 'duet_ignore_visibility': False, 'share_ignore_visibility': False, 'download_info': {'level': 1, 'fail_info': {'code': 290002, 'reason': 'isolation_content', 'msg': '视频暂时无法保存，链接已复制'}}, 'duet_info': {'level': 0}, 'allow_record': True, 'disable_record_reason': '', 'timer_info': {}}, 'aweme_control': {'can_forward': True, 'can_share': True, 'can_comment': True, 'can_show_comment': True}, 'interest_points': None, 'is_25_story': 0, 'aweme_type_tags': '', 'entertainment_video_paid_way': {'paid_ways': [], 'paid_type': 0, 'enable_use_new_ent_data': False}, 'anchors': None, 'hybrid_label': None, 'geofencing_regions': None, 'select_anchor_expanded_content': 0, 'aweme_acl': {'download_mask_panel': {'code': 1, 'show_type': 0}}, 'ent_log_extra': {'log_extra': '{"global_log_extra":null,"page_log_extra":null,"aweme_log_extra":{"ce_current_group_id":"7406236063473159462","author_id":"1965574329213736"},"extra_log_extra":null}'}, 'is_story': 0, 'publish_plus_alienation': {'alienation_type': 0}, 'trends_infos': None, 'follow_shot_assets': None, 'cover_labels': None, 'series_basic_info': {}, 'origin_duet_resource_uri': '', 'guide_btn_type': 0, 'cf_assets_type': 0, 'personal_page_botton_diagnose_style': 0, 'images': None, 'relation_labels': None, 'is_moment_history': 0, 'impression_data': {'group_id_list_a': [], 'group_id_list_b': [], 'similar_id_list_a': None, 'similar_id_list_b': None, 'group_id_list_c': [], 'group_id_list_d': []}, 'game_tag_info': {'is_game': False}, 'is_24_story': 0, 'libfinsert_task_id': '', 'social_tag_list': None, 'show_follow_button': {}, 'duet_aggregate_in_music_tab': False, 'is_duet_sing': False, 'comment_permission_info': {'comment_permission_status': 0, 'can_comment': True, 'item_detail_entry': False, 'press_entry': False, 'toast_guide': False}, 'original_images': None, 'series_paid_info': {'series_paid_status': 0, 'item_price': 0}, 'img_bitrate': None, 'comment_gid': 7406236063473159462, 'image_album_music_info': {'begin_time': -1, 'end_time': -1, 'volume': -1}, 'video_tag': [{'tag_id': 2024, 'tag_name': '亲子', 'level': 1}, {'tag_id': 2024006, 'tag_name': '母婴', 'level': 2}, {'tag_id': 2024006003, 'tag_name': '育儿知识', 'level': 3}], 'is_collects_selected': 0, 'chapter_list': None, 'feed_comment_config': {'input_config_text': '善语结善缘，恶言伤人心', 'author_audit_status': 0, 'common_flags': '{"hashtag":"[{\\"name\\":\\"家庭教育\\",\\"id\\":1767586804947975},{\\"name\\":\\"育儿\\",\\"id\\":1767586940916743},{\\"name\\":\\"女性成长\\",\\"id\\":1767586830235661},{\\"name\\":\\"父母课堂\\",\\"id\\":1600624540786695}]","item_author_nickname":"孙瑞雪聊教育","video_labels_v2_tag1":"母婴","video_labels_v2_tag2":"育儿理念"}'}, 'is_image_beat': False, 'dislike_dimension_list': None, 'standard_bar_info_list': None, 'photo_search_entrance': {'ecom_type': 0}, 'is_life_item': False, 'image_list': None, 'component_info_v2': '{"desc_lines_limit":0,"hide_marquee":false}', 'item_warn_notification': {'type': 0, 'show': False, 'content': ''}, 'origin_text_extra': None, 'disable_relation_bar': 0, 'packed_clips': None, 'author_mask_tag': 0, 'user_recommend_status': 1, 'collection_corner_mark': 0, 'is_share_post': False, 'image_comment': {}, 'visual_search_info': {'is_show_img_entrance': False, 'is_ecom_img': False, 'is_high_accuracy_ecom': False, 'is_high_recall_ecom': False}, 'tts_id_list': None, 'ref_tts_id_list': None, 'voice_modify_id_list': None, 'ref_voice_modify_id_list': None, 'authentication_token': 'MS4wLjAAAAAA-wFW23C3SZ4Gfm6aM1frqNhgKR6UzKpkfwqGH9LAraabS2Uu8mZ67N9lNnVyASf3xGA_Jd3z8R9KdlFvBfpbuscbt7czeXtgOmUcoCUVoejW1HCpagWKPo2dY6-M8rfb3JlbMxBnnx3wMu5Wkk1Wj6vf6P65ZBh9Ea8dfNjYciAyCKBRs1e0uf800EbQ4I9Xi2bPUU5krNAeQD_V7jH99EGaVwMMrmGDVEXIIayuI5XmdMNXHrUyk0BE0p0e261z', 'video_game_data_channel_config': {}, 'dislike_dimension_list_v2': None, 'distribute_circle': {'distribute_type': 0, 'campus_block_interaction': False, 'is_campus': False}, 'image_crop_ctrl': 0, 'yumme_recreason': None, 'slides_music_beats': None, 'jump_tab_info_list': None, 'media_type': 4, 'reply_smart_emojis': None, 'activity_video_type': -1, 'boost_status': 0, 'create_scale_type': None, 'entertainment_product_info': {'sub_title': None, 'market_info': {'limit_free': {'in_free': False}, 'marketing_tag': None}}, 'caption': '当我们面对不同的价值观… #家庭教育  #女性成长  #父母课堂  #育儿', 'item_title': '', 'is_use_music': False, 'original': 0, 'xigua_base_info': {'status': 0, 'star_altar_order_id': 0, 'star_altar_type': 0, 'item_id': 0}}, {'aweme_id': '7399862790749441332', 'desc': '陪伴孩子，与孩子共同认知。 #父母课堂  #幼儿教育  #亲子关系  #父母成长  #育儿', 'create_time': 1724119200, 'author': {'uid': '1965574329213736', 'card_entries_not_display': None, 'nickname': '孙瑞雪聊教育', 'personal_tag_list': None, 'homepage_bottom_toast': None, 'avatar_thumb': {'uri': '100x100/aweme-avatar/tos-cn-avt-0015_afee5b125df955a19af4c41159ad1295', 'url_list': ['https://p3-pc.douyinpic.com/aweme/100x100/aweme-avatar/tos-cn-avt-0015_afee5b125df955a19af4c41159ad1295.jpeg?from=327834062'], 'width': 720, 'height': 720}, 'batch_unfollow_contain_tabs': None, 'not_seen_item_id_list': None, 'follow_status': 0, 'contrail_list': None, 'story_interactive': 0, 'data_label_list': None, 'custom_verify': '', 'follower_list_secondary_information_struct': None, 'display_info': None, 'interest_tags': None, 'account_cert_info': '{}', 'user_tags': None, 'share_info': {'share_url': '', 'share_weibo_desc': '', 'share_desc': '', 'share_title': '', 'share_qrcode_url': {'uri': '31b0500316c4e154852bc', 'url_list': ['https://p3-pc-sign.douyinpic.com/obj/31b0500316c4e154852bc?lk3s=138a59ce&x-expires=1760990400&x-signature=VnOegD8kfOkclbkCT%2BIUAVSkQl4%3D&from=327834062'], 'width': 720, 'height': 720}, 'share_title_myself': '', 'share_title_other': '', 'share_desc_info': ''}, 'can_set_geofencing': None, 'sec_uid': 'MS4wLjABAAAAnAFnkWlOm9jteymsi42fanYLMzfbqdGIwCILEUqDNmFyjfK9N8fSJdS_D2UWk_we', 'need_points': None, 'enterprise_verify_reason': '', 'is_ad_fake': False, 'story_ttl': 0, 'user_permissions': None, 'card_entries': None, 'creator_tag_list': None, 'offline_info_list': None, 'text_extra': None, 'card_sort_priority': None, 'prevent_download': False, 'special_people_labels': None, 'white_cover_url': None, 'endorsement_info_list': None, 'follower_status': 0, 'profile_mob_params': None, 'familiar_visitor_user': None, 'avatar_schema_list': None, 'cover_url': [{'uri': 'c8510002be9a3a61aad2', 'url_list': ['https://p3-pc-sign.douyinpic.com/obj/c8510002be9a3a61aad2?lk3s=138a59ce&x-expires=1762178400&x-signature=bEz6E0nbTH1458RtDsUU87G74Mk%3D&from=327834062'], 'width': 720, 'height': 720}], 'cf_list': None, 'im_role_ids': None, 'not_seen_item_id_list_v2': None, 'signature_extra': None, 'risk_notice_text': '', 'ban_user_functions': None, 'profile_component_disabled': None, 'verification_permission_ids': None, 'identity_labels': None, 'private_relation_list': None, 'link_item_list': None, 'batch_unfollow_relation_desc': None}, 'music': {'id': 7399862816074631962, 'id_str': '7399862816074631962', 'title': '@孙瑞雪聊教育创作的原声', 'author': '孙瑞雪聊教育', 'album': '', 'cover_hd': {'uri': '1080x1080/aweme-avatar/tos-cn-avt-0015_afee5b125df955a19af4c41159ad1295', 'url_list': ['https://p3-pc.douyinpic.com/aweme/1080x1080/aweme-avatar/tos-cn-avt-0015_afee5b125df955a19af4c41159ad1295.jpeg?from=327834062'], 'width': 720, 'height': 720}, 'cover_large': {'uri': '1080x1080/aweme-avatar/tos-cn-avt-0015_afee5b125df955a19af4c41159ad1295', 'url_list': ['https://p3-pc.douyinpic.com/aweme/1080x1080/aweme-avatar/tos-cn-avt-0015_afee5b125df955a19af4c41159ad1295.jpeg?from=327834062'], 'width': 720, 'height': 720}, 'cover_medium': {'uri': '720x720/aweme-avatar/tos-cn-avt-0015_afee5b125df955a19af4c41159ad1295', 'url_list': ['https://p3-pc.douyinpic.com/aweme/720x720/aweme-avatar/tos-cn-avt-0015_afee5b125df955a19af4c41159ad1295.jpeg?from=327834062'], 'width': 720, 'height': 720}, 'cover_thumb': {'uri': '100x100/aweme-avatar/tos-cn-avt-0015_afee5b125df955a19af4c41159ad1295', 'url_list': ['https://p3-pc.douyinpic.com/aweme/100x100/aweme-avatar/tos-cn-avt-0015_afee5b125df955a19af4c41159ad1295.jpeg?from=327834062'], 'width': 720, 'height': 720}, 'play_url': {'uri': 'https://sf5-hl-ali-cdn-tos.douyinstatic.com/obj/ies-music/7399862898299849499.mp3', 'url_list': ['https://sf5-hl-ali-cdn-tos.douyinstatic.com/obj/ies-music/7399862898299849499.mp3', 'https://sf5-hl-cdn-tos.douyinstatic.com/obj/ies-music/7399862898299849499.mp3'], 'width': 720, 'height': 720, 'url_key': '7399862816074631962'}, 'schema_url': '', 'source_platform': 23, 'start_time': 0, 'end_time': 0, 'duration': 97, 'extra': '{"aed_music_score":0,"aed_singing_score":0.02,"aggregate_exempt_conf":[],"beats":{},"cover_colors":null,"douyin_beats_info":{},"dsp_switch":0,"extract_item_id":7399862790749441332,"has_edited":0,"hit_high_follow_auto":false,"hit_high_follow_extend":false,"hit_high_follow_original":false,"hotsoon_review_time":-1,"is_aed_music":0,"is_high_follow_user":false,"is_red":0,"is_subsidy_exp":false,"music_label_id":null,"music_tagging":{"AEDs":null,"Genres":null,"Instruments":null,"Languages":null,"Moods":null,"SingingVersions":null,"Themes":null},"review_unshelve_reason":0,"reviewed":0,"schedule_search_time":0,"uniqa_speech_score":0.95,"with_aed_model":1}', 'user_count': 0, 'position': None, 'collect_stat': 0, 'status': 1, 'offline_desc': '', 'owner_id': '1965574329213736', 'owner_nickname': '孙瑞雪聊教育', 'is_original': False, 'mid': '7399862816074631962', 'binded_challenge_id': 0, 'redirect': False, 'is_restricted': False, 'author_deleted': False, 'is_del_video': False, 'is_video_self_see': False, 'owner_handle': '63566855132', 'author_position': None, 'prevent_download': False, 'unshelve_countries': None, 'prevent_item_download_status': 0, 'external_song_info': [], 'sec_uid': 'MS4wLjABAAAAnAFnkWlOm9jteymsi42fanYLMzfbqdGIwCILEUqDNmFyjfK9N8fSJdS_D2UWk_we', 'avatar_thumb': {'uri': '100x100/aweme-avatar/tos-cn-avt-0015_afee5b125df955a19af4c41159ad1295', 'url_list': ['https://p3-pc.douyinpic.com/aweme/100x100/aweme-avatar/tos-cn-avt-0015_afee5b125df955a19af4c41159ad1295.jpeg?from=327834062'], 'width': 720, 'height': 720}, 'avatar_medium': {'uri': '720x720/aweme-avatar/tos-cn-avt-0015_afee5b125df955a19af4c41159ad1295', 'url_list': ['https://p3-pc.douyinpic.com/aweme/720x720/aweme-avatar/tos-cn-avt-0015_afee5b125df955a19af4c41159ad1295.jpeg?from=327834062'], 'width': 720, 'height': 720}, 'avatar_large': {'uri': '1080x1080/aweme-avatar/tos-cn-avt-0015_afee5b125df955a19af4c41159ad1295', 'url_list': ['https://p3-pc.douyinpic.com/aweme/1080x1080/aweme-avatar/tos-cn-avt-0015_afee5b125df955a19af4c41159ad1295.jpeg?from=327834062'], 'width': 720, 'height': 720}, 'preview_start_time': 0, 'preview_end_time': 0, 'is_commerce_music': False, 'is_original_sound': True, 'audition_duration': 97, 'shoot_duration': 97, 'reason_type': 0, 'artists': [], 'lyric_short_position': None, 'mute_share': False, 'tag_list': None, 'dmv_auto_show': False, 'is_pgc': False, 'is_matched_metadata': False, 'is_audio_url_with_cookie': False, 'music_chart_ranks': None, 'can_background_play': True, 'music_status': 1, 'video_duration': 97, 'pgc_music_type': 2, 'author_status': 1, 'search_impr': {'entity_id': '7399862816074631962'}, 'artist_user_infos': None, 'dsp_status': 10, 'musician_user_infos': None, 'music_collect_count': 0, 'music_cover_atmosphere_color_value': '', 'show_origin_clip': False}, 'effect_inflow_effects': None, 'video': {'play_addr': {'uri': 'v0200fg10000cqopfivog65hfu5g0bhg', 'url_list': ['https://v5-dy-o-abtest.zjcdn.com/f3c0253658d1f245b8a16fb456dfdfb6/68f66e1a/video/tos/cn/tos-cn-ve-0015c800/oIeaGA2tDeGxYj0IoMLeXQpKCGOxIAEFlXgIfA/?a=6383&ch=10010&cr=3&dr=0&lr=all&cd=0%7C0%7C0%7C3&cv=1&br=613&bt=613&cs=0&ds=3&ft=c2YTctGHQPRUZxfusdr~kwPqYldQIKDEE-TerrNqq_45a&mime_type=video_mp4&qs=0&rc=Omc0ZWRnNjpmPDpoNjg6OEBpamVqeGs5cmxzdDMzNGkzM0BhM2JeMV4zNjQxNl4yYTMyYSNlLTJjMmRzY2xgLS1kLS9zcw%3D%3D&btag=80000e00028000&cquery=100K_100o_101r_100B_100H&dy_q=1760969609&feature_id=f0150a16a324336cda5d6dd0b69ed299&l=20251020221329FF810B6B17C3D024C6A3', 'https://v5-dy-o-abtest.zjcdn.com/f3c0253658d1f245b8a16fb456dfdfb6/68f66e1a/video/tos/cn/tos-cn-ve-0015c800/oIeaGA2tDeGxYj0IoMLeXQpKCGOxIAEFlXgIfA/?a=6383&ch=10010&cr=3&dr=0&lr=all&cd=0%7C0%7C0%7C3&cv=1&br=613&bt=613&cs=0&ds=3&ft=c2YTctGHQPRUZxfusdr~kwPqYldQIKDEE-TerrNqq_45a&mime_type=video_mp4&qs=0&rc=Omc0ZWRnNjpmPDpoNjg6OEBpamVqeGs5cmxzdDMzNGkzM0BhM2JeMV4zNjQxNl4yYTMyYSNlLTJjMmRzY2xgLS1kLS9zcw%3D%3D&btag=80000e00028000&cquery=101r_100B_100H_100K_100o&dy_q=1760969609&feature_id=f0150a16a324336cda5d6dd0b69ed299&l=20251020221329FF810B6B17C3D024C6A3', 'https://www.douyin.com/aweme/v1/play/?video_id=v0200fg10000cqopfivog65hfu5g0bhg&line=0&file_id=5567d553ae97497c9763ad4aabe16dd7&sign=eaddd1b9db4fc35bc07791f9354099c7&is_play_url=1&source=PackSourceEnum_PUBLISH'], 'width': 720, 'height': 1280, 'url_key': 'v0200fg10000cqopfivog65hfu5g0bhg_h264_720p_627763', 'data_size': 7681788, 'file_hash': 'eaddd1b9db4fc35bc07791f9354099c7', 'file_cs': 'c:0-107665-57d4'}, 'cover': {'uri': 'tos-cn-i-dy/5a8ada7a1b91475d8b5d09cdfa2ca291', 'url_list': ['https://p3-pc-sign.douyinpic.com/tos-cn-i-dy/5a8ada7a1b91475d8b5d09cdfa2ca291~tplv-dy-cropcenter:323:430.jpeg?lk3s=138a59ce&x-expires=2076328800&x-signature=%2FK1PnIVNcR5sR%2BGCNO5sDSueVgg%3D&from=327834062&s=PackSourceEnum_PUBLISH&se=true&sh=323_430&sc=cover&biz_tag=pcweb_cover&l=20251020221329FF810B6B17C3D024C6A3', 'https://p3-pc-sign.douyinpic.com/obj/tos-cn-i-dy/5a8ada7a1b91475d8b5d09cdfa2ca291?lk3s=138a59ce&x-expires=2076328800&x-signature=McVmqVQRv3DUNGt6p7ObbpN3H%2BQ%3D&from=327834062&s=PackSourceEnum_PUBLISH&se=false&sc=cover&biz_tag=pcweb_cover&l=20251020221329FF810B6B17C3D024C6A3'], 'width': 720, 'height': 720}, 'height': 1920, 'width': 1080, 'dynamic_cover': {'uri': 'tos-cn-i-dy/5a8ada7a1b91475d8b5d09cdfa2ca291', 'url_list': ['https://p3-pc-sign.douyinpic.com/obj/tos-cn-i-dy/5a8ada7a1b91475d8b5d09cdfa2ca291?lk3s=138a59ce&x-expires=1762178400&x-signature=lPrnw0vds1%2Brc1ShLx7qV%2Fj2ZYI%3D&from=327834062_large&s=PackSourceEnum_PUBLISH&se=false&sc=dynamic_cover&biz_tag=pcweb_cover&l=20251020221329FF810B6B17C3D024C6A3', 'https://p9-pc-sign.douyinpic.com/obj/tos-cn-i-dy/5a8ada7a1b91475d8b5d09cdfa2ca291?lk3s=138a59ce&x-expires=1762178400&x-signature=ZuAv3HxE4bTboB8li%2FLIDerouDc%3D&from=327834062_large&s=PackSourceEnum_PUBLISH&se=false&sc=dynamic_cover&biz_tag=pcweb_cover&l=20251020221329FF810B6B17C3D024C6A3'], 'width': 720, 'height': 720}, 'origin_cover': {'uri': 'tos-cn-p-0015/oo4mBAzjNOB5uLsxCiFEAfDLBYA7vIRIIffAEy', 'url_list': ['https://p3-pc-sign.douyinpic.com/tos-cn-p-0015/oo4mBAzjNOB5uLsxCiFEAfDLBYA7vIRIIffAEy~tplv-dy-360p.jpeg?lk3s=138a59ce&x-expires=1762178400&x-signature=rETS%2FPdlHersWHzQxlvzhJdWjWM%3D&from=327834062&s=PackSourceEnum_PUBLISH&se=false&sc=origin_cover&biz_tag=pcweb_cover&l=20251020221329FF810B6B17C3D024C6A3', 'https://p9-pc-sign.douyinpic.com/tos-cn-p-0015/oo4mBAzjNOB5uLsxCiFEAfDLBYA7vIRIIffAEy~tplv-dy-360p.jpeg?lk3s=138a59ce&x-expires=1762178400&x-signature=58HPJWRZqnjikgIzG9hmY2ub7Y8%3D&from=327834062&s=PackSourceEnum_PUBLISH&se=false&sc=origin_cover&biz_tag=pcweb_cover&l=20251020221329FF810B6B17C3D024C6A3'], 'width': 360, 'height': 640}, 'ratio': '720p', 'format': 'mp4', 'audio': {'original_sound_infos': None}, 'bit_rate': [{'gear_name': 'normal_720_0', 'quality_type': 10, 'bit_rate': 627763, 'play_addr': {'uri': 'v0200fg10000cqopfivog65hfu5g0bhg', 'url_list': ['https://v5-dy-o-abtest.zjcdn.com/f3c0253658d1f245b8a16fb456dfdfb6/68f66e1a/video/tos/cn/tos-cn-ve-0015c800/oIeaGA2tDeGxYj0IoMLeXQpKCGOxIAEFlXgIfA/?a=6383&ch=10010&cr=3&dr=0&lr=all&cd=0%7C0%7C0%7C3&cv=1&br=613&bt=613&cs=0&ds=3&ft=c2YTctGHQPRUZxfusdr~kwPqYldQIKDEE-TerrNqq_45a&mime_type=video_mp4&qs=0&rc=Omc0ZWRnNjpmPDpoNjg6OEBpamVqeGs5cmxzdDMzNGkzM0BhM2JeMV4zNjQxNl4yYTMyYSNlLTJjMmRzY2xgLS1kLS9zcw%3D%3D&btag=80000e00028000&cquery=100K_100o_101r_100B_100H&dy_q=1760969609&feature_id=f0150a16a324336cda5d6dd0b69ed299&l=20251020221329FF810B6B17C3D024C6A3', 'https://v5-dy-o-abtest.zjcdn.com/f3c0253658d1f245b8a16fb456dfdfb6/68f66e1a/video/tos/cn/tos-cn-ve-0015c800/oIeaGA2tDeGxYj0IoMLeXQpKCGOxIAEFlXgIfA/?a=6383&ch=10010&cr=3&dr=0&lr=all&cd=0%7C0%7C0%7C3&cv=1&br=613&bt=613&cs=0&ds=3&ft=c2YTctGHQPRUZxfusdr~kwPqYldQIKDEE-TerrNqq_45a&mime_type=video_mp4&qs=0&rc=Omc0ZWRnNjpmPDpoNjg6OEBpamVqeGs5cmxzdDMzNGkzM0BhM2JeMV4zNjQxNl4yYTMyYSNlLTJjMmRzY2xgLS1kLS9zcw%3D%3D&btag=80000e00028000&cquery=101r_100B_100H_100K_100o&dy_q=1760969609&feature_id=f0150a16a324336cda5d6dd0b69ed299&l=20251020221329FF810B6B17C3D024C6A3', 'https://www.douyin.com/aweme/v1/play/?video_id=v0200fg10000cqopfivog65hfu5g0bhg&line=0&file_id=5567d553ae97497c9763ad4aabe16dd7&sign=eaddd1b9db4fc35bc07791f9354099c7&is_play_url=1&source=PackSourceEnum_PUBLISH'], 'width': 720, 'height': 1280, 'url_key': 'v0200fg10000cqopfivog65hfu5g0bhg_h264_720p_627763', 'data_size': 7681788, 'file_hash': 'eaddd1b9db4fc35bc07791f9354099c7', 'file_cs': 'c:0-107665-57d4'}, 'is_h265': 0, 'is_bytevc1': 0, 'HDR_type': '', 'HDR_bit': '', 'FPS': 30, 'video_extra': '{"PktOffsetMap":"[{\\"time\\": 1, \\"offset\\": 284704}, {\\"time\\": 2, \\"offset\\": 357382}, {\\"time\\": 3, \\"offset\\": 451335}, {\\"time\\": 4, \\"offset\\": 526021}, {\\"time\\": 5, \\"offset\\": 654137}, {\\"time\\": 10, \\"offset\\": 950652}]","format":"mp4","definition":"720p","quality":"normal","file_id":"5567d553ae97497c9763ad4aabe16dd7","applog_map":{"feature_id":"f0150a16a324336cda5d6dd0b69ed299"},"audio_channels":"2.0","audio_sample_rate":"44100","audio_metrics":null,"audio_score":null}', 'format': 'mp4'}, {'gear_name': 'low_720_0', 'quality_type': 211, 'bit_rate': 563922, 'play_addr': {'uri': 'v0200fg10000cqopfivog65hfu5g0bhg', 'url_list': ['https://v5-dy-o-abtest.zjcdn.com/6d49f00bc6774e0f98bd11c3bc22961b/68f66e1a/video/tos/cn/tos-cn-ve-0015c800/o0EAYj87LIfsBG4BENyAhfDiFLfQAC8GLEGElm/?a=6383&ch=10010&cr=3&dr=0&lr=all&cd=0%7C0%7C0%7C3&cv=1&br=550&bt=550&cs=0&ds=3&ft=c2YTctGHQPRUZxfusdr~kwPqYldQIKDEE-TerrNqq_45a&mime_type=video_mp4&qs=1&rc=ZDs1OzdpOmdkOTs6OGdpN0BpamVqeGs5cmxzdDMzNGkzM0AwYjNhLjAzXi0xXi9eYTE0YSNlLTJjMmRzY2xgLS1kLS9zcw%3D%3D&btag=80000e00028000&cquery=101r_100B_100H_100K_100o&dy_q=1760969609&feature_id=46a7bb47b4fd1280f3d3825bf2b29388&l=20251020221329FF810B6B17C3D024C6A3', 'https://v5-dy-o-abtest.zjcdn.com/6d49f00bc6774e0f98bd11c3bc22961b/68f66e1a/video/tos/cn/tos-cn-ve-0015c800/o0EAYj87LIfsBG4BENyAhfDiFLfQAC8GLEGElm/?a=6383&ch=10010&cr=3&dr=0&lr=all&cd=0%7C0%7C0%7C3&cv=1&br=550&bt=550&cs=0&ds=3&ft=c2YTctGHQPRUZxfusdr~kwPqYldQIKDEE-TerrNqq_45a&mime_type=video_mp4&qs=1&rc=ZDs1OzdpOmdkOTs6OGdpN0BpamVqeGs5cmxzdDMzNGkzM0AwYjNhLjAzXi0xXi9eYTE0YSNlLTJjMmRzY2xgLS1kLS9zcw%3D%3D&btag=80000e00028000&cquery=100o_101r_100B_100H_100K&dy_q=1760969609&feature_id=46a7bb47b4fd1280f3d3825bf2b29388&l=20251020221329FF810B6B17C3D024C6A3', 'https://www.douyin.com/aweme/v1/play/?video_id=v0200fg10000cqopfivog65hfu5g0bhg&line=0&file_id=744fdda527a8460aad673f14d862e83a&sign=0102308e48cf37fffa8bc7c2c892d6f1&is_play_url=1&source=PackSourceEnum_PUBLISH'], 'width': 720, 'height': 1280, 'url_key': 'v0200fg10000cqopfivog65hfu5g0bhg_h264_720p_563922', 'data_size': 6900582, 'file_hash': '0102308e48cf37fffa8bc7c2c892d6f1', 'file_cs': 'c:0-81840-bbad|a:v0200fg10000cqopfivog65hfu5g0bhg'}, 'is_h265': 0, 'is_bytevc1': 0, 'HDR_type': '', 'HDR_bit': '', 'FPS': 30, 'video_extra': '{"PktOffsetMap":"[{\\"time\\": 1, \\"offset\\": 275476}, {\\"time\\": 2, \\"offset\\": 343339}, {\\"time\\": 3, \\"offset\\": 440952}, {\\"time\\": 4, \\"offset\\": 508023}, {\\"time\\": 5, \\"offset\\": 571974}, {\\"time\\": 10, \\"offset\\": 910003}]","format":"mp4","definition":"720p","quality":"low","file_id":"744fdda527a8460aad673f14d862e83a","applog_map":{"feature_id":"46a7bb47b4fd1280f3d3825bf2b29388"},"audio_channels":"2.0","audio_sample_rate":"44100","audio_metrics":null,"audio_score":null}', 'format': 'mp4'}, {'gear_name': 'low_540_0', 'quality_type': 292, 'bit_rate': 545869, 'play_addr': {'uri': 'v0200fg10000cqopfivog65hfu5g0bhg', 'url_list': ['https://v5-dy-o-abtest.zjcdn.com/d96ffeab11b2f08a2c2d11c2d5d51974/68f66e1a/video/tos/cn/tos-cn-ve-0015c800/owD4XEiQfEFYLFVBLEJfvswWVAGjC7AfENIyAB/?a=6383&ch=10010&cr=3&dr=0&lr=all&cd=0%7C0%7C0%7C3&cv=1&br=533&bt=533&cs=0&ds=6&ft=c2YTctGHQPRUZxfusdr~kwPqYldQIKDEE-TerrNqq_45a&mime_type=video_mp4&qs=1&rc=NGk6ZTtpZWk7OWk1ZDlmM0BpamVqeGs5cmxzdDMzNGkzM0BjNmM2MC00Xi4xL14zYDQtYSNlLTJjMmRzY2xgLS1kLS9zcw%3D%3D&btag=80000e00028000&cquery=100K_100o_101r_100B_100H&dy_q=1760969609&feature_id=46a7bb47b4fd1280f3d3825bf2b29388&l=20251020221329FF810B6B17C3D024C6A3', 'https://v5-dy-o-abtest.zjcdn.com/d96ffeab11b2f08a2c2d11c2d5d51974/68f66e1a/video/tos/cn/tos-cn-ve-0015c800/owD4XEiQfEFYLFVBLEJfvswWVAGjC7AfENIyAB/?a=6383&ch=10010&cr=3&dr=0&lr=all&cd=0%7C0%7C0%7C3&cv=1&br=533&bt=533&cs=0&ds=6&ft=c2YTctGHQPRUZxfusdr~kwPqYldQIKDEE-TerrNqq_45a&mime_type=video_mp4&qs=1&rc=NGk6ZTtpZWk7OWk1ZDlmM0BpamVqeGs5cmxzdDMzNGkzM0BjNmM2MC00Xi4xL14zYDQtYSNlLTJjMmRzY2xgLS1kLS9zcw%3D%3D&btag=80000e00028000&cquery=101r_100B_100H_100K_100o&dy_q=1760969609&feature_id=46a7bb47b4fd1280f3d3825bf2b29388&l=20251020221329FF810B6B17C3D024C6A3', 'https://www.douyin.com/aweme/v1/play/?video_id=v0200fg10000cqopfivog65hfu5g0bhg&line=0&file_id=007cc66aa22f4618af7b0f389bf79ff1&sign=8b8feea28b9cec7521e9cc1e8d21ac88&is_play_url=1&source=PackSourceEnum_PUBLISH'], 'width': 576, 'height': 1024, 'url_key': 'v0200fg10000cqopfivog65hfu5g0bhg_h264_540p_545869', 'data_size': 6679669, 'file_hash': '8b8feea28b9cec7521e9cc1e8d21ac88', 'file_cs': 'c:0-81840-67b8|a:v0200fg10000cqopfivog65hfu5g0bhg'}, 'is_h265': 0, 'is_bytevc1': 0, 'HDR_type': '', 'HDR_bit': '', 'FPS': 30, 'video_extra': '{"PktOffsetMap":"[{\\"time\\": 1, \\"offset\\": 266496}, {\\"time\\": 2, \\"offset\\": 336553}, {\\"time\\": 3, \\"offset\\": 427476}, {\\"time\\": 4, \\"offset\\": 492796}, {\\"time\\": 5, \\"offset\\": 556124}, {\\"time\\": 10, \\"offset\\": 878403}]","format":"mp4","definition":"540p","quality":"low","file_id":"007cc66aa22f4618af7b0f389bf79ff1","applog_map":{"feature_id":"46a7bb47b4fd1280f3d3825bf2b29388"},"audio_channels":"2.0","audio_sample_rate":"44100","audio_metrics":null,"audio_score":null}', 'format': 'mp4'}, {'gear_name': 'adapt_low_540_0', 'quality_type': 291, 'bit_rate': 372152, 'play_addr': {'uri': 'v0200fg10000cqopfivog65hfu5g0bhg', 'url_list': ['https://v5-dy-o-abtest.zjcdn.com/3623adb6f7cbf74f009a65a29eb58455/68f66e1a/video/tos/cn/tos-cn-ve-0015c800/oAYEeaxfIjolALNfAgIQrACF4XIxEGGFDIMe2X/?a=6383&ch=10010&cr=3&dr=0&lr=all&cd=0%7C0%7C0%7C3&cv=1&br=363&bt=363&cs=0&ds=6&ft=c2YTctGHQPRUZxfusdr~kwPqYldQIKDEE-TerrNqq_45a&mime_type=video_mp4&qs=12&rc=NTloNmY1Mzo3OzM8ZWY3aUBpamVqeGs5cmxzdDMzNGkzM0AuM2EzNDFhXzExNF8tMGA2YSNlLTJjMmRzY2xgLS1kLS9zcw%3D%3D&btag=80000e00028000&cquery=100B_100H_100K_100o_101r&dy_q=1760969609&feature_id=46a7bb47b4fd1280f3d3825bf2b29388&l=20251020221329FF810B6B17C3D024C6A3', 'https://v5-dy-o-abtest.zjcdn.com/3623adb6f7cbf74f009a65a29eb58455/68f66e1a/video/tos/cn/tos-cn-ve-0015c800/oAYEeaxfIjolALNfAgIQrACF4XIxEGGFDIMe2X/?a=6383&ch=10010&cr=3&dr=0&lr=all&cd=0%7C0%7C0%7C3&cv=1&br=363&bt=363&cs=0&ds=6&ft=c2YTctGHQPRUZxfusdr~kwPqYldQIKDEE-TerrNqq_45a&mime_type=video_mp4&qs=12&rc=NTloNmY1Mzo3OzM8ZWY3aUBpamVqeGs5cmxzdDMzNGkzM0AuM2EzNDFhXzExNF8tMGA2YSNlLTJjMmRzY2xgLS1kLS9zcw%3D%3D&btag=80000e00028000&cquery=100K_100o_101r_100B_100H&dy_q=1760969609&feature_id=46a7bb47b4fd1280f3d3825bf2b29388&l=20251020221329FF810B6B17C3D024C6A3', 'https://www.douyin.com/aweme/v1/play/?video_id=v0200fg10000cqopfivog65hfu5g0bhg&line=0&file_id=9fc43c0bb9704844b7d0427c63de6612&sign=7d8bd057553cbafc2966c17ac0c13ce7&is_play_url=1&source=PackSourceEnum_PUBLISH'], 'width': 576, 'height': 1024, 'url_key': 'v0200fg10000cqopfivog65hfu5g0bhg_h264_540p_372152', 'data_size': 4553936, 'file_hash': '7d8bd057553cbafc2966c17ac0c13ce7', 'file_cs': 'c:0-81839-c608|a:v0200fg10000cqopfivog65hfu5g0bhg'}, 'is_h265': 0, 'is_bytevc1': 0, 'HDR_type': '', 'HDR_bit': '', 'FPS': 30, 'video_extra': '{"PktOffsetMap":"[{\\"time\\": 1, \\"offset\\": 213533}, {\\"time\\": 2, \\"offset\\": 259643}, {\\"time\\": 3, \\"offset\\": 320234}, {\\"time\\": 4, \\"offset\\": 363203}, {\\"time\\": 5, \\"offset\\": 405122}, {\\"time\\": 10, \\"offset\\": 627623}]","format":"mp4","definition":"540p","quality":"adapt_low","file_id":"9fc43c0bb9704844b7d0427c63de6612","applog_map":{"feature_id":"46a7bb47b4fd1280f3d3825bf2b29388"},"audio_channels":"2.0","audio_sample_rate":"44100","audio_metrics":null,"audio_score":null}', 'format': 'mp4'}, {'gear_name': 'adapt_lowest_720_1', 'quality_type': 15, 'bit_rate': 241510, 'play_addr': {'uri': 'v0200fg10000cqopfivog65hfu5g0bhg', 'url_list': ['https://v5-dy-o-abtest.zjcdn.com/07c606005fe0dd66d228c1ca6fb95d79/68f66e1a/video/tos/cn/tos-cn-ve-0015c800/o0CxFalEfAeIDfL2UXIgbrAIY9AeGXFHo2xQXG/?a=6383&ch=10010&cr=3&dr=0&lr=all&cd=0%7C0%7C0%7C3&cv=1&br=235&bt=235&cs=2&ds=3&ft=c2YTctGHQPRUZxfusdr~kwPqYldQIKDEE-TerrNqq_45a&mime_type=video_mp4&qs=15&rc=ZDNkNjs8ZDlmOWQ2ZDk5NUBpamVqeGs5cmxzdDMzNGkzM0AtLWAxX2EwNWAxYzUzLjVeYSNlLTJjMmRzY2xgLS1kLS9zcw%3D%3D&btag=80000e00028000&cquery=100H_100K_100o_101r_100B&dy_q=1760969609&feature_id=c6de0308cacfd993ef282c8e1c646267&l=20251020221329FF810B6B17C3D024C6A3', 'https://v5-dy-o-abtest.zjcdn.com/07c606005fe0dd66d228c1ca6fb95d79/68f66e1a/video/tos/cn/tos-cn-ve-0015c800/o0CxFalEfAeIDfL2UXIgbrAIY9AeGXFHo2xQXG/?a=6383&ch=10010&cr=3&dr=0&lr=all&cd=0%7C0%7C0%7C3&cv=1&br=235&bt=235&cs=2&ds=3&ft=c2YTctGHQPRUZxfusdr~kwPqYldQIKDEE-TerrNqq_45a&mime_type=video_mp4&qs=15&rc=ZDNkNjs8ZDlmOWQ2ZDk5NUBpamVqeGs5cmxzdDMzNGkzM0AtLWAxX2EwNWAxYzUzLjVeYSNlLTJjMmRzY2xgLS1kLS9zcw%3D%3D&btag=80000e00028000&cquery=100o_101r_100B_100H_100K&dy_q=1760969609&feature_id=c6de0308cacfd993ef282c8e1c646267&l=20251020221329FF810B6B17C3D024C6A3', 'https://www.douyin.com/aweme/v1/play/?video_id=v0200fg10000cqopfivog65hfu5g0bhg&line=0&file_id=a286166a83fa46cc863ad9b843ca000a&sign=4abed7de1a36d87d4e7adad6394d58b4&is_play_url=1&source=PackSourceEnum_PUBLISH'], 'width': 720, 'height': 1280, 'url_key': 'v0200fg10000cqopfivog65hfu5g0bhg_bytevc1_720p_241510', 'data_size': 2955301, 'file_hash': '4abed7de1a36d87d4e7adad6394d58b4', 'file_cs': 'c:0-82049-f958'}, 'is_h265': 1, 'is_bytevc1': 1, 'HDR_type': '', 'HDR_bit': '', 'FPS': 30, 'video_extra': '{"PktOffsetMap":"[{\\"time\\": 1, \\"offset\\": 166811}, {\\"time\\": 2, \\"offset\\": 194617}, {\\"time\\": 3, \\"offset\\": 232543}, {\\"time\\": 4, \\"offset\\": 262831}, {\\"time\\": 5, \\"offset\\": 288957}, {\\"time\\": 10, \\"offset\\": 439242}]","format":"mp4","definition":"720p","quality":"adapt_lowest","file_id":"a286166a83fa46cc863ad9b843ca000a","applog_map":{"feature_id":"c6de0308cacfd993ef282c8e1c646267"},"mvmaf":"{\\"mvmaf_sr_v1080\\":96.208,\\"mvmaf_sr_v960\\":98.252,\\"mvmaf_sr_v864\\":98.505,\\"mvmaf_sr_v720\\":99.275,\\"mvmaf_ori_v1080\\":86.546,\\"mvmaf_ori_v960\\":90.122,\\"mvmaf_ori_v864\\":91.671,\\"mvmaf_ori_v720\\":94.762}","audio_channels":"2.0","audio_sample_rate":"44100","audio_metrics":null,"audio_score":null}', 'format': 'mp4'}, {'gear_name': 'adapt_540_1', 'quality_type': 28, 'bit_rate': 225884, 'play_addr': {'uri': 'v0200fg10000cqopfivog65hfu5g0bhg', 'url_list': ['https://v5-dy-o-abtest.zjcdn.com/d6f28d6bea53813568fe7cd86b08b0b4/68f66e1a/video/tos/cn/tos-cn-ve-0015c800/osM2LxQewKfLAHIpDieXeuAgM8A3WCAuAEialR/?a=6383&ch=10010&cr=3&dr=0&lr=all&cd=0%7C0%7C0%7C3&cv=1&br=220&bt=220&cs=2&ds=6&ft=c2YTctGHQPRUZxfusdr~kwPqYldQIKDEE-TerrNqq_45a&mime_type=video_mp4&qs=11&rc=O2VkZDs0ZDtnNmU3NzozZEBpamVqeGs5cmxzdDMzNGkzM0AvYy1hMzZeXzIxLzNjNi0uYSNlLTJjMmRzY2xgLS1kLS9zcw%3D%3D&btag=80000e00028000&cquery=100B_100H_100K_100o_101r&dy_q=1760969609&feature_id=c6de0308cacfd993ef282c8e1c646267&l=20251020221329FF810B6B17C3D024C6A3', 'https://v5-dy-o-abtest.zjcdn.com/d6f28d6bea53813568fe7cd86b08b0b4/68f66e1a/video/tos/cn/tos-cn-ve-0015c800/osM2LxQewKfLAHIpDieXeuAgM8A3WCAuAEialR/?a=6383&ch=10010&cr=3&dr=0&lr=all&cd=0%7C0%7C0%7C3&cv=1&br=220&bt=220&cs=2&ds=6&ft=c2YTctGHQPRUZxfusdr~kwPqYldQIKDEE-TerrNqq_45a&mime_type=video_mp4&qs=11&rc=O2VkZDs0ZDtnNmU3NzozZEBpamVqeGs5cmxzdDMzNGkzM0AvYy1hMzZeXzIxLzNjNi0uYSNlLTJjMmRzY2xgLS1kLS9zcw%3D%3D&btag=80000e00028000&cquery=100B_100H_100K_100o_101r&dy_q=1760969609&feature_id=c6de0308cacfd993ef282c8e1c646267&l=20251020221329FF810B6B17C3D024C6A3', 'https://www.douyin.com/aweme/v1/play/?video_id=v0200fg10000cqopfivog65hfu5g0bhg&line=0&file_id=1a0097f4642b435db8aa9168da0afb28&sign=1a7c4dc567b878e2119c2ba5fce3fc46&is_play_url=1&source=PackSourceEnum_PUBLISH'], 'width': 576, 'height': 1024, 'url_key': 'v0200fg10000cqopfivog65hfu5g0bhg_bytevc1_540p_225884', 'data_size': 2764087, 'file_hash': '1a7c4dc567b878e2119c2ba5fce3fc46', 'file_cs': 'c:0-82049-0e17'}, 'is_h265': 1, 'is_bytevc1': 1, 'HDR_type': '', 'HDR_bit': '', 'FPS': 30, 'video_extra': '{"PktOffsetMap":"[{\\"time\\": 1, \\"offset\\": 153676}, {\\"time\\": 2, \\"offset\\": 178483}, {\\"time\\": 3, \\"offset\\": 213329}, {\\"time\\": 4, \\"offset\\": 240957}, {\\"time\\": 5, \\"offset\\": 264988}, {\\"time\\": 10, \\"offset\\": 396979}]","format":"mp4","definition":"540p","quality":"adapt","file_id":"1a0097f4642b435db8aa9168da0afb28","applog_map":{"feature_id":"c6de0308cacfd993ef282c8e1c646267"},"mvmaf":"{\\"mvmaf_sr_v1080\\":92.249,\\"mvmaf_sr_v960\\":95.621,\\"mvmaf_sr_v864\\":96.331,\\"mvmaf_sr_v720\\":98.154,\\"mvmaf_ori_v1080\\":84.243,\\"mvmaf_ori_v960\\":87.774,\\"mvmaf_ori_v864\\":88.61,\\"mvmaf_ori_v720\\":91.844}","audio_channels":"2.0","audio_sample_rate":"44100","audio_metrics":null,"audio_score":null}', 'format': 'mp4'}, {'gear_name': 'adapt_lowest_720_1', 'quality_type': 15, 'bit_rate': 186794, 'play_addr': {'uri': 'v0200fg10000cqopfivog65hfu5g0bhg', 'url_list': ['https://v5-dy-o-abtest.zjcdn.com/039689ba75d0c36830dc1fe0a8b0163f/68f7956a/video/tos/cn/tos-cn-ve-0015c800/oYeFXLfDIAGRAuxAlHeeGAXA2Ax0aGIYCAHrE1/media-video-hvc1/?a=6383&ch=0&cr=8&dr=0&er=1&lr=default&cd=0%7C0%7C0%7C3&cv=1&br=182&bt=182&cs=4&ds=3&mime_type=video_mp4&qs=15&rc=aDQ8aWdmOGQ2aTQ4NWRnM0BpamVqeGs5cmxzdDMzNGkzM0AvNjBiNTFjXzIxYS1eYTI0YSNlLTJjMmRzY2xgLS1kLS9zcw%3D%3D&btag=80000e00028000&cquery=101r_100o&dy_q=1760969609&l=20251020221329FF810B6B17C3D024C6A3', 'https://v5-dy-o-abtest.zjcdn.com/039689ba75d0c36830dc1fe0a8b0163f/68f7956a/video/tos/cn/tos-cn-ve-0015c800/oYeFXLfDIAGRAuxAlHeeGAXA2Ax0aGIYCAHrE1/media-video-hvc1/?a=6383&ch=0&cr=8&dr=0&er=1&lr=default&cd=0%7C0%7C0%7C3&cv=1&br=182&bt=182&cs=4&ds=3&mime_type=video_mp4&qs=15&rc=aDQ8aWdmOGQ2aTQ4NWRnM0BpamVqeGs5cmxzdDMzNGkzM0AvNjBiNTFjXzIxYS1eYTI0YSNlLTJjMmRzY2xgLS1kLS9zcw%3D%3D&btag=80000e00028000&cquery=101r_100o&dy_q=1760969609&l=20251020221329FF810B6B17C3D024C6A3', 'https://www.douyin.com/aweme/v1/play/dash/?video_id=v0200fg10000cqopfivog65hfu5g0bhg&line=0&file_id=705ddaa205d14f53baf54c8def39912e&sign=2cf5c04024237637aebbce390f4e1c68&is_play_url=1&source=PackSourceEnum_PUBLISH'], 'width': 720, 'height': 1280, 'url_key': 'v0200fg10000cqopfivog65hfu5g0bhg_bytevc1_720p_186794', 'data_size': 2285118, 'file_hash': '2cf5c04024237637aebbce390f4e1c68'}, 'is_h265': 1, 'is_bytevc1': 1, 'HDR_type': '', 'HDR_bit': '', 'FPS': 30, 'video_extra': '{"PktOffsetMap":"","format":"dash","sub_info":"{\\"audio_channels\\":\\"2.0\\",\\"audio_layout\\":\\"C\\",\\"audio_sample_rate\\":\\"44100\\",\\"base_range_info\\":{\\"first_moof_range\\":\\"1348-3127\\",\\"index_range\\":\\"1136-1347\\",\\"init_range\\":\\"0-1135\\"},\\"check_info\\":{\\"check_info\\":\\"a:v0200fg10000cqopfivog65hfu5g0bhg|b:0-1347-84c44fbda4ae51b2e67fa9fbbe7c9179|c:0-1347-a5ba\\"},\\"gear_des_key\\":\\"0:DASH|1:normal|2:h265_hvc1|4:720p|5:adapt_lowest|10000:105\\",\\"quality_type\\":15}","definition":"720p","quality":"adapt_lowest","quality_desc":"","file_id":"705ddaa205d14f53baf54c8def39912e","real_bitrate":237965,"audio_file_id":"e62f673b802424eab8a2fafd14d1269d","applog_map":{"feature_id":"c6de0308cacfd993ef282c8e1c646267"},"mvmaf":"{\\"mvmaf_sr_v1080\\":96.208,\\"mvmaf_sr_v960\\":98.252,\\"mvmaf_sr_v864\\":98.505,\\"mvmaf_sr_v720\\":99.275,\\"mvmaf_ori_v1080\\":86.546,\\"mvmaf_ori_v960\\":90.122,\\"mvmaf_ori_v864\\":91.671,\\"mvmaf_ori_v720\\":94.762}","audio_metrics":null,"audio_score":null}', 'format': 'dash'}, {'gear_name': 'adapt_540_1', 'quality_type': 28, 'bit_rate': 171163, 'play_addr': {'uri': 'v0200fg10000cqopfivog65hfu5g0bhg', 'url_list': ['https://v5-dy-o-abtest.zjcdn.com/be254daaf7692ac3bb21b19492446853/68f7956a/video/tos/cn/tos-cn-ve-0015c800/ogfDAGLxXRGUXFAAeGAAexIfaHAK27YCIASl9E/media-video-hvc1/?a=6383&ch=0&cr=8&dr=0&er=1&lr=default&cd=0%7C0%7C0%7C3&cv=1&br=167&bt=167&cs=4&ds=6&mime_type=video_mp4&qs=11&rc=Zzw2Ozs0ODppNzs7MzdlaUBpamVqeGs5cmxzdDMzNGkzM0AzNS4tMWNiNmIxYy5hNDAuYSNlLTJjMmRzY2xgLS1kLS9zcw%3D%3D&btag=80000e00028000&cquery=101r_100o&dy_q=1760969609&l=20251020221329FF810B6B17C3D024C6A3', 'https://v5-dy-o-abtest.zjcdn.com/be254daaf7692ac3bb21b19492446853/68f7956a/video/tos/cn/tos-cn-ve-0015c800/ogfDAGLxXRGUXFAAeGAAexIfaHAK27YCIASl9E/media-video-hvc1/?a=6383&ch=0&cr=8&dr=0&er=1&lr=default&cd=0%7C0%7C0%7C3&cv=1&br=167&bt=167&cs=4&ds=6&mime_type=video_mp4&qs=11&rc=Zzw2Ozs0ODppNzs7MzdlaUBpamVqeGs5cmxzdDMzNGkzM0AzNS4tMWNiNmIxYy5hNDAuYSNlLTJjMmRzY2xgLS1kLS9zcw%3D%3D&btag=80000e00028000&cquery=100o_101r&dy_q=1760969609&l=20251020221329FF810B6B17C3D024C6A3', 'https://www.douyin.com/aweme/v1/play/dash/?video_id=v0200fg10000cqopfivog65hfu5g0bhg&line=0&file_id=1f3b74d018f844ef97e5f1480813896d&sign=bbd1ee96b7b4d0a48576dfad99c17dd1&is_play_url=1&source=PackSourceEnum_PUBLISH'], 'width': 576, 'height': 1024, 'url_key': 'v0200fg10000cqopfivog65hfu5g0bhg_bytevc1_540p_171163', 'data_size': 2093904, 'file_hash': 'bbd1ee96b7b4d0a48576dfad99c17dd1'}, 'is_h265': 1, 'is_bytevc1': 1, 'HDR_type': '', 'HDR_bit': '', 'FPS': 30, 'video_extra': '{"PktOffsetMap":"","format":"dash","sub_info":"{\\"audio_channels\\":\\"2.0\\",\\"audio_layout\\":\\"C\\",\\"audio_sample_rate\\":\\"44100\\",\\"base_range_info\\":{\\"first_moof_range\\":\\"1348-3127\\",\\"index_range\\":\\"1136-1347\\",\\"init_range\\":\\"0-1135\\"},\\"check_info\\":{\\"check_info\\":\\"a:v0200fg10000cqopfivog65hfu5g0bhg|b:0-1347-20c73697d374d7796adab2ee8156872c|c:0-1347-d099\\"},\\"gear_des_key\\":\\"0:DASH|1:normal|2:h265_hvc1|4:540p|5:adapt|10000:105\\",\\"quality_type\\":28}","definition":"540p","quality":"adapt","quality_desc":"","file_id":"1f3b74d018f844ef97e5f1480813896d","real_bitrate":225884,"audio_file_id":"e62f673b802424eab8a2fafd14d1269d","applog_map":{"feature_id":"c6de0308cacfd993ef282c8e1c646267"},"mvmaf":"{\\"mvmaf_sr_v1080\\":92.249,\\"mvmaf_sr_v960\\":95.621,\\"mvmaf_sr_v864\\":96.331,\\"mvmaf_sr_v720\\":98.154,\\"mvmaf_ori_v1080\\":84.243,\\"mvmaf_ori_v960\\":87.774,\\"mvmaf_ori_v864\\":88.61,\\"mvmaf_ori_v720\\":91.844}","audio_metrics":null,"audio_score":null}', 'format': 'dash'}], 'duration': 97894, 'play_addr_265': {'uri': 'v0200fg10000cqopfivog65hfu5g0bhg', 'url_list': ['https://v5-dy-o-abtest.zjcdn.com/d6f28d6bea53813568fe7cd86b08b0b4/68f66e1a/video/tos/cn/tos-cn-ve-0015c800/osM2LxQewKfLAHIpDieXeuAgM8A3WCAuAEialR/?a=6383&ch=10010&cr=3&dr=0&lr=all&cd=0%7C0%7C0%7C3&cv=1&br=220&bt=220&cs=2&ds=6&ft=c2YTctGHQPRUZxfusdr~kwPqYldQIKDEE-TerrNqq_45a&mime_type=video_mp4&qs=11&rc=O2VkZDs0ZDtnNmU3NzozZEBpamVqeGs5cmxzdDMzNGkzM0AvYy1hMzZeXzIxLzNjNi0uYSNlLTJjMmRzY2xgLS1kLS9zcw%3D%3D&btag=80000e00028000&cquery=100B_100H_100K_100o_101r&dy_q=1760969609&feature_id=c6de0308cacfd993ef282c8e1c646267&l=20251020221329FF810B6B17C3D024C6A3', 'https://v5-dy-o-abtest.zjcdn.com/d6f28d6bea53813568fe7cd86b08b0b4/68f66e1a/video/tos/cn/tos-cn-ve-0015c800/osM2LxQewKfLAHIpDieXeuAgM8A3WCAuAEialR/?a=6383&ch=10010&cr=3&dr=0&lr=all&cd=0%7C0%7C0%7C3&cv=1&br=220&bt=220&cs=2&ds=6&ft=c2YTctGHQPRUZxfusdr~kwPqYldQIKDEE-TerrNqq_45a&mime_type=video_mp4&qs=11&rc=O2VkZDs0ZDtnNmU3NzozZEBpamVqeGs5cmxzdDMzNGkzM0AvYy1hMzZeXzIxLzNjNi0uYSNlLTJjMmRzY2xgLS1kLS9zcw%3D%3D&btag=80000e00028000&cquery=100B_100H_100K_100o_101r&dy_q=1760969609&feature_id=c6de0308cacfd993ef282c8e1c646267&l=20251020221329FF810B6B17C3D024C6A3', 'https://www.douyin.com/aweme/v1/play/?video_id=v0200fg10000cqopfivog65hfu5g0bhg&line=0&file_id=1a0097f4642b435db8aa9168da0afb28&sign=1a7c4dc567b878e2119c2ba5fce3fc46&is_play_url=1&source=PackSourceEnum_PUBLISH'], 'width': 576, 'height': 1024, 'url_key': 'v0200fg10000cqopfivog65hfu5g0bhg_bytevc1_540p_225884', 'data_size': 2764087, 'file_hash': '1a7c4dc567b878e2119c2ba5fce3fc46', 'file_cs': 'c:0-82049-0e17'}, 'bit_rate_audio': [{'audio_meta': {'url_list': {'main_url': 'https://v5-dy-o-abtest.zjcdn.com/61ed48c4073ebf26505b6c8983666c80/68f7956a/video/tos/cn/tos-cn-ve-0015c800/ogfDAGLxXRGUXFAAeGAAexIfaHAK27YCIASl9E/media-audio-und-mp4a/?a=6383&ch=0&cr=8&dr=0&er=1&lr=default&cd=0%7C0%7C0%7C3&cv=1&br=49&bt=49&cs=4&mime_type=video_mp4&qs=11&rc=Zzk0N2dkNTtkNzczZTppOUBpamVqeGs5cmxzdDMzNGkzM0A2L2EuY2NeX2IvLzUwMy9iYSNlLTJjMmRzY2xgLS1kLS9zcw%3D%3D&btag=80000e00028000&cquery=100o_101r&dy_q=1760969609&l=20251020221329FF810B6B17C3D024C6A3', 'backup_url': 'https://v5-dy-o-abtest.zjcdn.com/61ed48c4073ebf26505b6c8983666c80/68f7956a/video/tos/cn/tos-cn-ve-0015c800/ogfDAGLxXRGUXFAAeGAAexIfaHAK27YCIASl9E/media-audio-und-mp4a/?a=6383&ch=0&cr=8&dr=0&er=1&lr=default&cd=0%7C0%7C0%7C3&cv=1&br=49&bt=49&cs=4&mime_type=video_mp4&qs=11&rc=Zzk0N2dkNTtkNzczZTppOUBpamVqeGs5cmxzdDMzNGkzM0A2L2EuY2NeX2IvLzUwMy9iYSNlLTJjMmRzY2xgLS1kLS9zcw%3D%3D&btag=80000e00028000&cquery=101r_100o&dy_q=1760969609&l=20251020221329FF810B6B17C3D024C6A3', 'fallback_url': 'https://www.douyin.com/aweme/v1/play/dash/?video_id=v0200fg10000cqopfivog65hfu5g0bhg&line=0&file_id=e62f673b802424eab8a2fafd14d1269d&sign=e62f673b802424eab8a2fafd14d1269d&is_play_url=1&source=PackSourceEnum_PUBLISH'}, 'encoded_type': 'normal', 'media_type': 'audio', 'logo_type': '', 'quality': 'adapt', 'quality_desc': '', 'format': 'dash', 'bitrate': 51171, 'codec_type': 'bytevc1', 'size': 626172, 'fps': 0, 'file_id': 'e62f673b802424eab8a2fafd14d1269d', 'file_hash': 'e62f673b802424eab8a2fafd14d1269d', 'sub_info': '{"audio_channels":"2.0","audio_layout":"C","audio_sample_rate":"44100","base_range_info":{"index_range":"866-1089","init_range":"0-865"},"check_info":{"check_info":"a:v0200fg10000cqopfivog65hfu5g0bhg|b:0-1089-07c1bee64878946345d7de037cfe7fd1|c:0-1089-b7b8"},"gear_des_key":"0:dash|1:normal|2:bytevc1|5:adapt|10000:105"}'}, 'audio_quality': 5, 'audio_extra': '{"real_bitrate":225884}'}], 'play_addr_h264': {'uri': 'v0200fg10000cqopfivog65hfu5g0bhg', 'url_list': ['https://v5-dy-o-abtest.zjcdn.com/f3c0253658d1f245b8a16fb456dfdfb6/68f66e1a/video/tos/cn/tos-cn-ve-0015c800/oIeaGA2tDeGxYj0IoMLeXQpKCGOxIAEFlXgIfA/?a=6383&ch=10010&cr=3&dr=0&lr=all&cd=0%7C0%7C0%7C3&cv=1&br=613&bt=613&cs=0&ds=3&ft=c2YTctGHQPRUZxfusdr~kwPqYldQIKDEE-TerrNqq_45a&mime_type=video_mp4&qs=0&rc=Omc0ZWRnNjpmPDpoNjg6OEBpamVqeGs5cmxzdDMzNGkzM0BhM2JeMV4zNjQxNl4yYTMyYSNlLTJjMmRzY2xgLS1kLS9zcw%3D%3D&btag=80000e00028000&cquery=100K_100o_101r_100B_100H&dy_q=1760969609&feature_id=f0150a16a324336cda5d6dd0b69ed299&l=20251020221329FF810B6B17C3D024C6A3', 'https://v5-dy-o-abtest.zjcdn.com/f3c0253658d1f245b8a16fb456dfdfb6/68f66e1a/video/tos/cn/tos-cn-ve-0015c800/oIeaGA2tDeGxYj0IoMLeXQpKCGOxIAEFlXgIfA/?a=6383&ch=10010&cr=3&dr=0&lr=all&cd=0%7C0%7C0%7C3&cv=1&br=613&bt=613&cs=0&ds=3&ft=c2YTctGHQPRUZxfusdr~kwPqYldQIKDEE-TerrNqq_45a&mime_type=video_mp4&qs=0&rc=Omc0ZWRnNjpmPDpoNjg6OEBpamVqeGs5cmxzdDMzNGkzM0BhM2JeMV4zNjQxNl4yYTMyYSNlLTJjMmRzY2xgLS1kLS9zcw%3D%3D&btag=80000e00028000&cquery=101r_100B_100H_100K_100o&dy_q=1760969609&feature_id=f0150a16a324336cda5d6dd0b69ed299&l=20251020221329FF810B6B17C3D024C6A3', 'https://www.douyin.com/aweme/v1/play/?video_id=v0200fg10000cqopfivog65hfu5g0bhg&line=0&file_id=5567d553ae97497c9763ad4aabe16dd7&sign=eaddd1b9db4fc35bc07791f9354099c7&is_play_url=1&source=PackSourceEnum_PUBLISH'], 'width': 720, 'height': 1280, 'url_key': 'v0200fg10000cqopfivog65hfu5g0bhg_h264_720p_627763', 'data_size': 7681788, 'file_hash': 'eaddd1b9db4fc35bc07791f9354099c7', 'file_cs': 'c:0-107665-57d4'}, 'raw_cover': {'uri': 'tos-cn-i-dy/5a8ada7a1b91475d8b5d09cdfa2ca291', 'url_list': ['https://p3-pc-sign.douyinpic.com/tos-cn-i-dy/5a8ada7a1b91475d8b5d09cdfa2ca291~tplv-dy-cropcenter:323:430.jpeg?lk3s=138a59ce&x-expires=2076328800&x-signature=%2FK1PnIVNcR5sR%2BGCNO5sDSueVgg%3D&from=327834062&s=PackSourceEnum_PUBLISH&se=true&sh=323_430&sc=cover&biz_tag=pcweb_cover&l=20251020221329FF810B6B17C3D024C6A3', 'https://p3-pc-sign.douyinpic.com/obj/tos-cn-i-dy/5a8ada7a1b91475d8b5d09cdfa2ca291?lk3s=138a59ce&x-expires=2076328800&x-signature=McVmqVQRv3DUNGt6p7ObbpN3H%2BQ%3D&from=327834062&s=PackSourceEnum_PUBLISH&se=false&sc=cover&biz_tag=pcweb_cover&l=20251020221329FF810B6B17C3D024C6A3'], 'width': 720, 'height': 720}, 'is_long_video': 1, 'animated_cover': {'uri': 'tos-cn-i-dy/5a8ada7a1b91475d8b5d09cdfa2ca291', 'url_list': ['https://p3-pc-sign.douyinpic.com/obj/tos-cn-i-dy/5a8ada7a1b91475d8b5d09cdfa2ca291?lk3s=138a59ce&x-expires=1762178400&x-signature=lPrnw0vds1%2Brc1ShLx7qV%2Fj2ZYI%3D&from=327834062_large&s=PackSourceEnum_PUBLISH&se=false&sc=dynamic_cover&biz_tag=pcweb_cover&l=20251020221329FF810B6B17C3D024C6A3', 'https://p9-pc-sign.douyinpic.com/obj/tos-cn-i-dy/5a8ada7a1b91475d8b5d09cdfa2ca291?lk3s=138a59ce&x-expires=1762178400&x-signature=ZuAv3HxE4bTboB8li%2FLIDerouDc%3D&from=327834062_large&s=PackSourceEnum_PUBLISH&se=false&sc=dynamic_cover&biz_tag=pcweb_cover&l=20251020221329FF810B6B17C3D024C6A3']}, 'gaussian_cover': {'uri': 'tos-cn-p-0015/oo4mBAzjNOB5uLsxCiFEAfDLBYA7vIRIIffAEy', 'url_list': ['https://p3-pc-sign.douyinpic.com/tos-cn-p-0015/oo4mBAzjNOB5uLsxCiFEAfDLBYA7vIRIIffAEy~tplv-tsj2vxp0zn-gaosi:40.jpeg?lk3s=138a59ce&x-expires=1792504800&x-signature=q%2FcotHsZRJ%2BPFpybK8s%2BZ5UfV0Q%3D&from=327834062', 'https://p9-pc-sign.douyinpic.com/tos-cn-p-0015/oo4mBAzjNOB5uLsxCiFEAfDLBYA7vIRIIffAEy~tplv-tsj2vxp0zn-gaosi:40.jpeg?lk3s=138a59ce&x-expires=1792504800&x-signature=4YF4oChRgBC5m9uOGPTkuWslt7Q%3D&from=327834062'], 'width': 720, 'height': 720}, 'meta': '{"enable_manual_ladder":"1","format":"mp4","gear_vqm":"{\\"1080p_720p\\":-1,\\"720p_540p\\":0}","hrids":"500000002","is_spatial_video":"0","isad":"0","loudness":"-23.8","peak":"0.85114","qprf":"1.000","sdgs":"[\\"normal_720_0\\",\\"low_720_0\\",\\"low_540_0\\",\\"adapt_low_540_0\\",\\"adapt_lowest_720_1\\",\\"adapt_540_1\\"]","sr_score":"1.000","strategy_tokens":"[\\"online\\"]","title_info":"{\\"bottom_res_add\\":[2.27,1.6,15.27,72.46,63.82,13.91,3.32,3.32,3.5,0.18,0.27,0,0,0,0.45],\\"bullet_zone\\":5.94,\\"progress_bar\\":[0.44,0.45,0.46],\\"ratio_br_l\\":[0,0,0,0,0,0],\\"ratio_edge_l\\":[0.02,0.04,0.15,0.31,0.26,0.24],\\"top_res_add\\":[0,0,2.45,26,21.45,0,1.55],\\"version\\":\\"v1.0\\"}","volume_info":"{\\"Peak\\":0.85114,\\"Version\\":2,\\"MaximumMomentaryLoudness\\":-14.5,\\"Metrics\\":{\\"Loudness\\":{\\"Integrated\\":-23.803},\\"Phase\\":{\\"RMSDownmixDiff\\":-0.059},\\"RMSStats\\":{\\"LRDiff\\":0.023,\\"LTotal\\":-27.112,\\"Peak\\":-1.355,\\"RTotal\\":-27.135},\\"Version\\":\\"1.4.2\\"},\\"LoudnessRangeEnd\\":-20.2,\\"LoudnessRangeStart\\":-30.7,\\"MaximumShortTermLoudness\\":-18.3,\\"Loudness\\":-23.8,\\"LoudnessRange\\":10.5}","vqs_origin":"0"}', 'video_model': '', 'is_source_HDR': 0, 'use_static_cover': True, 'big_thumbs': [{'img_num': 98, 'uri': 'tos-cn-p-0015/owwRQCAWAgyLr2NAfLDxueglpMYXM8eEIIfaiG', 'img_url': 'https://p3-sign.douyinpic.com/tos-cn-p-0015/owwRQCAWAgyLr2NAfLDxueglpMYXM8eEIIfaiG~tplv-noop.image?cquery=101r_100B_100H_100K_100o&dy_q=1760969609&l=20251020221329FF810B6B17C3D024C6A3&x-expires=1760980506&x-signature=GNe8ya91BsytGWcC7TdjUtWCP%2FY%3D', 'img_x_size': 136, 'img_y_size': 240, 'img_x_len': 5, 'img_y_len': 5, 'duration': 97.86667, 'interval': 1, 'fext': 'jpg', 'uris': ['tos-cn-p-0015/owwRQCAWAgyLr2NAfLDxueglpMYXM8eEIIfaiG', 'tos-cn-p-0015/oA7yZBLsAiuILDCNjyEFEfAYIC4f5HDxiADmBf', 'tos-cn-p-0015/oID4hEiDfImYLFkBLECfCsoCUAHjC7AfxNIyAB', 'tos-cn-p-0015/ocxCLBfEDAYCNLjEfICf7AAT14ICFsB4Diiymx'], 'img_urls': ['https://p3-sign.douyinpic.com/tos-cn-p-0015/owwRQCAWAgyLr2NAfLDxueglpMYXM8eEIIfaiG~tplv-noop.image?cquery=101r_100B_100H_100K_100o&dy_q=1760969609&l=20251020221329FF810B6B17C3D024C6A3&x-expires=1760980506&x-signature=GNe8ya91BsytGWcC7TdjUtWCP%2FY%3D', 'https://p3-sign.douyinpic.com/tos-cn-p-0015/oA7yZBLsAiuILDCNjyEFEfAYIC4f5HDxiADmBf~tplv-noop.image?cquery=100B_100H_100K_100o_101r&dy_q=1760969609&l=20251020221329FF810B6B17C3D024C6A3&x-expires=1760980506&x-signature=3sdqdMoK1ldUm3u73KFXEWB3IIM%3D', 'https://p3-sign.douyinpic.com/tos-cn-p-0015/oID4hEiDfImYLFkBLECfCsoCUAHjC7AfxNIyAB~tplv-noop.image?cquery=100H_100K_100o_101r_100B&dy_q=1760969609&l=20251020221329FF810B6B17C3D024C6A3&x-expires=1760980506&x-signature=ojczkIleYnVF%2BiP%2B9flq5dbG52Y%3D', 'https://p3-sign.douyinpic.com/tos-cn-p-0015/ocxCLBfEDAYCNLjEfICf7AAT14ICFsB4Diiymx~tplv-noop.image?cquery=100B_100H_100K_100o_101r&dy_q=1760969609&l=20251020221329FF810B6B17C3D024C6A3&x-expires=1760980506&x-signature=sMDeM6mhRW8nuYIX%2FapW%2FF%2Bfs%2Fc%3D']}]}, 'item_aigc_follow_shot': 1, 'user_digged': 0, 'statistics': {'recommend_count': 2, 'comment_count': 6, 'digg_count': 51, 'admire_count': 0, 'play_count': 0, 'share_count': 8, 'collect_count': 14}, 'status': {'not_allow_soft_del_reason': 'ab', 'is_delete': False, 'allow_share': True, 'review_result': {'review_status': 0}, 'allow_friend_recommend_guide': True, 'part_see': 0, 'private_status': 0, 'listen_video_status': 2, 'in_reviewing': False, 'allow_self_recommend_to_friend': True, 'allow_friend_recommend': True, 'is_prohibited': False, 'enable_soft_delete': 0}, 'flash_mob_trends': 0, 'text_extra': [{'start': 14, 'end': 19, 'type': 1, 'hashtag_name': '父母课堂', 'hashtag_id': '1600624540786695', 'is_commerce': False, 'caption_start': 14, 'caption_end': 19}, {'start': 21, 'end': 26, 'type': 1, 'hashtag_name': '幼儿教育', 'hashtag_id': '1591352385275918', 'is_commerce': False, 'caption_start': 21, 'caption_end': 26}, {'start': 28, 'end': 33, 'type': 1, 'hashtag_name': '亲子关系', 'hashtag_id': '1595199377513476', 'is_commerce': False, 'caption_start': 28, 'caption_end': 33}, {'start': 35, 'end': 40, 'type': 1, 'hashtag_name': '父母成长', 'hashtag_id': '1613220835356676', 'is_commerce': False, 'caption_start': 35, 'caption_end': 40}, {'start': 42, 'end': 45, 'type': 1, 'hashtag_name': '育儿', 'hashtag_id': '1767586940916743', 'is_commerce': False, 'caption_start': 42, 'caption_end': 45}], 'is_top': 0, 'mv_info': None, 'share_info': {'share_url': 'https://www.iesdouyin.com/share/video/7399862790749441332/?region=US&mid=7399862816074631962&u_code=0&did=MS4wLjABAAAAvCMmrvAxedjvycgJ9K0iX5KdtDHpyq-etIWoeicy6xniB0XMxRYv3S-CyP_GdsPs&iid=MS4wLjABAAAANwkJuWIRFOzg5uCpDRpMj4OX-QryoDgn-yYlXQnRwQQ&with_sec_did=1&video_share_track_ver=&titleType=title&share_sign=zux_mu_hWlhKZqWAizmJAHchJCsjqKX1MG9OFJaK8Yo-&share_version=290100&ts=1760969609&from_aid=6383&from_ssr=1&share_track_info=%7B%22link_description_type%22%3A%22%22%7D', 'share_link_desc': '0.79 q@R.Kw lPx:/ 04/07 陪伴孩子，与孩子共同认知。 # 父母课堂 # 幼儿教育 # 亲子关系 # 父母成长 # 育儿  %s 复制此链接，打开Dou音搜索，直接观看视频！'}, 'caption_template_id': 0, 'video_labels': None, 'shoot_way': '', 'is_ads': False, 'duration': 97894, 'aweme_type': 0, 'is_new_text_mode': 0, 'ai_follow_images': None, 'image_infos': None, 'risk_infos': {'vote': False, 'warn': False, 'risk_sink': False, 'type': 0, 'content': ''}, 'entertainment_video_type': 3, 'chapter_bar_color': None, 'position': None, 'uniqid_position': None, 'comment_list': None, 'author_user_id': 1965574329213736, 'product_genre_info': {'product_genre_type': 2, 'material_genre_sub_type_set': [4], 'special_info': {'recommend_group_name': 0}}, 'geofencing': [], 'is_from_ad_auth': False, 'is_moment_story': 0, 'region': '', 'video_text': None, 'video_share_edit_status': 0, 'collect_stat': 0, 'label_top_text': None, 'promotions': [], 'group_id': '7399862790749441332', 'prevent_download': False, 'nickname_position': None, 'challenge_position': None, 'trends_event_track': '{}', 'enable_comment_sticker_rec': False, 'mark_largely_following': False, 'long_video': None, 'aweme_listen_struct': {'trace_info': '{"copyright_not_speech":"false","copyright_reason":"has_listen_cp_new","copyright_tag_hit":"","copyright_use_aed_default":"false","copyright_use_tag_default":"false","cp_ab":"true","desc":"","duration_over":"false","hit_high_risk":"false","media_type":"4","reason":"hit_ab_0","show":"false"}'}, 'component_control': {'data_source_url': '/aweme/v1/web/aweme/post/'}, 'friend_recommend_info': {'friend_recommend_source': 10, 'label_user_list': None, 'disable_friend_recommend_guide_label': False}, 'nearby_hot_comment': None, 'interaction_stickers': None, 'can_cache_to_local': True, 'origin_comment_ids': None, 'commerce_config_data': None, 'douplus_user_type': 0, 'video_control': {'allow_download': False, 'share_type': 0, 'show_progress_bar': 1, 'draft_progress_bar': 1, 'allow_duet': True, 'allow_react': False, 'prevent_download_type': 2, 'allow_dynamic_wallpaper': False, 'timer_status': 1, 'allow_music': True, 'allow_stitch': False, 'allow_douplus': True, 'allow_share': True, 'share_grayed': False, 'download_ignore_visibility': False, 'duet_ignore_visibility': False, 'share_ignore_visibility': False, 'download_info': {'level': 1, 'fail_info': {'code': 290002, 'reason': 'isolation_content', 'msg': '视频暂时无法保存，链接已复制'}}, 'duet_info': {'level': 0}, 'allow_record': True, 'disable_record_reason': '', 'timer_info': {}}, 'aweme_control': {'can_forward': True, 'can_share': True, 'can_comment': True, 'can_show_comment': True}, 'interest_points': None, 'is_25_story': 0, 'aweme_type_tags': '', 'entertainment_video_paid_way': {'paid_ways': [], 'paid_type': 0, 'enable_use_new_ent_data': False}, 'anchors': None, 'hybrid_label': None, 'geofencing_regions': None, 'select_anchor_expanded_content': 0, 'aweme_acl': {'download_mask_panel': {'code': 1, 'show_type': 0}}, 'ent_log_extra': {'log_extra': '{"global_log_extra":null,"page_log_extra":null,"aweme_log_extra":{"ce_current_group_id":"7399862790749441332","author_id":"1965574329213736"},"extra_log_extra":null}'}, 'is_story': 0, 'publish_plus_alienation': {'alienation_type': 0}, 'trends_infos': None, 'follow_shot_assets': None, 'cover_labels': None, 'series_basic_info': {}, 'origin_duet_resource_uri': '', 'guide_btn_type': 0, 'cf_assets_type': 0, 'personal_page_botton_diagnose_style': 0, 'images': None, 'relation_labels': None, 'is_moment_history': 0, 'impression_data': {'group_id_list_a': [], 'group_id_list_b': [], 'similar_id_list_a': None, 'similar_id_list_b': None, 'group_id_list_c': [], 'group_id_list_d': []}, 'game_tag_info': {'is_game': False}, 'is_24_story': 0, 'libfinsert_task_id': '', 'social_tag_list': None, 'show_follow_button': {}, 'duet_aggregate_in_music_tab': False, 'is_duet_sing': False, 'comment_permission_info': {'comment_permission_status': 0, 'can_comment': True, 'item_detail_entry': False, 'press_entry': False, 'toast_guide': False}, 'original_images': None, 'series_paid_info': {'series_paid_status': 0, 'item_price': 0}, 'img_bitrate': None, 'comment_gid': 7399862790749441332, 'image_album_music_info': {'begin_time': -1, 'end_time': -1, 'volume': -1}, 'video_tag': [{'tag_id': 2024, 'tag_name': '亲子', 'level': 1}, {'tag_id': 2024006, 'tag_name': '母婴', 'level': 2}, {'tag_id': 2024006003, 'tag_name': '育儿知识', 'level': 3}], 'is_collects_selected': 0, 'chapter_list': None, 'feed_comment_config': {'input_config_text': '善语结善缘，恶言伤人心', 'author_audit_status': 0, 'common_flags': '{"hashtag":"[{\\"name\\":\\"育儿\\",\\"id\\":1767586940916743},{\\"name\\":\\"父母课堂\\",\\"id\\":1600624540786695},{\\"name\\":\\"幼儿教育\\",\\"id\\":1591352385275918},{\\"name\\":\\"亲子关系\\",\\"id\\":1595199377513476},{\\"name\\":\\"父母成长\\",\\"id\\":1613220835356676}]","item_author_nickname":"孙瑞雪聊教育","video_labels_v2_tag1":"母婴","video_labels_v2_tag2":"育儿理念"}'}, 'is_image_beat': False, 'dislike_dimension_list': None, 'standard_bar_info_list': None, 'photo_search_entrance': {'ecom_type': 0}, 'is_life_item': False, 'image_list': None, 'component_info_v2': '{"desc_lines_limit":0,"hide_marquee":false}', 'item_warn_notification': {'type': 0, 'show': False, 'content': ''}, 'origin_text_extra': None, 'disable_relation_bar': 0, 'packed_clips': None, 'author_mask_tag': 0, 'user_recommend_status': 1, 'collection_corner_mark': 0, 'is_share_post': False, 'image_comment': {}, 'visual_search_info': {'is_show_img_entrance': False, 'is_ecom_img': False, 'is_high_accuracy_ecom': False, 'is_high_recall_ecom': False}, 'tts_id_list': None, 'ref_tts_id_list': None, 'voice_modify_id_list': None, 'ref_voice_modify_id_list': None, 'authentication_token': 'MS4wLjAAAAAAR7lH1E5oBEiLfFOTjzGWwDouGx2TxXKGFXqXg6NEkfoZxowMPg0wY44oZszm2gO_7aR_pI4rWf2whkiBBXcWc0KxJnz5cQ-oL-Xjj87rPun5VuW1NaI_v8BUcVjbLwatQ_6ld_m3231lT41smDxLHFxd4xiYEsXnZyk9X1UTbW7VMOwRGQB6YfsDlWiAic-9Vl1_iriKi_tEadG1Pzk1fVkxvsg4gEd_7DWUI_OT0JzdeKYtbmj5ciralQSQY0OJ', 'video_game_data_channel_config': {}, 'dislike_dimension_list_v2': None, 'distribute_circle': {'distribute_type': 0, 'campus_block_interaction': False, 'is_campus': False}, 'image_crop_ctrl': 0, 'yumme_recreason': None, 'slides_music_beats': None, 'jump_tab_info_list': None, 'media_type': 4, 'reply_smart_emojis': None, 'activity_video_type': -1, 'boost_status': 0, 'create_scale_type': None, 'entertainment_product_info': {'sub_title': None, 'market_info': {'limit_free': {'in_free': False}, 'marketing_tag': None}}, 'caption': '陪伴孩子，与孩子共同认知。 #父母课堂  #幼儿教育  #亲子关系  #父母成长  #育儿', 'item_title': '', 'is_use_music': False, 'original': 0, 'xigua_base_info': {'status': 0, 'star_altar_order_id': 0, 'star_altar_type': 0, 'item_id': 0}}, {'aweme_id': '7399862270165028131', 'desc': '教育的本质是什么？ #父母课堂  #幼儿教育  #亲子关系  #父母成长  #育儿', 'create_time': 1723712400, 'author': {'uid': '1965574329213736', 'card_entries_not_display': None, 'nickname': '孙瑞雪聊教育', 'personal_tag_list': None, 'homepage_bottom_toast': None, 'avatar_thumb': {'uri': '100x100/aweme-avatar/tos-cn-avt-0015_afee5b125df955a19af4c41159ad1295', 'url_list': ['https://p3-pc.douyinpic.com/aweme/100x100/aweme-avatar/tos-cn-avt-0015_afee5b125df955a19af4c41159ad1295.jpeg?from=327834062'], 'width': 720, 'height': 720}, 'batch_unfollow_contain_tabs': None, 'not_seen_item_id_list': None, 'follow_status': 0, 'contrail_list': None, 'story_interactive': 0, 'data_label_list': None, 'custom_verify': '', 'follower_list_secondary_information_struct': None, 'display_info': None, 'interest_tags': None, 'account_cert_info': '{}', 'user_tags': None, 'share_info': {'share_url': '', 'share_weibo_desc': '', 'share_desc': '', 'share_title': '', 'share_qrcode_url': {'uri': '31b0500316c4e154852bc', 'url_list': ['https://p3-pc-sign.douyinpic.com/obj/31b0500316c4e154852bc?lk3s=138a59ce&x-expires=1760990400&x-signature=VnOegD8kfOkclbkCT%2BIUAVSkQl4%3D&from=327834062'], 'width': 720, 'height': 720}, 'share_title_myself': '', 'share_title_other': '', 'share_desc_info': ''}, 'can_set_geofencing': None, 'sec_uid': 'MS4wLjABAAAAnAFnkWlOm9jteymsi42fanYLMzfbqdGIwCILEUqDNmFyjfK9N8fSJdS_D2UWk_we', 'need_points': None, 'enterprise_verify_reason': '', 'is_ad_fake': False, 'story_ttl': 0, 'user_permissions': None, 'card_entries': None, 'creator_tag_list': None, 'offline_info_list': None, 'text_extra': None, 'card_sort_priority': None, 'prevent_download': False, 'special_people_labels': None, 'white_cover_url': None, 'endorsement_info_list': None, 'follower_status': 0, 'profile_mob_params': None, 'familiar_visitor_user': None, 'avatar_schema_list': None, 'cover_url': [{'uri': 'c8510002be9a3a61aad2', 'url_list': ['https://p3-pc-sign.douyinpic.com/obj/c8510002be9a3a61aad2?lk3s=138a59ce&x-expires=1762178400&x-signature=bEz6E0nbTH1458RtDsUU87G74Mk%3D&from=327834062'], 'width': 720, 'height': 720}], 'cf_list': None, 'im_role_ids': None, 'not_seen_item_id_list_v2': None, 'signature_extra': None, 'risk_notice_text': '', 'ban_user_functions': None, 'profile_component_disabled': None, 'verification_permission_ids': None, 'identity_labels': None, 'private_relation_list': None, 'link_item_list': None, 'batch_unfollow_relation_desc': None}, 'music': {'id': 7399862258962336553, 'id_str': '7399862258962336553', 'title': '@孙瑞雪聊教育创作的原声', 'author': '孙瑞雪聊教育', 'album': '', 'cover_hd': {'uri': '1080x1080/aweme-avatar/tos-cn-avt-0015_afee5b125df955a19af4c41159ad1295', 'url_list': ['https://p3-pc.douyinpic.com/aweme/1080x1080/aweme-avatar/tos-cn-avt-0015_afee5b125df955a19af4c41159ad1295.jpeg?from=327834062'], 'width': 720, 'height': 720}, 'cover_large': {'uri': '1080x1080/aweme-avatar/tos-cn-avt-0015_afee5b125df955a19af4c41159ad1295', 'url_list': ['https://p3-pc.douyinpic.com/aweme/1080x1080/aweme-avatar/tos-cn-avt-0015_afee5b125df955a19af4c41159ad1295.jpeg?from=327834062'], 'width': 720, 'height': 720}, 'cover_medium': {'uri': '720x720/aweme-avatar/tos-cn-avt-0015_afee5b125df955a19af4c41159ad1295', 'url_list': ['https://p3-pc.douyinpic.com/aweme/720x720/aweme-avatar/tos-cn-avt-0015_afee5b125df955a19af4c41159ad1295.jpeg?from=327834062'], 'width': 720, 'height': 720}, 'cover_thumb': {'uri': '100x100/aweme-avatar/tos-cn-avt-0015_afee5b125df955a19af4c41159ad1295', 'url_list': ['https://p3-pc.douyinpic.com/aweme/100x100/aweme-avatar/tos-cn-avt-0015_afee5b125df955a19af4c41159ad1295.jpeg?from=327834062'], 'width': 720, 'height': 720}, 'play_url': {'uri': 'https://sf5-hl-cdn-tos.douyinstatic.com/obj/ies-music/7399862405641014028.mp3', 'url_list': ['https://sf5-hl-cdn-tos.douyinstatic.com/obj/ies-music/7399862405641014028.mp3', 'https://sf3-cdn-tos.douyinstatic.com/obj/ies-music/7399862405641014028.mp3'], 'width': 720, 'height': 720, 'url_key': '7399862258962336553'}, 'schema_url': '', 'source_platform': 23, 'start_time': 0, 'end_time': 0, 'duration': 104, 'extra': '{"aed_music_score":0,"aed_singing_score":0.02,"aggregate_exempt_conf":[],"beats":{},"cover_colors":null,"douyin_beats_info":{},"dsp_switch":0,"extract_item_id":7399862270165028131,"has_edited":0,"hit_high_follow_auto":false,"hit_high_follow_extend":false,"hit_high_follow_original":false,"hotsoon_review_time":-1,"is_aed_music":0,"is_high_follow_user":false,"is_red":0,"is_subsidy_exp":false,"music_label_id":null,"music_tagging":{"AEDs":null,"Genres":null,"Instruments":null,"Languages":null,"Moods":null,"SingingVersions":null,"Themes":null},"review_unshelve_reason":0,"reviewed":0,"schedule_search_time":0,"uniqa_speech_score":0.86,"with_aed_model":1}', 'user_count': 0, 'position': None, 'collect_stat': 0, 'status': 1, 'offline_desc': '', 'owner_id': '1965574329213736', 'owner_nickname': '孙瑞雪聊教育', 'is_original': False, 'mid': '7399862258962336553', 'binded_challenge_id': 0, 'redirect': False, 'is_restricted': False, 'author_deleted': False, 'is_del_video': False, 'is_video_self_see': False, 'owner_handle': '63566855132', 'author_position': None, 'prevent_download': False, 'unshelve_countries': None, 'prevent_item_download_status': 0, 'external_song_info': [], 'sec_uid': 'MS4wLjABAAAAnAFnkWlOm9jteymsi42fanYLMzfbqdGIwCILEUqDNmFyjfK9N8fSJdS_D2UWk_we', 'avatar_thumb': {'uri': '100x100/aweme-avatar/tos-cn-avt-0015_afee5b125df955a19af4c41159ad1295', 'url_list': ['https://p3-pc.douyinpic.com/aweme/100x100/aweme-avatar/tos-cn-avt-0015_afee5b125df955a19af4c41159ad1295.jpeg?from=327834062'], 'width': 720, 'height': 720}, 'avatar_medium': {'uri': '720x720/aweme-avatar/tos-cn-avt-0015_afee5b125df955a19af4c41159ad1295', 'url_list': ['https://p3-pc.douyinpic.com/aweme/720x720/aweme-avatar/tos-cn-avt-0015_afee5b125df955a19af4c41159ad1295.jpeg?from=327834062'], 'width': 720, 'height': 720}, 'avatar_large': {'uri': '1080x1080/aweme-avatar/tos-cn-avt-0015_afee5b125df955a19af4c41159ad1295', 'url_list': ['https://p3-pc.douyinpic.com/aweme/1080x1080/aweme-avatar/tos-cn-avt-0015_afee5b125df955a19af4c41159ad1295.jpeg?from=327834062'], 'width': 720, 'height': 720}, 'preview_start_time': 0, 'preview_end_time': 0, 'is_commerce_music': False, 'is_original_sound': True, 'audition_duration': 104, 'shoot_duration': 104, 'reason_type': 0, 'artists': [], 'lyric_short_position': None, 'mute_share': False, 'tag_list': None, 'dmv_auto_show': False, 'is_pgc': False, 'is_matched_metadata': False, 'is_audio_url_with_cookie': False, 'music_chart_ranks': None, 'can_background_play': True, 'music_status': 1, 'video_duration': 104, 'pgc_music_type': 2, 'author_status': 1, 'search_impr': {'entity_id': '7399862258962336553'}, 'artist_user_infos': None, 'dsp_status': 10, 'musician_user_infos': None, 'music_collect_count': 0, 'music_cover_atmosphere_color_value': '', 'show_origin_clip': False}, 'effect_inflow_effects': None, 'video': {'play_addr': {'uri': 'v0200fg10000cqopet7og65os34ccd50', 'url_list': ['https://v5-dy-o-abtest.zjcdn.com/cf05e89e267e8e0164656f90cd6702c0/68f66e21/video/tos/cn/tos-cn-ve-0015c800/o8EUGP9AQAAfeI1jgmZgZUwMCBFdaLsDZvD0Ex/?a=6383&ch=10010&cr=3&dr=0&lr=all&cd=0%7C0%7C0%7C3&cv=1&br=601&bt=601&cs=0&ds=3&ft=c2YTctGHQPRUZxfusdr~kwPqYldQIKDEE-TerrNqq_45a&mime_type=video_mp4&qs=0&rc=ZjY5OmQ1aWk1OGQ1OTZoM0BpM2dmNnI5cndzdDMzNGkzM0BgXzEzM2FeNTIxXmJiYzY0YSMyYDFwMmQ0YmxgLS1kLS9zcw%3D%3D&btag=80000e00028000&cquery=101r_100B_100H_100K_100o&dy_q=1760969609&feature_id=f0150a16a324336cda5d6dd0b69ed299&l=20251020221329FF810B6B17C3D024C6A3', 'https://v5-dy-o-abtest.zjcdn.com/cf05e89e267e8e0164656f90cd6702c0/68f66e21/video/tos/cn/tos-cn-ve-0015c800/o8EUGP9AQAAfeI1jgmZgZUwMCBFdaLsDZvD0Ex/?a=6383&ch=10010&cr=3&dr=0&lr=all&cd=0%7C0%7C0%7C3&cv=1&br=601&bt=601&cs=0&ds=3&ft=c2YTctGHQPRUZxfusdr~kwPqYldQIKDEE-TerrNqq_45a&mime_type=video_mp4&qs=0&rc=ZjY5OmQ1aWk1OGQ1OTZoM0BpM2dmNnI5cndzdDMzNGkzM0BgXzEzM2FeNTIxXmJiYzY0YSMyYDFwMmQ0YmxgLS1kLS9zcw%3D%3D&btag=80000e00028000&cquery=101r_100B_100H_100K_100o&dy_q=1760969609&feature_id=f0150a16a324336cda5d6dd0b69ed299&l=20251020221329FF810B6B17C3D024C6A3', 'https://www.douyin.com/aweme/v1/play/?video_id=v0200fg10000cqopet7og65os34ccd50&line=0&file_id=709ef3e6e2aa45528fafd26a6746b3cc&sign=e58deb6f30a230bcdd91249f17e85d6e&is_play_url=1&source=PackSourceEnum_PUBLISH'], 'width': 720, 'height': 1280, 'url_key': 'v0200fg10000cqopet7og65os34ccd50_h264_720p_616279', 'data_size': 8075875, 'file_hash': 'e58deb6f30a230bcdd91249f17e85d6e', 'file_cs': 'c:0-115185-75ad'}, 'cover': {'uri': 'tos-cn-i-dy/327d883c97b047e6859a75731df3c174', 'url_list': ['https://p3-pc-sign.douyinpic.com/tos-cn-i-dy/327d883c97b047e6859a75731df3c174~tplv-dy-cropcenter:323:430.jpeg?lk3s=138a59ce&x-expires=2076328800&x-signature=Rq2DXcRFGgC3PDNa%2FsAROFpHyXw%3D&from=327834062&s=PackSourceEnum_PUBLISH&se=true&sh=323_430&sc=cover&biz_tag=pcweb_cover&l=20251020221329FF810B6B17C3D024C6A3', 'https://p3-pc-sign.douyinpic.com/obj/tos-cn-i-dy/327d883c97b047e6859a75731df3c174?lk3s=138a59ce&x-expires=2076328800&x-signature=SNq2FlhVy0ZleRynhwbY1vHvT7Q%3D&from=327834062&s=PackSourceEnum_PUBLISH&se=false&sc=cover&biz_tag=pcweb_cover&l=20251020221329FF810B6B17C3D024C6A3'], 'width': 720, 'height': 720}, 'height': 1920, 'width': 1080, 'dynamic_cover': {'uri': 'tos-cn-i-dy/327d883c97b047e6859a75731df3c174', 'url_list': ['https://p3-pc-sign.douyinpic.com/obj/tos-cn-i-dy/327d883c97b047e6859a75731df3c174?lk3s=138a59ce&x-expires=1762178400&x-signature=Dw8Q3H1tg3hI8Oix%2Fkmge8jg8Vo%3D&from=327834062_large&s=PackSourceEnum_PUBLISH&se=false&sc=dynamic_cover&biz_tag=pcweb_cover&l=20251020221329FF810B6B17C3D024C6A3', 'https://p9-pc-sign.douyinpic.com/obj/tos-cn-i-dy/327d883c97b047e6859a75731df3c174?lk3s=138a59ce&x-expires=1762178400&x-signature=c00xl0KsNyxBqelwwNK4gX8x5vI%3D&from=327834062_large&s=PackSourceEnum_PUBLISH&se=false&sc=dynamic_cover&biz_tag=pcweb_cover&l=20251020221329FF810B6B17C3D024C6A3'], 'width': 720, 'height': 720}, 'origin_cover': {'uri': 'tos-cn-p-0015/oIFdzn6msAfMAa0BExZZF9LBCpjfQhGuAwUgQD', 'url_list': ['https://p3-pc-sign.douyinpic.com/tos-cn-p-0015/oIFdzn6msAfMAa0BExZZF9LBCpjfQhGuAwUgQD~tplv-dy-360p.jpeg?lk3s=138a59ce&x-expires=1762178400&x-signature=q%2BSZTPVPygaIoq0famPx2DeaN1A%3D&from=327834062&s=PackSourceEnum_PUBLISH&se=false&sc=origin_cover&biz_tag=pcweb_cover&l=20251020221329FF810B6B17C3D024C6A3', 'https://p9-pc-sign.douyinpic.com/tos-cn-p-0015/oIFdzn6msAfMAa0BExZZF9LBCpjfQhGuAwUgQD~tplv-dy-360p.jpeg?lk3s=138a59ce&x-expires=1762178400&x-signature=psU%2BJKU4j4jHKcauMzn5tayVAvU%3D&from=327834062&s=PackSourceEnum_PUBLISH&se=false&sc=origin_cover&biz_tag=pcweb_cover&l=20251020221329FF810B6B17C3D024C6A3'], 'width': 360, 'height': 640}, 'ratio': '720p', 'format': 'mp4', 'audio': {'original_sound_infos': None}, 'bit_rate': [{'gear_name': 'normal_720_0', 'quality_type': 10, 'bit_rate': 616279, 'play_addr': {'uri': 'v0200fg10000cqopet7og65os34ccd50', 'url_list': ['https://v5-dy-o-abtest.zjcdn.com/cf05e89e267e8e0164656f90cd6702c0/68f66e21/video/tos/cn/tos-cn-ve-0015c800/o8EUGP9AQAAfeI1jgmZgZUwMCBFdaLsDZvD0Ex/?a=6383&ch=10010&cr=3&dr=0&lr=all&cd=0%7C0%7C0%7C3&cv=1&br=601&bt=601&cs=0&ds=3&ft=c2YTctGHQPRUZxfusdr~kwPqYldQIKDEE-TerrNqq_45a&mime_type=video_mp4&qs=0&rc=ZjY5OmQ1aWk1OGQ1OTZoM0BpM2dmNnI5cndzdDMzNGkzM0BgXzEzM2FeNTIxXmJiYzY0YSMyYDFwMmQ0YmxgLS1kLS9zcw%3D%3D&btag=80000e00028000&cquery=101r_100B_100H_100K_100o&dy_q=1760969609&feature_id=f0150a16a324336cda5d6dd0b69ed299&l=20251020221329FF810B6B17C3D024C6A3', 'https://v5-dy-o-abtest.zjcdn.com/cf05e89e267e8e0164656f90cd6702c0/68f66e21/video/tos/cn/tos-cn-ve-0015c800/o8EUGP9AQAAfeI1jgmZgZUwMCBFdaLsDZvD0Ex/?a=6383&ch=10010&cr=3&dr=0&lr=all&cd=0%7C0%7C0%7C3&cv=1&br=601&bt=601&cs=0&ds=3&ft=c2YTctGHQPRUZxfusdr~kwPqYldQIKDEE-TerrNqq_45a&mime_type=video_mp4&qs=0&rc=ZjY5OmQ1aWk1OGQ1OTZoM0BpM2dmNnI5cndzdDMzNGkzM0BgXzEzM2FeNTIxXmJiYzY0YSMyYDFwMmQ0YmxgLS1kLS9zcw%3D%3D&btag=80000e00028000&cquery=101r_100B_100H_100K_100o&dy_q=1760969609&feature_id=f0150a16a324336cda5d6dd0b69ed299&l=20251020221329FF810B6B17C3D024C6A3', 'https://www.douyin.com/aweme/v1/play/?video_id=v0200fg10000cqopet7og65os34ccd50&line=0&file_id=709ef3e6e2aa45528fafd26a6746b3cc&sign=e58deb6f30a230bcdd91249f17e85d6e&is_play_url=1&source=PackSourceEnum_PUBLISH'], 'width': 720, 'height': 1280, 'url_key': 'v0200fg10000cqopet7og65os34ccd50_h264_720p_616279', 'data_size': 8075875, 'file_hash': 'e58deb6f30a230bcdd91249f17e85d6e', 'file_cs': 'c:0-115185-75ad'}, 'is_h265': 0, 'is_bytevc1': 0, 'HDR_type': '', 'HDR_bit': '', 'FPS': 30, 'video_extra': '{"PktOffsetMap":"[{\\"time\\": 1, \\"offset\\": 312521}, {\\"time\\": 2, \\"offset\\": 364008}, {\\"time\\": 3, \\"offset\\": 439163}, {\\"time\\": 4, \\"offset\\": 495814}, {\\"time\\": 5, \\"offset\\": 686097}, {\\"time\\": 10, \\"offset\\": 1192056}]","format":"mp4","definition":"720p","quality":"normal","file_id":"709ef3e6e2aa45528fafd26a6746b3cc","applog_map":{"feature_id":"f0150a16a324336cda5d6dd0b69ed299"},"audio_channels":"2.0","audio_sample_rate":"44100","audio_metrics":null,"audio_score":null}', 'format': 'mp4'}, {'gear_name': 'low_720_0', 'quality_type': 211, 'bit_rate': 554114, 'play_addr': {'uri': 'v0200fg10000cqopet7og65os34ccd50', 'url_list': ['https://v5-dy-o-abtest.zjcdn.com/f96b17e19b9515ee7c046e60ecf6255d/68f66e21/video/tos/cn/tos-cn-ve-0015c800/oINIgExg9dGQmAUf92UsdZhRZaoDABF0CweAiM/?a=6383&ch=10010&cr=3&dr=0&lr=all&cd=0%7C0%7C0%7C3&cv=1&br=541&bt=541&cs=0&ds=3&ft=c2YTctGHQPRUZxfusdr~kwPqYldQIKDEE-TerrNqq_45a&mime_type=video_mp4&qs=1&rc=NDg6Z2ZkZDdlPGQzOWUzNUBpM2dmNnI5cndzdDMzNGkzM0AyYDEwNTQtXmAxMWMyYjFeYSMyYDFwMmQ0YmxgLS1kLS9zcw%3D%3D&btag=80000e00028000&cquery=100o_101r_100B_100H_100K&dy_q=1760969609&feature_id=46a7bb47b4fd1280f3d3825bf2b29388&l=20251020221329FF810B6B17C3D024C6A3', 'https://v5-dy-o-abtest.zjcdn.com/f96b17e19b9515ee7c046e60ecf6255d/68f66e21/video/tos/cn/tos-cn-ve-0015c800/oINIgExg9dGQmAUf92UsdZhRZaoDABF0CweAiM/?a=6383&ch=10010&cr=3&dr=0&lr=all&cd=0%7C0%7C0%7C3&cv=1&br=541&bt=541&cs=0&ds=3&ft=c2YTctGHQPRUZxfusdr~kwPqYldQIKDEE-TerrNqq_45a&mime_type=video_mp4&qs=1&rc=NDg6Z2ZkZDdlPGQzOWUzNUBpM2dmNnI5cndzdDMzNGkzM0AyYDEwNTQtXmAxMWMyYjFeYSMyYDFwMmQ0YmxgLS1kLS9zcw%3D%3D&btag=80000e00028000&cquery=100B_100H_100K_100o_101r&dy_q=1760969609&feature_id=46a7bb47b4fd1280f3d3825bf2b29388&l=20251020221329FF810B6B17C3D024C6A3', 'https://www.douyin.com/aweme/v1/play/?video_id=v0200fg10000cqopet7og65os34ccd50&line=0&file_id=a240eb56f04a49cba40a7a8c3d47c551&sign=987a40487d3e1ce2cb6da47e51edf47a&is_play_url=1&source=PackSourceEnum_PUBLISH'], 'width': 720, 'height': 1280, 'url_key': 'v0200fg10000cqopet7og65os34ccd50_h264_720p_554114', 'data_size': 7261251, 'file_hash': '987a40487d3e1ce2cb6da47e51edf47a', 'file_cs': 'c:0-87544-1ce1|a:v0200fg10000cqopet7og65os34ccd50'}, 'is_h265': 0, 'is_bytevc1': 0, 'HDR_type': '', 'HDR_bit': '', 'FPS': 30, 'video_extra': '{"PktOffsetMap":"[{\\"time\\": 1, \\"offset\\": 305915}, {\\"time\\": 2, \\"offset\\": 365941}, {\\"time\\": 3, \\"offset\\": 438299}, {\\"time\\": 4, \\"offset\\": 497925}, {\\"time\\": 5, \\"offset\\": 606349}, {\\"time\\": 10, \\"offset\\": 1096510}]","format":"mp4","definition":"720p","quality":"low","file_id":"a240eb56f04a49cba40a7a8c3d47c551","applog_map":{"feature_id":"46a7bb47b4fd1280f3d3825bf2b29388"},"audio_channels":"2.0","audio_sample_rate":"44100","audio_metrics":null,"audio_score":null}', 'format': 'mp4'}, {'gear_name': 'low_540_0', 'quality_type': 292, 'bit_rate': 532517, 'play_addr': {'uri': 'v0200fg10000cqopet7og65os34ccd50', 'url_list': ['https://v5-dy-o-abtest.zjcdn.com/d23c29170bfb3770781fdcab094bd1b4/68f66e21/video/tos/cn/tos-cn-ve-0015c800/oUQpM9BmpseqdFMuxU1DZggACaAfA0wTGINZEZ/?a=6383&ch=10010&cr=3&dr=0&lr=all&cd=0%7C0%7C0%7C3&cv=1&br=520&bt=520&cs=0&ds=6&ft=c2YTctGHQPRUZxfusdr~kwPqYldQIKDEE-TerrNqq_45a&mime_type=video_mp4&qs=1&rc=Mzw2PGczOGloNTo8Omc2NUBpM2dmNnI5cndzdDMzNGkzM0AuXzZgX2NjXjIxNjJjMGBfYSMyYDFwMmQ0YmxgLS1kLS9zcw%3D%3D&btag=80000e00028000&cquery=100o_101r_100B_100H_100K&dy_q=1760969609&feature_id=46a7bb47b4fd1280f3d3825bf2b29388&l=20251020221329FF810B6B17C3D024C6A3', 'https://v5-dy-o-abtest.zjcdn.com/d23c29170bfb3770781fdcab094bd1b4/68f66e21/video/tos/cn/tos-cn-ve-0015c800/oUQpM9BmpseqdFMuxU1DZggACaAfA0wTGINZEZ/?a=6383&ch=10010&cr=3&dr=0&lr=all&cd=0%7C0%7C0%7C3&cv=1&br=520&bt=520&cs=0&ds=6&ft=c2YTctGHQPRUZxfusdr~kwPqYldQIKDEE-TerrNqq_45a&mime_type=video_mp4&qs=1&rc=Mzw2PGczOGloNTo8Omc2NUBpM2dmNnI5cndzdDMzNGkzM0AuXzZgX2NjXjIxNjJjMGBfYSMyYDFwMmQ0YmxgLS1kLS9zcw%3D%3D&btag=80000e00028000&cquery=101r_100B_100H_100K_100o&dy_q=1760969609&feature_id=46a7bb47b4fd1280f3d3825bf2b29388&l=20251020221329FF810B6B17C3D024C6A3', 'https://www.douyin.com/aweme/v1/play/?video_id=v0200fg10000cqopet7og65os34ccd50&line=0&file_id=b2c33df75997425eaff5f0bdc993b910&sign=356fb1e70ee9306b1359eb6212a7b2f8&is_play_url=1&source=PackSourceEnum_PUBLISH'], 'width': 576, 'height': 1024, 'url_key': 'v0200fg10000cqopet7og65os34ccd50_h264_540p_532517', 'data_size': 6978243, 'file_hash': '356fb1e70ee9306b1359eb6212a7b2f8', 'file_cs': 'c:0-87528-fc94|a:v0200fg10000cqopet7og65os34ccd50'}, 'is_h265': 0, 'is_bytevc1': 0, 'HDR_type': '', 'HDR_bit': '', 'FPS': 30, 'video_extra': '{"PktOffsetMap":"[{\\"time\\": 1, \\"offset\\": 283187}, {\\"time\\": 2, \\"offset\\": 341742}, {\\"time\\": 3, \\"offset\\": 410595}, {\\"time\\": 4, \\"offset\\": 467997}, {\\"time\\": 5, \\"offset\\": 570426}, {\\"time\\": 10, \\"offset\\": 1044793}]","format":"mp4","definition":"540p","quality":"low","file_id":"b2c33df75997425eaff5f0bdc993b910","applog_map":{"feature_id":"46a7bb47b4fd1280f3d3825bf2b29388"},"audio_channels":"2.0","audio_sample_rate":"44100","audio_metrics":null,"audio_score":null}', 'format': 'mp4'}, {'gear_name': 'adapt_low_540_0', 'quality_type': 291, 'bit_rate': 364561, 'play_addr': {'uri': 'v0200fg10000cqopet7og65os34ccd50', 'url_list': ['https://v5-dy-o-abtest.zjcdn.com/9ef897bf5c26fff585e464f541dc74be/68f66e21/video/tos/cn/tos-cn-ve-0015c800/ogmHC9ew0BaQZAF9xAMIZPpgJsAGgifNodqDEU/?a=6383&ch=10010&cr=3&dr=0&lr=all&cd=0%7C0%7C0%7C3&cv=1&br=356&bt=356&cs=0&ds=6&ft=c2YTctGHQPRUZxfusdr~kwPqYldQIKDEE-TerrNqq_45a&mime_type=video_mp4&qs=12&rc=NGU7N2U8Z2ZlaDM4OzQ8OUBpM2dmNnI5cndzdDMzNGkzM0A0YzMvYC01XjYxLmItNjQwYSMyYDFwMmQ0YmxgLS1kLS9zcw%3D%3D&btag=80000e00028000&cquery=101r_100B_100H_100K_100o&dy_q=1760969609&feature_id=46a7bb47b4fd1280f3d3825bf2b29388&l=20251020221329FF810B6B17C3D024C6A3', 'https://v5-dy-o-abtest.zjcdn.com/9ef897bf5c26fff585e464f541dc74be/68f66e21/video/tos/cn/tos-cn-ve-0015c800/ogmHC9ew0BaQZAF9xAMIZPpgJsAGgifNodqDEU/?a=6383&ch=10010&cr=3&dr=0&lr=all&cd=0%7C0%7C0%7C3&cv=1&br=356&bt=356&cs=0&ds=6&ft=c2YTctGHQPRUZxfusdr~kwPqYldQIKDEE-TerrNqq_45a&mime_type=video_mp4&qs=12&rc=NGU7N2U8Z2ZlaDM4OzQ8OUBpM2dmNnI5cndzdDMzNGkzM0A0YzMvYC01XjYxLmItNjQwYSMyYDFwMmQ0YmxgLS1kLS9zcw%3D%3D&btag=80000e00028000&cquery=100H_100K_100o_101r_100B&dy_q=1760969609&feature_id=46a7bb47b4fd1280f3d3825bf2b29388&l=20251020221329FF810B6B17C3D024C6A3', 'https://www.douyin.com/aweme/v1/play/?video_id=v0200fg10000cqopet7og65os34ccd50&line=0&file_id=36799108e5104e9bac8d09cb2468fb71&sign=252946a08056376bfcb8cba376424084&is_play_url=1&source=PackSourceEnum_PUBLISH'], 'width': 576, 'height': 1024, 'url_key': 'v0200fg10000cqopet7og65os34ccd50_h264_540p_364561', 'data_size': 4777304, 'file_hash': '252946a08056376bfcb8cba376424084', 'file_cs': 'c:0-87527-35d8|a:v0200fg10000cqopet7og65os34ccd50'}, 'is_h265': 0, 'is_bytevc1': 0, 'HDR_type': '', 'HDR_bit': '', 'FPS': 30, 'video_extra': '{"PktOffsetMap":"[{\\"time\\": 1, \\"offset\\": 228796}, {\\"time\\": 2, \\"offset\\": 266458}, {\\"time\\": 3, \\"offset\\": 311552}, {\\"time\\": 4, \\"offset\\": 349221}, {\\"time\\": 5, \\"offset\\": 418361}, {\\"time\\": 10, \\"offset\\": 747295}]","format":"mp4","definition":"540p","quality":"adapt_low","file_id":"36799108e5104e9bac8d09cb2468fb71","applog_map":{"feature_id":"46a7bb47b4fd1280f3d3825bf2b29388"},"audio_channels":"2.0","audio_sample_rate":"44100","audio_metrics":null,"audio_score":null}', 'format': 'mp4'}, {'gear_name': 'adapt_lowest_1080_1', 'quality_type': 2, 'bit_rate': 282262, 'play_addr': {'uri': 'v0200fg10000cqopet7og65os34ccd50', 'url_list': ['https://v5-dy-o-abtest.zjcdn.com/e29ce20fab31ff3d98b9c6fd5b4871c4/68f66e21/video/tos/cn/tos-cn-ve-0015c800/o4wQFcaZADnsGCMeVUFlgdIE9Ax2gj0fAHBmDZ/?a=6383&ch=10010&cr=3&dr=0&lr=all&cd=0%7C0%7C0%7C3&cv=1&br=275&bt=275&cs=2&ds=4&eid=3072&ft=c2YTctGHQPRUZxfusdr~kwPqYldQIKDEE-TerrNqq_45a&mime_type=video_mp4&qs=15&rc=ZTpkN2U6OTQzPDozOzM6OkBpM2dmNnI5cndzdDMzNGkzM0A0LjY1MS4xXjUxY2BiMF9hYSMyYDFwMmQ0YmxgLS1kLS9zcw%3D%3D&btag=80000e00028000&cquery=100o_101r_100B_100H_100K&dy_q=1760969609&feature_id=c6de0308cacfd993ef282c8e1c646267&l=20251020221329FF810B6B17C3D024C6A3', 'https://v5-dy-o-abtest.zjcdn.com/e29ce20fab31ff3d98b9c6fd5b4871c4/68f66e21/video/tos/cn/tos-cn-ve-0015c800/o4wQFcaZADnsGCMeVUFlgdIE9Ax2gj0fAHBmDZ/?a=6383&ch=10010&cr=3&dr=0&lr=all&cd=0%7C0%7C0%7C3&cv=1&br=275&bt=275&cs=2&ds=4&eid=3072&ft=c2YTctGHQPRUZxfusdr~kwPqYldQIKDEE-TerrNqq_45a&mime_type=video_mp4&qs=15&rc=ZTpkN2U6OTQzPDozOzM6OkBpM2dmNnI5cndzdDMzNGkzM0A0LjY1MS4xXjUxY2BiMF9hYSMyYDFwMmQ0YmxgLS1kLS9zcw%3D%3D&btag=80000e00028000&cquery=100o_101r_100B_100H_100K&dy_q=1760969609&feature_id=c6de0308cacfd993ef282c8e1c646267&l=20251020221329FF810B6B17C3D024C6A3', 'https://www.douyin.com/aweme/v1/play/?video_id=v0200fg10000cqopet7og65os34ccd50&line=0&file_id=d7b730e8c0f74980a146174b849a177b&sign=c163f4c929e2e094149fd6845569142f&is_play_url=1&source=PackSourceEnum_PUBLISH'], 'width': 1080, 'height': 1920, 'url_key': 'v0200fg10000cqopet7og65os34ccd50_bytevc1_1080p_282262', 'data_size': 3698833, 'file_hash': 'c163f4c929e2e094149fd6845569142f', 'file_cs': 'c:0-87729-fbff'}, 'is_h265': 1, 'is_bytevc1': 1, 'HDR_type': '', 'HDR_bit': '', 'FPS': 30, 'video_extra': '{"PktOffsetMap":"[{\\"time\\": 1, \\"offset\\": 216335}, {\\"time\\": 2, \\"offset\\": 240861}, {\\"time\\": 3, \\"offset\\": 275421}, {\\"time\\": 4, \\"offset\\": 310217}, {\\"time\\": 5, \\"offset\\": 359936}, {\\"time\\": 10, \\"offset\\": 634230}]","format":"mp4","definition":"1080p","quality":"adapt_lowest","file_id":"d7b730e8c0f74980a146174b849a177b","applog_map":{"feature_id":"c6de0308cacfd993ef282c8e1c646267"},"mvmaf":"{\\"mvmaf_sr_v1080\\":-1,\\"mvmaf_sr_v960\\":-1,\\"mvmaf_sr_v864\\":-1,\\"mvmaf_sr_v720\\":-1,\\"mvmaf_ori_v1080\\":93.148,\\"mvmaf_ori_v960\\":93.753,\\"mvmaf_ori_v864\\":94.311,\\"mvmaf_ori_v720\\":95.03}","audio_channels":"2.0","audio_sample_rate":"44100","audio_metrics":null,"audio_score":null}', 'format': 'mp4'}, {'gear_name': 'adapt_lowest_720_1', 'quality_type': 15, 'bit_rate': 243379, 'play_addr': {'uri': 'v0200fg10000cqopet7og65os34ccd50', 'url_list': ['https://v5-dy-o-abtest.zjcdn.com/6d16c22cd1d181eaf7fba65a511af2b8/68f66e21/video/tos/cn/tos-cn-ve-0015c800/o87ZgsDgFImGFVMd2CfB9w0XexahiZAGAEAU3Q/?a=6383&ch=10010&cr=3&dr=0&lr=all&cd=0%7C0%7C0%7C3&cv=1&br=237&bt=237&cs=2&ds=3&ft=c2YTctGHQPRUZxfusdr~kwPqYldQIKDEE-TerrNqq_45a&mime_type=video_mp4&qs=15&rc=PGY3ZTVlOWhmZDU3ZWVkZ0BpM2dmNnI5cndzdDMzNGkzM0BjNF5hYzYvNTYxNC4vNTUvYSMyYDFwMmQ0YmxgLS1kLS9zcw%3D%3D&btag=80000e00028000&cquery=100H_100K_100o_101r_100B&dy_q=1760969609&feature_id=c6de0308cacfd993ef282c8e1c646267&l=20251020221329FF810B6B17C3D024C6A3', 'https://v5-dy-o-abtest.zjcdn.com/6d16c22cd1d181eaf7fba65a511af2b8/68f66e21/video/tos/cn/tos-cn-ve-0015c800/o87ZgsDgFImGFVMd2CfB9w0XexahiZAGAEAU3Q/?a=6383&ch=10010&cr=3&dr=0&lr=all&cd=0%7C0%7C0%7C3&cv=1&br=237&bt=237&cs=2&ds=3&ft=c2YTctGHQPRUZxfusdr~kwPqYldQIKDEE-TerrNqq_45a&mime_type=video_mp4&qs=15&rc=PGY3ZTVlOWhmZDU3ZWVkZ0BpM2dmNnI5cndzdDMzNGkzM0BjNF5hYzYvNTYxNC4vNTUvYSMyYDFwMmQ0YmxgLS1kLS9zcw%3D%3D&btag=80000e00028000&cquery=101r_100B_100H_100K_100o&dy_q=1760969609&feature_id=c6de0308cacfd993ef282c8e1c646267&l=20251020221329FF810B6B17C3D024C6A3', 'https://www.douyin.com/aweme/v1/play/?video_id=v0200fg10000cqopet7og65os34ccd50&line=0&file_id=2d8a8b2b14724a9c8e269bf2dba47cf9&sign=13350b211c2a6682f7889cf8696b2428&is_play_url=1&source=PackSourceEnum_PUBLISH'], 'width': 720, 'height': 1280, 'url_key': 'v0200fg10000cqopet7og65os34ccd50_bytevc1_720p_243379', 'data_size': 3189307, 'file_hash': '13350b211c2a6682f7889cf8696b2428', 'file_cs': 'c:0-87729-56a5'}, 'is_h265': 1, 'is_bytevc1': 1, 'HDR_type': '', 'HDR_bit': '', 'FPS': 30, 'video_extra': '{"PktOffsetMap":"[{\\"time\\": 1, \\"offset\\": 182534}, {\\"time\\": 2, \\"offset\\": 203955}, {\\"time\\": 3, \\"offset\\": 232959}, {\\"time\\": 4, \\"offset\\": 262247}, {\\"time\\": 5, \\"offset\\": 303677}, {\\"time\\": 10, \\"offset\\": 529146}]","format":"mp4","definition":"720p","quality":"adapt_lowest","file_id":"2d8a8b2b14724a9c8e269bf2dba47cf9","applog_map":{"feature_id":"c6de0308cacfd993ef282c8e1c646267"},"mvmaf":"{\\"mvmaf_sr_v1080\\":96.835,\\"mvmaf_sr_v960\\":98.409,\\"mvmaf_sr_v864\\":98.828,\\"mvmaf_sr_v720\\":99.59,\\"mvmaf_ori_v1080\\":87.717,\\"mvmaf_ori_v960\\":90.242,\\"mvmaf_ori_v864\\":91.832,\\"mvmaf_ori_v720\\":94.986}","audio_channels":"2.0","audio_sample_rate":"44100","audio_metrics":null,"audio_score":null}', 'format': 'mp4'}, {'gear_name': 'adapt_540_1', 'quality_type': 28, 'bit_rate': 225588, 'play_addr': {'uri': 'v0200fg10000cqopet7og65os34ccd50', 'url_list': ['https://v5-dy-o-abtest.zjcdn.com/bd7c728cfa1c8f02d0970b43bce8212a/68f66e21/video/tos/cn/tos-cn-ve-0015c800/oUZu7AMeZCgUGEIm1sFfABgIai0odUQw9FDxA0/?a=6383&ch=10010&cr=3&dr=0&lr=all&cd=0%7C0%7C0%7C3&cv=1&br=220&bt=220&cs=2&ds=6&ft=c2YTctGHQPRUZxfusdr~kwPqYldQIKDEE-TerrNqq_45a&mime_type=video_mp4&qs=11&rc=Nzs3ODdmaDM6aTxoNmRpNUBpM2dmNnI5cndzdDMzNGkzM0AuYTI1YjAxXzMxLWM0Ni0yYSMyYDFwMmQ0YmxgLS1kLS9zcw%3D%3D&btag=80000e00028000&cquery=101r_100B_100H_100K_100o&dy_q=1760969609&feature_id=c6de0308cacfd993ef282c8e1c646267&l=20251020221329FF810B6B17C3D024C6A3', 'https://v5-dy-o-abtest.zjcdn.com/bd7c728cfa1c8f02d0970b43bce8212a/68f66e21/video/tos/cn/tos-cn-ve-0015c800/oUZu7AMeZCgUGEIm1sFfABgIai0odUQw9FDxA0/?a=6383&ch=10010&cr=3&dr=0&lr=all&cd=0%7C0%7C0%7C3&cv=1&br=220&bt=220&cs=2&ds=6&ft=c2YTctGHQPRUZxfusdr~kwPqYldQIKDEE-TerrNqq_45a&mime_type=video_mp4&qs=11&rc=Nzs3ODdmaDM6aTxoNmRpNUBpM2dmNnI5cndzdDMzNGkzM0AuYTI1YjAxXzMxLWM0Ni0yYSMyYDFwMmQ0YmxgLS1kLS9zcw%3D%3D&btag=80000e00028000&cquery=101r_100B_100H_100K_100o&dy_q=1760969609&feature_id=c6de0308cacfd993ef282c8e1c646267&l=20251020221329FF810B6B17C3D024C6A3', 'https://www.douyin.com/aweme/v1/play/?video_id=v0200fg10000cqopet7og65os34ccd50&line=0&file_id=520f9a73fe094f67b04e3ce48554d814&sign=d2418a45d171f184925dc9eb2a11b6e6&is_play_url=1&source=PackSourceEnum_PUBLISH'], 'width': 576, 'height': 1024, 'url_key': 'v0200fg10000cqopet7og65os34ccd50_bytevc1_540p_225588', 'data_size': 2956164, 'file_hash': 'd2418a45d171f184925dc9eb2a11b6e6', 'file_cs': 'c:0-87729-5cf6'}, 'is_h265': 1, 'is_bytevc1': 1, 'HDR_type': '', 'HDR_bit': '', 'FPS': 30, 'video_extra': '{"PktOffsetMap":"[{\\"time\\": 1, \\"offset\\": 167386}, {\\"time\\": 2, \\"offset\\": 187645}, {\\"time\\": 3, \\"offset\\": 214013}, {\\"time\\": 4, \\"offset\\": 238589}, {\\"time\\": 5, \\"offset\\": 276543}, {\\"time\\": 10, \\"offset\\": 475688}]","format":"mp4","definition":"540p","quality":"adapt","file_id":"520f9a73fe094f67b04e3ce48554d814","applog_map":{"feature_id":"c6de0308cacfd993ef282c8e1c646267"},"mvmaf":"{\\"mvmaf_sr_v1080\\":92.551,\\"mvmaf_sr_v960\\":96.539,\\"mvmaf_sr_v864\\":97.719,\\"mvmaf_sr_v720\\":98.255,\\"mvmaf_ori_v1080\\":84.89,\\"mvmaf_ori_v960\\":88.011,\\"mvmaf_ori_v864\\":88.815,\\"mvmaf_ori_v720\\":92.225}","audio_channels":"2.0","audio_sample_rate":"44100","audio_metrics":null,"audio_score":null}', 'format': 'mp4'}], 'duration': 104834, 'play_addr_265': {'uri': 'v0200fg10000cqopet7og65os34ccd50', 'url_list': ['https://v5-dy-o-abtest.zjcdn.com/bd7c728cfa1c8f02d0970b43bce8212a/68f66e21/video/tos/cn/tos-cn-ve-0015c800/oUZu7AMeZCgUGEIm1sFfABgIai0odUQw9FDxA0/?a=6383&ch=10010&cr=3&dr=0&lr=all&cd=0%7C0%7C0%7C3&cv=1&br=220&bt=220&cs=2&ds=6&ft=c2YTctGHQPRUZxfusdr~kwPqYldQIKDEE-TerrNqq_45a&mime_type=video_mp4&qs=11&rc=Nzs3ODdmaDM6aTxoNmRpNUBpM2dmNnI5cndzdDMzNGkzM0AuYTI1YjAxXzMxLWM0Ni0yYSMyYDFwMmQ0YmxgLS1kLS9zcw%3D%3D&btag=80000e00028000&cquery=101r_100B_100H_100K_100o&dy_q=1760969609&feature_id=c6de0308cacfd993ef282c8e1c646267&l=20251020221329FF810B6B17C3D024C6A3', 'https://v5-dy-o-abtest.zjcdn.com/bd7c728cfa1c8f02d0970b43bce8212a/68f66e21/video/tos/cn/tos-cn-ve-0015c800/oUZu7AMeZCgUGEIm1sFfABgIai0odUQw9FDxA0/?a=6383&ch=10010&cr=3&dr=0&lr=all&cd=0%7C0%7C0%7C3&cv=1&br=220&bt=220&cs=2&ds=6&ft=c2YTctGHQPRUZxfusdr~kwPqYldQIKDEE-TerrNqq_45a&mime_type=video_mp4&qs=11&rc=Nzs3ODdmaDM6aTxoNmRpNUBpM2dmNnI5cndzdDMzNGkzM0AuYTI1YjAxXzMxLWM0Ni0yYSMyYDFwMmQ0YmxgLS1kLS9zcw%3D%3D&btag=80000e00028000&cquery=101r_100B_100H_100K_100o&dy_q=1760969609&feature_id=c6de0308cacfd993ef282c8e1c646267&l=20251020221329FF810B6B17C3D024C6A3', 'https://www.douyin.com/aweme/v1/play/?video_id=v0200fg10000cqopet7og65os34ccd50&line=0&file_id=520f9a73fe094f67b04e3ce48554d814&sign=d2418a45d171f184925dc9eb2a11b6e6&is_play_url=1&source=PackSourceEnum_PUBLISH'], 'width': 576, 'height': 1024, 'url_key': 'v0200fg10000cqopet7og65os34ccd50_bytevc1_540p_225588', 'data_size': 2956164, 'file_hash': 'd2418a45d171f184925dc9eb2a11b6e6', 'file_cs': 'c:0-87729-5cf6'}, 'bit_rate_audio': None, 'play_addr_h264': {'uri': 'v0200fg10000cqopet7og65os34ccd50', 'url_list': ['https://v5-dy-o-abtest.zjcdn.com/cf05e89e267e8e0164656f90cd6702c0/68f66e21/video/tos/cn/tos-cn-ve-0015c800/o8EUGP9AQAAfeI1jgmZgZUwMCBFdaLsDZvD0Ex/?a=6383&ch=10010&cr=3&dr=0&lr=all&cd=0%7C0%7C0%7C3&cv=1&br=601&bt=601&cs=0&ds=3&ft=c2YTctGHQPRUZxfusdr~kwPqYldQIKDEE-TerrNqq_45a&mime_type=video_mp4&qs=0&rc=ZjY5OmQ1aWk1OGQ1OTZoM0BpM2dmNnI5cndzdDMzNGkzM0BgXzEzM2FeNTIxXmJiYzY0YSMyYDFwMmQ0YmxgLS1kLS9zcw%3D%3D&btag=80000e00028000&cquery=101r_100B_100H_100K_100o&dy_q=1760969609&feature_id=f0150a16a324336cda5d6dd0b69ed299&l=20251020221329FF810B6B17C3D024C6A3', 'https://v5-dy-o-abtest.zjcdn.com/cf05e89e267e8e0164656f90cd6702c0/68f66e21/video/tos/cn/tos-cn-ve-0015c800/o8EUGP9AQAAfeI1jgmZgZUwMCBFdaLsDZvD0Ex/?a=6383&ch=10010&cr=3&dr=0&lr=all&cd=0%7C0%7C0%7C3&cv=1&br=601&bt=601&cs=0&ds=3&ft=c2YTctGHQPRUZxfusdr~kwPqYldQIKDEE-TerrNqq_45a&mime_type=video_mp4&qs=0&rc=ZjY5OmQ1aWk1OGQ1OTZoM0BpM2dmNnI5cndzdDMzNGkzM0BgXzEzM2FeNTIxXmJiYzY0YSMyYDFwMmQ0YmxgLS1kLS9zcw%3D%3D&btag=80000e00028000&cquery=101r_100B_100H_100K_100o&dy_q=1760969609&feature_id=f0150a16a324336cda5d6dd0b69ed299&l=20251020221329FF810B6B17C3D024C6A3', 'https://www.douyin.com/aweme/v1/play/?video_id=v0200fg10000cqopet7og65os34ccd50&line=0&file_id=709ef3e6e2aa45528fafd26a6746b3cc&sign=e58deb6f30a230bcdd91249f17e85d6e&is_play_url=1&source=PackSourceEnum_PUBLISH'], 'width': 720, 'height': 1280, 'url_key': 'v0200fg10000cqopet7og65os34ccd50_h264_720p_616279', 'data_size': 8075875, 'file_hash': 'e58deb6f30a230bcdd91249f17e85d6e', 'file_cs': 'c:0-115185-75ad'}, 'raw_cover': {'uri': 'tos-cn-i-dy/327d883c97b047e6859a75731df3c174', 'url_list': ['https://p3-pc-sign.douyinpic.com/tos-cn-i-dy/327d883c97b047e6859a75731df3c174~tplv-dy-cropcenter:323:430.jpeg?lk3s=138a59ce&x-expires=2076328800&x-signature=Rq2DXcRFGgC3PDNa%2FsAROFpHyXw%3D&from=327834062&s=PackSourceEnum_PUBLISH&se=true&sh=323_430&sc=cover&biz_tag=pcweb_cover&l=20251020221329FF810B6B17C3D024C6A3', 'https://p3-pc-sign.douyinpic.com/obj/tos-cn-i-dy/327d883c97b047e6859a75731df3c174?lk3s=138a59ce&x-expires=2076328800&x-signature=SNq2FlhVy0ZleRynhwbY1vHvT7Q%3D&from=327834062&s=PackSourceEnum_PUBLISH&se=false&sc=cover&biz_tag=pcweb_cover&l=20251020221329FF810B6B17C3D024C6A3'], 'width': 720, 'height': 720}, 'is_long_video': 1, 'animated_cover': {'uri': 'tos-cn-i-dy/327d883c97b047e6859a75731df3c174', 'url_list': ['https://p3-pc-sign.douyinpic.com/obj/tos-cn-i-dy/327d883c97b047e6859a75731df3c174?lk3s=138a59ce&x-expires=1762178400&x-signature=Dw8Q3H1tg3hI8Oix%2Fkmge8jg8Vo%3D&from=327834062_large&s=PackSourceEnum_PUBLISH&se=false&sc=dynamic_cover&biz_tag=pcweb_cover&l=20251020221329FF810B6B17C3D024C6A3', 'https://p9-pc-sign.douyinpic.com/obj/tos-cn-i-dy/327d883c97b047e6859a75731df3c174?lk3s=138a59ce&x-expires=1762178400&x-signature=c00xl0KsNyxBqelwwNK4gX8x5vI%3D&from=327834062_large&s=PackSourceEnum_PUBLISH&se=false&sc=dynamic_cover&biz_tag=pcweb_cover&l=20251020221329FF810B6B17C3D024C6A3']}, 'gaussian_cover': {'uri': 'tos-cn-p-0015/oIFdzn6msAfMAa0BExZZF9LBCpjfQhGuAwUgQD', 'url_list': ['https://p3-pc-sign.douyinpic.com/tos-cn-p-0015/oIFdzn6msAfMAa0BExZZF9LBCpjfQhGuAwUgQD~tplv-tsj2vxp0zn-gaosi:40.jpeg?lk3s=138a59ce&x-expires=1792504800&x-signature=C7D5n%2FEd5U5wL4mfP3Zp5PRiMFo%3D&from=327834062', 'https://p9-pc-sign.douyinpic.com/tos-cn-p-0015/oIFdzn6msAfMAa0BExZZF9LBCpjfQhGuAwUgQD~tplv-tsj2vxp0zn-gaosi:40.jpeg?lk3s=138a59ce&x-expires=1792504800&x-signature=sR2yJE7tOVvvyFp%2F7n65rAR9xUw%3D&from=327834062'], 'width': 720, 'height': 720}, 'meta': '{"enable_manual_ladder":"1","format":"mp4","gear_vqm":"{\\"1080p_720p\\":2,\\"720p_540p\\":0}","hrids":"500000002","is_spatial_video":"0","isad":"0","loudness":"-26.1","peak":"0.75858","qprf":"1.000","sdgs":"[\\"normal_720_0\\",\\"low_720_0\\",\\"low_540_0\\",\\"adapt_low_540_0\\",\\"adapt_lowest_1080_1\\",\\"adapt_lowest_720_1\\",\\"adapt_540_1\\"]","sr_score":"1.000","strategy_tokens":"[\\"online\\"]","title_info":"{\\"bottom_res_add\\":[2.18,19.55,59.14,63.78,62.86,51.59,19.13,2.91,4.27,0,0.45,0.45,0.04,0,1.36],\\"bullet_zone\\":11,\\"progress_bar\\":[0.45,0.46,0.48],\\"ratio_br_l\\":[0,0,0,0,0,0],\\"ratio_edge_l\\":[0.02,0.01,0.17,0.32,0.33,0.29],\\"top_res_add\\":[0,0,1.27,58.64,53.09,1.09,22],\\"version\\":\\"v1.0\\"}","volume_info":"{\\"LoudnessRangeStart\\":-34.5,\\"MaximumMomentaryLoudness\\":-12.7,\\"MaximumShortTermLoudness\\":-19.5,\\"Version\\":2,\\"Peak\\":0.75858,\\"Loudness\\":-26.1,\\"LoudnessRange\\":10.7,\\"LoudnessRangeEnd\\":-23.8,\\"Metrics\\":{\\"Loudness\\":{\\"Integrated\\":-26.051},\\"Phase\\":{\\"RMSDownmixDiff\\":-0.005},\\"RMSStats\\":{\\"LRDiff\\":-0.007,\\"LTotal\\":-30.285,\\"Peak\\":-2.371,\\"RTotal\\":-30.279},\\"Version\\":\\"1.4.2\\"}}","vqs_origin":"0"}', 'video_model': '', 'is_source_HDR': 0, 'use_static_cover': True, 'big_thumbs': [{'img_num': 105, 'uri': 'tos-cn-p-0015/oYQxQHAf9lGsABDmwFugfatZUdxA0EDgCMZ7Bs', 'img_url': 'https://p3-sign.douyinpic.com/tos-cn-p-0015/oYQxQHAf9lGsABDmwFugfatZUdxA0EDgCMZ7Bs~tplv-noop.image?cquery=100o_101r_100B_100H_100K&dy_q=1760969609&l=20251020221329FF810B6B17C3D024C6A3&x-expires=1760980513&x-signature=VpO1HknZaBff%2B8119QN2SwzYooY%3D', 'img_x_size': 136, 'img_y_size': 240, 'img_x_len': 5, 'img_y_len': 5, 'duration': 104.833336, 'interval': 1, 'fext': 'jpg', 'uris': ['tos-cn-p-0015/oYQxQHAf9lGsABDmwFugfatZUdxA0EDgCMZ7Bs', 'tos-cn-p-0015/oY0AEwgsgdx9AQG7mtQCZCFuAMAxCZflBaGUDe', 'tos-cn-p-0015/oU9BdFABGZ0fVxsw2mepAUCjzbQAQoMGDZLaEg', 'tos-cn-p-0015/os4ICjIDPiZ4BNiGXKAMUI7Glgd0Q4PiaAx0r', 'tos-cn-p-0015/okwZQKBmAgZQHe9UlEd7fBaAx07DsFxdZCMlGA'], 'img_urls': ['https://p3-sign.douyinpic.com/tos-cn-p-0015/oYQxQHAf9lGsABDmwFugfatZUdxA0EDgCMZ7Bs~tplv-noop.image?cquery=100o_101r_100B_100H_100K&dy_q=1760969609&l=20251020221329FF810B6B17C3D024C6A3&x-expires=1760980513&x-signature=VpO1HknZaBff%2B8119QN2SwzYooY%3D', 'https://p3-sign.douyinpic.com/tos-cn-p-0015/oY0AEwgsgdx9AQG7mtQCZCFuAMAxCZflBaGUDe~tplv-noop.image?cquery=101r_100B_100H_100K_100o&dy_q=1760969609&l=20251020221329FF810B6B17C3D024C6A3&x-expires=1760980513&x-signature=0eyoVjM3cSxR7U4rYB39SokCcUQ%3D', 'https://p3-sign.douyinpic.com/tos-cn-p-0015/oU9BdFABGZ0fVxsw2mepAUCjzbQAQoMGDZLaEg~tplv-noop.image?cquery=100o_101r_100B_100H_100K&dy_q=1760969609&l=20251020221329FF810B6B17C3D024C6A3&x-expires=1760980513&x-signature=IK5YyL1SO2ewr4lwBOrMImqDBkY%3D', 'https://p3-sign.douyinpic.com/tos-cn-p-0015/os4ICjIDPiZ4BNiGXKAMUI7Glgd0Q4PiaAx0r~tplv-noop.image?cquery=100H_100K_100o_101r_100B&dy_q=1760969609&l=20251020221329FF810B6B17C3D024C6A3&x-expires=1760980513&x-signature=aVFPwDE6ksZOF11ib1REQk9ld9g%3D', 'https://p3-sign.douyinpic.com/tos-cn-p-0015/okwZQKBmAgZQHe9UlEd7fBaAx07DsFxdZCMlGA~tplv-noop.image?cquery=100H_100K_100o_101r_100B&dy_q=1760969609&l=20251020221329FF810B6B17C3D024C6A3&x-expires=1760980513&x-signature=1tS%2Bbd4fcHRgEWwxi8Iw4iiG0yg%3D']}]}, 'item_aigc_follow_shot': 1, 'user_digged': 0, 'statistics': {'recommend_count': 5, 'comment_count': 4, 'digg_count': 100, 'admire_count': 0, 'play_count': 0, 'share_count': 21, 'collect_count': 60}, 'status': {'not_allow_soft_del_reason': 'ab', 'is_delete': False, 'allow_share': True, 'review_result': {'review_status': 0}, 'allow_friend_recommend_guide': True, 'part_see': 0, 'private_status': 0, 'listen_video_status': 2, 'in_reviewing': False, 'allow_self_recommend_to_friend': True, 'allow_friend_recommend': True, 'is_prohibited': False, 'enable_soft_delete': 0}, 'flash_mob_trends': 0, 'text_extra': [{'start': 10, 'end': 15, 'type': 1, 'hashtag_name': '父母课堂', 'hashtag_id': '1600624540786695', 'is_commerce': False, 'caption_start': 10, 'caption_end': 15}, {'start': 17, 'end': 22, 'type': 1, 'hashtag_name': '幼儿教育', 'hashtag_id': '1591352385275918', 'is_commerce': False, 'caption_start': 17, 'caption_end': 22}, {'start': 24, 'end': 29, 'type': 1, 'hashtag_name': '亲子关系', 'hashtag_id': '1595199377513476', 'is_commerce': False, 'caption_start': 24, 'caption_end': 29}, {'start': 31, 'end': 36, 'type': 1, 'hashtag_name': '父母成长', 'hashtag_id': '1613220835356676', 'is_commerce': False, 'caption_start': 31, 'caption_end': 36}, {'start': 38, 'end': 41, 'type': 1, 'hashtag_name': '育儿', 'hashtag_id': '1767586940916743', 'is_commerce': False, 'caption_start': 38, 'caption_end': 41}], 'is_top': 0, 'mv_info': None, 'share_info': {'share_url': 'https://www.iesdouyin.com/share/video/7399862270165028131/?region=US&mid=7399862258962336553&u_code=0&did=MS4wLjABAAAAvCMmrvAxedjvycgJ9K0iX5KdtDHpyq-etIWoeicy6xniB0XMxRYv3S-CyP_GdsPs&iid=MS4wLjABAAAANwkJuWIRFOzg5uCpDRpMj4OX-QryoDgn-yYlXQnRwQQ&with_sec_did=1&video_share_track_ver=&titleType=title&share_sign=Cd61pdTTBeFjbv_XgsC8hLEYZCFYfT.TAdoYJA6qnns-&share_version=290100&ts=1760969609&from_aid=6383&from_ssr=1&share_track_info=%7B%22link_description_type%22%3A%22%22%7D', 'share_link_desc': '7.46 T@y.gb 05/31 ebn:/ 教育的本质是什么？ # 父母课堂 # 幼儿教育 # 亲子关系 # 父母成长 # 育儿  %s 复制此链接，打开Dou音搜索，直接观看视频！'}, 'caption_template_id': 0, 'video_labels': None, 'shoot_way': '', 'is_ads': False, 'duration': 104834, 'aweme_type': 0, 'is_new_text_mode': 0, 'ai_follow_images': None, 'image_infos': None, 'risk_infos': {'vote': False, 'warn': False, 'risk_sink': False, 'type': 0, 'content': ''}, 'entertainment_video_type': 3, 'chapter_bar_color': None, 'position': None, 'uniqid_position': None, 'comment_list': None, 'author_user_id': 1965574329213736, 'product_genre_info': {'product_genre_type': 2, 'material_genre_sub_type_set': [4], 'special_info': {'recommend_group_name': 0}}, 'geofencing': [], 'is_from_ad_auth': False, 'is_moment_story': 0, 'region': '', 'video_text': None, 'video_share_edit_status': 0, 'collect_stat': 0, 'label_top_text': None, 'promotions': [], 'group_id': '7399862270165028131', 'prevent_download': False, 'nickname_position': None, 'challenge_position': None, 'trends_event_track': '{}', 'enable_comment_sticker_rec': False, 'mark_largely_following': False, 'long_video': None, 'aweme_listen_struct': {'trace_info': '{"copyright_not_speech":"false","copyright_reason":"has_listen_cp_new","copyright_tag_hit":"","copyright_use_aed_default":"false","copyright_use_tag_default":"false","cp_ab":"true","desc":"","duration_over":"false","hit_high_risk":"false","media_type":"4","reason":"hit_ab_0","show":"false"}'}, 'component_control': {'data_source_url': '/aweme/v1/web/aweme/post/'}, 'friend_recommend_info': {'friend_recommend_source': 10, 'label_user_list': None, 'disable_friend_recommend_guide_label': False}, 'nearby_hot_comment': None, 'interaction_stickers': None, 'can_cache_to_local': True, 'origin_comment_ids': None, 'commerce_config_data': None, 'douplus_user_type': 0, 'video_control': {'allow_download': False, 'share_type': 0, 'show_progress_bar': 1, 'draft_progress_bar': 1, 'allow_duet': True, 'allow_react': False, 'prevent_download_type': 2, 'allow_dynamic_wallpaper': False, 'timer_status': 1, 'allow_music': True, 'allow_stitch': False, 'allow_douplus': True, 'allow_share': True, 'share_grayed': False, 'download_ignore_visibility': False, 'duet_ignore_visibility': False, 'share_ignore_visibility': False, 'download_info': {'level': 1, 'fail_info': {'code': 290002, 'reason': 'isolation_content', 'msg': '视频暂时无法保存，链接已复制'}}, 'duet_info': {'level': 0}, 'allow_record': True, 'disable_record_reason': '', 'timer_info': {}}, 'aweme_control': {'can_forward': True, 'can_share': True, 'can_comment': True, 'can_show_comment': True}, 'interest_points': None, 'is_25_story': 0, 'aweme_type_tags': '', 'entertainment_video_paid_way': {'paid_ways': [], 'paid_type': 0, 'enable_use_new_ent_data': False}, 'anchors': None, 'hybrid_label': None, 'geofencing_regions': None, 'select_anchor_expanded_content': 0, 'aweme_acl': {'download_mask_panel': {'code': 1, 'show_type': 0}}, 'ent_log_extra': {'log_extra': '{"global_log_extra":null,"page_log_extra":null,"aweme_log_extra":{"ce_current_group_id":"7399862270165028131","author_id":"1965574329213736"},"extra_log_extra":null}'}, 'is_story': 0, 'publish_plus_alienation': {'alienation_type': 0}, 'trends_infos': None, 'follow_shot_assets': None, 'cover_labels': None, 'series_basic_info': {}, 'origin_duet_resource_uri': '', 'guide_btn_type': 0, 'cf_assets_type': 0, 'personal_page_botton_diagnose_style': 0, 'images': None, 'relation_labels': None, 'is_moment_history': 0, 'impression_data': {'group_id_list_a': [], 'group_id_list_b': [], 'similar_id_list_a': None, 'similar_id_list_b': None, 'group_id_list_c': [], 'group_id_list_d': []}, 'game_tag_info': {'is_game': False}, 'is_24_story': 0, 'libfinsert_task_id': '', 'social_tag_list': None, 'show_follow_button': {}, 'duet_aggregate_in_music_tab': False, 'is_duet_sing': False, 'comment_permission_info': {'comment_permission_status': 0, 'can_comment': True, 'item_detail_entry': False, 'press_entry': False, 'toast_guide': False}, 'original_images': None, 'series_paid_info': {'series_paid_status': 0, 'item_price': 0}, 'img_bitrate': None, 'comment_gid': 7399862270165028131, 'image_album_music_info': {'begin_time': -1, 'end_time': -1, 'volume': -1}, 'video_tag': [{'tag_id': 2024, 'tag_name': '亲子', 'level': 1}, {'tag_id': 2024006, 'tag_name': '母婴', 'level': 2}, {'tag_id': 2024006003, 'tag_name': '育儿知识', 'level': 3}], 'is_collects_selected': 0, 'chapter_list': None, 'feed_comment_config': {'input_config_text': '善语结善缘，恶言伤人心', 'author_audit_status': 0, 'common_flags': '{"hashtag":"[{\\"name\\":\\"父母课堂\\",\\"id\\":1600624540786695},{\\"name\\":\\"幼儿教育\\",\\"id\\":1591352385275918},{\\"name\\":\\"亲子关系\\",\\"id\\":1595199377513476},{\\"name\\":\\"父母成长\\",\\"id\\":1613220835356676},{\\"name\\":\\"育儿\\",\\"id\\":1767586940916743}]","item_author_nickname":"孙瑞雪聊教育","video_labels_v2_tag1":"母婴","video_labels_v2_tag2":"育儿理念"}'}, 'is_image_beat': False, 'dislike_dimension_list': None, 'standard_bar_info_list': None, 'photo_search_entrance': {'ecom_type': 0}, 'is_life_item': False, 'image_list': None, 'component_info_v2': '{"desc_lines_limit":0,"hide_marquee":false}', 'item_warn_notification': {'type': 0, 'show': False, 'content': ''}, 'origin_text_extra': None, 'disable_relation_bar': 0, 'packed_clips': None, 'author_mask_tag': 0, 'user_recommend_status': 1, 'collection_corner_mark': 0, 'is_share_post': False, 'image_comment': {}, 'visual_search_info': {'is_show_img_entrance': False, 'is_ecom_img': False, 'is_high_accuracy_ecom': False, 'is_high_recall_ecom': False}, 'tts_id_list': None, 'ref_tts_id_list': None, 'voice_modify_id_list': None, 'ref_voice_modify_id_list': None, 'authentication_token': 'MS4wLjAAAAAALo6E_ZHDAHnQxCghGfhyfuz7T70fWi4skU7MXlZYegxiFBDYj7eQVmaybdqbJ-scRu8koNHeYzoCEY_mj3DooM5KJvBrAaLsxp2_m62q2BarAyWkpTZP526hPZSfM6O-e0TQ1uT9t65S1bmuzo0CjCtO6I0n39N2i1hI5hVp4O2XAneVdfikl6yKxR1SoB1YwDYsVuJCRwkPm2wmxB3p_XTax0H42FJOPL66bxxuYP-6g7oaXgEApgCRY2xOHmTQ', 'video_game_data_channel_config': {}, 'dislike_dimension_list_v2': None, 'distribute_circle': {'distribute_type': 0, 'campus_block_interaction': False, 'is_campus': False}, 'image_crop_ctrl': 0, 'yumme_recreason': None, 'slides_music_beats': None, 'jump_tab_info_list': None, 'media_type': 4, 'reply_smart_emojis': None, 'activity_video_type': -1, 'boost_status': 0, 'create_scale_type': None, 'entertainment_product_info': {'sub_title': None, 'market_info': {'limit_free': {'in_free': False}, 'marketing_tag': None}}, 'caption': '教育的本质是什么？ #父母课堂  #幼儿教育  #亲子关系  #父母成长  #育儿', 'item_title': '', 'is_use_music': False, 'original': 0, 'xigua_base_info': {'status': 0, 'star_altar_order_id': 0, 'star_altar_type': 0, 'item_id': 0}}], 'not_login_module': {'guide_login_tip_exist': True, 'guide_login_tip_style': 1, 'guide_login_tip_cover_url': {'uri': 'tos-cn-i-dy/68f4956f4c50418684cb331943e65ace', 'url_list': ['https://p3-pc-sign.douyinpic.com/tos-cn-i-dy/68f4956f4c50418684cb331943e65ace~noop.jpeg?lk3s=f9d874e6&x-expires=1760990400&x-signature=GM79jrG2H08o0y766eWCOAQi89g%3D&from=4191712486', 'https://p9-pc-sign.douyinpic.com/tos-cn-i-dy/68f4956f4c50418684cb331943e65ace~noop.jpeg?lk3s=f9d874e6&x-expires=1760990400&x-signature=N8qtiVHDimBWZhGHtwmMh3CX5PI%3D&from=4191712486']}, 'extra': '{"guide_login_tip_create_time":1760966100,"guide_login_tip_desc":"听见孩子的情绪，才算真正听见孩子 情绪是人的语言，长大了情绪也是生命的语言，情绪背后有需求，满足了需求，情绪就没了。\\n\\n#幼儿教育#父母课堂#育儿#亲子关系#家庭教育#孙瑞雪","guide_login_tip_text_biserial":"看更多最新作品","guide_login_tip_text_triserial":"看更多\\n最新作品"}'}, 'log_pb': {'impr_id': '20251020221329FF810B6B17C3D024C6A3'}, 'request_item_cursor': 0, 'post_serial': 2, 'replace_series_cover': 1, 'time_list': ['2025·10', '2025·09', '2024·10', '2024·09', '2024·08', '2024·07', '2024·06', '2023·04', '2023·03', '2023·02']}}
[DEBUG] 返回视频数量: 41
[DEBUG] has_more: 1
[DEBUG] max_cursor: 1723712400000
[DEBUG] 完整响应数据键: ['status_code', 'min_cursor', 'max_cursor', 'has_more', 'aweme_list', 'not_login_module', 'log_pb', 'request_item_cursor', 'post_serial', 'replace_series_cover', 'time_list']
API返回 41 个视频
成功解析 41 个视频信息

=== 测试结果 ===
总共获取到 41 个视频

视频 1:
ID: 7560658985326562560
标题: 当孩子学会喜欢一个人，也在学习爱自己 原来孩子们早就懂了：爱情不是单方面付出，双向奔赴的爱才有意义。 
#幼儿教育#父母课堂#育儿#亲子关系#家庭教育#孙瑞雪
作者: 孙瑞雪聊教育
发布时间: 2025-10-13 21:00:00
点赞数: 37
评论数: 1

视频 2:
ID: 7559895170733460788
标题: 别忽视父亲的爱 真正的完整养育，是父爱如山的力量+母爱如水的温柔。 
#幼儿教育#父母课堂#育儿#亲子关系#家庭教育#孙瑞雪
作者: 孙瑞雪聊教育
发布时间: 2025-10-12 18:30:00
点赞数: 13745
评论数: 918

视频 3:
ID: 7559893446475910440
标题: 被爱的孩子眼里有光！ 如果你对你的宝宝表达爱宠，你会发现他的神态十分有光，十分安宁。  
#幼儿教育#父母课堂#育儿#亲子关系#家庭教育#孙瑞雪
作者: 孙瑞雪聊教育
发布时间: 2025-10-11 19:30:00
点赞数: 63
评论数: 2

视频 4:
ID: 7559550610278780194
标题: 小学孩子的家长必看 小学期间是孩子情感连接的关键期，先学会爱与被爱，未来才能更好地思考与表达。  
#幼儿教育#父母课堂#育儿#亲子关系#家庭教育#孙瑞雪
作者: 孙瑞雪聊教育
发布时间: 2025-10-10 21:20:00
点赞数: 26
评论数: 0

视频 5:
ID: 7559096199865814272
标题: 0到6岁需培养孩子爱的能力 人一生只有0-6岁不可重复。0-3岁发展本能中心（情绪主导），3岁后语言逐渐替代情绪，但潜意识早已被情绪感受塑造。 
#幼儿教育#父母课堂#育儿#亲子关系#家庭教育#孙瑞雪
作者: 孙瑞雪聊教育
发布时间: 2025-10-09 18:30:00
点赞数: 34
评论数: 1

... 还有 36 个视频未显示
